
=== GLOBAL EXCEPTION HANDLER AT POST /api/v1/auth/login ===
Traceback (most recent call last):
  File "D:\nhatro\backend\venv\Lib\site-packages\sqlalchemy\dialects\postgresql\asyncpg.py", line 514, in _prepare_and_execute
    prepared_stmt, attributes = await adapt_connection._prepare(
                                ^^^^^^^^^^^^^^^^^^^^^^^^^^^^^^^^
  File "D:\nhatro\backend\venv\Lib\site-packages\sqlalchemy\dialects\postgresql\asyncpg.py", line 747, in _prepare
    prepared_stmt = await self._connection.prepare(
                    ^^^^^^^^^^^^^^^^^^^^^^^^^^^^^^^
  File "D:\nhatro\backend\venv\Lib\site-packages\asyncpg\connection.py", line 636, in prepare
    return await self._prepare(
           ^^^^^^^^^^^^^^^^^^^^
  File "D:\nhatro\backend\venv\Lib\site-packages\asyncpg\connection.py", line 654, in _prepare
    stmt = await self._get_statement(
           ^^^^^^^^^^^^^^^^^^^^^^^^^^
  File "D:\nhatro\backend\venv\Lib\site-packages\asyncpg\connection.py", line 433, in _get_statement
    statement = await self._protocol.prepare(
                ^^^^^^^^^^^^^^^^^^^^^^^^^^^^^
  File "asyncpg\protocol\protocol.pyx", line 166, in prepare
asyncpg.exceptions.DuplicatePreparedStatementError: prepared statement "__asyncpg_stmt_36__" already exists
HINT:  
NOTE: pgbouncer with pool_mode set to "transaction" or
"statement" does not support prepared statements properly.
You have two options:

* if you are using pgbouncer for connection pooling to a
  single server, switch to the connection pool functionality
  provided by asyncpg, it is a much better option for this
  purpose;

* if you have no option of avoiding the use of pgbouncer,
  then you can set statement_cache_size to 0 when creating
  the asyncpg connection object.


The above exception was the direct cause of the following exception:

Traceback (most recent call last):
  File "D:\nhatro\backend\venv\Lib\site-packages\sqlalchemy\engine\base.py", line 1967, in _exec_single_context
    self.dialect.do_execute(
  File "D:\nhatro\backend\venv\Lib\site-packages\sqlalchemy\engine\default.py", line 924, in do_execute
    cursor.execute(statement, parameters)
  File "D:\nhatro\backend\venv\Lib\site-packages\sqlalchemy\dialects\postgresql\asyncpg.py", line 572, in execute
    self._adapt_connection.await_(
  File "D:\nhatro\backend\venv\Lib\site-packages\sqlalchemy\util\_concurrency_py3k.py", line 131, in await_only
    return current.driver.switch(awaitable)  # type: ignore[no-any-return]
           ^^^^^^^^^^^^^^^^^^^^^^^^^^^^^^^^
  File "D:\nhatro\backend\venv\Lib\site-packages\sqlalchemy\util\_concurrency_py3k.py", line 196, in greenlet_spawn
    value = await result
            ^^^^^^^^^^^^
  File "D:\nhatro\backend\venv\Lib\site-packages\sqlalchemy\dialects\postgresql\asyncpg.py", line 550, in _prepare_and_execute
    self._handle_exception(error)
  File "D:\nhatro\backend\venv\Lib\site-packages\sqlalchemy\dialects\postgresql\asyncpg.py", line 501, in _handle_exception
    self._adapt_connection._handle_exception(error)
  File "D:\nhatro\backend\venv\Lib\site-packages\sqlalchemy\dialects\postgresql\asyncpg.py", line 789, in _handle_exception
    raise translated_error from error
sqlalchemy.dialects.postgresql.asyncpg.AsyncAdapt_asyncpg_dbapi.ProgrammingError: <class 'asyncpg.exceptions.DuplicatePreparedStatementError'>: prepared statement "__asyncpg_stmt_36__" already exists
HINT:  
NOTE: pgbouncer with pool_mode set to "transaction" or
"statement" does not support prepared statements properly.
You have two options:

* if you are using pgbouncer for connection pooling to a
  single server, switch to the connection pool functionality
  provided by asyncpg, it is a much better option for this
  purpose;

* if you have no option of avoiding the use of pgbouncer,
  then you can set statement_cache_size to 0 when creating
  the asyncpg connection object.


The above exception was the direct cause of the following exception:

Traceback (most recent call last):
  File "D:\nhatro\backend\venv\Lib\site-packages\starlette\middleware\errors.py", line 164, in __call__
    await self.app(scope, receive, _send)
  File "D:\nhatro\backend\venv\Lib\site-packages\starlette\middleware\base.py", line 189, in __call__
    with collapse_excgroups():
         ^^^^^^^^^^^^^^^^^^^^
  File "C:\Users\ngocson\.cache\codex-runtimes\codex-primary-runtime\dependencies\python\Lib\contextlib.py", line 158, in __exit__
    self.gen.throw(value)
  File "D:\nhatro\backend\venv\Lib\site-packages\starlette\_utils.py", line 93, in collapse_excgroups
    raise exc
  File "D:\nhatro\backend\venv\Lib\site-packages\starlette\middleware\base.py", line 191, in __call__
    response = await self.dispatch_func(request, call_next)
               ^^^^^^^^^^^^^^^^^^^^^^^^^^^^^^^^^^^^^^^^^^^^
  File "D:\nhatro\backend\app\main.py", line 122, in rate_limit_middleware
    return await call_next(request)
           ^^^^^^^^^^^^^^^^^^^^^^^^
  File "D:\nhatro\backend\venv\Lib\site-packages\starlette\middleware\base.py", line 165, in call_next
    raise app_exc
  File "D:\nhatro\backend\venv\Lib\site-packages\starlette\middleware\base.py", line 151, in coro
    await self.app(scope, receive_or_disconnect, send_no_error)
  File "D:\nhatro\backend\venv\Lib\site-packages\starlette\middleware\base.py", line 189, in __call__
    with collapse_excgroups():
         ^^^^^^^^^^^^^^^^^^^^
  File "C:\Users\ngocson\.cache\codex-runtimes\codex-primary-runtime\dependencies\python\Lib\contextlib.py", line 158, in __exit__
    self.gen.throw(value)
  File "D:\nhatro\backend\venv\Lib\site-packages\starlette\_utils.py", line 93, in collapse_excgroups
    raise exc
  File "D:\nhatro\backend\venv\Lib\site-packages\starlette\middleware\base.py", line 191, in __call__
    response = await self.dispatch_func(request, call_next)
               ^^^^^^^^^^^^^^^^^^^^^^^^^^^^^^^^^^^^^^^^^^^^
  File "D:\nhatro\backend\app\main.py", line 88, in add_process_time
    response = await call_next(request)
               ^^^^^^^^^^^^^^^^^^^^^^^^
  File "D:\nhatro\backend\venv\Lib\site-packages\starlette\middleware\base.py", line 165, in call_next
    raise app_exc
  File "D:\nhatro\backend\venv\Lib\site-packages\starlette\middleware\base.py", line 151, in coro
    await self.app(scope, receive_or_disconnect, send_no_error)
  File "D:\nhatro\backend\venv\Lib\site-packages\starlette\middleware\cors.py", line 93, in __call__
    await self.simple_response(scope, receive, send, request_headers=headers)
  File "D:\nhatro\backend\venv\Lib\site-packages\starlette\middleware\cors.py", line 148, in simple_response
    await self.app(scope, receive, send)
  File "D:\nhatro\backend\venv\Lib\site-packages\starlette\middleware\exceptions.py", line 65, in __call__
    await wrap_app_handling_exceptions(self.app, conn)(scope, receive, send)
  File "D:\nhatro\backend\venv\Lib\site-packages\starlette\_exception_handler.py", line 64, in wrapped_app
    raise exc
  File "D:\nhatro\backend\venv\Lib\site-packages\starlette\_exception_handler.py", line 53, in wrapped_app
    await app(scope, receive, sender)
  File "D:\nhatro\backend\venv\Lib\site-packages\starlette\routing.py", line 756, in __call__
    await self.middleware_stack(scope, receive, send)
  File "D:\nhatro\backend\venv\Lib\site-packages\starlette\routing.py", line 776, in app
    await route.handle(scope, receive, send)
  File "D:\nhatro\backend\venv\Lib\site-packages\starlette\routing.py", line 297, in handle
    await self.app(scope, receive, send)
  File "D:\nhatro\backend\venv\Lib\site-packages\starlette\routing.py", line 77, in app
    await wrap_app_handling_exceptions(app, request)(scope, receive, send)
  File "D:\nhatro\backend\venv\Lib\site-packages\starlette\_exception_handler.py", line 64, in wrapped_app
    raise exc
  File "D:\nhatro\backend\venv\Lib\site-packages\starlette\_exception_handler.py", line 53, in wrapped_app
    await app(scope, receive, sender)
  File "D:\nhatro\backend\venv\Lib\site-packages\starlette\routing.py", line 72, in app
    response = await func(request)
               ^^^^^^^^^^^^^^^^^^^
  File "D:\nhatro\backend\venv\Lib\site-packages\fastapi\routing.py", line 278, in app
    raw_response = await run_endpoint_function(
                   ^^^^^^^^^^^^^^^^^^^^^^^^^^^^
  File "D:\nhatro\backend\venv\Lib\site-packages\fastapi\routing.py", line 191, in run_endpoint_function
    return await dependant.call(**values)
           ^^^^^^^^^^^^^^^^^^^^^^^^^^^^^^
  File "D:\nhatro\backend\app\api\v1\endpoints\auth.py", line 75, in login
    return await service.create_session(
           ^^^^^^^^^^^^^^^^^^^^^^^^^^^^^
  File "D:\nhatro\backend\app\services\session_service.py", line 95, in create_session
    await self.repo.revoke_oldest_session(user_id)
  File "D:\nhatro\backend\app\repositories\user_session.py", line 113, in revoke_oldest_session
    await self.db.flush()
  File "D:\nhatro\backend\venv\Lib\site-packages\sqlalchemy\ext\asyncio\session.py", line 800, in flush
    await greenlet_spawn(self.sync_session.flush, objects=objects)
  File "D:\nhatro\backend\venv\Lib\site-packages\sqlalchemy\util\_concurrency_py3k.py", line 203, in greenlet_spawn
    result = context.switch(value)
             ^^^^^^^^^^^^^^^^^^^^^
  File "D:\nhatro\backend\venv\Lib\site-packages\sqlalchemy\orm\session.py", line 4341, in flush
    self._flush(objects)
  File "D:\nhatro\backend\venv\Lib\site-packages\sqlalchemy\orm\session.py", line 4476, in _flush
    with util.safe_reraise():
         ^^^^^^^^^^^^^^^^^^^
  File "D:\nhatro\backend\venv\Lib\site-packages\sqlalchemy\util\langhelpers.py", line 146, in __exit__
    raise exc_value.with_traceback(exc_tb)
  File "D:\nhatro\backend\venv\Lib\site-packages\sqlalchemy\orm\session.py", line 4437, in _flush
    flush_context.execute()
  File "D:\nhatro\backend\venv\Lib\site-packages\sqlalchemy\orm\unitofwork.py", line 466, in execute
    rec.execute(self)
  File "D:\nhatro\backend\venv\Lib\site-packages\sqlalchemy\orm\unitofwork.py", line 642, in execute
    util.preloaded.orm_persistence.save_obj(
  File "D:\nhatro\backend\venv\Lib\site-packages\sqlalchemy\orm\persistence.py", line 85, in save_obj
    _emit_update_statements(
  File "D:\nhatro\backend\venv\Lib\site-packages\sqlalchemy\orm\persistence.py", line 912, in _emit_update_statements
    c = connection.execute(
        ^^^^^^^^^^^^^^^^^^^
  File "D:\nhatro\backend\venv\Lib\site-packages\sqlalchemy\engine\base.py", line 1418, in execute
    return meth(
           ^^^^^
  File "D:\nhatro\backend\venv\Lib\site-packages\sqlalchemy\sql\elements.py", line 515, in _execute_on_connection
    return connection._execute_clauseelement(
           ^^^^^^^^^^^^^^^^^^^^^^^^^^^^^^^^^^
  File "D:\nhatro\backend\venv\Lib\site-packages\sqlalchemy\engine\base.py", line 1640, in _execute_clauseelement
    ret = self._execute_context(
          ^^^^^^^^^^^^^^^^^^^^^^
  File "D:\nhatro\backend\venv\Lib\site-packages\sqlalchemy\engine\base.py", line 1846, in _execute_context
    return self._exec_single_context(
           ^^^^^^^^^^^^^^^^^^^^^^^^^^
  File "D:\nhatro\backend\venv\Lib\site-packages\sqlalchemy\engine\base.py", line 1986, in _exec_single_context
    self._handle_dbapi_exception(
  File "D:\nhatro\backend\venv\Lib\site-packages\sqlalchemy\engine\base.py", line 2353, in _handle_dbapi_exception
    raise sqlalchemy_exception.with_traceback(exc_info[2]) from e
  File "D:\nhatro\backend\venv\Lib\site-packages\sqlalchemy\engine\base.py", line 1967, in _exec_single_context
    self.dialect.do_execute(
  File "D:\nhatro\backend\venv\Lib\site-packages\sqlalchemy\engine\default.py", line 924, in do_execute
    cursor.execute(statement, parameters)
  File "D:\nhatro\backend\venv\Lib\site-packages\sqlalchemy\dialects\postgresql\asyncpg.py", line 572, in execute
    self._adapt_connection.await_(
  File "D:\nhatro\backend\venv\Lib\site-packages\sqlalchemy\util\_concurrency_py3k.py", line 131, in await_only
    return current.driver.switch(awaitable)  # type: ignore[no-any-return]
           ^^^^^^^^^^^^^^^^^^^^^^^^^^^^^^^^
  File "D:\nhatro\backend\venv\Lib\site-packages\sqlalchemy\util\_concurrency_py3k.py", line 196, in greenlet_spawn
    value = await result
            ^^^^^^^^^^^^
  File "D:\nhatro\backend\venv\Lib\site-packages\sqlalchemy\dialects\postgresql\asyncpg.py", line 550, in _prepare_and_execute
    self._handle_exception(error)
  File "D:\nhatro\backend\venv\Lib\site-packages\sqlalchemy\dialects\postgresql\asyncpg.py", line 501, in _handle_exception
    self._adapt_connection._handle_exception(error)
  File "D:\nhatro\backend\venv\Lib\site-packages\sqlalchemy\dialects\postgresql\asyncpg.py", line 789, in _handle_exception
    raise translated_error from error
sqlalchemy.exc.ProgrammingError: (sqlalchemy.dialects.postgresql.asyncpg.ProgrammingError) <class 'asyncpg.exceptions.DuplicatePreparedStatementError'>: prepared statement "__asyncpg_stmt_36__" already exists
HINT:  
NOTE: pgbouncer with pool_mode set to "transaction" or
"statement" does not support prepared statements properly.
You have two options:

* if you are using pgbouncer for connection pooling to a
  single server, switch to the connection pool functionality
  provided by asyncpg, it is a much better option for this
  purpose;

* if you have no option of avoiding the use of pgbouncer,
  then you can set statement_cache_size to 0 when creating
  the asyncpg connection object.

[SQL: UPDATE user_sessions SET last_seen=now(), is_active=$1::BOOLEAN WHERE user_sessions.id = $2::UUID]
[parameters: (False, '3f5450e8-92e5-46ae-9b2b-d1f9c298ba2c')]
(Background on this error at: https://sqlalche.me/e/20/f405)
==============================================

=== GLOBAL EXCEPTION HANDLER AT POST /api/v1/auth/login ===
Traceback (most recent call last):
  File "D:\nhatro\backend\venv\Lib\site-packages\sqlalchemy\dialects\postgresql\asyncpg.py", line 514, in _prepare_and_execute
    prepared_stmt, attributes = await adapt_connection._prepare(
                                ^^^^^^^^^^^^^^^^^^^^^^^^^^^^^^^^
  File "D:\nhatro\backend\venv\Lib\site-packages\sqlalchemy\dialects\postgresql\asyncpg.py", line 747, in _prepare
    prepared_stmt = await self._connection.prepare(
                    ^^^^^^^^^^^^^^^^^^^^^^^^^^^^^^^
  File "D:\nhatro\backend\venv\Lib\site-packages\asyncpg\connection.py", line 636, in prepare
    return await self._prepare(
           ^^^^^^^^^^^^^^^^^^^^
  File "D:\nhatro\backend\venv\Lib\site-packages\asyncpg\connection.py", line 654, in _prepare
    stmt = await self._get_statement(
           ^^^^^^^^^^^^^^^^^^^^^^^^^^
  File "D:\nhatro\backend\venv\Lib\site-packages\asyncpg\connection.py", line 433, in _get_statement
    statement = await self._protocol.prepare(
                ^^^^^^^^^^^^^^^^^^^^^^^^^^^^^
  File "asyncpg\protocol\protocol.pyx", line 166, in prepare
asyncpg.exceptions.DuplicatePreparedStatementError: prepared statement "__asyncpg_stmt_37__" already exists
HINT:  
NOTE: pgbouncer with pool_mode set to "transaction" or
"statement" does not support prepared statements properly.
You have two options:

* if you are using pgbouncer for connection pooling to a
  single server, switch to the connection pool functionality
  provided by asyncpg, it is a much better option for this
  purpose;

* if you have no option of avoiding the use of pgbouncer,
  then you can set statement_cache_size to 0 when creating
  the asyncpg connection object.


The above exception was the direct cause of the following exception:

Traceback (most recent call last):
  File "D:\nhatro\backend\venv\Lib\site-packages\sqlalchemy\engine\base.py", line 1967, in _exec_single_context
    self.dialect.do_execute(
  File "D:\nhatro\backend\venv\Lib\site-packages\sqlalchemy\engine\default.py", line 924, in do_execute
    cursor.execute(statement, parameters)
  File "D:\nhatro\backend\venv\Lib\site-packages\sqlalchemy\dialects\postgresql\asyncpg.py", line 572, in execute
    self._adapt_connection.await_(
  File "D:\nhatro\backend\venv\Lib\site-packages\sqlalchemy\util\_concurrency_py3k.py", line 131, in await_only
    return current.driver.switch(awaitable)  # type: ignore[no-any-return]
           ^^^^^^^^^^^^^^^^^^^^^^^^^^^^^^^^
  File "D:\nhatro\backend\venv\Lib\site-packages\sqlalchemy\util\_concurrency_py3k.py", line 196, in greenlet_spawn
    value = await result
            ^^^^^^^^^^^^
  File "D:\nhatro\backend\venv\Lib\site-packages\sqlalchemy\dialects\postgresql\asyncpg.py", line 550, in _prepare_and_execute
    self._handle_exception(error)
  File "D:\nhatro\backend\venv\Lib\site-packages\sqlalchemy\dialects\postgresql\asyncpg.py", line 501, in _handle_exception
    self._adapt_connection._handle_exception(error)
  File "D:\nhatro\backend\venv\Lib\site-packages\sqlalchemy\dialects\postgresql\asyncpg.py", line 789, in _handle_exception
    raise translated_error from error
sqlalchemy.dialects.postgresql.asyncpg.AsyncAdapt_asyncpg_dbapi.ProgrammingError: <class 'asyncpg.exceptions.DuplicatePreparedStatementError'>: prepared statement "__asyncpg_stmt_37__" already exists
HINT:  
NOTE: pgbouncer with pool_mode set to "transaction" or
"statement" does not support prepared statements properly.
You have two options:

* if you are using pgbouncer for connection pooling to a
  single server, switch to the connection pool functionality
  provided by asyncpg, it is a much better option for this
  purpose;

* if you have no option of avoiding the use of pgbouncer,
  then you can set statement_cache_size to 0 when creating
  the asyncpg connection object.


The above exception was the direct cause of the following exception:

Traceback (most recent call last):
  File "D:\nhatro\backend\venv\Lib\site-packages\starlette\middleware\errors.py", line 164, in __call__
    await self.app(scope, receive, _send)
  File "D:\nhatro\backend\venv\Lib\site-packages\starlette\middleware\base.py", line 189, in __call__
    with collapse_excgroups():
         ^^^^^^^^^^^^^^^^^^^^
  File "C:\Users\ngocson\.cache\codex-runtimes\codex-primary-runtime\dependencies\python\Lib\contextlib.py", line 158, in __exit__
    self.gen.throw(value)
  File "D:\nhatro\backend\venv\Lib\site-packages\starlette\_utils.py", line 93, in collapse_excgroups
    raise exc
  File "D:\nhatro\backend\venv\Lib\site-packages\starlette\middleware\base.py", line 191, in __call__
    response = await self.dispatch_func(request, call_next)
               ^^^^^^^^^^^^^^^^^^^^^^^^^^^^^^^^^^^^^^^^^^^^
  File "D:\nhatro\backend\app\main.py", line 122, in rate_limit_middleware
    return await call_next(request)
           ^^^^^^^^^^^^^^^^^^^^^^^^
  File "D:\nhatro\backend\venv\Lib\site-packages\starlette\middleware\base.py", line 165, in call_next
    raise app_exc
  File "D:\nhatro\backend\venv\Lib\site-packages\starlette\middleware\base.py", line 151, in coro
    await self.app(scope, receive_or_disconnect, send_no_error)
  File "D:\nhatro\backend\venv\Lib\site-packages\starlette\middleware\base.py", line 189, in __call__
    with collapse_excgroups():
         ^^^^^^^^^^^^^^^^^^^^
  File "C:\Users\ngocson\.cache\codex-runtimes\codex-primary-runtime\dependencies\python\Lib\contextlib.py", line 158, in __exit__
    self.gen.throw(value)
  File "D:\nhatro\backend\venv\Lib\site-packages\starlette\_utils.py", line 93, in collapse_excgroups
    raise exc
  File "D:\nhatro\backend\venv\Lib\site-packages\starlette\middleware\base.py", line 191, in __call__
    response = await self.dispatch_func(request, call_next)
               ^^^^^^^^^^^^^^^^^^^^^^^^^^^^^^^^^^^^^^^^^^^^
  File "D:\nhatro\backend\app\main.py", line 88, in add_process_time
    response = await call_next(request)
               ^^^^^^^^^^^^^^^^^^^^^^^^
  File "D:\nhatro\backend\venv\Lib\site-packages\starlette\middleware\base.py", line 165, in call_next
    raise app_exc
  File "D:\nhatro\backend\venv\Lib\site-packages\starlette\middleware\base.py", line 151, in coro
    await self.app(scope, receive_or_disconnect, send_no_error)
  File "D:\nhatro\backend\venv\Lib\site-packages\starlette\middleware\cors.py", line 93, in __call__
    await self.simple_response(scope, receive, send, request_headers=headers)
  File "D:\nhatro\backend\venv\Lib\site-packages\starlette\middleware\cors.py", line 148, in simple_response
    await self.app(scope, receive, send)
  File "D:\nhatro\backend\venv\Lib\site-packages\starlette\middleware\exceptions.py", line 65, in __call__
    await wrap_app_handling_exceptions(self.app, conn)(scope, receive, send)
  File "D:\nhatro\backend\venv\Lib\site-packages\starlette\_exception_handler.py", line 64, in wrapped_app
    raise exc
  File "D:\nhatro\backend\venv\Lib\site-packages\starlette\_exception_handler.py", line 53, in wrapped_app
    await app(scope, receive, sender)
  File "D:\nhatro\backend\venv\Lib\site-packages\starlette\routing.py", line 756, in __call__
    await self.middleware_stack(scope, receive, send)
  File "D:\nhatro\backend\venv\Lib\site-packages\starlette\routing.py", line 776, in app
    await route.handle(scope, receive, send)
  File "D:\nhatro\backend\venv\Lib\site-packages\starlette\routing.py", line 297, in handle
    await self.app(scope, receive, send)
  File "D:\nhatro\backend\venv\Lib\site-packages\starlette\routing.py", line 77, in app
    await wrap_app_handling_exceptions(app, request)(scope, receive, send)
  File "D:\nhatro\backend\venv\Lib\site-packages\starlette\_exception_handler.py", line 64, in wrapped_app
    raise exc
  File "D:\nhatro\backend\venv\Lib\site-packages\starlette\_exception_handler.py", line 53, in wrapped_app
    await app(scope, receive, sender)
  File "D:\nhatro\backend\venv\Lib\site-packages\starlette\routing.py", line 72, in app
    response = await func(request)
               ^^^^^^^^^^^^^^^^^^^
  File "D:\nhatro\backend\venv\Lib\site-packages\fastapi\routing.py", line 278, in app
    raw_response = await run_endpoint_function(
                   ^^^^^^^^^^^^^^^^^^^^^^^^^^^^
  File "D:\nhatro\backend\venv\Lib\site-packages\fastapi\routing.py", line 191, in run_endpoint_function
    return await dependant.call(**values)
           ^^^^^^^^^^^^^^^^^^^^^^^^^^^^^^
  File "D:\nhatro\backend\app\api\v1\endpoints\auth.py", line 58, in login
    result = await db.execute(select(User).where(User.email == data.email))
             ^^^^^^^^^^^^^^^^^^^^^^^^^^^^^^^^^^^^^^^^^^^^^^^^^^^^^^^^^^^^^^
  File "D:\nhatro\backend\venv\Lib\site-packages\sqlalchemy\ext\asyncio\session.py", line 461, in execute
    result = await greenlet_spawn(
             ^^^^^^^^^^^^^^^^^^^^^
  File "D:\nhatro\backend\venv\Lib\site-packages\sqlalchemy\util\_concurrency_py3k.py", line 201, in greenlet_spawn
    result = context.throw(*sys.exc_info())
             ^^^^^^^^^^^^^^^^^^^^^^^^^^^^^^
  File "D:\nhatro\backend\venv\Lib\site-packages\sqlalchemy\orm\session.py", line 2351, in execute
    return self._execute_internal(
           ^^^^^^^^^^^^^^^^^^^^^^^
  File "D:\nhatro\backend\venv\Lib\site-packages\sqlalchemy\orm\session.py", line 2236, in _execute_internal
    result: Result[Any] = compile_state_cls.orm_execute_statement(
                          ^^^^^^^^^^^^^^^^^^^^^^^^^^^^^^^^^^^^^^^^
  File "D:\nhatro\backend\venv\Lib\site-packages\sqlalchemy\orm\context.py", line 293, in orm_execute_statement
    result = conn.execute(
             ^^^^^^^^^^^^^
  File "D:\nhatro\backend\venv\Lib\site-packages\sqlalchemy\engine\base.py", line 1418, in execute
    return meth(
           ^^^^^
  File "D:\nhatro\backend\venv\Lib\site-packages\sqlalchemy\sql\elements.py", line 515, in _execute_on_connection
    return connection._execute_clauseelement(
           ^^^^^^^^^^^^^^^^^^^^^^^^^^^^^^^^^^
  File "D:\nhatro\backend\venv\Lib\site-packages\sqlalchemy\engine\base.py", line 1640, in _execute_clauseelement
    ret = self._execute_context(
          ^^^^^^^^^^^^^^^^^^^^^^
  File "D:\nhatro\backend\venv\Lib\site-packages\sqlalchemy\engine\base.py", line 1846, in _execute_context
    return self._exec_single_context(
           ^^^^^^^^^^^^^^^^^^^^^^^^^^
  File "D:\nhatro\backend\venv\Lib\site-packages\sqlalchemy\engine\base.py", line 1986, in _exec_single_context
    self._handle_dbapi_exception(
  File "D:\nhatro\backend\venv\Lib\site-packages\sqlalchemy\engine\base.py", line 2353, in _handle_dbapi_exception
    raise sqlalchemy_exception.with_traceback(exc_info[2]) from e
  File "D:\nhatro\backend\venv\Lib\site-packages\sqlalchemy\engine\base.py", line 1967, in _exec_single_context
    self.dialect.do_execute(
  File "D:\nhatro\backend\venv\Lib\site-packages\sqlalchemy\engine\default.py", line 924, in do_execute
    cursor.execute(statement, parameters)
  File "D:\nhatro\backend\venv\Lib\site-packages\sqlalchemy\dialects\postgresql\asyncpg.py", line 572, in execute
    self._adapt_connection.await_(
  File "D:\nhatro\backend\venv\Lib\site-packages\sqlalchemy\util\_concurrency_py3k.py", line 131, in await_only
    return current.driver.switch(awaitable)  # type: ignore[no-any-return]
           ^^^^^^^^^^^^^^^^^^^^^^^^^^^^^^^^
  File "D:\nhatro\backend\venv\Lib\site-packages\sqlalchemy\util\_concurrency_py3k.py", line 196, in greenlet_spawn
    value = await result
            ^^^^^^^^^^^^
  File "D:\nhatro\backend\venv\Lib\site-packages\sqlalchemy\dialects\postgresql\asyncpg.py", line 550, in _prepare_and_execute
    self._handle_exception(error)
  File "D:\nhatro\backend\venv\Lib\site-packages\sqlalchemy\dialects\postgresql\asyncpg.py", line 501, in _handle_exception
    self._adapt_connection._handle_exception(error)
  File "D:\nhatro\backend\venv\Lib\site-packages\sqlalchemy\dialects\postgresql\asyncpg.py", line 789, in _handle_exception
    raise translated_error from error
sqlalchemy.exc.ProgrammingError: (sqlalchemy.dialects.postgresql.asyncpg.ProgrammingError) <class 'asyncpg.exceptions.DuplicatePreparedStatementError'>: prepared statement "__asyncpg_stmt_37__" already exists
HINT:  
NOTE: pgbouncer with pool_mode set to "transaction" or
"statement" does not support prepared statements properly.
You have two options:

* if you are using pgbouncer for connection pooling to a
  single server, switch to the connection pool functionality
  provided by asyncpg, it is a much better option for this
  purpose;

* if you have no option of avoiding the use of pgbouncer,
  then you can set statement_cache_size to 0 when creating
  the asyncpg connection object.

[SQL: SELECT users.id, users.email, users.hashed_password, users.full_name, users.phone, users.avatar_url, users.is_active, users.is_verified, users.role, users.created_at, users.updated_at 
FROM users 
WHERE users.email = $1::VARCHAR]
[parameters: ('a@gmail.com',)]
(Background on this error at: https://sqlalche.me/e/20/f405)
==============================================

=== VALIDATION ERROR AT POST /api/v1/auth/register ===
[{'type': 'value_error', 'loc': ('body', 'password'), 'msg': 'Value error, Password must be at least 8 characters', 'input': 'ZAP', 'ctx': {'error': ValueError('Password must be at least 8 characters')}}, {'type': 'string_type', 'loc': ('body', 'phone'), 'msg': 'Input should be a valid string', 'input': 9999999999}, {'type': 'value_error', 'loc': ('body', 'otp_code'), 'msg': 'Value error, OTP code must be 6 digits', 'input': 'John Doe', 'ctx': {'error': ValueError('OTP code must be 6 digits')}}]
==============================================

=== GLOBAL EXCEPTION HANDLER AT POST /api/v1/auth/register ===
  + Exception Group Traceback (most recent call last):
  |   File "D:\nhatro\backend\venv\Lib\site-packages\starlette\_utils.py", line 87, in collapse_excgroups
  |     yield
  |   File "D:\nhatro\backend\venv\Lib\site-packages\starlette\middleware\base.py", line 190, in __call__
  |     async with anyio.create_task_group() as task_group:
  |                ^^^^^^^^^^^^^^^^^^^^^^^^^
  |   File "D:\nhatro\backend\venv\Lib\site-packages\anyio\_backends\_asyncio.py", line 799, in __aexit__
  |     raise BaseExceptionGroup(
  | ExceptionGroup: unhandled errors in a TaskGroup (1 sub-exception)
  +-+---------------- 1 ----------------
    | Traceback (most recent call last):
    |   File "D:\nhatro\backend\venv\Lib\site-packages\starlette\middleware\errors.py", line 164, in __call__
    |     await self.app(scope, receive, _send)
    |   File "D:\nhatro\backend\venv\Lib\site-packages\starlette\middleware\base.py", line 189, in __call__
    |     with collapse_excgroups():
    |          ^^^^^^^^^^^^^^^^^^^^
    |   File "C:\Users\ngocson\.cache\codex-runtimes\codex-primary-runtime\dependencies\python\Lib\contextlib.py", line 158, in __exit__
    |     self.gen.throw(value)
    |   File "D:\nhatro\backend\venv\Lib\site-packages\starlette\_utils.py", line 93, in collapse_excgroups
    |     raise exc
    |   File "D:\nhatro\backend\venv\Lib\site-packages\starlette\middleware\base.py", line 191, in __call__
    |     response = await self.dispatch_func(request, call_next)
    |                ^^^^^^^^^^^^^^^^^^^^^^^^^^^^^^^^^^^^^^^^^^^^
    |   File "D:\nhatro\backend\app\main.py", line 127, in rate_limit_middleware
    |     return await call_next(request)
    |            ^^^^^^^^^^^^^^^^^^^^^^^^
    |   File "D:\nhatro\backend\venv\Lib\site-packages\starlette\middleware\base.py", line 165, in call_next
    |     raise app_exc
    |   File "D:\nhatro\backend\venv\Lib\site-packages\starlette\middleware\base.py", line 151, in coro
    |     await self.app(scope, receive_or_disconnect, send_no_error)
    |   File "D:\nhatro\backend\venv\Lib\site-packages\starlette\middleware\base.py", line 189, in __call__
    |     with collapse_excgroups():
    |          ^^^^^^^^^^^^^^^^^^^^
    |   File "C:\Users\ngocson\.cache\codex-runtimes\codex-primary-runtime\dependencies\python\Lib\contextlib.py", line 158, in __exit__
    |     self.gen.throw(value)
    |   File "D:\nhatro\backend\venv\Lib\site-packages\starlette\_utils.py", line 93, in collapse_excgroups
    |     raise exc
    |   File "D:\nhatro\backend\venv\Lib\site-packages\starlette\middleware\base.py", line 191, in __call__
    |     response = await self.dispatch_func(request, call_next)
    |                ^^^^^^^^^^^^^^^^^^^^^^^^^^^^^^^^^^^^^^^^^^^^
    |   File "D:\nhatro\backend\app\main.py", line 93, in add_process_time
    |     response = await call_next(request)
    |                ^^^^^^^^^^^^^^^^^^^^^^^^
    |   File "D:\nhatro\backend\venv\Lib\site-packages\starlette\middleware\base.py", line 165, in call_next
    |     raise app_exc
    |   File "D:\nhatro\backend\venv\Lib\site-packages\starlette\middleware\base.py", line 151, in coro
    |     await self.app(scope, receive_or_disconnect, send_no_error)
    |   File "D:\nhatro\backend\venv\Lib\site-packages\starlette\middleware\base.py", line 189, in __call__
    |     with collapse_excgroups():
    |          ^^^^^^^^^^^^^^^^^^^^
    |   File "C:\Users\ngocson\.cache\codex-runtimes\codex-primary-runtime\dependencies\python\Lib\contextlib.py", line 158, in __exit__
    |     self.gen.throw(value)
    |   File "D:\nhatro\backend\venv\Lib\site-packages\starlette\_utils.py", line 93, in collapse_excgroups
    |     raise exc
    |   File "D:\nhatro\backend\venv\Lib\site-packages\starlette\middleware\base.py", line 191, in __call__
    |     response = await self.dispatch_func(request, call_next)
    |                ^^^^^^^^^^^^^^^^^^^^^^^^^^^^^^^^^^^^^^^^^^^^
    |   File "D:\nhatro\backend\app\main.py", line 86, in add_security_headers
    |     response = await call_next(request)
    |                ^^^^^^^^^^^^^^^^^^^^^^^^
    |   File "D:\nhatro\backend\venv\Lib\site-packages\starlette\middleware\base.py", line 165, in call_next
    |     raise app_exc
    |   File "D:\nhatro\backend\venv\Lib\site-packages\starlette\middleware\base.py", line 151, in coro
    |     await self.app(scope, receive_or_disconnect, send_no_error)
    |   File "D:\nhatro\backend\venv\Lib\site-packages\starlette\middleware\cors.py", line 85, in __call__
    |     await self.app(scope, receive, send)
    |   File "D:\nhatro\backend\venv\Lib\site-packages\starlette\middleware\exceptions.py", line 65, in __call__
    |     await wrap_app_handling_exceptions(self.app, conn)(scope, receive, send)
    |   File "D:\nhatro\backend\venv\Lib\site-packages\starlette\_exception_handler.py", line 64, in wrapped_app
    |     raise exc
    |   File "D:\nhatro\backend\venv\Lib\site-packages\starlette\_exception_handler.py", line 53, in wrapped_app
    |     await app(scope, receive, sender)
    |   File "D:\nhatro\backend\venv\Lib\site-packages\starlette\routing.py", line 756, in __call__
    |     await self.middleware_stack(scope, receive, send)
    |   File "D:\nhatro\backend\venv\Lib\site-packages\starlette\routing.py", line 776, in app
    |     await route.handle(scope, receive, send)
    |   File "D:\nhatro\backend\venv\Lib\site-packages\starlette\routing.py", line 297, in handle
    |     await self.app(scope, receive, send)
    |   File "D:\nhatro\backend\venv\Lib\site-packages\starlette\routing.py", line 77, in app
    |     await wrap_app_handling_exceptions(app, request)(scope, receive, send)
    |   File "D:\nhatro\backend\venv\Lib\site-packages\starlette\_exception_handler.py", line 75, in wrapped_app
    |     response = await handler(conn, exc)
    |                ^^^^^^^^^^^^^^^^^^^^^^^^
    |   File "D:\nhatro\backend\app\main.py", line 157, in validation_exception_handler
    |     return JSONResponse(
    |            ^^^^^^^^^^^^^
    |   File "D:\nhatro\backend\venv\Lib\site-packages\starlette\responses.py", line 184, in __init__
    |     super().__init__(content, status_code, headers, media_type, background)
    |   File "D:\nhatro\backend\venv\Lib\site-packages\starlette\responses.py", line 41, in __init__
    |     self.body = self.render(content)
    |                 ^^^^^^^^^^^^^^^^^^^^
    |   File "D:\nhatro\backend\venv\Lib\site-packages\starlette\responses.py", line 187, in render
    |     return json.dumps(
    |            ^^^^^^^^^^^
    |   File "C:\Users\ngocson\.cache\codex-runtimes\codex-primary-runtime\dependencies\python\Lib\json\__init__.py", line 238, in dumps
    |     **kw).encode(obj)
    |           ^^^^^^^^^^^
    |   File "C:\Users\ngocson\.cache\codex-runtimes\codex-primary-runtime\dependencies\python\Lib\json\encoder.py", line 200, in encode
    |     chunks = self.iterencode(o, _one_shot=True)
    |              ^^^^^^^^^^^^^^^^^^^^^^^^^^^^^^^^^^
    |   File "C:\Users\ngocson\.cache\codex-runtimes\codex-primary-runtime\dependencies\python\Lib\json\encoder.py", line 258, in iterencode
    |     return _iterencode(o, 0)
    |            ^^^^^^^^^^^^^^^^^
    |   File "C:\Users\ngocson\.cache\codex-runtimes\codex-primary-runtime\dependencies\python\Lib\json\encoder.py", line 180, in default
    |     raise TypeError(f'Object of type {o.__class__.__name__} '
    | TypeError: Object of type ValueError is not JSON serializable
    +------------------------------------

During handling of the above exception, another exception occurred:

Traceback (most recent call last):
  File "D:\nhatro\backend\venv\Lib\site-packages\starlette\middleware\errors.py", line 164, in __call__
    await self.app(scope, receive, _send)
  File "D:\nhatro\backend\venv\Lib\site-packages\starlette\middleware\base.py", line 189, in __call__
    with collapse_excgroups():
         ^^^^^^^^^^^^^^^^^^^^
  File "C:\Users\ngocson\.cache\codex-runtimes\codex-primary-runtime\dependencies\python\Lib\contextlib.py", line 158, in __exit__
    self.gen.throw(value)
  File "D:\nhatro\backend\venv\Lib\site-packages\starlette\_utils.py", line 93, in collapse_excgroups
    raise exc
  File "D:\nhatro\backend\venv\Lib\site-packages\starlette\middleware\base.py", line 191, in __call__
    response = await self.dispatch_func(request, call_next)
               ^^^^^^^^^^^^^^^^^^^^^^^^^^^^^^^^^^^^^^^^^^^^
  File "D:\nhatro\backend\app\main.py", line 127, in rate_limit_middleware
    return await call_next(request)
           ^^^^^^^^^^^^^^^^^^^^^^^^
  File "D:\nhatro\backend\venv\Lib\site-packages\starlette\middleware\base.py", line 165, in call_next
    raise app_exc
  File "D:\nhatro\backend\venv\Lib\site-packages\starlette\middleware\base.py", line 151, in coro
    await self.app(scope, receive_or_disconnect, send_no_error)
  File "D:\nhatro\backend\venv\Lib\site-packages\starlette\middleware\base.py", line 189, in __call__
    with collapse_excgroups():
         ^^^^^^^^^^^^^^^^^^^^
  File "C:\Users\ngocson\.cache\codex-runtimes\codex-primary-runtime\dependencies\python\Lib\contextlib.py", line 158, in __exit__
    self.gen.throw(value)
  File "D:\nhatro\backend\venv\Lib\site-packages\starlette\_utils.py", line 93, in collapse_excgroups
    raise exc
  File "D:\nhatro\backend\venv\Lib\site-packages\starlette\middleware\base.py", line 191, in __call__
    response = await self.dispatch_func(request, call_next)
               ^^^^^^^^^^^^^^^^^^^^^^^^^^^^^^^^^^^^^^^^^^^^
  File "D:\nhatro\backend\app\main.py", line 93, in add_process_time
    response = await call_next(request)
               ^^^^^^^^^^^^^^^^^^^^^^^^
  File "D:\nhatro\backend\venv\Lib\site-packages\starlette\middleware\base.py", line 165, in call_next
    raise app_exc
  File "D:\nhatro\backend\venv\Lib\site-packages\starlette\middleware\base.py", line 151, in coro
    await self.app(scope, receive_or_disconnect, send_no_error)
  File "D:\nhatro\backend\venv\Lib\site-packages\starlette\middleware\base.py", line 189, in __call__
    with collapse_excgroups():
         ^^^^^^^^^^^^^^^^^^^^
  File "C:\Users\ngocson\.cache\codex-runtimes\codex-primary-runtime\dependencies\python\Lib\contextlib.py", line 158, in __exit__
    self.gen.throw(value)
  File "D:\nhatro\backend\venv\Lib\site-packages\starlette\_utils.py", line 93, in collapse_excgroups
    raise exc
  File "D:\nhatro\backend\venv\Lib\site-packages\starlette\middleware\base.py", line 191, in __call__
    response = await self.dispatch_func(request, call_next)
               ^^^^^^^^^^^^^^^^^^^^^^^^^^^^^^^^^^^^^^^^^^^^
  File "D:\nhatro\backend\app\main.py", line 86, in add_security_headers
    response = await call_next(request)
               ^^^^^^^^^^^^^^^^^^^^^^^^
  File "D:\nhatro\backend\venv\Lib\site-packages\starlette\middleware\base.py", line 165, in call_next
    raise app_exc
  File "D:\nhatro\backend\venv\Lib\site-packages\starlette\middleware\base.py", line 151, in coro
    await self.app(scope, receive_or_disconnect, send_no_error)
  File "D:\nhatro\backend\venv\Lib\site-packages\starlette\middleware\cors.py", line 85, in __call__
    await self.app(scope, receive, send)
  File "D:\nhatro\backend\venv\Lib\site-packages\starlette\middleware\exceptions.py", line 65, in __call__
    await wrap_app_handling_exceptions(self.app, conn)(scope, receive, send)
  File "D:\nhatro\backend\venv\Lib\site-packages\starlette\_exception_handler.py", line 64, in wrapped_app
    raise exc
  File "D:\nhatro\backend\venv\Lib\site-packages\starlette\_exception_handler.py", line 53, in wrapped_app
    await app(scope, receive, sender)
  File "D:\nhatro\backend\venv\Lib\site-packages\starlette\routing.py", line 756, in __call__
    await self.middleware_stack(scope, receive, send)
  File "D:\nhatro\backend\venv\Lib\site-packages\starlette\routing.py", line 776, in app
    await route.handle(scope, receive, send)
  File "D:\nhatro\backend\venv\Lib\site-packages\starlette\routing.py", line 297, in handle
    await self.app(scope, receive, send)
  File "D:\nhatro\backend\venv\Lib\site-packages\starlette\routing.py", line 77, in app
    await wrap_app_handling_exceptions(app, request)(scope, receive, send)
  File "D:\nhatro\backend\venv\Lib\site-packages\starlette\_exception_handler.py", line 75, in wrapped_app
    response = await handler(conn, exc)
               ^^^^^^^^^^^^^^^^^^^^^^^^
  File "D:\nhatro\backend\app\main.py", line 157, in validation_exception_handler
    return JSONResponse(
           ^^^^^^^^^^^^^
  File "D:\nhatro\backend\venv\Lib\site-packages\starlette\responses.py", line 184, in __init__
    super().__init__(content, status_code, headers, media_type, background)
  File "D:\nhatro\backend\venv\Lib\site-packages\starlette\responses.py", line 41, in __init__
    self.body = self.render(content)
                ^^^^^^^^^^^^^^^^^^^^
  File "D:\nhatro\backend\venv\Lib\site-packages\starlette\responses.py", line 187, in render
    return json.dumps(
           ^^^^^^^^^^^
  File "C:\Users\ngocson\.cache\codex-runtimes\codex-primary-runtime\dependencies\python\Lib\json\__init__.py", line 238, in dumps
    **kw).encode(obj)
          ^^^^^^^^^^^
  File "C:\Users\ngocson\.cache\codex-runtimes\codex-primary-runtime\dependencies\python\Lib\json\encoder.py", line 200, in encode
    chunks = self.iterencode(o, _one_shot=True)
             ^^^^^^^^^^^^^^^^^^^^^^^^^^^^^^^^^^
  File "C:\Users\ngocson\.cache\codex-runtimes\codex-primary-runtime\dependencies\python\Lib\json\encoder.py", line 258, in iterencode
    return _iterencode(o, 0)
           ^^^^^^^^^^^^^^^^^
  File "C:\Users\ngocson\.cache\codex-runtimes\codex-primary-runtime\dependencies\python\Lib\json\encoder.py", line 180, in default
    raise TypeError(f'Object of type {o.__class__.__name__} '
TypeError: Object of type ValueError is not JSON serializable
==============================================

=== VALIDATION ERROR AT POST /api/v1/tenant/auth/login ===
[{'type': 'json_invalid', 'loc': ('body', 9), 'msg': 'JSON decode error', 'input': {}, 'ctx': {'error': 'Expecting value'}}]
==============================================

=== VALIDATION ERROR AT PATCH /api/v1/organizations/me ===
[{'type': 'json_invalid', 'loc': ('body', 8), 'msg': 'JSON decode error', 'input': {}, 'ctx': {'error': 'Expecting value'}}]
==============================================

=== VALIDATION ERROR AT POST /api/v1/boarding-houses ===
[{'type': 'json_invalid', 'loc': ('body', 58), 'msg': 'JSON decode error', 'input': {}, 'ctx': {'error': 'Expecting value'}}]
==============================================

=== VALIDATION ERROR AT PATCH /api/v1/boarding-houses/bh_id ===
[{'type': 'json_invalid', 'loc': ('body', 8), 'msg': 'JSON decode error', 'input': {}, 'ctx': {'error': 'Expecting value'}}]
==============================================

=== VALIDATION ERROR AT POST /api/v1/tenants ===
[{'type': 'json_invalid', 'loc': ('body', 53), 'msg': 'JSON decode error', 'input': {}, 'ctx': {'error': 'Expecting value'}}]
==============================================

=== VALIDATION ERROR AT PATCH /api/v1/tenants/tenant_id ===
[{'type': 'json_invalid', 'loc': ('body', 51), 'msg': 'JSON decode error', 'input': {}, 'ctx': {'error': 'Expecting value'}}]
==============================================

=== VALIDATION ERROR AT PATCH /api/v1/maintenance/request_id ===
[{'type': 'json_invalid', 'loc': ('body', 34), 'msg': 'JSON decode error', 'input': {}, 'ctx': {'error': 'Expecting value'}}]
==============================================

=== GLOBAL EXCEPTION HANDLER AT GET /api/v1/webhooks/payos/check/10 ===
Traceback (most recent call last):
  File "D:\nhatro\backend\venv\Lib\site-packages\sqlalchemy\sql\elements.py", line 1496, in __getattr__
    return getattr(self.comparator, key)
           ^^^^^^^^^^^^^^^^^^^^^^^^^^^^^
AttributeError: 'Comparator' object has no attribute 'astext'

The above exception was the direct cause of the following exception:

Traceback (most recent call last):
  File "D:\nhatro\backend\venv\Lib\site-packages\starlette\middleware\errors.py", line 164, in __call__
    await self.app(scope, receive, _send)
  File "D:\nhatro\backend\venv\Lib\site-packages\starlette\middleware\base.py", line 189, in __call__
    with collapse_excgroups():
         ^^^^^^^^^^^^^^^^^^^^
  File "C:\Users\ngocson\.cache\codex-runtimes\codex-primary-runtime\dependencies\python\Lib\contextlib.py", line 158, in __exit__
    self.gen.throw(value)
  File "D:\nhatro\backend\venv\Lib\site-packages\starlette\_utils.py", line 93, in collapse_excgroups
    raise exc
  File "D:\nhatro\backend\venv\Lib\site-packages\starlette\middleware\base.py", line 191, in __call__
    response = await self.dispatch_func(request, call_next)
               ^^^^^^^^^^^^^^^^^^^^^^^^^^^^^^^^^^^^^^^^^^^^
  File "D:\nhatro\backend\app\main.py", line 127, in rate_limit_middleware
    return await call_next(request)
           ^^^^^^^^^^^^^^^^^^^^^^^^
  File "D:\nhatro\backend\venv\Lib\site-packages\starlette\middleware\base.py", line 165, in call_next
    raise app_exc
  File "D:\nhatro\backend\venv\Lib\site-packages\starlette\middleware\base.py", line 151, in coro
    await self.app(scope, receive_or_disconnect, send_no_error)
  File "D:\nhatro\backend\venv\Lib\site-packages\starlette\middleware\base.py", line 189, in __call__
    with collapse_excgroups():
         ^^^^^^^^^^^^^^^^^^^^
  File "C:\Users\ngocson\.cache\codex-runtimes\codex-primary-runtime\dependencies\python\Lib\contextlib.py", line 158, in __exit__
    self.gen.throw(value)
  File "D:\nhatro\backend\venv\Lib\site-packages\starlette\_utils.py", line 93, in collapse_excgroups
    raise exc
  File "D:\nhatro\backend\venv\Lib\site-packages\starlette\middleware\base.py", line 191, in __call__
    response = await self.dispatch_func(request, call_next)
               ^^^^^^^^^^^^^^^^^^^^^^^^^^^^^^^^^^^^^^^^^^^^
  File "D:\nhatro\backend\app\main.py", line 93, in add_process_time
    response = await call_next(request)
               ^^^^^^^^^^^^^^^^^^^^^^^^
  File "D:\nhatro\backend\venv\Lib\site-packages\starlette\middleware\base.py", line 165, in call_next
    raise app_exc
  File "D:\nhatro\backend\venv\Lib\site-packages\starlette\middleware\base.py", line 151, in coro
    await self.app(scope, receive_or_disconnect, send_no_error)
  File "D:\nhatro\backend\venv\Lib\site-packages\starlette\middleware\base.py", line 189, in __call__
    with collapse_excgroups():
         ^^^^^^^^^^^^^^^^^^^^
  File "C:\Users\ngocson\.cache\codex-runtimes\codex-primary-runtime\dependencies\python\Lib\contextlib.py", line 158, in __exit__
    self.gen.throw(value)
  File "D:\nhatro\backend\venv\Lib\site-packages\starlette\_utils.py", line 93, in collapse_excgroups
    raise exc
  File "D:\nhatro\backend\venv\Lib\site-packages\starlette\middleware\base.py", line 191, in __call__
    response = await self.dispatch_func(request, call_next)
               ^^^^^^^^^^^^^^^^^^^^^^^^^^^^^^^^^^^^^^^^^^^^
  File "D:\nhatro\backend\app\main.py", line 86, in add_security_headers
    response = await call_next(request)
               ^^^^^^^^^^^^^^^^^^^^^^^^
  File "D:\nhatro\backend\venv\Lib\site-packages\starlette\middleware\base.py", line 165, in call_next
    raise app_exc
  File "D:\nhatro\backend\venv\Lib\site-packages\starlette\middleware\base.py", line 151, in coro
    await self.app(scope, receive_or_disconnect, send_no_error)
  File "D:\nhatro\backend\venv\Lib\site-packages\starlette\middleware\cors.py", line 85, in __call__
    await self.app(scope, receive, send)
  File "D:\nhatro\backend\venv\Lib\site-packages\starlette\middleware\exceptions.py", line 65, in __call__
    await wrap_app_handling_exceptions(self.app, conn)(scope, receive, send)
  File "D:\nhatro\backend\venv\Lib\site-packages\starlette\_exception_handler.py", line 64, in wrapped_app
    raise exc
  File "D:\nhatro\backend\venv\Lib\site-packages\starlette\_exception_handler.py", line 53, in wrapped_app
    await app(scope, receive, sender)
  File "D:\nhatro\backend\venv\Lib\site-packages\starlette\routing.py", line 756, in __call__
    await self.middleware_stack(scope, receive, send)
  File "D:\nhatro\backend\venv\Lib\site-packages\starlette\routing.py", line 776, in app
    await route.handle(scope, receive, send)
  File "D:\nhatro\backend\venv\Lib\site-packages\starlette\routing.py", line 297, in handle
    await self.app(scope, receive, send)
  File "D:\nhatro\backend\venv\Lib\site-packages\starlette\routing.py", line 77, in app
    await wrap_app_handling_exceptions(app, request)(scope, receive, send)
  File "D:\nhatro\backend\venv\Lib\site-packages\starlette\_exception_handler.py", line 64, in wrapped_app
    raise exc
  File "D:\nhatro\backend\venv\Lib\site-packages\starlette\_exception_handler.py", line 53, in wrapped_app
    await app(scope, receive, sender)
  File "D:\nhatro\backend\venv\Lib\site-packages\starlette\routing.py", line 72, in app
    response = await func(request)
               ^^^^^^^^^^^^^^^^^^^
  File "D:\nhatro\backend\venv\Lib\site-packages\fastapi\routing.py", line 278, in app
    raw_response = await run_endpoint_function(
                   ^^^^^^^^^^^^^^^^^^^^^^^^^^^^
  File "D:\nhatro\backend\venv\Lib\site-packages\fastapi\routing.py", line 191, in run_endpoint_function
    return await dependant.call(**values)
           ^^^^^^^^^^^^^^^^^^^^^^^^^^^^^^
  File "D:\nhatro\backend\app\api\v1\endpoints\payos_webhook.py", line 127, in check_payos_payment
    SaaSPayment.metadata_json["order_code"].astext == str(order_code)
    ^^^^^^^^^^^^^^^^^^^^^^^^^^^^^^^^^^^^^^^^^^^^^^
  File "D:\nhatro\backend\venv\Lib\site-packages\sqlalchemy\sql\elements.py", line 1498, in __getattr__
    raise AttributeError(
AttributeError: Neither 'BinaryExpression' object nor 'Comparator' object has an attribute 'astext'
==============================================

=== GLOBAL EXCEPTION HANDLER AT GET /api/v1/webhooks/payos/check/10 ===
Traceback (most recent call last):
  File "D:\nhatro\backend\venv\Lib\site-packages\sqlalchemy\sql\elements.py", line 1496, in __getattr__
    return getattr(self.comparator, key)
           ^^^^^^^^^^^^^^^^^^^^^^^^^^^^^
AttributeError: 'Comparator' object has no attribute 'astext'

The above exception was the direct cause of the following exception:

Traceback (most recent call last):
  File "D:\nhatro\backend\venv\Lib\site-packages\starlette\middleware\errors.py", line 164, in __call__
    await self.app(scope, receive, _send)
  File "D:\nhatro\backend\venv\Lib\site-packages\starlette\middleware\base.py", line 189, in __call__
    with collapse_excgroups():
         ^^^^^^^^^^^^^^^^^^^^
  File "C:\Users\ngocson\.cache\codex-runtimes\codex-primary-runtime\dependencies\python\Lib\contextlib.py", line 158, in __exit__
    self.gen.throw(value)
  File "D:\nhatro\backend\venv\Lib\site-packages\starlette\_utils.py", line 93, in collapse_excgroups
    raise exc
  File "D:\nhatro\backend\venv\Lib\site-packages\starlette\middleware\base.py", line 191, in __call__
    response = await self.dispatch_func(request, call_next)
               ^^^^^^^^^^^^^^^^^^^^^^^^^^^^^^^^^^^^^^^^^^^^
  File "D:\nhatro\backend\app\main.py", line 127, in rate_limit_middleware
    return await call_next(request)
           ^^^^^^^^^^^^^^^^^^^^^^^^
  File "D:\nhatro\backend\venv\Lib\site-packages\starlette\middleware\base.py", line 165, in call_next
    raise app_exc
  File "D:\nhatro\backend\venv\Lib\site-packages\starlette\middleware\base.py", line 151, in coro
    await self.app(scope, receive_or_disconnect, send_no_error)
  File "D:\nhatro\backend\venv\Lib\site-packages\starlette\middleware\base.py", line 189, in __call__
    with collapse_excgroups():
         ^^^^^^^^^^^^^^^^^^^^
  File "C:\Users\ngocson\.cache\codex-runtimes\codex-primary-runtime\dependencies\python\Lib\contextlib.py", line 158, in __exit__
    self.gen.throw(value)
  File "D:\nhatro\backend\venv\Lib\site-packages\starlette\_utils.py", line 93, in collapse_excgroups
    raise exc
  File "D:\nhatro\backend\venv\Lib\site-packages\starlette\middleware\base.py", line 191, in __call__
    response = await self.dispatch_func(request, call_next)
               ^^^^^^^^^^^^^^^^^^^^^^^^^^^^^^^^^^^^^^^^^^^^
  File "D:\nhatro\backend\app\main.py", line 93, in add_process_time
    response = await call_next(request)
               ^^^^^^^^^^^^^^^^^^^^^^^^
  File "D:\nhatro\backend\venv\Lib\site-packages\starlette\middleware\base.py", line 165, in call_next
    raise app_exc
  File "D:\nhatro\backend\venv\Lib\site-packages\starlette\middleware\base.py", line 151, in coro
    await self.app(scope, receive_or_disconnect, send_no_error)
  File "D:\nhatro\backend\venv\Lib\site-packages\starlette\middleware\base.py", line 189, in __call__
    with collapse_excgroups():
         ^^^^^^^^^^^^^^^^^^^^
  File "C:\Users\ngocson\.cache\codex-runtimes\codex-primary-runtime\dependencies\python\Lib\contextlib.py", line 158, in __exit__
    self.gen.throw(value)
  File "D:\nhatro\backend\venv\Lib\site-packages\starlette\_utils.py", line 93, in collapse_excgroups
    raise exc
  File "D:\nhatro\backend\venv\Lib\site-packages\starlette\middleware\base.py", line 191, in __call__
    response = await self.dispatch_func(request, call_next)
               ^^^^^^^^^^^^^^^^^^^^^^^^^^^^^^^^^^^^^^^^^^^^
  File "D:\nhatro\backend\app\main.py", line 86, in add_security_headers
    response = await call_next(request)
               ^^^^^^^^^^^^^^^^^^^^^^^^
  File "D:\nhatro\backend\venv\Lib\site-packages\starlette\middleware\base.py", line 165, in call_next
    raise app_exc
  File "D:\nhatro\backend\venv\Lib\site-packages\starlette\middleware\base.py", line 151, in coro
    await self.app(scope, receive_or_disconnect, send_no_error)
  File "D:\nhatro\backend\venv\Lib\site-packages\starlette\middleware\cors.py", line 85, in __call__
    await self.app(scope, receive, send)
  File "D:\nhatro\backend\venv\Lib\site-packages\starlette\middleware\exceptions.py", line 65, in __call__
    await wrap_app_handling_exceptions(self.app, conn)(scope, receive, send)
  File "D:\nhatro\backend\venv\Lib\site-packages\starlette\_exception_handler.py", line 64, in wrapped_app
    raise exc
  File "D:\nhatro\backend\venv\Lib\site-packages\starlette\_exception_handler.py", line 53, in wrapped_app
    await app(scope, receive, sender)
  File "D:\nhatro\backend\venv\Lib\site-packages\starlette\routing.py", line 756, in __call__
    await self.middleware_stack(scope, receive, send)
  File "D:\nhatro\backend\venv\Lib\site-packages\starlette\routing.py", line 776, in app
    await route.handle(scope, receive, send)
  File "D:\nhatro\backend\venv\Lib\site-packages\starlette\routing.py", line 297, in handle
    await self.app(scope, receive, send)
  File "D:\nhatro\backend\venv\Lib\site-packages\starlette\routing.py", line 77, in app
    await wrap_app_handling_exceptions(app, request)(scope, receive, send)
  File "D:\nhatro\backend\venv\Lib\site-packages\starlette\_exception_handler.py", line 64, in wrapped_app
    raise exc
  File "D:\nhatro\backend\venv\Lib\site-packages\starlette\_exception_handler.py", line 53, in wrapped_app
    await app(scope, receive, sender)
  File "D:\nhatro\backend\venv\Lib\site-packages\starlette\routing.py", line 72, in app
    response = await func(request)
               ^^^^^^^^^^^^^^^^^^^
  File "D:\nhatro\backend\venv\Lib\site-packages\fastapi\routing.py", line 278, in app
    raw_response = await run_endpoint_function(
                   ^^^^^^^^^^^^^^^^^^^^^^^^^^^^
  File "D:\nhatro\backend\venv\Lib\site-packages\fastapi\routing.py", line 191, in run_endpoint_function
    return await dependant.call(**values)
           ^^^^^^^^^^^^^^^^^^^^^^^^^^^^^^
  File "D:\nhatro\backend\app\api\v1\endpoints\payos_webhook.py", line 127, in check_payos_payment
    SaaSPayment.metadata_json["order_code"].astext == str(order_code)
    ^^^^^^^^^^^^^^^^^^^^^^^^^^^^^^^^^^^^^^^^^^^^^^
  File "D:\nhatro\backend\venv\Lib\site-packages\sqlalchemy\sql\elements.py", line 1498, in __getattr__
    raise AttributeError(
AttributeError: Neither 'BinaryExpression' object nor 'Comparator' object has an attribute 'astext'
==============================================

=== VALIDATION ERROR AT POST /api/v1/auth/register ===
[{'type': 'value_error', 'loc': ('body', 'password'), 'msg': 'Value error, Password must be at least 8 characters', 'input': 'ZAP', 'ctx': {'error': ValueError('Password must be at least 8 characters')}}, {'type': 'string_type', 'loc': ('body', 'phone'), 'msg': 'Input should be a valid string', 'input': 9999999999}, {'type': 'value_error', 'loc': ('body', 'otp_code'), 'msg': 'Value error, OTP code must be 6 digits', 'input': 'John Doe', 'ctx': {'error': ValueError('OTP code must be 6 digits')}}]
==============================================

=== GLOBAL EXCEPTION HANDLER AT POST /api/v1/auth/register ===
  + Exception Group Traceback (most recent call last):
  |   File "D:\nhatro\backend\venv\Lib\site-packages\starlette\_utils.py", line 87, in collapse_excgroups
  |     yield
  |   File "D:\nhatro\backend\venv\Lib\site-packages\starlette\middleware\base.py", line 190, in __call__
  |     async with anyio.create_task_group() as task_group:
  |                ^^^^^^^^^^^^^^^^^^^^^^^^^
  |   File "D:\nhatro\backend\venv\Lib\site-packages\anyio\_backends\_asyncio.py", line 799, in __aexit__
  |     raise BaseExceptionGroup(
  | ExceptionGroup: unhandled errors in a TaskGroup (1 sub-exception)
  +-+---------------- 1 ----------------
    | Traceback (most recent call last):
    |   File "D:\nhatro\backend\venv\Lib\site-packages\starlette\middleware\errors.py", line 164, in __call__
    |     await self.app(scope, receive, _send)
    |   File "D:\nhatro\backend\venv\Lib\site-packages\starlette\middleware\base.py", line 189, in __call__
    |     with collapse_excgroups():
    |          ^^^^^^^^^^^^^^^^^^^^
    |   File "C:\Users\ngocson\.cache\codex-runtimes\codex-primary-runtime\dependencies\python\Lib\contextlib.py", line 158, in __exit__
    |     self.gen.throw(value)
    |   File "D:\nhatro\backend\venv\Lib\site-packages\starlette\_utils.py", line 93, in collapse_excgroups
    |     raise exc
    |   File "D:\nhatro\backend\venv\Lib\site-packages\starlette\middleware\base.py", line 191, in __call__
    |     response = await self.dispatch_func(request, call_next)
    |                ^^^^^^^^^^^^^^^^^^^^^^^^^^^^^^^^^^^^^^^^^^^^
    |   File "D:\nhatro\backend\app\main.py", line 127, in rate_limit_middleware
    |     return await call_next(request)
    |            ^^^^^^^^^^^^^^^^^^^^^^^^
    |   File "D:\nhatro\backend\venv\Lib\site-packages\starlette\middleware\base.py", line 165, in call_next
    |     raise app_exc
    |   File "D:\nhatro\backend\venv\Lib\site-packages\starlette\middleware\base.py", line 151, in coro
    |     await self.app(scope, receive_or_disconnect, send_no_error)
    |   File "D:\nhatro\backend\venv\Lib\site-packages\starlette\middleware\base.py", line 189, in __call__
    |     with collapse_excgroups():
    |          ^^^^^^^^^^^^^^^^^^^^
    |   File "C:\Users\ngocson\.cache\codex-runtimes\codex-primary-runtime\dependencies\python\Lib\contextlib.py", line 158, in __exit__
    |     self.gen.throw(value)
    |   File "D:\nhatro\backend\venv\Lib\site-packages\starlette\_utils.py", line 93, in collapse_excgroups
    |     raise exc
    |   File "D:\nhatro\backend\venv\Lib\site-packages\starlette\middleware\base.py", line 191, in __call__
    |     response = await self.dispatch_func(request, call_next)
    |                ^^^^^^^^^^^^^^^^^^^^^^^^^^^^^^^^^^^^^^^^^^^^
    |   File "D:\nhatro\backend\app\main.py", line 93, in add_process_time
    |     response = await call_next(request)
    |                ^^^^^^^^^^^^^^^^^^^^^^^^
    |   File "D:\nhatro\backend\venv\Lib\site-packages\starlette\middleware\base.py", line 165, in call_next
    |     raise app_exc
    |   File "D:\nhatro\backend\venv\Lib\site-packages\starlette\middleware\base.py", line 151, in coro
    |     await self.app(scope, receive_or_disconnect, send_no_error)
    |   File "D:\nhatro\backend\venv\Lib\site-packages\starlette\middleware\base.py", line 189, in __call__
    |     with collapse_excgroups():
    |          ^^^^^^^^^^^^^^^^^^^^
    |   File "C:\Users\ngocson\.cache\codex-runtimes\codex-primary-runtime\dependencies\python\Lib\contextlib.py", line 158, in __exit__
    |     self.gen.throw(value)
    |   File "D:\nhatro\backend\venv\Lib\site-packages\starlette\_utils.py", line 93, in collapse_excgroups
    |     raise exc
    |   File "D:\nhatro\backend\venv\Lib\site-packages\starlette\middleware\base.py", line 191, in __call__
    |     response = await self.dispatch_func(request, call_next)
    |                ^^^^^^^^^^^^^^^^^^^^^^^^^^^^^^^^^^^^^^^^^^^^
    |   File "D:\nhatro\backend\app\main.py", line 86, in add_security_headers
    |     response = await call_next(request)
    |                ^^^^^^^^^^^^^^^^^^^^^^^^
    |   File "D:\nhatro\backend\venv\Lib\site-packages\starlette\middleware\base.py", line 165, in call_next
    |     raise app_exc
    |   File "D:\nhatro\backend\venv\Lib\site-packages\starlette\middleware\base.py", line 151, in coro
    |     await self.app(scope, receive_or_disconnect, send_no_error)
    |   File "D:\nhatro\backend\venv\Lib\site-packages\starlette\middleware\cors.py", line 85, in __call__
    |     await self.app(scope, receive, send)
    |   File "D:\nhatro\backend\venv\Lib\site-packages\starlette\middleware\exceptions.py", line 65, in __call__
    |     await wrap_app_handling_exceptions(self.app, conn)(scope, receive, send)
    |   File "D:\nhatro\backend\venv\Lib\site-packages\starlette\_exception_handler.py", line 64, in wrapped_app
    |     raise exc
    |   File "D:\nhatro\backend\venv\Lib\site-packages\starlette\_exception_handler.py", line 53, in wrapped_app
    |     await app(scope, receive, sender)
    |   File "D:\nhatro\backend\venv\Lib\site-packages\starlette\routing.py", line 756, in __call__
    |     await self.middleware_stack(scope, receive, send)
    |   File "D:\nhatro\backend\venv\Lib\site-packages\starlette\routing.py", line 776, in app
    |     await route.handle(scope, receive, send)
    |   File "D:\nhatro\backend\venv\Lib\site-packages\starlette\routing.py", line 297, in handle
    |     await self.app(scope, receive, send)
    |   File "D:\nhatro\backend\venv\Lib\site-packages\starlette\routing.py", line 77, in app
    |     await wrap_app_handling_exceptions(app, request)(scope, receive, send)
    |   File "D:\nhatro\backend\venv\Lib\site-packages\starlette\_exception_handler.py", line 75, in wrapped_app
    |     response = await handler(conn, exc)
    |                ^^^^^^^^^^^^^^^^^^^^^^^^
    |   File "D:\nhatro\backend\app\main.py", line 157, in validation_exception_handler
    |     return JSONResponse(
    |            ^^^^^^^^^^^^^
    |   File "D:\nhatro\backend\venv\Lib\site-packages\starlette\responses.py", line 184, in __init__
    |     super().__init__(content, status_code, headers, media_type, background)
    |   File "D:\nhatro\backend\venv\Lib\site-packages\starlette\responses.py", line 41, in __init__
    |     self.body = self.render(content)
    |                 ^^^^^^^^^^^^^^^^^^^^
    |   File "D:\nhatro\backend\venv\Lib\site-packages\starlette\responses.py", line 187, in render
    |     return json.dumps(
    |            ^^^^^^^^^^^
    |   File "C:\Users\ngocson\.cache\codex-runtimes\codex-primary-runtime\dependencies\python\Lib\json\__init__.py", line 238, in dumps
    |     **kw).encode(obj)
    |           ^^^^^^^^^^^
    |   File "C:\Users\ngocson\.cache\codex-runtimes\codex-primary-runtime\dependencies\python\Lib\json\encoder.py", line 200, in encode
    |     chunks = self.iterencode(o, _one_shot=True)
    |              ^^^^^^^^^^^^^^^^^^^^^^^^^^^^^^^^^^
    |   File "C:\Users\ngocson\.cache\codex-runtimes\codex-primary-runtime\dependencies\python\Lib\json\encoder.py", line 258, in iterencode
    |     return _iterencode(o, 0)
    |            ^^^^^^^^^^^^^^^^^
    |   File "C:\Users\ngocson\.cache\codex-runtimes\codex-primary-runtime\dependencies\python\Lib\json\encoder.py", line 180, in default
    |     raise TypeError(f'Object of type {o.__class__.__name__} '
    | TypeError: Object of type ValueError is not JSON serializable
    +------------------------------------

During handling of the above exception, another exception occurred:

Traceback (most recent call last):
  File "D:\nhatro\backend\venv\Lib\site-packages\starlette\middleware\errors.py", line 164, in __call__
    await self.app(scope, receive, _send)
  File "D:\nhatro\backend\venv\Lib\site-packages\starlette\middleware\base.py", line 189, in __call__
    with collapse_excgroups():
         ^^^^^^^^^^^^^^^^^^^^
  File "C:\Users\ngocson\.cache\codex-runtimes\codex-primary-runtime\dependencies\python\Lib\contextlib.py", line 158, in __exit__
    self.gen.throw(value)
  File "D:\nhatro\backend\venv\Lib\site-packages\starlette\_utils.py", line 93, in collapse_excgroups
    raise exc
  File "D:\nhatro\backend\venv\Lib\site-packages\starlette\middleware\base.py", line 191, in __call__
    response = await self.dispatch_func(request, call_next)
               ^^^^^^^^^^^^^^^^^^^^^^^^^^^^^^^^^^^^^^^^^^^^
  File "D:\nhatro\backend\app\main.py", line 127, in rate_limit_middleware
    return await call_next(request)
           ^^^^^^^^^^^^^^^^^^^^^^^^
  File "D:\nhatro\backend\venv\Lib\site-packages\starlette\middleware\base.py", line 165, in call_next
    raise app_exc
  File "D:\nhatro\backend\venv\Lib\site-packages\starlette\middleware\base.py", line 151, in coro
    await self.app(scope, receive_or_disconnect, send_no_error)
  File "D:\nhatro\backend\venv\Lib\site-packages\starlette\middleware\base.py", line 189, in __call__
    with collapse_excgroups():
         ^^^^^^^^^^^^^^^^^^^^
  File "C:\Users\ngocson\.cache\codex-runtimes\codex-primary-runtime\dependencies\python\Lib\contextlib.py", line 158, in __exit__
    self.gen.throw(value)
  File "D:\nhatro\backend\venv\Lib\site-packages\starlette\_utils.py", line 93, in collapse_excgroups
    raise exc
  File "D:\nhatro\backend\venv\Lib\site-packages\starlette\middleware\base.py", line 191, in __call__
    response = await self.dispatch_func(request, call_next)
               ^^^^^^^^^^^^^^^^^^^^^^^^^^^^^^^^^^^^^^^^^^^^
  File "D:\nhatro\backend\app\main.py", line 93, in add_process_time
    response = await call_next(request)
               ^^^^^^^^^^^^^^^^^^^^^^^^
  File "D:\nhatro\backend\venv\Lib\site-packages\starlette\middleware\base.py", line 165, in call_next
    raise app_exc
  File "D:\nhatro\backend\venv\Lib\site-packages\starlette\middleware\base.py", line 151, in coro
    await self.app(scope, receive_or_disconnect, send_no_error)
  File "D:\nhatro\backend\venv\Lib\site-packages\starlette\middleware\base.py", line 189, in __call__
    with collapse_excgroups():
         ^^^^^^^^^^^^^^^^^^^^
  File "C:\Users\ngocson\.cache\codex-runtimes\codex-primary-runtime\dependencies\python\Lib\contextlib.py", line 158, in __exit__
    self.gen.throw(value)
  File "D:\nhatro\backend\venv\Lib\site-packages\starlette\_utils.py", line 93, in collapse_excgroups
    raise exc
  File "D:\nhatro\backend\venv\Lib\site-packages\starlette\middleware\base.py", line 191, in __call__
    response = await self.dispatch_func(request, call_next)
               ^^^^^^^^^^^^^^^^^^^^^^^^^^^^^^^^^^^^^^^^^^^^
  File "D:\nhatro\backend\app\main.py", line 86, in add_security_headers
    response = await call_next(request)
               ^^^^^^^^^^^^^^^^^^^^^^^^
  File "D:\nhatro\backend\venv\Lib\site-packages\starlette\middleware\base.py", line 165, in call_next
    raise app_exc
  File "D:\nhatro\backend\venv\Lib\site-packages\starlette\middleware\base.py", line 151, in coro
    await self.app(scope, receive_or_disconnect, send_no_error)
  File "D:\nhatro\backend\venv\Lib\site-packages\starlette\middleware\cors.py", line 85, in __call__
    await self.app(scope, receive, send)
  File "D:\nhatro\backend\venv\Lib\site-packages\starlette\middleware\exceptions.py", line 65, in __call__
    await wrap_app_handling_exceptions(self.app, conn)(scope, receive, send)
  File "D:\nhatro\backend\venv\Lib\site-packages\starlette\_exception_handler.py", line 64, in wrapped_app
    raise exc
  File "D:\nhatro\backend\venv\Lib\site-packages\starlette\_exception_handler.py", line 53, in wrapped_app
    await app(scope, receive, sender)
  File "D:\nhatro\backend\venv\Lib\site-packages\starlette\routing.py", line 756, in __call__
    await self.middleware_stack(scope, receive, send)
  File "D:\nhatro\backend\venv\Lib\site-packages\starlette\routing.py", line 776, in app
    await route.handle(scope, receive, send)
  File "D:\nhatro\backend\venv\Lib\site-packages\starlette\routing.py", line 297, in handle
    await self.app(scope, receive, send)
  File "D:\nhatro\backend\venv\Lib\site-packages\starlette\routing.py", line 77, in app
    await wrap_app_handling_exceptions(app, request)(scope, receive, send)
  File "D:\nhatro\backend\venv\Lib\site-packages\starlette\_exception_handler.py", line 75, in wrapped_app
    response = await handler(conn, exc)
               ^^^^^^^^^^^^^^^^^^^^^^^^
  File "D:\nhatro\backend\app\main.py", line 157, in validation_exception_handler
    return JSONResponse(
           ^^^^^^^^^^^^^
  File "D:\nhatro\backend\venv\Lib\site-packages\starlette\responses.py", line 184, in __init__
    super().__init__(content, status_code, headers, media_type, background)
  File "D:\nhatro\backend\venv\Lib\site-packages\starlette\responses.py", line 41, in __init__
    self.body = self.render(content)
                ^^^^^^^^^^^^^^^^^^^^
  File "D:\nhatro\backend\venv\Lib\site-packages\starlette\responses.py", line 187, in render
    return json.dumps(
           ^^^^^^^^^^^
  File "C:\Users\ngocson\.cache\codex-runtimes\codex-primary-runtime\dependencies\python\Lib\json\__init__.py", line 238, in dumps
    **kw).encode(obj)
          ^^^^^^^^^^^
  File "C:\Users\ngocson\.cache\codex-runtimes\codex-primary-runtime\dependencies\python\Lib\json\encoder.py", line 200, in encode
    chunks = self.iterencode(o, _one_shot=True)
             ^^^^^^^^^^^^^^^^^^^^^^^^^^^^^^^^^^
  File "C:\Users\ngocson\.cache\codex-runtimes\codex-primary-runtime\dependencies\python\Lib\json\encoder.py", line 258, in iterencode
    return _iterencode(o, 0)
           ^^^^^^^^^^^^^^^^^
  File "C:\Users\ngocson\.cache\codex-runtimes\codex-primary-runtime\dependencies\python\Lib\json\encoder.py", line 180, in default
    raise TypeError(f'Object of type {o.__class__.__name__} '
TypeError: Object of type ValueError is not JSON serializable
==============================================

=== VALIDATION ERROR AT POST /api/v1/tenant/auth/login ===
[{'type': 'json_invalid', 'loc': ('body', 9), 'msg': 'JSON decode error', 'input': {}, 'ctx': {'error': 'Expecting value'}}]
==============================================

=== VALIDATION ERROR AT PATCH /api/v1/organizations/me ===
[{'type': 'json_invalid', 'loc': ('body', 8), 'msg': 'JSON decode error', 'input': {}, 'ctx': {'error': 'Expecting value'}}]
==============================================

=== VALIDATION ERROR AT POST /api/v1/boarding-houses ===
[{'type': 'json_invalid', 'loc': ('body', 58), 'msg': 'JSON decode error', 'input': {}, 'ctx': {'error': 'Expecting value'}}]
==============================================

=== VALIDATION ERROR AT PATCH /api/v1/boarding-houses/bh_id ===
[{'type': 'json_invalid', 'loc': ('body', 8), 'msg': 'JSON decode error', 'input': {}, 'ctx': {'error': 'Expecting value'}}]
==============================================

=== VALIDATION ERROR AT POST /api/v1/tenants ===
[{'type': 'json_invalid', 'loc': ('body', 53), 'msg': 'JSON decode error', 'input': {}, 'ctx': {'error': 'Expecting value'}}]
==============================================

=== VALIDATION ERROR AT PATCH /api/v1/tenants/tenant_id ===
[{'type': 'json_invalid', 'loc': ('body', 51), 'msg': 'JSON decode error', 'input': {}, 'ctx': {'error': 'Expecting value'}}]
==============================================

=== VALIDATION ERROR AT PATCH /api/v1/maintenance/request_id ===
[{'type': 'json_invalid', 'loc': ('body', 34), 'msg': 'JSON decode error', 'input': {}, 'ctx': {'error': 'Expecting value'}}]
==============================================

=== GLOBAL EXCEPTION HANDLER AT GET /api/v1/webhooks/payos/check/10 ===
Traceback (most recent call last):
  File "D:\nhatro\backend\venv\Lib\site-packages\sqlalchemy\sql\elements.py", line 1496, in __getattr__
    return getattr(self.comparator, key)
           ^^^^^^^^^^^^^^^^^^^^^^^^^^^^^
AttributeError: 'Comparator' object has no attribute 'astext'

The above exception was the direct cause of the following exception:

Traceback (most recent call last):
  File "D:\nhatro\backend\venv\Lib\site-packages\starlette\middleware\errors.py", line 164, in __call__
    await self.app(scope, receive, _send)
  File "D:\nhatro\backend\venv\Lib\site-packages\starlette\middleware\base.py", line 189, in __call__
    with collapse_excgroups():
         ^^^^^^^^^^^^^^^^^^^^
  File "C:\Users\ngocson\.cache\codex-runtimes\codex-primary-runtime\dependencies\python\Lib\contextlib.py", line 158, in __exit__
    self.gen.throw(value)
  File "D:\nhatro\backend\venv\Lib\site-packages\starlette\_utils.py", line 93, in collapse_excgroups
    raise exc
  File "D:\nhatro\backend\venv\Lib\site-packages\starlette\middleware\base.py", line 191, in __call__
    response = await self.dispatch_func(request, call_next)
               ^^^^^^^^^^^^^^^^^^^^^^^^^^^^^^^^^^^^^^^^^^^^
  File "D:\nhatro\backend\app\main.py", line 127, in rate_limit_middleware
    return await call_next(request)
           ^^^^^^^^^^^^^^^^^^^^^^^^
  File "D:\nhatro\backend\venv\Lib\site-packages\starlette\middleware\base.py", line 165, in call_next
    raise app_exc
  File "D:\nhatro\backend\venv\Lib\site-packages\starlette\middleware\base.py", line 151, in coro
    await self.app(scope, receive_or_disconnect, send_no_error)
  File "D:\nhatro\backend\venv\Lib\site-packages\starlette\middleware\base.py", line 189, in __call__
    with collapse_excgroups():
         ^^^^^^^^^^^^^^^^^^^^
  File "C:\Users\ngocson\.cache\codex-runtimes\codex-primary-runtime\dependencies\python\Lib\contextlib.py", line 158, in __exit__
    self.gen.throw(value)
  File "D:\nhatro\backend\venv\Lib\site-packages\starlette\_utils.py", line 93, in collapse_excgroups
    raise exc
  File "D:\nhatro\backend\venv\Lib\site-packages\starlette\middleware\base.py", line 191, in __call__
    response = await self.dispatch_func(request, call_next)
               ^^^^^^^^^^^^^^^^^^^^^^^^^^^^^^^^^^^^^^^^^^^^
  File "D:\nhatro\backend\app\main.py", line 93, in add_process_time
    response = await call_next(request)
               ^^^^^^^^^^^^^^^^^^^^^^^^
  File "D:\nhatro\backend\venv\Lib\site-packages\starlette\middleware\base.py", line 165, in call_next
    raise app_exc
  File "D:\nhatro\backend\venv\Lib\site-packages\starlette\middleware\base.py", line 151, in coro
    await self.app(scope, receive_or_disconnect, send_no_error)
  File "D:\nhatro\backend\venv\Lib\site-packages\starlette\middleware\base.py", line 189, in __call__
    with collapse_excgroups():
         ^^^^^^^^^^^^^^^^^^^^
  File "C:\Users\ngocson\.cache\codex-runtimes\codex-primary-runtime\dependencies\python\Lib\contextlib.py", line 158, in __exit__
    self.gen.throw(value)
  File "D:\nhatro\backend\venv\Lib\site-packages\starlette\_utils.py", line 93, in collapse_excgroups
    raise exc
  File "D:\nhatro\backend\venv\Lib\site-packages\starlette\middleware\base.py", line 191, in __call__
    response = await self.dispatch_func(request, call_next)
               ^^^^^^^^^^^^^^^^^^^^^^^^^^^^^^^^^^^^^^^^^^^^
  File "D:\nhatro\backend\app\main.py", line 86, in add_security_headers
    response = await call_next(request)
               ^^^^^^^^^^^^^^^^^^^^^^^^
  File "D:\nhatro\backend\venv\Lib\site-packages\starlette\middleware\base.py", line 165, in call_next
    raise app_exc
  File "D:\nhatro\backend\venv\Lib\site-packages\starlette\middleware\base.py", line 151, in coro
    await self.app(scope, receive_or_disconnect, send_no_error)
  File "D:\nhatro\backend\venv\Lib\site-packages\starlette\middleware\cors.py", line 85, in __call__
    await self.app(scope, receive, send)
  File "D:\nhatro\backend\venv\Lib\site-packages\starlette\middleware\exceptions.py", line 65, in __call__
    await wrap_app_handling_exceptions(self.app, conn)(scope, receive, send)
  File "D:\nhatro\backend\venv\Lib\site-packages\starlette\_exception_handler.py", line 64, in wrapped_app
    raise exc
  File "D:\nhatro\backend\venv\Lib\site-packages\starlette\_exception_handler.py", line 53, in wrapped_app
    await app(scope, receive, sender)
  File "D:\nhatro\backend\venv\Lib\site-packages\starlette\routing.py", line 756, in __call__
    await self.middleware_stack(scope, receive, send)
  File "D:\nhatro\backend\venv\Lib\site-packages\starlette\routing.py", line 776, in app
    await route.handle(scope, receive, send)
  File "D:\nhatro\backend\venv\Lib\site-packages\starlette\routing.py", line 297, in handle
    await self.app(scope, receive, send)
  File "D:\nhatro\backend\venv\Lib\site-packages\starlette\routing.py", line 77, in app
    await wrap_app_handling_exceptions(app, request)(scope, receive, send)
  File "D:\nhatro\backend\venv\Lib\site-packages\starlette\_exception_handler.py", line 64, in wrapped_app
    raise exc
  File "D:\nhatro\backend\venv\Lib\site-packages\starlette\_exception_handler.py", line 53, in wrapped_app
    await app(scope, receive, sender)
  File "D:\nhatro\backend\venv\Lib\site-packages\starlette\routing.py", line 72, in app
    response = await func(request)
               ^^^^^^^^^^^^^^^^^^^
  File "D:\nhatro\backend\venv\Lib\site-packages\fastapi\routing.py", line 278, in app
    raw_response = await run_endpoint_function(
                   ^^^^^^^^^^^^^^^^^^^^^^^^^^^^
  File "D:\nhatro\backend\venv\Lib\site-packages\fastapi\routing.py", line 191, in run_endpoint_function
    return await dependant.call(**values)
           ^^^^^^^^^^^^^^^^^^^^^^^^^^^^^^
  File "D:\nhatro\backend\app\api\v1\endpoints\payos_webhook.py", line 127, in check_payos_payment
    SaaSPayment.metadata_json["order_code"].astext == str(order_code)
    ^^^^^^^^^^^^^^^^^^^^^^^^^^^^^^^^^^^^^^^^^^^^^^
  File "D:\nhatro\backend\venv\Lib\site-packages\sqlalchemy\sql\elements.py", line 1498, in __getattr__
    raise AttributeError(
AttributeError: Neither 'BinaryExpression' object nor 'Comparator' object has an attribute 'astext'
==============================================

=== GLOBAL EXCEPTION HANDLER AT GET /api/v1/webhooks/payos/check/4496419569354483586 ===
Traceback (most recent call last):
  File "D:\nhatro\backend\venv\Lib\site-packages\sqlalchemy\sql\elements.py", line 1496, in __getattr__
    return getattr(self.comparator, key)
           ^^^^^^^^^^^^^^^^^^^^^^^^^^^^^
AttributeError: 'Comparator' object has no attribute 'astext'

The above exception was the direct cause of the following exception:

Traceback (most recent call last):
  File "D:\nhatro\backend\venv\Lib\site-packages\starlette\middleware\errors.py", line 164, in __call__
    await self.app(scope, receive, _send)
  File "D:\nhatro\backend\venv\Lib\site-packages\starlette\middleware\base.py", line 189, in __call__
    with collapse_excgroups():
         ^^^^^^^^^^^^^^^^^^^^
  File "C:\Users\ngocson\.cache\codex-runtimes\codex-primary-runtime\dependencies\python\Lib\contextlib.py", line 158, in __exit__
    self.gen.throw(value)
  File "D:\nhatro\backend\venv\Lib\site-packages\starlette\_utils.py", line 93, in collapse_excgroups
    raise exc
  File "D:\nhatro\backend\venv\Lib\site-packages\starlette\middleware\base.py", line 191, in __call__
    response = await self.dispatch_func(request, call_next)
               ^^^^^^^^^^^^^^^^^^^^^^^^^^^^^^^^^^^^^^^^^^^^
  File "D:\nhatro\backend\app\main.py", line 127, in rate_limit_middleware
    return await call_next(request)
           ^^^^^^^^^^^^^^^^^^^^^^^^
  File "D:\nhatro\backend\venv\Lib\site-packages\starlette\middleware\base.py", line 165, in call_next
    raise app_exc
  File "D:\nhatro\backend\venv\Lib\site-packages\starlette\middleware\base.py", line 151, in coro
    await self.app(scope, receive_or_disconnect, send_no_error)
  File "D:\nhatro\backend\venv\Lib\site-packages\starlette\middleware\base.py", line 189, in __call__
    with collapse_excgroups():
         ^^^^^^^^^^^^^^^^^^^^
  File "C:\Users\ngocson\.cache\codex-runtimes\codex-primary-runtime\dependencies\python\Lib\contextlib.py", line 158, in __exit__
    self.gen.throw(value)
  File "D:\nhatro\backend\venv\Lib\site-packages\starlette\_utils.py", line 93, in collapse_excgroups
    raise exc
  File "D:\nhatro\backend\venv\Lib\site-packages\starlette\middleware\base.py", line 191, in __call__
    response = await self.dispatch_func(request, call_next)
               ^^^^^^^^^^^^^^^^^^^^^^^^^^^^^^^^^^^^^^^^^^^^
  File "D:\nhatro\backend\app\main.py", line 93, in add_process_time
    response = await call_next(request)
               ^^^^^^^^^^^^^^^^^^^^^^^^
  File "D:\nhatro\backend\venv\Lib\site-packages\starlette\middleware\base.py", line 165, in call_next
    raise app_exc
  File "D:\nhatro\backend\venv\Lib\site-packages\starlette\middleware\base.py", line 151, in coro
    await self.app(scope, receive_or_disconnect, send_no_error)
  File "D:\nhatro\backend\venv\Lib\site-packages\starlette\middleware\base.py", line 189, in __call__
    with collapse_excgroups():
         ^^^^^^^^^^^^^^^^^^^^
  File "C:\Users\ngocson\.cache\codex-runtimes\codex-primary-runtime\dependencies\python\Lib\contextlib.py", line 158, in __exit__
    self.gen.throw(value)
  File "D:\nhatro\backend\venv\Lib\site-packages\starlette\_utils.py", line 93, in collapse_excgroups
    raise exc
  File "D:\nhatro\backend\venv\Lib\site-packages\starlette\middleware\base.py", line 191, in __call__
    response = await self.dispatch_func(request, call_next)
               ^^^^^^^^^^^^^^^^^^^^^^^^^^^^^^^^^^^^^^^^^^^^
  File "D:\nhatro\backend\app\main.py", line 86, in add_security_headers
    response = await call_next(request)
               ^^^^^^^^^^^^^^^^^^^^^^^^
  File "D:\nhatro\backend\venv\Lib\site-packages\starlette\middleware\base.py", line 165, in call_next
    raise app_exc
  File "D:\nhatro\backend\venv\Lib\site-packages\starlette\middleware\base.py", line 151, in coro
    await self.app(scope, receive_or_disconnect, send_no_error)
  File "D:\nhatro\backend\venv\Lib\site-packages\starlette\middleware\cors.py", line 85, in __call__
    await self.app(scope, receive, send)
  File "D:\nhatro\backend\venv\Lib\site-packages\starlette\middleware\exceptions.py", line 65, in __call__
    await wrap_app_handling_exceptions(self.app, conn)(scope, receive, send)
  File "D:\nhatro\backend\venv\Lib\site-packages\starlette\_exception_handler.py", line 64, in wrapped_app
    raise exc
  File "D:\nhatro\backend\venv\Lib\site-packages\starlette\_exception_handler.py", line 53, in wrapped_app
    await app(scope, receive, sender)
  File "D:\nhatro\backend\venv\Lib\site-packages\starlette\routing.py", line 756, in __call__
    await self.middleware_stack(scope, receive, send)
  File "D:\nhatro\backend\venv\Lib\site-packages\starlette\routing.py", line 776, in app
    await route.handle(scope, receive, send)
  File "D:\nhatro\backend\venv\Lib\site-packages\starlette\routing.py", line 297, in handle
    await self.app(scope, receive, send)
  File "D:\nhatro\backend\venv\Lib\site-packages\starlette\routing.py", line 77, in app
    await wrap_app_handling_exceptions(app, request)(scope, receive, send)
  File "D:\nhatro\backend\venv\Lib\site-packages\starlette\_exception_handler.py", line 64, in wrapped_app
    raise exc
  File "D:\nhatro\backend\venv\Lib\site-packages\starlette\_exception_handler.py", line 53, in wrapped_app
    await app(scope, receive, sender)
  File "D:\nhatro\backend\venv\Lib\site-packages\starlette\routing.py", line 72, in app
    response = await func(request)
               ^^^^^^^^^^^^^^^^^^^
  File "D:\nhatro\backend\venv\Lib\site-packages\fastapi\routing.py", line 278, in app
    raw_response = await run_endpoint_function(
                   ^^^^^^^^^^^^^^^^^^^^^^^^^^^^
  File "D:\nhatro\backend\venv\Lib\site-packages\fastapi\routing.py", line 191, in run_endpoint_function
    return await dependant.call(**values)
           ^^^^^^^^^^^^^^^^^^^^^^^^^^^^^^
  File "D:\nhatro\backend\app\api\v1\endpoints\payos_webhook.py", line 127, in check_payos_payment
    SaaSPayment.metadata_json["order_code"].astext == str(order_code)
    ^^^^^^^^^^^^^^^^^^^^^^^^^^^^^^^^^^^^^^^^^^^^^^
  File "D:\nhatro\backend\venv\Lib\site-packages\sqlalchemy\sql\elements.py", line 1498, in __getattr__
    raise AttributeError(
AttributeError: Neither 'BinaryExpression' object nor 'Comparator' object has an attribute 'astext'
==============================================

=== VALIDATION ERROR AT POST /api/v1/auth/register/send-otp ===
[{'type': 'value_error', 'loc': ('body', 'email'), 'msg': 'value is not a valid email address: An email address must have an @-sign.', 'input': 'c:/Windows/system.ini', 'ctx': {'reason': 'An email address must have an @-sign.'}}]
==============================================

=== VALIDATION ERROR AT POST /api/v1/auth/login ===
[{'type': 'value_error', 'loc': ('body', 'email'), 'msg': 'value is not a valid email address: An email address must have an @-sign.', 'input': 'c:/Windows/system.ini', 'ctx': {'reason': 'An email address must have an @-sign.'}}]
==============================================

=== VALIDATION ERROR AT POST /api/v1/auth/register ===
[{'type': 'value_error', 'loc': ('body', 'email'), 'msg': 'value is not a valid email address: An email address must have an @-sign.', 'input': 'c:/Windows/system.ini', 'ctx': {'reason': 'An email address must have an @-sign.'}}, {'type': 'value_error', 'loc': ('body', 'password'), 'msg': 'Value error, Password must be at least 8 characters', 'input': 'ZAP', 'ctx': {'error': ValueError('Password must be at least 8 characters')}}, {'type': 'string_type', 'loc': ('body', 'phone'), 'msg': 'Input should be a valid string', 'input': 9999999999}, {'type': 'value_error', 'loc': ('body', 'otp_code'), 'msg': 'Value error, OTP code must be 6 digits', 'input': 'John Doe', 'ctx': {'error': ValueError('OTP code must be 6 digits')}}]
==============================================

=== VALIDATION ERROR AT POST /api/v1/auth/forgot-password ===
[{'type': 'value_error', 'loc': ('body', 'email'), 'msg': 'value is not a valid email address: An email address must have an @-sign.', 'input': 'c:/Windows/system.ini', 'ctx': {'reason': 'An email address must have an @-sign.'}}]
==============================================

=== GLOBAL EXCEPTION HANDLER AT POST /api/v1/auth/register ===
  + Exception Group Traceback (most recent call last):
  |   File "D:\nhatro\backend\venv\Lib\site-packages\starlette\_utils.py", line 87, in collapse_excgroups
  |     yield
  |   File "D:\nhatro\backend\venv\Lib\site-packages\starlette\middleware\base.py", line 190, in __call__
  |     async with anyio.create_task_group() as task_group:
  |                ^^^^^^^^^^^^^^^^^^^^^^^^^
  |   File "D:\nhatro\backend\venv\Lib\site-packages\anyio\_backends\_asyncio.py", line 799, in __aexit__
  |     raise BaseExceptionGroup(
  | ExceptionGroup: unhandled errors in a TaskGroup (1 sub-exception)
  +-+---------------- 1 ----------------
    | Traceback (most recent call last):
    |   File "D:\nhatro\backend\venv\Lib\site-packages\starlette\middleware\errors.py", line 164, in __call__
    |     await self.app(scope, receive, _send)
    |   File "D:\nhatro\backend\venv\Lib\site-packages\starlette\middleware\base.py", line 189, in __call__
    |     with collapse_excgroups():
    |          ^^^^^^^^^^^^^^^^^^^^
    |   File "C:\Users\ngocson\.cache\codex-runtimes\codex-primary-runtime\dependencies\python\Lib\contextlib.py", line 158, in __exit__
    |     self.gen.throw(value)
    |   File "D:\nhatro\backend\venv\Lib\site-packages\starlette\_utils.py", line 93, in collapse_excgroups
    |     raise exc
    |   File "D:\nhatro\backend\venv\Lib\site-packages\starlette\middleware\base.py", line 191, in __call__
    |     response = await self.dispatch_func(request, call_next)
    |                ^^^^^^^^^^^^^^^^^^^^^^^^^^^^^^^^^^^^^^^^^^^^
    |   File "D:\nhatro\backend\app\main.py", line 127, in rate_limit_middleware
    |     return await call_next(request)
    |            ^^^^^^^^^^^^^^^^^^^^^^^^
    |   File "D:\nhatro\backend\venv\Lib\site-packages\starlette\middleware\base.py", line 165, in call_next
    |     raise app_exc
    |   File "D:\nhatro\backend\venv\Lib\site-packages\starlette\middleware\base.py", line 151, in coro
    |     await self.app(scope, receive_or_disconnect, send_no_error)
    |   File "D:\nhatro\backend\venv\Lib\site-packages\starlette\middleware\base.py", line 189, in __call__
    |     with collapse_excgroups():
    |          ^^^^^^^^^^^^^^^^^^^^
    |   File "C:\Users\ngocson\.cache\codex-runtimes\codex-primary-runtime\dependencies\python\Lib\contextlib.py", line 158, in __exit__
    |     self.gen.throw(value)
    |   File "D:\nhatro\backend\venv\Lib\site-packages\starlette\_utils.py", line 93, in collapse_excgroups
    |     raise exc
    |   File "D:\nhatro\backend\venv\Lib\site-packages\starlette\middleware\base.py", line 191, in __call__
    |     response = await self.dispatch_func(request, call_next)
    |                ^^^^^^^^^^^^^^^^^^^^^^^^^^^^^^^^^^^^^^^^^^^^
    |   File "D:\nhatro\backend\app\main.py", line 93, in add_process_time
    |     response = await call_next(request)
    |                ^^^^^^^^^^^^^^^^^^^^^^^^
    |   File "D:\nhatro\backend\venv\Lib\site-packages\starlette\middleware\base.py", line 165, in call_next
    |     raise app_exc
    |   File "D:\nhatro\backend\venv\Lib\site-packages\starlette\middleware\base.py", line 151, in coro
    |     await self.app(scope, receive_or_disconnect, send_no_error)
    |   File "D:\nhatro\backend\venv\Lib\site-packages\starlette\middleware\base.py", line 189, in __call__
    |     with collapse_excgroups():
    |          ^^^^^^^^^^^^^^^^^^^^
    |   File "C:\Users\ngocson\.cache\codex-runtimes\codex-primary-runtime\dependencies\python\Lib\contextlib.py", line 158, in __exit__
    |     self.gen.throw(value)
    |   File "D:\nhatro\backend\venv\Lib\site-packages\starlette\_utils.py", line 93, in collapse_excgroups
    |     raise exc
    |   File "D:\nhatro\backend\venv\Lib\site-packages\starlette\middleware\base.py", line 191, in __call__
    |     response = await self.dispatch_func(request, call_next)
    |                ^^^^^^^^^^^^^^^^^^^^^^^^^^^^^^^^^^^^^^^^^^^^
    |   File "D:\nhatro\backend\app\main.py", line 86, in add_security_headers
    |     response = await call_next(request)
    |                ^^^^^^^^^^^^^^^^^^^^^^^^
    |   File "D:\nhatro\backend\venv\Lib\site-packages\starlette\middleware\base.py", line 165, in call_next
    |     raise app_exc
    |   File "D:\nhatro\backend\venv\Lib\site-packages\starlette\middleware\base.py", line 151, in coro
    |     await self.app(scope, receive_or_disconnect, send_no_error)
    |   File "D:\nhatro\backend\venv\Lib\site-packages\starlette\middleware\cors.py", line 85, in __call__
    |     await self.app(scope, receive, send)
    |   File "D:\nhatro\backend\venv\Lib\site-packages\starlette\middleware\exceptions.py", line 65, in __call__
    |     await wrap_app_handling_exceptions(self.app, conn)(scope, receive, send)
    |   File "D:\nhatro\backend\venv\Lib\site-packages\starlette\_exception_handler.py", line 64, in wrapped_app
    |     raise exc
    |   File "D:\nhatro\backend\venv\Lib\site-packages\starlette\_exception_handler.py", line 53, in wrapped_app
    |     await app(scope, receive, sender)
    |   File "D:\nhatro\backend\venv\Lib\site-packages\starlette\routing.py", line 756, in __call__
    |     await self.middleware_stack(scope, receive, send)
    |   File "D:\nhatro\backend\venv\Lib\site-packages\starlette\routing.py", line 776, in app
    |     await route.handle(scope, receive, send)
    |   File "D:\nhatro\backend\venv\Lib\site-packages\starlette\routing.py", line 297, in handle
    |     await self.app(scope, receive, send)
    |   File "D:\nhatro\backend\venv\Lib\site-packages\starlette\routing.py", line 77, in app
    |     await wrap_app_handling_exceptions(app, request)(scope, receive, send)
    |   File "D:\nhatro\backend\venv\Lib\site-packages\starlette\_exception_handler.py", line 75, in wrapped_app
    |     response = await handler(conn, exc)
    |                ^^^^^^^^^^^^^^^^^^^^^^^^
    |   File "D:\nhatro\backend\app\main.py", line 157, in validation_exception_handler
    |     return JSONResponse(
    |            ^^^^^^^^^^^^^
    |   File "D:\nhatro\backend\venv\Lib\site-packages\starlette\responses.py", line 184, in __init__
    |     super().__init__(content, status_code, headers, media_type, background)
    |   File "D:\nhatro\backend\venv\Lib\site-packages\starlette\responses.py", line 41, in __init__
    |     self.body = self.render(content)
    |                 ^^^^^^^^^^^^^^^^^^^^
    |   File "D:\nhatro\backend\venv\Lib\site-packages\starlette\responses.py", line 187, in render
    |     return json.dumps(
    |            ^^^^^^^^^^^
    |   File "C:\Users\ngocson\.cache\codex-runtimes\codex-primary-runtime\dependencies\python\Lib\json\__init__.py", line 238, in dumps
    |     **kw).encode(obj)
    |           ^^^^^^^^^^^
    |   File "C:\Users\ngocson\.cache\codex-runtimes\codex-primary-runtime\dependencies\python\Lib\json\encoder.py", line 200, in encode
    |     chunks = self.iterencode(o, _one_shot=True)
    |              ^^^^^^^^^^^^^^^^^^^^^^^^^^^^^^^^^^
    |   File "C:\Users\ngocson\.cache\codex-runtimes\codex-primary-runtime\dependencies\python\Lib\json\encoder.py", line 258, in iterencode
    |     return _iterencode(o, 0)
    |            ^^^^^^^^^^^^^^^^^
    |   File "C:\Users\ngocson\.cache\codex-runtimes\codex-primary-runtime\dependencies\python\Lib\json\encoder.py", line 180, in default
    |     raise TypeError(f'Object of type {o.__class__.__name__} '
    | TypeError: Object of type ValueError is not JSON serializable
    +------------------------------------

During handling of the above exception, another exception occurred:

Traceback (most recent call last):
  File "D:\nhatro\backend\venv\Lib\site-packages\starlette\middleware\errors.py", line 164, in __call__
    await self.app(scope, receive, _send)
  File "D:\nhatro\backend\venv\Lib\site-packages\starlette\middleware\base.py", line 189, in __call__
    with collapse_excgroups():
         ^^^^^^^^^^^^^^^^^^^^
  File "C:\Users\ngocson\.cache\codex-runtimes\codex-primary-runtime\dependencies\python\Lib\contextlib.py", line 158, in __exit__
    self.gen.throw(value)
  File "D:\nhatro\backend\venv\Lib\site-packages\starlette\_utils.py", line 93, in collapse_excgroups
    raise exc
  File "D:\nhatro\backend\venv\Lib\site-packages\starlette\middleware\base.py", line 191, in __call__
    response = await self.dispatch_func(request, call_next)
               ^^^^^^^^^^^^^^^^^^^^^^^^^^^^^^^^^^^^^^^^^^^^
  File "D:\nhatro\backend\app\main.py", line 127, in rate_limit_middleware
    return await call_next(request)
           ^^^^^^^^^^^^^^^^^^^^^^^^
  File "D:\nhatro\backend\venv\Lib\site-packages\starlette\middleware\base.py", line 165, in call_next
    raise app_exc
  File "D:\nhatro\backend\venv\Lib\site-packages\starlette\middleware\base.py", line 151, in coro
    await self.app(scope, receive_or_disconnect, send_no_error)
  File "D:\nhatro\backend\venv\Lib\site-packages\starlette\middleware\base.py", line 189, in __call__
    with collapse_excgroups():
         ^^^^^^^^^^^^^^^^^^^^
  File "C:\Users\ngocson\.cache\codex-runtimes\codex-primary-runtime\dependencies\python\Lib\contextlib.py", line 158, in __exit__
    self.gen.throw(value)
  File "D:\nhatro\backend\venv\Lib\site-packages\starlette\_utils.py", line 93, in collapse_excgroups
    raise exc
  File "D:\nhatro\backend\venv\Lib\site-packages\starlette\middleware\base.py", line 191, in __call__
    response = await self.dispatch_func(request, call_next)
               ^^^^^^^^^^^^^^^^^^^^^^^^^^^^^^^^^^^^^^^^^^^^
  File "D:\nhatro\backend\app\main.py", line 93, in add_process_time
    response = await call_next(request)
               ^^^^^^^^^^^^^^^^^^^^^^^^
  File "D:\nhatro\backend\venv\Lib\site-packages\starlette\middleware\base.py", line 165, in call_next
    raise app_exc
  File "D:\nhatro\backend\venv\Lib\site-packages\starlette\middleware\base.py", line 151, in coro
    await self.app(scope, receive_or_disconnect, send_no_error)
  File "D:\nhatro\backend\venv\Lib\site-packages\starlette\middleware\base.py", line 189, in __call__
    with collapse_excgroups():
         ^^^^^^^^^^^^^^^^^^^^
  File "C:\Users\ngocson\.cache\codex-runtimes\codex-primary-runtime\dependencies\python\Lib\contextlib.py", line 158, in __exit__
    self.gen.throw(value)
  File "D:\nhatro\backend\venv\Lib\site-packages\starlette\_utils.py", line 93, in collapse_excgroups
    raise exc
  File "D:\nhatro\backend\venv\Lib\site-packages\starlette\middleware\base.py", line 191, in __call__
    response = await self.dispatch_func(request, call_next)
               ^^^^^^^^^^^^^^^^^^^^^^^^^^^^^^^^^^^^^^^^^^^^
  File "D:\nhatro\backend\app\main.py", line 86, in add_security_headers
    response = await call_next(request)
               ^^^^^^^^^^^^^^^^^^^^^^^^
  File "D:\nhatro\backend\venv\Lib\site-packages\starlette\middleware\base.py", line 165, in call_next
    raise app_exc
  File "D:\nhatro\backend\venv\Lib\site-packages\starlette\middleware\base.py", line 151, in coro
    await self.app(scope, receive_or_disconnect, send_no_error)
  File "D:\nhatro\backend\venv\Lib\site-packages\starlette\middleware\cors.py", line 85, in __call__
    await self.app(scope, receive, send)
  File "D:\nhatro\backend\venv\Lib\site-packages\starlette\middleware\exceptions.py", line 65, in __call__
    await wrap_app_handling_exceptions(self.app, conn)(scope, receive, send)
  File "D:\nhatro\backend\venv\Lib\site-packages\starlette\_exception_handler.py", line 64, in wrapped_app
    raise exc
  File "D:\nhatro\backend\venv\Lib\site-packages\starlette\_exception_handler.py", line 53, in wrapped_app
    await app(scope, receive, sender)
  File "D:\nhatro\backend\venv\Lib\site-packages\starlette\routing.py", line 756, in __call__
    await self.middleware_stack(scope, receive, send)
  File "D:\nhatro\backend\venv\Lib\site-packages\starlette\routing.py", line 776, in app
    await route.handle(scope, receive, send)
  File "D:\nhatro\backend\venv\Lib\site-packages\starlette\routing.py", line 297, in handle
    await self.app(scope, receive, send)
  File "D:\nhatro\backend\venv\Lib\site-packages\starlette\routing.py", line 77, in app
    await wrap_app_handling_exceptions(app, request)(scope, receive, send)
  File "D:\nhatro\backend\venv\Lib\site-packages\starlette\_exception_handler.py", line 75, in wrapped_app
    response = await handler(conn, exc)
               ^^^^^^^^^^^^^^^^^^^^^^^^
  File "D:\nhatro\backend\app\main.py", line 157, in validation_exception_handler
    return JSONResponse(
           ^^^^^^^^^^^^^
  File "D:\nhatro\backend\venv\Lib\site-packages\starlette\responses.py", line 184, in __init__
    super().__init__(content, status_code, headers, media_type, background)
  File "D:\nhatro\backend\venv\Lib\site-packages\starlette\responses.py", line 41, in __init__
    self.body = self.render(content)
                ^^^^^^^^^^^^^^^^^^^^
  File "D:\nhatro\backend\venv\Lib\site-packages\starlette\responses.py", line 187, in render
    return json.dumps(
           ^^^^^^^^^^^
  File "C:\Users\ngocson\.cache\codex-runtimes\codex-primary-runtime\dependencies\python\Lib\json\__init__.py", line 238, in dumps
    **kw).encode(obj)
          ^^^^^^^^^^^
  File "C:\Users\ngocson\.cache\codex-runtimes\codex-primary-runtime\dependencies\python\Lib\json\encoder.py", line 200, in encode
    chunks = self.iterencode(o, _one_shot=True)
             ^^^^^^^^^^^^^^^^^^^^^^^^^^^^^^^^^^
  File "C:\Users\ngocson\.cache\codex-runtimes\codex-primary-runtime\dependencies\python\Lib\json\encoder.py", line 258, in iterencode
    return _iterencode(o, 0)
           ^^^^^^^^^^^^^^^^^
  File "C:\Users\ngocson\.cache\codex-runtimes\codex-primary-runtime\dependencies\python\Lib\json\encoder.py", line 180, in default
    raise TypeError(f'Object of type {o.__class__.__name__} '
TypeError: Object of type ValueError is not JSON serializable
==============================================

=== VALIDATION ERROR AT POST /api/v1/auth/register/send-otp ===
[{'type': 'value_error', 'loc': ('body', 'email'), 'msg': 'value is not a valid email address: An email address must have an @-sign.', 'input': '../../../../../../../../../../../../../../../../Windows/system.ini', 'ctx': {'reason': 'An email address must have an @-sign.'}}]
==============================================

=== VALIDATION ERROR AT POST /api/v1/auth/login ===
[{'type': 'value_error', 'loc': ('body', 'email'), 'msg': 'value is not a valid email address: An email address must have an @-sign.', 'input': '../../../../../../../../../../../../../../../../Windows/system.ini', 'ctx': {'reason': 'An email address must have an @-sign.'}}]
==============================================

=== VALIDATION ERROR AT POST /api/v1/auth/register ===
[{'type': 'value_error', 'loc': ('body', 'email'), 'msg': 'value is not a valid email address: An email address must have an @-sign.', 'input': '../../../../../../../../../../../../../../../../Windows/system.ini', 'ctx': {'reason': 'An email address must have an @-sign.'}}, {'type': 'value_error', 'loc': ('body', 'password'), 'msg': 'Value error, Password must be at least 8 characters', 'input': 'ZAP', 'ctx': {'error': ValueError('Password must be at least 8 characters')}}, {'type': 'string_type', 'loc': ('body', 'phone'), 'msg': 'Input should be a valid string', 'input': 9999999999}, {'type': 'value_error', 'loc': ('body', 'otp_code'), 'msg': 'Value error, OTP code must be 6 digits', 'input': 'John Doe', 'ctx': {'error': ValueError('OTP code must be 6 digits')}}]
==============================================

=== VALIDATION ERROR AT POST /api/v1/auth/forgot-password ===
[{'type': 'value_error', 'loc': ('body', 'email'), 'msg': 'value is not a valid email address: An email address must have an @-sign.', 'input': '../../../../../../../../../../../../../../../../Windows/system.ini', 'ctx': {'reason': 'An email address must have an @-sign.'}}]
==============================================

=== GLOBAL EXCEPTION HANDLER AT POST /api/v1/auth/register ===
  + Exception Group Traceback (most recent call last):
  |   File "D:\nhatro\backend\venv\Lib\site-packages\starlette\_utils.py", line 87, in collapse_excgroups
  |     yield
  |   File "D:\nhatro\backend\venv\Lib\site-packages\starlette\middleware\base.py", line 190, in __call__
  |     async with anyio.create_task_group() as task_group:
  |                ^^^^^^^^^^^^^^^^^^^^^^^^^
  |   File "D:\nhatro\backend\venv\Lib\site-packages\anyio\_backends\_asyncio.py", line 799, in __aexit__
  |     raise BaseExceptionGroup(
  | ExceptionGroup: unhandled errors in a TaskGroup (1 sub-exception)
  +-+---------------- 1 ----------------
    | Traceback (most recent call last):
    |   File "D:\nhatro\backend\venv\Lib\site-packages\starlette\middleware\errors.py", line 164, in __call__
    |     await self.app(scope, receive, _send)
    |   File "D:\nhatro\backend\venv\Lib\site-packages\starlette\middleware\base.py", line 189, in __call__
    |     with collapse_excgroups():
    |          ^^^^^^^^^^^^^^^^^^^^
    |   File "C:\Users\ngocson\.cache\codex-runtimes\codex-primary-runtime\dependencies\python\Lib\contextlib.py", line 158, in __exit__
    |     self.gen.throw(value)
    |   File "D:\nhatro\backend\venv\Lib\site-packages\starlette\_utils.py", line 93, in collapse_excgroups
    |     raise exc
    |   File "D:\nhatro\backend\venv\Lib\site-packages\starlette\middleware\base.py", line 191, in __call__
    |     response = await self.dispatch_func(request, call_next)
    |                ^^^^^^^^^^^^^^^^^^^^^^^^^^^^^^^^^^^^^^^^^^^^
    |   File "D:\nhatro\backend\app\main.py", line 127, in rate_limit_middleware
    |     return await call_next(request)
    |            ^^^^^^^^^^^^^^^^^^^^^^^^
    |   File "D:\nhatro\backend\venv\Lib\site-packages\starlette\middleware\base.py", line 165, in call_next
    |     raise app_exc
    |   File "D:\nhatro\backend\venv\Lib\site-packages\starlette\middleware\base.py", line 151, in coro
    |     await self.app(scope, receive_or_disconnect, send_no_error)
    |   File "D:\nhatro\backend\venv\Lib\site-packages\starlette\middleware\base.py", line 189, in __call__
    |     with collapse_excgroups():
    |          ^^^^^^^^^^^^^^^^^^^^
    |   File "C:\Users\ngocson\.cache\codex-runtimes\codex-primary-runtime\dependencies\python\Lib\contextlib.py", line 158, in __exit__
    |     self.gen.throw(value)
    |   File "D:\nhatro\backend\venv\Lib\site-packages\starlette\_utils.py", line 93, in collapse_excgroups
    |     raise exc
    |   File "D:\nhatro\backend\venv\Lib\site-packages\starlette\middleware\base.py", line 191, in __call__
    |     response = await self.dispatch_func(request, call_next)
    |                ^^^^^^^^^^^^^^^^^^^^^^^^^^^^^^^^^^^^^^^^^^^^
    |   File "D:\nhatro\backend\app\main.py", line 93, in add_process_time
    |     response = await call_next(request)
    |                ^^^^^^^^^^^^^^^^^^^^^^^^
    |   File "D:\nhatro\backend\venv\Lib\site-packages\starlette\middleware\base.py", line 165, in call_next
    |     raise app_exc
    |   File "D:\nhatro\backend\venv\Lib\site-packages\starlette\middleware\base.py", line 151, in coro
    |     await self.app(scope, receive_or_disconnect, send_no_error)
    |   File "D:\nhatro\backend\venv\Lib\site-packages\starlette\middleware\base.py", line 189, in __call__
    |     with collapse_excgroups():
    |          ^^^^^^^^^^^^^^^^^^^^
    |   File "C:\Users\ngocson\.cache\codex-runtimes\codex-primary-runtime\dependencies\python\Lib\contextlib.py", line 158, in __exit__
    |     self.gen.throw(value)
    |   File "D:\nhatro\backend\venv\Lib\site-packages\starlette\_utils.py", line 93, in collapse_excgroups
    |     raise exc
    |   File "D:\nhatro\backend\venv\Lib\site-packages\starlette\middleware\base.py", line 191, in __call__
    |     response = await self.dispatch_func(request, call_next)
    |                ^^^^^^^^^^^^^^^^^^^^^^^^^^^^^^^^^^^^^^^^^^^^
    |   File "D:\nhatro\backend\app\main.py", line 86, in add_security_headers
    |     response = await call_next(request)
    |                ^^^^^^^^^^^^^^^^^^^^^^^^
    |   File "D:\nhatro\backend\venv\Lib\site-packages\starlette\middleware\base.py", line 165, in call_next
    |     raise app_exc
    |   File "D:\nhatro\backend\venv\Lib\site-packages\starlette\middleware\base.py", line 151, in coro
    |     await self.app(scope, receive_or_disconnect, send_no_error)
    |   File "D:\nhatro\backend\venv\Lib\site-packages\starlette\middleware\cors.py", line 85, in __call__
    |     await self.app(scope, receive, send)
    |   File "D:\nhatro\backend\venv\Lib\site-packages\starlette\middleware\exceptions.py", line 65, in __call__
    |     await wrap_app_handling_exceptions(self.app, conn)(scope, receive, send)
    |   File "D:\nhatro\backend\venv\Lib\site-packages\starlette\_exception_handler.py", line 64, in wrapped_app
    |     raise exc
    |   File "D:\nhatro\backend\venv\Lib\site-packages\starlette\_exception_handler.py", line 53, in wrapped_app
    |     await app(scope, receive, sender)
    |   File "D:\nhatro\backend\venv\Lib\site-packages\starlette\routing.py", line 756, in __call__
    |     await self.middleware_stack(scope, receive, send)
    |   File "D:\nhatro\backend\venv\Lib\site-packages\starlette\routing.py", line 776, in app
    |     await route.handle(scope, receive, send)
    |   File "D:\nhatro\backend\venv\Lib\site-packages\starlette\routing.py", line 297, in handle
    |     await self.app(scope, receive, send)
    |   File "D:\nhatro\backend\venv\Lib\site-packages\starlette\routing.py", line 77, in app
    |     await wrap_app_handling_exceptions(app, request)(scope, receive, send)
    |   File "D:\nhatro\backend\venv\Lib\site-packages\starlette\_exception_handler.py", line 75, in wrapped_app
    |     response = await handler(conn, exc)
    |                ^^^^^^^^^^^^^^^^^^^^^^^^
    |   File "D:\nhatro\backend\app\main.py", line 157, in validation_exception_handler
    |     return JSONResponse(
    |            ^^^^^^^^^^^^^
    |   File "D:\nhatro\backend\venv\Lib\site-packages\starlette\responses.py", line 184, in __init__
    |     super().__init__(content, status_code, headers, media_type, background)
    |   File "D:\nhatro\backend\venv\Lib\site-packages\starlette\responses.py", line 41, in __init__
    |     self.body = self.render(content)
    |                 ^^^^^^^^^^^^^^^^^^^^
    |   File "D:\nhatro\backend\venv\Lib\site-packages\starlette\responses.py", line 187, in render
    |     return json.dumps(
    |            ^^^^^^^^^^^
    |   File "C:\Users\ngocson\.cache\codex-runtimes\codex-primary-runtime\dependencies\python\Lib\json\__init__.py", line 238, in dumps
    |     **kw).encode(obj)
    |           ^^^^^^^^^^^
    |   File "C:\Users\ngocson\.cache\codex-runtimes\codex-primary-runtime\dependencies\python\Lib\json\encoder.py", line 200, in encode
    |     chunks = self.iterencode(o, _one_shot=True)
    |              ^^^^^^^^^^^^^^^^^^^^^^^^^^^^^^^^^^
    |   File "C:\Users\ngocson\.cache\codex-runtimes\codex-primary-runtime\dependencies\python\Lib\json\encoder.py", line 258, in iterencode
    |     return _iterencode(o, 0)
    |            ^^^^^^^^^^^^^^^^^
    |   File "C:\Users\ngocson\.cache\codex-runtimes\codex-primary-runtime\dependencies\python\Lib\json\encoder.py", line 180, in default
    |     raise TypeError(f'Object of type {o.__class__.__name__} '
    | TypeError: Object of type ValueError is not JSON serializable
    +------------------------------------

During handling of the above exception, another exception occurred:

Traceback (most recent call last):
  File "D:\nhatro\backend\venv\Lib\site-packages\starlette\middleware\errors.py", line 164, in __call__
    await self.app(scope, receive, _send)
  File "D:\nhatro\backend\venv\Lib\site-packages\starlette\middleware\base.py", line 189, in __call__
    with collapse_excgroups():
         ^^^^^^^^^^^^^^^^^^^^
  File "C:\Users\ngocson\.cache\codex-runtimes\codex-primary-runtime\dependencies\python\Lib\contextlib.py", line 158, in __exit__
    self.gen.throw(value)
  File "D:\nhatro\backend\venv\Lib\site-packages\starlette\_utils.py", line 93, in collapse_excgroups
    raise exc
  File "D:\nhatro\backend\venv\Lib\site-packages\starlette\middleware\base.py", line 191, in __call__
    response = await self.dispatch_func(request, call_next)
               ^^^^^^^^^^^^^^^^^^^^^^^^^^^^^^^^^^^^^^^^^^^^
  File "D:\nhatro\backend\app\main.py", line 127, in rate_limit_middleware
    return await call_next(request)
           ^^^^^^^^^^^^^^^^^^^^^^^^
  File "D:\nhatro\backend\venv\Lib\site-packages\starlette\middleware\base.py", line 165, in call_next
    raise app_exc
  File "D:\nhatro\backend\venv\Lib\site-packages\starlette\middleware\base.py", line 151, in coro
    await self.app(scope, receive_or_disconnect, send_no_error)
  File "D:\nhatro\backend\venv\Lib\site-packages\starlette\middleware\base.py", line 189, in __call__
    with collapse_excgroups():
         ^^^^^^^^^^^^^^^^^^^^
  File "C:\Users\ngocson\.cache\codex-runtimes\codex-primary-runtime\dependencies\python\Lib\contextlib.py", line 158, in __exit__
    self.gen.throw(value)
  File "D:\nhatro\backend\venv\Lib\site-packages\starlette\_utils.py", line 93, in collapse_excgroups
    raise exc
  File "D:\nhatro\backend\venv\Lib\site-packages\starlette\middleware\base.py", line 191, in __call__
    response = await self.dispatch_func(request, call_next)
               ^^^^^^^^^^^^^^^^^^^^^^^^^^^^^^^^^^^^^^^^^^^^
  File "D:\nhatro\backend\app\main.py", line 93, in add_process_time
    response = await call_next(request)
               ^^^^^^^^^^^^^^^^^^^^^^^^
  File "D:\nhatro\backend\venv\Lib\site-packages\starlette\middleware\base.py", line 165, in call_next
    raise app_exc
  File "D:\nhatro\backend\venv\Lib\site-packages\starlette\middleware\base.py", line 151, in coro
    await self.app(scope, receive_or_disconnect, send_no_error)
  File "D:\nhatro\backend\venv\Lib\site-packages\starlette\middleware\base.py", line 189, in __call__
    with collapse_excgroups():
         ^^^^^^^^^^^^^^^^^^^^
  File "C:\Users\ngocson\.cache\codex-runtimes\codex-primary-runtime\dependencies\python\Lib\contextlib.py", line 158, in __exit__
    self.gen.throw(value)
  File "D:\nhatro\backend\venv\Lib\site-packages\starlette\_utils.py", line 93, in collapse_excgroups
    raise exc
  File "D:\nhatro\backend\venv\Lib\site-packages\starlette\middleware\base.py", line 191, in __call__
    response = await self.dispatch_func(request, call_next)
               ^^^^^^^^^^^^^^^^^^^^^^^^^^^^^^^^^^^^^^^^^^^^
  File "D:\nhatro\backend\app\main.py", line 86, in add_security_headers
    response = await call_next(request)
               ^^^^^^^^^^^^^^^^^^^^^^^^
  File "D:\nhatro\backend\venv\Lib\site-packages\starlette\middleware\base.py", line 165, in call_next
    raise app_exc
  File "D:\nhatro\backend\venv\Lib\site-packages\starlette\middleware\base.py", line 151, in coro
    await self.app(scope, receive_or_disconnect, send_no_error)
  File "D:\nhatro\backend\venv\Lib\site-packages\starlette\middleware\cors.py", line 85, in __call__
    await self.app(scope, receive, send)
  File "D:\nhatro\backend\venv\Lib\site-packages\starlette\middleware\exceptions.py", line 65, in __call__
    await wrap_app_handling_exceptions(self.app, conn)(scope, receive, send)
  File "D:\nhatro\backend\venv\Lib\site-packages\starlette\_exception_handler.py", line 64, in wrapped_app
    raise exc
  File "D:\nhatro\backend\venv\Lib\site-packages\starlette\_exception_handler.py", line 53, in wrapped_app
    await app(scope, receive, sender)
  File "D:\nhatro\backend\venv\Lib\site-packages\starlette\routing.py", line 756, in __call__
    await self.middleware_stack(scope, receive, send)
  File "D:\nhatro\backend\venv\Lib\site-packages\starlette\routing.py", line 776, in app
    await route.handle(scope, receive, send)
  File "D:\nhatro\backend\venv\Lib\site-packages\starlette\routing.py", line 297, in handle
    await self.app(scope, receive, send)
  File "D:\nhatro\backend\venv\Lib\site-packages\starlette\routing.py", line 77, in app
    await wrap_app_handling_exceptions(app, request)(scope, receive, send)
  File "D:\nhatro\backend\venv\Lib\site-packages\starlette\_exception_handler.py", line 75, in wrapped_app
    response = await handler(conn, exc)
               ^^^^^^^^^^^^^^^^^^^^^^^^
  File "D:\nhatro\backend\app\main.py", line 157, in validation_exception_handler
    return JSONResponse(
           ^^^^^^^^^^^^^
  File "D:\nhatro\backend\venv\Lib\site-packages\starlette\responses.py", line 184, in __init__
    super().__init__(content, status_code, headers, media_type, background)
  File "D:\nhatro\backend\venv\Lib\site-packages\starlette\responses.py", line 41, in __init__
    self.body = self.render(content)
                ^^^^^^^^^^^^^^^^^^^^
  File "D:\nhatro\backend\venv\Lib\site-packages\starlette\responses.py", line 187, in render
    return json.dumps(
           ^^^^^^^^^^^
  File "C:\Users\ngocson\.cache\codex-runtimes\codex-primary-runtime\dependencies\python\Lib\json\__init__.py", line 238, in dumps
    **kw).encode(obj)
          ^^^^^^^^^^^
  File "C:\Users\ngocson\.cache\codex-runtimes\codex-primary-runtime\dependencies\python\Lib\json\encoder.py", line 200, in encode
    chunks = self.iterencode(o, _one_shot=True)
             ^^^^^^^^^^^^^^^^^^^^^^^^^^^^^^^^^^
  File "C:\Users\ngocson\.cache\codex-runtimes\codex-primary-runtime\dependencies\python\Lib\json\encoder.py", line 258, in iterencode
    return _iterencode(o, 0)
           ^^^^^^^^^^^^^^^^^
  File "C:\Users\ngocson\.cache\codex-runtimes\codex-primary-runtime\dependencies\python\Lib\json\encoder.py", line 180, in default
    raise TypeError(f'Object of type {o.__class__.__name__} '
TypeError: Object of type ValueError is not JSON serializable
==============================================

=== VALIDATION ERROR AT PATCH /api/v1/boarding-houses/c:\Windows\system.ini ===
[{'type': 'json_invalid', 'loc': ('body', 8), 'msg': 'JSON decode error', 'input': {}, 'ctx': {'error': 'Expecting value'}}]
==============================================

=== VALIDATION ERROR AT PATCH /api/v1/maintenance/c:\Windows\system.ini ===
[{'type': 'json_invalid', 'loc': ('body', 34), 'msg': 'JSON decode error', 'input': {}, 'ctx': {'error': 'Expecting value'}}]
==============================================

=== VALIDATION ERROR AT POST /api/v1/auth/login ===
[{'type': 'value_error', 'loc': ('body', 'email'), 'msg': 'value is not a valid email address: An email address must have an @-sign.', 'input': 'c:\\Windows\\system.ini', 'ctx': {'reason': 'An email address must have an @-sign.'}}]
==============================================

=== VALIDATION ERROR AT POST /api/v1/auth/register/send-otp ===
[{'type': 'value_error', 'loc': ('body', 'email'), 'msg': 'value is not a valid email address: An email address must have an @-sign.', 'input': 'c:\\Windows\\system.ini', 'ctx': {'reason': 'An email address must have an @-sign.'}}]
==============================================

=== VALIDATION ERROR AT POST /api/v1/auth/register ===
[{'type': 'value_error', 'loc': ('body', 'email'), 'msg': 'value is not a valid email address: An email address must have an @-sign.', 'input': 'c:\\Windows\\system.ini', 'ctx': {'reason': 'An email address must have an @-sign.'}}, {'type': 'value_error', 'loc': ('body', 'password'), 'msg': 'Value error, Password must be at least 8 characters', 'input': 'ZAP', 'ctx': {'error': ValueError('Password must be at least 8 characters')}}, {'type': 'string_type', 'loc': ('body', 'phone'), 'msg': 'Input should be a valid string', 'input': 9999999999}, {'type': 'value_error', 'loc': ('body', 'otp_code'), 'msg': 'Value error, OTP code must be 6 digits', 'input': 'John Doe', 'ctx': {'error': ValueError('OTP code must be 6 digits')}}]
==============================================

=== VALIDATION ERROR AT POST /api/v1/auth/forgot-password ===
[{'type': 'value_error', 'loc': ('body', 'email'), 'msg': 'value is not a valid email address: An email address must have an @-sign.', 'input': 'c:\\Windows\\system.ini', 'ctx': {'reason': 'An email address must have an @-sign.'}}]
==============================================

=== VALIDATION ERROR AT PATCH /api/v1/boarding-houses/..\..\..\..\..\..\..\..\..\..\..\..\..\..\..\..\Windows\system.ini ===
[{'type': 'json_invalid', 'loc': ('body', 8), 'msg': 'JSON decode error', 'input': {}, 'ctx': {'error': 'Expecting value'}}]
==============================================

=== VALIDATION ERROR AT PATCH /api/v1/maintenance/..\..\..\..\..\..\..\..\..\..\..\..\..\..\..\..\Windows\system.ini ===
[{'type': 'json_invalid', 'loc': ('body', 34), 'msg': 'JSON decode error', 'input': {}, 'ctx': {'error': 'Expecting value'}}]
==============================================

=== GLOBAL EXCEPTION HANDLER AT POST /api/v1/auth/register ===
  + Exception Group Traceback (most recent call last):
  |   File "D:\nhatro\backend\venv\Lib\site-packages\starlette\_utils.py", line 87, in collapse_excgroups
  |     yield
  |   File "D:\nhatro\backend\venv\Lib\site-packages\starlette\middleware\base.py", line 190, in __call__
  |     async with anyio.create_task_group() as task_group:
  |                ^^^^^^^^^^^^^^^^^^^^^^^^^
  |   File "D:\nhatro\backend\venv\Lib\site-packages\anyio\_backends\_asyncio.py", line 799, in __aexit__
  |     raise BaseExceptionGroup(
  | ExceptionGroup: unhandled errors in a TaskGroup (1 sub-exception)
  +-+---------------- 1 ----------------
    | Traceback (most recent call last):
    |   File "D:\nhatro\backend\venv\Lib\site-packages\starlette\middleware\errors.py", line 164, in __call__
    |     await self.app(scope, receive, _send)
    |   File "D:\nhatro\backend\venv\Lib\site-packages\starlette\middleware\base.py", line 189, in __call__
    |     with collapse_excgroups():
    |          ^^^^^^^^^^^^^^^^^^^^
    |   File "C:\Users\ngocson\.cache\codex-runtimes\codex-primary-runtime\dependencies\python\Lib\contextlib.py", line 158, in __exit__
    |     self.gen.throw(value)
    |   File "D:\nhatro\backend\venv\Lib\site-packages\starlette\_utils.py", line 93, in collapse_excgroups
    |     raise exc
    |   File "D:\nhatro\backend\venv\Lib\site-packages\starlette\middleware\base.py", line 191, in __call__
    |     response = await self.dispatch_func(request, call_next)
    |                ^^^^^^^^^^^^^^^^^^^^^^^^^^^^^^^^^^^^^^^^^^^^
    |   File "D:\nhatro\backend\app\main.py", line 127, in rate_limit_middleware
    |     return await call_next(request)
    |            ^^^^^^^^^^^^^^^^^^^^^^^^
    |   File "D:\nhatro\backend\venv\Lib\site-packages\starlette\middleware\base.py", line 165, in call_next
    |     raise app_exc
    |   File "D:\nhatro\backend\venv\Lib\site-packages\starlette\middleware\base.py", line 151, in coro
    |     await self.app(scope, receive_or_disconnect, send_no_error)
    |   File "D:\nhatro\backend\venv\Lib\site-packages\starlette\middleware\base.py", line 189, in __call__
    |     with collapse_excgroups():
    |          ^^^^^^^^^^^^^^^^^^^^
    |   File "C:\Users\ngocson\.cache\codex-runtimes\codex-primary-runtime\dependencies\python\Lib\contextlib.py", line 158, in __exit__
    |     self.gen.throw(value)
    |   File "D:\nhatro\backend\venv\Lib\site-packages\starlette\_utils.py", line 93, in collapse_excgroups
    |     raise exc
    |   File "D:\nhatro\backend\venv\Lib\site-packages\starlette\middleware\base.py", line 191, in __call__
    |     response = await self.dispatch_func(request, call_next)
    |                ^^^^^^^^^^^^^^^^^^^^^^^^^^^^^^^^^^^^^^^^^^^^
    |   File "D:\nhatro\backend\app\main.py", line 93, in add_process_time
    |     response = await call_next(request)
    |                ^^^^^^^^^^^^^^^^^^^^^^^^
    |   File "D:\nhatro\backend\venv\Lib\site-packages\starlette\middleware\base.py", line 165, in call_next
    |     raise app_exc
    |   File "D:\nhatro\backend\venv\Lib\site-packages\starlette\middleware\base.py", line 151, in coro
    |     await self.app(scope, receive_or_disconnect, send_no_error)
    |   File "D:\nhatro\backend\venv\Lib\site-packages\starlette\middleware\base.py", line 189, in __call__
    |     with collapse_excgroups():
    |          ^^^^^^^^^^^^^^^^^^^^
    |   File "C:\Users\ngocson\.cache\codex-runtimes\codex-primary-runtime\dependencies\python\Lib\contextlib.py", line 158, in __exit__
    |     self.gen.throw(value)
    |   File "D:\nhatro\backend\venv\Lib\site-packages\starlette\_utils.py", line 93, in collapse_excgroups
    |     raise exc
    |   File "D:\nhatro\backend\venv\Lib\site-packages\starlette\middleware\base.py", line 191, in __call__
    |     response = await self.dispatch_func(request, call_next)
    |                ^^^^^^^^^^^^^^^^^^^^^^^^^^^^^^^^^^^^^^^^^^^^
    |   File "D:\nhatro\backend\app\main.py", line 86, in add_security_headers
    |     response = await call_next(request)
    |                ^^^^^^^^^^^^^^^^^^^^^^^^
    |   File "D:\nhatro\backend\venv\Lib\site-packages\starlette\middleware\base.py", line 165, in call_next
    |     raise app_exc
    |   File "D:\nhatro\backend\venv\Lib\site-packages\starlette\middleware\base.py", line 151, in coro
    |     await self.app(scope, receive_or_disconnect, send_no_error)
    |   File "D:\nhatro\backend\venv\Lib\site-packages\starlette\middleware\cors.py", line 85, in __call__
    |     await self.app(scope, receive, send)
    |   File "D:\nhatro\backend\venv\Lib\site-packages\starlette\middleware\exceptions.py", line 65, in __call__
    |     await wrap_app_handling_exceptions(self.app, conn)(scope, receive, send)
    |   File "D:\nhatro\backend\venv\Lib\site-packages\starlette\_exception_handler.py", line 64, in wrapped_app
    |     raise exc
    |   File "D:\nhatro\backend\venv\Lib\site-packages\starlette\_exception_handler.py", line 53, in wrapped_app
    |     await app(scope, receive, sender)
    |   File "D:\nhatro\backend\venv\Lib\site-packages\starlette\routing.py", line 756, in __call__
    |     await self.middleware_stack(scope, receive, send)
    |   File "D:\nhatro\backend\venv\Lib\site-packages\starlette\routing.py", line 776, in app
    |     await route.handle(scope, receive, send)
    |   File "D:\nhatro\backend\venv\Lib\site-packages\starlette\routing.py", line 297, in handle
    |     await self.app(scope, receive, send)
    |   File "D:\nhatro\backend\venv\Lib\site-packages\starlette\routing.py", line 77, in app
    |     await wrap_app_handling_exceptions(app, request)(scope, receive, send)
    |   File "D:\nhatro\backend\venv\Lib\site-packages\starlette\_exception_handler.py", line 75, in wrapped_app
    |     response = await handler(conn, exc)
    |                ^^^^^^^^^^^^^^^^^^^^^^^^
    |   File "D:\nhatro\backend\app\main.py", line 157, in validation_exception_handler
    |     return JSONResponse(
    |            ^^^^^^^^^^^^^
    |   File "D:\nhatro\backend\venv\Lib\site-packages\starlette\responses.py", line 184, in __init__
    |     super().__init__(content, status_code, headers, media_type, background)
    |   File "D:\nhatro\backend\venv\Lib\site-packages\starlette\responses.py", line 41, in __init__
    |     self.body = self.render(content)
    |                 ^^^^^^^^^^^^^^^^^^^^
    |   File "D:\nhatro\backend\venv\Lib\site-packages\starlette\responses.py", line 187, in render
    |     return json.dumps(
    |            ^^^^^^^^^^^
    |   File "C:\Users\ngocson\.cache\codex-runtimes\codex-primary-runtime\dependencies\python\Lib\json\__init__.py", line 238, in dumps
    |     **kw).encode(obj)
    |           ^^^^^^^^^^^
    |   File "C:\Users\ngocson\.cache\codex-runtimes\codex-primary-runtime\dependencies\python\Lib\json\encoder.py", line 200, in encode
    |     chunks = self.iterencode(o, _one_shot=True)
    |              ^^^^^^^^^^^^^^^^^^^^^^^^^^^^^^^^^^
    |   File "C:\Users\ngocson\.cache\codex-runtimes\codex-primary-runtime\dependencies\python\Lib\json\encoder.py", line 258, in iterencode
    |     return _iterencode(o, 0)
    |            ^^^^^^^^^^^^^^^^^
    |   File "C:\Users\ngocson\.cache\codex-runtimes\codex-primary-runtime\dependencies\python\Lib\json\encoder.py", line 180, in default
    |     raise TypeError(f'Object of type {o.__class__.__name__} '
    | TypeError: Object of type ValueError is not JSON serializable
    +------------------------------------

During handling of the above exception, another exception occurred:

Traceback (most recent call last):
  File "D:\nhatro\backend\venv\Lib\site-packages\starlette\middleware\errors.py", line 164, in __call__
    await self.app(scope, receive, _send)
  File "D:\nhatro\backend\venv\Lib\site-packages\starlette\middleware\base.py", line 189, in __call__
    with collapse_excgroups():
         ^^^^^^^^^^^^^^^^^^^^
  File "C:\Users\ngocson\.cache\codex-runtimes\codex-primary-runtime\dependencies\python\Lib\contextlib.py", line 158, in __exit__
    self.gen.throw(value)
  File "D:\nhatro\backend\venv\Lib\site-packages\starlette\_utils.py", line 93, in collapse_excgroups
    raise exc
  File "D:\nhatro\backend\venv\Lib\site-packages\starlette\middleware\base.py", line 191, in __call__
    response = await self.dispatch_func(request, call_next)
               ^^^^^^^^^^^^^^^^^^^^^^^^^^^^^^^^^^^^^^^^^^^^
  File "D:\nhatro\backend\app\main.py", line 127, in rate_limit_middleware
    return await call_next(request)
           ^^^^^^^^^^^^^^^^^^^^^^^^
  File "D:\nhatro\backend\venv\Lib\site-packages\starlette\middleware\base.py", line 165, in call_next
    raise app_exc
  File "D:\nhatro\backend\venv\Lib\site-packages\starlette\middleware\base.py", line 151, in coro
    await self.app(scope, receive_or_disconnect, send_no_error)
  File "D:\nhatro\backend\venv\Lib\site-packages\starlette\middleware\base.py", line 189, in __call__
    with collapse_excgroups():
         ^^^^^^^^^^^^^^^^^^^^
  File "C:\Users\ngocson\.cache\codex-runtimes\codex-primary-runtime\dependencies\python\Lib\contextlib.py", line 158, in __exit__
    self.gen.throw(value)
  File "D:\nhatro\backend\venv\Lib\site-packages\starlette\_utils.py", line 93, in collapse_excgroups
    raise exc
  File "D:\nhatro\backend\venv\Lib\site-packages\starlette\middleware\base.py", line 191, in __call__
    response = await self.dispatch_func(request, call_next)
               ^^^^^^^^^^^^^^^^^^^^^^^^^^^^^^^^^^^^^^^^^^^^
  File "D:\nhatro\backend\app\main.py", line 93, in add_process_time
    response = await call_next(request)
               ^^^^^^^^^^^^^^^^^^^^^^^^
  File "D:\nhatro\backend\venv\Lib\site-packages\starlette\middleware\base.py", line 165, in call_next
    raise app_exc
  File "D:\nhatro\backend\venv\Lib\site-packages\starlette\middleware\base.py", line 151, in coro
    await self.app(scope, receive_or_disconnect, send_no_error)
  File "D:\nhatro\backend\venv\Lib\site-packages\starlette\middleware\base.py", line 189, in __call__
    with collapse_excgroups():
         ^^^^^^^^^^^^^^^^^^^^
  File "C:\Users\ngocson\.cache\codex-runtimes\codex-primary-runtime\dependencies\python\Lib\contextlib.py", line 158, in __exit__
    self.gen.throw(value)
  File "D:\nhatro\backend\venv\Lib\site-packages\starlette\_utils.py", line 93, in collapse_excgroups
    raise exc
  File "D:\nhatro\backend\venv\Lib\site-packages\starlette\middleware\base.py", line 191, in __call__
    response = await self.dispatch_func(request, call_next)
               ^^^^^^^^^^^^^^^^^^^^^^^^^^^^^^^^^^^^^^^^^^^^
  File "D:\nhatro\backend\app\main.py", line 86, in add_security_headers
    response = await call_next(request)
               ^^^^^^^^^^^^^^^^^^^^^^^^
  File "D:\nhatro\backend\venv\Lib\site-packages\starlette\middleware\base.py", line 165, in call_next
    raise app_exc
  File "D:\nhatro\backend\venv\Lib\site-packages\starlette\middleware\base.py", line 151, in coro
    await self.app(scope, receive_or_disconnect, send_no_error)
  File "D:\nhatro\backend\venv\Lib\site-packages\starlette\middleware\cors.py", line 85, in __call__
    await self.app(scope, receive, send)
  File "D:\nhatro\backend\venv\Lib\site-packages\starlette\middleware\exceptions.py", line 65, in __call__
    await wrap_app_handling_exceptions(self.app, conn)(scope, receive, send)
  File "D:\nhatro\backend\venv\Lib\site-packages\starlette\_exception_handler.py", line 64, in wrapped_app
    raise exc
  File "D:\nhatro\backend\venv\Lib\site-packages\starlette\_exception_handler.py", line 53, in wrapped_app
    await app(scope, receive, sender)
  File "D:\nhatro\backend\venv\Lib\site-packages\starlette\routing.py", line 756, in __call__
    await self.middleware_stack(scope, receive, send)
  File "D:\nhatro\backend\venv\Lib\site-packages\starlette\routing.py", line 776, in app
    await route.handle(scope, receive, send)
  File "D:\nhatro\backend\venv\Lib\site-packages\starlette\routing.py", line 297, in handle
    await self.app(scope, receive, send)
  File "D:\nhatro\backend\venv\Lib\site-packages\starlette\routing.py", line 77, in app
    await wrap_app_handling_exceptions(app, request)(scope, receive, send)
  File "D:\nhatro\backend\venv\Lib\site-packages\starlette\_exception_handler.py", line 75, in wrapped_app
    response = await handler(conn, exc)
               ^^^^^^^^^^^^^^^^^^^^^^^^
  File "D:\nhatro\backend\app\main.py", line 157, in validation_exception_handler
    return JSONResponse(
           ^^^^^^^^^^^^^
  File "D:\nhatro\backend\venv\Lib\site-packages\starlette\responses.py", line 184, in __init__
    super().__init__(content, status_code, headers, media_type, background)
  File "D:\nhatro\backend\venv\Lib\site-packages\starlette\responses.py", line 41, in __init__
    self.body = self.render(content)
                ^^^^^^^^^^^^^^^^^^^^
  File "D:\nhatro\backend\venv\Lib\site-packages\starlette\responses.py", line 187, in render
    return json.dumps(
           ^^^^^^^^^^^
  File "C:\Users\ngocson\.cache\codex-runtimes\codex-primary-runtime\dependencies\python\Lib\json\__init__.py", line 238, in dumps
    **kw).encode(obj)
          ^^^^^^^^^^^
  File "C:\Users\ngocson\.cache\codex-runtimes\codex-primary-runtime\dependencies\python\Lib\json\encoder.py", line 200, in encode
    chunks = self.iterencode(o, _one_shot=True)
             ^^^^^^^^^^^^^^^^^^^^^^^^^^^^^^^^^^
  File "C:\Users\ngocson\.cache\codex-runtimes\codex-primary-runtime\dependencies\python\Lib\json\encoder.py", line 258, in iterencode
    return _iterencode(o, 0)
           ^^^^^^^^^^^^^^^^^
  File "C:\Users\ngocson\.cache\codex-runtimes\codex-primary-runtime\dependencies\python\Lib\json\encoder.py", line 180, in default
    raise TypeError(f'Object of type {o.__class__.__name__} '
TypeError: Object of type ValueError is not JSON serializable
==============================================

=== VALIDATION ERROR AT POST /api/v1/auth/login ===
[{'type': 'value_error', 'loc': ('body', 'email'), 'msg': 'value is not a valid email address: An email address must have an @-sign.', 'input': '..\\..\\..\\..\\..\\..\\..\\..\\..\\..\\..\\..\\..\\..\\..\\..\\Windows\\system.ini', 'ctx': {'reason': 'An email address must have an @-sign.'}}]
==============================================

=== VALIDATION ERROR AT POST /api/v1/auth/register/send-otp ===
[{'type': 'value_error', 'loc': ('body', 'email'), 'msg': 'value is not a valid email address: An email address must have an @-sign.', 'input': '..\\..\\..\\..\\..\\..\\..\\..\\..\\..\\..\\..\\..\\..\\..\\..\\Windows\\system.ini', 'ctx': {'reason': 'An email address must have an @-sign.'}}]
==============================================

=== VALIDATION ERROR AT POST /api/v1/auth/register ===
[{'type': 'value_error', 'loc': ('body', 'email'), 'msg': 'value is not a valid email address: An email address must have an @-sign.', 'input': '..\\..\\..\\..\\..\\..\\..\\..\\..\\..\\..\\..\\..\\..\\..\\..\\Windows\\system.ini', 'ctx': {'reason': 'An email address must have an @-sign.'}}, {'type': 'value_error', 'loc': ('body', 'password'), 'msg': 'Value error, Password must be at least 8 characters', 'input': 'ZAP', 'ctx': {'error': ValueError('Password must be at least 8 characters')}}, {'type': 'string_type', 'loc': ('body', 'phone'), 'msg': 'Input should be a valid string', 'input': 9999999999}, {'type': 'value_error', 'loc': ('body', 'otp_code'), 'msg': 'Value error, OTP code must be 6 digits', 'input': 'John Doe', 'ctx': {'error': ValueError('OTP code must be 6 digits')}}]
==============================================

=== VALIDATION ERROR AT POST /api/v1/auth/forgot-password ===
[{'type': 'value_error', 'loc': ('body', 'email'), 'msg': 'value is not a valid email address: An email address must have an @-sign.', 'input': '..\\..\\..\\..\\..\\..\\..\\..\\..\\..\\..\\..\\..\\..\\..\\..\\Windows\\system.ini', 'ctx': {'reason': 'An email address must have an @-sign.'}}]
==============================================

=== GLOBAL EXCEPTION HANDLER AT POST /api/v1/auth/register ===
  + Exception Group Traceback (most recent call last):
  |   File "D:\nhatro\backend\venv\Lib\site-packages\starlette\_utils.py", line 87, in collapse_excgroups
  |     yield
  |   File "D:\nhatro\backend\venv\Lib\site-packages\starlette\middleware\base.py", line 190, in __call__
  |     async with anyio.create_task_group() as task_group:
  |                ^^^^^^^^^^^^^^^^^^^^^^^^^
  |   File "D:\nhatro\backend\venv\Lib\site-packages\anyio\_backends\_asyncio.py", line 799, in __aexit__
  |     raise BaseExceptionGroup(
  | ExceptionGroup: unhandled errors in a TaskGroup (1 sub-exception)
  +-+---------------- 1 ----------------
    | Traceback (most recent call last):
    |   File "D:\nhatro\backend\venv\Lib\site-packages\starlette\middleware\errors.py", line 164, in __call__
    |     await self.app(scope, receive, _send)
    |   File "D:\nhatro\backend\venv\Lib\site-packages\starlette\middleware\base.py", line 189, in __call__
    |     with collapse_excgroups():
    |          ^^^^^^^^^^^^^^^^^^^^
    |   File "C:\Users\ngocson\.cache\codex-runtimes\codex-primary-runtime\dependencies\python\Lib\contextlib.py", line 158, in __exit__
    |     self.gen.throw(value)
    |   File "D:\nhatro\backend\venv\Lib\site-packages\starlette\_utils.py", line 93, in collapse_excgroups
    |     raise exc
    |   File "D:\nhatro\backend\venv\Lib\site-packages\starlette\middleware\base.py", line 191, in __call__
    |     response = await self.dispatch_func(request, call_next)
    |                ^^^^^^^^^^^^^^^^^^^^^^^^^^^^^^^^^^^^^^^^^^^^
    |   File "D:\nhatro\backend\app\main.py", line 127, in rate_limit_middleware
    |     return await call_next(request)
    |            ^^^^^^^^^^^^^^^^^^^^^^^^
    |   File "D:\nhatro\backend\venv\Lib\site-packages\starlette\middleware\base.py", line 165, in call_next
    |     raise app_exc
    |   File "D:\nhatro\backend\venv\Lib\site-packages\starlette\middleware\base.py", line 151, in coro
    |     await self.app(scope, receive_or_disconnect, send_no_error)
    |   File "D:\nhatro\backend\venv\Lib\site-packages\starlette\middleware\base.py", line 189, in __call__
    |     with collapse_excgroups():
    |          ^^^^^^^^^^^^^^^^^^^^
    |   File "C:\Users\ngocson\.cache\codex-runtimes\codex-primary-runtime\dependencies\python\Lib\contextlib.py", line 158, in __exit__
    |     self.gen.throw(value)
    |   File "D:\nhatro\backend\venv\Lib\site-packages\starlette\_utils.py", line 93, in collapse_excgroups
    |     raise exc
    |   File "D:\nhatro\backend\venv\Lib\site-packages\starlette\middleware\base.py", line 191, in __call__
    |     response = await self.dispatch_func(request, call_next)
    |                ^^^^^^^^^^^^^^^^^^^^^^^^^^^^^^^^^^^^^^^^^^^^
    |   File "D:\nhatro\backend\app\main.py", line 93, in add_process_time
    |     response = await call_next(request)
    |                ^^^^^^^^^^^^^^^^^^^^^^^^
    |   File "D:\nhatro\backend\venv\Lib\site-packages\starlette\middleware\base.py", line 165, in call_next
    |     raise app_exc
    |   File "D:\nhatro\backend\venv\Lib\site-packages\starlette\middleware\base.py", line 151, in coro
    |     await self.app(scope, receive_or_disconnect, send_no_error)
    |   File "D:\nhatro\backend\venv\Lib\site-packages\starlette\middleware\base.py", line 189, in __call__
    |     with collapse_excgroups():
    |          ^^^^^^^^^^^^^^^^^^^^
    |   File "C:\Users\ngocson\.cache\codex-runtimes\codex-primary-runtime\dependencies\python\Lib\contextlib.py", line 158, in __exit__
    |     self.gen.throw(value)
    |   File "D:\nhatro\backend\venv\Lib\site-packages\starlette\_utils.py", line 93, in collapse_excgroups
    |     raise exc
    |   File "D:\nhatro\backend\venv\Lib\site-packages\starlette\middleware\base.py", line 191, in __call__
    |     response = await self.dispatch_func(request, call_next)
    |                ^^^^^^^^^^^^^^^^^^^^^^^^^^^^^^^^^^^^^^^^^^^^
    |   File "D:\nhatro\backend\app\main.py", line 86, in add_security_headers
    |     response = await call_next(request)
    |                ^^^^^^^^^^^^^^^^^^^^^^^^
    |   File "D:\nhatro\backend\venv\Lib\site-packages\starlette\middleware\base.py", line 165, in call_next
    |     raise app_exc
    |   File "D:\nhatro\backend\venv\Lib\site-packages\starlette\middleware\base.py", line 151, in coro
    |     await self.app(scope, receive_or_disconnect, send_no_error)
    |   File "D:\nhatro\backend\venv\Lib\site-packages\starlette\middleware\cors.py", line 85, in __call__
    |     await self.app(scope, receive, send)
    |   File "D:\nhatro\backend\venv\Lib\site-packages\starlette\middleware\exceptions.py", line 65, in __call__
    |     await wrap_app_handling_exceptions(self.app, conn)(scope, receive, send)
    |   File "D:\nhatro\backend\venv\Lib\site-packages\starlette\_exception_handler.py", line 64, in wrapped_app
    |     raise exc
    |   File "D:\nhatro\backend\venv\Lib\site-packages\starlette\_exception_handler.py", line 53, in wrapped_app
    |     await app(scope, receive, sender)
    |   File "D:\nhatro\backend\venv\Lib\site-packages\starlette\routing.py", line 756, in __call__
    |     await self.middleware_stack(scope, receive, send)
    |   File "D:\nhatro\backend\venv\Lib\site-packages\starlette\routing.py", line 776, in app
    |     await route.handle(scope, receive, send)
    |   File "D:\nhatro\backend\venv\Lib\site-packages\starlette\routing.py", line 297, in handle
    |     await self.app(scope, receive, send)
    |   File "D:\nhatro\backend\venv\Lib\site-packages\starlette\routing.py", line 77, in app
    |     await wrap_app_handling_exceptions(app, request)(scope, receive, send)
    |   File "D:\nhatro\backend\venv\Lib\site-packages\starlette\_exception_handler.py", line 75, in wrapped_app
    |     response = await handler(conn, exc)
    |                ^^^^^^^^^^^^^^^^^^^^^^^^
    |   File "D:\nhatro\backend\app\main.py", line 157, in validation_exception_handler
    |     return JSONResponse(
    |            ^^^^^^^^^^^^^
    |   File "D:\nhatro\backend\venv\Lib\site-packages\starlette\responses.py", line 184, in __init__
    |     super().__init__(content, status_code, headers, media_type, background)
    |   File "D:\nhatro\backend\venv\Lib\site-packages\starlette\responses.py", line 41, in __init__
    |     self.body = self.render(content)
    |                 ^^^^^^^^^^^^^^^^^^^^
    |   File "D:\nhatro\backend\venv\Lib\site-packages\starlette\responses.py", line 187, in render
    |     return json.dumps(
    |            ^^^^^^^^^^^
    |   File "C:\Users\ngocson\.cache\codex-runtimes\codex-primary-runtime\dependencies\python\Lib\json\__init__.py", line 238, in dumps
    |     **kw).encode(obj)
    |           ^^^^^^^^^^^
    |   File "C:\Users\ngocson\.cache\codex-runtimes\codex-primary-runtime\dependencies\python\Lib\json\encoder.py", line 200, in encode
    |     chunks = self.iterencode(o, _one_shot=True)
    |              ^^^^^^^^^^^^^^^^^^^^^^^^^^^^^^^^^^
    |   File "C:\Users\ngocson\.cache\codex-runtimes\codex-primary-runtime\dependencies\python\Lib\json\encoder.py", line 258, in iterencode
    |     return _iterencode(o, 0)
    |            ^^^^^^^^^^^^^^^^^
    |   File "C:\Users\ngocson\.cache\codex-runtimes\codex-primary-runtime\dependencies\python\Lib\json\encoder.py", line 180, in default
    |     raise TypeError(f'Object of type {o.__class__.__name__} '
    | TypeError: Object of type ValueError is not JSON serializable
    +------------------------------------

During handling of the above exception, another exception occurred:

Traceback (most recent call last):
  File "D:\nhatro\backend\venv\Lib\site-packages\starlette\middleware\errors.py", line 164, in __call__
    await self.app(scope, receive, _send)
  File "D:\nhatro\backend\venv\Lib\site-packages\starlette\middleware\base.py", line 189, in __call__
    with collapse_excgroups():
         ^^^^^^^^^^^^^^^^^^^^
  File "C:\Users\ngocson\.cache\codex-runtimes\codex-primary-runtime\dependencies\python\Lib\contextlib.py", line 158, in __exit__
    self.gen.throw(value)
  File "D:\nhatro\backend\venv\Lib\site-packages\starlette\_utils.py", line 93, in collapse_excgroups
    raise exc
  File "D:\nhatro\backend\venv\Lib\site-packages\starlette\middleware\base.py", line 191, in __call__
    response = await self.dispatch_func(request, call_next)
               ^^^^^^^^^^^^^^^^^^^^^^^^^^^^^^^^^^^^^^^^^^^^
  File "D:\nhatro\backend\app\main.py", line 127, in rate_limit_middleware
    return await call_next(request)
           ^^^^^^^^^^^^^^^^^^^^^^^^
  File "D:\nhatro\backend\venv\Lib\site-packages\starlette\middleware\base.py", line 165, in call_next
    raise app_exc
  File "D:\nhatro\backend\venv\Lib\site-packages\starlette\middleware\base.py", line 151, in coro
    await self.app(scope, receive_or_disconnect, send_no_error)
  File "D:\nhatro\backend\venv\Lib\site-packages\starlette\middleware\base.py", line 189, in __call__
    with collapse_excgroups():
         ^^^^^^^^^^^^^^^^^^^^
  File "C:\Users\ngocson\.cache\codex-runtimes\codex-primary-runtime\dependencies\python\Lib\contextlib.py", line 158, in __exit__
    self.gen.throw(value)
  File "D:\nhatro\backend\venv\Lib\site-packages\starlette\_utils.py", line 93, in collapse_excgroups
    raise exc
  File "D:\nhatro\backend\venv\Lib\site-packages\starlette\middleware\base.py", line 191, in __call__
    response = await self.dispatch_func(request, call_next)
               ^^^^^^^^^^^^^^^^^^^^^^^^^^^^^^^^^^^^^^^^^^^^
  File "D:\nhatro\backend\app\main.py", line 93, in add_process_time
    response = await call_next(request)
               ^^^^^^^^^^^^^^^^^^^^^^^^
  File "D:\nhatro\backend\venv\Lib\site-packages\starlette\middleware\base.py", line 165, in call_next
    raise app_exc
  File "D:\nhatro\backend\venv\Lib\site-packages\starlette\middleware\base.py", line 151, in coro
    await self.app(scope, receive_or_disconnect, send_no_error)
  File "D:\nhatro\backend\venv\Lib\site-packages\starlette\middleware\base.py", line 189, in __call__
    with collapse_excgroups():
         ^^^^^^^^^^^^^^^^^^^^
  File "C:\Users\ngocson\.cache\codex-runtimes\codex-primary-runtime\dependencies\python\Lib\contextlib.py", line 158, in __exit__
    self.gen.throw(value)
  File "D:\nhatro\backend\venv\Lib\site-packages\starlette\_utils.py", line 93, in collapse_excgroups
    raise exc
  File "D:\nhatro\backend\venv\Lib\site-packages\starlette\middleware\base.py", line 191, in __call__
    response = await self.dispatch_func(request, call_next)
               ^^^^^^^^^^^^^^^^^^^^^^^^^^^^^^^^^^^^^^^^^^^^
  File "D:\nhatro\backend\app\main.py", line 86, in add_security_headers
    response = await call_next(request)
               ^^^^^^^^^^^^^^^^^^^^^^^^
  File "D:\nhatro\backend\venv\Lib\site-packages\starlette\middleware\base.py", line 165, in call_next
    raise app_exc
  File "D:\nhatro\backend\venv\Lib\site-packages\starlette\middleware\base.py", line 151, in coro
    await self.app(scope, receive_or_disconnect, send_no_error)
  File "D:\nhatro\backend\venv\Lib\site-packages\starlette\middleware\cors.py", line 85, in __call__
    await self.app(scope, receive, send)
  File "D:\nhatro\backend\venv\Lib\site-packages\starlette\middleware\exceptions.py", line 65, in __call__
    await wrap_app_handling_exceptions(self.app, conn)(scope, receive, send)
  File "D:\nhatro\backend\venv\Lib\site-packages\starlette\_exception_handler.py", line 64, in wrapped_app
    raise exc
  File "D:\nhatro\backend\venv\Lib\site-packages\starlette\_exception_handler.py", line 53, in wrapped_app
    await app(scope, receive, sender)
  File "D:\nhatro\backend\venv\Lib\site-packages\starlette\routing.py", line 756, in __call__
    await self.middleware_stack(scope, receive, send)
  File "D:\nhatro\backend\venv\Lib\site-packages\starlette\routing.py", line 776, in app
    await route.handle(scope, receive, send)
  File "D:\nhatro\backend\venv\Lib\site-packages\starlette\routing.py", line 297, in handle
    await self.app(scope, receive, send)
  File "D:\nhatro\backend\venv\Lib\site-packages\starlette\routing.py", line 77, in app
    await wrap_app_handling_exceptions(app, request)(scope, receive, send)
  File "D:\nhatro\backend\venv\Lib\site-packages\starlette\_exception_handler.py", line 75, in wrapped_app
    response = await handler(conn, exc)
               ^^^^^^^^^^^^^^^^^^^^^^^^
  File "D:\nhatro\backend\app\main.py", line 157, in validation_exception_handler
    return JSONResponse(
           ^^^^^^^^^^^^^
  File "D:\nhatro\backend\venv\Lib\site-packages\starlette\responses.py", line 184, in __init__
    super().__init__(content, status_code, headers, media_type, background)
  File "D:\nhatro\backend\venv\Lib\site-packages\starlette\responses.py", line 41, in __init__
    self.body = self.render(content)
                ^^^^^^^^^^^^^^^^^^^^
  File "D:\nhatro\backend\venv\Lib\site-packages\starlette\responses.py", line 187, in render
    return json.dumps(
           ^^^^^^^^^^^
  File "C:\Users\ngocson\.cache\codex-runtimes\codex-primary-runtime\dependencies\python\Lib\json\__init__.py", line 238, in dumps
    **kw).encode(obj)
          ^^^^^^^^^^^
  File "C:\Users\ngocson\.cache\codex-runtimes\codex-primary-runtime\dependencies\python\Lib\json\encoder.py", line 200, in encode
    chunks = self.iterencode(o, _one_shot=True)
             ^^^^^^^^^^^^^^^^^^^^^^^^^^^^^^^^^^
  File "C:\Users\ngocson\.cache\codex-runtimes\codex-primary-runtime\dependencies\python\Lib\json\encoder.py", line 258, in iterencode
    return _iterencode(o, 0)
           ^^^^^^^^^^^^^^^^^
  File "C:\Users\ngocson\.cache\codex-runtimes\codex-primary-runtime\dependencies\python\Lib\json\encoder.py", line 180, in default
    raise TypeError(f'Object of type {o.__class__.__name__} '
TypeError: Object of type ValueError is not JSON serializable
==============================================

=== VALIDATION ERROR AT POST /api/v1/auth/login ===
[{'type': 'value_error', 'loc': ('body', 'email'), 'msg': 'value is not a valid email address: An email address must have an @-sign.', 'input': '/etc/passwd', 'ctx': {'reason': 'An email address must have an @-sign.'}}]
==============================================

=== VALIDATION ERROR AT POST /api/v1/auth/register/send-otp ===
[{'type': 'value_error', 'loc': ('body', 'email'), 'msg': 'value is not a valid email address: An email address must have an @-sign.', 'input': '/etc/passwd', 'ctx': {'reason': 'An email address must have an @-sign.'}}]
==============================================

=== VALIDATION ERROR AT POST /api/v1/auth/register ===
[{'type': 'value_error', 'loc': ('body', 'email'), 'msg': 'value is not a valid email address: An email address must have an @-sign.', 'input': '/etc/passwd', 'ctx': {'reason': 'An email address must have an @-sign.'}}, {'type': 'value_error', 'loc': ('body', 'password'), 'msg': 'Value error, Password must be at least 8 characters', 'input': 'ZAP', 'ctx': {'error': ValueError('Password must be at least 8 characters')}}, {'type': 'string_type', 'loc': ('body', 'phone'), 'msg': 'Input should be a valid string', 'input': 9999999999}, {'type': 'value_error', 'loc': ('body', 'otp_code'), 'msg': 'Value error, OTP code must be 6 digits', 'input': 'John Doe', 'ctx': {'error': ValueError('OTP code must be 6 digits')}}]
==============================================

=== VALIDATION ERROR AT POST /api/v1/auth/forgot-password ===
[{'type': 'value_error', 'loc': ('body', 'email'), 'msg': 'value is not a valid email address: An email address must have an @-sign.', 'input': '/etc/passwd', 'ctx': {'reason': 'An email address must have an @-sign.'}}]
==============================================

=== GLOBAL EXCEPTION HANDLER AT POST /api/v1/auth/register ===
  + Exception Group Traceback (most recent call last):
  |   File "D:\nhatro\backend\venv\Lib\site-packages\starlette\_utils.py", line 87, in collapse_excgroups
  |     yield
  |   File "D:\nhatro\backend\venv\Lib\site-packages\starlette\middleware\base.py", line 190, in __call__
  |     async with anyio.create_task_group() as task_group:
  |                ^^^^^^^^^^^^^^^^^^^^^^^^^
  |   File "D:\nhatro\backend\venv\Lib\site-packages\anyio\_backends\_asyncio.py", line 799, in __aexit__
  |     raise BaseExceptionGroup(
  | ExceptionGroup: unhandled errors in a TaskGroup (1 sub-exception)
  +-+---------------- 1 ----------------
    | Traceback (most recent call last):
    |   File "D:\nhatro\backend\venv\Lib\site-packages\starlette\middleware\errors.py", line 164, in __call__
    |     await self.app(scope, receive, _send)
    |   File "D:\nhatro\backend\venv\Lib\site-packages\starlette\middleware\base.py", line 189, in __call__
    |     with collapse_excgroups():
    |          ^^^^^^^^^^^^^^^^^^^^
    |   File "C:\Users\ngocson\.cache\codex-runtimes\codex-primary-runtime\dependencies\python\Lib\contextlib.py", line 158, in __exit__
    |     self.gen.throw(value)
    |   File "D:\nhatro\backend\venv\Lib\site-packages\starlette\_utils.py", line 93, in collapse_excgroups
    |     raise exc
    |   File "D:\nhatro\backend\venv\Lib\site-packages\starlette\middleware\base.py", line 191, in __call__
    |     response = await self.dispatch_func(request, call_next)
    |                ^^^^^^^^^^^^^^^^^^^^^^^^^^^^^^^^^^^^^^^^^^^^
    |   File "D:\nhatro\backend\app\main.py", line 127, in rate_limit_middleware
    |     return await call_next(request)
    |            ^^^^^^^^^^^^^^^^^^^^^^^^
    |   File "D:\nhatro\backend\venv\Lib\site-packages\starlette\middleware\base.py", line 165, in call_next
    |     raise app_exc
    |   File "D:\nhatro\backend\venv\Lib\site-packages\starlette\middleware\base.py", line 151, in coro
    |     await self.app(scope, receive_or_disconnect, send_no_error)
    |   File "D:\nhatro\backend\venv\Lib\site-packages\starlette\middleware\base.py", line 189, in __call__
    |     with collapse_excgroups():
    |          ^^^^^^^^^^^^^^^^^^^^
    |   File "C:\Users\ngocson\.cache\codex-runtimes\codex-primary-runtime\dependencies\python\Lib\contextlib.py", line 158, in __exit__
    |     self.gen.throw(value)
    |   File "D:\nhatro\backend\venv\Lib\site-packages\starlette\_utils.py", line 93, in collapse_excgroups
    |     raise exc
    |   File "D:\nhatro\backend\venv\Lib\site-packages\starlette\middleware\base.py", line 191, in __call__
    |     response = await self.dispatch_func(request, call_next)
    |                ^^^^^^^^^^^^^^^^^^^^^^^^^^^^^^^^^^^^^^^^^^^^
    |   File "D:\nhatro\backend\app\main.py", line 93, in add_process_time
    |     response = await call_next(request)
    |                ^^^^^^^^^^^^^^^^^^^^^^^^
    |   File "D:\nhatro\backend\venv\Lib\site-packages\starlette\middleware\base.py", line 165, in call_next
    |     raise app_exc
    |   File "D:\nhatro\backend\venv\Lib\site-packages\starlette\middleware\base.py", line 151, in coro
    |     await self.app(scope, receive_or_disconnect, send_no_error)
    |   File "D:\nhatro\backend\venv\Lib\site-packages\starlette\middleware\base.py", line 189, in __call__
    |     with collapse_excgroups():
    |          ^^^^^^^^^^^^^^^^^^^^
    |   File "C:\Users\ngocson\.cache\codex-runtimes\codex-primary-runtime\dependencies\python\Lib\contextlib.py", line 158, in __exit__
    |     self.gen.throw(value)
    |   File "D:\nhatro\backend\venv\Lib\site-packages\starlette\_utils.py", line 93, in collapse_excgroups
    |     raise exc
    |   File "D:\nhatro\backend\venv\Lib\site-packages\starlette\middleware\base.py", line 191, in __call__
    |     response = await self.dispatch_func(request, call_next)
    |                ^^^^^^^^^^^^^^^^^^^^^^^^^^^^^^^^^^^^^^^^^^^^
    |   File "D:\nhatro\backend\app\main.py", line 86, in add_security_headers
    |     response = await call_next(request)
    |                ^^^^^^^^^^^^^^^^^^^^^^^^
    |   File "D:\nhatro\backend\venv\Lib\site-packages\starlette\middleware\base.py", line 165, in call_next
    |     raise app_exc
    |   File "D:\nhatro\backend\venv\Lib\site-packages\starlette\middleware\base.py", line 151, in coro
    |     await self.app(scope, receive_or_disconnect, send_no_error)
    |   File "D:\nhatro\backend\venv\Lib\site-packages\starlette\middleware\cors.py", line 85, in __call__
    |     await self.app(scope, receive, send)
    |   File "D:\nhatro\backend\venv\Lib\site-packages\starlette\middleware\exceptions.py", line 65, in __call__
    |     await wrap_app_handling_exceptions(self.app, conn)(scope, receive, send)
    |   File "D:\nhatro\backend\venv\Lib\site-packages\starlette\_exception_handler.py", line 64, in wrapped_app
    |     raise exc
    |   File "D:\nhatro\backend\venv\Lib\site-packages\starlette\_exception_handler.py", line 53, in wrapped_app
    |     await app(scope, receive, sender)
    |   File "D:\nhatro\backend\venv\Lib\site-packages\starlette\routing.py", line 756, in __call__
    |     await self.middleware_stack(scope, receive, send)
    |   File "D:\nhatro\backend\venv\Lib\site-packages\starlette\routing.py", line 776, in app
    |     await route.handle(scope, receive, send)
    |   File "D:\nhatro\backend\venv\Lib\site-packages\starlette\routing.py", line 297, in handle
    |     await self.app(scope, receive, send)
    |   File "D:\nhatro\backend\venv\Lib\site-packages\starlette\routing.py", line 77, in app
    |     await wrap_app_handling_exceptions(app, request)(scope, receive, send)
    |   File "D:\nhatro\backend\venv\Lib\site-packages\starlette\_exception_handler.py", line 75, in wrapped_app
    |     response = await handler(conn, exc)
    |                ^^^^^^^^^^^^^^^^^^^^^^^^
    |   File "D:\nhatro\backend\app\main.py", line 157, in validation_exception_handler
    |     return JSONResponse(
    |            ^^^^^^^^^^^^^
    |   File "D:\nhatro\backend\venv\Lib\site-packages\starlette\responses.py", line 184, in __init__
    |     super().__init__(content, status_code, headers, media_type, background)
    |   File "D:\nhatro\backend\venv\Lib\site-packages\starlette\responses.py", line 41, in __init__
    |     self.body = self.render(content)
    |                 ^^^^^^^^^^^^^^^^^^^^
    |   File "D:\nhatro\backend\venv\Lib\site-packages\starlette\responses.py", line 187, in render
    |     return json.dumps(
    |            ^^^^^^^^^^^
    |   File "C:\Users\ngocson\.cache\codex-runtimes\codex-primary-runtime\dependencies\python\Lib\json\__init__.py", line 238, in dumps
    |     **kw).encode(obj)
    |           ^^^^^^^^^^^
    |   File "C:\Users\ngocson\.cache\codex-runtimes\codex-primary-runtime\dependencies\python\Lib\json\encoder.py", line 200, in encode
    |     chunks = self.iterencode(o, _one_shot=True)
    |              ^^^^^^^^^^^^^^^^^^^^^^^^^^^^^^^^^^
    |   File "C:\Users\ngocson\.cache\codex-runtimes\codex-primary-runtime\dependencies\python\Lib\json\encoder.py", line 258, in iterencode
    |     return _iterencode(o, 0)
    |            ^^^^^^^^^^^^^^^^^
    |   File "C:\Users\ngocson\.cache\codex-runtimes\codex-primary-runtime\dependencies\python\Lib\json\encoder.py", line 180, in default
    |     raise TypeError(f'Object of type {o.__class__.__name__} '
    | TypeError: Object of type ValueError is not JSON serializable
    +------------------------------------

During handling of the above exception, another exception occurred:

Traceback (most recent call last):
  File "D:\nhatro\backend\venv\Lib\site-packages\starlette\middleware\errors.py", line 164, in __call__
    await self.app(scope, receive, _send)
  File "D:\nhatro\backend\venv\Lib\site-packages\starlette\middleware\base.py", line 189, in __call__
    with collapse_excgroups():
         ^^^^^^^^^^^^^^^^^^^^
  File "C:\Users\ngocson\.cache\codex-runtimes\codex-primary-runtime\dependencies\python\Lib\contextlib.py", line 158, in __exit__
    self.gen.throw(value)
  File "D:\nhatro\backend\venv\Lib\site-packages\starlette\_utils.py", line 93, in collapse_excgroups
    raise exc
  File "D:\nhatro\backend\venv\Lib\site-packages\starlette\middleware\base.py", line 191, in __call__
    response = await self.dispatch_func(request, call_next)
               ^^^^^^^^^^^^^^^^^^^^^^^^^^^^^^^^^^^^^^^^^^^^
  File "D:\nhatro\backend\app\main.py", line 127, in rate_limit_middleware
    return await call_next(request)
           ^^^^^^^^^^^^^^^^^^^^^^^^
  File "D:\nhatro\backend\venv\Lib\site-packages\starlette\middleware\base.py", line 165, in call_next
    raise app_exc
  File "D:\nhatro\backend\venv\Lib\site-packages\starlette\middleware\base.py", line 151, in coro
    await self.app(scope, receive_or_disconnect, send_no_error)
  File "D:\nhatro\backend\venv\Lib\site-packages\starlette\middleware\base.py", line 189, in __call__
    with collapse_excgroups():
         ^^^^^^^^^^^^^^^^^^^^
  File "C:\Users\ngocson\.cache\codex-runtimes\codex-primary-runtime\dependencies\python\Lib\contextlib.py", line 158, in __exit__
    self.gen.throw(value)
  File "D:\nhatro\backend\venv\Lib\site-packages\starlette\_utils.py", line 93, in collapse_excgroups
    raise exc
  File "D:\nhatro\backend\venv\Lib\site-packages\starlette\middleware\base.py", line 191, in __call__
    response = await self.dispatch_func(request, call_next)
               ^^^^^^^^^^^^^^^^^^^^^^^^^^^^^^^^^^^^^^^^^^^^
  File "D:\nhatro\backend\app\main.py", line 93, in add_process_time
    response = await call_next(request)
               ^^^^^^^^^^^^^^^^^^^^^^^^
  File "D:\nhatro\backend\venv\Lib\site-packages\starlette\middleware\base.py", line 165, in call_next
    raise app_exc
  File "D:\nhatro\backend\venv\Lib\site-packages\starlette\middleware\base.py", line 151, in coro
    await self.app(scope, receive_or_disconnect, send_no_error)
  File "D:\nhatro\backend\venv\Lib\site-packages\starlette\middleware\base.py", line 189, in __call__
    with collapse_excgroups():
         ^^^^^^^^^^^^^^^^^^^^
  File "C:\Users\ngocson\.cache\codex-runtimes\codex-primary-runtime\dependencies\python\Lib\contextlib.py", line 158, in __exit__
    self.gen.throw(value)
  File "D:\nhatro\backend\venv\Lib\site-packages\starlette\_utils.py", line 93, in collapse_excgroups
    raise exc
  File "D:\nhatro\backend\venv\Lib\site-packages\starlette\middleware\base.py", line 191, in __call__
    response = await self.dispatch_func(request, call_next)
               ^^^^^^^^^^^^^^^^^^^^^^^^^^^^^^^^^^^^^^^^^^^^
  File "D:\nhatro\backend\app\main.py", line 86, in add_security_headers
    response = await call_next(request)
               ^^^^^^^^^^^^^^^^^^^^^^^^
  File "D:\nhatro\backend\venv\Lib\site-packages\starlette\middleware\base.py", line 165, in call_next
    raise app_exc
  File "D:\nhatro\backend\venv\Lib\site-packages\starlette\middleware\base.py", line 151, in coro
    await self.app(scope, receive_or_disconnect, send_no_error)
  File "D:\nhatro\backend\venv\Lib\site-packages\starlette\middleware\cors.py", line 85, in __call__
    await self.app(scope, receive, send)
  File "D:\nhatro\backend\venv\Lib\site-packages\starlette\middleware\exceptions.py", line 65, in __call__
    await wrap_app_handling_exceptions(self.app, conn)(scope, receive, send)
  File "D:\nhatro\backend\venv\Lib\site-packages\starlette\_exception_handler.py", line 64, in wrapped_app
    raise exc
  File "D:\nhatro\backend\venv\Lib\site-packages\starlette\_exception_handler.py", line 53, in wrapped_app
    await app(scope, receive, sender)
  File "D:\nhatro\backend\venv\Lib\site-packages\starlette\routing.py", line 756, in __call__
    await self.middleware_stack(scope, receive, send)
  File "D:\nhatro\backend\venv\Lib\site-packages\starlette\routing.py", line 776, in app
    await route.handle(scope, receive, send)
  File "D:\nhatro\backend\venv\Lib\site-packages\starlette\routing.py", line 297, in handle
    await self.app(scope, receive, send)
  File "D:\nhatro\backend\venv\Lib\site-packages\starlette\routing.py", line 77, in app
    await wrap_app_handling_exceptions(app, request)(scope, receive, send)
  File "D:\nhatro\backend\venv\Lib\site-packages\starlette\_exception_handler.py", line 75, in wrapped_app
    response = await handler(conn, exc)
               ^^^^^^^^^^^^^^^^^^^^^^^^
  File "D:\nhatro\backend\app\main.py", line 157, in validation_exception_handler
    return JSONResponse(
           ^^^^^^^^^^^^^
  File "D:\nhatro\backend\venv\Lib\site-packages\starlette\responses.py", line 184, in __init__
    super().__init__(content, status_code, headers, media_type, background)
  File "D:\nhatro\backend\venv\Lib\site-packages\starlette\responses.py", line 41, in __init__
    self.body = self.render(content)
                ^^^^^^^^^^^^^^^^^^^^
  File "D:\nhatro\backend\venv\Lib\site-packages\starlette\responses.py", line 187, in render
    return json.dumps(
           ^^^^^^^^^^^
  File "C:\Users\ngocson\.cache\codex-runtimes\codex-primary-runtime\dependencies\python\Lib\json\__init__.py", line 238, in dumps
    **kw).encode(obj)
          ^^^^^^^^^^^
  File "C:\Users\ngocson\.cache\codex-runtimes\codex-primary-runtime\dependencies\python\Lib\json\encoder.py", line 200, in encode
    chunks = self.iterencode(o, _one_shot=True)
             ^^^^^^^^^^^^^^^^^^^^^^^^^^^^^^^^^^
  File "C:\Users\ngocson\.cache\codex-runtimes\codex-primary-runtime\dependencies\python\Lib\json\encoder.py", line 258, in iterencode
    return _iterencode(o, 0)
           ^^^^^^^^^^^^^^^^^
  File "C:\Users\ngocson\.cache\codex-runtimes\codex-primary-runtime\dependencies\python\Lib\json\encoder.py", line 180, in default
    raise TypeError(f'Object of type {o.__class__.__name__} '
TypeError: Object of type ValueError is not JSON serializable
==============================================

=== VALIDATION ERROR AT POST /api/v1/auth/login ===
[{'type': 'value_error', 'loc': ('body', 'email'), 'msg': 'value is not a valid email address: An email address must have an @-sign.', 'input': '../../../../../../../../../../../../../../../../etc/passwd', 'ctx': {'reason': 'An email address must have an @-sign.'}}]
==============================================

=== VALIDATION ERROR AT POST /api/v1/auth/register/send-otp ===
[{'type': 'value_error', 'loc': ('body', 'email'), 'msg': 'value is not a valid email address: An email address must have an @-sign.', 'input': '../../../../../../../../../../../../../../../../etc/passwd', 'ctx': {'reason': 'An email address must have an @-sign.'}}]
==============================================

=== VALIDATION ERROR AT POST /api/v1/auth/register ===
[{'type': 'value_error', 'loc': ('body', 'email'), 'msg': 'value is not a valid email address: An email address must have an @-sign.', 'input': '../../../../../../../../../../../../../../../../etc/passwd', 'ctx': {'reason': 'An email address must have an @-sign.'}}, {'type': 'value_error', 'loc': ('body', 'password'), 'msg': 'Value error, Password must be at least 8 characters', 'input': 'ZAP', 'ctx': {'error': ValueError('Password must be at least 8 characters')}}, {'type': 'string_type', 'loc': ('body', 'phone'), 'msg': 'Input should be a valid string', 'input': 9999999999}, {'type': 'value_error', 'loc': ('body', 'otp_code'), 'msg': 'Value error, OTP code must be 6 digits', 'input': 'John Doe', 'ctx': {'error': ValueError('OTP code must be 6 digits')}}]
==============================================

=== VALIDATION ERROR AT POST /api/v1/auth/forgot-password ===
[{'type': 'value_error', 'loc': ('body', 'email'), 'msg': 'value is not a valid email address: An email address must have an @-sign.', 'input': '../../../../../../../../../../../../../../../../etc/passwd', 'ctx': {'reason': 'An email address must have an @-sign.'}}]
==============================================

=== GLOBAL EXCEPTION HANDLER AT POST /api/v1/auth/register ===
  + Exception Group Traceback (most recent call last):
  |   File "D:\nhatro\backend\venv\Lib\site-packages\starlette\_utils.py", line 87, in collapse_excgroups
  |     yield
  |   File "D:\nhatro\backend\venv\Lib\site-packages\starlette\middleware\base.py", line 190, in __call__
  |     async with anyio.create_task_group() as task_group:
  |                ^^^^^^^^^^^^^^^^^^^^^^^^^
  |   File "D:\nhatro\backend\venv\Lib\site-packages\anyio\_backends\_asyncio.py", line 799, in __aexit__
  |     raise BaseExceptionGroup(
  | ExceptionGroup: unhandled errors in a TaskGroup (1 sub-exception)
  +-+---------------- 1 ----------------
    | Traceback (most recent call last):
    |   File "D:\nhatro\backend\venv\Lib\site-packages\starlette\middleware\errors.py", line 164, in __call__
    |     await self.app(scope, receive, _send)
    |   File "D:\nhatro\backend\venv\Lib\site-packages\starlette\middleware\base.py", line 189, in __call__
    |     with collapse_excgroups():
    |          ^^^^^^^^^^^^^^^^^^^^
    |   File "C:\Users\ngocson\.cache\codex-runtimes\codex-primary-runtime\dependencies\python\Lib\contextlib.py", line 158, in __exit__
    |     self.gen.throw(value)
    |   File "D:\nhatro\backend\venv\Lib\site-packages\starlette\_utils.py", line 93, in collapse_excgroups
    |     raise exc
    |   File "D:\nhatro\backend\venv\Lib\site-packages\starlette\middleware\base.py", line 191, in __call__
    |     response = await self.dispatch_func(request, call_next)
    |                ^^^^^^^^^^^^^^^^^^^^^^^^^^^^^^^^^^^^^^^^^^^^
    |   File "D:\nhatro\backend\app\main.py", line 127, in rate_limit_middleware
    |     return await call_next(request)
    |            ^^^^^^^^^^^^^^^^^^^^^^^^
    |   File "D:\nhatro\backend\venv\Lib\site-packages\starlette\middleware\base.py", line 165, in call_next
    |     raise app_exc
    |   File "D:\nhatro\backend\venv\Lib\site-packages\starlette\middleware\base.py", line 151, in coro
    |     await self.app(scope, receive_or_disconnect, send_no_error)
    |   File "D:\nhatro\backend\venv\Lib\site-packages\starlette\middleware\base.py", line 189, in __call__
    |     with collapse_excgroups():
    |          ^^^^^^^^^^^^^^^^^^^^
    |   File "C:\Users\ngocson\.cache\codex-runtimes\codex-primary-runtime\dependencies\python\Lib\contextlib.py", line 158, in __exit__
    |     self.gen.throw(value)
    |   File "D:\nhatro\backend\venv\Lib\site-packages\starlette\_utils.py", line 93, in collapse_excgroups
    |     raise exc
    |   File "D:\nhatro\backend\venv\Lib\site-packages\starlette\middleware\base.py", line 191, in __call__
    |     response = await self.dispatch_func(request, call_next)
    |                ^^^^^^^^^^^^^^^^^^^^^^^^^^^^^^^^^^^^^^^^^^^^
    |   File "D:\nhatro\backend\app\main.py", line 93, in add_process_time
    |     response = await call_next(request)
    |                ^^^^^^^^^^^^^^^^^^^^^^^^
    |   File "D:\nhatro\backend\venv\Lib\site-packages\starlette\middleware\base.py", line 165, in call_next
    |     raise app_exc
    |   File "D:\nhatro\backend\venv\Lib\site-packages\starlette\middleware\base.py", line 151, in coro
    |     await self.app(scope, receive_or_disconnect, send_no_error)
    |   File "D:\nhatro\backend\venv\Lib\site-packages\starlette\middleware\base.py", line 189, in __call__
    |     with collapse_excgroups():
    |          ^^^^^^^^^^^^^^^^^^^^
    |   File "C:\Users\ngocson\.cache\codex-runtimes\codex-primary-runtime\dependencies\python\Lib\contextlib.py", line 158, in __exit__
    |     self.gen.throw(value)
    |   File "D:\nhatro\backend\venv\Lib\site-packages\starlette\_utils.py", line 93, in collapse_excgroups
    |     raise exc
    |   File "D:\nhatro\backend\venv\Lib\site-packages\starlette\middleware\base.py", line 191, in __call__
    |     response = await self.dispatch_func(request, call_next)
    |                ^^^^^^^^^^^^^^^^^^^^^^^^^^^^^^^^^^^^^^^^^^^^
    |   File "D:\nhatro\backend\app\main.py", line 86, in add_security_headers
    |     response = await call_next(request)
    |                ^^^^^^^^^^^^^^^^^^^^^^^^
    |   File "D:\nhatro\backend\venv\Lib\site-packages\starlette\middleware\base.py", line 165, in call_next
    |     raise app_exc
    |   File "D:\nhatro\backend\venv\Lib\site-packages\starlette\middleware\base.py", line 151, in coro
    |     await self.app(scope, receive_or_disconnect, send_no_error)
    |   File "D:\nhatro\backend\venv\Lib\site-packages\starlette\middleware\cors.py", line 85, in __call__
    |     await self.app(scope, receive, send)
    |   File "D:\nhatro\backend\venv\Lib\site-packages\starlette\middleware\exceptions.py", line 65, in __call__
    |     await wrap_app_handling_exceptions(self.app, conn)(scope, receive, send)
    |   File "D:\nhatro\backend\venv\Lib\site-packages\starlette\_exception_handler.py", line 64, in wrapped_app
    |     raise exc
    |   File "D:\nhatro\backend\venv\Lib\site-packages\starlette\_exception_handler.py", line 53, in wrapped_app
    |     await app(scope, receive, sender)
    |   File "D:\nhatro\backend\venv\Lib\site-packages\starlette\routing.py", line 756, in __call__
    |     await self.middleware_stack(scope, receive, send)
    |   File "D:\nhatro\backend\venv\Lib\site-packages\starlette\routing.py", line 776, in app
    |     await route.handle(scope, receive, send)
    |   File "D:\nhatro\backend\venv\Lib\site-packages\starlette\routing.py", line 297, in handle
    |     await self.app(scope, receive, send)
    |   File "D:\nhatro\backend\venv\Lib\site-packages\starlette\routing.py", line 77, in app
    |     await wrap_app_handling_exceptions(app, request)(scope, receive, send)
    |   File "D:\nhatro\backend\venv\Lib\site-packages\starlette\_exception_handler.py", line 75, in wrapped_app
    |     response = await handler(conn, exc)
    |                ^^^^^^^^^^^^^^^^^^^^^^^^
    |   File "D:\nhatro\backend\app\main.py", line 157, in validation_exception_handler
    |     return JSONResponse(
    |            ^^^^^^^^^^^^^
    |   File "D:\nhatro\backend\venv\Lib\site-packages\starlette\responses.py", line 184, in __init__
    |     super().__init__(content, status_code, headers, media_type, background)
    |   File "D:\nhatro\backend\venv\Lib\site-packages\starlette\responses.py", line 41, in __init__
    |     self.body = self.render(content)
    |                 ^^^^^^^^^^^^^^^^^^^^
    |   File "D:\nhatro\backend\venv\Lib\site-packages\starlette\responses.py", line 187, in render
    |     return json.dumps(
    |            ^^^^^^^^^^^
    |   File "C:\Users\ngocson\.cache\codex-runtimes\codex-primary-runtime\dependencies\python\Lib\json\__init__.py", line 238, in dumps
    |     **kw).encode(obj)
    |           ^^^^^^^^^^^
    |   File "C:\Users\ngocson\.cache\codex-runtimes\codex-primary-runtime\dependencies\python\Lib\json\encoder.py", line 200, in encode
    |     chunks = self.iterencode(o, _one_shot=True)
    |              ^^^^^^^^^^^^^^^^^^^^^^^^^^^^^^^^^^
    |   File "C:\Users\ngocson\.cache\codex-runtimes\codex-primary-runtime\dependencies\python\Lib\json\encoder.py", line 258, in iterencode
    |     return _iterencode(o, 0)
    |            ^^^^^^^^^^^^^^^^^
    |   File "C:\Users\ngocson\.cache\codex-runtimes\codex-primary-runtime\dependencies\python\Lib\json\encoder.py", line 180, in default
    |     raise TypeError(f'Object of type {o.__class__.__name__} '
    | TypeError: Object of type ValueError is not JSON serializable
    +------------------------------------

During handling of the above exception, another exception occurred:

Traceback (most recent call last):
  File "D:\nhatro\backend\venv\Lib\site-packages\starlette\middleware\errors.py", line 164, in __call__
    await self.app(scope, receive, _send)
  File "D:\nhatro\backend\venv\Lib\site-packages\starlette\middleware\base.py", line 189, in __call__
    with collapse_excgroups():
         ^^^^^^^^^^^^^^^^^^^^
  File "C:\Users\ngocson\.cache\codex-runtimes\codex-primary-runtime\dependencies\python\Lib\contextlib.py", line 158, in __exit__
    self.gen.throw(value)
  File "D:\nhatro\backend\venv\Lib\site-packages\starlette\_utils.py", line 93, in collapse_excgroups
    raise exc
  File "D:\nhatro\backend\venv\Lib\site-packages\starlette\middleware\base.py", line 191, in __call__
    response = await self.dispatch_func(request, call_next)
               ^^^^^^^^^^^^^^^^^^^^^^^^^^^^^^^^^^^^^^^^^^^^
  File "D:\nhatro\backend\app\main.py", line 127, in rate_limit_middleware
    return await call_next(request)
           ^^^^^^^^^^^^^^^^^^^^^^^^
  File "D:\nhatro\backend\venv\Lib\site-packages\starlette\middleware\base.py", line 165, in call_next
    raise app_exc
  File "D:\nhatro\backend\venv\Lib\site-packages\starlette\middleware\base.py", line 151, in coro
    await self.app(scope, receive_or_disconnect, send_no_error)
  File "D:\nhatro\backend\venv\Lib\site-packages\starlette\middleware\base.py", line 189, in __call__
    with collapse_excgroups():
         ^^^^^^^^^^^^^^^^^^^^
  File "C:\Users\ngocson\.cache\codex-runtimes\codex-primary-runtime\dependencies\python\Lib\contextlib.py", line 158, in __exit__
    self.gen.throw(value)
  File "D:\nhatro\backend\venv\Lib\site-packages\starlette\_utils.py", line 93, in collapse_excgroups
    raise exc
  File "D:\nhatro\backend\venv\Lib\site-packages\starlette\middleware\base.py", line 191, in __call__
    response = await self.dispatch_func(request, call_next)
               ^^^^^^^^^^^^^^^^^^^^^^^^^^^^^^^^^^^^^^^^^^^^
  File "D:\nhatro\backend\app\main.py", line 93, in add_process_time
    response = await call_next(request)
               ^^^^^^^^^^^^^^^^^^^^^^^^
  File "D:\nhatro\backend\venv\Lib\site-packages\starlette\middleware\base.py", line 165, in call_next
    raise app_exc
  File "D:\nhatro\backend\venv\Lib\site-packages\starlette\middleware\base.py", line 151, in coro
    await self.app(scope, receive_or_disconnect, send_no_error)
  File "D:\nhatro\backend\venv\Lib\site-packages\starlette\middleware\base.py", line 189, in __call__
    with collapse_excgroups():
         ^^^^^^^^^^^^^^^^^^^^
  File "C:\Users\ngocson\.cache\codex-runtimes\codex-primary-runtime\dependencies\python\Lib\contextlib.py", line 158, in __exit__
    self.gen.throw(value)
  File "D:\nhatro\backend\venv\Lib\site-packages\starlette\_utils.py", line 93, in collapse_excgroups
    raise exc
  File "D:\nhatro\backend\venv\Lib\site-packages\starlette\middleware\base.py", line 191, in __call__
    response = await self.dispatch_func(request, call_next)
               ^^^^^^^^^^^^^^^^^^^^^^^^^^^^^^^^^^^^^^^^^^^^
  File "D:\nhatro\backend\app\main.py", line 86, in add_security_headers
    response = await call_next(request)
               ^^^^^^^^^^^^^^^^^^^^^^^^
  File "D:\nhatro\backend\venv\Lib\site-packages\starlette\middleware\base.py", line 165, in call_next
    raise app_exc
  File "D:\nhatro\backend\venv\Lib\site-packages\starlette\middleware\base.py", line 151, in coro
    await self.app(scope, receive_or_disconnect, send_no_error)
  File "D:\nhatro\backend\venv\Lib\site-packages\starlette\middleware\cors.py", line 85, in __call__
    await self.app(scope, receive, send)
  File "D:\nhatro\backend\venv\Lib\site-packages\starlette\middleware\exceptions.py", line 65, in __call__
    await wrap_app_handling_exceptions(self.app, conn)(scope, receive, send)
  File "D:\nhatro\backend\venv\Lib\site-packages\starlette\_exception_handler.py", line 64, in wrapped_app
    raise exc
  File "D:\nhatro\backend\venv\Lib\site-packages\starlette\_exception_handler.py", line 53, in wrapped_app
    await app(scope, receive, sender)
  File "D:\nhatro\backend\venv\Lib\site-packages\starlette\routing.py", line 756, in __call__
    await self.middleware_stack(scope, receive, send)
  File "D:\nhatro\backend\venv\Lib\site-packages\starlette\routing.py", line 776, in app
    await route.handle(scope, receive, send)
  File "D:\nhatro\backend\venv\Lib\site-packages\starlette\routing.py", line 297, in handle
    await self.app(scope, receive, send)
  File "D:\nhatro\backend\venv\Lib\site-packages\starlette\routing.py", line 77, in app
    await wrap_app_handling_exceptions(app, request)(scope, receive, send)
  File "D:\nhatro\backend\venv\Lib\site-packages\starlette\_exception_handler.py", line 75, in wrapped_app
    response = await handler(conn, exc)
               ^^^^^^^^^^^^^^^^^^^^^^^^
  File "D:\nhatro\backend\app\main.py", line 157, in validation_exception_handler
    return JSONResponse(
           ^^^^^^^^^^^^^
  File "D:\nhatro\backend\venv\Lib\site-packages\starlette\responses.py", line 184, in __init__
    super().__init__(content, status_code, headers, media_type, background)
  File "D:\nhatro\backend\venv\Lib\site-packages\starlette\responses.py", line 41, in __init__
    self.body = self.render(content)
                ^^^^^^^^^^^^^^^^^^^^
  File "D:\nhatro\backend\venv\Lib\site-packages\starlette\responses.py", line 187, in render
    return json.dumps(
           ^^^^^^^^^^^
  File "C:\Users\ngocson\.cache\codex-runtimes\codex-primary-runtime\dependencies\python\Lib\json\__init__.py", line 238, in dumps
    **kw).encode(obj)
          ^^^^^^^^^^^
  File "C:\Users\ngocson\.cache\codex-runtimes\codex-primary-runtime\dependencies\python\Lib\json\encoder.py", line 200, in encode
    chunks = self.iterencode(o, _one_shot=True)
             ^^^^^^^^^^^^^^^^^^^^^^^^^^^^^^^^^^
  File "C:\Users\ngocson\.cache\codex-runtimes\codex-primary-runtime\dependencies\python\Lib\json\encoder.py", line 258, in iterencode
    return _iterencode(o, 0)
           ^^^^^^^^^^^^^^^^^
  File "C:\Users\ngocson\.cache\codex-runtimes\codex-primary-runtime\dependencies\python\Lib\json\encoder.py", line 180, in default
    raise TypeError(f'Object of type {o.__class__.__name__} '
TypeError: Object of type ValueError is not JSON serializable
==============================================

=== VALIDATION ERROR AT POST /api/v1/auth/login ===
[{'type': 'value_error', 'loc': ('body', 'email'), 'msg': 'value is not a valid email address: An email address must have an @-sign.', 'input': '/', 'ctx': {'reason': 'An email address must have an @-sign.'}}]
==============================================

=== VALIDATION ERROR AT POST /api/v1/auth/register/send-otp ===
[{'type': 'value_error', 'loc': ('body', 'email'), 'msg': 'value is not a valid email address: An email address must have an @-sign.', 'input': '/', 'ctx': {'reason': 'An email address must have an @-sign.'}}]
==============================================

=== VALIDATION ERROR AT POST /api/v1/auth/register ===
[{'type': 'value_error', 'loc': ('body', 'email'), 'msg': 'value is not a valid email address: An email address must have an @-sign.', 'input': '/', 'ctx': {'reason': 'An email address must have an @-sign.'}}, {'type': 'value_error', 'loc': ('body', 'password'), 'msg': 'Value error, Password must be at least 8 characters', 'input': 'ZAP', 'ctx': {'error': ValueError('Password must be at least 8 characters')}}, {'type': 'string_type', 'loc': ('body', 'phone'), 'msg': 'Input should be a valid string', 'input': 9999999999}, {'type': 'value_error', 'loc': ('body', 'otp_code'), 'msg': 'Value error, OTP code must be 6 digits', 'input': 'John Doe', 'ctx': {'error': ValueError('OTP code must be 6 digits')}}]
==============================================

=== VALIDATION ERROR AT POST /api/v1/auth/forgot-password ===
[{'type': 'value_error', 'loc': ('body', 'email'), 'msg': 'value is not a valid email address: An email address must have an @-sign.', 'input': '/', 'ctx': {'reason': 'An email address must have an @-sign.'}}]
==============================================

=== GLOBAL EXCEPTION HANDLER AT POST /api/v1/auth/register ===
  + Exception Group Traceback (most recent call last):
  |   File "D:\nhatro\backend\venv\Lib\site-packages\starlette\_utils.py", line 87, in collapse_excgroups
  |     yield
  |   File "D:\nhatro\backend\venv\Lib\site-packages\starlette\middleware\base.py", line 190, in __call__
  |     async with anyio.create_task_group() as task_group:
  |                ^^^^^^^^^^^^^^^^^^^^^^^^^
  |   File "D:\nhatro\backend\venv\Lib\site-packages\anyio\_backends\_asyncio.py", line 799, in __aexit__
  |     raise BaseExceptionGroup(
  | ExceptionGroup: unhandled errors in a TaskGroup (1 sub-exception)
  +-+---------------- 1 ----------------
    | Traceback (most recent call last):
    |   File "D:\nhatro\backend\venv\Lib\site-packages\starlette\middleware\errors.py", line 164, in __call__
    |     await self.app(scope, receive, _send)
    |   File "D:\nhatro\backend\venv\Lib\site-packages\starlette\middleware\base.py", line 189, in __call__
    |     with collapse_excgroups():
    |          ^^^^^^^^^^^^^^^^^^^^
    |   File "C:\Users\ngocson\.cache\codex-runtimes\codex-primary-runtime\dependencies\python\Lib\contextlib.py", line 158, in __exit__
    |     self.gen.throw(value)
    |   File "D:\nhatro\backend\venv\Lib\site-packages\starlette\_utils.py", line 93, in collapse_excgroups
    |     raise exc
    |   File "D:\nhatro\backend\venv\Lib\site-packages\starlette\middleware\base.py", line 191, in __call__
    |     response = await self.dispatch_func(request, call_next)
    |                ^^^^^^^^^^^^^^^^^^^^^^^^^^^^^^^^^^^^^^^^^^^^
    |   File "D:\nhatro\backend\app\main.py", line 127, in rate_limit_middleware
    |     return await call_next(request)
    |            ^^^^^^^^^^^^^^^^^^^^^^^^
    |   File "D:\nhatro\backend\venv\Lib\site-packages\starlette\middleware\base.py", line 165, in call_next
    |     raise app_exc
    |   File "D:\nhatro\backend\venv\Lib\site-packages\starlette\middleware\base.py", line 151, in coro
    |     await self.app(scope, receive_or_disconnect, send_no_error)
    |   File "D:\nhatro\backend\venv\Lib\site-packages\starlette\middleware\base.py", line 189, in __call__
    |     with collapse_excgroups():
    |          ^^^^^^^^^^^^^^^^^^^^
    |   File "C:\Users\ngocson\.cache\codex-runtimes\codex-primary-runtime\dependencies\python\Lib\contextlib.py", line 158, in __exit__
    |     self.gen.throw(value)
    |   File "D:\nhatro\backend\venv\Lib\site-packages\starlette\_utils.py", line 93, in collapse_excgroups
    |     raise exc
    |   File "D:\nhatro\backend\venv\Lib\site-packages\starlette\middleware\base.py", line 191, in __call__
    |     response = await self.dispatch_func(request, call_next)
    |                ^^^^^^^^^^^^^^^^^^^^^^^^^^^^^^^^^^^^^^^^^^^^
    |   File "D:\nhatro\backend\app\main.py", line 93, in add_process_time
    |     response = await call_next(request)
    |                ^^^^^^^^^^^^^^^^^^^^^^^^
    |   File "D:\nhatro\backend\venv\Lib\site-packages\starlette\middleware\base.py", line 165, in call_next
    |     raise app_exc
    |   File "D:\nhatro\backend\venv\Lib\site-packages\starlette\middleware\base.py", line 151, in coro
    |     await self.app(scope, receive_or_disconnect, send_no_error)
    |   File "D:\nhatro\backend\venv\Lib\site-packages\starlette\middleware\base.py", line 189, in __call__
    |     with collapse_excgroups():
    |          ^^^^^^^^^^^^^^^^^^^^
    |   File "C:\Users\ngocson\.cache\codex-runtimes\codex-primary-runtime\dependencies\python\Lib\contextlib.py", line 158, in __exit__
    |     self.gen.throw(value)
    |   File "D:\nhatro\backend\venv\Lib\site-packages\starlette\_utils.py", line 93, in collapse_excgroups
    |     raise exc
    |   File "D:\nhatro\backend\venv\Lib\site-packages\starlette\middleware\base.py", line 191, in __call__
    |     response = await self.dispatch_func(request, call_next)
    |                ^^^^^^^^^^^^^^^^^^^^^^^^^^^^^^^^^^^^^^^^^^^^
    |   File "D:\nhatro\backend\app\main.py", line 86, in add_security_headers
    |     response = await call_next(request)
    |                ^^^^^^^^^^^^^^^^^^^^^^^^
    |   File "D:\nhatro\backend\venv\Lib\site-packages\starlette\middleware\base.py", line 165, in call_next
    |     raise app_exc
    |   File "D:\nhatro\backend\venv\Lib\site-packages\starlette\middleware\base.py", line 151, in coro
    |     await self.app(scope, receive_or_disconnect, send_no_error)
    |   File "D:\nhatro\backend\venv\Lib\site-packages\starlette\middleware\cors.py", line 85, in __call__
    |     await self.app(scope, receive, send)
    |   File "D:\nhatro\backend\venv\Lib\site-packages\starlette\middleware\exceptions.py", line 65, in __call__
    |     await wrap_app_handling_exceptions(self.app, conn)(scope, receive, send)
    |   File "D:\nhatro\backend\venv\Lib\site-packages\starlette\_exception_handler.py", line 64, in wrapped_app
    |     raise exc
    |   File "D:\nhatro\backend\venv\Lib\site-packages\starlette\_exception_handler.py", line 53, in wrapped_app
    |     await app(scope, receive, sender)
    |   File "D:\nhatro\backend\venv\Lib\site-packages\starlette\routing.py", line 756, in __call__
    |     await self.middleware_stack(scope, receive, send)
    |   File "D:\nhatro\backend\venv\Lib\site-packages\starlette\routing.py", line 776, in app
    |     await route.handle(scope, receive, send)
    |   File "D:\nhatro\backend\venv\Lib\site-packages\starlette\routing.py", line 297, in handle
    |     await self.app(scope, receive, send)
    |   File "D:\nhatro\backend\venv\Lib\site-packages\starlette\routing.py", line 77, in app
    |     await wrap_app_handling_exceptions(app, request)(scope, receive, send)
    |   File "D:\nhatro\backend\venv\Lib\site-packages\starlette\_exception_handler.py", line 75, in wrapped_app
    |     response = await handler(conn, exc)
    |                ^^^^^^^^^^^^^^^^^^^^^^^^
    |   File "D:\nhatro\backend\app\main.py", line 157, in validation_exception_handler
    |     return JSONResponse(
    |            ^^^^^^^^^^^^^
    |   File "D:\nhatro\backend\venv\Lib\site-packages\starlette\responses.py", line 184, in __init__
    |     super().__init__(content, status_code, headers, media_type, background)
    |   File "D:\nhatro\backend\venv\Lib\site-packages\starlette\responses.py", line 41, in __init__
    |     self.body = self.render(content)
    |                 ^^^^^^^^^^^^^^^^^^^^
    |   File "D:\nhatro\backend\venv\Lib\site-packages\starlette\responses.py", line 187, in render
    |     return json.dumps(
    |            ^^^^^^^^^^^
    |   File "C:\Users\ngocson\.cache\codex-runtimes\codex-primary-runtime\dependencies\python\Lib\json\__init__.py", line 238, in dumps
    |     **kw).encode(obj)
    |           ^^^^^^^^^^^
    |   File "C:\Users\ngocson\.cache\codex-runtimes\codex-primary-runtime\dependencies\python\Lib\json\encoder.py", line 200, in encode
    |     chunks = self.iterencode(o, _one_shot=True)
    |              ^^^^^^^^^^^^^^^^^^^^^^^^^^^^^^^^^^
    |   File "C:\Users\ngocson\.cache\codex-runtimes\codex-primary-runtime\dependencies\python\Lib\json\encoder.py", line 258, in iterencode
    |     return _iterencode(o, 0)
    |            ^^^^^^^^^^^^^^^^^
    |   File "C:\Users\ngocson\.cache\codex-runtimes\codex-primary-runtime\dependencies\python\Lib\json\encoder.py", line 180, in default
    |     raise TypeError(f'Object of type {o.__class__.__name__} '
    | TypeError: Object of type ValueError is not JSON serializable
    +------------------------------------

During handling of the above exception, another exception occurred:

Traceback (most recent call last):
  File "D:\nhatro\backend\venv\Lib\site-packages\starlette\middleware\errors.py", line 164, in __call__
    await self.app(scope, receive, _send)
  File "D:\nhatro\backend\venv\Lib\site-packages\starlette\middleware\base.py", line 189, in __call__
    with collapse_excgroups():
         ^^^^^^^^^^^^^^^^^^^^
  File "C:\Users\ngocson\.cache\codex-runtimes\codex-primary-runtime\dependencies\python\Lib\contextlib.py", line 158, in __exit__
    self.gen.throw(value)
  File "D:\nhatro\backend\venv\Lib\site-packages\starlette\_utils.py", line 93, in collapse_excgroups
    raise exc
  File "D:\nhatro\backend\venv\Lib\site-packages\starlette\middleware\base.py", line 191, in __call__
    response = await self.dispatch_func(request, call_next)
               ^^^^^^^^^^^^^^^^^^^^^^^^^^^^^^^^^^^^^^^^^^^^
  File "D:\nhatro\backend\app\main.py", line 127, in rate_limit_middleware
    return await call_next(request)
           ^^^^^^^^^^^^^^^^^^^^^^^^
  File "D:\nhatro\backend\venv\Lib\site-packages\starlette\middleware\base.py", line 165, in call_next
    raise app_exc
  File "D:\nhatro\backend\venv\Lib\site-packages\starlette\middleware\base.py", line 151, in coro
    await self.app(scope, receive_or_disconnect, send_no_error)
  File "D:\nhatro\backend\venv\Lib\site-packages\starlette\middleware\base.py", line 189, in __call__
    with collapse_excgroups():
         ^^^^^^^^^^^^^^^^^^^^
  File "C:\Users\ngocson\.cache\codex-runtimes\codex-primary-runtime\dependencies\python\Lib\contextlib.py", line 158, in __exit__
    self.gen.throw(value)
  File "D:\nhatro\backend\venv\Lib\site-packages\starlette\_utils.py", line 93, in collapse_excgroups
    raise exc
  File "D:\nhatro\backend\venv\Lib\site-packages\starlette\middleware\base.py", line 191, in __call__
    response = await self.dispatch_func(request, call_next)
               ^^^^^^^^^^^^^^^^^^^^^^^^^^^^^^^^^^^^^^^^^^^^
  File "D:\nhatro\backend\app\main.py", line 93, in add_process_time
    response = await call_next(request)
               ^^^^^^^^^^^^^^^^^^^^^^^^
  File "D:\nhatro\backend\venv\Lib\site-packages\starlette\middleware\base.py", line 165, in call_next
    raise app_exc
  File "D:\nhatro\backend\venv\Lib\site-packages\starlette\middleware\base.py", line 151, in coro
    await self.app(scope, receive_or_disconnect, send_no_error)
  File "D:\nhatro\backend\venv\Lib\site-packages\starlette\middleware\base.py", line 189, in __call__
    with collapse_excgroups():
         ^^^^^^^^^^^^^^^^^^^^
  File "C:\Users\ngocson\.cache\codex-runtimes\codex-primary-runtime\dependencies\python\Lib\contextlib.py", line 158, in __exit__
    self.gen.throw(value)
  File "D:\nhatro\backend\venv\Lib\site-packages\starlette\_utils.py", line 93, in collapse_excgroups
    raise exc
  File "D:\nhatro\backend\venv\Lib\site-packages\starlette\middleware\base.py", line 191, in __call__
    response = await self.dispatch_func(request, call_next)
               ^^^^^^^^^^^^^^^^^^^^^^^^^^^^^^^^^^^^^^^^^^^^
  File "D:\nhatro\backend\app\main.py", line 86, in add_security_headers
    response = await call_next(request)
               ^^^^^^^^^^^^^^^^^^^^^^^^
  File "D:\nhatro\backend\venv\Lib\site-packages\starlette\middleware\base.py", line 165, in call_next
    raise app_exc
  File "D:\nhatro\backend\venv\Lib\site-packages\starlette\middleware\base.py", line 151, in coro
    await self.app(scope, receive_or_disconnect, send_no_error)
  File "D:\nhatro\backend\venv\Lib\site-packages\starlette\middleware\cors.py", line 85, in __call__
    await self.app(scope, receive, send)
  File "D:\nhatro\backend\venv\Lib\site-packages\starlette\middleware\exceptions.py", line 65, in __call__
    await wrap_app_handling_exceptions(self.app, conn)(scope, receive, send)
  File "D:\nhatro\backend\venv\Lib\site-packages\starlette\_exception_handler.py", line 64, in wrapped_app
    raise exc
  File "D:\nhatro\backend\venv\Lib\site-packages\starlette\_exception_handler.py", line 53, in wrapped_app
    await app(scope, receive, sender)
  File "D:\nhatro\backend\venv\Lib\site-packages\starlette\routing.py", line 756, in __call__
    await self.middleware_stack(scope, receive, send)
  File "D:\nhatro\backend\venv\Lib\site-packages\starlette\routing.py", line 776, in app
    await route.handle(scope, receive, send)
  File "D:\nhatro\backend\venv\Lib\site-packages\starlette\routing.py", line 297, in handle
    await self.app(scope, receive, send)
  File "D:\nhatro\backend\venv\Lib\site-packages\starlette\routing.py", line 77, in app
    await wrap_app_handling_exceptions(app, request)(scope, receive, send)
  File "D:\nhatro\backend\venv\Lib\site-packages\starlette\_exception_handler.py", line 75, in wrapped_app
    response = await handler(conn, exc)
               ^^^^^^^^^^^^^^^^^^^^^^^^
  File "D:\nhatro\backend\app\main.py", line 157, in validation_exception_handler
    return JSONResponse(
           ^^^^^^^^^^^^^
  File "D:\nhatro\backend\venv\Lib\site-packages\starlette\responses.py", line 184, in __init__
    super().__init__(content, status_code, headers, media_type, background)
  File "D:\nhatro\backend\venv\Lib\site-packages\starlette\responses.py", line 41, in __init__
    self.body = self.render(content)
                ^^^^^^^^^^^^^^^^^^^^
  File "D:\nhatro\backend\venv\Lib\site-packages\starlette\responses.py", line 187, in render
    return json.dumps(
           ^^^^^^^^^^^
  File "C:\Users\ngocson\.cache\codex-runtimes\codex-primary-runtime\dependencies\python\Lib\json\__init__.py", line 238, in dumps
    **kw).encode(obj)
          ^^^^^^^^^^^
  File "C:\Users\ngocson\.cache\codex-runtimes\codex-primary-runtime\dependencies\python\Lib\json\encoder.py", line 200, in encode
    chunks = self.iterencode(o, _one_shot=True)
             ^^^^^^^^^^^^^^^^^^^^^^^^^^^^^^^^^^
  File "C:\Users\ngocson\.cache\codex-runtimes\codex-primary-runtime\dependencies\python\Lib\json\encoder.py", line 258, in iterencode
    return _iterencode(o, 0)
           ^^^^^^^^^^^^^^^^^
  File "C:\Users\ngocson\.cache\codex-runtimes\codex-primary-runtime\dependencies\python\Lib\json\encoder.py", line 180, in default
    raise TypeError(f'Object of type {o.__class__.__name__} '
TypeError: Object of type ValueError is not JSON serializable
==============================================

=== VALIDATION ERROR AT POST /api/v1/auth/login ===
[{'type': 'value_error', 'loc': ('body', 'email'), 'msg': 'value is not a valid email address: An email address must have an @-sign.', 'input': '../../../../../../../../../../../../../../../../', 'ctx': {'reason': 'An email address must have an @-sign.'}}]
==============================================

=== VALIDATION ERROR AT POST /api/v1/auth/register/send-otp ===
[{'type': 'value_error', 'loc': ('body', 'email'), 'msg': 'value is not a valid email address: An email address must have an @-sign.', 'input': '../../../../../../../../../../../../../../../../', 'ctx': {'reason': 'An email address must have an @-sign.'}}]
==============================================

=== VALIDATION ERROR AT POST /api/v1/auth/register ===
[{'type': 'value_error', 'loc': ('body', 'email'), 'msg': 'value is not a valid email address: An email address must have an @-sign.', 'input': '../../../../../../../../../../../../../../../../', 'ctx': {'reason': 'An email address must have an @-sign.'}}, {'type': 'value_error', 'loc': ('body', 'password'), 'msg': 'Value error, Password must be at least 8 characters', 'input': 'ZAP', 'ctx': {'error': ValueError('Password must be at least 8 characters')}}, {'type': 'string_type', 'loc': ('body', 'phone'), 'msg': 'Input should be a valid string', 'input': 9999999999}, {'type': 'value_error', 'loc': ('body', 'otp_code'), 'msg': 'Value error, OTP code must be 6 digits', 'input': 'John Doe', 'ctx': {'error': ValueError('OTP code must be 6 digits')}}]
==============================================

=== VALIDATION ERROR AT POST /api/v1/auth/forgot-password ===
[{'type': 'value_error', 'loc': ('body', 'email'), 'msg': 'value is not a valid email address: An email address must have an @-sign.', 'input': '../../../../../../../../../../../../../../../../', 'ctx': {'reason': 'An email address must have an @-sign.'}}]
==============================================

=== VALIDATION ERROR AT PATCH /api/v1/boarding-houses/c: ===
[{'type': 'json_invalid', 'loc': ('body', 8), 'msg': 'JSON decode error', 'input': {}, 'ctx': {'error': 'Expecting value'}}]
==============================================

=== VALIDATION ERROR AT PATCH /api/v1/maintenance/c: ===
[{'type': 'json_invalid', 'loc': ('body', 34), 'msg': 'JSON decode error', 'input': {}, 'ctx': {'error': 'Expecting value'}}]
==============================================

=== GLOBAL EXCEPTION HANDLER AT POST /api/v1/auth/register ===
  + Exception Group Traceback (most recent call last):
  |   File "D:\nhatro\backend\venv\Lib\site-packages\starlette\_utils.py", line 87, in collapse_excgroups
  |     yield
  |   File "D:\nhatro\backend\venv\Lib\site-packages\starlette\middleware\base.py", line 190, in __call__
  |     async with anyio.create_task_group() as task_group:
  |                ^^^^^^^^^^^^^^^^^^^^^^^^^
  |   File "D:\nhatro\backend\venv\Lib\site-packages\anyio\_backends\_asyncio.py", line 799, in __aexit__
  |     raise BaseExceptionGroup(
  | ExceptionGroup: unhandled errors in a TaskGroup (1 sub-exception)
  +-+---------------- 1 ----------------
    | Traceback (most recent call last):
    |   File "D:\nhatro\backend\venv\Lib\site-packages\starlette\middleware\errors.py", line 164, in __call__
    |     await self.app(scope, receive, _send)
    |   File "D:\nhatro\backend\venv\Lib\site-packages\starlette\middleware\base.py", line 189, in __call__
    |     with collapse_excgroups():
    |          ^^^^^^^^^^^^^^^^^^^^
    |   File "C:\Users\ngocson\.cache\codex-runtimes\codex-primary-runtime\dependencies\python\Lib\contextlib.py", line 158, in __exit__
    |     self.gen.throw(value)
    |   File "D:\nhatro\backend\venv\Lib\site-packages\starlette\_utils.py", line 93, in collapse_excgroups
    |     raise exc
    |   File "D:\nhatro\backend\venv\Lib\site-packages\starlette\middleware\base.py", line 191, in __call__
    |     response = await self.dispatch_func(request, call_next)
    |                ^^^^^^^^^^^^^^^^^^^^^^^^^^^^^^^^^^^^^^^^^^^^
    |   File "D:\nhatro\backend\app\main.py", line 127, in rate_limit_middleware
    |     return await call_next(request)
    |            ^^^^^^^^^^^^^^^^^^^^^^^^
    |   File "D:\nhatro\backend\venv\Lib\site-packages\starlette\middleware\base.py", line 165, in call_next
    |     raise app_exc
    |   File "D:\nhatro\backend\venv\Lib\site-packages\starlette\middleware\base.py", line 151, in coro
    |     await self.app(scope, receive_or_disconnect, send_no_error)
    |   File "D:\nhatro\backend\venv\Lib\site-packages\starlette\middleware\base.py", line 189, in __call__
    |     with collapse_excgroups():
    |          ^^^^^^^^^^^^^^^^^^^^
    |   File "C:\Users\ngocson\.cache\codex-runtimes\codex-primary-runtime\dependencies\python\Lib\contextlib.py", line 158, in __exit__
    |     self.gen.throw(value)
    |   File "D:\nhatro\backend\venv\Lib\site-packages\starlette\_utils.py", line 93, in collapse_excgroups
    |     raise exc
    |   File "D:\nhatro\backend\venv\Lib\site-packages\starlette\middleware\base.py", line 191, in __call__
    |     response = await self.dispatch_func(request, call_next)
    |                ^^^^^^^^^^^^^^^^^^^^^^^^^^^^^^^^^^^^^^^^^^^^
    |   File "D:\nhatro\backend\app\main.py", line 93, in add_process_time
    |     response = await call_next(request)
    |                ^^^^^^^^^^^^^^^^^^^^^^^^
    |   File "D:\nhatro\backend\venv\Lib\site-packages\starlette\middleware\base.py", line 165, in call_next
    |     raise app_exc
    |   File "D:\nhatro\backend\venv\Lib\site-packages\starlette\middleware\base.py", line 151, in coro
    |     await self.app(scope, receive_or_disconnect, send_no_error)
    |   File "D:\nhatro\backend\venv\Lib\site-packages\starlette\middleware\base.py", line 189, in __call__
    |     with collapse_excgroups():
    |          ^^^^^^^^^^^^^^^^^^^^
    |   File "C:\Users\ngocson\.cache\codex-runtimes\codex-primary-runtime\dependencies\python\Lib\contextlib.py", line 158, in __exit__
    |     self.gen.throw(value)
    |   File "D:\nhatro\backend\venv\Lib\site-packages\starlette\_utils.py", line 93, in collapse_excgroups
    |     raise exc
    |   File "D:\nhatro\backend\venv\Lib\site-packages\starlette\middleware\base.py", line 191, in __call__
    |     response = await self.dispatch_func(request, call_next)
    |                ^^^^^^^^^^^^^^^^^^^^^^^^^^^^^^^^^^^^^^^^^^^^
    |   File "D:\nhatro\backend\app\main.py", line 86, in add_security_headers
    |     response = await call_next(request)
    |                ^^^^^^^^^^^^^^^^^^^^^^^^
    |   File "D:\nhatro\backend\venv\Lib\site-packages\starlette\middleware\base.py", line 165, in call_next
    |     raise app_exc
    |   File "D:\nhatro\backend\venv\Lib\site-packages\starlette\middleware\base.py", line 151, in coro
    |     await self.app(scope, receive_or_disconnect, send_no_error)
    |   File "D:\nhatro\backend\venv\Lib\site-packages\starlette\middleware\cors.py", line 85, in __call__
    |     await self.app(scope, receive, send)
    |   File "D:\nhatro\backend\venv\Lib\site-packages\starlette\middleware\exceptions.py", line 65, in __call__
    |     await wrap_app_handling_exceptions(self.app, conn)(scope, receive, send)
    |   File "D:\nhatro\backend\venv\Lib\site-packages\starlette\_exception_handler.py", line 64, in wrapped_app
    |     raise exc
    |   File "D:\nhatro\backend\venv\Lib\site-packages\starlette\_exception_handler.py", line 53, in wrapped_app
    |     await app(scope, receive, sender)
    |   File "D:\nhatro\backend\venv\Lib\site-packages\starlette\routing.py", line 756, in __call__
    |     await self.middleware_stack(scope, receive, send)
    |   File "D:\nhatro\backend\venv\Lib\site-packages\starlette\routing.py", line 776, in app
    |     await route.handle(scope, receive, send)
    |   File "D:\nhatro\backend\venv\Lib\site-packages\starlette\routing.py", line 297, in handle
    |     await self.app(scope, receive, send)
    |   File "D:\nhatro\backend\venv\Lib\site-packages\starlette\routing.py", line 77, in app
    |     await wrap_app_handling_exceptions(app, request)(scope, receive, send)
    |   File "D:\nhatro\backend\venv\Lib\site-packages\starlette\_exception_handler.py", line 75, in wrapped_app
    |     response = await handler(conn, exc)
    |                ^^^^^^^^^^^^^^^^^^^^^^^^
    |   File "D:\nhatro\backend\app\main.py", line 157, in validation_exception_handler
    |     return JSONResponse(
    |            ^^^^^^^^^^^^^
    |   File "D:\nhatro\backend\venv\Lib\site-packages\starlette\responses.py", line 184, in __init__
    |     super().__init__(content, status_code, headers, media_type, background)
    |   File "D:\nhatro\backend\venv\Lib\site-packages\starlette\responses.py", line 41, in __init__
    |     self.body = self.render(content)
    |                 ^^^^^^^^^^^^^^^^^^^^
    |   File "D:\nhatro\backend\venv\Lib\site-packages\starlette\responses.py", line 187, in render
    |     return json.dumps(
    |            ^^^^^^^^^^^
    |   File "C:\Users\ngocson\.cache\codex-runtimes\codex-primary-runtime\dependencies\python\Lib\json\__init__.py", line 238, in dumps
    |     **kw).encode(obj)
    |           ^^^^^^^^^^^
    |   File "C:\Users\ngocson\.cache\codex-runtimes\codex-primary-runtime\dependencies\python\Lib\json\encoder.py", line 200, in encode
    |     chunks = self.iterencode(o, _one_shot=True)
    |              ^^^^^^^^^^^^^^^^^^^^^^^^^^^^^^^^^^
    |   File "C:\Users\ngocson\.cache\codex-runtimes\codex-primary-runtime\dependencies\python\Lib\json\encoder.py", line 258, in iterencode
    |     return _iterencode(o, 0)
    |            ^^^^^^^^^^^^^^^^^
    |   File "C:\Users\ngocson\.cache\codex-runtimes\codex-primary-runtime\dependencies\python\Lib\json\encoder.py", line 180, in default
    |     raise TypeError(f'Object of type {o.__class__.__name__} '
    | TypeError: Object of type ValueError is not JSON serializable
    +------------------------------------

During handling of the above exception, another exception occurred:

Traceback (most recent call last):
  File "D:\nhatro\backend\venv\Lib\site-packages\starlette\middleware\errors.py", line 164, in __call__
    await self.app(scope, receive, _send)
  File "D:\nhatro\backend\venv\Lib\site-packages\starlette\middleware\base.py", line 189, in __call__
    with collapse_excgroups():
         ^^^^^^^^^^^^^^^^^^^^
  File "C:\Users\ngocson\.cache\codex-runtimes\codex-primary-runtime\dependencies\python\Lib\contextlib.py", line 158, in __exit__
    self.gen.throw(value)
  File "D:\nhatro\backend\venv\Lib\site-packages\starlette\_utils.py", line 93, in collapse_excgroups
    raise exc
  File "D:\nhatro\backend\venv\Lib\site-packages\starlette\middleware\base.py", line 191, in __call__
    response = await self.dispatch_func(request, call_next)
               ^^^^^^^^^^^^^^^^^^^^^^^^^^^^^^^^^^^^^^^^^^^^
  File "D:\nhatro\backend\app\main.py", line 127, in rate_limit_middleware
    return await call_next(request)
           ^^^^^^^^^^^^^^^^^^^^^^^^
  File "D:\nhatro\backend\venv\Lib\site-packages\starlette\middleware\base.py", line 165, in call_next
    raise app_exc
  File "D:\nhatro\backend\venv\Lib\site-packages\starlette\middleware\base.py", line 151, in coro
    await self.app(scope, receive_or_disconnect, send_no_error)
  File "D:\nhatro\backend\venv\Lib\site-packages\starlette\middleware\base.py", line 189, in __call__
    with collapse_excgroups():
         ^^^^^^^^^^^^^^^^^^^^
  File "C:\Users\ngocson\.cache\codex-runtimes\codex-primary-runtime\dependencies\python\Lib\contextlib.py", line 158, in __exit__
    self.gen.throw(value)
  File "D:\nhatro\backend\venv\Lib\site-packages\starlette\_utils.py", line 93, in collapse_excgroups
    raise exc
  File "D:\nhatro\backend\venv\Lib\site-packages\starlette\middleware\base.py", line 191, in __call__
    response = await self.dispatch_func(request, call_next)
               ^^^^^^^^^^^^^^^^^^^^^^^^^^^^^^^^^^^^^^^^^^^^
  File "D:\nhatro\backend\app\main.py", line 93, in add_process_time
    response = await call_next(request)
               ^^^^^^^^^^^^^^^^^^^^^^^^
  File "D:\nhatro\backend\venv\Lib\site-packages\starlette\middleware\base.py", line 165, in call_next
    raise app_exc
  File "D:\nhatro\backend\venv\Lib\site-packages\starlette\middleware\base.py", line 151, in coro
    await self.app(scope, receive_or_disconnect, send_no_error)
  File "D:\nhatro\backend\venv\Lib\site-packages\starlette\middleware\base.py", line 189, in __call__
    with collapse_excgroups():
         ^^^^^^^^^^^^^^^^^^^^
  File "C:\Users\ngocson\.cache\codex-runtimes\codex-primary-runtime\dependencies\python\Lib\contextlib.py", line 158, in __exit__
    self.gen.throw(value)
  File "D:\nhatro\backend\venv\Lib\site-packages\starlette\_utils.py", line 93, in collapse_excgroups
    raise exc
  File "D:\nhatro\backend\venv\Lib\site-packages\starlette\middleware\base.py", line 191, in __call__
    response = await self.dispatch_func(request, call_next)
               ^^^^^^^^^^^^^^^^^^^^^^^^^^^^^^^^^^^^^^^^^^^^
  File "D:\nhatro\backend\app\main.py", line 86, in add_security_headers
    response = await call_next(request)
               ^^^^^^^^^^^^^^^^^^^^^^^^
  File "D:\nhatro\backend\venv\Lib\site-packages\starlette\middleware\base.py", line 165, in call_next
    raise app_exc
  File "D:\nhatro\backend\venv\Lib\site-packages\starlette\middleware\base.py", line 151, in coro
    await self.app(scope, receive_or_disconnect, send_no_error)
  File "D:\nhatro\backend\venv\Lib\site-packages\starlette\middleware\cors.py", line 85, in __call__
    await self.app(scope, receive, send)
  File "D:\nhatro\backend\venv\Lib\site-packages\starlette\middleware\exceptions.py", line 65, in __call__
    await wrap_app_handling_exceptions(self.app, conn)(scope, receive, send)
  File "D:\nhatro\backend\venv\Lib\site-packages\starlette\_exception_handler.py", line 64, in wrapped_app
    raise exc
  File "D:\nhatro\backend\venv\Lib\site-packages\starlette\_exception_handler.py", line 53, in wrapped_app
    await app(scope, receive, sender)
  File "D:\nhatro\backend\venv\Lib\site-packages\starlette\routing.py", line 756, in __call__
    await self.middleware_stack(scope, receive, send)
  File "D:\nhatro\backend\venv\Lib\site-packages\starlette\routing.py", line 776, in app
    await route.handle(scope, receive, send)
  File "D:\nhatro\backend\venv\Lib\site-packages\starlette\routing.py", line 297, in handle
    await self.app(scope, receive, send)
  File "D:\nhatro\backend\venv\Lib\site-packages\starlette\routing.py", line 77, in app
    await wrap_app_handling_exceptions(app, request)(scope, receive, send)
  File "D:\nhatro\backend\venv\Lib\site-packages\starlette\_exception_handler.py", line 75, in wrapped_app
    response = await handler(conn, exc)
               ^^^^^^^^^^^^^^^^^^^^^^^^
  File "D:\nhatro\backend\app\main.py", line 157, in validation_exception_handler
    return JSONResponse(
           ^^^^^^^^^^^^^
  File "D:\nhatro\backend\venv\Lib\site-packages\starlette\responses.py", line 184, in __init__
    super().__init__(content, status_code, headers, media_type, background)
  File "D:\nhatro\backend\venv\Lib\site-packages\starlette\responses.py", line 41, in __init__
    self.body = self.render(content)
                ^^^^^^^^^^^^^^^^^^^^
  File "D:\nhatro\backend\venv\Lib\site-packages\starlette\responses.py", line 187, in render
    return json.dumps(
           ^^^^^^^^^^^
  File "C:\Users\ngocson\.cache\codex-runtimes\codex-primary-runtime\dependencies\python\Lib\json\__init__.py", line 238, in dumps
    **kw).encode(obj)
          ^^^^^^^^^^^
  File "C:\Users\ngocson\.cache\codex-runtimes\codex-primary-runtime\dependencies\python\Lib\json\encoder.py", line 200, in encode
    chunks = self.iterencode(o, _one_shot=True)
             ^^^^^^^^^^^^^^^^^^^^^^^^^^^^^^^^^^
  File "C:\Users\ngocson\.cache\codex-runtimes\codex-primary-runtime\dependencies\python\Lib\json\encoder.py", line 258, in iterencode
    return _iterencode(o, 0)
           ^^^^^^^^^^^^^^^^^
  File "C:\Users\ngocson\.cache\codex-runtimes\codex-primary-runtime\dependencies\python\Lib\json\encoder.py", line 180, in default
    raise TypeError(f'Object of type {o.__class__.__name__} '
TypeError: Object of type ValueError is not JSON serializable
==============================================

=== VALIDATION ERROR AT POST /api/v1/auth/login ===
[{'type': 'value_error', 'loc': ('body', 'email'), 'msg': 'value is not a valid email address: An email address must have an @-sign.', 'input': 'c:/', 'ctx': {'reason': 'An email address must have an @-sign.'}}]
==============================================

=== VALIDATION ERROR AT POST /api/v1/auth/register/send-otp ===
[{'type': 'value_error', 'loc': ('body', 'email'), 'msg': 'value is not a valid email address: An email address must have an @-sign.', 'input': 'c:/', 'ctx': {'reason': 'An email address must have an @-sign.'}}]
==============================================

=== VALIDATION ERROR AT POST /api/v1/auth/register ===
[{'type': 'value_error', 'loc': ('body', 'email'), 'msg': 'value is not a valid email address: An email address must have an @-sign.', 'input': 'c:/', 'ctx': {'reason': 'An email address must have an @-sign.'}}, {'type': 'value_error', 'loc': ('body', 'password'), 'msg': 'Value error, Password must be at least 8 characters', 'input': 'ZAP', 'ctx': {'error': ValueError('Password must be at least 8 characters')}}, {'type': 'string_type', 'loc': ('body', 'phone'), 'msg': 'Input should be a valid string', 'input': 9999999999}, {'type': 'value_error', 'loc': ('body', 'otp_code'), 'msg': 'Value error, OTP code must be 6 digits', 'input': 'John Doe', 'ctx': {'error': ValueError('OTP code must be 6 digits')}}]
==============================================

=== VALIDATION ERROR AT POST /api/v1/auth/forgot-password ===
[{'type': 'value_error', 'loc': ('body', 'email'), 'msg': 'value is not a valid email address: An email address must have an @-sign.', 'input': 'c:/', 'ctx': {'reason': 'An email address must have an @-sign.'}}]
==============================================

=== VALIDATION ERROR AT PATCH /api/v1/boarding-houses/c:\ ===
[{'type': 'json_invalid', 'loc': ('body', 8), 'msg': 'JSON decode error', 'input': {}, 'ctx': {'error': 'Expecting value'}}]
==============================================

=== VALIDATION ERROR AT PATCH /api/v1/maintenance/c:\ ===
[{'type': 'json_invalid', 'loc': ('body', 34), 'msg': 'JSON decode error', 'input': {}, 'ctx': {'error': 'Expecting value'}}]
==============================================

=== GLOBAL EXCEPTION HANDLER AT POST /api/v1/auth/register ===
  + Exception Group Traceback (most recent call last):
  |   File "D:\nhatro\backend\venv\Lib\site-packages\starlette\_utils.py", line 87, in collapse_excgroups
  |     yield
  |   File "D:\nhatro\backend\venv\Lib\site-packages\starlette\middleware\base.py", line 190, in __call__
  |     async with anyio.create_task_group() as task_group:
  |                ^^^^^^^^^^^^^^^^^^^^^^^^^
  |   File "D:\nhatro\backend\venv\Lib\site-packages\anyio\_backends\_asyncio.py", line 799, in __aexit__
  |     raise BaseExceptionGroup(
  | ExceptionGroup: unhandled errors in a TaskGroup (1 sub-exception)
  +-+---------------- 1 ----------------
    | Traceback (most recent call last):
    |   File "D:\nhatro\backend\venv\Lib\site-packages\starlette\middleware\errors.py", line 164, in __call__
    |     await self.app(scope, receive, _send)
    |   File "D:\nhatro\backend\venv\Lib\site-packages\starlette\middleware\base.py", line 189, in __call__
    |     with collapse_excgroups():
    |          ^^^^^^^^^^^^^^^^^^^^
    |   File "C:\Users\ngocson\.cache\codex-runtimes\codex-primary-runtime\dependencies\python\Lib\contextlib.py", line 158, in __exit__
    |     self.gen.throw(value)
    |   File "D:\nhatro\backend\venv\Lib\site-packages\starlette\_utils.py", line 93, in collapse_excgroups
    |     raise exc
    |   File "D:\nhatro\backend\venv\Lib\site-packages\starlette\middleware\base.py", line 191, in __call__
    |     response = await self.dispatch_func(request, call_next)
    |                ^^^^^^^^^^^^^^^^^^^^^^^^^^^^^^^^^^^^^^^^^^^^
    |   File "D:\nhatro\backend\app\main.py", line 127, in rate_limit_middleware
    |     return await call_next(request)
    |            ^^^^^^^^^^^^^^^^^^^^^^^^
    |   File "D:\nhatro\backend\venv\Lib\site-packages\starlette\middleware\base.py", line 165, in call_next
    |     raise app_exc
    |   File "D:\nhatro\backend\venv\Lib\site-packages\starlette\middleware\base.py", line 151, in coro
    |     await self.app(scope, receive_or_disconnect, send_no_error)
    |   File "D:\nhatro\backend\venv\Lib\site-packages\starlette\middleware\base.py", line 189, in __call__
    |     with collapse_excgroups():
    |          ^^^^^^^^^^^^^^^^^^^^
    |   File "C:\Users\ngocson\.cache\codex-runtimes\codex-primary-runtime\dependencies\python\Lib\contextlib.py", line 158, in __exit__
    |     self.gen.throw(value)
    |   File "D:\nhatro\backend\venv\Lib\site-packages\starlette\_utils.py", line 93, in collapse_excgroups
    |     raise exc
    |   File "D:\nhatro\backend\venv\Lib\site-packages\starlette\middleware\base.py", line 191, in __call__
    |     response = await self.dispatch_func(request, call_next)
    |                ^^^^^^^^^^^^^^^^^^^^^^^^^^^^^^^^^^^^^^^^^^^^
    |   File "D:\nhatro\backend\app\main.py", line 93, in add_process_time
    |     response = await call_next(request)
    |                ^^^^^^^^^^^^^^^^^^^^^^^^
    |   File "D:\nhatro\backend\venv\Lib\site-packages\starlette\middleware\base.py", line 165, in call_next
    |     raise app_exc
    |   File "D:\nhatro\backend\venv\Lib\site-packages\starlette\middleware\base.py", line 151, in coro
    |     await self.app(scope, receive_or_disconnect, send_no_error)
    |   File "D:\nhatro\backend\venv\Lib\site-packages\starlette\middleware\base.py", line 189, in __call__
    |     with collapse_excgroups():
    |          ^^^^^^^^^^^^^^^^^^^^
    |   File "C:\Users\ngocson\.cache\codex-runtimes\codex-primary-runtime\dependencies\python\Lib\contextlib.py", line 158, in __exit__
    |     self.gen.throw(value)
    |   File "D:\nhatro\backend\venv\Lib\site-packages\starlette\_utils.py", line 93, in collapse_excgroups
    |     raise exc
    |   File "D:\nhatro\backend\venv\Lib\site-packages\starlette\middleware\base.py", line 191, in __call__
    |     response = await self.dispatch_func(request, call_next)
    |                ^^^^^^^^^^^^^^^^^^^^^^^^^^^^^^^^^^^^^^^^^^^^
    |   File "D:\nhatro\backend\app\main.py", line 86, in add_security_headers
    |     response = await call_next(request)
    |                ^^^^^^^^^^^^^^^^^^^^^^^^
    |   File "D:\nhatro\backend\venv\Lib\site-packages\starlette\middleware\base.py", line 165, in call_next
    |     raise app_exc
    |   File "D:\nhatro\backend\venv\Lib\site-packages\starlette\middleware\base.py", line 151, in coro
    |     await self.app(scope, receive_or_disconnect, send_no_error)
    |   File "D:\nhatro\backend\venv\Lib\site-packages\starlette\middleware\cors.py", line 85, in __call__
    |     await self.app(scope, receive, send)
    |   File "D:\nhatro\backend\venv\Lib\site-packages\starlette\middleware\exceptions.py", line 65, in __call__
    |     await wrap_app_handling_exceptions(self.app, conn)(scope, receive, send)
    |   File "D:\nhatro\backend\venv\Lib\site-packages\starlette\_exception_handler.py", line 64, in wrapped_app
    |     raise exc
    |   File "D:\nhatro\backend\venv\Lib\site-packages\starlette\_exception_handler.py", line 53, in wrapped_app
    |     await app(scope, receive, sender)
    |   File "D:\nhatro\backend\venv\Lib\site-packages\starlette\routing.py", line 756, in __call__
    |     await self.middleware_stack(scope, receive, send)
    |   File "D:\nhatro\backend\venv\Lib\site-packages\starlette\routing.py", line 776, in app
    |     await route.handle(scope, receive, send)
    |   File "D:\nhatro\backend\venv\Lib\site-packages\starlette\routing.py", line 297, in handle
    |     await self.app(scope, receive, send)
    |   File "D:\nhatro\backend\venv\Lib\site-packages\starlette\routing.py", line 77, in app
    |     await wrap_app_handling_exceptions(app, request)(scope, receive, send)
    |   File "D:\nhatro\backend\venv\Lib\site-packages\starlette\_exception_handler.py", line 75, in wrapped_app
    |     response = await handler(conn, exc)
    |                ^^^^^^^^^^^^^^^^^^^^^^^^
    |   File "D:\nhatro\backend\app\main.py", line 157, in validation_exception_handler
    |     return JSONResponse(
    |            ^^^^^^^^^^^^^
    |   File "D:\nhatro\backend\venv\Lib\site-packages\starlette\responses.py", line 184, in __init__
    |     super().__init__(content, status_code, headers, media_type, background)
    |   File "D:\nhatro\backend\venv\Lib\site-packages\starlette\responses.py", line 41, in __init__
    |     self.body = self.render(content)
    |                 ^^^^^^^^^^^^^^^^^^^^
    |   File "D:\nhatro\backend\venv\Lib\site-packages\starlette\responses.py", line 187, in render
    |     return json.dumps(
    |            ^^^^^^^^^^^
    |   File "C:\Users\ngocson\.cache\codex-runtimes\codex-primary-runtime\dependencies\python\Lib\json\__init__.py", line 238, in dumps
    |     **kw).encode(obj)
    |           ^^^^^^^^^^^
    |   File "C:\Users\ngocson\.cache\codex-runtimes\codex-primary-runtime\dependencies\python\Lib\json\encoder.py", line 200, in encode
    |     chunks = self.iterencode(o, _one_shot=True)
    |              ^^^^^^^^^^^^^^^^^^^^^^^^^^^^^^^^^^
    |   File "C:\Users\ngocson\.cache\codex-runtimes\codex-primary-runtime\dependencies\python\Lib\json\encoder.py", line 258, in iterencode
    |     return _iterencode(o, 0)
    |            ^^^^^^^^^^^^^^^^^
    |   File "C:\Users\ngocson\.cache\codex-runtimes\codex-primary-runtime\dependencies\python\Lib\json\encoder.py", line 180, in default
    |     raise TypeError(f'Object of type {o.__class__.__name__} '
    | TypeError: Object of type ValueError is not JSON serializable
    +------------------------------------

During handling of the above exception, another exception occurred:

Traceback (most recent call last):
  File "D:\nhatro\backend\venv\Lib\site-packages\starlette\middleware\errors.py", line 164, in __call__
    await self.app(scope, receive, _send)
  File "D:\nhatro\backend\venv\Lib\site-packages\starlette\middleware\base.py", line 189, in __call__
    with collapse_excgroups():
         ^^^^^^^^^^^^^^^^^^^^
  File "C:\Users\ngocson\.cache\codex-runtimes\codex-primary-runtime\dependencies\python\Lib\contextlib.py", line 158, in __exit__
    self.gen.throw(value)
  File "D:\nhatro\backend\venv\Lib\site-packages\starlette\_utils.py", line 93, in collapse_excgroups
    raise exc
  File "D:\nhatro\backend\venv\Lib\site-packages\starlette\middleware\base.py", line 191, in __call__
    response = await self.dispatch_func(request, call_next)
               ^^^^^^^^^^^^^^^^^^^^^^^^^^^^^^^^^^^^^^^^^^^^
  File "D:\nhatro\backend\app\main.py", line 127, in rate_limit_middleware
    return await call_next(request)
           ^^^^^^^^^^^^^^^^^^^^^^^^
  File "D:\nhatro\backend\venv\Lib\site-packages\starlette\middleware\base.py", line 165, in call_next
    raise app_exc
  File "D:\nhatro\backend\venv\Lib\site-packages\starlette\middleware\base.py", line 151, in coro
    await self.app(scope, receive_or_disconnect, send_no_error)
  File "D:\nhatro\backend\venv\Lib\site-packages\starlette\middleware\base.py", line 189, in __call__
    with collapse_excgroups():
         ^^^^^^^^^^^^^^^^^^^^
  File "C:\Users\ngocson\.cache\codex-runtimes\codex-primary-runtime\dependencies\python\Lib\contextlib.py", line 158, in __exit__
    self.gen.throw(value)
  File "D:\nhatro\backend\venv\Lib\site-packages\starlette\_utils.py", line 93, in collapse_excgroups
    raise exc
  File "D:\nhatro\backend\venv\Lib\site-packages\starlette\middleware\base.py", line 191, in __call__
    response = await self.dispatch_func(request, call_next)
               ^^^^^^^^^^^^^^^^^^^^^^^^^^^^^^^^^^^^^^^^^^^^
  File "D:\nhatro\backend\app\main.py", line 93, in add_process_time
    response = await call_next(request)
               ^^^^^^^^^^^^^^^^^^^^^^^^
  File "D:\nhatro\backend\venv\Lib\site-packages\starlette\middleware\base.py", line 165, in call_next
    raise app_exc
  File "D:\nhatro\backend\venv\Lib\site-packages\starlette\middleware\base.py", line 151, in coro
    await self.app(scope, receive_or_disconnect, send_no_error)
  File "D:\nhatro\backend\venv\Lib\site-packages\starlette\middleware\base.py", line 189, in __call__
    with collapse_excgroups():
         ^^^^^^^^^^^^^^^^^^^^
  File "C:\Users\ngocson\.cache\codex-runtimes\codex-primary-runtime\dependencies\python\Lib\contextlib.py", line 158, in __exit__
    self.gen.throw(value)
  File "D:\nhatro\backend\venv\Lib\site-packages\starlette\_utils.py", line 93, in collapse_excgroups
    raise exc
  File "D:\nhatro\backend\venv\Lib\site-packages\starlette\middleware\base.py", line 191, in __call__
    response = await self.dispatch_func(request, call_next)
               ^^^^^^^^^^^^^^^^^^^^^^^^^^^^^^^^^^^^^^^^^^^^
  File "D:\nhatro\backend\app\main.py", line 86, in add_security_headers
    response = await call_next(request)
               ^^^^^^^^^^^^^^^^^^^^^^^^
  File "D:\nhatro\backend\venv\Lib\site-packages\starlette\middleware\base.py", line 165, in call_next
    raise app_exc
  File "D:\nhatro\backend\venv\Lib\site-packages\starlette\middleware\base.py", line 151, in coro
    await self.app(scope, receive_or_disconnect, send_no_error)
  File "D:\nhatro\backend\venv\Lib\site-packages\starlette\middleware\cors.py", line 85, in __call__
    await self.app(scope, receive, send)
  File "D:\nhatro\backend\venv\Lib\site-packages\starlette\middleware\exceptions.py", line 65, in __call__
    await wrap_app_handling_exceptions(self.app, conn)(scope, receive, send)
  File "D:\nhatro\backend\venv\Lib\site-packages\starlette\_exception_handler.py", line 64, in wrapped_app
    raise exc
  File "D:\nhatro\backend\venv\Lib\site-packages\starlette\_exception_handler.py", line 53, in wrapped_app
    await app(scope, receive, sender)
  File "D:\nhatro\backend\venv\Lib\site-packages\starlette\routing.py", line 756, in __call__
    await self.middleware_stack(scope, receive, send)
  File "D:\nhatro\backend\venv\Lib\site-packages\starlette\routing.py", line 776, in app
    await route.handle(scope, receive, send)
  File "D:\nhatro\backend\venv\Lib\site-packages\starlette\routing.py", line 297, in handle
    await self.app(scope, receive, send)
  File "D:\nhatro\backend\venv\Lib\site-packages\starlette\routing.py", line 77, in app
    await wrap_app_handling_exceptions(app, request)(scope, receive, send)
  File "D:\nhatro\backend\venv\Lib\site-packages\starlette\_exception_handler.py", line 75, in wrapped_app
    response = await handler(conn, exc)
               ^^^^^^^^^^^^^^^^^^^^^^^^
  File "D:\nhatro\backend\app\main.py", line 157, in validation_exception_handler
    return JSONResponse(
           ^^^^^^^^^^^^^
  File "D:\nhatro\backend\venv\Lib\site-packages\starlette\responses.py", line 184, in __init__
    super().__init__(content, status_code, headers, media_type, background)
  File "D:\nhatro\backend\venv\Lib\site-packages\starlette\responses.py", line 41, in __init__
    self.body = self.render(content)
                ^^^^^^^^^^^^^^^^^^^^
  File "D:\nhatro\backend\venv\Lib\site-packages\starlette\responses.py", line 187, in render
    return json.dumps(
           ^^^^^^^^^^^
  File "C:\Users\ngocson\.cache\codex-runtimes\codex-primary-runtime\dependencies\python\Lib\json\__init__.py", line 238, in dumps
    **kw).encode(obj)
          ^^^^^^^^^^^
  File "C:\Users\ngocson\.cache\codex-runtimes\codex-primary-runtime\dependencies\python\Lib\json\encoder.py", line 200, in encode
    chunks = self.iterencode(o, _one_shot=True)
             ^^^^^^^^^^^^^^^^^^^^^^^^^^^^^^^^^^
  File "C:\Users\ngocson\.cache\codex-runtimes\codex-primary-runtime\dependencies\python\Lib\json\encoder.py", line 258, in iterencode
    return _iterencode(o, 0)
           ^^^^^^^^^^^^^^^^^
  File "C:\Users\ngocson\.cache\codex-runtimes\codex-primary-runtime\dependencies\python\Lib\json\encoder.py", line 180, in default
    raise TypeError(f'Object of type {o.__class__.__name__} '
TypeError: Object of type ValueError is not JSON serializable
==============================================

=== VALIDATION ERROR AT POST /api/v1/auth/login ===
[{'type': 'value_error', 'loc': ('body', 'email'), 'msg': 'value is not a valid email address: An email address must have an @-sign.', 'input': 'c:\\', 'ctx': {'reason': 'An email address must have an @-sign.'}}]
==============================================

=== VALIDATION ERROR AT POST /api/v1/auth/register/send-otp ===
[{'type': 'value_error', 'loc': ('body', 'email'), 'msg': 'value is not a valid email address: An email address must have an @-sign.', 'input': 'c:\\', 'ctx': {'reason': 'An email address must have an @-sign.'}}]
==============================================

=== VALIDATION ERROR AT POST /api/v1/auth/register ===
[{'type': 'value_error', 'loc': ('body', 'email'), 'msg': 'value is not a valid email address: An email address must have an @-sign.', 'input': 'c:\\', 'ctx': {'reason': 'An email address must have an @-sign.'}}, {'type': 'value_error', 'loc': ('body', 'password'), 'msg': 'Value error, Password must be at least 8 characters', 'input': 'ZAP', 'ctx': {'error': ValueError('Password must be at least 8 characters')}}, {'type': 'string_type', 'loc': ('body', 'phone'), 'msg': 'Input should be a valid string', 'input': 9999999999}, {'type': 'value_error', 'loc': ('body', 'otp_code'), 'msg': 'Value error, OTP code must be 6 digits', 'input': 'John Doe', 'ctx': {'error': ValueError('OTP code must be 6 digits')}}]
==============================================

=== VALIDATION ERROR AT POST /api/v1/auth/forgot-password ===
[{'type': 'value_error', 'loc': ('body', 'email'), 'msg': 'value is not a valid email address: An email address must have an @-sign.', 'input': 'c:\\', 'ctx': {'reason': 'An email address must have an @-sign.'}}]
==============================================

=== GLOBAL EXCEPTION HANDLER AT POST /api/v1/auth/register ===
  + Exception Group Traceback (most recent call last):
  |   File "D:\nhatro\backend\venv\Lib\site-packages\starlette\_utils.py", line 87, in collapse_excgroups
  |     yield
  |   File "D:\nhatro\backend\venv\Lib\site-packages\starlette\middleware\base.py", line 190, in __call__
  |     async with anyio.create_task_group() as task_group:
  |                ^^^^^^^^^^^^^^^^^^^^^^^^^
  |   File "D:\nhatro\backend\venv\Lib\site-packages\anyio\_backends\_asyncio.py", line 799, in __aexit__
  |     raise BaseExceptionGroup(
  | ExceptionGroup: unhandled errors in a TaskGroup (1 sub-exception)
  +-+---------------- 1 ----------------
    | Traceback (most recent call last):
    |   File "D:\nhatro\backend\venv\Lib\site-packages\starlette\middleware\errors.py", line 164, in __call__
    |     await self.app(scope, receive, _send)
    |   File "D:\nhatro\backend\venv\Lib\site-packages\starlette\middleware\base.py", line 189, in __call__
    |     with collapse_excgroups():
    |          ^^^^^^^^^^^^^^^^^^^^
    |   File "C:\Users\ngocson\.cache\codex-runtimes\codex-primary-runtime\dependencies\python\Lib\contextlib.py", line 158, in __exit__
    |     self.gen.throw(value)
    |   File "D:\nhatro\backend\venv\Lib\site-packages\starlette\_utils.py", line 93, in collapse_excgroups
    |     raise exc
    |   File "D:\nhatro\backend\venv\Lib\site-packages\starlette\middleware\base.py", line 191, in __call__
    |     response = await self.dispatch_func(request, call_next)
    |                ^^^^^^^^^^^^^^^^^^^^^^^^^^^^^^^^^^^^^^^^^^^^
    |   File "D:\nhatro\backend\app\main.py", line 127, in rate_limit_middleware
    |     return await call_next(request)
    |            ^^^^^^^^^^^^^^^^^^^^^^^^
    |   File "D:\nhatro\backend\venv\Lib\site-packages\starlette\middleware\base.py", line 165, in call_next
    |     raise app_exc
    |   File "D:\nhatro\backend\venv\Lib\site-packages\starlette\middleware\base.py", line 151, in coro
    |     await self.app(scope, receive_or_disconnect, send_no_error)
    |   File "D:\nhatro\backend\venv\Lib\site-packages\starlette\middleware\base.py", line 189, in __call__
    |     with collapse_excgroups():
    |          ^^^^^^^^^^^^^^^^^^^^
    |   File "C:\Users\ngocson\.cache\codex-runtimes\codex-primary-runtime\dependencies\python\Lib\contextlib.py", line 158, in __exit__
    |     self.gen.throw(value)
    |   File "D:\nhatro\backend\venv\Lib\site-packages\starlette\_utils.py", line 93, in collapse_excgroups
    |     raise exc
    |   File "D:\nhatro\backend\venv\Lib\site-packages\starlette\middleware\base.py", line 191, in __call__
    |     response = await self.dispatch_func(request, call_next)
    |                ^^^^^^^^^^^^^^^^^^^^^^^^^^^^^^^^^^^^^^^^^^^^
    |   File "D:\nhatro\backend\app\main.py", line 93, in add_process_time
    |     response = await call_next(request)
    |                ^^^^^^^^^^^^^^^^^^^^^^^^
    |   File "D:\nhatro\backend\venv\Lib\site-packages\starlette\middleware\base.py", line 165, in call_next
    |     raise app_exc
    |   File "D:\nhatro\backend\venv\Lib\site-packages\starlette\middleware\base.py", line 151, in coro
    |     await self.app(scope, receive_or_disconnect, send_no_error)
    |   File "D:\nhatro\backend\venv\Lib\site-packages\starlette\middleware\base.py", line 189, in __call__
    |     with collapse_excgroups():
    |          ^^^^^^^^^^^^^^^^^^^^
    |   File "C:\Users\ngocson\.cache\codex-runtimes\codex-primary-runtime\dependencies\python\Lib\contextlib.py", line 158, in __exit__
    |     self.gen.throw(value)
    |   File "D:\nhatro\backend\venv\Lib\site-packages\starlette\_utils.py", line 93, in collapse_excgroups
    |     raise exc
    |   File "D:\nhatro\backend\venv\Lib\site-packages\starlette\middleware\base.py", line 191, in __call__
    |     response = await self.dispatch_func(request, call_next)
    |                ^^^^^^^^^^^^^^^^^^^^^^^^^^^^^^^^^^^^^^^^^^^^
    |   File "D:\nhatro\backend\app\main.py", line 86, in add_security_headers
    |     response = await call_next(request)
    |                ^^^^^^^^^^^^^^^^^^^^^^^^
    |   File "D:\nhatro\backend\venv\Lib\site-packages\starlette\middleware\base.py", line 165, in call_next
    |     raise app_exc
    |   File "D:\nhatro\backend\venv\Lib\site-packages\starlette\middleware\base.py", line 151, in coro
    |     await self.app(scope, receive_or_disconnect, send_no_error)
    |   File "D:\nhatro\backend\venv\Lib\site-packages\starlette\middleware\cors.py", line 85, in __call__
    |     await self.app(scope, receive, send)
    |   File "D:\nhatro\backend\venv\Lib\site-packages\starlette\middleware\exceptions.py", line 65, in __call__
    |     await wrap_app_handling_exceptions(self.app, conn)(scope, receive, send)
    |   File "D:\nhatro\backend\venv\Lib\site-packages\starlette\_exception_handler.py", line 64, in wrapped_app
    |     raise exc
    |   File "D:\nhatro\backend\venv\Lib\site-packages\starlette\_exception_handler.py", line 53, in wrapped_app
    |     await app(scope, receive, sender)
    |   File "D:\nhatro\backend\venv\Lib\site-packages\starlette\routing.py", line 756, in __call__
    |     await self.middleware_stack(scope, receive, send)
    |   File "D:\nhatro\backend\venv\Lib\site-packages\starlette\routing.py", line 776, in app
    |     await route.handle(scope, receive, send)
    |   File "D:\nhatro\backend\venv\Lib\site-packages\starlette\routing.py", line 297, in handle
    |     await self.app(scope, receive, send)
    |   File "D:\nhatro\backend\venv\Lib\site-packages\starlette\routing.py", line 77, in app
    |     await wrap_app_handling_exceptions(app, request)(scope, receive, send)
    |   File "D:\nhatro\backend\venv\Lib\site-packages\starlette\_exception_handler.py", line 75, in wrapped_app
    |     response = await handler(conn, exc)
    |                ^^^^^^^^^^^^^^^^^^^^^^^^
    |   File "D:\nhatro\backend\app\main.py", line 157, in validation_exception_handler
    |     return JSONResponse(
    |            ^^^^^^^^^^^^^
    |   File "D:\nhatro\backend\venv\Lib\site-packages\starlette\responses.py", line 184, in __init__
    |     super().__init__(content, status_code, headers, media_type, background)
    |   File "D:\nhatro\backend\venv\Lib\site-packages\starlette\responses.py", line 41, in __init__
    |     self.body = self.render(content)
    |                 ^^^^^^^^^^^^^^^^^^^^
    |   File "D:\nhatro\backend\venv\Lib\site-packages\starlette\responses.py", line 187, in render
    |     return json.dumps(
    |            ^^^^^^^^^^^
    |   File "C:\Users\ngocson\.cache\codex-runtimes\codex-primary-runtime\dependencies\python\Lib\json\__init__.py", line 238, in dumps
    |     **kw).encode(obj)
    |           ^^^^^^^^^^^
    |   File "C:\Users\ngocson\.cache\codex-runtimes\codex-primary-runtime\dependencies\python\Lib\json\encoder.py", line 200, in encode
    |     chunks = self.iterencode(o, _one_shot=True)
    |              ^^^^^^^^^^^^^^^^^^^^^^^^^^^^^^^^^^
    |   File "C:\Users\ngocson\.cache\codex-runtimes\codex-primary-runtime\dependencies\python\Lib\json\encoder.py", line 258, in iterencode
    |     return _iterencode(o, 0)
    |            ^^^^^^^^^^^^^^^^^
    |   File "C:\Users\ngocson\.cache\codex-runtimes\codex-primary-runtime\dependencies\python\Lib\json\encoder.py", line 180, in default
    |     raise TypeError(f'Object of type {o.__class__.__name__} '
    | TypeError: Object of type ValueError is not JSON serializable
    +------------------------------------

During handling of the above exception, another exception occurred:

Traceback (most recent call last):
  File "D:\nhatro\backend\venv\Lib\site-packages\starlette\middleware\errors.py", line 164, in __call__
    await self.app(scope, receive, _send)
  File "D:\nhatro\backend\venv\Lib\site-packages\starlette\middleware\base.py", line 189, in __call__
    with collapse_excgroups():
         ^^^^^^^^^^^^^^^^^^^^
  File "C:\Users\ngocson\.cache\codex-runtimes\codex-primary-runtime\dependencies\python\Lib\contextlib.py", line 158, in __exit__
    self.gen.throw(value)
  File "D:\nhatro\backend\venv\Lib\site-packages\starlette\_utils.py", line 93, in collapse_excgroups
    raise exc
  File "D:\nhatro\backend\venv\Lib\site-packages\starlette\middleware\base.py", line 191, in __call__
    response = await self.dispatch_func(request, call_next)
               ^^^^^^^^^^^^^^^^^^^^^^^^^^^^^^^^^^^^^^^^^^^^
  File "D:\nhatro\backend\app\main.py", line 127, in rate_limit_middleware
    return await call_next(request)
           ^^^^^^^^^^^^^^^^^^^^^^^^
  File "D:\nhatro\backend\venv\Lib\site-packages\starlette\middleware\base.py", line 165, in call_next
    raise app_exc
  File "D:\nhatro\backend\venv\Lib\site-packages\starlette\middleware\base.py", line 151, in coro
    await self.app(scope, receive_or_disconnect, send_no_error)
  File "D:\nhatro\backend\venv\Lib\site-packages\starlette\middleware\base.py", line 189, in __call__
    with collapse_excgroups():
         ^^^^^^^^^^^^^^^^^^^^
  File "C:\Users\ngocson\.cache\codex-runtimes\codex-primary-runtime\dependencies\python\Lib\contextlib.py", line 158, in __exit__
    self.gen.throw(value)
  File "D:\nhatro\backend\venv\Lib\site-packages\starlette\_utils.py", line 93, in collapse_excgroups
    raise exc
  File "D:\nhatro\backend\venv\Lib\site-packages\starlette\middleware\base.py", line 191, in __call__
    response = await self.dispatch_func(request, call_next)
               ^^^^^^^^^^^^^^^^^^^^^^^^^^^^^^^^^^^^^^^^^^^^
  File "D:\nhatro\backend\app\main.py", line 93, in add_process_time
    response = await call_next(request)
               ^^^^^^^^^^^^^^^^^^^^^^^^
  File "D:\nhatro\backend\venv\Lib\site-packages\starlette\middleware\base.py", line 165, in call_next
    raise app_exc
  File "D:\nhatro\backend\venv\Lib\site-packages\starlette\middleware\base.py", line 151, in coro
    await self.app(scope, receive_or_disconnect, send_no_error)
  File "D:\nhatro\backend\venv\Lib\site-packages\starlette\middleware\base.py", line 189, in __call__
    with collapse_excgroups():
         ^^^^^^^^^^^^^^^^^^^^
  File "C:\Users\ngocson\.cache\codex-runtimes\codex-primary-runtime\dependencies\python\Lib\contextlib.py", line 158, in __exit__
    self.gen.throw(value)
  File "D:\nhatro\backend\venv\Lib\site-packages\starlette\_utils.py", line 93, in collapse_excgroups
    raise exc
  File "D:\nhatro\backend\venv\Lib\site-packages\starlette\middleware\base.py", line 191, in __call__
    response = await self.dispatch_func(request, call_next)
               ^^^^^^^^^^^^^^^^^^^^^^^^^^^^^^^^^^^^^^^^^^^^
  File "D:\nhatro\backend\app\main.py", line 86, in add_security_headers
    response = await call_next(request)
               ^^^^^^^^^^^^^^^^^^^^^^^^
  File "D:\nhatro\backend\venv\Lib\site-packages\starlette\middleware\base.py", line 165, in call_next
    raise app_exc
  File "D:\nhatro\backend\venv\Lib\site-packages\starlette\middleware\base.py", line 151, in coro
    await self.app(scope, receive_or_disconnect, send_no_error)
  File "D:\nhatro\backend\venv\Lib\site-packages\starlette\middleware\cors.py", line 85, in __call__
    await self.app(scope, receive, send)
  File "D:\nhatro\backend\venv\Lib\site-packages\starlette\middleware\exceptions.py", line 65, in __call__
    await wrap_app_handling_exceptions(self.app, conn)(scope, receive, send)
  File "D:\nhatro\backend\venv\Lib\site-packages\starlette\_exception_handler.py", line 64, in wrapped_app
    raise exc
  File "D:\nhatro\backend\venv\Lib\site-packages\starlette\_exception_handler.py", line 53, in wrapped_app
    await app(scope, receive, sender)
  File "D:\nhatro\backend\venv\Lib\site-packages\starlette\routing.py", line 756, in __call__
    await self.middleware_stack(scope, receive, send)
  File "D:\nhatro\backend\venv\Lib\site-packages\starlette\routing.py", line 776, in app
    await route.handle(scope, receive, send)
  File "D:\nhatro\backend\venv\Lib\site-packages\starlette\routing.py", line 297, in handle
    await self.app(scope, receive, send)
  File "D:\nhatro\backend\venv\Lib\site-packages\starlette\routing.py", line 77, in app
    await wrap_app_handling_exceptions(app, request)(scope, receive, send)
  File "D:\nhatro\backend\venv\Lib\site-packages\starlette\_exception_handler.py", line 75, in wrapped_app
    response = await handler(conn, exc)
               ^^^^^^^^^^^^^^^^^^^^^^^^
  File "D:\nhatro\backend\app\main.py", line 157, in validation_exception_handler
    return JSONResponse(
           ^^^^^^^^^^^^^
  File "D:\nhatro\backend\venv\Lib\site-packages\starlette\responses.py", line 184, in __init__
    super().__init__(content, status_code, headers, media_type, background)
  File "D:\nhatro\backend\venv\Lib\site-packages\starlette\responses.py", line 41, in __init__
    self.body = self.render(content)
                ^^^^^^^^^^^^^^^^^^^^
  File "D:\nhatro\backend\venv\Lib\site-packages\starlette\responses.py", line 187, in render
    return json.dumps(
           ^^^^^^^^^^^
  File "C:\Users\ngocson\.cache\codex-runtimes\codex-primary-runtime\dependencies\python\Lib\json\__init__.py", line 238, in dumps
    **kw).encode(obj)
          ^^^^^^^^^^^
  File "C:\Users\ngocson\.cache\codex-runtimes\codex-primary-runtime\dependencies\python\Lib\json\encoder.py", line 200, in encode
    chunks = self.iterencode(o, _one_shot=True)
             ^^^^^^^^^^^^^^^^^^^^^^^^^^^^^^^^^^
  File "C:\Users\ngocson\.cache\codex-runtimes\codex-primary-runtime\dependencies\python\Lib\json\encoder.py", line 258, in iterencode
    return _iterencode(o, 0)
           ^^^^^^^^^^^^^^^^^
  File "C:\Users\ngocson\.cache\codex-runtimes\codex-primary-runtime\dependencies\python\Lib\json\encoder.py", line 180, in default
    raise TypeError(f'Object of type {o.__class__.__name__} '
TypeError: Object of type ValueError is not JSON serializable
==============================================

=== VALIDATION ERROR AT PATCH /api/v1/maintenance/WEB-INF\web.xml ===
[{'type': 'json_invalid', 'loc': ('body', 34), 'msg': 'JSON decode error', 'input': {}, 'ctx': {'error': 'Expecting value'}}]
==============================================

=== VALIDATION ERROR AT PATCH /api/v1/boarding-houses/WEB-INF\web.xml ===
[{'type': 'json_invalid', 'loc': ('body', 8), 'msg': 'JSON decode error', 'input': {}, 'ctx': {'error': 'Expecting value'}}]
==============================================

=== VALIDATION ERROR AT POST /api/v1/auth/register/send-otp ===
[{'type': 'value_error', 'loc': ('body', 'email'), 'msg': 'value is not a valid email address: An email address must have an @-sign.', 'input': 'WEB-INF/web.xml', 'ctx': {'reason': 'An email address must have an @-sign.'}}]
==============================================

=== VALIDATION ERROR AT POST /api/v1/auth/login ===
[{'type': 'value_error', 'loc': ('body', 'email'), 'msg': 'value is not a valid email address: An email address must have an @-sign.', 'input': 'WEB-INF/web.xml', 'ctx': {'reason': 'An email address must have an @-sign.'}}]
==============================================

=== VALIDATION ERROR AT POST /api/v1/auth/forgot-password ===
[{'type': 'value_error', 'loc': ('body', 'email'), 'msg': 'value is not a valid email address: An email address must have an @-sign.', 'input': 'WEB-INF/web.xml', 'ctx': {'reason': 'An email address must have an @-sign.'}}]
==============================================

=== VALIDATION ERROR AT POST /api/v1/auth/register ===
[{'type': 'value_error', 'loc': ('body', 'email'), 'msg': 'value is not a valid email address: An email address must have an @-sign.', 'input': 'WEB-INF/web.xml', 'ctx': {'reason': 'An email address must have an @-sign.'}}, {'type': 'value_error', 'loc': ('body', 'password'), 'msg': 'Value error, Password must be at least 8 characters', 'input': 'ZAP', 'ctx': {'error': ValueError('Password must be at least 8 characters')}}, {'type': 'string_type', 'loc': ('body', 'phone'), 'msg': 'Input should be a valid string', 'input': 9999999999}, {'type': 'value_error', 'loc': ('body', 'otp_code'), 'msg': 'Value error, OTP code must be 6 digits', 'input': 'John Doe', 'ctx': {'error': ValueError('OTP code must be 6 digits')}}]
==============================================

=== GLOBAL EXCEPTION HANDLER AT POST /api/v1/auth/register ===
  + Exception Group Traceback (most recent call last):
  |   File "D:\nhatro\backend\venv\Lib\site-packages\starlette\_utils.py", line 87, in collapse_excgroups
  |     yield
  |   File "D:\nhatro\backend\venv\Lib\site-packages\starlette\middleware\base.py", line 190, in __call__
  |     async with anyio.create_task_group() as task_group:
  |                ^^^^^^^^^^^^^^^^^^^^^^^^^
  |   File "D:\nhatro\backend\venv\Lib\site-packages\anyio\_backends\_asyncio.py", line 799, in __aexit__
  |     raise BaseExceptionGroup(
  | ExceptionGroup: unhandled errors in a TaskGroup (1 sub-exception)
  +-+---------------- 1 ----------------
    | Traceback (most recent call last):
    |   File "D:\nhatro\backend\venv\Lib\site-packages\starlette\middleware\errors.py", line 164, in __call__
    |     await self.app(scope, receive, _send)
    |   File "D:\nhatro\backend\venv\Lib\site-packages\starlette\middleware\base.py", line 189, in __call__
    |     with collapse_excgroups():
    |          ^^^^^^^^^^^^^^^^^^^^
    |   File "C:\Users\ngocson\.cache\codex-runtimes\codex-primary-runtime\dependencies\python\Lib\contextlib.py", line 158, in __exit__
    |     self.gen.throw(value)
    |   File "D:\nhatro\backend\venv\Lib\site-packages\starlette\_utils.py", line 93, in collapse_excgroups
    |     raise exc
    |   File "D:\nhatro\backend\venv\Lib\site-packages\starlette\middleware\base.py", line 191, in __call__
    |     response = await self.dispatch_func(request, call_next)
    |                ^^^^^^^^^^^^^^^^^^^^^^^^^^^^^^^^^^^^^^^^^^^^
    |   File "D:\nhatro\backend\app\main.py", line 127, in rate_limit_middleware
    |     return await call_next(request)
    |            ^^^^^^^^^^^^^^^^^^^^^^^^
    |   File "D:\nhatro\backend\venv\Lib\site-packages\starlette\middleware\base.py", line 165, in call_next
    |     raise app_exc
    |   File "D:\nhatro\backend\venv\Lib\site-packages\starlette\middleware\base.py", line 151, in coro
    |     await self.app(scope, receive_or_disconnect, send_no_error)
    |   File "D:\nhatro\backend\venv\Lib\site-packages\starlette\middleware\base.py", line 189, in __call__
    |     with collapse_excgroups():
    |          ^^^^^^^^^^^^^^^^^^^^
    |   File "C:\Users\ngocson\.cache\codex-runtimes\codex-primary-runtime\dependencies\python\Lib\contextlib.py", line 158, in __exit__
    |     self.gen.throw(value)
    |   File "D:\nhatro\backend\venv\Lib\site-packages\starlette\_utils.py", line 93, in collapse_excgroups
    |     raise exc
    |   File "D:\nhatro\backend\venv\Lib\site-packages\starlette\middleware\base.py", line 191, in __call__
    |     response = await self.dispatch_func(request, call_next)
    |                ^^^^^^^^^^^^^^^^^^^^^^^^^^^^^^^^^^^^^^^^^^^^
    |   File "D:\nhatro\backend\app\main.py", line 93, in add_process_time
    |     response = await call_next(request)
    |                ^^^^^^^^^^^^^^^^^^^^^^^^
    |   File "D:\nhatro\backend\venv\Lib\site-packages\starlette\middleware\base.py", line 165, in call_next
    |     raise app_exc
    |   File "D:\nhatro\backend\venv\Lib\site-packages\starlette\middleware\base.py", line 151, in coro
    |     await self.app(scope, receive_or_disconnect, send_no_error)
    |   File "D:\nhatro\backend\venv\Lib\site-packages\starlette\middleware\base.py", line 189, in __call__
    |     with collapse_excgroups():
    |          ^^^^^^^^^^^^^^^^^^^^
    |   File "C:\Users\ngocson\.cache\codex-runtimes\codex-primary-runtime\dependencies\python\Lib\contextlib.py", line 158, in __exit__
    |     self.gen.throw(value)
    |   File "D:\nhatro\backend\venv\Lib\site-packages\starlette\_utils.py", line 93, in collapse_excgroups
    |     raise exc
    |   File "D:\nhatro\backend\venv\Lib\site-packages\starlette\middleware\base.py", line 191, in __call__
    |     response = await self.dispatch_func(request, call_next)
    |                ^^^^^^^^^^^^^^^^^^^^^^^^^^^^^^^^^^^^^^^^^^^^
    |   File "D:\nhatro\backend\app\main.py", line 86, in add_security_headers
    |     response = await call_next(request)
    |                ^^^^^^^^^^^^^^^^^^^^^^^^
    |   File "D:\nhatro\backend\venv\Lib\site-packages\starlette\middleware\base.py", line 165, in call_next
    |     raise app_exc
    |   File "D:\nhatro\backend\venv\Lib\site-packages\starlette\middleware\base.py", line 151, in coro
    |     await self.app(scope, receive_or_disconnect, send_no_error)
    |   File "D:\nhatro\backend\venv\Lib\site-packages\starlette\middleware\cors.py", line 85, in __call__
    |     await self.app(scope, receive, send)
    |   File "D:\nhatro\backend\venv\Lib\site-packages\starlette\middleware\exceptions.py", line 65, in __call__
    |     await wrap_app_handling_exceptions(self.app, conn)(scope, receive, send)
    |   File "D:\nhatro\backend\venv\Lib\site-packages\starlette\_exception_handler.py", line 64, in wrapped_app
    |     raise exc
    |   File "D:\nhatro\backend\venv\Lib\site-packages\starlette\_exception_handler.py", line 53, in wrapped_app
    |     await app(scope, receive, sender)
    |   File "D:\nhatro\backend\venv\Lib\site-packages\starlette\routing.py", line 756, in __call__
    |     await self.middleware_stack(scope, receive, send)
    |   File "D:\nhatro\backend\venv\Lib\site-packages\starlette\routing.py", line 776, in app
    |     await route.handle(scope, receive, send)
    |   File "D:\nhatro\backend\venv\Lib\site-packages\starlette\routing.py", line 297, in handle
    |     await self.app(scope, receive, send)
    |   File "D:\nhatro\backend\venv\Lib\site-packages\starlette\routing.py", line 77, in app
    |     await wrap_app_handling_exceptions(app, request)(scope, receive, send)
    |   File "D:\nhatro\backend\venv\Lib\site-packages\starlette\_exception_handler.py", line 75, in wrapped_app
    |     response = await handler(conn, exc)
    |                ^^^^^^^^^^^^^^^^^^^^^^^^
    |   File "D:\nhatro\backend\app\main.py", line 157, in validation_exception_handler
    |     return JSONResponse(
    |            ^^^^^^^^^^^^^
    |   File "D:\nhatro\backend\venv\Lib\site-packages\starlette\responses.py", line 184, in __init__
    |     super().__init__(content, status_code, headers, media_type, background)
    |   File "D:\nhatro\backend\venv\Lib\site-packages\starlette\responses.py", line 41, in __init__
    |     self.body = self.render(content)
    |                 ^^^^^^^^^^^^^^^^^^^^
    |   File "D:\nhatro\backend\venv\Lib\site-packages\starlette\responses.py", line 187, in render
    |     return json.dumps(
    |            ^^^^^^^^^^^
    |   File "C:\Users\ngocson\.cache\codex-runtimes\codex-primary-runtime\dependencies\python\Lib\json\__init__.py", line 238, in dumps
    |     **kw).encode(obj)
    |           ^^^^^^^^^^^
    |   File "C:\Users\ngocson\.cache\codex-runtimes\codex-primary-runtime\dependencies\python\Lib\json\encoder.py", line 200, in encode
    |     chunks = self.iterencode(o, _one_shot=True)
    |              ^^^^^^^^^^^^^^^^^^^^^^^^^^^^^^^^^^
    |   File "C:\Users\ngocson\.cache\codex-runtimes\codex-primary-runtime\dependencies\python\Lib\json\encoder.py", line 258, in iterencode
    |     return _iterencode(o, 0)
    |            ^^^^^^^^^^^^^^^^^
    |   File "C:\Users\ngocson\.cache\codex-runtimes\codex-primary-runtime\dependencies\python\Lib\json\encoder.py", line 180, in default
    |     raise TypeError(f'Object of type {o.__class__.__name__} '
    | TypeError: Object of type ValueError is not JSON serializable
    +------------------------------------

During handling of the above exception, another exception occurred:

Traceback (most recent call last):
  File "D:\nhatro\backend\venv\Lib\site-packages\starlette\middleware\errors.py", line 164, in __call__
    await self.app(scope, receive, _send)
  File "D:\nhatro\backend\venv\Lib\site-packages\starlette\middleware\base.py", line 189, in __call__
    with collapse_excgroups():
         ^^^^^^^^^^^^^^^^^^^^
  File "C:\Users\ngocson\.cache\codex-runtimes\codex-primary-runtime\dependencies\python\Lib\contextlib.py", line 158, in __exit__
    self.gen.throw(value)
  File "D:\nhatro\backend\venv\Lib\site-packages\starlette\_utils.py", line 93, in collapse_excgroups
    raise exc
  File "D:\nhatro\backend\venv\Lib\site-packages\starlette\middleware\base.py", line 191, in __call__
    response = await self.dispatch_func(request, call_next)
               ^^^^^^^^^^^^^^^^^^^^^^^^^^^^^^^^^^^^^^^^^^^^
  File "D:\nhatro\backend\app\main.py", line 127, in rate_limit_middleware
    return await call_next(request)
           ^^^^^^^^^^^^^^^^^^^^^^^^
  File "D:\nhatro\backend\venv\Lib\site-packages\starlette\middleware\base.py", line 165, in call_next
    raise app_exc
  File "D:\nhatro\backend\venv\Lib\site-packages\starlette\middleware\base.py", line 151, in coro
    await self.app(scope, receive_or_disconnect, send_no_error)
  File "D:\nhatro\backend\venv\Lib\site-packages\starlette\middleware\base.py", line 189, in __call__
    with collapse_excgroups():
         ^^^^^^^^^^^^^^^^^^^^
  File "C:\Users\ngocson\.cache\codex-runtimes\codex-primary-runtime\dependencies\python\Lib\contextlib.py", line 158, in __exit__
    self.gen.throw(value)
  File "D:\nhatro\backend\venv\Lib\site-packages\starlette\_utils.py", line 93, in collapse_excgroups
    raise exc
  File "D:\nhatro\backend\venv\Lib\site-packages\starlette\middleware\base.py", line 191, in __call__
    response = await self.dispatch_func(request, call_next)
               ^^^^^^^^^^^^^^^^^^^^^^^^^^^^^^^^^^^^^^^^^^^^
  File "D:\nhatro\backend\app\main.py", line 93, in add_process_time
    response = await call_next(request)
               ^^^^^^^^^^^^^^^^^^^^^^^^
  File "D:\nhatro\backend\venv\Lib\site-packages\starlette\middleware\base.py", line 165, in call_next
    raise app_exc
  File "D:\nhatro\backend\venv\Lib\site-packages\starlette\middleware\base.py", line 151, in coro
    await self.app(scope, receive_or_disconnect, send_no_error)
  File "D:\nhatro\backend\venv\Lib\site-packages\starlette\middleware\base.py", line 189, in __call__
    with collapse_excgroups():
         ^^^^^^^^^^^^^^^^^^^^
  File "C:\Users\ngocson\.cache\codex-runtimes\codex-primary-runtime\dependencies\python\Lib\contextlib.py", line 158, in __exit__
    self.gen.throw(value)
  File "D:\nhatro\backend\venv\Lib\site-packages\starlette\_utils.py", line 93, in collapse_excgroups
    raise exc
  File "D:\nhatro\backend\venv\Lib\site-packages\starlette\middleware\base.py", line 191, in __call__
    response = await self.dispatch_func(request, call_next)
               ^^^^^^^^^^^^^^^^^^^^^^^^^^^^^^^^^^^^^^^^^^^^
  File "D:\nhatro\backend\app\main.py", line 86, in add_security_headers
    response = await call_next(request)
               ^^^^^^^^^^^^^^^^^^^^^^^^
  File "D:\nhatro\backend\venv\Lib\site-packages\starlette\middleware\base.py", line 165, in call_next
    raise app_exc
  File "D:\nhatro\backend\venv\Lib\site-packages\starlette\middleware\base.py", line 151, in coro
    await self.app(scope, receive_or_disconnect, send_no_error)
  File "D:\nhatro\backend\venv\Lib\site-packages\starlette\middleware\cors.py", line 85, in __call__
    await self.app(scope, receive, send)
  File "D:\nhatro\backend\venv\Lib\site-packages\starlette\middleware\exceptions.py", line 65, in __call__
    await wrap_app_handling_exceptions(self.app, conn)(scope, receive, send)
  File "D:\nhatro\backend\venv\Lib\site-packages\starlette\_exception_handler.py", line 64, in wrapped_app
    raise exc
  File "D:\nhatro\backend\venv\Lib\site-packages\starlette\_exception_handler.py", line 53, in wrapped_app
    await app(scope, receive, sender)
  File "D:\nhatro\backend\venv\Lib\site-packages\starlette\routing.py", line 756, in __call__
    await self.middleware_stack(scope, receive, send)
  File "D:\nhatro\backend\venv\Lib\site-packages\starlette\routing.py", line 776, in app
    await route.handle(scope, receive, send)
  File "D:\nhatro\backend\venv\Lib\site-packages\starlette\routing.py", line 297, in handle
    await self.app(scope, receive, send)
  File "D:\nhatro\backend\venv\Lib\site-packages\starlette\routing.py", line 77, in app
    await wrap_app_handling_exceptions(app, request)(scope, receive, send)
  File "D:\nhatro\backend\venv\Lib\site-packages\starlette\_exception_handler.py", line 75, in wrapped_app
    response = await handler(conn, exc)
               ^^^^^^^^^^^^^^^^^^^^^^^^
  File "D:\nhatro\backend\app\main.py", line 157, in validation_exception_handler
    return JSONResponse(
           ^^^^^^^^^^^^^
  File "D:\nhatro\backend\venv\Lib\site-packages\starlette\responses.py", line 184, in __init__
    super().__init__(content, status_code, headers, media_type, background)
  File "D:\nhatro\backend\venv\Lib\site-packages\starlette\responses.py", line 41, in __init__
    self.body = self.render(content)
                ^^^^^^^^^^^^^^^^^^^^
  File "D:\nhatro\backend\venv\Lib\site-packages\starlette\responses.py", line 187, in render
    return json.dumps(
           ^^^^^^^^^^^
  File "C:\Users\ngocson\.cache\codex-runtimes\codex-primary-runtime\dependencies\python\Lib\json\__init__.py", line 238, in dumps
    **kw).encode(obj)
          ^^^^^^^^^^^
  File "C:\Users\ngocson\.cache\codex-runtimes\codex-primary-runtime\dependencies\python\Lib\json\encoder.py", line 200, in encode
    chunks = self.iterencode(o, _one_shot=True)
             ^^^^^^^^^^^^^^^^^^^^^^^^^^^^^^^^^^
  File "C:\Users\ngocson\.cache\codex-runtimes\codex-primary-runtime\dependencies\python\Lib\json\encoder.py", line 258, in iterencode
    return _iterencode(o, 0)
           ^^^^^^^^^^^^^^^^^
  File "C:\Users\ngocson\.cache\codex-runtimes\codex-primary-runtime\dependencies\python\Lib\json\encoder.py", line 180, in default
    raise TypeError(f'Object of type {o.__class__.__name__} '
TypeError: Object of type ValueError is not JSON serializable
==============================================

=== VALIDATION ERROR AT POST /api/v1/auth/login ===
[{'type': 'value_error', 'loc': ('body', 'email'), 'msg': 'value is not a valid email address: An email address must have an @-sign.', 'input': 'WEB-INF\\web.xml', 'ctx': {'reason': 'An email address must have an @-sign.'}}]
==============================================

=== VALIDATION ERROR AT POST /api/v1/auth/register/send-otp ===
[{'type': 'value_error', 'loc': ('body', 'email'), 'msg': 'value is not a valid email address: An email address must have an @-sign.', 'input': 'WEB-INF\\web.xml', 'ctx': {'reason': 'An email address must have an @-sign.'}}]
==============================================

=== VALIDATION ERROR AT POST /api/v1/auth/register ===
[{'type': 'value_error', 'loc': ('body', 'email'), 'msg': 'value is not a valid email address: An email address must have an @-sign.', 'input': 'WEB-INF\\web.xml', 'ctx': {'reason': 'An email address must have an @-sign.'}}, {'type': 'value_error', 'loc': ('body', 'password'), 'msg': 'Value error, Password must be at least 8 characters', 'input': 'ZAP', 'ctx': {'error': ValueError('Password must be at least 8 characters')}}, {'type': 'string_type', 'loc': ('body', 'phone'), 'msg': 'Input should be a valid string', 'input': 9999999999}, {'type': 'value_error', 'loc': ('body', 'otp_code'), 'msg': 'Value error, OTP code must be 6 digits', 'input': 'John Doe', 'ctx': {'error': ValueError('OTP code must be 6 digits')}}]
==============================================

=== VALIDATION ERROR AT POST /api/v1/auth/forgot-password ===
[{'type': 'value_error', 'loc': ('body', 'email'), 'msg': 'value is not a valid email address: An email address must have an @-sign.', 'input': 'WEB-INF\\web.xml', 'ctx': {'reason': 'An email address must have an @-sign.'}}]
==============================================

=== VALIDATION ERROR AT PATCH /api/v1/maintenance/\WEB-INF\web.xml ===
[{'type': 'json_invalid', 'loc': ('body', 34), 'msg': 'JSON decode error', 'input': {}, 'ctx': {'error': 'Expecting value'}}]
==============================================

=== VALIDATION ERROR AT PATCH /api/v1/boarding-houses/\WEB-INF\web.xml ===
[{'type': 'json_invalid', 'loc': ('body', 8), 'msg': 'JSON decode error', 'input': {}, 'ctx': {'error': 'Expecting value'}}]
==============================================

=== GLOBAL EXCEPTION HANDLER AT POST /api/v1/auth/register ===
  + Exception Group Traceback (most recent call last):
  |   File "D:\nhatro\backend\venv\Lib\site-packages\starlette\_utils.py", line 87, in collapse_excgroups
  |     yield
  |   File "D:\nhatro\backend\venv\Lib\site-packages\starlette\middleware\base.py", line 190, in __call__
  |     async with anyio.create_task_group() as task_group:
  |                ^^^^^^^^^^^^^^^^^^^^^^^^^
  |   File "D:\nhatro\backend\venv\Lib\site-packages\anyio\_backends\_asyncio.py", line 799, in __aexit__
  |     raise BaseExceptionGroup(
  | ExceptionGroup: unhandled errors in a TaskGroup (1 sub-exception)
  +-+---------------- 1 ----------------
    | Traceback (most recent call last):
    |   File "D:\nhatro\backend\venv\Lib\site-packages\starlette\middleware\errors.py", line 164, in __call__
    |     await self.app(scope, receive, _send)
    |   File "D:\nhatro\backend\venv\Lib\site-packages\starlette\middleware\base.py", line 189, in __call__
    |     with collapse_excgroups():
    |          ^^^^^^^^^^^^^^^^^^^^
    |   File "C:\Users\ngocson\.cache\codex-runtimes\codex-primary-runtime\dependencies\python\Lib\contextlib.py", line 158, in __exit__
    |     self.gen.throw(value)
    |   File "D:\nhatro\backend\venv\Lib\site-packages\starlette\_utils.py", line 93, in collapse_excgroups
    |     raise exc
    |   File "D:\nhatro\backend\venv\Lib\site-packages\starlette\middleware\base.py", line 191, in __call__
    |     response = await self.dispatch_func(request, call_next)
    |                ^^^^^^^^^^^^^^^^^^^^^^^^^^^^^^^^^^^^^^^^^^^^
    |   File "D:\nhatro\backend\app\main.py", line 127, in rate_limit_middleware
    |     return await call_next(request)
    |            ^^^^^^^^^^^^^^^^^^^^^^^^
    |   File "D:\nhatro\backend\venv\Lib\site-packages\starlette\middleware\base.py", line 165, in call_next
    |     raise app_exc
    |   File "D:\nhatro\backend\venv\Lib\site-packages\starlette\middleware\base.py", line 151, in coro
    |     await self.app(scope, receive_or_disconnect, send_no_error)
    |   File "D:\nhatro\backend\venv\Lib\site-packages\starlette\middleware\base.py", line 189, in __call__
    |     with collapse_excgroups():
    |          ^^^^^^^^^^^^^^^^^^^^
    |   File "C:\Users\ngocson\.cache\codex-runtimes\codex-primary-runtime\dependencies\python\Lib\contextlib.py", line 158, in __exit__
    |     self.gen.throw(value)
    |   File "D:\nhatro\backend\venv\Lib\site-packages\starlette\_utils.py", line 93, in collapse_excgroups
    |     raise exc
    |   File "D:\nhatro\backend\venv\Lib\site-packages\starlette\middleware\base.py", line 191, in __call__
    |     response = await self.dispatch_func(request, call_next)
    |                ^^^^^^^^^^^^^^^^^^^^^^^^^^^^^^^^^^^^^^^^^^^^
    |   File "D:\nhatro\backend\app\main.py", line 93, in add_process_time
    |     response = await call_next(request)
    |                ^^^^^^^^^^^^^^^^^^^^^^^^
    |   File "D:\nhatro\backend\venv\Lib\site-packages\starlette\middleware\base.py", line 165, in call_next
    |     raise app_exc
    |   File "D:\nhatro\backend\venv\Lib\site-packages\starlette\middleware\base.py", line 151, in coro
    |     await self.app(scope, receive_or_disconnect, send_no_error)
    |   File "D:\nhatro\backend\venv\Lib\site-packages\starlette\middleware\base.py", line 189, in __call__
    |     with collapse_excgroups():
    |          ^^^^^^^^^^^^^^^^^^^^
    |   File "C:\Users\ngocson\.cache\codex-runtimes\codex-primary-runtime\dependencies\python\Lib\contextlib.py", line 158, in __exit__
    |     self.gen.throw(value)
    |   File "D:\nhatro\backend\venv\Lib\site-packages\starlette\_utils.py", line 93, in collapse_excgroups
    |     raise exc
    |   File "D:\nhatro\backend\venv\Lib\site-packages\starlette\middleware\base.py", line 191, in __call__
    |     response = await self.dispatch_func(request, call_next)
    |                ^^^^^^^^^^^^^^^^^^^^^^^^^^^^^^^^^^^^^^^^^^^^
    |   File "D:\nhatro\backend\app\main.py", line 86, in add_security_headers
    |     response = await call_next(request)
    |                ^^^^^^^^^^^^^^^^^^^^^^^^
    |   File "D:\nhatro\backend\venv\Lib\site-packages\starlette\middleware\base.py", line 165, in call_next
    |     raise app_exc
    |   File "D:\nhatro\backend\venv\Lib\site-packages\starlette\middleware\base.py", line 151, in coro
    |     await self.app(scope, receive_or_disconnect, send_no_error)
    |   File "D:\nhatro\backend\venv\Lib\site-packages\starlette\middleware\cors.py", line 85, in __call__
    |     await self.app(scope, receive, send)
    |   File "D:\nhatro\backend\venv\Lib\site-packages\starlette\middleware\exceptions.py", line 65, in __call__
    |     await wrap_app_handling_exceptions(self.app, conn)(scope, receive, send)
    |   File "D:\nhatro\backend\venv\Lib\site-packages\starlette\_exception_handler.py", line 64, in wrapped_app
    |     raise exc
    |   File "D:\nhatro\backend\venv\Lib\site-packages\starlette\_exception_handler.py", line 53, in wrapped_app
    |     await app(scope, receive, sender)
    |   File "D:\nhatro\backend\venv\Lib\site-packages\starlette\routing.py", line 756, in __call__
    |     await self.middleware_stack(scope, receive, send)
    |   File "D:\nhatro\backend\venv\Lib\site-packages\starlette\routing.py", line 776, in app
    |     await route.handle(scope, receive, send)
    |   File "D:\nhatro\backend\venv\Lib\site-packages\starlette\routing.py", line 297, in handle
    |     await self.app(scope, receive, send)
    |   File "D:\nhatro\backend\venv\Lib\site-packages\starlette\routing.py", line 77, in app
    |     await wrap_app_handling_exceptions(app, request)(scope, receive, send)
    |   File "D:\nhatro\backend\venv\Lib\site-packages\starlette\_exception_handler.py", line 75, in wrapped_app
    |     response = await handler(conn, exc)
    |                ^^^^^^^^^^^^^^^^^^^^^^^^
    |   File "D:\nhatro\backend\app\main.py", line 157, in validation_exception_handler
    |     return JSONResponse(
    |            ^^^^^^^^^^^^^
    |   File "D:\nhatro\backend\venv\Lib\site-packages\starlette\responses.py", line 184, in __init__
    |     super().__init__(content, status_code, headers, media_type, background)
    |   File "D:\nhatro\backend\venv\Lib\site-packages\starlette\responses.py", line 41, in __init__
    |     self.body = self.render(content)
    |                 ^^^^^^^^^^^^^^^^^^^^
    |   File "D:\nhatro\backend\venv\Lib\site-packages\starlette\responses.py", line 187, in render
    |     return json.dumps(
    |            ^^^^^^^^^^^
    |   File "C:\Users\ngocson\.cache\codex-runtimes\codex-primary-runtime\dependencies\python\Lib\json\__init__.py", line 238, in dumps
    |     **kw).encode(obj)
    |           ^^^^^^^^^^^
    |   File "C:\Users\ngocson\.cache\codex-runtimes\codex-primary-runtime\dependencies\python\Lib\json\encoder.py", line 200, in encode
    |     chunks = self.iterencode(o, _one_shot=True)
    |              ^^^^^^^^^^^^^^^^^^^^^^^^^^^^^^^^^^
    |   File "C:\Users\ngocson\.cache\codex-runtimes\codex-primary-runtime\dependencies\python\Lib\json\encoder.py", line 258, in iterencode
    |     return _iterencode(o, 0)
    |            ^^^^^^^^^^^^^^^^^
    |   File "C:\Users\ngocson\.cache\codex-runtimes\codex-primary-runtime\dependencies\python\Lib\json\encoder.py", line 180, in default
    |     raise TypeError(f'Object of type {o.__class__.__name__} '
    | TypeError: Object of type ValueError is not JSON serializable
    +------------------------------------

During handling of the above exception, another exception occurred:

Traceback (most recent call last):
  File "D:\nhatro\backend\venv\Lib\site-packages\starlette\middleware\errors.py", line 164, in __call__
    await self.app(scope, receive, _send)
  File "D:\nhatro\backend\venv\Lib\site-packages\starlette\middleware\base.py", line 189, in __call__
    with collapse_excgroups():
         ^^^^^^^^^^^^^^^^^^^^
  File "C:\Users\ngocson\.cache\codex-runtimes\codex-primary-runtime\dependencies\python\Lib\contextlib.py", line 158, in __exit__
    self.gen.throw(value)
  File "D:\nhatro\backend\venv\Lib\site-packages\starlette\_utils.py", line 93, in collapse_excgroups
    raise exc
  File "D:\nhatro\backend\venv\Lib\site-packages\starlette\middleware\base.py", line 191, in __call__
    response = await self.dispatch_func(request, call_next)
               ^^^^^^^^^^^^^^^^^^^^^^^^^^^^^^^^^^^^^^^^^^^^
  File "D:\nhatro\backend\app\main.py", line 127, in rate_limit_middleware
    return await call_next(request)
           ^^^^^^^^^^^^^^^^^^^^^^^^
  File "D:\nhatro\backend\venv\Lib\site-packages\starlette\middleware\base.py", line 165, in call_next
    raise app_exc
  File "D:\nhatro\backend\venv\Lib\site-packages\starlette\middleware\base.py", line 151, in coro
    await self.app(scope, receive_or_disconnect, send_no_error)
  File "D:\nhatro\backend\venv\Lib\site-packages\starlette\middleware\base.py", line 189, in __call__
    with collapse_excgroups():
         ^^^^^^^^^^^^^^^^^^^^
  File "C:\Users\ngocson\.cache\codex-runtimes\codex-primary-runtime\dependencies\python\Lib\contextlib.py", line 158, in __exit__
    self.gen.throw(value)
  File "D:\nhatro\backend\venv\Lib\site-packages\starlette\_utils.py", line 93, in collapse_excgroups
    raise exc
  File "D:\nhatro\backend\venv\Lib\site-packages\starlette\middleware\base.py", line 191, in __call__
    response = await self.dispatch_func(request, call_next)
               ^^^^^^^^^^^^^^^^^^^^^^^^^^^^^^^^^^^^^^^^^^^^
  File "D:\nhatro\backend\app\main.py", line 93, in add_process_time
    response = await call_next(request)
               ^^^^^^^^^^^^^^^^^^^^^^^^
  File "D:\nhatro\backend\venv\Lib\site-packages\starlette\middleware\base.py", line 165, in call_next
    raise app_exc
  File "D:\nhatro\backend\venv\Lib\site-packages\starlette\middleware\base.py", line 151, in coro
    await self.app(scope, receive_or_disconnect, send_no_error)
  File "D:\nhatro\backend\venv\Lib\site-packages\starlette\middleware\base.py", line 189, in __call__
    with collapse_excgroups():
         ^^^^^^^^^^^^^^^^^^^^
  File "C:\Users\ngocson\.cache\codex-runtimes\codex-primary-runtime\dependencies\python\Lib\contextlib.py", line 158, in __exit__
    self.gen.throw(value)
  File "D:\nhatro\backend\venv\Lib\site-packages\starlette\_utils.py", line 93, in collapse_excgroups
    raise exc
  File "D:\nhatro\backend\venv\Lib\site-packages\starlette\middleware\base.py", line 191, in __call__
    response = await self.dispatch_func(request, call_next)
               ^^^^^^^^^^^^^^^^^^^^^^^^^^^^^^^^^^^^^^^^^^^^
  File "D:\nhatro\backend\app\main.py", line 86, in add_security_headers
    response = await call_next(request)
               ^^^^^^^^^^^^^^^^^^^^^^^^
  File "D:\nhatro\backend\venv\Lib\site-packages\starlette\middleware\base.py", line 165, in call_next
    raise app_exc
  File "D:\nhatro\backend\venv\Lib\site-packages\starlette\middleware\base.py", line 151, in coro
    await self.app(scope, receive_or_disconnect, send_no_error)
  File "D:\nhatro\backend\venv\Lib\site-packages\starlette\middleware\cors.py", line 85, in __call__
    await self.app(scope, receive, send)
  File "D:\nhatro\backend\venv\Lib\site-packages\starlette\middleware\exceptions.py", line 65, in __call__
    await wrap_app_handling_exceptions(self.app, conn)(scope, receive, send)
  File "D:\nhatro\backend\venv\Lib\site-packages\starlette\_exception_handler.py", line 64, in wrapped_app
    raise exc
  File "D:\nhatro\backend\venv\Lib\site-packages\starlette\_exception_handler.py", line 53, in wrapped_app
    await app(scope, receive, sender)
  File "D:\nhatro\backend\venv\Lib\site-packages\starlette\routing.py", line 756, in __call__
    await self.middleware_stack(scope, receive, send)
  File "D:\nhatro\backend\venv\Lib\site-packages\starlette\routing.py", line 776, in app
    await route.handle(scope, receive, send)
  File "D:\nhatro\backend\venv\Lib\site-packages\starlette\routing.py", line 297, in handle
    await self.app(scope, receive, send)
  File "D:\nhatro\backend\venv\Lib\site-packages\starlette\routing.py", line 77, in app
    await wrap_app_handling_exceptions(app, request)(scope, receive, send)
  File "D:\nhatro\backend\venv\Lib\site-packages\starlette\_exception_handler.py", line 75, in wrapped_app
    response = await handler(conn, exc)
               ^^^^^^^^^^^^^^^^^^^^^^^^
  File "D:\nhatro\backend\app\main.py", line 157, in validation_exception_handler
    return JSONResponse(
           ^^^^^^^^^^^^^
  File "D:\nhatro\backend\venv\Lib\site-packages\starlette\responses.py", line 184, in __init__
    super().__init__(content, status_code, headers, media_type, background)
  File "D:\nhatro\backend\venv\Lib\site-packages\starlette\responses.py", line 41, in __init__
    self.body = self.render(content)
                ^^^^^^^^^^^^^^^^^^^^
  File "D:\nhatro\backend\venv\Lib\site-packages\starlette\responses.py", line 187, in render
    return json.dumps(
           ^^^^^^^^^^^
  File "C:\Users\ngocson\.cache\codex-runtimes\codex-primary-runtime\dependencies\python\Lib\json\__init__.py", line 238, in dumps
    **kw).encode(obj)
          ^^^^^^^^^^^
  File "C:\Users\ngocson\.cache\codex-runtimes\codex-primary-runtime\dependencies\python\Lib\json\encoder.py", line 200, in encode
    chunks = self.iterencode(o, _one_shot=True)
             ^^^^^^^^^^^^^^^^^^^^^^^^^^^^^^^^^^
  File "C:\Users\ngocson\.cache\codex-runtimes\codex-primary-runtime\dependencies\python\Lib\json\encoder.py", line 258, in iterencode
    return _iterencode(o, 0)
           ^^^^^^^^^^^^^^^^^
  File "C:\Users\ngocson\.cache\codex-runtimes\codex-primary-runtime\dependencies\python\Lib\json\encoder.py", line 180, in default
    raise TypeError(f'Object of type {o.__class__.__name__} '
TypeError: Object of type ValueError is not JSON serializable
==============================================

=== VALIDATION ERROR AT POST /api/v1/auth/login ===
[{'type': 'value_error', 'loc': ('body', 'email'), 'msg': 'value is not a valid email address: An email address must have an @-sign.', 'input': '/WEB-INF/web.xml', 'ctx': {'reason': 'An email address must have an @-sign.'}}]
==============================================

=== VALIDATION ERROR AT POST /api/v1/auth/register/send-otp ===
[{'type': 'value_error', 'loc': ('body', 'email'), 'msg': 'value is not a valid email address: An email address must have an @-sign.', 'input': '/WEB-INF/web.xml', 'ctx': {'reason': 'An email address must have an @-sign.'}}]
==============================================

=== VALIDATION ERROR AT POST /api/v1/auth/register ===
[{'type': 'value_error', 'loc': ('body', 'email'), 'msg': 'value is not a valid email address: An email address must have an @-sign.', 'input': '/WEB-INF/web.xml', 'ctx': {'reason': 'An email address must have an @-sign.'}}, {'type': 'value_error', 'loc': ('body', 'password'), 'msg': 'Value error, Password must be at least 8 characters', 'input': 'ZAP', 'ctx': {'error': ValueError('Password must be at least 8 characters')}}, {'type': 'string_type', 'loc': ('body', 'phone'), 'msg': 'Input should be a valid string', 'input': 9999999999}, {'type': 'value_error', 'loc': ('body', 'otp_code'), 'msg': 'Value error, OTP code must be 6 digits', 'input': 'John Doe', 'ctx': {'error': ValueError('OTP code must be 6 digits')}}]
==============================================

=== VALIDATION ERROR AT POST /api/v1/auth/forgot-password ===
[{'type': 'value_error', 'loc': ('body', 'email'), 'msg': 'value is not a valid email address: An email address must have an @-sign.', 'input': '/WEB-INF/web.xml', 'ctx': {'reason': 'An email address must have an @-sign.'}}]
==============================================

=== VALIDATION ERROR AT PATCH /api/v1/maintenance/thishouldnotexistandhopefullyitwillnot ===
[{'type': 'json_invalid', 'loc': ('body', 34), 'msg': 'JSON decode error', 'input': {}, 'ctx': {'error': 'Expecting value'}}]
==============================================

=== VALIDATION ERROR AT PATCH /api/v1/boarding-houses/thishouldnotexistandhopefullyitwillnot ===
[{'type': 'json_invalid', 'loc': ('body', 8), 'msg': 'JSON decode error', 'input': {}, 'ctx': {'error': 'Expecting value'}}]
==============================================

=== GLOBAL EXCEPTION HANDLER AT POST /api/v1/auth/register ===
  + Exception Group Traceback (most recent call last):
  |   File "D:\nhatro\backend\venv\Lib\site-packages\starlette\_utils.py", line 87, in collapse_excgroups
  |     yield
  |   File "D:\nhatro\backend\venv\Lib\site-packages\starlette\middleware\base.py", line 190, in __call__
  |     async with anyio.create_task_group() as task_group:
  |                ^^^^^^^^^^^^^^^^^^^^^^^^^
  |   File "D:\nhatro\backend\venv\Lib\site-packages\anyio\_backends\_asyncio.py", line 799, in __aexit__
  |     raise BaseExceptionGroup(
  | ExceptionGroup: unhandled errors in a TaskGroup (1 sub-exception)
  +-+---------------- 1 ----------------
    | Traceback (most recent call last):
    |   File "D:\nhatro\backend\venv\Lib\site-packages\starlette\middleware\errors.py", line 164, in __call__
    |     await self.app(scope, receive, _send)
    |   File "D:\nhatro\backend\venv\Lib\site-packages\starlette\middleware\base.py", line 189, in __call__
    |     with collapse_excgroups():
    |          ^^^^^^^^^^^^^^^^^^^^
    |   File "C:\Users\ngocson\.cache\codex-runtimes\codex-primary-runtime\dependencies\python\Lib\contextlib.py", line 158, in __exit__
    |     self.gen.throw(value)
    |   File "D:\nhatro\backend\venv\Lib\site-packages\starlette\_utils.py", line 93, in collapse_excgroups
    |     raise exc
    |   File "D:\nhatro\backend\venv\Lib\site-packages\starlette\middleware\base.py", line 191, in __call__
    |     response = await self.dispatch_func(request, call_next)
    |                ^^^^^^^^^^^^^^^^^^^^^^^^^^^^^^^^^^^^^^^^^^^^
    |   File "D:\nhatro\backend\app\main.py", line 127, in rate_limit_middleware
    |     return await call_next(request)
    |            ^^^^^^^^^^^^^^^^^^^^^^^^
    |   File "D:\nhatro\backend\venv\Lib\site-packages\starlette\middleware\base.py", line 165, in call_next
    |     raise app_exc
    |   File "D:\nhatro\backend\venv\Lib\site-packages\starlette\middleware\base.py", line 151, in coro
    |     await self.app(scope, receive_or_disconnect, send_no_error)
    |   File "D:\nhatro\backend\venv\Lib\site-packages\starlette\middleware\base.py", line 189, in __call__
    |     with collapse_excgroups():
    |          ^^^^^^^^^^^^^^^^^^^^
    |   File "C:\Users\ngocson\.cache\codex-runtimes\codex-primary-runtime\dependencies\python\Lib\contextlib.py", line 158, in __exit__
    |     self.gen.throw(value)
    |   File "D:\nhatro\backend\venv\Lib\site-packages\starlette\_utils.py", line 93, in collapse_excgroups
    |     raise exc
    |   File "D:\nhatro\backend\venv\Lib\site-packages\starlette\middleware\base.py", line 191, in __call__
    |     response = await self.dispatch_func(request, call_next)
    |                ^^^^^^^^^^^^^^^^^^^^^^^^^^^^^^^^^^^^^^^^^^^^
    |   File "D:\nhatro\backend\app\main.py", line 93, in add_process_time
    |     response = await call_next(request)
    |                ^^^^^^^^^^^^^^^^^^^^^^^^
    |   File "D:\nhatro\backend\venv\Lib\site-packages\starlette\middleware\base.py", line 165, in call_next
    |     raise app_exc
    |   File "D:\nhatro\backend\venv\Lib\site-packages\starlette\middleware\base.py", line 151, in coro
    |     await self.app(scope, receive_or_disconnect, send_no_error)
    |   File "D:\nhatro\backend\venv\Lib\site-packages\starlette\middleware\base.py", line 189, in __call__
    |     with collapse_excgroups():
    |          ^^^^^^^^^^^^^^^^^^^^
    |   File "C:\Users\ngocson\.cache\codex-runtimes\codex-primary-runtime\dependencies\python\Lib\contextlib.py", line 158, in __exit__
    |     self.gen.throw(value)
    |   File "D:\nhatro\backend\venv\Lib\site-packages\starlette\_utils.py", line 93, in collapse_excgroups
    |     raise exc
    |   File "D:\nhatro\backend\venv\Lib\site-packages\starlette\middleware\base.py", line 191, in __call__
    |     response = await self.dispatch_func(request, call_next)
    |                ^^^^^^^^^^^^^^^^^^^^^^^^^^^^^^^^^^^^^^^^^^^^
    |   File "D:\nhatro\backend\app\main.py", line 86, in add_security_headers
    |     response = await call_next(request)
    |                ^^^^^^^^^^^^^^^^^^^^^^^^
    |   File "D:\nhatro\backend\venv\Lib\site-packages\starlette\middleware\base.py", line 165, in call_next
    |     raise app_exc
    |   File "D:\nhatro\backend\venv\Lib\site-packages\starlette\middleware\base.py", line 151, in coro
    |     await self.app(scope, receive_or_disconnect, send_no_error)
    |   File "D:\nhatro\backend\venv\Lib\site-packages\starlette\middleware\cors.py", line 85, in __call__
    |     await self.app(scope, receive, send)
    |   File "D:\nhatro\backend\venv\Lib\site-packages\starlette\middleware\exceptions.py", line 65, in __call__
    |     await wrap_app_handling_exceptions(self.app, conn)(scope, receive, send)
    |   File "D:\nhatro\backend\venv\Lib\site-packages\starlette\_exception_handler.py", line 64, in wrapped_app
    |     raise exc
    |   File "D:\nhatro\backend\venv\Lib\site-packages\starlette\_exception_handler.py", line 53, in wrapped_app
    |     await app(scope, receive, sender)
    |   File "D:\nhatro\backend\venv\Lib\site-packages\starlette\routing.py", line 756, in __call__
    |     await self.middleware_stack(scope, receive, send)
    |   File "D:\nhatro\backend\venv\Lib\site-packages\starlette\routing.py", line 776, in app
    |     await route.handle(scope, receive, send)
    |   File "D:\nhatro\backend\venv\Lib\site-packages\starlette\routing.py", line 297, in handle
    |     await self.app(scope, receive, send)
    |   File "D:\nhatro\backend\venv\Lib\site-packages\starlette\routing.py", line 77, in app
    |     await wrap_app_handling_exceptions(app, request)(scope, receive, send)
    |   File "D:\nhatro\backend\venv\Lib\site-packages\starlette\_exception_handler.py", line 75, in wrapped_app
    |     response = await handler(conn, exc)
    |                ^^^^^^^^^^^^^^^^^^^^^^^^
    |   File "D:\nhatro\backend\app\main.py", line 157, in validation_exception_handler
    |     return JSONResponse(
    |            ^^^^^^^^^^^^^
    |   File "D:\nhatro\backend\venv\Lib\site-packages\starlette\responses.py", line 184, in __init__
    |     super().__init__(content, status_code, headers, media_type, background)
    |   File "D:\nhatro\backend\venv\Lib\site-packages\starlette\responses.py", line 41, in __init__
    |     self.body = self.render(content)
    |                 ^^^^^^^^^^^^^^^^^^^^
    |   File "D:\nhatro\backend\venv\Lib\site-packages\starlette\responses.py", line 187, in render
    |     return json.dumps(
    |            ^^^^^^^^^^^
    |   File "C:\Users\ngocson\.cache\codex-runtimes\codex-primary-runtime\dependencies\python\Lib\json\__init__.py", line 238, in dumps
    |     **kw).encode(obj)
    |           ^^^^^^^^^^^
    |   File "C:\Users\ngocson\.cache\codex-runtimes\codex-primary-runtime\dependencies\python\Lib\json\encoder.py", line 200, in encode
    |     chunks = self.iterencode(o, _one_shot=True)
    |              ^^^^^^^^^^^^^^^^^^^^^^^^^^^^^^^^^^
    |   File "C:\Users\ngocson\.cache\codex-runtimes\codex-primary-runtime\dependencies\python\Lib\json\encoder.py", line 258, in iterencode
    |     return _iterencode(o, 0)
    |            ^^^^^^^^^^^^^^^^^
    |   File "C:\Users\ngocson\.cache\codex-runtimes\codex-primary-runtime\dependencies\python\Lib\json\encoder.py", line 180, in default
    |     raise TypeError(f'Object of type {o.__class__.__name__} '
    | TypeError: Object of type ValueError is not JSON serializable
    +------------------------------------

During handling of the above exception, another exception occurred:

Traceback (most recent call last):
  File "D:\nhatro\backend\venv\Lib\site-packages\starlette\middleware\errors.py", line 164, in __call__
    await self.app(scope, receive, _send)
  File "D:\nhatro\backend\venv\Lib\site-packages\starlette\middleware\base.py", line 189, in __call__
    with collapse_excgroups():
         ^^^^^^^^^^^^^^^^^^^^
  File "C:\Users\ngocson\.cache\codex-runtimes\codex-primary-runtime\dependencies\python\Lib\contextlib.py", line 158, in __exit__
    self.gen.throw(value)
  File "D:\nhatro\backend\venv\Lib\site-packages\starlette\_utils.py", line 93, in collapse_excgroups
    raise exc
  File "D:\nhatro\backend\venv\Lib\site-packages\starlette\middleware\base.py", line 191, in __call__
    response = await self.dispatch_func(request, call_next)
               ^^^^^^^^^^^^^^^^^^^^^^^^^^^^^^^^^^^^^^^^^^^^
  File "D:\nhatro\backend\app\main.py", line 127, in rate_limit_middleware
    return await call_next(request)
           ^^^^^^^^^^^^^^^^^^^^^^^^
  File "D:\nhatro\backend\venv\Lib\site-packages\starlette\middleware\base.py", line 165, in call_next
    raise app_exc
  File "D:\nhatro\backend\venv\Lib\site-packages\starlette\middleware\base.py", line 151, in coro
    await self.app(scope, receive_or_disconnect, send_no_error)
  File "D:\nhatro\backend\venv\Lib\site-packages\starlette\middleware\base.py", line 189, in __call__
    with collapse_excgroups():
         ^^^^^^^^^^^^^^^^^^^^
  File "C:\Users\ngocson\.cache\codex-runtimes\codex-primary-runtime\dependencies\python\Lib\contextlib.py", line 158, in __exit__
    self.gen.throw(value)
  File "D:\nhatro\backend\venv\Lib\site-packages\starlette\_utils.py", line 93, in collapse_excgroups
    raise exc
  File "D:\nhatro\backend\venv\Lib\site-packages\starlette\middleware\base.py", line 191, in __call__
    response = await self.dispatch_func(request, call_next)
               ^^^^^^^^^^^^^^^^^^^^^^^^^^^^^^^^^^^^^^^^^^^^
  File "D:\nhatro\backend\app\main.py", line 93, in add_process_time
    response = await call_next(request)
               ^^^^^^^^^^^^^^^^^^^^^^^^
  File "D:\nhatro\backend\venv\Lib\site-packages\starlette\middleware\base.py", line 165, in call_next
    raise app_exc
  File "D:\nhatro\backend\venv\Lib\site-packages\starlette\middleware\base.py", line 151, in coro
    await self.app(scope, receive_or_disconnect, send_no_error)
  File "D:\nhatro\backend\venv\Lib\site-packages\starlette\middleware\base.py", line 189, in __call__
    with collapse_excgroups():
         ^^^^^^^^^^^^^^^^^^^^
  File "C:\Users\ngocson\.cache\codex-runtimes\codex-primary-runtime\dependencies\python\Lib\contextlib.py", line 158, in __exit__
    self.gen.throw(value)
  File "D:\nhatro\backend\venv\Lib\site-packages\starlette\_utils.py", line 93, in collapse_excgroups
    raise exc
  File "D:\nhatro\backend\venv\Lib\site-packages\starlette\middleware\base.py", line 191, in __call__
    response = await self.dispatch_func(request, call_next)
               ^^^^^^^^^^^^^^^^^^^^^^^^^^^^^^^^^^^^^^^^^^^^
  File "D:\nhatro\backend\app\main.py", line 86, in add_security_headers
    response = await call_next(request)
               ^^^^^^^^^^^^^^^^^^^^^^^^
  File "D:\nhatro\backend\venv\Lib\site-packages\starlette\middleware\base.py", line 165, in call_next
    raise app_exc
  File "D:\nhatro\backend\venv\Lib\site-packages\starlette\middleware\base.py", line 151, in coro
    await self.app(scope, receive_or_disconnect, send_no_error)
  File "D:\nhatro\backend\venv\Lib\site-packages\starlette\middleware\cors.py", line 85, in __call__
    await self.app(scope, receive, send)
  File "D:\nhatro\backend\venv\Lib\site-packages\starlette\middleware\exceptions.py", line 65, in __call__
    await wrap_app_handling_exceptions(self.app, conn)(scope, receive, send)
  File "D:\nhatro\backend\venv\Lib\site-packages\starlette\_exception_handler.py", line 64, in wrapped_app
    raise exc
  File "D:\nhatro\backend\venv\Lib\site-packages\starlette\_exception_handler.py", line 53, in wrapped_app
    await app(scope, receive, sender)
  File "D:\nhatro\backend\venv\Lib\site-packages\starlette\routing.py", line 756, in __call__
    await self.middleware_stack(scope, receive, send)
  File "D:\nhatro\backend\venv\Lib\site-packages\starlette\routing.py", line 776, in app
    await route.handle(scope, receive, send)
  File "D:\nhatro\backend\venv\Lib\site-packages\starlette\routing.py", line 297, in handle
    await self.app(scope, receive, send)
  File "D:\nhatro\backend\venv\Lib\site-packages\starlette\routing.py", line 77, in app
    await wrap_app_handling_exceptions(app, request)(scope, receive, send)
  File "D:\nhatro\backend\venv\Lib\site-packages\starlette\_exception_handler.py", line 75, in wrapped_app
    response = await handler(conn, exc)
               ^^^^^^^^^^^^^^^^^^^^^^^^
  File "D:\nhatro\backend\app\main.py", line 157, in validation_exception_handler
    return JSONResponse(
           ^^^^^^^^^^^^^
  File "D:\nhatro\backend\venv\Lib\site-packages\starlette\responses.py", line 184, in __init__
    super().__init__(content, status_code, headers, media_type, background)
  File "D:\nhatro\backend\venv\Lib\site-packages\starlette\responses.py", line 41, in __init__
    self.body = self.render(content)
                ^^^^^^^^^^^^^^^^^^^^
  File "D:\nhatro\backend\venv\Lib\site-packages\starlette\responses.py", line 187, in render
    return json.dumps(
           ^^^^^^^^^^^
  File "C:\Users\ngocson\.cache\codex-runtimes\codex-primary-runtime\dependencies\python\Lib\json\__init__.py", line 238, in dumps
    **kw).encode(obj)
          ^^^^^^^^^^^
  File "C:\Users\ngocson\.cache\codex-runtimes\codex-primary-runtime\dependencies\python\Lib\json\encoder.py", line 200, in encode
    chunks = self.iterencode(o, _one_shot=True)
             ^^^^^^^^^^^^^^^^^^^^^^^^^^^^^^^^^^
  File "C:\Users\ngocson\.cache\codex-runtimes\codex-primary-runtime\dependencies\python\Lib\json\encoder.py", line 258, in iterencode
    return _iterencode(o, 0)
           ^^^^^^^^^^^^^^^^^
  File "C:\Users\ngocson\.cache\codex-runtimes\codex-primary-runtime\dependencies\python\Lib\json\encoder.py", line 180, in default
    raise TypeError(f'Object of type {o.__class__.__name__} '
TypeError: Object of type ValueError is not JSON serializable
==============================================

=== VALIDATION ERROR AT POST /api/v1/auth/login ===
[{'type': 'value_error', 'loc': ('body', 'email'), 'msg': 'value is not a valid email address: An email address must have an @-sign.', 'input': '\\WEB-INF\\web.xml', 'ctx': {'reason': 'An email address must have an @-sign.'}}]
==============================================

=== VALIDATION ERROR AT POST /api/v1/auth/register ===
[{'type': 'value_error', 'loc': ('body', 'email'), 'msg': 'value is not a valid email address: An email address must have an @-sign.', 'input': '\\WEB-INF\\web.xml', 'ctx': {'reason': 'An email address must have an @-sign.'}}, {'type': 'value_error', 'loc': ('body', 'password'), 'msg': 'Value error, Password must be at least 8 characters', 'input': 'ZAP', 'ctx': {'error': ValueError('Password must be at least 8 characters')}}, {'type': 'string_type', 'loc': ('body', 'phone'), 'msg': 'Input should be a valid string', 'input': 9999999999}, {'type': 'value_error', 'loc': ('body', 'otp_code'), 'msg': 'Value error, OTP code must be 6 digits', 'input': 'John Doe', 'ctx': {'error': ValueError('OTP code must be 6 digits')}}]
==============================================

=== VALIDATION ERROR AT POST /api/v1/auth/register/send-otp ===
[{'type': 'value_error', 'loc': ('body', 'email'), 'msg': 'value is not a valid email address: An email address must have an @-sign.', 'input': '\\WEB-INF\\web.xml', 'ctx': {'reason': 'An email address must have an @-sign.'}}]
==============================================

=== VALIDATION ERROR AT POST /api/v1/auth/forgot-password ===
[{'type': 'value_error', 'loc': ('body', 'email'), 'msg': 'value is not a valid email address: An email address must have an @-sign.', 'input': '\\WEB-INF\\web.xml', 'ctx': {'reason': 'An email address must have an @-sign.'}}]
==============================================

=== VALIDATION ERROR AT PATCH /api/v1/maintenance/thishouldnotexistandhopefullyitwillnot ===
[{'type': 'json_invalid', 'loc': ('body', 34), 'msg': 'JSON decode error', 'input': {}, 'ctx': {'error': 'Expecting value'}}]
==============================================

=== VALIDATION ERROR AT PATCH /api/v1/boarding-houses/thishouldnotexistandhopefullyitwillnot ===
[{'type': 'json_invalid', 'loc': ('body', 8), 'msg': 'JSON decode error', 'input': {}, 'ctx': {'error': 'Expecting value'}}]
==============================================

=== GLOBAL EXCEPTION HANDLER AT POST /api/v1/auth/register ===
  + Exception Group Traceback (most recent call last):
  |   File "D:\nhatro\backend\venv\Lib\site-packages\starlette\_utils.py", line 87, in collapse_excgroups
  |     yield
  |   File "D:\nhatro\backend\venv\Lib\site-packages\starlette\middleware\base.py", line 190, in __call__
  |     async with anyio.create_task_group() as task_group:
  |                ^^^^^^^^^^^^^^^^^^^^^^^^^
  |   File "D:\nhatro\backend\venv\Lib\site-packages\anyio\_backends\_asyncio.py", line 799, in __aexit__
  |     raise BaseExceptionGroup(
  | ExceptionGroup: unhandled errors in a TaskGroup (1 sub-exception)
  +-+---------------- 1 ----------------
    | Traceback (most recent call last):
    |   File "D:\nhatro\backend\venv\Lib\site-packages\starlette\middleware\errors.py", line 164, in __call__
    |     await self.app(scope, receive, _send)
    |   File "D:\nhatro\backend\venv\Lib\site-packages\starlette\middleware\base.py", line 189, in __call__
    |     with collapse_excgroups():
    |          ^^^^^^^^^^^^^^^^^^^^
    |   File "C:\Users\ngocson\.cache\codex-runtimes\codex-primary-runtime\dependencies\python\Lib\contextlib.py", line 158, in __exit__
    |     self.gen.throw(value)
    |   File "D:\nhatro\backend\venv\Lib\site-packages\starlette\_utils.py", line 93, in collapse_excgroups
    |     raise exc
    |   File "D:\nhatro\backend\venv\Lib\site-packages\starlette\middleware\base.py", line 191, in __call__
    |     response = await self.dispatch_func(request, call_next)
    |                ^^^^^^^^^^^^^^^^^^^^^^^^^^^^^^^^^^^^^^^^^^^^
    |   File "D:\nhatro\backend\app\main.py", line 127, in rate_limit_middleware
    |     return await call_next(request)
    |            ^^^^^^^^^^^^^^^^^^^^^^^^
    |   File "D:\nhatro\backend\venv\Lib\site-packages\starlette\middleware\base.py", line 165, in call_next
    |     raise app_exc
    |   File "D:\nhatro\backend\venv\Lib\site-packages\starlette\middleware\base.py", line 151, in coro
    |     await self.app(scope, receive_or_disconnect, send_no_error)
    |   File "D:\nhatro\backend\venv\Lib\site-packages\starlette\middleware\base.py", line 189, in __call__
    |     with collapse_excgroups():
    |          ^^^^^^^^^^^^^^^^^^^^
    |   File "C:\Users\ngocson\.cache\codex-runtimes\codex-primary-runtime\dependencies\python\Lib\contextlib.py", line 158, in __exit__
    |     self.gen.throw(value)
    |   File "D:\nhatro\backend\venv\Lib\site-packages\starlette\_utils.py", line 93, in collapse_excgroups
    |     raise exc
    |   File "D:\nhatro\backend\venv\Lib\site-packages\starlette\middleware\base.py", line 191, in __call__
    |     response = await self.dispatch_func(request, call_next)
    |                ^^^^^^^^^^^^^^^^^^^^^^^^^^^^^^^^^^^^^^^^^^^^
    |   File "D:\nhatro\backend\app\main.py", line 93, in add_process_time
    |     response = await call_next(request)
    |                ^^^^^^^^^^^^^^^^^^^^^^^^
    |   File "D:\nhatro\backend\venv\Lib\site-packages\starlette\middleware\base.py", line 165, in call_next
    |     raise app_exc
    |   File "D:\nhatro\backend\venv\Lib\site-packages\starlette\middleware\base.py", line 151, in coro
    |     await self.app(scope, receive_or_disconnect, send_no_error)
    |   File "D:\nhatro\backend\venv\Lib\site-packages\starlette\middleware\base.py", line 189, in __call__
    |     with collapse_excgroups():
    |          ^^^^^^^^^^^^^^^^^^^^
    |   File "C:\Users\ngocson\.cache\codex-runtimes\codex-primary-runtime\dependencies\python\Lib\contextlib.py", line 158, in __exit__
    |     self.gen.throw(value)
    |   File "D:\nhatro\backend\venv\Lib\site-packages\starlette\_utils.py", line 93, in collapse_excgroups
    |     raise exc
    |   File "D:\nhatro\backend\venv\Lib\site-packages\starlette\middleware\base.py", line 191, in __call__
    |     response = await self.dispatch_func(request, call_next)
    |                ^^^^^^^^^^^^^^^^^^^^^^^^^^^^^^^^^^^^^^^^^^^^
    |   File "D:\nhatro\backend\app\main.py", line 86, in add_security_headers
    |     response = await call_next(request)
    |                ^^^^^^^^^^^^^^^^^^^^^^^^
    |   File "D:\nhatro\backend\venv\Lib\site-packages\starlette\middleware\base.py", line 165, in call_next
    |     raise app_exc
    |   File "D:\nhatro\backend\venv\Lib\site-packages\starlette\middleware\base.py", line 151, in coro
    |     await self.app(scope, receive_or_disconnect, send_no_error)
    |   File "D:\nhatro\backend\venv\Lib\site-packages\starlette\middleware\cors.py", line 85, in __call__
    |     await self.app(scope, receive, send)
    |   File "D:\nhatro\backend\venv\Lib\site-packages\starlette\middleware\exceptions.py", line 65, in __call__
    |     await wrap_app_handling_exceptions(self.app, conn)(scope, receive, send)
    |   File "D:\nhatro\backend\venv\Lib\site-packages\starlette\_exception_handler.py", line 64, in wrapped_app
    |     raise exc
    |   File "D:\nhatro\backend\venv\Lib\site-packages\starlette\_exception_handler.py", line 53, in wrapped_app
    |     await app(scope, receive, sender)
    |   File "D:\nhatro\backend\venv\Lib\site-packages\starlette\routing.py", line 756, in __call__
    |     await self.middleware_stack(scope, receive, send)
    |   File "D:\nhatro\backend\venv\Lib\site-packages\starlette\routing.py", line 776, in app
    |     await route.handle(scope, receive, send)
    |   File "D:\nhatro\backend\venv\Lib\site-packages\starlette\routing.py", line 297, in handle
    |     await self.app(scope, receive, send)
    |   File "D:\nhatro\backend\venv\Lib\site-packages\starlette\routing.py", line 77, in app
    |     await wrap_app_handling_exceptions(app, request)(scope, receive, send)
    |   File "D:\nhatro\backend\venv\Lib\site-packages\starlette\_exception_handler.py", line 75, in wrapped_app
    |     response = await handler(conn, exc)
    |                ^^^^^^^^^^^^^^^^^^^^^^^^
    |   File "D:\nhatro\backend\app\main.py", line 157, in validation_exception_handler
    |     return JSONResponse(
    |            ^^^^^^^^^^^^^
    |   File "D:\nhatro\backend\venv\Lib\site-packages\starlette\responses.py", line 184, in __init__
    |     super().__init__(content, status_code, headers, media_type, background)
    |   File "D:\nhatro\backend\venv\Lib\site-packages\starlette\responses.py", line 41, in __init__
    |     self.body = self.render(content)
    |                 ^^^^^^^^^^^^^^^^^^^^
    |   File "D:\nhatro\backend\venv\Lib\site-packages\starlette\responses.py", line 187, in render
    |     return json.dumps(
    |            ^^^^^^^^^^^
    |   File "C:\Users\ngocson\.cache\codex-runtimes\codex-primary-runtime\dependencies\python\Lib\json\__init__.py", line 238, in dumps
    |     **kw).encode(obj)
    |           ^^^^^^^^^^^
    |   File "C:\Users\ngocson\.cache\codex-runtimes\codex-primary-runtime\dependencies\python\Lib\json\encoder.py", line 200, in encode
    |     chunks = self.iterencode(o, _one_shot=True)
    |              ^^^^^^^^^^^^^^^^^^^^^^^^^^^^^^^^^^
    |   File "C:\Users\ngocson\.cache\codex-runtimes\codex-primary-runtime\dependencies\python\Lib\json\encoder.py", line 258, in iterencode
    |     return _iterencode(o, 0)
    |            ^^^^^^^^^^^^^^^^^
    |   File "C:\Users\ngocson\.cache\codex-runtimes\codex-primary-runtime\dependencies\python\Lib\json\encoder.py", line 180, in default
    |     raise TypeError(f'Object of type {o.__class__.__name__} '
    | TypeError: Object of type ValueError is not JSON serializable
    +------------------------------------

During handling of the above exception, another exception occurred:

Traceback (most recent call last):
  File "D:\nhatro\backend\venv\Lib\site-packages\starlette\middleware\errors.py", line 164, in __call__
    await self.app(scope, receive, _send)
  File "D:\nhatro\backend\venv\Lib\site-packages\starlette\middleware\base.py", line 189, in __call__
    with collapse_excgroups():
         ^^^^^^^^^^^^^^^^^^^^
  File "C:\Users\ngocson\.cache\codex-runtimes\codex-primary-runtime\dependencies\python\Lib\contextlib.py", line 158, in __exit__
    self.gen.throw(value)
  File "D:\nhatro\backend\venv\Lib\site-packages\starlette\_utils.py", line 93, in collapse_excgroups
    raise exc
  File "D:\nhatro\backend\venv\Lib\site-packages\starlette\middleware\base.py", line 191, in __call__
    response = await self.dispatch_func(request, call_next)
               ^^^^^^^^^^^^^^^^^^^^^^^^^^^^^^^^^^^^^^^^^^^^
  File "D:\nhatro\backend\app\main.py", line 127, in rate_limit_middleware
    return await call_next(request)
           ^^^^^^^^^^^^^^^^^^^^^^^^
  File "D:\nhatro\backend\venv\Lib\site-packages\starlette\middleware\base.py", line 165, in call_next
    raise app_exc
  File "D:\nhatro\backend\venv\Lib\site-packages\starlette\middleware\base.py", line 151, in coro
    await self.app(scope, receive_or_disconnect, send_no_error)
  File "D:\nhatro\backend\venv\Lib\site-packages\starlette\middleware\base.py", line 189, in __call__
    with collapse_excgroups():
         ^^^^^^^^^^^^^^^^^^^^
  File "C:\Users\ngocson\.cache\codex-runtimes\codex-primary-runtime\dependencies\python\Lib\contextlib.py", line 158, in __exit__
    self.gen.throw(value)
  File "D:\nhatro\backend\venv\Lib\site-packages\starlette\_utils.py", line 93, in collapse_excgroups
    raise exc
  File "D:\nhatro\backend\venv\Lib\site-packages\starlette\middleware\base.py", line 191, in __call__
    response = await self.dispatch_func(request, call_next)
               ^^^^^^^^^^^^^^^^^^^^^^^^^^^^^^^^^^^^^^^^^^^^
  File "D:\nhatro\backend\app\main.py", line 93, in add_process_time
    response = await call_next(request)
               ^^^^^^^^^^^^^^^^^^^^^^^^
  File "D:\nhatro\backend\venv\Lib\site-packages\starlette\middleware\base.py", line 165, in call_next
    raise app_exc
  File "D:\nhatro\backend\venv\Lib\site-packages\starlette\middleware\base.py", line 151, in coro
    await self.app(scope, receive_or_disconnect, send_no_error)
  File "D:\nhatro\backend\venv\Lib\site-packages\starlette\middleware\base.py", line 189, in __call__
    with collapse_excgroups():
         ^^^^^^^^^^^^^^^^^^^^
  File "C:\Users\ngocson\.cache\codex-runtimes\codex-primary-runtime\dependencies\python\Lib\contextlib.py", line 158, in __exit__
    self.gen.throw(value)
  File "D:\nhatro\backend\venv\Lib\site-packages\starlette\_utils.py", line 93, in collapse_excgroups
    raise exc
  File "D:\nhatro\backend\venv\Lib\site-packages\starlette\middleware\base.py", line 191, in __call__
    response = await self.dispatch_func(request, call_next)
               ^^^^^^^^^^^^^^^^^^^^^^^^^^^^^^^^^^^^^^^^^^^^
  File "D:\nhatro\backend\app\main.py", line 86, in add_security_headers
    response = await call_next(request)
               ^^^^^^^^^^^^^^^^^^^^^^^^
  File "D:\nhatro\backend\venv\Lib\site-packages\starlette\middleware\base.py", line 165, in call_next
    raise app_exc
  File "D:\nhatro\backend\venv\Lib\site-packages\starlette\middleware\base.py", line 151, in coro
    await self.app(scope, receive_or_disconnect, send_no_error)
  File "D:\nhatro\backend\venv\Lib\site-packages\starlette\middleware\cors.py", line 85, in __call__
    await self.app(scope, receive, send)
  File "D:\nhatro\backend\venv\Lib\site-packages\starlette\middleware\exceptions.py", line 65, in __call__
    await wrap_app_handling_exceptions(self.app, conn)(scope, receive, send)
  File "D:\nhatro\backend\venv\Lib\site-packages\starlette\_exception_handler.py", line 64, in wrapped_app
    raise exc
  File "D:\nhatro\backend\venv\Lib\site-packages\starlette\_exception_handler.py", line 53, in wrapped_app
    await app(scope, receive, sender)
  File "D:\nhatro\backend\venv\Lib\site-packages\starlette\routing.py", line 756, in __call__
    await self.middleware_stack(scope, receive, send)
  File "D:\nhatro\backend\venv\Lib\site-packages\starlette\routing.py", line 776, in app
    await route.handle(scope, receive, send)
  File "D:\nhatro\backend\venv\Lib\site-packages\starlette\routing.py", line 297, in handle
    await self.app(scope, receive, send)
  File "D:\nhatro\backend\venv\Lib\site-packages\starlette\routing.py", line 77, in app
    await wrap_app_handling_exceptions(app, request)(scope, receive, send)
  File "D:\nhatro\backend\venv\Lib\site-packages\starlette\_exception_handler.py", line 75, in wrapped_app
    response = await handler(conn, exc)
               ^^^^^^^^^^^^^^^^^^^^^^^^
  File "D:\nhatro\backend\app\main.py", line 157, in validation_exception_handler
    return JSONResponse(
           ^^^^^^^^^^^^^
  File "D:\nhatro\backend\venv\Lib\site-packages\starlette\responses.py", line 184, in __init__
    super().__init__(content, status_code, headers, media_type, background)
  File "D:\nhatro\backend\venv\Lib\site-packages\starlette\responses.py", line 41, in __init__
    self.body = self.render(content)
                ^^^^^^^^^^^^^^^^^^^^
  File "D:\nhatro\backend\venv\Lib\site-packages\starlette\responses.py", line 187, in render
    return json.dumps(
           ^^^^^^^^^^^
  File "C:\Users\ngocson\.cache\codex-runtimes\codex-primary-runtime\dependencies\python\Lib\json\__init__.py", line 238, in dumps
    **kw).encode(obj)
          ^^^^^^^^^^^
  File "C:\Users\ngocson\.cache\codex-runtimes\codex-primary-runtime\dependencies\python\Lib\json\encoder.py", line 200, in encode
    chunks = self.iterencode(o, _one_shot=True)
             ^^^^^^^^^^^^^^^^^^^^^^^^^^^^^^^^^^
  File "C:\Users\ngocson\.cache\codex-runtimes\codex-primary-runtime\dependencies\python\Lib\json\encoder.py", line 258, in iterencode
    return _iterencode(o, 0)
           ^^^^^^^^^^^^^^^^^
  File "C:\Users\ngocson\.cache\codex-runtimes\codex-primary-runtime\dependencies\python\Lib\json\encoder.py", line 180, in default
    raise TypeError(f'Object of type {o.__class__.__name__} '
TypeError: Object of type ValueError is not JSON serializable
==============================================

=== VALIDATION ERROR AT POST /api/v1/auth/login ===
[{'type': 'value_error', 'loc': ('body', 'email'), 'msg': 'value is not a valid email address: An email address must have an @-sign.', 'input': 'thishouldnotexistandhopefullyitwillnot', 'ctx': {'reason': 'An email address must have an @-sign.'}}]
==============================================

=== VALIDATION ERROR AT POST /api/v1/auth/register/send-otp ===
[{'type': 'value_error', 'loc': ('body', 'email'), 'msg': 'value is not a valid email address: An email address must have an @-sign.', 'input': 'thishouldnotexistandhopefullyitwillnot', 'ctx': {'reason': 'An email address must have an @-sign.'}}]
==============================================

=== VALIDATION ERROR AT POST /api/v1/auth/register ===
[{'type': 'value_error', 'loc': ('body', 'email'), 'msg': 'value is not a valid email address: An email address must have an @-sign.', 'input': 'thishouldnotexistandhopefullyitwillnot', 'ctx': {'reason': 'An email address must have an @-sign.'}}, {'type': 'value_error', 'loc': ('body', 'password'), 'msg': 'Value error, Password must be at least 8 characters', 'input': 'ZAP', 'ctx': {'error': ValueError('Password must be at least 8 characters')}}, {'type': 'string_type', 'loc': ('body', 'phone'), 'msg': 'Input should be a valid string', 'input': 9999999999}, {'type': 'value_error', 'loc': ('body', 'otp_code'), 'msg': 'Value error, OTP code must be 6 digits', 'input': 'John Doe', 'ctx': {'error': ValueError('OTP code must be 6 digits')}}]
==============================================

=== VALIDATION ERROR AT POST /api/v1/auth/forgot-password ===
[{'type': 'value_error', 'loc': ('body', 'email'), 'msg': 'value is not a valid email address: An email address must have an @-sign.', 'input': 'thishouldnotexistandhopefullyitwillnot', 'ctx': {'reason': 'An email address must have an @-sign.'}}]
==============================================

=== GLOBAL EXCEPTION HANDLER AT POST /api/v1/auth/register ===
  + Exception Group Traceback (most recent call last):
  |   File "D:\nhatro\backend\venv\Lib\site-packages\starlette\_utils.py", line 87, in collapse_excgroups
  |     yield
  |   File "D:\nhatro\backend\venv\Lib\site-packages\starlette\middleware\base.py", line 190, in __call__
  |     async with anyio.create_task_group() as task_group:
  |                ^^^^^^^^^^^^^^^^^^^^^^^^^
  |   File "D:\nhatro\backend\venv\Lib\site-packages\anyio\_backends\_asyncio.py", line 799, in __aexit__
  |     raise BaseExceptionGroup(
  | ExceptionGroup: unhandled errors in a TaskGroup (1 sub-exception)
  +-+---------------- 1 ----------------
    | Traceback (most recent call last):
    |   File "D:\nhatro\backend\venv\Lib\site-packages\starlette\middleware\errors.py", line 164, in __call__
    |     await self.app(scope, receive, _send)
    |   File "D:\nhatro\backend\venv\Lib\site-packages\starlette\middleware\base.py", line 189, in __call__
    |     with collapse_excgroups():
    |          ^^^^^^^^^^^^^^^^^^^^
    |   File "C:\Users\ngocson\.cache\codex-runtimes\codex-primary-runtime\dependencies\python\Lib\contextlib.py", line 158, in __exit__
    |     self.gen.throw(value)
    |   File "D:\nhatro\backend\venv\Lib\site-packages\starlette\_utils.py", line 93, in collapse_excgroups
    |     raise exc
    |   File "D:\nhatro\backend\venv\Lib\site-packages\starlette\middleware\base.py", line 191, in __call__
    |     response = await self.dispatch_func(request, call_next)
    |                ^^^^^^^^^^^^^^^^^^^^^^^^^^^^^^^^^^^^^^^^^^^^
    |   File "D:\nhatro\backend\app\main.py", line 127, in rate_limit_middleware
    |     return await call_next(request)
    |            ^^^^^^^^^^^^^^^^^^^^^^^^
    |   File "D:\nhatro\backend\venv\Lib\site-packages\starlette\middleware\base.py", line 165, in call_next
    |     raise app_exc
    |   File "D:\nhatro\backend\venv\Lib\site-packages\starlette\middleware\base.py", line 151, in coro
    |     await self.app(scope, receive_or_disconnect, send_no_error)
    |   File "D:\nhatro\backend\venv\Lib\site-packages\starlette\middleware\base.py", line 189, in __call__
    |     with collapse_excgroups():
    |          ^^^^^^^^^^^^^^^^^^^^
    |   File "C:\Users\ngocson\.cache\codex-runtimes\codex-primary-runtime\dependencies\python\Lib\contextlib.py", line 158, in __exit__
    |     self.gen.throw(value)
    |   File "D:\nhatro\backend\venv\Lib\site-packages\starlette\_utils.py", line 93, in collapse_excgroups
    |     raise exc
    |   File "D:\nhatro\backend\venv\Lib\site-packages\starlette\middleware\base.py", line 191, in __call__
    |     response = await self.dispatch_func(request, call_next)
    |                ^^^^^^^^^^^^^^^^^^^^^^^^^^^^^^^^^^^^^^^^^^^^
    |   File "D:\nhatro\backend\app\main.py", line 93, in add_process_time
    |     response = await call_next(request)
    |                ^^^^^^^^^^^^^^^^^^^^^^^^
    |   File "D:\nhatro\backend\venv\Lib\site-packages\starlette\middleware\base.py", line 165, in call_next
    |     raise app_exc
    |   File "D:\nhatro\backend\venv\Lib\site-packages\starlette\middleware\base.py", line 151, in coro
    |     await self.app(scope, receive_or_disconnect, send_no_error)
    |   File "D:\nhatro\backend\venv\Lib\site-packages\starlette\middleware\base.py", line 189, in __call__
    |     with collapse_excgroups():
    |          ^^^^^^^^^^^^^^^^^^^^
    |   File "C:\Users\ngocson\.cache\codex-runtimes\codex-primary-runtime\dependencies\python\Lib\contextlib.py", line 158, in __exit__
    |     self.gen.throw(value)
    |   File "D:\nhatro\backend\venv\Lib\site-packages\starlette\_utils.py", line 93, in collapse_excgroups
    |     raise exc
    |   File "D:\nhatro\backend\venv\Lib\site-packages\starlette\middleware\base.py", line 191, in __call__
    |     response = await self.dispatch_func(request, call_next)
    |                ^^^^^^^^^^^^^^^^^^^^^^^^^^^^^^^^^^^^^^^^^^^^
    |   File "D:\nhatro\backend\app\main.py", line 86, in add_security_headers
    |     response = await call_next(request)
    |                ^^^^^^^^^^^^^^^^^^^^^^^^
    |   File "D:\nhatro\backend\venv\Lib\site-packages\starlette\middleware\base.py", line 165, in call_next
    |     raise app_exc
    |   File "D:\nhatro\backend\venv\Lib\site-packages\starlette\middleware\base.py", line 151, in coro
    |     await self.app(scope, receive_or_disconnect, send_no_error)
    |   File "D:\nhatro\backend\venv\Lib\site-packages\starlette\middleware\cors.py", line 85, in __call__
    |     await self.app(scope, receive, send)
    |   File "D:\nhatro\backend\venv\Lib\site-packages\starlette\middleware\exceptions.py", line 65, in __call__
    |     await wrap_app_handling_exceptions(self.app, conn)(scope, receive, send)
    |   File "D:\nhatro\backend\venv\Lib\site-packages\starlette\_exception_handler.py", line 64, in wrapped_app
    |     raise exc
    |   File "D:\nhatro\backend\venv\Lib\site-packages\starlette\_exception_handler.py", line 53, in wrapped_app
    |     await app(scope, receive, sender)
    |   File "D:\nhatro\backend\venv\Lib\site-packages\starlette\routing.py", line 756, in __call__
    |     await self.middleware_stack(scope, receive, send)
    |   File "D:\nhatro\backend\venv\Lib\site-packages\starlette\routing.py", line 776, in app
    |     await route.handle(scope, receive, send)
    |   File "D:\nhatro\backend\venv\Lib\site-packages\starlette\routing.py", line 297, in handle
    |     await self.app(scope, receive, send)
    |   File "D:\nhatro\backend\venv\Lib\site-packages\starlette\routing.py", line 77, in app
    |     await wrap_app_handling_exceptions(app, request)(scope, receive, send)
    |   File "D:\nhatro\backend\venv\Lib\site-packages\starlette\_exception_handler.py", line 75, in wrapped_app
    |     response = await handler(conn, exc)
    |                ^^^^^^^^^^^^^^^^^^^^^^^^
    |   File "D:\nhatro\backend\app\main.py", line 157, in validation_exception_handler
    |     return JSONResponse(
    |            ^^^^^^^^^^^^^
    |   File "D:\nhatro\backend\venv\Lib\site-packages\starlette\responses.py", line 184, in __init__
    |     super().__init__(content, status_code, headers, media_type, background)
    |   File "D:\nhatro\backend\venv\Lib\site-packages\starlette\responses.py", line 41, in __init__
    |     self.body = self.render(content)
    |                 ^^^^^^^^^^^^^^^^^^^^
    |   File "D:\nhatro\backend\venv\Lib\site-packages\starlette\responses.py", line 187, in render
    |     return json.dumps(
    |            ^^^^^^^^^^^
    |   File "C:\Users\ngocson\.cache\codex-runtimes\codex-primary-runtime\dependencies\python\Lib\json\__init__.py", line 238, in dumps
    |     **kw).encode(obj)
    |           ^^^^^^^^^^^
    |   File "C:\Users\ngocson\.cache\codex-runtimes\codex-primary-runtime\dependencies\python\Lib\json\encoder.py", line 200, in encode
    |     chunks = self.iterencode(o, _one_shot=True)
    |              ^^^^^^^^^^^^^^^^^^^^^^^^^^^^^^^^^^
    |   File "C:\Users\ngocson\.cache\codex-runtimes\codex-primary-runtime\dependencies\python\Lib\json\encoder.py", line 258, in iterencode
    |     return _iterencode(o, 0)
    |            ^^^^^^^^^^^^^^^^^
    |   File "C:\Users\ngocson\.cache\codex-runtimes\codex-primary-runtime\dependencies\python\Lib\json\encoder.py", line 180, in default
    |     raise TypeError(f'Object of type {o.__class__.__name__} '
    | TypeError: Object of type ValueError is not JSON serializable
    +------------------------------------

During handling of the above exception, another exception occurred:

Traceback (most recent call last):
  File "D:\nhatro\backend\venv\Lib\site-packages\starlette\middleware\errors.py", line 164, in __call__
    await self.app(scope, receive, _send)
  File "D:\nhatro\backend\venv\Lib\site-packages\starlette\middleware\base.py", line 189, in __call__
    with collapse_excgroups():
         ^^^^^^^^^^^^^^^^^^^^
  File "C:\Users\ngocson\.cache\codex-runtimes\codex-primary-runtime\dependencies\python\Lib\contextlib.py", line 158, in __exit__
    self.gen.throw(value)
  File "D:\nhatro\backend\venv\Lib\site-packages\starlette\_utils.py", line 93, in collapse_excgroups
    raise exc
  File "D:\nhatro\backend\venv\Lib\site-packages\starlette\middleware\base.py", line 191, in __call__
    response = await self.dispatch_func(request, call_next)
               ^^^^^^^^^^^^^^^^^^^^^^^^^^^^^^^^^^^^^^^^^^^^
  File "D:\nhatro\backend\app\main.py", line 127, in rate_limit_middleware
    return await call_next(request)
           ^^^^^^^^^^^^^^^^^^^^^^^^
  File "D:\nhatro\backend\venv\Lib\site-packages\starlette\middleware\base.py", line 165, in call_next
    raise app_exc
  File "D:\nhatro\backend\venv\Lib\site-packages\starlette\middleware\base.py", line 151, in coro
    await self.app(scope, receive_or_disconnect, send_no_error)
  File "D:\nhatro\backend\venv\Lib\site-packages\starlette\middleware\base.py", line 189, in __call__
    with collapse_excgroups():
         ^^^^^^^^^^^^^^^^^^^^
  File "C:\Users\ngocson\.cache\codex-runtimes\codex-primary-runtime\dependencies\python\Lib\contextlib.py", line 158, in __exit__
    self.gen.throw(value)
  File "D:\nhatro\backend\venv\Lib\site-packages\starlette\_utils.py", line 93, in collapse_excgroups
    raise exc
  File "D:\nhatro\backend\venv\Lib\site-packages\starlette\middleware\base.py", line 191, in __call__
    response = await self.dispatch_func(request, call_next)
               ^^^^^^^^^^^^^^^^^^^^^^^^^^^^^^^^^^^^^^^^^^^^
  File "D:\nhatro\backend\app\main.py", line 93, in add_process_time
    response = await call_next(request)
               ^^^^^^^^^^^^^^^^^^^^^^^^
  File "D:\nhatro\backend\venv\Lib\site-packages\starlette\middleware\base.py", line 165, in call_next
    raise app_exc
  File "D:\nhatro\backend\venv\Lib\site-packages\starlette\middleware\base.py", line 151, in coro
    await self.app(scope, receive_or_disconnect, send_no_error)
  File "D:\nhatro\backend\venv\Lib\site-packages\starlette\middleware\base.py", line 189, in __call__
    with collapse_excgroups():
         ^^^^^^^^^^^^^^^^^^^^
  File "C:\Users\ngocson\.cache\codex-runtimes\codex-primary-runtime\dependencies\python\Lib\contextlib.py", line 158, in __exit__
    self.gen.throw(value)
  File "D:\nhatro\backend\venv\Lib\site-packages\starlette\_utils.py", line 93, in collapse_excgroups
    raise exc
  File "D:\nhatro\backend\venv\Lib\site-packages\starlette\middleware\base.py", line 191, in __call__
    response = await self.dispatch_func(request, call_next)
               ^^^^^^^^^^^^^^^^^^^^^^^^^^^^^^^^^^^^^^^^^^^^
  File "D:\nhatro\backend\app\main.py", line 86, in add_security_headers
    response = await call_next(request)
               ^^^^^^^^^^^^^^^^^^^^^^^^
  File "D:\nhatro\backend\venv\Lib\site-packages\starlette\middleware\base.py", line 165, in call_next
    raise app_exc
  File "D:\nhatro\backend\venv\Lib\site-packages\starlette\middleware\base.py", line 151, in coro
    await self.app(scope, receive_or_disconnect, send_no_error)
  File "D:\nhatro\backend\venv\Lib\site-packages\starlette\middleware\cors.py", line 85, in __call__
    await self.app(scope, receive, send)
  File "D:\nhatro\backend\venv\Lib\site-packages\starlette\middleware\exceptions.py", line 65, in __call__
    await wrap_app_handling_exceptions(self.app, conn)(scope, receive, send)
  File "D:\nhatro\backend\venv\Lib\site-packages\starlette\_exception_handler.py", line 64, in wrapped_app
    raise exc
  File "D:\nhatro\backend\venv\Lib\site-packages\starlette\_exception_handler.py", line 53, in wrapped_app
    await app(scope, receive, sender)
  File "D:\nhatro\backend\venv\Lib\site-packages\starlette\routing.py", line 756, in __call__
    await self.middleware_stack(scope, receive, send)
  File "D:\nhatro\backend\venv\Lib\site-packages\starlette\routing.py", line 776, in app
    await route.handle(scope, receive, send)
  File "D:\nhatro\backend\venv\Lib\site-packages\starlette\routing.py", line 297, in handle
    await self.app(scope, receive, send)
  File "D:\nhatro\backend\venv\Lib\site-packages\starlette\routing.py", line 77, in app
    await wrap_app_handling_exceptions(app, request)(scope, receive, send)
  File "D:\nhatro\backend\venv\Lib\site-packages\starlette\_exception_handler.py", line 75, in wrapped_app
    response = await handler(conn, exc)
               ^^^^^^^^^^^^^^^^^^^^^^^^
  File "D:\nhatro\backend\app\main.py", line 157, in validation_exception_handler
    return JSONResponse(
           ^^^^^^^^^^^^^
  File "D:\nhatro\backend\venv\Lib\site-packages\starlette\responses.py", line 184, in __init__
    super().__init__(content, status_code, headers, media_type, background)
  File "D:\nhatro\backend\venv\Lib\site-packages\starlette\responses.py", line 41, in __init__
    self.body = self.render(content)
                ^^^^^^^^^^^^^^^^^^^^
  File "D:\nhatro\backend\venv\Lib\site-packages\starlette\responses.py", line 187, in render
    return json.dumps(
           ^^^^^^^^^^^
  File "C:\Users\ngocson\.cache\codex-runtimes\codex-primary-runtime\dependencies\python\Lib\json\__init__.py", line 238, in dumps
    **kw).encode(obj)
          ^^^^^^^^^^^
  File "C:\Users\ngocson\.cache\codex-runtimes\codex-primary-runtime\dependencies\python\Lib\json\encoder.py", line 200, in encode
    chunks = self.iterencode(o, _one_shot=True)
             ^^^^^^^^^^^^^^^^^^^^^^^^^^^^^^^^^^
  File "C:\Users\ngocson\.cache\codex-runtimes\codex-primary-runtime\dependencies\python\Lib\json\encoder.py", line 258, in iterencode
    return _iterencode(o, 0)
           ^^^^^^^^^^^^^^^^^
  File "C:\Users\ngocson\.cache\codex-runtimes\codex-primary-runtime\dependencies\python\Lib\json\encoder.py", line 180, in default
    raise TypeError(f'Object of type {o.__class__.__name__} '
TypeError: Object of type ValueError is not JSON serializable
==============================================

=== VALIDATION ERROR AT PATCH /api/v1/boarding-houses/\thishouldnotexistandhopefullyitwillnot ===
[{'type': 'json_invalid', 'loc': ('body', 8), 'msg': 'JSON decode error', 'input': {}, 'ctx': {'error': 'Expecting value'}}]
==============================================

=== VALIDATION ERROR AT PATCH /api/v1/maintenance/\thishouldnotexistandhopefullyitwillnot ===
[{'type': 'json_invalid', 'loc': ('body', 34), 'msg': 'JSON decode error', 'input': {}, 'ctx': {'error': 'Expecting value'}}]
==============================================

=== VALIDATION ERROR AT POST /api/v1/auth/login ===
[{'type': 'value_error', 'loc': ('body', 'email'), 'msg': 'value is not a valid email address: An email address must have an @-sign.', 'input': 'login', 'ctx': {'reason': 'An email address must have an @-sign.'}}]
==============================================

=== VALIDATION ERROR AT POST /api/v1/auth/register ===
[{'type': 'value_error', 'loc': ('body', 'email'), 'msg': 'value is not a valid email address: An email address must have an @-sign.', 'input': 'register', 'ctx': {'reason': 'An email address must have an @-sign.'}}, {'type': 'value_error', 'loc': ('body', 'password'), 'msg': 'Value error, Password must be at least 8 characters', 'input': 'ZAP', 'ctx': {'error': ValueError('Password must be at least 8 characters')}}, {'type': 'string_type', 'loc': ('body', 'phone'), 'msg': 'Input should be a valid string', 'input': 9999999999}, {'type': 'value_error', 'loc': ('body', 'otp_code'), 'msg': 'Value error, OTP code must be 6 digits', 'input': 'John Doe', 'ctx': {'error': ValueError('OTP code must be 6 digits')}}]
==============================================

=== VALIDATION ERROR AT POST /api/v1/auth/forgot-password ===
[{'type': 'value_error', 'loc': ('body', 'email'), 'msg': 'value is not a valid email address: An email address must have an @-sign.', 'input': 'forgot-password', 'ctx': {'reason': 'An email address must have an @-sign.'}}]
==============================================

=== GLOBAL EXCEPTION HANDLER AT POST /api/v1/auth/register ===
  + Exception Group Traceback (most recent call last):
  |   File "D:\nhatro\backend\venv\Lib\site-packages\starlette\_utils.py", line 87, in collapse_excgroups
  |     yield
  |   File "D:\nhatro\backend\venv\Lib\site-packages\starlette\middleware\base.py", line 190, in __call__
  |     async with anyio.create_task_group() as task_group:
  |                ^^^^^^^^^^^^^^^^^^^^^^^^^
  |   File "D:\nhatro\backend\venv\Lib\site-packages\anyio\_backends\_asyncio.py", line 799, in __aexit__
  |     raise BaseExceptionGroup(
  | ExceptionGroup: unhandled errors in a TaskGroup (1 sub-exception)
  +-+---------------- 1 ----------------
    | Traceback (most recent call last):
    |   File "D:\nhatro\backend\venv\Lib\site-packages\starlette\middleware\errors.py", line 164, in __call__
    |     await self.app(scope, receive, _send)
    |   File "D:\nhatro\backend\venv\Lib\site-packages\starlette\middleware\base.py", line 189, in __call__
    |     with collapse_excgroups():
    |          ^^^^^^^^^^^^^^^^^^^^
    |   File "C:\Users\ngocson\.cache\codex-runtimes\codex-primary-runtime\dependencies\python\Lib\contextlib.py", line 158, in __exit__
    |     self.gen.throw(value)
    |   File "D:\nhatro\backend\venv\Lib\site-packages\starlette\_utils.py", line 93, in collapse_excgroups
    |     raise exc
    |   File "D:\nhatro\backend\venv\Lib\site-packages\starlette\middleware\base.py", line 191, in __call__
    |     response = await self.dispatch_func(request, call_next)
    |                ^^^^^^^^^^^^^^^^^^^^^^^^^^^^^^^^^^^^^^^^^^^^
    |   File "D:\nhatro\backend\app\main.py", line 127, in rate_limit_middleware
    |     return await call_next(request)
    |            ^^^^^^^^^^^^^^^^^^^^^^^^
    |   File "D:\nhatro\backend\venv\Lib\site-packages\starlette\middleware\base.py", line 165, in call_next
    |     raise app_exc
    |   File "D:\nhatro\backend\venv\Lib\site-packages\starlette\middleware\base.py", line 151, in coro
    |     await self.app(scope, receive_or_disconnect, send_no_error)
    |   File "D:\nhatro\backend\venv\Lib\site-packages\starlette\middleware\base.py", line 189, in __call__
    |     with collapse_excgroups():
    |          ^^^^^^^^^^^^^^^^^^^^
    |   File "C:\Users\ngocson\.cache\codex-runtimes\codex-primary-runtime\dependencies\python\Lib\contextlib.py", line 158, in __exit__
    |     self.gen.throw(value)
    |   File "D:\nhatro\backend\venv\Lib\site-packages\starlette\_utils.py", line 93, in collapse_excgroups
    |     raise exc
    |   File "D:\nhatro\backend\venv\Lib\site-packages\starlette\middleware\base.py", line 191, in __call__
    |     response = await self.dispatch_func(request, call_next)
    |                ^^^^^^^^^^^^^^^^^^^^^^^^^^^^^^^^^^^^^^^^^^^^
    |   File "D:\nhatro\backend\app\main.py", line 93, in add_process_time
    |     response = await call_next(request)
    |                ^^^^^^^^^^^^^^^^^^^^^^^^
    |   File "D:\nhatro\backend\venv\Lib\site-packages\starlette\middleware\base.py", line 165, in call_next
    |     raise app_exc
    |   File "D:\nhatro\backend\venv\Lib\site-packages\starlette\middleware\base.py", line 151, in coro
    |     await self.app(scope, receive_or_disconnect, send_no_error)
    |   File "D:\nhatro\backend\venv\Lib\site-packages\starlette\middleware\base.py", line 189, in __call__
    |     with collapse_excgroups():
    |          ^^^^^^^^^^^^^^^^^^^^
    |   File "C:\Users\ngocson\.cache\codex-runtimes\codex-primary-runtime\dependencies\python\Lib\contextlib.py", line 158, in __exit__
    |     self.gen.throw(value)
    |   File "D:\nhatro\backend\venv\Lib\site-packages\starlette\_utils.py", line 93, in collapse_excgroups
    |     raise exc
    |   File "D:\nhatro\backend\venv\Lib\site-packages\starlette\middleware\base.py", line 191, in __call__
    |     response = await self.dispatch_func(request, call_next)
    |                ^^^^^^^^^^^^^^^^^^^^^^^^^^^^^^^^^^^^^^^^^^^^
    |   File "D:\nhatro\backend\app\main.py", line 86, in add_security_headers
    |     response = await call_next(request)
    |                ^^^^^^^^^^^^^^^^^^^^^^^^
    |   File "D:\nhatro\backend\venv\Lib\site-packages\starlette\middleware\base.py", line 165, in call_next
    |     raise app_exc
    |   File "D:\nhatro\backend\venv\Lib\site-packages\starlette\middleware\base.py", line 151, in coro
    |     await self.app(scope, receive_or_disconnect, send_no_error)
    |   File "D:\nhatro\backend\venv\Lib\site-packages\starlette\middleware\cors.py", line 85, in __call__
    |     await self.app(scope, receive, send)
    |   File "D:\nhatro\backend\venv\Lib\site-packages\starlette\middleware\exceptions.py", line 65, in __call__
    |     await wrap_app_handling_exceptions(self.app, conn)(scope, receive, send)
    |   File "D:\nhatro\backend\venv\Lib\site-packages\starlette\_exception_handler.py", line 64, in wrapped_app
    |     raise exc
    |   File "D:\nhatro\backend\venv\Lib\site-packages\starlette\_exception_handler.py", line 53, in wrapped_app
    |     await app(scope, receive, sender)
    |   File "D:\nhatro\backend\venv\Lib\site-packages\starlette\routing.py", line 756, in __call__
    |     await self.middleware_stack(scope, receive, send)
    |   File "D:\nhatro\backend\venv\Lib\site-packages\starlette\routing.py", line 776, in app
    |     await route.handle(scope, receive, send)
    |   File "D:\nhatro\backend\venv\Lib\site-packages\starlette\routing.py", line 297, in handle
    |     await self.app(scope, receive, send)
    |   File "D:\nhatro\backend\venv\Lib\site-packages\starlette\routing.py", line 77, in app
    |     await wrap_app_handling_exceptions(app, request)(scope, receive, send)
    |   File "D:\nhatro\backend\venv\Lib\site-packages\starlette\_exception_handler.py", line 75, in wrapped_app
    |     response = await handler(conn, exc)
    |                ^^^^^^^^^^^^^^^^^^^^^^^^
    |   File "D:\nhatro\backend\app\main.py", line 157, in validation_exception_handler
    |     return JSONResponse(
    |            ^^^^^^^^^^^^^
    |   File "D:\nhatro\backend\venv\Lib\site-packages\starlette\responses.py", line 184, in __init__
    |     super().__init__(content, status_code, headers, media_type, background)
    |   File "D:\nhatro\backend\venv\Lib\site-packages\starlette\responses.py", line 41, in __init__
    |     self.body = self.render(content)
    |                 ^^^^^^^^^^^^^^^^^^^^
    |   File "D:\nhatro\backend\venv\Lib\site-packages\starlette\responses.py", line 187, in render
    |     return json.dumps(
    |            ^^^^^^^^^^^
    |   File "C:\Users\ngocson\.cache\codex-runtimes\codex-primary-runtime\dependencies\python\Lib\json\__init__.py", line 238, in dumps
    |     **kw).encode(obj)
    |           ^^^^^^^^^^^
    |   File "C:\Users\ngocson\.cache\codex-runtimes\codex-primary-runtime\dependencies\python\Lib\json\encoder.py", line 200, in encode
    |     chunks = self.iterencode(o, _one_shot=True)
    |              ^^^^^^^^^^^^^^^^^^^^^^^^^^^^^^^^^^
    |   File "C:\Users\ngocson\.cache\codex-runtimes\codex-primary-runtime\dependencies\python\Lib\json\encoder.py", line 258, in iterencode
    |     return _iterencode(o, 0)
    |            ^^^^^^^^^^^^^^^^^
    |   File "C:\Users\ngocson\.cache\codex-runtimes\codex-primary-runtime\dependencies\python\Lib\json\encoder.py", line 180, in default
    |     raise TypeError(f'Object of type {o.__class__.__name__} '
    | TypeError: Object of type ValueError is not JSON serializable
    +------------------------------------

During handling of the above exception, another exception occurred:

Traceback (most recent call last):
  File "D:\nhatro\backend\venv\Lib\site-packages\starlette\middleware\errors.py", line 164, in __call__
    await self.app(scope, receive, _send)
  File "D:\nhatro\backend\venv\Lib\site-packages\starlette\middleware\base.py", line 189, in __call__
    with collapse_excgroups():
         ^^^^^^^^^^^^^^^^^^^^
  File "C:\Users\ngocson\.cache\codex-runtimes\codex-primary-runtime\dependencies\python\Lib\contextlib.py", line 158, in __exit__
    self.gen.throw(value)
  File "D:\nhatro\backend\venv\Lib\site-packages\starlette\_utils.py", line 93, in collapse_excgroups
    raise exc
  File "D:\nhatro\backend\venv\Lib\site-packages\starlette\middleware\base.py", line 191, in __call__
    response = await self.dispatch_func(request, call_next)
               ^^^^^^^^^^^^^^^^^^^^^^^^^^^^^^^^^^^^^^^^^^^^
  File "D:\nhatro\backend\app\main.py", line 127, in rate_limit_middleware
    return await call_next(request)
           ^^^^^^^^^^^^^^^^^^^^^^^^
  File "D:\nhatro\backend\venv\Lib\site-packages\starlette\middleware\base.py", line 165, in call_next
    raise app_exc
  File "D:\nhatro\backend\venv\Lib\site-packages\starlette\middleware\base.py", line 151, in coro
    await self.app(scope, receive_or_disconnect, send_no_error)
  File "D:\nhatro\backend\venv\Lib\site-packages\starlette\middleware\base.py", line 189, in __call__
    with collapse_excgroups():
         ^^^^^^^^^^^^^^^^^^^^
  File "C:\Users\ngocson\.cache\codex-runtimes\codex-primary-runtime\dependencies\python\Lib\contextlib.py", line 158, in __exit__
    self.gen.throw(value)
  File "D:\nhatro\backend\venv\Lib\site-packages\starlette\_utils.py", line 93, in collapse_excgroups
    raise exc
  File "D:\nhatro\backend\venv\Lib\site-packages\starlette\middleware\base.py", line 191, in __call__
    response = await self.dispatch_func(request, call_next)
               ^^^^^^^^^^^^^^^^^^^^^^^^^^^^^^^^^^^^^^^^^^^^
  File "D:\nhatro\backend\app\main.py", line 93, in add_process_time
    response = await call_next(request)
               ^^^^^^^^^^^^^^^^^^^^^^^^
  File "D:\nhatro\backend\venv\Lib\site-packages\starlette\middleware\base.py", line 165, in call_next
    raise app_exc
  File "D:\nhatro\backend\venv\Lib\site-packages\starlette\middleware\base.py", line 151, in coro
    await self.app(scope, receive_or_disconnect, send_no_error)
  File "D:\nhatro\backend\venv\Lib\site-packages\starlette\middleware\base.py", line 189, in __call__
    with collapse_excgroups():
         ^^^^^^^^^^^^^^^^^^^^
  File "C:\Users\ngocson\.cache\codex-runtimes\codex-primary-runtime\dependencies\python\Lib\contextlib.py", line 158, in __exit__
    self.gen.throw(value)
  File "D:\nhatro\backend\venv\Lib\site-packages\starlette\_utils.py", line 93, in collapse_excgroups
    raise exc
  File "D:\nhatro\backend\venv\Lib\site-packages\starlette\middleware\base.py", line 191, in __call__
    response = await self.dispatch_func(request, call_next)
               ^^^^^^^^^^^^^^^^^^^^^^^^^^^^^^^^^^^^^^^^^^^^
  File "D:\nhatro\backend\app\main.py", line 86, in add_security_headers
    response = await call_next(request)
               ^^^^^^^^^^^^^^^^^^^^^^^^
  File "D:\nhatro\backend\venv\Lib\site-packages\starlette\middleware\base.py", line 165, in call_next
    raise app_exc
  File "D:\nhatro\backend\venv\Lib\site-packages\starlette\middleware\base.py", line 151, in coro
    await self.app(scope, receive_or_disconnect, send_no_error)
  File "D:\nhatro\backend\venv\Lib\site-packages\starlette\middleware\cors.py", line 85, in __call__
    await self.app(scope, receive, send)
  File "D:\nhatro\backend\venv\Lib\site-packages\starlette\middleware\exceptions.py", line 65, in __call__
    await wrap_app_handling_exceptions(self.app, conn)(scope, receive, send)
  File "D:\nhatro\backend\venv\Lib\site-packages\starlette\_exception_handler.py", line 64, in wrapped_app
    raise exc
  File "D:\nhatro\backend\venv\Lib\site-packages\starlette\_exception_handler.py", line 53, in wrapped_app
    await app(scope, receive, sender)
  File "D:\nhatro\backend\venv\Lib\site-packages\starlette\routing.py", line 756, in __call__
    await self.middleware_stack(scope, receive, send)
  File "D:\nhatro\backend\venv\Lib\site-packages\starlette\routing.py", line 776, in app
    await route.handle(scope, receive, send)
  File "D:\nhatro\backend\venv\Lib\site-packages\starlette\routing.py", line 297, in handle
    await self.app(scope, receive, send)
  File "D:\nhatro\backend\venv\Lib\site-packages\starlette\routing.py", line 77, in app
    await wrap_app_handling_exceptions(app, request)(scope, receive, send)
  File "D:\nhatro\backend\venv\Lib\site-packages\starlette\_exception_handler.py", line 75, in wrapped_app
    response = await handler(conn, exc)
               ^^^^^^^^^^^^^^^^^^^^^^^^
  File "D:\nhatro\backend\app\main.py", line 157, in validation_exception_handler
    return JSONResponse(
           ^^^^^^^^^^^^^
  File "D:\nhatro\backend\venv\Lib\site-packages\starlette\responses.py", line 184, in __init__
    super().__init__(content, status_code, headers, media_type, background)
  File "D:\nhatro\backend\venv\Lib\site-packages\starlette\responses.py", line 41, in __init__
    self.body = self.render(content)
                ^^^^^^^^^^^^^^^^^^^^
  File "D:\nhatro\backend\venv\Lib\site-packages\starlette\responses.py", line 187, in render
    return json.dumps(
           ^^^^^^^^^^^
  File "C:\Users\ngocson\.cache\codex-runtimes\codex-primary-runtime\dependencies\python\Lib\json\__init__.py", line 238, in dumps
    **kw).encode(obj)
          ^^^^^^^^^^^
  File "C:\Users\ngocson\.cache\codex-runtimes\codex-primary-runtime\dependencies\python\Lib\json\encoder.py", line 200, in encode
    chunks = self.iterencode(o, _one_shot=True)
             ^^^^^^^^^^^^^^^^^^^^^^^^^^^^^^^^^^
  File "C:\Users\ngocson\.cache\codex-runtimes\codex-primary-runtime\dependencies\python\Lib\json\encoder.py", line 258, in iterencode
    return _iterencode(o, 0)
           ^^^^^^^^^^^^^^^^^
  File "C:\Users\ngocson\.cache\codex-runtimes\codex-primary-runtime\dependencies\python\Lib\json\encoder.py", line 180, in default
    raise TypeError(f'Object of type {o.__class__.__name__} '
TypeError: Object of type ValueError is not JSON serializable
==============================================

=== VALIDATION ERROR AT POST /api/v1/auth/login ===
[{'type': 'value_error', 'loc': ('body', 'email'), 'msg': 'value is not a valid email address: An email address must have an @-sign.', 'input': '/login', 'ctx': {'reason': 'An email address must have an @-sign.'}}]
==============================================

=== VALIDATION ERROR AT POST /api/v1/auth/register ===
[{'type': 'value_error', 'loc': ('body', 'email'), 'msg': 'value is not a valid email address: An email address must have an @-sign.', 'input': '/register', 'ctx': {'reason': 'An email address must have an @-sign.'}}, {'type': 'value_error', 'loc': ('body', 'password'), 'msg': 'Value error, Password must be at least 8 characters', 'input': 'ZAP', 'ctx': {'error': ValueError('Password must be at least 8 characters')}}, {'type': 'string_type', 'loc': ('body', 'phone'), 'msg': 'Input should be a valid string', 'input': 9999999999}, {'type': 'value_error', 'loc': ('body', 'otp_code'), 'msg': 'Value error, OTP code must be 6 digits', 'input': 'John Doe', 'ctx': {'error': ValueError('OTP code must be 6 digits')}}]
==============================================

=== VALIDATION ERROR AT POST /api/v1/auth/forgot-password ===
[{'type': 'value_error', 'loc': ('body', 'email'), 'msg': 'value is not a valid email address: An email address must have an @-sign.', 'input': '/forgot-password', 'ctx': {'reason': 'An email address must have an @-sign.'}}]
==============================================

=== GLOBAL EXCEPTION HANDLER AT POST /api/v1/auth/register ===
  + Exception Group Traceback (most recent call last):
  |   File "D:\nhatro\backend\venv\Lib\site-packages\starlette\_utils.py", line 87, in collapse_excgroups
  |     yield
  |   File "D:\nhatro\backend\venv\Lib\site-packages\starlette\middleware\base.py", line 190, in __call__
  |     async with anyio.create_task_group() as task_group:
  |                ^^^^^^^^^^^^^^^^^^^^^^^^^
  |   File "D:\nhatro\backend\venv\Lib\site-packages\anyio\_backends\_asyncio.py", line 799, in __aexit__
  |     raise BaseExceptionGroup(
  | ExceptionGroup: unhandled errors in a TaskGroup (1 sub-exception)
  +-+---------------- 1 ----------------
    | Traceback (most recent call last):
    |   File "D:\nhatro\backend\venv\Lib\site-packages\starlette\middleware\errors.py", line 164, in __call__
    |     await self.app(scope, receive, _send)
    |   File "D:\nhatro\backend\venv\Lib\site-packages\starlette\middleware\base.py", line 189, in __call__
    |     with collapse_excgroups():
    |          ^^^^^^^^^^^^^^^^^^^^
    |   File "C:\Users\ngocson\.cache\codex-runtimes\codex-primary-runtime\dependencies\python\Lib\contextlib.py", line 158, in __exit__
    |     self.gen.throw(value)
    |   File "D:\nhatro\backend\venv\Lib\site-packages\starlette\_utils.py", line 93, in collapse_excgroups
    |     raise exc
    |   File "D:\nhatro\backend\venv\Lib\site-packages\starlette\middleware\base.py", line 191, in __call__
    |     response = await self.dispatch_func(request, call_next)
    |                ^^^^^^^^^^^^^^^^^^^^^^^^^^^^^^^^^^^^^^^^^^^^
    |   File "D:\nhatro\backend\app\main.py", line 127, in rate_limit_middleware
    |     return await call_next(request)
    |            ^^^^^^^^^^^^^^^^^^^^^^^^
    |   File "D:\nhatro\backend\venv\Lib\site-packages\starlette\middleware\base.py", line 165, in call_next
    |     raise app_exc
    |   File "D:\nhatro\backend\venv\Lib\site-packages\starlette\middleware\base.py", line 151, in coro
    |     await self.app(scope, receive_or_disconnect, send_no_error)
    |   File "D:\nhatro\backend\venv\Lib\site-packages\starlette\middleware\base.py", line 189, in __call__
    |     with collapse_excgroups():
    |          ^^^^^^^^^^^^^^^^^^^^
    |   File "C:\Users\ngocson\.cache\codex-runtimes\codex-primary-runtime\dependencies\python\Lib\contextlib.py", line 158, in __exit__
    |     self.gen.throw(value)
    |   File "D:\nhatro\backend\venv\Lib\site-packages\starlette\_utils.py", line 93, in collapse_excgroups
    |     raise exc
    |   File "D:\nhatro\backend\venv\Lib\site-packages\starlette\middleware\base.py", line 191, in __call__
    |     response = await self.dispatch_func(request, call_next)
    |                ^^^^^^^^^^^^^^^^^^^^^^^^^^^^^^^^^^^^^^^^^^^^
    |   File "D:\nhatro\backend\app\main.py", line 93, in add_process_time
    |     response = await call_next(request)
    |                ^^^^^^^^^^^^^^^^^^^^^^^^
    |   File "D:\nhatro\backend\venv\Lib\site-packages\starlette\middleware\base.py", line 165, in call_next
    |     raise app_exc
    |   File "D:\nhatro\backend\venv\Lib\site-packages\starlette\middleware\base.py", line 151, in coro
    |     await self.app(scope, receive_or_disconnect, send_no_error)
    |   File "D:\nhatro\backend\venv\Lib\site-packages\starlette\middleware\base.py", line 189, in __call__
    |     with collapse_excgroups():
    |          ^^^^^^^^^^^^^^^^^^^^
    |   File "C:\Users\ngocson\.cache\codex-runtimes\codex-primary-runtime\dependencies\python\Lib\contextlib.py", line 158, in __exit__
    |     self.gen.throw(value)
    |   File "D:\nhatro\backend\venv\Lib\site-packages\starlette\_utils.py", line 93, in collapse_excgroups
    |     raise exc
    |   File "D:\nhatro\backend\venv\Lib\site-packages\starlette\middleware\base.py", line 191, in __call__
    |     response = await self.dispatch_func(request, call_next)
    |                ^^^^^^^^^^^^^^^^^^^^^^^^^^^^^^^^^^^^^^^^^^^^
    |   File "D:\nhatro\backend\app\main.py", line 86, in add_security_headers
    |     response = await call_next(request)
    |                ^^^^^^^^^^^^^^^^^^^^^^^^
    |   File "D:\nhatro\backend\venv\Lib\site-packages\starlette\middleware\base.py", line 165, in call_next
    |     raise app_exc
    |   File "D:\nhatro\backend\venv\Lib\site-packages\starlette\middleware\base.py", line 151, in coro
    |     await self.app(scope, receive_or_disconnect, send_no_error)
    |   File "D:\nhatro\backend\venv\Lib\site-packages\starlette\middleware\cors.py", line 85, in __call__
    |     await self.app(scope, receive, send)
    |   File "D:\nhatro\backend\venv\Lib\site-packages\starlette\middleware\exceptions.py", line 65, in __call__
    |     await wrap_app_handling_exceptions(self.app, conn)(scope, receive, send)
    |   File "D:\nhatro\backend\venv\Lib\site-packages\starlette\_exception_handler.py", line 64, in wrapped_app
    |     raise exc
    |   File "D:\nhatro\backend\venv\Lib\site-packages\starlette\_exception_handler.py", line 53, in wrapped_app
    |     await app(scope, receive, sender)
    |   File "D:\nhatro\backend\venv\Lib\site-packages\starlette\routing.py", line 756, in __call__
    |     await self.middleware_stack(scope, receive, send)
    |   File "D:\nhatro\backend\venv\Lib\site-packages\starlette\routing.py", line 776, in app
    |     await route.handle(scope, receive, send)
    |   File "D:\nhatro\backend\venv\Lib\site-packages\starlette\routing.py", line 297, in handle
    |     await self.app(scope, receive, send)
    |   File "D:\nhatro\backend\venv\Lib\site-packages\starlette\routing.py", line 77, in app
    |     await wrap_app_handling_exceptions(app, request)(scope, receive, send)
    |   File "D:\nhatro\backend\venv\Lib\site-packages\starlette\_exception_handler.py", line 75, in wrapped_app
    |     response = await handler(conn, exc)
    |                ^^^^^^^^^^^^^^^^^^^^^^^^
    |   File "D:\nhatro\backend\app\main.py", line 157, in validation_exception_handler
    |     return JSONResponse(
    |            ^^^^^^^^^^^^^
    |   File "D:\nhatro\backend\venv\Lib\site-packages\starlette\responses.py", line 184, in __init__
    |     super().__init__(content, status_code, headers, media_type, background)
    |   File "D:\nhatro\backend\venv\Lib\site-packages\starlette\responses.py", line 41, in __init__
    |     self.body = self.render(content)
    |                 ^^^^^^^^^^^^^^^^^^^^
    |   File "D:\nhatro\backend\venv\Lib\site-packages\starlette\responses.py", line 187, in render
    |     return json.dumps(
    |            ^^^^^^^^^^^
    |   File "C:\Users\ngocson\.cache\codex-runtimes\codex-primary-runtime\dependencies\python\Lib\json\__init__.py", line 238, in dumps
    |     **kw).encode(obj)
    |           ^^^^^^^^^^^
    |   File "C:\Users\ngocson\.cache\codex-runtimes\codex-primary-runtime\dependencies\python\Lib\json\encoder.py", line 200, in encode
    |     chunks = self.iterencode(o, _one_shot=True)
    |              ^^^^^^^^^^^^^^^^^^^^^^^^^^^^^^^^^^
    |   File "C:\Users\ngocson\.cache\codex-runtimes\codex-primary-runtime\dependencies\python\Lib\json\encoder.py", line 258, in iterencode
    |     return _iterencode(o, 0)
    |            ^^^^^^^^^^^^^^^^^
    |   File "C:\Users\ngocson\.cache\codex-runtimes\codex-primary-runtime\dependencies\python\Lib\json\encoder.py", line 180, in default
    |     raise TypeError(f'Object of type {o.__class__.__name__} '
    | TypeError: Object of type ValueError is not JSON serializable
    +------------------------------------

During handling of the above exception, another exception occurred:

Traceback (most recent call last):
  File "D:\nhatro\backend\venv\Lib\site-packages\starlette\middleware\errors.py", line 164, in __call__
    await self.app(scope, receive, _send)
  File "D:\nhatro\backend\venv\Lib\site-packages\starlette\middleware\base.py", line 189, in __call__
    with collapse_excgroups():
         ^^^^^^^^^^^^^^^^^^^^
  File "C:\Users\ngocson\.cache\codex-runtimes\codex-primary-runtime\dependencies\python\Lib\contextlib.py", line 158, in __exit__
    self.gen.throw(value)
  File "D:\nhatro\backend\venv\Lib\site-packages\starlette\_utils.py", line 93, in collapse_excgroups
    raise exc
  File "D:\nhatro\backend\venv\Lib\site-packages\starlette\middleware\base.py", line 191, in __call__
    response = await self.dispatch_func(request, call_next)
               ^^^^^^^^^^^^^^^^^^^^^^^^^^^^^^^^^^^^^^^^^^^^
  File "D:\nhatro\backend\app\main.py", line 127, in rate_limit_middleware
    return await call_next(request)
           ^^^^^^^^^^^^^^^^^^^^^^^^
  File "D:\nhatro\backend\venv\Lib\site-packages\starlette\middleware\base.py", line 165, in call_next
    raise app_exc
  File "D:\nhatro\backend\venv\Lib\site-packages\starlette\middleware\base.py", line 151, in coro
    await self.app(scope, receive_or_disconnect, send_no_error)
  File "D:\nhatro\backend\venv\Lib\site-packages\starlette\middleware\base.py", line 189, in __call__
    with collapse_excgroups():
         ^^^^^^^^^^^^^^^^^^^^
  File "C:\Users\ngocson\.cache\codex-runtimes\codex-primary-runtime\dependencies\python\Lib\contextlib.py", line 158, in __exit__
    self.gen.throw(value)
  File "D:\nhatro\backend\venv\Lib\site-packages\starlette\_utils.py", line 93, in collapse_excgroups
    raise exc
  File "D:\nhatro\backend\venv\Lib\site-packages\starlette\middleware\base.py", line 191, in __call__
    response = await self.dispatch_func(request, call_next)
               ^^^^^^^^^^^^^^^^^^^^^^^^^^^^^^^^^^^^^^^^^^^^
  File "D:\nhatro\backend\app\main.py", line 93, in add_process_time
    response = await call_next(request)
               ^^^^^^^^^^^^^^^^^^^^^^^^
  File "D:\nhatro\backend\venv\Lib\site-packages\starlette\middleware\base.py", line 165, in call_next
    raise app_exc
  File "D:\nhatro\backend\venv\Lib\site-packages\starlette\middleware\base.py", line 151, in coro
    await self.app(scope, receive_or_disconnect, send_no_error)
  File "D:\nhatro\backend\venv\Lib\site-packages\starlette\middleware\base.py", line 189, in __call__
    with collapse_excgroups():
         ^^^^^^^^^^^^^^^^^^^^
  File "C:\Users\ngocson\.cache\codex-runtimes\codex-primary-runtime\dependencies\python\Lib\contextlib.py", line 158, in __exit__
    self.gen.throw(value)
  File "D:\nhatro\backend\venv\Lib\site-packages\starlette\_utils.py", line 93, in collapse_excgroups
    raise exc
  File "D:\nhatro\backend\venv\Lib\site-packages\starlette\middleware\base.py", line 191, in __call__
    response = await self.dispatch_func(request, call_next)
               ^^^^^^^^^^^^^^^^^^^^^^^^^^^^^^^^^^^^^^^^^^^^
  File "D:\nhatro\backend\app\main.py", line 86, in add_security_headers
    response = await call_next(request)
               ^^^^^^^^^^^^^^^^^^^^^^^^
  File "D:\nhatro\backend\venv\Lib\site-packages\starlette\middleware\base.py", line 165, in call_next
    raise app_exc
  File "D:\nhatro\backend\venv\Lib\site-packages\starlette\middleware\base.py", line 151, in coro
    await self.app(scope, receive_or_disconnect, send_no_error)
  File "D:\nhatro\backend\venv\Lib\site-packages\starlette\middleware\cors.py", line 85, in __call__
    await self.app(scope, receive, send)
  File "D:\nhatro\backend\venv\Lib\site-packages\starlette\middleware\exceptions.py", line 65, in __call__
    await wrap_app_handling_exceptions(self.app, conn)(scope, receive, send)
  File "D:\nhatro\backend\venv\Lib\site-packages\starlette\_exception_handler.py", line 64, in wrapped_app
    raise exc
  File "D:\nhatro\backend\venv\Lib\site-packages\starlette\_exception_handler.py", line 53, in wrapped_app
    await app(scope, receive, sender)
  File "D:\nhatro\backend\venv\Lib\site-packages\starlette\routing.py", line 756, in __call__
    await self.middleware_stack(scope, receive, send)
  File "D:\nhatro\backend\venv\Lib\site-packages\starlette\routing.py", line 776, in app
    await route.handle(scope, receive, send)
  File "D:\nhatro\backend\venv\Lib\site-packages\starlette\routing.py", line 297, in handle
    await self.app(scope, receive, send)
  File "D:\nhatro\backend\venv\Lib\site-packages\starlette\routing.py", line 77, in app
    await wrap_app_handling_exceptions(app, request)(scope, receive, send)
  File "D:\nhatro\backend\venv\Lib\site-packages\starlette\_exception_handler.py", line 75, in wrapped_app
    response = await handler(conn, exc)
               ^^^^^^^^^^^^^^^^^^^^^^^^
  File "D:\nhatro\backend\app\main.py", line 157, in validation_exception_handler
    return JSONResponse(
           ^^^^^^^^^^^^^
  File "D:\nhatro\backend\venv\Lib\site-packages\starlette\responses.py", line 184, in __init__
    super().__init__(content, status_code, headers, media_type, background)
  File "D:\nhatro\backend\venv\Lib\site-packages\starlette\responses.py", line 41, in __init__
    self.body = self.render(content)
                ^^^^^^^^^^^^^^^^^^^^
  File "D:\nhatro\backend\venv\Lib\site-packages\starlette\responses.py", line 187, in render
    return json.dumps(
           ^^^^^^^^^^^
  File "C:\Users\ngocson\.cache\codex-runtimes\codex-primary-runtime\dependencies\python\Lib\json\__init__.py", line 238, in dumps
    **kw).encode(obj)
          ^^^^^^^^^^^
  File "C:\Users\ngocson\.cache\codex-runtimes\codex-primary-runtime\dependencies\python\Lib\json\encoder.py", line 200, in encode
    chunks = self.iterencode(o, _one_shot=True)
             ^^^^^^^^^^^^^^^^^^^^^^^^^^^^^^^^^^
  File "C:\Users\ngocson\.cache\codex-runtimes\codex-primary-runtime\dependencies\python\Lib\json\encoder.py", line 258, in iterencode
    return _iterencode(o, 0)
           ^^^^^^^^^^^^^^^^^
  File "C:\Users\ngocson\.cache\codex-runtimes\codex-primary-runtime\dependencies\python\Lib\json\encoder.py", line 180, in default
    raise TypeError(f'Object of type {o.__class__.__name__} '
TypeError: Object of type ValueError is not JSON serializable
==============================================

=== VALIDATION ERROR AT POST /api/v1/auth/login ===
[{'type': 'value_error', 'loc': ('body', 'email'), 'msg': 'value is not a valid email address: An email address must have an @-sign.', 'input': '\\login', 'ctx': {'reason': 'An email address must have an @-sign.'}}]
==============================================

=== VALIDATION ERROR AT POST /api/v1/auth/register ===
[{'type': 'value_error', 'loc': ('body', 'email'), 'msg': 'value is not a valid email address: An email address must have an @-sign.', 'input': '\\register', 'ctx': {'reason': 'An email address must have an @-sign.'}}, {'type': 'value_error', 'loc': ('body', 'password'), 'msg': 'Value error, Password must be at least 8 characters', 'input': 'ZAP', 'ctx': {'error': ValueError('Password must be at least 8 characters')}}, {'type': 'string_type', 'loc': ('body', 'phone'), 'msg': 'Input should be a valid string', 'input': 9999999999}, {'type': 'value_error', 'loc': ('body', 'otp_code'), 'msg': 'Value error, OTP code must be 6 digits', 'input': 'John Doe', 'ctx': {'error': ValueError('OTP code must be 6 digits')}}]
==============================================

=== VALIDATION ERROR AT PATCH /api/v1/tenants/c:\Windows\system.ini ===
[{'type': 'json_invalid', 'loc': ('body', 51), 'msg': 'JSON decode error', 'input': {}, 'ctx': {'error': 'Expecting value'}}]
==============================================

=== VALIDATION ERROR AT POST /api/v1/auth/forgot-password ===
[{'type': 'value_error', 'loc': ('body', 'email'), 'msg': 'value is not a valid email address: An email address must have an @-sign.', 'input': '\\forgot-password', 'ctx': {'reason': 'An email address must have an @-sign.'}}]
==============================================

=== GLOBAL EXCEPTION HANDLER AT POST /api/v1/auth/register ===
  + Exception Group Traceback (most recent call last):
  |   File "D:\nhatro\backend\venv\Lib\site-packages\starlette\_utils.py", line 87, in collapse_excgroups
  |     yield
  |   File "D:\nhatro\backend\venv\Lib\site-packages\starlette\middleware\base.py", line 190, in __call__
  |     async with anyio.create_task_group() as task_group:
  |                ^^^^^^^^^^^^^^^^^^^^^^^^^
  |   File "D:\nhatro\backend\venv\Lib\site-packages\anyio\_backends\_asyncio.py", line 799, in __aexit__
  |     raise BaseExceptionGroup(
  | ExceptionGroup: unhandled errors in a TaskGroup (1 sub-exception)
  +-+---------------- 1 ----------------
    | Traceback (most recent call last):
    |   File "D:\nhatro\backend\venv\Lib\site-packages\starlette\middleware\errors.py", line 164, in __call__
    |     await self.app(scope, receive, _send)
    |   File "D:\nhatro\backend\venv\Lib\site-packages\starlette\middleware\base.py", line 189, in __call__
    |     with collapse_excgroups():
    |          ^^^^^^^^^^^^^^^^^^^^
    |   File "C:\Users\ngocson\.cache\codex-runtimes\codex-primary-runtime\dependencies\python\Lib\contextlib.py", line 158, in __exit__
    |     self.gen.throw(value)
    |   File "D:\nhatro\backend\venv\Lib\site-packages\starlette\_utils.py", line 93, in collapse_excgroups
    |     raise exc
    |   File "D:\nhatro\backend\venv\Lib\site-packages\starlette\middleware\base.py", line 191, in __call__
    |     response = await self.dispatch_func(request, call_next)
    |                ^^^^^^^^^^^^^^^^^^^^^^^^^^^^^^^^^^^^^^^^^^^^
    |   File "D:\nhatro\backend\app\main.py", line 127, in rate_limit_middleware
    |     return await call_next(request)
    |            ^^^^^^^^^^^^^^^^^^^^^^^^
    |   File "D:\nhatro\backend\venv\Lib\site-packages\starlette\middleware\base.py", line 165, in call_next
    |     raise app_exc
    |   File "D:\nhatro\backend\venv\Lib\site-packages\starlette\middleware\base.py", line 151, in coro
    |     await self.app(scope, receive_or_disconnect, send_no_error)
    |   File "D:\nhatro\backend\venv\Lib\site-packages\starlette\middleware\base.py", line 189, in __call__
    |     with collapse_excgroups():
    |          ^^^^^^^^^^^^^^^^^^^^
    |   File "C:\Users\ngocson\.cache\codex-runtimes\codex-primary-runtime\dependencies\python\Lib\contextlib.py", line 158, in __exit__
    |     self.gen.throw(value)
    |   File "D:\nhatro\backend\venv\Lib\site-packages\starlette\_utils.py", line 93, in collapse_excgroups
    |     raise exc
    |   File "D:\nhatro\backend\venv\Lib\site-packages\starlette\middleware\base.py", line 191, in __call__
    |     response = await self.dispatch_func(request, call_next)
    |                ^^^^^^^^^^^^^^^^^^^^^^^^^^^^^^^^^^^^^^^^^^^^
    |   File "D:\nhatro\backend\app\main.py", line 93, in add_process_time
    |     response = await call_next(request)
    |                ^^^^^^^^^^^^^^^^^^^^^^^^
    |   File "D:\nhatro\backend\venv\Lib\site-packages\starlette\middleware\base.py", line 165, in call_next
    |     raise app_exc
    |   File "D:\nhatro\backend\venv\Lib\site-packages\starlette\middleware\base.py", line 151, in coro
    |     await self.app(scope, receive_or_disconnect, send_no_error)
    |   File "D:\nhatro\backend\venv\Lib\site-packages\starlette\middleware\base.py", line 189, in __call__
    |     with collapse_excgroups():
    |          ^^^^^^^^^^^^^^^^^^^^
    |   File "C:\Users\ngocson\.cache\codex-runtimes\codex-primary-runtime\dependencies\python\Lib\contextlib.py", line 158, in __exit__
    |     self.gen.throw(value)
    |   File "D:\nhatro\backend\venv\Lib\site-packages\starlette\_utils.py", line 93, in collapse_excgroups
    |     raise exc
    |   File "D:\nhatro\backend\venv\Lib\site-packages\starlette\middleware\base.py", line 191, in __call__
    |     response = await self.dispatch_func(request, call_next)
    |                ^^^^^^^^^^^^^^^^^^^^^^^^^^^^^^^^^^^^^^^^^^^^
    |   File "D:\nhatro\backend\app\main.py", line 86, in add_security_headers
    |     response = await call_next(request)
    |                ^^^^^^^^^^^^^^^^^^^^^^^^
    |   File "D:\nhatro\backend\venv\Lib\site-packages\starlette\middleware\base.py", line 165, in call_next
    |     raise app_exc
    |   File "D:\nhatro\backend\venv\Lib\site-packages\starlette\middleware\base.py", line 151, in coro
    |     await self.app(scope, receive_or_disconnect, send_no_error)
    |   File "D:\nhatro\backend\venv\Lib\site-packages\starlette\middleware\cors.py", line 85, in __call__
    |     await self.app(scope, receive, send)
    |   File "D:\nhatro\backend\venv\Lib\site-packages\starlette\middleware\exceptions.py", line 65, in __call__
    |     await wrap_app_handling_exceptions(self.app, conn)(scope, receive, send)
    |   File "D:\nhatro\backend\venv\Lib\site-packages\starlette\_exception_handler.py", line 64, in wrapped_app
    |     raise exc
    |   File "D:\nhatro\backend\venv\Lib\site-packages\starlette\_exception_handler.py", line 53, in wrapped_app
    |     await app(scope, receive, sender)
    |   File "D:\nhatro\backend\venv\Lib\site-packages\starlette\routing.py", line 756, in __call__
    |     await self.middleware_stack(scope, receive, send)
    |   File "D:\nhatro\backend\venv\Lib\site-packages\starlette\routing.py", line 776, in app
    |     await route.handle(scope, receive, send)
    |   File "D:\nhatro\backend\venv\Lib\site-packages\starlette\routing.py", line 297, in handle
    |     await self.app(scope, receive, send)
    |   File "D:\nhatro\backend\venv\Lib\site-packages\starlette\routing.py", line 77, in app
    |     await wrap_app_handling_exceptions(app, request)(scope, receive, send)
    |   File "D:\nhatro\backend\venv\Lib\site-packages\starlette\_exception_handler.py", line 75, in wrapped_app
    |     response = await handler(conn, exc)
    |                ^^^^^^^^^^^^^^^^^^^^^^^^
    |   File "D:\nhatro\backend\app\main.py", line 157, in validation_exception_handler
    |     return JSONResponse(
    |            ^^^^^^^^^^^^^
    |   File "D:\nhatro\backend\venv\Lib\site-packages\starlette\responses.py", line 184, in __init__
    |     super().__init__(content, status_code, headers, media_type, background)
    |   File "D:\nhatro\backend\venv\Lib\site-packages\starlette\responses.py", line 41, in __init__
    |     self.body = self.render(content)
    |                 ^^^^^^^^^^^^^^^^^^^^
    |   File "D:\nhatro\backend\venv\Lib\site-packages\starlette\responses.py", line 187, in render
    |     return json.dumps(
    |            ^^^^^^^^^^^
    |   File "C:\Users\ngocson\.cache\codex-runtimes\codex-primary-runtime\dependencies\python\Lib\json\__init__.py", line 238, in dumps
    |     **kw).encode(obj)
    |           ^^^^^^^^^^^
    |   File "C:\Users\ngocson\.cache\codex-runtimes\codex-primary-runtime\dependencies\python\Lib\json\encoder.py", line 200, in encode
    |     chunks = self.iterencode(o, _one_shot=True)
    |              ^^^^^^^^^^^^^^^^^^^^^^^^^^^^^^^^^^
    |   File "C:\Users\ngocson\.cache\codex-runtimes\codex-primary-runtime\dependencies\python\Lib\json\encoder.py", line 258, in iterencode
    |     return _iterencode(o, 0)
    |            ^^^^^^^^^^^^^^^^^
    |   File "C:\Users\ngocson\.cache\codex-runtimes\codex-primary-runtime\dependencies\python\Lib\json\encoder.py", line 180, in default
    |     raise TypeError(f'Object of type {o.__class__.__name__} '
    | TypeError: Object of type ValueError is not JSON serializable
    +------------------------------------

During handling of the above exception, another exception occurred:

Traceback (most recent call last):
  File "D:\nhatro\backend\venv\Lib\site-packages\starlette\middleware\errors.py", line 164, in __call__
    await self.app(scope, receive, _send)
  File "D:\nhatro\backend\venv\Lib\site-packages\starlette\middleware\base.py", line 189, in __call__
    with collapse_excgroups():
         ^^^^^^^^^^^^^^^^^^^^
  File "C:\Users\ngocson\.cache\codex-runtimes\codex-primary-runtime\dependencies\python\Lib\contextlib.py", line 158, in __exit__
    self.gen.throw(value)
  File "D:\nhatro\backend\venv\Lib\site-packages\starlette\_utils.py", line 93, in collapse_excgroups
    raise exc
  File "D:\nhatro\backend\venv\Lib\site-packages\starlette\middleware\base.py", line 191, in __call__
    response = await self.dispatch_func(request, call_next)
               ^^^^^^^^^^^^^^^^^^^^^^^^^^^^^^^^^^^^^^^^^^^^
  File "D:\nhatro\backend\app\main.py", line 127, in rate_limit_middleware
    return await call_next(request)
           ^^^^^^^^^^^^^^^^^^^^^^^^
  File "D:\nhatro\backend\venv\Lib\site-packages\starlette\middleware\base.py", line 165, in call_next
    raise app_exc
  File "D:\nhatro\backend\venv\Lib\site-packages\starlette\middleware\base.py", line 151, in coro
    await self.app(scope, receive_or_disconnect, send_no_error)
  File "D:\nhatro\backend\venv\Lib\site-packages\starlette\middleware\base.py", line 189, in __call__
    with collapse_excgroups():
         ^^^^^^^^^^^^^^^^^^^^
  File "C:\Users\ngocson\.cache\codex-runtimes\codex-primary-runtime\dependencies\python\Lib\contextlib.py", line 158, in __exit__
    self.gen.throw(value)
  File "D:\nhatro\backend\venv\Lib\site-packages\starlette\_utils.py", line 93, in collapse_excgroups
    raise exc
  File "D:\nhatro\backend\venv\Lib\site-packages\starlette\middleware\base.py", line 191, in __call__
    response = await self.dispatch_func(request, call_next)
               ^^^^^^^^^^^^^^^^^^^^^^^^^^^^^^^^^^^^^^^^^^^^
  File "D:\nhatro\backend\app\main.py", line 93, in add_process_time
    response = await call_next(request)
               ^^^^^^^^^^^^^^^^^^^^^^^^
  File "D:\nhatro\backend\venv\Lib\site-packages\starlette\middleware\base.py", line 165, in call_next
    raise app_exc
  File "D:\nhatro\backend\venv\Lib\site-packages\starlette\middleware\base.py", line 151, in coro
    await self.app(scope, receive_or_disconnect, send_no_error)
  File "D:\nhatro\backend\venv\Lib\site-packages\starlette\middleware\base.py", line 189, in __call__
    with collapse_excgroups():
         ^^^^^^^^^^^^^^^^^^^^
  File "C:\Users\ngocson\.cache\codex-runtimes\codex-primary-runtime\dependencies\python\Lib\contextlib.py", line 158, in __exit__
    self.gen.throw(value)
  File "D:\nhatro\backend\venv\Lib\site-packages\starlette\_utils.py", line 93, in collapse_excgroups
    raise exc
  File "D:\nhatro\backend\venv\Lib\site-packages\starlette\middleware\base.py", line 191, in __call__
    response = await self.dispatch_func(request, call_next)
               ^^^^^^^^^^^^^^^^^^^^^^^^^^^^^^^^^^^^^^^^^^^^
  File "D:\nhatro\backend\app\main.py", line 86, in add_security_headers
    response = await call_next(request)
               ^^^^^^^^^^^^^^^^^^^^^^^^
  File "D:\nhatro\backend\venv\Lib\site-packages\starlette\middleware\base.py", line 165, in call_next
    raise app_exc
  File "D:\nhatro\backend\venv\Lib\site-packages\starlette\middleware\base.py", line 151, in coro
    await self.app(scope, receive_or_disconnect, send_no_error)
  File "D:\nhatro\backend\venv\Lib\site-packages\starlette\middleware\cors.py", line 85, in __call__
    await self.app(scope, receive, send)
  File "D:\nhatro\backend\venv\Lib\site-packages\starlette\middleware\exceptions.py", line 65, in __call__
    await wrap_app_handling_exceptions(self.app, conn)(scope, receive, send)
  File "D:\nhatro\backend\venv\Lib\site-packages\starlette\_exception_handler.py", line 64, in wrapped_app
    raise exc
  File "D:\nhatro\backend\venv\Lib\site-packages\starlette\_exception_handler.py", line 53, in wrapped_app
    await app(scope, receive, sender)
  File "D:\nhatro\backend\venv\Lib\site-packages\starlette\routing.py", line 756, in __call__
    await self.middleware_stack(scope, receive, send)
  File "D:\nhatro\backend\venv\Lib\site-packages\starlette\routing.py", line 776, in app
    await route.handle(scope, receive, send)
  File "D:\nhatro\backend\venv\Lib\site-packages\starlette\routing.py", line 297, in handle
    await self.app(scope, receive, send)
  File "D:\nhatro\backend\venv\Lib\site-packages\starlette\routing.py", line 77, in app
    await wrap_app_handling_exceptions(app, request)(scope, receive, send)
  File "D:\nhatro\backend\venv\Lib\site-packages\starlette\_exception_handler.py", line 75, in wrapped_app
    response = await handler(conn, exc)
               ^^^^^^^^^^^^^^^^^^^^^^^^
  File "D:\nhatro\backend\app\main.py", line 157, in validation_exception_handler
    return JSONResponse(
           ^^^^^^^^^^^^^
  File "D:\nhatro\backend\venv\Lib\site-packages\starlette\responses.py", line 184, in __init__
    super().__init__(content, status_code, headers, media_type, background)
  File "D:\nhatro\backend\venv\Lib\site-packages\starlette\responses.py", line 41, in __init__
    self.body = self.render(content)
                ^^^^^^^^^^^^^^^^^^^^
  File "D:\nhatro\backend\venv\Lib\site-packages\starlette\responses.py", line 187, in render
    return json.dumps(
           ^^^^^^^^^^^
  File "C:\Users\ngocson\.cache\codex-runtimes\codex-primary-runtime\dependencies\python\Lib\json\__init__.py", line 238, in dumps
    **kw).encode(obj)
          ^^^^^^^^^^^
  File "C:\Users\ngocson\.cache\codex-runtimes\codex-primary-runtime\dependencies\python\Lib\json\encoder.py", line 200, in encode
    chunks = self.iterencode(o, _one_shot=True)
             ^^^^^^^^^^^^^^^^^^^^^^^^^^^^^^^^^^
  File "C:\Users\ngocson\.cache\codex-runtimes\codex-primary-runtime\dependencies\python\Lib\json\encoder.py", line 258, in iterencode
    return _iterencode(o, 0)
           ^^^^^^^^^^^^^^^^^
  File "C:\Users\ngocson\.cache\codex-runtimes\codex-primary-runtime\dependencies\python\Lib\json\encoder.py", line 180, in default
    raise TypeError(f'Object of type {o.__class__.__name__} '
TypeError: Object of type ValueError is not JSON serializable
==============================================

=== VALIDATION ERROR AT POST /api/v1/auth/register ===
[{'type': 'string_type', 'loc': ('body', 'phone'), 'msg': 'Input should be a valid string', 'input': 9999999999}, {'type': 'value_error', 'loc': ('body', 'otp_code'), 'msg': 'Value error, OTP code must be 6 digits', 'input': 'John Doe', 'ctx': {'error': ValueError('OTP code must be 6 digits')}}]
==============================================

=== VALIDATION ERROR AT PATCH /api/v1/tenants/..\..\..\..\..\..\..\..\..\..\..\..\..\..\..\..\Windows\system.ini ===
[{'type': 'json_invalid', 'loc': ('body', 51), 'msg': 'JSON decode error', 'input': {}, 'ctx': {'error': 'Expecting value'}}]
==============================================

=== GLOBAL EXCEPTION HANDLER AT POST /api/v1/auth/register ===
  + Exception Group Traceback (most recent call last):
  |   File "D:\nhatro\backend\venv\Lib\site-packages\starlette\_utils.py", line 87, in collapse_excgroups
  |     yield
  |   File "D:\nhatro\backend\venv\Lib\site-packages\starlette\middleware\base.py", line 190, in __call__
  |     async with anyio.create_task_group() as task_group:
  |                ^^^^^^^^^^^^^^^^^^^^^^^^^
  |   File "D:\nhatro\backend\venv\Lib\site-packages\anyio\_backends\_asyncio.py", line 799, in __aexit__
  |     raise BaseExceptionGroup(
  | ExceptionGroup: unhandled errors in a TaskGroup (1 sub-exception)
  +-+---------------- 1 ----------------
    | Traceback (most recent call last):
    |   File "D:\nhatro\backend\venv\Lib\site-packages\starlette\middleware\errors.py", line 164, in __call__
    |     await self.app(scope, receive, _send)
    |   File "D:\nhatro\backend\venv\Lib\site-packages\starlette\middleware\base.py", line 189, in __call__
    |     with collapse_excgroups():
    |          ^^^^^^^^^^^^^^^^^^^^
    |   File "C:\Users\ngocson\.cache\codex-runtimes\codex-primary-runtime\dependencies\python\Lib\contextlib.py", line 158, in __exit__
    |     self.gen.throw(value)
    |   File "D:\nhatro\backend\venv\Lib\site-packages\starlette\_utils.py", line 93, in collapse_excgroups
    |     raise exc
    |   File "D:\nhatro\backend\venv\Lib\site-packages\starlette\middleware\base.py", line 191, in __call__
    |     response = await self.dispatch_func(request, call_next)
    |                ^^^^^^^^^^^^^^^^^^^^^^^^^^^^^^^^^^^^^^^^^^^^
    |   File "D:\nhatro\backend\app\main.py", line 127, in rate_limit_middleware
    |     return await call_next(request)
    |            ^^^^^^^^^^^^^^^^^^^^^^^^
    |   File "D:\nhatro\backend\venv\Lib\site-packages\starlette\middleware\base.py", line 165, in call_next
    |     raise app_exc
    |   File "D:\nhatro\backend\venv\Lib\site-packages\starlette\middleware\base.py", line 151, in coro
    |     await self.app(scope, receive_or_disconnect, send_no_error)
    |   File "D:\nhatro\backend\venv\Lib\site-packages\starlette\middleware\base.py", line 189, in __call__
    |     with collapse_excgroups():
    |          ^^^^^^^^^^^^^^^^^^^^
    |   File "C:\Users\ngocson\.cache\codex-runtimes\codex-primary-runtime\dependencies\python\Lib\contextlib.py", line 158, in __exit__
    |     self.gen.throw(value)
    |   File "D:\nhatro\backend\venv\Lib\site-packages\starlette\_utils.py", line 93, in collapse_excgroups
    |     raise exc
    |   File "D:\nhatro\backend\venv\Lib\site-packages\starlette\middleware\base.py", line 191, in __call__
    |     response = await self.dispatch_func(request, call_next)
    |                ^^^^^^^^^^^^^^^^^^^^^^^^^^^^^^^^^^^^^^^^^^^^
    |   File "D:\nhatro\backend\app\main.py", line 93, in add_process_time
    |     response = await call_next(request)
    |                ^^^^^^^^^^^^^^^^^^^^^^^^
    |   File "D:\nhatro\backend\venv\Lib\site-packages\starlette\middleware\base.py", line 165, in call_next
    |     raise app_exc
    |   File "D:\nhatro\backend\venv\Lib\site-packages\starlette\middleware\base.py", line 151, in coro
    |     await self.app(scope, receive_or_disconnect, send_no_error)
    |   File "D:\nhatro\backend\venv\Lib\site-packages\starlette\middleware\base.py", line 189, in __call__
    |     with collapse_excgroups():
    |          ^^^^^^^^^^^^^^^^^^^^
    |   File "C:\Users\ngocson\.cache\codex-runtimes\codex-primary-runtime\dependencies\python\Lib\contextlib.py", line 158, in __exit__
    |     self.gen.throw(value)
    |   File "D:\nhatro\backend\venv\Lib\site-packages\starlette\_utils.py", line 93, in collapse_excgroups
    |     raise exc
    |   File "D:\nhatro\backend\venv\Lib\site-packages\starlette\middleware\base.py", line 191, in __call__
    |     response = await self.dispatch_func(request, call_next)
    |                ^^^^^^^^^^^^^^^^^^^^^^^^^^^^^^^^^^^^^^^^^^^^
    |   File "D:\nhatro\backend\app\main.py", line 86, in add_security_headers
    |     response = await call_next(request)
    |                ^^^^^^^^^^^^^^^^^^^^^^^^
    |   File "D:\nhatro\backend\venv\Lib\site-packages\starlette\middleware\base.py", line 165, in call_next
    |     raise app_exc
    |   File "D:\nhatro\backend\venv\Lib\site-packages\starlette\middleware\base.py", line 151, in coro
    |     await self.app(scope, receive_or_disconnect, send_no_error)
    |   File "D:\nhatro\backend\venv\Lib\site-packages\starlette\middleware\cors.py", line 85, in __call__
    |     await self.app(scope, receive, send)
    |   File "D:\nhatro\backend\venv\Lib\site-packages\starlette\middleware\exceptions.py", line 65, in __call__
    |     await wrap_app_handling_exceptions(self.app, conn)(scope, receive, send)
    |   File "D:\nhatro\backend\venv\Lib\site-packages\starlette\_exception_handler.py", line 64, in wrapped_app
    |     raise exc
    |   File "D:\nhatro\backend\venv\Lib\site-packages\starlette\_exception_handler.py", line 53, in wrapped_app
    |     await app(scope, receive, sender)
    |   File "D:\nhatro\backend\venv\Lib\site-packages\starlette\routing.py", line 756, in __call__
    |     await self.middleware_stack(scope, receive, send)
    |   File "D:\nhatro\backend\venv\Lib\site-packages\starlette\routing.py", line 776, in app
    |     await route.handle(scope, receive, send)
    |   File "D:\nhatro\backend\venv\Lib\site-packages\starlette\routing.py", line 297, in handle
    |     await self.app(scope, receive, send)
    |   File "D:\nhatro\backend\venv\Lib\site-packages\starlette\routing.py", line 77, in app
    |     await wrap_app_handling_exceptions(app, request)(scope, receive, send)
    |   File "D:\nhatro\backend\venv\Lib\site-packages\starlette\_exception_handler.py", line 75, in wrapped_app
    |     response = await handler(conn, exc)
    |                ^^^^^^^^^^^^^^^^^^^^^^^^
    |   File "D:\nhatro\backend\app\main.py", line 157, in validation_exception_handler
    |     return JSONResponse(
    |            ^^^^^^^^^^^^^
    |   File "D:\nhatro\backend\venv\Lib\site-packages\starlette\responses.py", line 184, in __init__
    |     super().__init__(content, status_code, headers, media_type, background)
    |   File "D:\nhatro\backend\venv\Lib\site-packages\starlette\responses.py", line 41, in __init__
    |     self.body = self.render(content)
    |                 ^^^^^^^^^^^^^^^^^^^^
    |   File "D:\nhatro\backend\venv\Lib\site-packages\starlette\responses.py", line 187, in render
    |     return json.dumps(
    |            ^^^^^^^^^^^
    |   File "C:\Users\ngocson\.cache\codex-runtimes\codex-primary-runtime\dependencies\python\Lib\json\__init__.py", line 238, in dumps
    |     **kw).encode(obj)
    |           ^^^^^^^^^^^
    |   File "C:\Users\ngocson\.cache\codex-runtimes\codex-primary-runtime\dependencies\python\Lib\json\encoder.py", line 200, in encode
    |     chunks = self.iterencode(o, _one_shot=True)
    |              ^^^^^^^^^^^^^^^^^^^^^^^^^^^^^^^^^^
    |   File "C:\Users\ngocson\.cache\codex-runtimes\codex-primary-runtime\dependencies\python\Lib\json\encoder.py", line 258, in iterencode
    |     return _iterencode(o, 0)
    |            ^^^^^^^^^^^^^^^^^
    |   File "C:\Users\ngocson\.cache\codex-runtimes\codex-primary-runtime\dependencies\python\Lib\json\encoder.py", line 180, in default
    |     raise TypeError(f'Object of type {o.__class__.__name__} '
    | TypeError: Object of type ValueError is not JSON serializable
    +------------------------------------

During handling of the above exception, another exception occurred:

Traceback (most recent call last):
  File "D:\nhatro\backend\venv\Lib\site-packages\starlette\middleware\errors.py", line 164, in __call__
    await self.app(scope, receive, _send)
  File "D:\nhatro\backend\venv\Lib\site-packages\starlette\middleware\base.py", line 189, in __call__
    with collapse_excgroups():
         ^^^^^^^^^^^^^^^^^^^^
  File "C:\Users\ngocson\.cache\codex-runtimes\codex-primary-runtime\dependencies\python\Lib\contextlib.py", line 158, in __exit__
    self.gen.throw(value)
  File "D:\nhatro\backend\venv\Lib\site-packages\starlette\_utils.py", line 93, in collapse_excgroups
    raise exc
  File "D:\nhatro\backend\venv\Lib\site-packages\starlette\middleware\base.py", line 191, in __call__
    response = await self.dispatch_func(request, call_next)
               ^^^^^^^^^^^^^^^^^^^^^^^^^^^^^^^^^^^^^^^^^^^^
  File "D:\nhatro\backend\app\main.py", line 127, in rate_limit_middleware
    return await call_next(request)
           ^^^^^^^^^^^^^^^^^^^^^^^^
  File "D:\nhatro\backend\venv\Lib\site-packages\starlette\middleware\base.py", line 165, in call_next
    raise app_exc
  File "D:\nhatro\backend\venv\Lib\site-packages\starlette\middleware\base.py", line 151, in coro
    await self.app(scope, receive_or_disconnect, send_no_error)
  File "D:\nhatro\backend\venv\Lib\site-packages\starlette\middleware\base.py", line 189, in __call__
    with collapse_excgroups():
         ^^^^^^^^^^^^^^^^^^^^
  File "C:\Users\ngocson\.cache\codex-runtimes\codex-primary-runtime\dependencies\python\Lib\contextlib.py", line 158, in __exit__
    self.gen.throw(value)
  File "D:\nhatro\backend\venv\Lib\site-packages\starlette\_utils.py", line 93, in collapse_excgroups
    raise exc
  File "D:\nhatro\backend\venv\Lib\site-packages\starlette\middleware\base.py", line 191, in __call__
    response = await self.dispatch_func(request, call_next)
               ^^^^^^^^^^^^^^^^^^^^^^^^^^^^^^^^^^^^^^^^^^^^
  File "D:\nhatro\backend\app\main.py", line 93, in add_process_time
    response = await call_next(request)
               ^^^^^^^^^^^^^^^^^^^^^^^^
  File "D:\nhatro\backend\venv\Lib\site-packages\starlette\middleware\base.py", line 165, in call_next
    raise app_exc
  File "D:\nhatro\backend\venv\Lib\site-packages\starlette\middleware\base.py", line 151, in coro
    await self.app(scope, receive_or_disconnect, send_no_error)
  File "D:\nhatro\backend\venv\Lib\site-packages\starlette\middleware\base.py", line 189, in __call__
    with collapse_excgroups():
         ^^^^^^^^^^^^^^^^^^^^
  File "C:\Users\ngocson\.cache\codex-runtimes\codex-primary-runtime\dependencies\python\Lib\contextlib.py", line 158, in __exit__
    self.gen.throw(value)
  File "D:\nhatro\backend\venv\Lib\site-packages\starlette\_utils.py", line 93, in collapse_excgroups
    raise exc
  File "D:\nhatro\backend\venv\Lib\site-packages\starlette\middleware\base.py", line 191, in __call__
    response = await self.dispatch_func(request, call_next)
               ^^^^^^^^^^^^^^^^^^^^^^^^^^^^^^^^^^^^^^^^^^^^
  File "D:\nhatro\backend\app\main.py", line 86, in add_security_headers
    response = await call_next(request)
               ^^^^^^^^^^^^^^^^^^^^^^^^
  File "D:\nhatro\backend\venv\Lib\site-packages\starlette\middleware\base.py", line 165, in call_next
    raise app_exc
  File "D:\nhatro\backend\venv\Lib\site-packages\starlette\middleware\base.py", line 151, in coro
    await self.app(scope, receive_or_disconnect, send_no_error)
  File "D:\nhatro\backend\venv\Lib\site-packages\starlette\middleware\cors.py", line 85, in __call__
    await self.app(scope, receive, send)
  File "D:\nhatro\backend\venv\Lib\site-packages\starlette\middleware\exceptions.py", line 65, in __call__
    await wrap_app_handling_exceptions(self.app, conn)(scope, receive, send)
  File "D:\nhatro\backend\venv\Lib\site-packages\starlette\_exception_handler.py", line 64, in wrapped_app
    raise exc
  File "D:\nhatro\backend\venv\Lib\site-packages\starlette\_exception_handler.py", line 53, in wrapped_app
    await app(scope, receive, sender)
  File "D:\nhatro\backend\venv\Lib\site-packages\starlette\routing.py", line 756, in __call__
    await self.middleware_stack(scope, receive, send)
  File "D:\nhatro\backend\venv\Lib\site-packages\starlette\routing.py", line 776, in app
    await route.handle(scope, receive, send)
  File "D:\nhatro\backend\venv\Lib\site-packages\starlette\routing.py", line 297, in handle
    await self.app(scope, receive, send)
  File "D:\nhatro\backend\venv\Lib\site-packages\starlette\routing.py", line 77, in app
    await wrap_app_handling_exceptions(app, request)(scope, receive, send)
  File "D:\nhatro\backend\venv\Lib\site-packages\starlette\_exception_handler.py", line 75, in wrapped_app
    response = await handler(conn, exc)
               ^^^^^^^^^^^^^^^^^^^^^^^^
  File "D:\nhatro\backend\app\main.py", line 157, in validation_exception_handler
    return JSONResponse(
           ^^^^^^^^^^^^^
  File "D:\nhatro\backend\venv\Lib\site-packages\starlette\responses.py", line 184, in __init__
    super().__init__(content, status_code, headers, media_type, background)
  File "D:\nhatro\backend\venv\Lib\site-packages\starlette\responses.py", line 41, in __init__
    self.body = self.render(content)
                ^^^^^^^^^^^^^^^^^^^^
  File "D:\nhatro\backend\venv\Lib\site-packages\starlette\responses.py", line 187, in render
    return json.dumps(
           ^^^^^^^^^^^
  File "C:\Users\ngocson\.cache\codex-runtimes\codex-primary-runtime\dependencies\python\Lib\json\__init__.py", line 238, in dumps
    **kw).encode(obj)
          ^^^^^^^^^^^
  File "C:\Users\ngocson\.cache\codex-runtimes\codex-primary-runtime\dependencies\python\Lib\json\encoder.py", line 200, in encode
    chunks = self.iterencode(o, _one_shot=True)
             ^^^^^^^^^^^^^^^^^^^^^^^^^^^^^^^^^^
  File "C:\Users\ngocson\.cache\codex-runtimes\codex-primary-runtime\dependencies\python\Lib\json\encoder.py", line 258, in iterencode
    return _iterencode(o, 0)
           ^^^^^^^^^^^^^^^^^
  File "C:\Users\ngocson\.cache\codex-runtimes\codex-primary-runtime\dependencies\python\Lib\json\encoder.py", line 180, in default
    raise TypeError(f'Object of type {o.__class__.__name__} '
TypeError: Object of type ValueError is not JSON serializable
==============================================

=== VALIDATION ERROR AT POST /api/v1/auth/register ===
[{'type': 'string_type', 'loc': ('body', 'phone'), 'msg': 'Input should be a valid string', 'input': 9999999999}, {'type': 'value_error', 'loc': ('body', 'otp_code'), 'msg': 'Value error, OTP code must be 6 digits', 'input': 'John Doe', 'ctx': {'error': ValueError('OTP code must be 6 digits')}}]
==============================================

=== GLOBAL EXCEPTION HANDLER AT POST /api/v1/auth/register ===
  + Exception Group Traceback (most recent call last):
  |   File "D:\nhatro\backend\venv\Lib\site-packages\starlette\_utils.py", line 87, in collapse_excgroups
  |     yield
  |   File "D:\nhatro\backend\venv\Lib\site-packages\starlette\middleware\base.py", line 190, in __call__
  |     async with anyio.create_task_group() as task_group:
  |                ^^^^^^^^^^^^^^^^^^^^^^^^^
  |   File "D:\nhatro\backend\venv\Lib\site-packages\anyio\_backends\_asyncio.py", line 799, in __aexit__
  |     raise BaseExceptionGroup(
  | ExceptionGroup: unhandled errors in a TaskGroup (1 sub-exception)
  +-+---------------- 1 ----------------
    | Traceback (most recent call last):
    |   File "D:\nhatro\backend\venv\Lib\site-packages\starlette\middleware\errors.py", line 164, in __call__
    |     await self.app(scope, receive, _send)
    |   File "D:\nhatro\backend\venv\Lib\site-packages\starlette\middleware\base.py", line 189, in __call__
    |     with collapse_excgroups():
    |          ^^^^^^^^^^^^^^^^^^^^
    |   File "C:\Users\ngocson\.cache\codex-runtimes\codex-primary-runtime\dependencies\python\Lib\contextlib.py", line 158, in __exit__
    |     self.gen.throw(value)
    |   File "D:\nhatro\backend\venv\Lib\site-packages\starlette\_utils.py", line 93, in collapse_excgroups
    |     raise exc
    |   File "D:\nhatro\backend\venv\Lib\site-packages\starlette\middleware\base.py", line 191, in __call__
    |     response = await self.dispatch_func(request, call_next)
    |                ^^^^^^^^^^^^^^^^^^^^^^^^^^^^^^^^^^^^^^^^^^^^
    |   File "D:\nhatro\backend\app\main.py", line 127, in rate_limit_middleware
    |     return await call_next(request)
    |            ^^^^^^^^^^^^^^^^^^^^^^^^
    |   File "D:\nhatro\backend\venv\Lib\site-packages\starlette\middleware\base.py", line 165, in call_next
    |     raise app_exc
    |   File "D:\nhatro\backend\venv\Lib\site-packages\starlette\middleware\base.py", line 151, in coro
    |     await self.app(scope, receive_or_disconnect, send_no_error)
    |   File "D:\nhatro\backend\venv\Lib\site-packages\starlette\middleware\base.py", line 189, in __call__
    |     with collapse_excgroups():
    |          ^^^^^^^^^^^^^^^^^^^^
    |   File "C:\Users\ngocson\.cache\codex-runtimes\codex-primary-runtime\dependencies\python\Lib\contextlib.py", line 158, in __exit__
    |     self.gen.throw(value)
    |   File "D:\nhatro\backend\venv\Lib\site-packages\starlette\_utils.py", line 93, in collapse_excgroups
    |     raise exc
    |   File "D:\nhatro\backend\venv\Lib\site-packages\starlette\middleware\base.py", line 191, in __call__
    |     response = await self.dispatch_func(request, call_next)
    |                ^^^^^^^^^^^^^^^^^^^^^^^^^^^^^^^^^^^^^^^^^^^^
    |   File "D:\nhatro\backend\app\main.py", line 93, in add_process_time
    |     response = await call_next(request)
    |                ^^^^^^^^^^^^^^^^^^^^^^^^
    |   File "D:\nhatro\backend\venv\Lib\site-packages\starlette\middleware\base.py", line 165, in call_next
    |     raise app_exc
    |   File "D:\nhatro\backend\venv\Lib\site-packages\starlette\middleware\base.py", line 151, in coro
    |     await self.app(scope, receive_or_disconnect, send_no_error)
    |   File "D:\nhatro\backend\venv\Lib\site-packages\starlette\middleware\base.py", line 189, in __call__
    |     with collapse_excgroups():
    |          ^^^^^^^^^^^^^^^^^^^^
    |   File "C:\Users\ngocson\.cache\codex-runtimes\codex-primary-runtime\dependencies\python\Lib\contextlib.py", line 158, in __exit__
    |     self.gen.throw(value)
    |   File "D:\nhatro\backend\venv\Lib\site-packages\starlette\_utils.py", line 93, in collapse_excgroups
    |     raise exc
    |   File "D:\nhatro\backend\venv\Lib\site-packages\starlette\middleware\base.py", line 191, in __call__
    |     response = await self.dispatch_func(request, call_next)
    |                ^^^^^^^^^^^^^^^^^^^^^^^^^^^^^^^^^^^^^^^^^^^^
    |   File "D:\nhatro\backend\app\main.py", line 86, in add_security_headers
    |     response = await call_next(request)
    |                ^^^^^^^^^^^^^^^^^^^^^^^^
    |   File "D:\nhatro\backend\venv\Lib\site-packages\starlette\middleware\base.py", line 165, in call_next
    |     raise app_exc
    |   File "D:\nhatro\backend\venv\Lib\site-packages\starlette\middleware\base.py", line 151, in coro
    |     await self.app(scope, receive_or_disconnect, send_no_error)
    |   File "D:\nhatro\backend\venv\Lib\site-packages\starlette\middleware\cors.py", line 85, in __call__
    |     await self.app(scope, receive, send)
    |   File "D:\nhatro\backend\venv\Lib\site-packages\starlette\middleware\exceptions.py", line 65, in __call__
    |     await wrap_app_handling_exceptions(self.app, conn)(scope, receive, send)
    |   File "D:\nhatro\backend\venv\Lib\site-packages\starlette\_exception_handler.py", line 64, in wrapped_app
    |     raise exc
    |   File "D:\nhatro\backend\venv\Lib\site-packages\starlette\_exception_handler.py", line 53, in wrapped_app
    |     await app(scope, receive, sender)
    |   File "D:\nhatro\backend\venv\Lib\site-packages\starlette\routing.py", line 756, in __call__
    |     await self.middleware_stack(scope, receive, send)
    |   File "D:\nhatro\backend\venv\Lib\site-packages\starlette\routing.py", line 776, in app
    |     await route.handle(scope, receive, send)
    |   File "D:\nhatro\backend\venv\Lib\site-packages\starlette\routing.py", line 297, in handle
    |     await self.app(scope, receive, send)
    |   File "D:\nhatro\backend\venv\Lib\site-packages\starlette\routing.py", line 77, in app
    |     await wrap_app_handling_exceptions(app, request)(scope, receive, send)
    |   File "D:\nhatro\backend\venv\Lib\site-packages\starlette\_exception_handler.py", line 75, in wrapped_app
    |     response = await handler(conn, exc)
    |                ^^^^^^^^^^^^^^^^^^^^^^^^
    |   File "D:\nhatro\backend\app\main.py", line 157, in validation_exception_handler
    |     return JSONResponse(
    |            ^^^^^^^^^^^^^
    |   File "D:\nhatro\backend\venv\Lib\site-packages\starlette\responses.py", line 184, in __init__
    |     super().__init__(content, status_code, headers, media_type, background)
    |   File "D:\nhatro\backend\venv\Lib\site-packages\starlette\responses.py", line 41, in __init__
    |     self.body = self.render(content)
    |                 ^^^^^^^^^^^^^^^^^^^^
    |   File "D:\nhatro\backend\venv\Lib\site-packages\starlette\responses.py", line 187, in render
    |     return json.dumps(
    |            ^^^^^^^^^^^
    |   File "C:\Users\ngocson\.cache\codex-runtimes\codex-primary-runtime\dependencies\python\Lib\json\__init__.py", line 238, in dumps
    |     **kw).encode(obj)
    |           ^^^^^^^^^^^
    |   File "C:\Users\ngocson\.cache\codex-runtimes\codex-primary-runtime\dependencies\python\Lib\json\encoder.py", line 200, in encode
    |     chunks = self.iterencode(o, _one_shot=True)
    |              ^^^^^^^^^^^^^^^^^^^^^^^^^^^^^^^^^^
    |   File "C:\Users\ngocson\.cache\codex-runtimes\codex-primary-runtime\dependencies\python\Lib\json\encoder.py", line 258, in iterencode
    |     return _iterencode(o, 0)
    |            ^^^^^^^^^^^^^^^^^
    |   File "C:\Users\ngocson\.cache\codex-runtimes\codex-primary-runtime\dependencies\python\Lib\json\encoder.py", line 180, in default
    |     raise TypeError(f'Object of type {o.__class__.__name__} '
    | TypeError: Object of type ValueError is not JSON serializable
    +------------------------------------

During handling of the above exception, another exception occurred:

Traceback (most recent call last):
  File "D:\nhatro\backend\venv\Lib\site-packages\starlette\middleware\errors.py", line 164, in __call__
    await self.app(scope, receive, _send)
  File "D:\nhatro\backend\venv\Lib\site-packages\starlette\middleware\base.py", line 189, in __call__
    with collapse_excgroups():
         ^^^^^^^^^^^^^^^^^^^^
  File "C:\Users\ngocson\.cache\codex-runtimes\codex-primary-runtime\dependencies\python\Lib\contextlib.py", line 158, in __exit__
    self.gen.throw(value)
  File "D:\nhatro\backend\venv\Lib\site-packages\starlette\_utils.py", line 93, in collapse_excgroups
    raise exc
  File "D:\nhatro\backend\venv\Lib\site-packages\starlette\middleware\base.py", line 191, in __call__
    response = await self.dispatch_func(request, call_next)
               ^^^^^^^^^^^^^^^^^^^^^^^^^^^^^^^^^^^^^^^^^^^^
  File "D:\nhatro\backend\app\main.py", line 127, in rate_limit_middleware
    return await call_next(request)
           ^^^^^^^^^^^^^^^^^^^^^^^^
  File "D:\nhatro\backend\venv\Lib\site-packages\starlette\middleware\base.py", line 165, in call_next
    raise app_exc
  File "D:\nhatro\backend\venv\Lib\site-packages\starlette\middleware\base.py", line 151, in coro
    await self.app(scope, receive_or_disconnect, send_no_error)
  File "D:\nhatro\backend\venv\Lib\site-packages\starlette\middleware\base.py", line 189, in __call__
    with collapse_excgroups():
         ^^^^^^^^^^^^^^^^^^^^
  File "C:\Users\ngocson\.cache\codex-runtimes\codex-primary-runtime\dependencies\python\Lib\contextlib.py", line 158, in __exit__
    self.gen.throw(value)
  File "D:\nhatro\backend\venv\Lib\site-packages\starlette\_utils.py", line 93, in collapse_excgroups
    raise exc
  File "D:\nhatro\backend\venv\Lib\site-packages\starlette\middleware\base.py", line 191, in __call__
    response = await self.dispatch_func(request, call_next)
               ^^^^^^^^^^^^^^^^^^^^^^^^^^^^^^^^^^^^^^^^^^^^
  File "D:\nhatro\backend\app\main.py", line 93, in add_process_time
    response = await call_next(request)
               ^^^^^^^^^^^^^^^^^^^^^^^^
  File "D:\nhatro\backend\venv\Lib\site-packages\starlette\middleware\base.py", line 165, in call_next
    raise app_exc
  File "D:\nhatro\backend\venv\Lib\site-packages\starlette\middleware\base.py", line 151, in coro
    await self.app(scope, receive_or_disconnect, send_no_error)
  File "D:\nhatro\backend\venv\Lib\site-packages\starlette\middleware\base.py", line 189, in __call__
    with collapse_excgroups():
         ^^^^^^^^^^^^^^^^^^^^
  File "C:\Users\ngocson\.cache\codex-runtimes\codex-primary-runtime\dependencies\python\Lib\contextlib.py", line 158, in __exit__
    self.gen.throw(value)
  File "D:\nhatro\backend\venv\Lib\site-packages\starlette\_utils.py", line 93, in collapse_excgroups
    raise exc
  File "D:\nhatro\backend\venv\Lib\site-packages\starlette\middleware\base.py", line 191, in __call__
    response = await self.dispatch_func(request, call_next)
               ^^^^^^^^^^^^^^^^^^^^^^^^^^^^^^^^^^^^^^^^^^^^
  File "D:\nhatro\backend\app\main.py", line 86, in add_security_headers
    response = await call_next(request)
               ^^^^^^^^^^^^^^^^^^^^^^^^
  File "D:\nhatro\backend\venv\Lib\site-packages\starlette\middleware\base.py", line 165, in call_next
    raise app_exc
  File "D:\nhatro\backend\venv\Lib\site-packages\starlette\middleware\base.py", line 151, in coro
    await self.app(scope, receive_or_disconnect, send_no_error)
  File "D:\nhatro\backend\venv\Lib\site-packages\starlette\middleware\cors.py", line 85, in __call__
    await self.app(scope, receive, send)
  File "D:\nhatro\backend\venv\Lib\site-packages\starlette\middleware\exceptions.py", line 65, in __call__
    await wrap_app_handling_exceptions(self.app, conn)(scope, receive, send)
  File "D:\nhatro\backend\venv\Lib\site-packages\starlette\_exception_handler.py", line 64, in wrapped_app
    raise exc
  File "D:\nhatro\backend\venv\Lib\site-packages\starlette\_exception_handler.py", line 53, in wrapped_app
    await app(scope, receive, sender)
  File "D:\nhatro\backend\venv\Lib\site-packages\starlette\routing.py", line 756, in __call__
    await self.middleware_stack(scope, receive, send)
  File "D:\nhatro\backend\venv\Lib\site-packages\starlette\routing.py", line 776, in app
    await route.handle(scope, receive, send)
  File "D:\nhatro\backend\venv\Lib\site-packages\starlette\routing.py", line 297, in handle
    await self.app(scope, receive, send)
  File "D:\nhatro\backend\venv\Lib\site-packages\starlette\routing.py", line 77, in app
    await wrap_app_handling_exceptions(app, request)(scope, receive, send)
  File "D:\nhatro\backend\venv\Lib\site-packages\starlette\_exception_handler.py", line 75, in wrapped_app
    response = await handler(conn, exc)
               ^^^^^^^^^^^^^^^^^^^^^^^^
  File "D:\nhatro\backend\app\main.py", line 157, in validation_exception_handler
    return JSONResponse(
           ^^^^^^^^^^^^^
  File "D:\nhatro\backend\venv\Lib\site-packages\starlette\responses.py", line 184, in __init__
    super().__init__(content, status_code, headers, media_type, background)
  File "D:\nhatro\backend\venv\Lib\site-packages\starlette\responses.py", line 41, in __init__
    self.body = self.render(content)
                ^^^^^^^^^^^^^^^^^^^^
  File "D:\nhatro\backend\venv\Lib\site-packages\starlette\responses.py", line 187, in render
    return json.dumps(
           ^^^^^^^^^^^
  File "C:\Users\ngocson\.cache\codex-runtimes\codex-primary-runtime\dependencies\python\Lib\json\__init__.py", line 238, in dumps
    **kw).encode(obj)
          ^^^^^^^^^^^
  File "C:\Users\ngocson\.cache\codex-runtimes\codex-primary-runtime\dependencies\python\Lib\json\encoder.py", line 200, in encode
    chunks = self.iterencode(o, _one_shot=True)
             ^^^^^^^^^^^^^^^^^^^^^^^^^^^^^^^^^^
  File "C:\Users\ngocson\.cache\codex-runtimes\codex-primary-runtime\dependencies\python\Lib\json\encoder.py", line 258, in iterencode
    return _iterencode(o, 0)
           ^^^^^^^^^^^^^^^^^
  File "C:\Users\ngocson\.cache\codex-runtimes\codex-primary-runtime\dependencies\python\Lib\json\encoder.py", line 180, in default
    raise TypeError(f'Object of type {o.__class__.__name__} '
TypeError: Object of type ValueError is not JSON serializable
==============================================

=== VALIDATION ERROR AT POST /api/v1/auth/register ===
[{'type': 'string_type', 'loc': ('body', 'phone'), 'msg': 'Input should be a valid string', 'input': 9999999999}, {'type': 'value_error', 'loc': ('body', 'otp_code'), 'msg': 'Value error, OTP code must be 6 digits', 'input': 'John Doe', 'ctx': {'error': ValueError('OTP code must be 6 digits')}}]
==============================================

=== GLOBAL EXCEPTION HANDLER AT POST /api/v1/auth/register ===
  + Exception Group Traceback (most recent call last):
  |   File "D:\nhatro\backend\venv\Lib\site-packages\starlette\_utils.py", line 87, in collapse_excgroups
  |     yield
  |   File "D:\nhatro\backend\venv\Lib\site-packages\starlette\middleware\base.py", line 190, in __call__
  |     async with anyio.create_task_group() as task_group:
  |                ^^^^^^^^^^^^^^^^^^^^^^^^^
  |   File "D:\nhatro\backend\venv\Lib\site-packages\anyio\_backends\_asyncio.py", line 799, in __aexit__
  |     raise BaseExceptionGroup(
  | ExceptionGroup: unhandled errors in a TaskGroup (1 sub-exception)
  +-+---------------- 1 ----------------
    | Traceback (most recent call last):
    |   File "D:\nhatro\backend\venv\Lib\site-packages\starlette\middleware\errors.py", line 164, in __call__
    |     await self.app(scope, receive, _send)
    |   File "D:\nhatro\backend\venv\Lib\site-packages\starlette\middleware\base.py", line 189, in __call__
    |     with collapse_excgroups():
    |          ^^^^^^^^^^^^^^^^^^^^
    |   File "C:\Users\ngocson\.cache\codex-runtimes\codex-primary-runtime\dependencies\python\Lib\contextlib.py", line 158, in __exit__
    |     self.gen.throw(value)
    |   File "D:\nhatro\backend\venv\Lib\site-packages\starlette\_utils.py", line 93, in collapse_excgroups
    |     raise exc
    |   File "D:\nhatro\backend\venv\Lib\site-packages\starlette\middleware\base.py", line 191, in __call__
    |     response = await self.dispatch_func(request, call_next)
    |                ^^^^^^^^^^^^^^^^^^^^^^^^^^^^^^^^^^^^^^^^^^^^
    |   File "D:\nhatro\backend\app\main.py", line 127, in rate_limit_middleware
    |     return await call_next(request)
    |            ^^^^^^^^^^^^^^^^^^^^^^^^
    |   File "D:\nhatro\backend\venv\Lib\site-packages\starlette\middleware\base.py", line 165, in call_next
    |     raise app_exc
    |   File "D:\nhatro\backend\venv\Lib\site-packages\starlette\middleware\base.py", line 151, in coro
    |     await self.app(scope, receive_or_disconnect, send_no_error)
    |   File "D:\nhatro\backend\venv\Lib\site-packages\starlette\middleware\base.py", line 189, in __call__
    |     with collapse_excgroups():
    |          ^^^^^^^^^^^^^^^^^^^^
    |   File "C:\Users\ngocson\.cache\codex-runtimes\codex-primary-runtime\dependencies\python\Lib\contextlib.py", line 158, in __exit__
    |     self.gen.throw(value)
    |   File "D:\nhatro\backend\venv\Lib\site-packages\starlette\_utils.py", line 93, in collapse_excgroups
    |     raise exc
    |   File "D:\nhatro\backend\venv\Lib\site-packages\starlette\middleware\base.py", line 191, in __call__
    |     response = await self.dispatch_func(request, call_next)
    |                ^^^^^^^^^^^^^^^^^^^^^^^^^^^^^^^^^^^^^^^^^^^^
    |   File "D:\nhatro\backend\app\main.py", line 93, in add_process_time
    |     response = await call_next(request)
    |                ^^^^^^^^^^^^^^^^^^^^^^^^
    |   File "D:\nhatro\backend\venv\Lib\site-packages\starlette\middleware\base.py", line 165, in call_next
    |     raise app_exc
    |   File "D:\nhatro\backend\venv\Lib\site-packages\starlette\middleware\base.py", line 151, in coro
    |     await self.app(scope, receive_or_disconnect, send_no_error)
    |   File "D:\nhatro\backend\venv\Lib\site-packages\starlette\middleware\base.py", line 189, in __call__
    |     with collapse_excgroups():
    |          ^^^^^^^^^^^^^^^^^^^^
    |   File "C:\Users\ngocson\.cache\codex-runtimes\codex-primary-runtime\dependencies\python\Lib\contextlib.py", line 158, in __exit__
    |     self.gen.throw(value)
    |   File "D:\nhatro\backend\venv\Lib\site-packages\starlette\_utils.py", line 93, in collapse_excgroups
    |     raise exc
    |   File "D:\nhatro\backend\venv\Lib\site-packages\starlette\middleware\base.py", line 191, in __call__
    |     response = await self.dispatch_func(request, call_next)
    |                ^^^^^^^^^^^^^^^^^^^^^^^^^^^^^^^^^^^^^^^^^^^^
    |   File "D:\nhatro\backend\app\main.py", line 86, in add_security_headers
    |     response = await call_next(request)
    |                ^^^^^^^^^^^^^^^^^^^^^^^^
    |   File "D:\nhatro\backend\venv\Lib\site-packages\starlette\middleware\base.py", line 165, in call_next
    |     raise app_exc
    |   File "D:\nhatro\backend\venv\Lib\site-packages\starlette\middleware\base.py", line 151, in coro
    |     await self.app(scope, receive_or_disconnect, send_no_error)
    |   File "D:\nhatro\backend\venv\Lib\site-packages\starlette\middleware\cors.py", line 85, in __call__
    |     await self.app(scope, receive, send)
    |   File "D:\nhatro\backend\venv\Lib\site-packages\starlette\middleware\exceptions.py", line 65, in __call__
    |     await wrap_app_handling_exceptions(self.app, conn)(scope, receive, send)
    |   File "D:\nhatro\backend\venv\Lib\site-packages\starlette\_exception_handler.py", line 64, in wrapped_app
    |     raise exc
    |   File "D:\nhatro\backend\venv\Lib\site-packages\starlette\_exception_handler.py", line 53, in wrapped_app
    |     await app(scope, receive, sender)
    |   File "D:\nhatro\backend\venv\Lib\site-packages\starlette\routing.py", line 756, in __call__
    |     await self.middleware_stack(scope, receive, send)
    |   File "D:\nhatro\backend\venv\Lib\site-packages\starlette\routing.py", line 776, in app
    |     await route.handle(scope, receive, send)
    |   File "D:\nhatro\backend\venv\Lib\site-packages\starlette\routing.py", line 297, in handle
    |     await self.app(scope, receive, send)
    |   File "D:\nhatro\backend\venv\Lib\site-packages\starlette\routing.py", line 77, in app
    |     await wrap_app_handling_exceptions(app, request)(scope, receive, send)
    |   File "D:\nhatro\backend\venv\Lib\site-packages\starlette\_exception_handler.py", line 75, in wrapped_app
    |     response = await handler(conn, exc)
    |                ^^^^^^^^^^^^^^^^^^^^^^^^
    |   File "D:\nhatro\backend\app\main.py", line 157, in validation_exception_handler
    |     return JSONResponse(
    |            ^^^^^^^^^^^^^
    |   File "D:\nhatro\backend\venv\Lib\site-packages\starlette\responses.py", line 184, in __init__
    |     super().__init__(content, status_code, headers, media_type, background)
    |   File "D:\nhatro\backend\venv\Lib\site-packages\starlette\responses.py", line 41, in __init__
    |     self.body = self.render(content)
    |                 ^^^^^^^^^^^^^^^^^^^^
    |   File "D:\nhatro\backend\venv\Lib\site-packages\starlette\responses.py", line 187, in render
    |     return json.dumps(
    |            ^^^^^^^^^^^
    |   File "C:\Users\ngocson\.cache\codex-runtimes\codex-primary-runtime\dependencies\python\Lib\json\__init__.py", line 238, in dumps
    |     **kw).encode(obj)
    |           ^^^^^^^^^^^
    |   File "C:\Users\ngocson\.cache\codex-runtimes\codex-primary-runtime\dependencies\python\Lib\json\encoder.py", line 200, in encode
    |     chunks = self.iterencode(o, _one_shot=True)
    |              ^^^^^^^^^^^^^^^^^^^^^^^^^^^^^^^^^^
    |   File "C:\Users\ngocson\.cache\codex-runtimes\codex-primary-runtime\dependencies\python\Lib\json\encoder.py", line 258, in iterencode
    |     return _iterencode(o, 0)
    |            ^^^^^^^^^^^^^^^^^
    |   File "C:\Users\ngocson\.cache\codex-runtimes\codex-primary-runtime\dependencies\python\Lib\json\encoder.py", line 180, in default
    |     raise TypeError(f'Object of type {o.__class__.__name__} '
    | TypeError: Object of type ValueError is not JSON serializable
    +------------------------------------

During handling of the above exception, another exception occurred:

Traceback (most recent call last):
  File "D:\nhatro\backend\venv\Lib\site-packages\starlette\middleware\errors.py", line 164, in __call__
    await self.app(scope, receive, _send)
  File "D:\nhatro\backend\venv\Lib\site-packages\starlette\middleware\base.py", line 189, in __call__
    with collapse_excgroups():
         ^^^^^^^^^^^^^^^^^^^^
  File "C:\Users\ngocson\.cache\codex-runtimes\codex-primary-runtime\dependencies\python\Lib\contextlib.py", line 158, in __exit__
    self.gen.throw(value)
  File "D:\nhatro\backend\venv\Lib\site-packages\starlette\_utils.py", line 93, in collapse_excgroups
    raise exc
  File "D:\nhatro\backend\venv\Lib\site-packages\starlette\middleware\base.py", line 191, in __call__
    response = await self.dispatch_func(request, call_next)
               ^^^^^^^^^^^^^^^^^^^^^^^^^^^^^^^^^^^^^^^^^^^^
  File "D:\nhatro\backend\app\main.py", line 127, in rate_limit_middleware
    return await call_next(request)
           ^^^^^^^^^^^^^^^^^^^^^^^^
  File "D:\nhatro\backend\venv\Lib\site-packages\starlette\middleware\base.py", line 165, in call_next
    raise app_exc
  File "D:\nhatro\backend\venv\Lib\site-packages\starlette\middleware\base.py", line 151, in coro
    await self.app(scope, receive_or_disconnect, send_no_error)
  File "D:\nhatro\backend\venv\Lib\site-packages\starlette\middleware\base.py", line 189, in __call__
    with collapse_excgroups():
         ^^^^^^^^^^^^^^^^^^^^
  File "C:\Users\ngocson\.cache\codex-runtimes\codex-primary-runtime\dependencies\python\Lib\contextlib.py", line 158, in __exit__
    self.gen.throw(value)
  File "D:\nhatro\backend\venv\Lib\site-packages\starlette\_utils.py", line 93, in collapse_excgroups
    raise exc
  File "D:\nhatro\backend\venv\Lib\site-packages\starlette\middleware\base.py", line 191, in __call__
    response = await self.dispatch_func(request, call_next)
               ^^^^^^^^^^^^^^^^^^^^^^^^^^^^^^^^^^^^^^^^^^^^
  File "D:\nhatro\backend\app\main.py", line 93, in add_process_time
    response = await call_next(request)
               ^^^^^^^^^^^^^^^^^^^^^^^^
  File "D:\nhatro\backend\venv\Lib\site-packages\starlette\middleware\base.py", line 165, in call_next
    raise app_exc
  File "D:\nhatro\backend\venv\Lib\site-packages\starlette\middleware\base.py", line 151, in coro
    await self.app(scope, receive_or_disconnect, send_no_error)
  File "D:\nhatro\backend\venv\Lib\site-packages\starlette\middleware\base.py", line 189, in __call__
    with collapse_excgroups():
         ^^^^^^^^^^^^^^^^^^^^
  File "C:\Users\ngocson\.cache\codex-runtimes\codex-primary-runtime\dependencies\python\Lib\contextlib.py", line 158, in __exit__
    self.gen.throw(value)
  File "D:\nhatro\backend\venv\Lib\site-packages\starlette\_utils.py", line 93, in collapse_excgroups
    raise exc
  File "D:\nhatro\backend\venv\Lib\site-packages\starlette\middleware\base.py", line 191, in __call__
    response = await self.dispatch_func(request, call_next)
               ^^^^^^^^^^^^^^^^^^^^^^^^^^^^^^^^^^^^^^^^^^^^
  File "D:\nhatro\backend\app\main.py", line 86, in add_security_headers
    response = await call_next(request)
               ^^^^^^^^^^^^^^^^^^^^^^^^
  File "D:\nhatro\backend\venv\Lib\site-packages\starlette\middleware\base.py", line 165, in call_next
    raise app_exc
  File "D:\nhatro\backend\venv\Lib\site-packages\starlette\middleware\base.py", line 151, in coro
    await self.app(scope, receive_or_disconnect, send_no_error)
  File "D:\nhatro\backend\venv\Lib\site-packages\starlette\middleware\cors.py", line 85, in __call__
    await self.app(scope, receive, send)
  File "D:\nhatro\backend\venv\Lib\site-packages\starlette\middleware\exceptions.py", line 65, in __call__
    await wrap_app_handling_exceptions(self.app, conn)(scope, receive, send)
  File "D:\nhatro\backend\venv\Lib\site-packages\starlette\_exception_handler.py", line 64, in wrapped_app
    raise exc
  File "D:\nhatro\backend\venv\Lib\site-packages\starlette\_exception_handler.py", line 53, in wrapped_app
    await app(scope, receive, sender)
  File "D:\nhatro\backend\venv\Lib\site-packages\starlette\routing.py", line 756, in __call__
    await self.middleware_stack(scope, receive, send)
  File "D:\nhatro\backend\venv\Lib\site-packages\starlette\routing.py", line 776, in app
    await route.handle(scope, receive, send)
  File "D:\nhatro\backend\venv\Lib\site-packages\starlette\routing.py", line 297, in handle
    await self.app(scope, receive, send)
  File "D:\nhatro\backend\venv\Lib\site-packages\starlette\routing.py", line 77, in app
    await wrap_app_handling_exceptions(app, request)(scope, receive, send)
  File "D:\nhatro\backend\venv\Lib\site-packages\starlette\_exception_handler.py", line 75, in wrapped_app
    response = await handler(conn, exc)
               ^^^^^^^^^^^^^^^^^^^^^^^^
  File "D:\nhatro\backend\app\main.py", line 157, in validation_exception_handler
    return JSONResponse(
           ^^^^^^^^^^^^^
  File "D:\nhatro\backend\venv\Lib\site-packages\starlette\responses.py", line 184, in __init__
    super().__init__(content, status_code, headers, media_type, background)
  File "D:\nhatro\backend\venv\Lib\site-packages\starlette\responses.py", line 41, in __init__
    self.body = self.render(content)
                ^^^^^^^^^^^^^^^^^^^^
  File "D:\nhatro\backend\venv\Lib\site-packages\starlette\responses.py", line 187, in render
    return json.dumps(
           ^^^^^^^^^^^
  File "C:\Users\ngocson\.cache\codex-runtimes\codex-primary-runtime\dependencies\python\Lib\json\__init__.py", line 238, in dumps
    **kw).encode(obj)
          ^^^^^^^^^^^
  File "C:\Users\ngocson\.cache\codex-runtimes\codex-primary-runtime\dependencies\python\Lib\json\encoder.py", line 200, in encode
    chunks = self.iterencode(o, _one_shot=True)
             ^^^^^^^^^^^^^^^^^^^^^^^^^^^^^^^^^^
  File "C:\Users\ngocson\.cache\codex-runtimes\codex-primary-runtime\dependencies\python\Lib\json\encoder.py", line 258, in iterencode
    return _iterencode(o, 0)
           ^^^^^^^^^^^^^^^^^
  File "C:\Users\ngocson\.cache\codex-runtimes\codex-primary-runtime\dependencies\python\Lib\json\encoder.py", line 180, in default
    raise TypeError(f'Object of type {o.__class__.__name__} '
TypeError: Object of type ValueError is not JSON serializable
==============================================

=== VALIDATION ERROR AT PATCH /api/v1/tenants/c: ===
[{'type': 'json_invalid', 'loc': ('body', 51), 'msg': 'JSON decode error', 'input': {}, 'ctx': {'error': 'Expecting value'}}]
==============================================

=== VALIDATION ERROR AT PATCH /api/v1/tenants/c:\ ===
[{'type': 'json_invalid', 'loc': ('body', 51), 'msg': 'JSON decode error', 'input': {}, 'ctx': {'error': 'Expecting value'}}]
==============================================

=== VALIDATION ERROR AT PATCH /api/v1/tenants/WEB-INF\web.xml ===
[{'type': 'json_invalid', 'loc': ('body', 51), 'msg': 'JSON decode error', 'input': {}, 'ctx': {'error': 'Expecting value'}}]
==============================================

=== VALIDATION ERROR AT PATCH /api/v1/tenants/\WEB-INF\web.xml ===
[{'type': 'json_invalid', 'loc': ('body', 51), 'msg': 'JSON decode error', 'input': {}, 'ctx': {'error': 'Expecting value'}}]
==============================================

=== VALIDATION ERROR AT PATCH /api/v1/tenants/thishouldnotexistandhopefullyitwillnot ===
[{'type': 'json_invalid', 'loc': ('body', 51), 'msg': 'JSON decode error', 'input': {}, 'ctx': {'error': 'Expecting value'}}]
==============================================

=== VALIDATION ERROR AT PATCH /api/v1/tenants/thishouldnotexistandhopefullyitwillnot ===
[{'type': 'json_invalid', 'loc': ('body', 51), 'msg': 'JSON decode error', 'input': {}, 'ctx': {'error': 'Expecting value'}}]
==============================================

=== VALIDATION ERROR AT PATCH /api/v1/tenants/\thishouldnotexistandhopefullyitwillnot ===
[{'type': 'json_invalid', 'loc': ('body', 51), 'msg': 'JSON decode error', 'input': {}, 'ctx': {'error': 'Expecting value'}}]
==============================================

=== VALIDATION ERROR AT GET /api/v1/webhooks/payos/check/c:\Windows\system.ini ===
[{'type': 'int_parsing', 'loc': ('path', 'order_code'), 'msg': 'Input should be a valid integer, unable to parse string as an integer', 'input': 'c:\\Windows\\system.ini'}]
==============================================

=== VALIDATION ERROR AT GET /api/v1/webhooks/payos/check/..\..\..\..\..\..\..\..\..\..\..\..\..\..\..\..\Windows\system.ini ===
[{'type': 'int_parsing', 'loc': ('path', 'order_code'), 'msg': 'Input should be a valid integer, unable to parse string as an integer', 'input': '..\\..\\..\\..\\..\\..\\..\\..\\..\\..\\..\\..\\..\\..\\..\\..\\Windows\\system.ini'}]
==============================================

=== VALIDATION ERROR AT GET /api/v1/webhooks/payos/check/c: ===
[{'type': 'int_parsing', 'loc': ('path', 'order_code'), 'msg': 'Input should be a valid integer, unable to parse string as an integer', 'input': 'c:'}]
==============================================

=== VALIDATION ERROR AT GET /api/v1/webhooks/payos/check/c:\ ===
[{'type': 'int_parsing', 'loc': ('path', 'order_code'), 'msg': 'Input should be a valid integer, unable to parse string as an integer', 'input': 'c:\\'}]
==============================================

=== VALIDATION ERROR AT GET /api/v1/webhooks/payos/check/WEB-INF\web.xml ===
[{'type': 'int_parsing', 'loc': ('path', 'order_code'), 'msg': 'Input should be a valid integer, unable to parse string as an integer', 'input': 'WEB-INF\\web.xml'}]
==============================================

=== VALIDATION ERROR AT GET /api/v1/webhooks/payos/check/\WEB-INF\web.xml ===
[{'type': 'int_parsing', 'loc': ('path', 'order_code'), 'msg': 'Input should be a valid integer, unable to parse string as an integer', 'input': '\\WEB-INF\\web.xml'}]
==============================================

=== VALIDATION ERROR AT GET /api/v1/webhooks/payos/check/thishouldnotexistandhopefullyitwillnot ===
[{'type': 'int_parsing', 'loc': ('path', 'order_code'), 'msg': 'Input should be a valid integer, unable to parse string as an integer', 'input': 'thishouldnotexistandhopefullyitwillnot'}]
==============================================

=== VALIDATION ERROR AT GET /api/v1/webhooks/payos/check/thishouldnotexistandhopefullyitwillnot ===
[{'type': 'int_parsing', 'loc': ('path', 'order_code'), 'msg': 'Input should be a valid integer, unable to parse string as an integer', 'input': 'thishouldnotexistandhopefullyitwillnot'}]
==============================================

=== VALIDATION ERROR AT GET /api/v1/webhooks/payos/check/\thishouldnotexistandhopefullyitwillnot ===
[{'type': 'int_parsing', 'loc': ('path', 'order_code'), 'msg': 'Input should be a valid integer, unable to parse string as an integer', 'input': '\\thishouldnotexistandhopefullyitwillnot'}]
==============================================

=== VALIDATION ERROR AT POST /api/v1/auth/forgot-password ===
[{'type': 'value_error', 'loc': ('body', 'email'), 'msg': 'value is not a valid email address: An email address must have an @-sign.', 'input': 'http://www.google.com/', 'ctx': {'reason': 'An email address must have an @-sign.'}}]
==============================================

=== VALIDATION ERROR AT POST /api/v1/auth/forgot-password ===
[{'type': 'value_error', 'loc': ('body', 'email'), 'msg': 'value is not a valid email address: An email address must have an @-sign.', 'input': 'http://www.google.com:80/', 'ctx': {'reason': 'An email address must have an @-sign.'}}]
==============================================

=== VALIDATION ERROR AT POST /api/v1/auth/forgot-password ===
[{'type': 'value_error', 'loc': ('body', 'email'), 'msg': 'value is not a valid email address: An email address must have an @-sign.', 'input': 'http://www.google.com', 'ctx': {'reason': 'An email address must have an @-sign.'}}]
==============================================

=== VALIDATION ERROR AT POST /api/v1/auth/forgot-password ===
[{'type': 'value_error', 'loc': ('body', 'email'), 'msg': 'value is not a valid email address: An email address must have an @-sign.', 'input': 'http://www.google.com/search?q=ZAP', 'ctx': {'reason': 'An email address must have an @-sign.'}}]
==============================================

=== VALIDATION ERROR AT POST /api/v1/auth/forgot-password ===
[{'type': 'value_error', 'loc': ('body', 'email'), 'msg': 'value is not a valid email address: An email address must have an @-sign.', 'input': 'http://www.google.com:80/search?q=ZAP', 'ctx': {'reason': 'An email address must have an @-sign.'}}]
==============================================

=== VALIDATION ERROR AT PATCH /api/v1/boarding-houses/www.google.com ===
[{'type': 'json_invalid', 'loc': ('body', 8), 'msg': 'JSON decode error', 'input': {}, 'ctx': {'error': 'Expecting value'}}]
==============================================

=== VALIDATION ERROR AT POST /api/v1/auth/forgot-password ===
[{'type': 'value_error', 'loc': ('body', 'email'), 'msg': 'value is not a valid email address: An email address must have an @-sign.', 'input': 'www.google.com/', 'ctx': {'reason': 'An email address must have an @-sign.'}}]
==============================================

=== VALIDATION ERROR AT PATCH /api/v1/maintenance/www.google.com ===
[{'type': 'json_invalid', 'loc': ('body', 34), 'msg': 'JSON decode error', 'input': {}, 'ctx': {'error': 'Expecting value'}}]
==============================================

=== VALIDATION ERROR AT PATCH /api/v1/tenants/www.google.com ===
[{'type': 'json_invalid', 'loc': ('body', 51), 'msg': 'JSON decode error', 'input': {}, 'ctx': {'error': 'Expecting value'}}]
==============================================

=== VALIDATION ERROR AT GET /api/v1/webhooks/payos/check/www.google.com ===
[{'type': 'int_parsing', 'loc': ('path', 'order_code'), 'msg': 'Input should be a valid integer, unable to parse string as an integer', 'input': 'www.google.com'}]
==============================================

=== VALIDATION ERROR AT PATCH /api/v1/boarding-houses/1531402951787460335.owasp.org ===
[{'type': 'json_invalid', 'loc': ('body', 8), 'msg': 'JSON decode error', 'input': {}, 'ctx': {'error': 'Expecting value'}}]
==============================================

=== VALIDATION ERROR AT PATCH /api/v1/maintenance/1531402951787460335.owasp.org ===
[{'type': 'json_invalid', 'loc': ('body', 34), 'msg': 'JSON decode error', 'input': {}, 'ctx': {'error': 'Expecting value'}}]
==============================================

=== VALIDATION ERROR AT PATCH /api/v1/tenants/1531402951787460335.owasp.org ===
[{'type': 'json_invalid', 'loc': ('body', 51), 'msg': 'JSON decode error', 'input': {}, 'ctx': {'error': 'Expecting value'}}]
==============================================

=== VALIDATION ERROR AT POST /api/v1/auth/register ===
[{'type': 'value_error', 'loc': ('body', 'password'), 'msg': 'Value error, Password must be at least 8 characters', 'input': 'ZAP', 'ctx': {'error': ValueError('Password must be at least 8 characters')}}, {'type': 'string_type', 'loc': ('body', 'phone'), 'msg': 'Input should be a valid string', 'input': 9999999999}, {'type': 'value_error', 'loc': ('body', 'otp_code'), 'msg': 'Value error, OTP code must be 6 digits', 'input': 'John Doe', 'ctx': {'error': ValueError('OTP code must be 6 digits')}}]
==============================================

=== VALIDATION ERROR AT POST /api/v1/auth/login ===
[{'type': 'enum', 'loc': ('body', 'policy'), 'msg': "Input should be 'reject_new_login', 'revoke_oldest_session' or 'revoke_all_old_sessions'", 'input': "5;URL='https://1531402951787460335.owasp.org'", 'ctx': {'expected': "'reject_new_login', 'revoke_oldest_session' or 'revoke_all_old_sessions'"}}]
==============================================

=== GLOBAL EXCEPTION HANDLER AT POST /api/v1/auth/register ===
  + Exception Group Traceback (most recent call last):
  |   File "D:\nhatro\backend\venv\Lib\site-packages\starlette\_utils.py", line 87, in collapse_excgroups
  |     yield
  |   File "D:\nhatro\backend\venv\Lib\site-packages\starlette\middleware\base.py", line 190, in __call__
  |     async with anyio.create_task_group() as task_group:
  |                ^^^^^^^^^^^^^^^^^^^^^^^^^
  |   File "D:\nhatro\backend\venv\Lib\site-packages\anyio\_backends\_asyncio.py", line 799, in __aexit__
  |     raise BaseExceptionGroup(
  | ExceptionGroup: unhandled errors in a TaskGroup (1 sub-exception)
  +-+---------------- 1 ----------------
    | Traceback (most recent call last):
    |   File "D:\nhatro\backend\venv\Lib\site-packages\starlette\middleware\errors.py", line 164, in __call__
    |     await self.app(scope, receive, _send)
    |   File "D:\nhatro\backend\venv\Lib\site-packages\starlette\middleware\base.py", line 189, in __call__
    |     with collapse_excgroups():
    |          ^^^^^^^^^^^^^^^^^^^^
    |   File "C:\Users\ngocson\.cache\codex-runtimes\codex-primary-runtime\dependencies\python\Lib\contextlib.py", line 158, in __exit__
    |     self.gen.throw(value)
    |   File "D:\nhatro\backend\venv\Lib\site-packages\starlette\_utils.py", line 93, in collapse_excgroups
    |     raise exc
    |   File "D:\nhatro\backend\venv\Lib\site-packages\starlette\middleware\base.py", line 191, in __call__
    |     response = await self.dispatch_func(request, call_next)
    |                ^^^^^^^^^^^^^^^^^^^^^^^^^^^^^^^^^^^^^^^^^^^^
    |   File "D:\nhatro\backend\app\main.py", line 127, in rate_limit_middleware
    |     return await call_next(request)
    |            ^^^^^^^^^^^^^^^^^^^^^^^^
    |   File "D:\nhatro\backend\venv\Lib\site-packages\starlette\middleware\base.py", line 165, in call_next
    |     raise app_exc
    |   File "D:\nhatro\backend\venv\Lib\site-packages\starlette\middleware\base.py", line 151, in coro
    |     await self.app(scope, receive_or_disconnect, send_no_error)
    |   File "D:\nhatro\backend\venv\Lib\site-packages\starlette\middleware\base.py", line 189, in __call__
    |     with collapse_excgroups():
    |          ^^^^^^^^^^^^^^^^^^^^
    |   File "C:\Users\ngocson\.cache\codex-runtimes\codex-primary-runtime\dependencies\python\Lib\contextlib.py", line 158, in __exit__
    |     self.gen.throw(value)
    |   File "D:\nhatro\backend\venv\Lib\site-packages\starlette\_utils.py", line 93, in collapse_excgroups
    |     raise exc
    |   File "D:\nhatro\backend\venv\Lib\site-packages\starlette\middleware\base.py", line 191, in __call__
    |     response = await self.dispatch_func(request, call_next)
    |                ^^^^^^^^^^^^^^^^^^^^^^^^^^^^^^^^^^^^^^^^^^^^
    |   File "D:\nhatro\backend\app\main.py", line 93, in add_process_time
    |     response = await call_next(request)
    |                ^^^^^^^^^^^^^^^^^^^^^^^^
    |   File "D:\nhatro\backend\venv\Lib\site-packages\starlette\middleware\base.py", line 165, in call_next
    |     raise app_exc
    |   File "D:\nhatro\backend\venv\Lib\site-packages\starlette\middleware\base.py", line 151, in coro
    |     await self.app(scope, receive_or_disconnect, send_no_error)
    |   File "D:\nhatro\backend\venv\Lib\site-packages\starlette\middleware\base.py", line 189, in __call__
    |     with collapse_excgroups():
    |          ^^^^^^^^^^^^^^^^^^^^
    |   File "C:\Users\ngocson\.cache\codex-runtimes\codex-primary-runtime\dependencies\python\Lib\contextlib.py", line 158, in __exit__
    |     self.gen.throw(value)
    |   File "D:\nhatro\backend\venv\Lib\site-packages\starlette\_utils.py", line 93, in collapse_excgroups
    |     raise exc
    |   File "D:\nhatro\backend\venv\Lib\site-packages\starlette\middleware\base.py", line 191, in __call__
    |     response = await self.dispatch_func(request, call_next)
    |                ^^^^^^^^^^^^^^^^^^^^^^^^^^^^^^^^^^^^^^^^^^^^
    |   File "D:\nhatro\backend\app\main.py", line 86, in add_security_headers
    |     response = await call_next(request)
    |                ^^^^^^^^^^^^^^^^^^^^^^^^
    |   File "D:\nhatro\backend\venv\Lib\site-packages\starlette\middleware\base.py", line 165, in call_next
    |     raise app_exc
    |   File "D:\nhatro\backend\venv\Lib\site-packages\starlette\middleware\base.py", line 151, in coro
    |     await self.app(scope, receive_or_disconnect, send_no_error)
    |   File "D:\nhatro\backend\venv\Lib\site-packages\starlette\middleware\cors.py", line 85, in __call__
    |     await self.app(scope, receive, send)
    |   File "D:\nhatro\backend\venv\Lib\site-packages\starlette\middleware\exceptions.py", line 65, in __call__
    |     await wrap_app_handling_exceptions(self.app, conn)(scope, receive, send)
    |   File "D:\nhatro\backend\venv\Lib\site-packages\starlette\_exception_handler.py", line 64, in wrapped_app
    |     raise exc
    |   File "D:\nhatro\backend\venv\Lib\site-packages\starlette\_exception_handler.py", line 53, in wrapped_app
    |     await app(scope, receive, sender)
    |   File "D:\nhatro\backend\venv\Lib\site-packages\starlette\routing.py", line 756, in __call__
    |     await self.middleware_stack(scope, receive, send)
    |   File "D:\nhatro\backend\venv\Lib\site-packages\starlette\routing.py", line 776, in app
    |     await route.handle(scope, receive, send)
    |   File "D:\nhatro\backend\venv\Lib\site-packages\starlette\routing.py", line 297, in handle
    |     await self.app(scope, receive, send)
    |   File "D:\nhatro\backend\venv\Lib\site-packages\starlette\routing.py", line 77, in app
    |     await wrap_app_handling_exceptions(app, request)(scope, receive, send)
    |   File "D:\nhatro\backend\venv\Lib\site-packages\starlette\_exception_handler.py", line 75, in wrapped_app
    |     response = await handler(conn, exc)
    |                ^^^^^^^^^^^^^^^^^^^^^^^^
    |   File "D:\nhatro\backend\app\main.py", line 157, in validation_exception_handler
    |     return JSONResponse(
    |            ^^^^^^^^^^^^^
    |   File "D:\nhatro\backend\venv\Lib\site-packages\starlette\responses.py", line 184, in __init__
    |     super().__init__(content, status_code, headers, media_type, background)
    |   File "D:\nhatro\backend\venv\Lib\site-packages\starlette\responses.py", line 41, in __init__
    |     self.body = self.render(content)
    |                 ^^^^^^^^^^^^^^^^^^^^
    |   File "D:\nhatro\backend\venv\Lib\site-packages\starlette\responses.py", line 187, in render
    |     return json.dumps(
    |            ^^^^^^^^^^^
    |   File "C:\Users\ngocson\.cache\codex-runtimes\codex-primary-runtime\dependencies\python\Lib\json\__init__.py", line 238, in dumps
    |     **kw).encode(obj)
    |           ^^^^^^^^^^^
    |   File "C:\Users\ngocson\.cache\codex-runtimes\codex-primary-runtime\dependencies\python\Lib\json\encoder.py", line 200, in encode
    |     chunks = self.iterencode(o, _one_shot=True)
    |              ^^^^^^^^^^^^^^^^^^^^^^^^^^^^^^^^^^
    |   File "C:\Users\ngocson\.cache\codex-runtimes\codex-primary-runtime\dependencies\python\Lib\json\encoder.py", line 258, in iterencode
    |     return _iterencode(o, 0)
    |            ^^^^^^^^^^^^^^^^^
    |   File "C:\Users\ngocson\.cache\codex-runtimes\codex-primary-runtime\dependencies\python\Lib\json\encoder.py", line 180, in default
    |     raise TypeError(f'Object of type {o.__class__.__name__} '
    | TypeError: Object of type ValueError is not JSON serializable
    +------------------------------------

During handling of the above exception, another exception occurred:

Traceback (most recent call last):
  File "D:\nhatro\backend\venv\Lib\site-packages\starlette\middleware\errors.py", line 164, in __call__
    await self.app(scope, receive, _send)
  File "D:\nhatro\backend\venv\Lib\site-packages\starlette\middleware\base.py", line 189, in __call__
    with collapse_excgroups():
         ^^^^^^^^^^^^^^^^^^^^
  File "C:\Users\ngocson\.cache\codex-runtimes\codex-primary-runtime\dependencies\python\Lib\contextlib.py", line 158, in __exit__
    self.gen.throw(value)
  File "D:\nhatro\backend\venv\Lib\site-packages\starlette\_utils.py", line 93, in collapse_excgroups
    raise exc
  File "D:\nhatro\backend\venv\Lib\site-packages\starlette\middleware\base.py", line 191, in __call__
    response = await self.dispatch_func(request, call_next)
               ^^^^^^^^^^^^^^^^^^^^^^^^^^^^^^^^^^^^^^^^^^^^
  File "D:\nhatro\backend\app\main.py", line 127, in rate_limit_middleware
    return await call_next(request)
           ^^^^^^^^^^^^^^^^^^^^^^^^
  File "D:\nhatro\backend\venv\Lib\site-packages\starlette\middleware\base.py", line 165, in call_next
    raise app_exc
  File "D:\nhatro\backend\venv\Lib\site-packages\starlette\middleware\base.py", line 151, in coro
    await self.app(scope, receive_or_disconnect, send_no_error)
  File "D:\nhatro\backend\venv\Lib\site-packages\starlette\middleware\base.py", line 189, in __call__
    with collapse_excgroups():
         ^^^^^^^^^^^^^^^^^^^^
  File "C:\Users\ngocson\.cache\codex-runtimes\codex-primary-runtime\dependencies\python\Lib\contextlib.py", line 158, in __exit__
    self.gen.throw(value)
  File "D:\nhatro\backend\venv\Lib\site-packages\starlette\_utils.py", line 93, in collapse_excgroups
    raise exc
  File "D:\nhatro\backend\venv\Lib\site-packages\starlette\middleware\base.py", line 191, in __call__
    response = await self.dispatch_func(request, call_next)
               ^^^^^^^^^^^^^^^^^^^^^^^^^^^^^^^^^^^^^^^^^^^^
  File "D:\nhatro\backend\app\main.py", line 93, in add_process_time
    response = await call_next(request)
               ^^^^^^^^^^^^^^^^^^^^^^^^
  File "D:\nhatro\backend\venv\Lib\site-packages\starlette\middleware\base.py", line 165, in call_next
    raise app_exc
  File "D:\nhatro\backend\venv\Lib\site-packages\starlette\middleware\base.py", line 151, in coro
    await self.app(scope, receive_or_disconnect, send_no_error)
  File "D:\nhatro\backend\venv\Lib\site-packages\starlette\middleware\base.py", line 189, in __call__
    with collapse_excgroups():
         ^^^^^^^^^^^^^^^^^^^^
  File "C:\Users\ngocson\.cache\codex-runtimes\codex-primary-runtime\dependencies\python\Lib\contextlib.py", line 158, in __exit__
    self.gen.throw(value)
  File "D:\nhatro\backend\venv\Lib\site-packages\starlette\_utils.py", line 93, in collapse_excgroups
    raise exc
  File "D:\nhatro\backend\venv\Lib\site-packages\starlette\middleware\base.py", line 191, in __call__
    response = await self.dispatch_func(request, call_next)
               ^^^^^^^^^^^^^^^^^^^^^^^^^^^^^^^^^^^^^^^^^^^^
  File "D:\nhatro\backend\app\main.py", line 86, in add_security_headers
    response = await call_next(request)
               ^^^^^^^^^^^^^^^^^^^^^^^^
  File "D:\nhatro\backend\venv\Lib\site-packages\starlette\middleware\base.py", line 165, in call_next
    raise app_exc
  File "D:\nhatro\backend\venv\Lib\site-packages\starlette\middleware\base.py", line 151, in coro
    await self.app(scope, receive_or_disconnect, send_no_error)
  File "D:\nhatro\backend\venv\Lib\site-packages\starlette\middleware\cors.py", line 85, in __call__
    await self.app(scope, receive, send)
  File "D:\nhatro\backend\venv\Lib\site-packages\starlette\middleware\exceptions.py", line 65, in __call__
    await wrap_app_handling_exceptions(self.app, conn)(scope, receive, send)
  File "D:\nhatro\backend\venv\Lib\site-packages\starlette\_exception_handler.py", line 64, in wrapped_app
    raise exc
  File "D:\nhatro\backend\venv\Lib\site-packages\starlette\_exception_handler.py", line 53, in wrapped_app
    await app(scope, receive, sender)
  File "D:\nhatro\backend\venv\Lib\site-packages\starlette\routing.py", line 756, in __call__
    await self.middleware_stack(scope, receive, send)
  File "D:\nhatro\backend\venv\Lib\site-packages\starlette\routing.py", line 776, in app
    await route.handle(scope, receive, send)
  File "D:\nhatro\backend\venv\Lib\site-packages\starlette\routing.py", line 297, in handle
    await self.app(scope, receive, send)
  File "D:\nhatro\backend\venv\Lib\site-packages\starlette\routing.py", line 77, in app
    await wrap_app_handling_exceptions(app, request)(scope, receive, send)
  File "D:\nhatro\backend\venv\Lib\site-packages\starlette\_exception_handler.py", line 75, in wrapped_app
    response = await handler(conn, exc)
               ^^^^^^^^^^^^^^^^^^^^^^^^
  File "D:\nhatro\backend\app\main.py", line 157, in validation_exception_handler
    return JSONResponse(
           ^^^^^^^^^^^^^
  File "D:\nhatro\backend\venv\Lib\site-packages\starlette\responses.py", line 184, in __init__
    super().__init__(content, status_code, headers, media_type, background)
  File "D:\nhatro\backend\venv\Lib\site-packages\starlette\responses.py", line 41, in __init__
    self.body = self.render(content)
                ^^^^^^^^^^^^^^^^^^^^
  File "D:\nhatro\backend\venv\Lib\site-packages\starlette\responses.py", line 187, in render
    return json.dumps(
           ^^^^^^^^^^^
  File "C:\Users\ngocson\.cache\codex-runtimes\codex-primary-runtime\dependencies\python\Lib\json\__init__.py", line 238, in dumps
    **kw).encode(obj)
          ^^^^^^^^^^^
  File "C:\Users\ngocson\.cache\codex-runtimes\codex-primary-runtime\dependencies\python\Lib\json\encoder.py", line 200, in encode
    chunks = self.iterencode(o, _one_shot=True)
             ^^^^^^^^^^^^^^^^^^^^^^^^^^^^^^^^^^
  File "C:\Users\ngocson\.cache\codex-runtimes\codex-primary-runtime\dependencies\python\Lib\json\encoder.py", line 258, in iterencode
    return _iterencode(o, 0)
           ^^^^^^^^^^^^^^^^^
  File "C:\Users\ngocson\.cache\codex-runtimes\codex-primary-runtime\dependencies\python\Lib\json\encoder.py", line 180, in default
    raise TypeError(f'Object of type {o.__class__.__name__} '
TypeError: Object of type ValueError is not JSON serializable
==============================================

=== VALIDATION ERROR AT POST /api/v1/auth/register ===
[{'type': 'value_error', 'loc': ('body', 'password'), 'msg': 'Value error, Password must be at least 8 characters', 'input': 'ZAP', 'ctx': {'error': ValueError('Password must be at least 8 characters')}}, {'type': 'string_type', 'loc': ('body', 'phone'), 'msg': 'Input should be a valid string', 'input': 9999999999}, {'type': 'value_error', 'loc': ('body', 'otp_code'), 'msg': 'Value error, OTP code must be 6 digits', 'input': 'John Doe', 'ctx': {'error': ValueError('OTP code must be 6 digits')}}]
==============================================

=== VALIDATION ERROR AT POST /api/v1/auth/login ===
[{'type': 'enum', 'loc': ('body', 'policy'), 'msg': "Input should be 'reject_new_login', 'revoke_oldest_session' or 'revoke_all_old_sessions'", 'input': "URL='http://1531402951787460335.owasp.org'", 'ctx': {'expected': "'reject_new_login', 'revoke_oldest_session' or 'revoke_all_old_sessions'"}}]
==============================================

=== GLOBAL EXCEPTION HANDLER AT POST /api/v1/auth/register ===
  + Exception Group Traceback (most recent call last):
  |   File "D:\nhatro\backend\venv\Lib\site-packages\starlette\_utils.py", line 87, in collapse_excgroups
  |     yield
  |   File "D:\nhatro\backend\venv\Lib\site-packages\starlette\middleware\base.py", line 190, in __call__
  |     async with anyio.create_task_group() as task_group:
  |                ^^^^^^^^^^^^^^^^^^^^^^^^^
  |   File "D:\nhatro\backend\venv\Lib\site-packages\anyio\_backends\_asyncio.py", line 799, in __aexit__
  |     raise BaseExceptionGroup(
  | ExceptionGroup: unhandled errors in a TaskGroup (1 sub-exception)
  +-+---------------- 1 ----------------
    | Traceback (most recent call last):
    |   File "D:\nhatro\backend\venv\Lib\site-packages\starlette\middleware\errors.py", line 164, in __call__
    |     await self.app(scope, receive, _send)
    |   File "D:\nhatro\backend\venv\Lib\site-packages\starlette\middleware\base.py", line 189, in __call__
    |     with collapse_excgroups():
    |          ^^^^^^^^^^^^^^^^^^^^
    |   File "C:\Users\ngocson\.cache\codex-runtimes\codex-primary-runtime\dependencies\python\Lib\contextlib.py", line 158, in __exit__
    |     self.gen.throw(value)
    |   File "D:\nhatro\backend\venv\Lib\site-packages\starlette\_utils.py", line 93, in collapse_excgroups
    |     raise exc
    |   File "D:\nhatro\backend\venv\Lib\site-packages\starlette\middleware\base.py", line 191, in __call__
    |     response = await self.dispatch_func(request, call_next)
    |                ^^^^^^^^^^^^^^^^^^^^^^^^^^^^^^^^^^^^^^^^^^^^
    |   File "D:\nhatro\backend\app\main.py", line 127, in rate_limit_middleware
    |     return await call_next(request)
    |            ^^^^^^^^^^^^^^^^^^^^^^^^
    |   File "D:\nhatro\backend\venv\Lib\site-packages\starlette\middleware\base.py", line 165, in call_next
    |     raise app_exc
    |   File "D:\nhatro\backend\venv\Lib\site-packages\starlette\middleware\base.py", line 151, in coro
    |     await self.app(scope, receive_or_disconnect, send_no_error)
    |   File "D:\nhatro\backend\venv\Lib\site-packages\starlette\middleware\base.py", line 189, in __call__
    |     with collapse_excgroups():
    |          ^^^^^^^^^^^^^^^^^^^^
    |   File "C:\Users\ngocson\.cache\codex-runtimes\codex-primary-runtime\dependencies\python\Lib\contextlib.py", line 158, in __exit__
    |     self.gen.throw(value)
    |   File "D:\nhatro\backend\venv\Lib\site-packages\starlette\_utils.py", line 93, in collapse_excgroups
    |     raise exc
    |   File "D:\nhatro\backend\venv\Lib\site-packages\starlette\middleware\base.py", line 191, in __call__
    |     response = await self.dispatch_func(request, call_next)
    |                ^^^^^^^^^^^^^^^^^^^^^^^^^^^^^^^^^^^^^^^^^^^^
    |   File "D:\nhatro\backend\app\main.py", line 93, in add_process_time
    |     response = await call_next(request)
    |                ^^^^^^^^^^^^^^^^^^^^^^^^
    |   File "D:\nhatro\backend\venv\Lib\site-packages\starlette\middleware\base.py", line 165, in call_next
    |     raise app_exc
    |   File "D:\nhatro\backend\venv\Lib\site-packages\starlette\middleware\base.py", line 151, in coro
    |     await self.app(scope, receive_or_disconnect, send_no_error)
    |   File "D:\nhatro\backend\venv\Lib\site-packages\starlette\middleware\base.py", line 189, in __call__
    |     with collapse_excgroups():
    |          ^^^^^^^^^^^^^^^^^^^^
    |   File "C:\Users\ngocson\.cache\codex-runtimes\codex-primary-runtime\dependencies\python\Lib\contextlib.py", line 158, in __exit__
    |     self.gen.throw(value)
    |   File "D:\nhatro\backend\venv\Lib\site-packages\starlette\_utils.py", line 93, in collapse_excgroups
    |     raise exc
    |   File "D:\nhatro\backend\venv\Lib\site-packages\starlette\middleware\base.py", line 191, in __call__
    |     response = await self.dispatch_func(request, call_next)
    |                ^^^^^^^^^^^^^^^^^^^^^^^^^^^^^^^^^^^^^^^^^^^^
    |   File "D:\nhatro\backend\app\main.py", line 86, in add_security_headers
    |     response = await call_next(request)
    |                ^^^^^^^^^^^^^^^^^^^^^^^^
    |   File "D:\nhatro\backend\venv\Lib\site-packages\starlette\middleware\base.py", line 165, in call_next
    |     raise app_exc
    |   File "D:\nhatro\backend\venv\Lib\site-packages\starlette\middleware\base.py", line 151, in coro
    |     await self.app(scope, receive_or_disconnect, send_no_error)
    |   File "D:\nhatro\backend\venv\Lib\site-packages\starlette\middleware\cors.py", line 85, in __call__
    |     await self.app(scope, receive, send)
    |   File "D:\nhatro\backend\venv\Lib\site-packages\starlette\middleware\exceptions.py", line 65, in __call__
    |     await wrap_app_handling_exceptions(self.app, conn)(scope, receive, send)
    |   File "D:\nhatro\backend\venv\Lib\site-packages\starlette\_exception_handler.py", line 64, in wrapped_app
    |     raise exc
    |   File "D:\nhatro\backend\venv\Lib\site-packages\starlette\_exception_handler.py", line 53, in wrapped_app
    |     await app(scope, receive, sender)
    |   File "D:\nhatro\backend\venv\Lib\site-packages\starlette\routing.py", line 756, in __call__
    |     await self.middleware_stack(scope, receive, send)
    |   File "D:\nhatro\backend\venv\Lib\site-packages\starlette\routing.py", line 776, in app
    |     await route.handle(scope, receive, send)
    |   File "D:\nhatro\backend\venv\Lib\site-packages\starlette\routing.py", line 297, in handle
    |     await self.app(scope, receive, send)
    |   File "D:\nhatro\backend\venv\Lib\site-packages\starlette\routing.py", line 77, in app
    |     await wrap_app_handling_exceptions(app, request)(scope, receive, send)
    |   File "D:\nhatro\backend\venv\Lib\site-packages\starlette\_exception_handler.py", line 75, in wrapped_app
    |     response = await handler(conn, exc)
    |                ^^^^^^^^^^^^^^^^^^^^^^^^
    |   File "D:\nhatro\backend\app\main.py", line 157, in validation_exception_handler
    |     return JSONResponse(
    |            ^^^^^^^^^^^^^
    |   File "D:\nhatro\backend\venv\Lib\site-packages\starlette\responses.py", line 184, in __init__
    |     super().__init__(content, status_code, headers, media_type, background)
    |   File "D:\nhatro\backend\venv\Lib\site-packages\starlette\responses.py", line 41, in __init__
    |     self.body = self.render(content)
    |                 ^^^^^^^^^^^^^^^^^^^^
    |   File "D:\nhatro\backend\venv\Lib\site-packages\starlette\responses.py", line 187, in render
    |     return json.dumps(
    |            ^^^^^^^^^^^
    |   File "C:\Users\ngocson\.cache\codex-runtimes\codex-primary-runtime\dependencies\python\Lib\json\__init__.py", line 238, in dumps
    |     **kw).encode(obj)
    |           ^^^^^^^^^^^
    |   File "C:\Users\ngocson\.cache\codex-runtimes\codex-primary-runtime\dependencies\python\Lib\json\encoder.py", line 200, in encode
    |     chunks = self.iterencode(o, _one_shot=True)
    |              ^^^^^^^^^^^^^^^^^^^^^^^^^^^^^^^^^^
    |   File "C:\Users\ngocson\.cache\codex-runtimes\codex-primary-runtime\dependencies\python\Lib\json\encoder.py", line 258, in iterencode
    |     return _iterencode(o, 0)
    |            ^^^^^^^^^^^^^^^^^
    |   File "C:\Users\ngocson\.cache\codex-runtimes\codex-primary-runtime\dependencies\python\Lib\json\encoder.py", line 180, in default
    |     raise TypeError(f'Object of type {o.__class__.__name__} '
    | TypeError: Object of type ValueError is not JSON serializable
    +------------------------------------

During handling of the above exception, another exception occurred:

Traceback (most recent call last):
  File "D:\nhatro\backend\venv\Lib\site-packages\starlette\middleware\errors.py", line 164, in __call__
    await self.app(scope, receive, _send)
  File "D:\nhatro\backend\venv\Lib\site-packages\starlette\middleware\base.py", line 189, in __call__
    with collapse_excgroups():
         ^^^^^^^^^^^^^^^^^^^^
  File "C:\Users\ngocson\.cache\codex-runtimes\codex-primary-runtime\dependencies\python\Lib\contextlib.py", line 158, in __exit__
    self.gen.throw(value)
  File "D:\nhatro\backend\venv\Lib\site-packages\starlette\_utils.py", line 93, in collapse_excgroups
    raise exc
  File "D:\nhatro\backend\venv\Lib\site-packages\starlette\middleware\base.py", line 191, in __call__
    response = await self.dispatch_func(request, call_next)
               ^^^^^^^^^^^^^^^^^^^^^^^^^^^^^^^^^^^^^^^^^^^^
  File "D:\nhatro\backend\app\main.py", line 127, in rate_limit_middleware
    return await call_next(request)
           ^^^^^^^^^^^^^^^^^^^^^^^^
  File "D:\nhatro\backend\venv\Lib\site-packages\starlette\middleware\base.py", line 165, in call_next
    raise app_exc
  File "D:\nhatro\backend\venv\Lib\site-packages\starlette\middleware\base.py", line 151, in coro
    await self.app(scope, receive_or_disconnect, send_no_error)
  File "D:\nhatro\backend\venv\Lib\site-packages\starlette\middleware\base.py", line 189, in __call__
    with collapse_excgroups():
         ^^^^^^^^^^^^^^^^^^^^
  File "C:\Users\ngocson\.cache\codex-runtimes\codex-primary-runtime\dependencies\python\Lib\contextlib.py", line 158, in __exit__
    self.gen.throw(value)
  File "D:\nhatro\backend\venv\Lib\site-packages\starlette\_utils.py", line 93, in collapse_excgroups
    raise exc
  File "D:\nhatro\backend\venv\Lib\site-packages\starlette\middleware\base.py", line 191, in __call__
    response = await self.dispatch_func(request, call_next)
               ^^^^^^^^^^^^^^^^^^^^^^^^^^^^^^^^^^^^^^^^^^^^
  File "D:\nhatro\backend\app\main.py", line 93, in add_process_time
    response = await call_next(request)
               ^^^^^^^^^^^^^^^^^^^^^^^^
  File "D:\nhatro\backend\venv\Lib\site-packages\starlette\middleware\base.py", line 165, in call_next
    raise app_exc
  File "D:\nhatro\backend\venv\Lib\site-packages\starlette\middleware\base.py", line 151, in coro
    await self.app(scope, receive_or_disconnect, send_no_error)
  File "D:\nhatro\backend\venv\Lib\site-packages\starlette\middleware\base.py", line 189, in __call__
    with collapse_excgroups():
         ^^^^^^^^^^^^^^^^^^^^
  File "C:\Users\ngocson\.cache\codex-runtimes\codex-primary-runtime\dependencies\python\Lib\contextlib.py", line 158, in __exit__
    self.gen.throw(value)
  File "D:\nhatro\backend\venv\Lib\site-packages\starlette\_utils.py", line 93, in collapse_excgroups
    raise exc
  File "D:\nhatro\backend\venv\Lib\site-packages\starlette\middleware\base.py", line 191, in __call__
    response = await self.dispatch_func(request, call_next)
               ^^^^^^^^^^^^^^^^^^^^^^^^^^^^^^^^^^^^^^^^^^^^
  File "D:\nhatro\backend\app\main.py", line 86, in add_security_headers
    response = await call_next(request)
               ^^^^^^^^^^^^^^^^^^^^^^^^
  File "D:\nhatro\backend\venv\Lib\site-packages\starlette\middleware\base.py", line 165, in call_next
    raise app_exc
  File "D:\nhatro\backend\venv\Lib\site-packages\starlette\middleware\base.py", line 151, in coro
    await self.app(scope, receive_or_disconnect, send_no_error)
  File "D:\nhatro\backend\venv\Lib\site-packages\starlette\middleware\cors.py", line 85, in __call__
    await self.app(scope, receive, send)
  File "D:\nhatro\backend\venv\Lib\site-packages\starlette\middleware\exceptions.py", line 65, in __call__
    await wrap_app_handling_exceptions(self.app, conn)(scope, receive, send)
  File "D:\nhatro\backend\venv\Lib\site-packages\starlette\_exception_handler.py", line 64, in wrapped_app
    raise exc
  File "D:\nhatro\backend\venv\Lib\site-packages\starlette\_exception_handler.py", line 53, in wrapped_app
    await app(scope, receive, sender)
  File "D:\nhatro\backend\venv\Lib\site-packages\starlette\routing.py", line 756, in __call__
    await self.middleware_stack(scope, receive, send)
  File "D:\nhatro\backend\venv\Lib\site-packages\starlette\routing.py", line 776, in app
    await route.handle(scope, receive, send)
  File "D:\nhatro\backend\venv\Lib\site-packages\starlette\routing.py", line 297, in handle
    await self.app(scope, receive, send)
  File "D:\nhatro\backend\venv\Lib\site-packages\starlette\routing.py", line 77, in app
    await wrap_app_handling_exceptions(app, request)(scope, receive, send)
  File "D:\nhatro\backend\venv\Lib\site-packages\starlette\_exception_handler.py", line 75, in wrapped_app
    response = await handler(conn, exc)
               ^^^^^^^^^^^^^^^^^^^^^^^^
  File "D:\nhatro\backend\app\main.py", line 157, in validation_exception_handler
    return JSONResponse(
           ^^^^^^^^^^^^^
  File "D:\nhatro\backend\venv\Lib\site-packages\starlette\responses.py", line 184, in __init__
    super().__init__(content, status_code, headers, media_type, background)
  File "D:\nhatro\backend\venv\Lib\site-packages\starlette\responses.py", line 41, in __init__
    self.body = self.render(content)
                ^^^^^^^^^^^^^^^^^^^^
  File "D:\nhatro\backend\venv\Lib\site-packages\starlette\responses.py", line 187, in render
    return json.dumps(
           ^^^^^^^^^^^
  File "C:\Users\ngocson\.cache\codex-runtimes\codex-primary-runtime\dependencies\python\Lib\json\__init__.py", line 238, in dumps
    **kw).encode(obj)
          ^^^^^^^^^^^
  File "C:\Users\ngocson\.cache\codex-runtimes\codex-primary-runtime\dependencies\python\Lib\json\encoder.py", line 200, in encode
    chunks = self.iterencode(o, _one_shot=True)
             ^^^^^^^^^^^^^^^^^^^^^^^^^^^^^^^^^^
  File "C:\Users\ngocson\.cache\codex-runtimes\codex-primary-runtime\dependencies\python\Lib\json\encoder.py", line 258, in iterencode
    return _iterencode(o, 0)
           ^^^^^^^^^^^^^^^^^
  File "C:\Users\ngocson\.cache\codex-runtimes\codex-primary-runtime\dependencies\python\Lib\json\encoder.py", line 180, in default
    raise TypeError(f'Object of type {o.__class__.__name__} '
TypeError: Object of type ValueError is not JSON serializable
==============================================

=== VALIDATION ERROR AT POST /api/v1/auth/register ===
[{'type': 'value_error', 'loc': ('body', 'password'), 'msg': 'Value error, Password must be at least 8 characters', 'input': 'ZAP', 'ctx': {'error': ValueError('Password must be at least 8 characters')}}, {'type': 'string_type', 'loc': ('body', 'phone'), 'msg': 'Input should be a valid string', 'input': 9999999999}, {'type': 'value_error', 'loc': ('body', 'otp_code'), 'msg': 'Value error, OTP code must be 6 digits', 'input': 'John Doe', 'ctx': {'error': ValueError('OTP code must be 6 digits')}}]
==============================================

=== VALIDATION ERROR AT POST /api/v1/auth/login ===
[{'type': 'enum', 'loc': ('body', 'policy'), 'msg': "Input should be 'reject_new_login', 'revoke_oldest_session' or 'revoke_all_old_sessions'", 'input': 'https://1531402951787460335.owasp.org/?reject_new_login', 'ctx': {'expected': "'reject_new_login', 'revoke_oldest_session' or 'revoke_all_old_sessions'"}}]
==============================================

=== GLOBAL EXCEPTION HANDLER AT POST /api/v1/auth/register ===
  + Exception Group Traceback (most recent call last):
  |   File "D:\nhatro\backend\venv\Lib\site-packages\starlette\_utils.py", line 87, in collapse_excgroups
  |     yield
  |   File "D:\nhatro\backend\venv\Lib\site-packages\starlette\middleware\base.py", line 190, in __call__
  |     async with anyio.create_task_group() as task_group:
  |                ^^^^^^^^^^^^^^^^^^^^^^^^^
  |   File "D:\nhatro\backend\venv\Lib\site-packages\anyio\_backends\_asyncio.py", line 799, in __aexit__
  |     raise BaseExceptionGroup(
  | ExceptionGroup: unhandled errors in a TaskGroup (1 sub-exception)
  +-+---------------- 1 ----------------
    | Traceback (most recent call last):
    |   File "D:\nhatro\backend\venv\Lib\site-packages\starlette\middleware\errors.py", line 164, in __call__
    |     await self.app(scope, receive, _send)
    |   File "D:\nhatro\backend\venv\Lib\site-packages\starlette\middleware\base.py", line 189, in __call__
    |     with collapse_excgroups():
    |          ^^^^^^^^^^^^^^^^^^^^
    |   File "C:\Users\ngocson\.cache\codex-runtimes\codex-primary-runtime\dependencies\python\Lib\contextlib.py", line 158, in __exit__
    |     self.gen.throw(value)
    |   File "D:\nhatro\backend\venv\Lib\site-packages\starlette\_utils.py", line 93, in collapse_excgroups
    |     raise exc
    |   File "D:\nhatro\backend\venv\Lib\site-packages\starlette\middleware\base.py", line 191, in __call__
    |     response = await self.dispatch_func(request, call_next)
    |                ^^^^^^^^^^^^^^^^^^^^^^^^^^^^^^^^^^^^^^^^^^^^
    |   File "D:\nhatro\backend\app\main.py", line 127, in rate_limit_middleware
    |     return await call_next(request)
    |            ^^^^^^^^^^^^^^^^^^^^^^^^
    |   File "D:\nhatro\backend\venv\Lib\site-packages\starlette\middleware\base.py", line 165, in call_next
    |     raise app_exc
    |   File "D:\nhatro\backend\venv\Lib\site-packages\starlette\middleware\base.py", line 151, in coro
    |     await self.app(scope, receive_or_disconnect, send_no_error)
    |   File "D:\nhatro\backend\venv\Lib\site-packages\starlette\middleware\base.py", line 189, in __call__
    |     with collapse_excgroups():
    |          ^^^^^^^^^^^^^^^^^^^^
    |   File "C:\Users\ngocson\.cache\codex-runtimes\codex-primary-runtime\dependencies\python\Lib\contextlib.py", line 158, in __exit__
    |     self.gen.throw(value)
    |   File "D:\nhatro\backend\venv\Lib\site-packages\starlette\_utils.py", line 93, in collapse_excgroups
    |     raise exc
    |   File "D:\nhatro\backend\venv\Lib\site-packages\starlette\middleware\base.py", line 191, in __call__
    |     response = await self.dispatch_func(request, call_next)
    |                ^^^^^^^^^^^^^^^^^^^^^^^^^^^^^^^^^^^^^^^^^^^^
    |   File "D:\nhatro\backend\app\main.py", line 93, in add_process_time
    |     response = await call_next(request)
    |                ^^^^^^^^^^^^^^^^^^^^^^^^
    |   File "D:\nhatro\backend\venv\Lib\site-packages\starlette\middleware\base.py", line 165, in call_next
    |     raise app_exc
    |   File "D:\nhatro\backend\venv\Lib\site-packages\starlette\middleware\base.py", line 151, in coro
    |     await self.app(scope, receive_or_disconnect, send_no_error)
    |   File "D:\nhatro\backend\venv\Lib\site-packages\starlette\middleware\base.py", line 189, in __call__
    |     with collapse_excgroups():
    |          ^^^^^^^^^^^^^^^^^^^^
    |   File "C:\Users\ngocson\.cache\codex-runtimes\codex-primary-runtime\dependencies\python\Lib\contextlib.py", line 158, in __exit__
    |     self.gen.throw(value)
    |   File "D:\nhatro\backend\venv\Lib\site-packages\starlette\_utils.py", line 93, in collapse_excgroups
    |     raise exc
    |   File "D:\nhatro\backend\venv\Lib\site-packages\starlette\middleware\base.py", line 191, in __call__
    |     response = await self.dispatch_func(request, call_next)
    |                ^^^^^^^^^^^^^^^^^^^^^^^^^^^^^^^^^^^^^^^^^^^^
    |   File "D:\nhatro\backend\app\main.py", line 86, in add_security_headers
    |     response = await call_next(request)
    |                ^^^^^^^^^^^^^^^^^^^^^^^^
    |   File "D:\nhatro\backend\venv\Lib\site-packages\starlette\middleware\base.py", line 165, in call_next
    |     raise app_exc
    |   File "D:\nhatro\backend\venv\Lib\site-packages\starlette\middleware\base.py", line 151, in coro
    |     await self.app(scope, receive_or_disconnect, send_no_error)
    |   File "D:\nhatro\backend\venv\Lib\site-packages\starlette\middleware\cors.py", line 85, in __call__
    |     await self.app(scope, receive, send)
    |   File "D:\nhatro\backend\venv\Lib\site-packages\starlette\middleware\exceptions.py", line 65, in __call__
    |     await wrap_app_handling_exceptions(self.app, conn)(scope, receive, send)
    |   File "D:\nhatro\backend\venv\Lib\site-packages\starlette\_exception_handler.py", line 64, in wrapped_app
    |     raise exc
    |   File "D:\nhatro\backend\venv\Lib\site-packages\starlette\_exception_handler.py", line 53, in wrapped_app
    |     await app(scope, receive, sender)
    |   File "D:\nhatro\backend\venv\Lib\site-packages\starlette\routing.py", line 756, in __call__
    |     await self.middleware_stack(scope, receive, send)
    |   File "D:\nhatro\backend\venv\Lib\site-packages\starlette\routing.py", line 776, in app
    |     await route.handle(scope, receive, send)
    |   File "D:\nhatro\backend\venv\Lib\site-packages\starlette\routing.py", line 297, in handle
    |     await self.app(scope, receive, send)
    |   File "D:\nhatro\backend\venv\Lib\site-packages\starlette\routing.py", line 77, in app
    |     await wrap_app_handling_exceptions(app, request)(scope, receive, send)
    |   File "D:\nhatro\backend\venv\Lib\site-packages\starlette\_exception_handler.py", line 75, in wrapped_app
    |     response = await handler(conn, exc)
    |                ^^^^^^^^^^^^^^^^^^^^^^^^
    |   File "D:\nhatro\backend\app\main.py", line 157, in validation_exception_handler
    |     return JSONResponse(
    |            ^^^^^^^^^^^^^
    |   File "D:\nhatro\backend\venv\Lib\site-packages\starlette\responses.py", line 184, in __init__
    |     super().__init__(content, status_code, headers, media_type, background)
    |   File "D:\nhatro\backend\venv\Lib\site-packages\starlette\responses.py", line 41, in __init__
    |     self.body = self.render(content)
    |                 ^^^^^^^^^^^^^^^^^^^^
    |   File "D:\nhatro\backend\venv\Lib\site-packages\starlette\responses.py", line 187, in render
    |     return json.dumps(
    |            ^^^^^^^^^^^
    |   File "C:\Users\ngocson\.cache\codex-runtimes\codex-primary-runtime\dependencies\python\Lib\json\__init__.py", line 238, in dumps
    |     **kw).encode(obj)
    |           ^^^^^^^^^^^
    |   File "C:\Users\ngocson\.cache\codex-runtimes\codex-primary-runtime\dependencies\python\Lib\json\encoder.py", line 200, in encode
    |     chunks = self.iterencode(o, _one_shot=True)
    |              ^^^^^^^^^^^^^^^^^^^^^^^^^^^^^^^^^^
    |   File "C:\Users\ngocson\.cache\codex-runtimes\codex-primary-runtime\dependencies\python\Lib\json\encoder.py", line 258, in iterencode
    |     return _iterencode(o, 0)
    |            ^^^^^^^^^^^^^^^^^
    |   File "C:\Users\ngocson\.cache\codex-runtimes\codex-primary-runtime\dependencies\python\Lib\json\encoder.py", line 180, in default
    |     raise TypeError(f'Object of type {o.__class__.__name__} '
    | TypeError: Object of type ValueError is not JSON serializable
    +------------------------------------

During handling of the above exception, another exception occurred:

Traceback (most recent call last):
  File "D:\nhatro\backend\venv\Lib\site-packages\starlette\middleware\errors.py", line 164, in __call__
    await self.app(scope, receive, _send)
  File "D:\nhatro\backend\venv\Lib\site-packages\starlette\middleware\base.py", line 189, in __call__
    with collapse_excgroups():
         ^^^^^^^^^^^^^^^^^^^^
  File "C:\Users\ngocson\.cache\codex-runtimes\codex-primary-runtime\dependencies\python\Lib\contextlib.py", line 158, in __exit__
    self.gen.throw(value)
  File "D:\nhatro\backend\venv\Lib\site-packages\starlette\_utils.py", line 93, in collapse_excgroups
    raise exc
  File "D:\nhatro\backend\venv\Lib\site-packages\starlette\middleware\base.py", line 191, in __call__
    response = await self.dispatch_func(request, call_next)
               ^^^^^^^^^^^^^^^^^^^^^^^^^^^^^^^^^^^^^^^^^^^^
  File "D:\nhatro\backend\app\main.py", line 127, in rate_limit_middleware
    return await call_next(request)
           ^^^^^^^^^^^^^^^^^^^^^^^^
  File "D:\nhatro\backend\venv\Lib\site-packages\starlette\middleware\base.py", line 165, in call_next
    raise app_exc
  File "D:\nhatro\backend\venv\Lib\site-packages\starlette\middleware\base.py", line 151, in coro
    await self.app(scope, receive_or_disconnect, send_no_error)
  File "D:\nhatro\backend\venv\Lib\site-packages\starlette\middleware\base.py", line 189, in __call__
    with collapse_excgroups():
         ^^^^^^^^^^^^^^^^^^^^
  File "C:\Users\ngocson\.cache\codex-runtimes\codex-primary-runtime\dependencies\python\Lib\contextlib.py", line 158, in __exit__
    self.gen.throw(value)
  File "D:\nhatro\backend\venv\Lib\site-packages\starlette\_utils.py", line 93, in collapse_excgroups
    raise exc
  File "D:\nhatro\backend\venv\Lib\site-packages\starlette\middleware\base.py", line 191, in __call__
    response = await self.dispatch_func(request, call_next)
               ^^^^^^^^^^^^^^^^^^^^^^^^^^^^^^^^^^^^^^^^^^^^
  File "D:\nhatro\backend\app\main.py", line 93, in add_process_time
    response = await call_next(request)
               ^^^^^^^^^^^^^^^^^^^^^^^^
  File "D:\nhatro\backend\venv\Lib\site-packages\starlette\middleware\base.py", line 165, in call_next
    raise app_exc
  File "D:\nhatro\backend\venv\Lib\site-packages\starlette\middleware\base.py", line 151, in coro
    await self.app(scope, receive_or_disconnect, send_no_error)
  File "D:\nhatro\backend\venv\Lib\site-packages\starlette\middleware\base.py", line 189, in __call__
    with collapse_excgroups():
         ^^^^^^^^^^^^^^^^^^^^
  File "C:\Users\ngocson\.cache\codex-runtimes\codex-primary-runtime\dependencies\python\Lib\contextlib.py", line 158, in __exit__
    self.gen.throw(value)
  File "D:\nhatro\backend\venv\Lib\site-packages\starlette\_utils.py", line 93, in collapse_excgroups
    raise exc
  File "D:\nhatro\backend\venv\Lib\site-packages\starlette\middleware\base.py", line 191, in __call__
    response = await self.dispatch_func(request, call_next)
               ^^^^^^^^^^^^^^^^^^^^^^^^^^^^^^^^^^^^^^^^^^^^
  File "D:\nhatro\backend\app\main.py", line 86, in add_security_headers
    response = await call_next(request)
               ^^^^^^^^^^^^^^^^^^^^^^^^
  File "D:\nhatro\backend\venv\Lib\site-packages\starlette\middleware\base.py", line 165, in call_next
    raise app_exc
  File "D:\nhatro\backend\venv\Lib\site-packages\starlette\middleware\base.py", line 151, in coro
    await self.app(scope, receive_or_disconnect, send_no_error)
  File "D:\nhatro\backend\venv\Lib\site-packages\starlette\middleware\cors.py", line 85, in __call__
    await self.app(scope, receive, send)
  File "D:\nhatro\backend\venv\Lib\site-packages\starlette\middleware\exceptions.py", line 65, in __call__
    await wrap_app_handling_exceptions(self.app, conn)(scope, receive, send)
  File "D:\nhatro\backend\venv\Lib\site-packages\starlette\_exception_handler.py", line 64, in wrapped_app
    raise exc
  File "D:\nhatro\backend\venv\Lib\site-packages\starlette\_exception_handler.py", line 53, in wrapped_app
    await app(scope, receive, sender)
  File "D:\nhatro\backend\venv\Lib\site-packages\starlette\routing.py", line 756, in __call__
    await self.middleware_stack(scope, receive, send)
  File "D:\nhatro\backend\venv\Lib\site-packages\starlette\routing.py", line 776, in app
    await route.handle(scope, receive, send)
  File "D:\nhatro\backend\venv\Lib\site-packages\starlette\routing.py", line 297, in handle
    await self.app(scope, receive, send)
  File "D:\nhatro\backend\venv\Lib\site-packages\starlette\routing.py", line 77, in app
    await wrap_app_handling_exceptions(app, request)(scope, receive, send)
  File "D:\nhatro\backend\venv\Lib\site-packages\starlette\_exception_handler.py", line 75, in wrapped_app
    response = await handler(conn, exc)
               ^^^^^^^^^^^^^^^^^^^^^^^^
  File "D:\nhatro\backend\app\main.py", line 157, in validation_exception_handler
    return JSONResponse(
           ^^^^^^^^^^^^^
  File "D:\nhatro\backend\venv\Lib\site-packages\starlette\responses.py", line 184, in __init__
    super().__init__(content, status_code, headers, media_type, background)
  File "D:\nhatro\backend\venv\Lib\site-packages\starlette\responses.py", line 41, in __init__
    self.body = self.render(content)
                ^^^^^^^^^^^^^^^^^^^^
  File "D:\nhatro\backend\venv\Lib\site-packages\starlette\responses.py", line 187, in render
    return json.dumps(
           ^^^^^^^^^^^
  File "C:\Users\ngocson\.cache\codex-runtimes\codex-primary-runtime\dependencies\python\Lib\json\__init__.py", line 238, in dumps
    **kw).encode(obj)
          ^^^^^^^^^^^
  File "C:\Users\ngocson\.cache\codex-runtimes\codex-primary-runtime\dependencies\python\Lib\json\encoder.py", line 200, in encode
    chunks = self.iterencode(o, _one_shot=True)
             ^^^^^^^^^^^^^^^^^^^^^^^^^^^^^^^^^^
  File "C:\Users\ngocson\.cache\codex-runtimes\codex-primary-runtime\dependencies\python\Lib\json\encoder.py", line 258, in iterencode
    return _iterencode(o, 0)
           ^^^^^^^^^^^^^^^^^
  File "C:\Users\ngocson\.cache\codex-runtimes\codex-primary-runtime\dependencies\python\Lib\json\encoder.py", line 180, in default
    raise TypeError(f'Object of type {o.__class__.__name__} '
TypeError: Object of type ValueError is not JSON serializable
==============================================

=== VALIDATION ERROR AT POST /api/v1/auth/register ===
[{'type': 'value_error', 'loc': ('body', 'password'), 'msg': 'Value error, Password must be at least 8 characters', 'input': 'ZAP', 'ctx': {'error': ValueError('Password must be at least 8 characters')}}, {'type': 'string_type', 'loc': ('body', 'phone'), 'msg': 'Input should be a valid string', 'input': 9999999999}, {'type': 'value_error', 'loc': ('body', 'otp_code'), 'msg': 'Value error, OTP code must be 6 digits', 'input': 'John Doe', 'ctx': {'error': ValueError('OTP code must be 6 digits')}}]
==============================================

=== GLOBAL EXCEPTION HANDLER AT POST /api/v1/auth/register ===
  + Exception Group Traceback (most recent call last):
  |   File "D:\nhatro\backend\venv\Lib\site-packages\starlette\_utils.py", line 87, in collapse_excgroups
  |     yield
  |   File "D:\nhatro\backend\venv\Lib\site-packages\starlette\middleware\base.py", line 190, in __call__
  |     async with anyio.create_task_group() as task_group:
  |                ^^^^^^^^^^^^^^^^^^^^^^^^^
  |   File "D:\nhatro\backend\venv\Lib\site-packages\anyio\_backends\_asyncio.py", line 799, in __aexit__
  |     raise BaseExceptionGroup(
  | ExceptionGroup: unhandled errors in a TaskGroup (1 sub-exception)
  +-+---------------- 1 ----------------
    | Traceback (most recent call last):
    |   File "D:\nhatro\backend\venv\Lib\site-packages\starlette\middleware\errors.py", line 164, in __call__
    |     await self.app(scope, receive, _send)
    |   File "D:\nhatro\backend\venv\Lib\site-packages\starlette\middleware\base.py", line 189, in __call__
    |     with collapse_excgroups():
    |          ^^^^^^^^^^^^^^^^^^^^
    |   File "C:\Users\ngocson\.cache\codex-runtimes\codex-primary-runtime\dependencies\python\Lib\contextlib.py", line 158, in __exit__
    |     self.gen.throw(value)
    |   File "D:\nhatro\backend\venv\Lib\site-packages\starlette\_utils.py", line 93, in collapse_excgroups
    |     raise exc
    |   File "D:\nhatro\backend\venv\Lib\site-packages\starlette\middleware\base.py", line 191, in __call__
    |     response = await self.dispatch_func(request, call_next)
    |                ^^^^^^^^^^^^^^^^^^^^^^^^^^^^^^^^^^^^^^^^^^^^
    |   File "D:\nhatro\backend\app\main.py", line 127, in rate_limit_middleware
    |     return await call_next(request)
    |            ^^^^^^^^^^^^^^^^^^^^^^^^
    |   File "D:\nhatro\backend\venv\Lib\site-packages\starlette\middleware\base.py", line 165, in call_next
    |     raise app_exc
    |   File "D:\nhatro\backend\venv\Lib\site-packages\starlette\middleware\base.py", line 151, in coro
    |     await self.app(scope, receive_or_disconnect, send_no_error)
    |   File "D:\nhatro\backend\venv\Lib\site-packages\starlette\middleware\base.py", line 189, in __call__
    |     with collapse_excgroups():
    |          ^^^^^^^^^^^^^^^^^^^^
    |   File "C:\Users\ngocson\.cache\codex-runtimes\codex-primary-runtime\dependencies\python\Lib\contextlib.py", line 158, in __exit__
    |     self.gen.throw(value)
    |   File "D:\nhatro\backend\venv\Lib\site-packages\starlette\_utils.py", line 93, in collapse_excgroups
    |     raise exc
    |   File "D:\nhatro\backend\venv\Lib\site-packages\starlette\middleware\base.py", line 191, in __call__
    |     response = await self.dispatch_func(request, call_next)
    |                ^^^^^^^^^^^^^^^^^^^^^^^^^^^^^^^^^^^^^^^^^^^^
    |   File "D:\nhatro\backend\app\main.py", line 93, in add_process_time
    |     response = await call_next(request)
    |                ^^^^^^^^^^^^^^^^^^^^^^^^
    |   File "D:\nhatro\backend\venv\Lib\site-packages\starlette\middleware\base.py", line 165, in call_next
    |     raise app_exc
    |   File "D:\nhatro\backend\venv\Lib\site-packages\starlette\middleware\base.py", line 151, in coro
    |     await self.app(scope, receive_or_disconnect, send_no_error)
    |   File "D:\nhatro\backend\venv\Lib\site-packages\starlette\middleware\base.py", line 189, in __call__
    |     with collapse_excgroups():
    |          ^^^^^^^^^^^^^^^^^^^^
    |   File "C:\Users\ngocson\.cache\codex-runtimes\codex-primary-runtime\dependencies\python\Lib\contextlib.py", line 158, in __exit__
    |     self.gen.throw(value)
    |   File "D:\nhatro\backend\venv\Lib\site-packages\starlette\_utils.py", line 93, in collapse_excgroups
    |     raise exc
    |   File "D:\nhatro\backend\venv\Lib\site-packages\starlette\middleware\base.py", line 191, in __call__
    |     response = await self.dispatch_func(request, call_next)
    |                ^^^^^^^^^^^^^^^^^^^^^^^^^^^^^^^^^^^^^^^^^^^^
    |   File "D:\nhatro\backend\app\main.py", line 86, in add_security_headers
    |     response = await call_next(request)
    |                ^^^^^^^^^^^^^^^^^^^^^^^^
    |   File "D:\nhatro\backend\venv\Lib\site-packages\starlette\middleware\base.py", line 165, in call_next
    |     raise app_exc
    |   File "D:\nhatro\backend\venv\Lib\site-packages\starlette\middleware\base.py", line 151, in coro
    |     await self.app(scope, receive_or_disconnect, send_no_error)
    |   File "D:\nhatro\backend\venv\Lib\site-packages\starlette\middleware\cors.py", line 85, in __call__
    |     await self.app(scope, receive, send)
    |   File "D:\nhatro\backend\venv\Lib\site-packages\starlette\middleware\exceptions.py", line 65, in __call__
    |     await wrap_app_handling_exceptions(self.app, conn)(scope, receive, send)
    |   File "D:\nhatro\backend\venv\Lib\site-packages\starlette\_exception_handler.py", line 64, in wrapped_app
    |     raise exc
    |   File "D:\nhatro\backend\venv\Lib\site-packages\starlette\_exception_handler.py", line 53, in wrapped_app
    |     await app(scope, receive, sender)
    |   File "D:\nhatro\backend\venv\Lib\site-packages\starlette\routing.py", line 756, in __call__
    |     await self.middleware_stack(scope, receive, send)
    |   File "D:\nhatro\backend\venv\Lib\site-packages\starlette\routing.py", line 776, in app
    |     await route.handle(scope, receive, send)
    |   File "D:\nhatro\backend\venv\Lib\site-packages\starlette\routing.py", line 297, in handle
    |     await self.app(scope, receive, send)
    |   File "D:\nhatro\backend\venv\Lib\site-packages\starlette\routing.py", line 77, in app
    |     await wrap_app_handling_exceptions(app, request)(scope, receive, send)
    |   File "D:\nhatro\backend\venv\Lib\site-packages\starlette\_exception_handler.py", line 75, in wrapped_app
    |     response = await handler(conn, exc)
    |                ^^^^^^^^^^^^^^^^^^^^^^^^
    |   File "D:\nhatro\backend\app\main.py", line 157, in validation_exception_handler
    |     return JSONResponse(
    |            ^^^^^^^^^^^^^
    |   File "D:\nhatro\backend\venv\Lib\site-packages\starlette\responses.py", line 184, in __init__
    |     super().__init__(content, status_code, headers, media_type, background)
    |   File "D:\nhatro\backend\venv\Lib\site-packages\starlette\responses.py", line 41, in __init__
    |     self.body = self.render(content)
    |                 ^^^^^^^^^^^^^^^^^^^^
    |   File "D:\nhatro\backend\venv\Lib\site-packages\starlette\responses.py", line 187, in render
    |     return json.dumps(
    |            ^^^^^^^^^^^
    |   File "C:\Users\ngocson\.cache\codex-runtimes\codex-primary-runtime\dependencies\python\Lib\json\__init__.py", line 238, in dumps
    |     **kw).encode(obj)
    |           ^^^^^^^^^^^
    |   File "C:\Users\ngocson\.cache\codex-runtimes\codex-primary-runtime\dependencies\python\Lib\json\encoder.py", line 200, in encode
    |     chunks = self.iterencode(o, _one_shot=True)
    |              ^^^^^^^^^^^^^^^^^^^^^^^^^^^^^^^^^^
    |   File "C:\Users\ngocson\.cache\codex-runtimes\codex-primary-runtime\dependencies\python\Lib\json\encoder.py", line 258, in iterencode
    |     return _iterencode(o, 0)
    |            ^^^^^^^^^^^^^^^^^
    |   File "C:\Users\ngocson\.cache\codex-runtimes\codex-primary-runtime\dependencies\python\Lib\json\encoder.py", line 180, in default
    |     raise TypeError(f'Object of type {o.__class__.__name__} '
    | TypeError: Object of type ValueError is not JSON serializable
    +------------------------------------

During handling of the above exception, another exception occurred:

Traceback (most recent call last):
  File "D:\nhatro\backend\venv\Lib\site-packages\starlette\middleware\errors.py", line 164, in __call__
    await self.app(scope, receive, _send)
  File "D:\nhatro\backend\venv\Lib\site-packages\starlette\middleware\base.py", line 189, in __call__
    with collapse_excgroups():
         ^^^^^^^^^^^^^^^^^^^^
  File "C:\Users\ngocson\.cache\codex-runtimes\codex-primary-runtime\dependencies\python\Lib\contextlib.py", line 158, in __exit__
    self.gen.throw(value)
  File "D:\nhatro\backend\venv\Lib\site-packages\starlette\_utils.py", line 93, in collapse_excgroups
    raise exc
  File "D:\nhatro\backend\venv\Lib\site-packages\starlette\middleware\base.py", line 191, in __call__
    response = await self.dispatch_func(request, call_next)
               ^^^^^^^^^^^^^^^^^^^^^^^^^^^^^^^^^^^^^^^^^^^^
  File "D:\nhatro\backend\app\main.py", line 127, in rate_limit_middleware
    return await call_next(request)
           ^^^^^^^^^^^^^^^^^^^^^^^^
  File "D:\nhatro\backend\venv\Lib\site-packages\starlette\middleware\base.py", line 165, in call_next
    raise app_exc
  File "D:\nhatro\backend\venv\Lib\site-packages\starlette\middleware\base.py", line 151, in coro
    await self.app(scope, receive_or_disconnect, send_no_error)
  File "D:\nhatro\backend\venv\Lib\site-packages\starlette\middleware\base.py", line 189, in __call__
    with collapse_excgroups():
         ^^^^^^^^^^^^^^^^^^^^
  File "C:\Users\ngocson\.cache\codex-runtimes\codex-primary-runtime\dependencies\python\Lib\contextlib.py", line 158, in __exit__
    self.gen.throw(value)
  File "D:\nhatro\backend\venv\Lib\site-packages\starlette\_utils.py", line 93, in collapse_excgroups
    raise exc
  File "D:\nhatro\backend\venv\Lib\site-packages\starlette\middleware\base.py", line 191, in __call__
    response = await self.dispatch_func(request, call_next)
               ^^^^^^^^^^^^^^^^^^^^^^^^^^^^^^^^^^^^^^^^^^^^
  File "D:\nhatro\backend\app\main.py", line 93, in add_process_time
    response = await call_next(request)
               ^^^^^^^^^^^^^^^^^^^^^^^^
  File "D:\nhatro\backend\venv\Lib\site-packages\starlette\middleware\base.py", line 165, in call_next
    raise app_exc
  File "D:\nhatro\backend\venv\Lib\site-packages\starlette\middleware\base.py", line 151, in coro
    await self.app(scope, receive_or_disconnect, send_no_error)
  File "D:\nhatro\backend\venv\Lib\site-packages\starlette\middleware\base.py", line 189, in __call__
    with collapse_excgroups():
         ^^^^^^^^^^^^^^^^^^^^
  File "C:\Users\ngocson\.cache\codex-runtimes\codex-primary-runtime\dependencies\python\Lib\contextlib.py", line 158, in __exit__
    self.gen.throw(value)
  File "D:\nhatro\backend\venv\Lib\site-packages\starlette\_utils.py", line 93, in collapse_excgroups
    raise exc
  File "D:\nhatro\backend\venv\Lib\site-packages\starlette\middleware\base.py", line 191, in __call__
    response = await self.dispatch_func(request, call_next)
               ^^^^^^^^^^^^^^^^^^^^^^^^^^^^^^^^^^^^^^^^^^^^
  File "D:\nhatro\backend\app\main.py", line 86, in add_security_headers
    response = await call_next(request)
               ^^^^^^^^^^^^^^^^^^^^^^^^
  File "D:\nhatro\backend\venv\Lib\site-packages\starlette\middleware\base.py", line 165, in call_next
    raise app_exc
  File "D:\nhatro\backend\venv\Lib\site-packages\starlette\middleware\base.py", line 151, in coro
    await self.app(scope, receive_or_disconnect, send_no_error)
  File "D:\nhatro\backend\venv\Lib\site-packages\starlette\middleware\cors.py", line 85, in __call__
    await self.app(scope, receive, send)
  File "D:\nhatro\backend\venv\Lib\site-packages\starlette\middleware\exceptions.py", line 65, in __call__
    await wrap_app_handling_exceptions(self.app, conn)(scope, receive, send)
  File "D:\nhatro\backend\venv\Lib\site-packages\starlette\_exception_handler.py", line 64, in wrapped_app
    raise exc
  File "D:\nhatro\backend\venv\Lib\site-packages\starlette\_exception_handler.py", line 53, in wrapped_app
    await app(scope, receive, sender)
  File "D:\nhatro\backend\venv\Lib\site-packages\starlette\routing.py", line 756, in __call__
    await self.middleware_stack(scope, receive, send)
  File "D:\nhatro\backend\venv\Lib\site-packages\starlette\routing.py", line 776, in app
    await route.handle(scope, receive, send)
  File "D:\nhatro\backend\venv\Lib\site-packages\starlette\routing.py", line 297, in handle
    await self.app(scope, receive, send)
  File "D:\nhatro\backend\venv\Lib\site-packages\starlette\routing.py", line 77, in app
    await wrap_app_handling_exceptions(app, request)(scope, receive, send)
  File "D:\nhatro\backend\venv\Lib\site-packages\starlette\_exception_handler.py", line 75, in wrapped_app
    response = await handler(conn, exc)
               ^^^^^^^^^^^^^^^^^^^^^^^^
  File "D:\nhatro\backend\app\main.py", line 157, in validation_exception_handler
    return JSONResponse(
           ^^^^^^^^^^^^^
  File "D:\nhatro\backend\venv\Lib\site-packages\starlette\responses.py", line 184, in __init__
    super().__init__(content, status_code, headers, media_type, background)
  File "D:\nhatro\backend\venv\Lib\site-packages\starlette\responses.py", line 41, in __init__
    self.body = self.render(content)
                ^^^^^^^^^^^^^^^^^^^^
  File "D:\nhatro\backend\venv\Lib\site-packages\starlette\responses.py", line 187, in render
    return json.dumps(
           ^^^^^^^^^^^
  File "C:\Users\ngocson\.cache\codex-runtimes\codex-primary-runtime\dependencies\python\Lib\json\__init__.py", line 238, in dumps
    **kw).encode(obj)
          ^^^^^^^^^^^
  File "C:\Users\ngocson\.cache\codex-runtimes\codex-primary-runtime\dependencies\python\Lib\json\encoder.py", line 200, in encode
    chunks = self.iterencode(o, _one_shot=True)
             ^^^^^^^^^^^^^^^^^^^^^^^^^^^^^^^^^^
  File "C:\Users\ngocson\.cache\codex-runtimes\codex-primary-runtime\dependencies\python\Lib\json\encoder.py", line 258, in iterencode
    return _iterencode(o, 0)
           ^^^^^^^^^^^^^^^^^
  File "C:\Users\ngocson\.cache\codex-runtimes\codex-primary-runtime\dependencies\python\Lib\json\encoder.py", line 180, in default
    raise TypeError(f'Object of type {o.__class__.__name__} '
TypeError: Object of type ValueError is not JSON serializable
==============================================

=== VALIDATION ERROR AT POST /api/v1/auth/login ===
[{'type': 'enum', 'loc': ('body', 'policy'), 'msg': "Input should be 'reject_new_login', 'revoke_oldest_session' or 'revoke_all_old_sessions'", 'input': "5;URL='https://1531402951787460335.owasp.org/?reject_new_login'", 'ctx': {'expected': "'reject_new_login', 'revoke_oldest_session' or 'revoke_all_old_sessions'"}}]
==============================================

=== VALIDATION ERROR AT POST /api/v1/auth/register ===
[{'type': 'value_error', 'loc': ('body', 'password'), 'msg': 'Value error, Password must be at least 8 characters', 'input': 'ZAP', 'ctx': {'error': ValueError('Password must be at least 8 characters')}}, {'type': 'string_type', 'loc': ('body', 'phone'), 'msg': 'Input should be a valid string', 'input': 9999999999}, {'type': 'value_error', 'loc': ('body', 'otp_code'), 'msg': 'Value error, OTP code must be 6 digits', 'input': 'John Doe', 'ctx': {'error': ValueError('OTP code must be 6 digits')}}]
==============================================

=== VALIDATION ERROR AT POST /api/v1/auth/login ===
[{'type': 'enum', 'loc': ('body', 'policy'), 'msg': "Input should be 'reject_new_login', 'revoke_oldest_session' or 'revoke_all_old_sessions'", 'input': 'https://\\1531402951787460335.owasp.org', 'ctx': {'expected': "'reject_new_login', 'revoke_oldest_session' or 'revoke_all_old_sessions'"}}]
==============================================

=== GLOBAL EXCEPTION HANDLER AT POST /api/v1/auth/register ===
  + Exception Group Traceback (most recent call last):
  |   File "D:\nhatro\backend\venv\Lib\site-packages\starlette\_utils.py", line 87, in collapse_excgroups
  |     yield
  |   File "D:\nhatro\backend\venv\Lib\site-packages\starlette\middleware\base.py", line 190, in __call__
  |     async with anyio.create_task_group() as task_group:
  |                ^^^^^^^^^^^^^^^^^^^^^^^^^
  |   File "D:\nhatro\backend\venv\Lib\site-packages\anyio\_backends\_asyncio.py", line 799, in __aexit__
  |     raise BaseExceptionGroup(
  | ExceptionGroup: unhandled errors in a TaskGroup (1 sub-exception)
  +-+---------------- 1 ----------------
    | Traceback (most recent call last):
    |   File "D:\nhatro\backend\venv\Lib\site-packages\starlette\middleware\errors.py", line 164, in __call__
    |     await self.app(scope, receive, _send)
    |   File "D:\nhatro\backend\venv\Lib\site-packages\starlette\middleware\base.py", line 189, in __call__
    |     with collapse_excgroups():
    |          ^^^^^^^^^^^^^^^^^^^^
    |   File "C:\Users\ngocson\.cache\codex-runtimes\codex-primary-runtime\dependencies\python\Lib\contextlib.py", line 158, in __exit__
    |     self.gen.throw(value)
    |   File "D:\nhatro\backend\venv\Lib\site-packages\starlette\_utils.py", line 93, in collapse_excgroups
    |     raise exc
    |   File "D:\nhatro\backend\venv\Lib\site-packages\starlette\middleware\base.py", line 191, in __call__
    |     response = await self.dispatch_func(request, call_next)
    |                ^^^^^^^^^^^^^^^^^^^^^^^^^^^^^^^^^^^^^^^^^^^^
    |   File "D:\nhatro\backend\app\main.py", line 127, in rate_limit_middleware
    |     return await call_next(request)
    |            ^^^^^^^^^^^^^^^^^^^^^^^^
    |   File "D:\nhatro\backend\venv\Lib\site-packages\starlette\middleware\base.py", line 165, in call_next
    |     raise app_exc
    |   File "D:\nhatro\backend\venv\Lib\site-packages\starlette\middleware\base.py", line 151, in coro
    |     await self.app(scope, receive_or_disconnect, send_no_error)
    |   File "D:\nhatro\backend\venv\Lib\site-packages\starlette\middleware\base.py", line 189, in __call__
    |     with collapse_excgroups():
    |          ^^^^^^^^^^^^^^^^^^^^
    |   File "C:\Users\ngocson\.cache\codex-runtimes\codex-primary-runtime\dependencies\python\Lib\contextlib.py", line 158, in __exit__
    |     self.gen.throw(value)
    |   File "D:\nhatro\backend\venv\Lib\site-packages\starlette\_utils.py", line 93, in collapse_excgroups
    |     raise exc
    |   File "D:\nhatro\backend\venv\Lib\site-packages\starlette\middleware\base.py", line 191, in __call__
    |     response = await self.dispatch_func(request, call_next)
    |                ^^^^^^^^^^^^^^^^^^^^^^^^^^^^^^^^^^^^^^^^^^^^
    |   File "D:\nhatro\backend\app\main.py", line 93, in add_process_time
    |     response = await call_next(request)
    |                ^^^^^^^^^^^^^^^^^^^^^^^^
    |   File "D:\nhatro\backend\venv\Lib\site-packages\starlette\middleware\base.py", line 165, in call_next
    |     raise app_exc
    |   File "D:\nhatro\backend\venv\Lib\site-packages\starlette\middleware\base.py", line 151, in coro
    |     await self.app(scope, receive_or_disconnect, send_no_error)
    |   File "D:\nhatro\backend\venv\Lib\site-packages\starlette\middleware\base.py", line 189, in __call__
    |     with collapse_excgroups():
    |          ^^^^^^^^^^^^^^^^^^^^
    |   File "C:\Users\ngocson\.cache\codex-runtimes\codex-primary-runtime\dependencies\python\Lib\contextlib.py", line 158, in __exit__
    |     self.gen.throw(value)
    |   File "D:\nhatro\backend\venv\Lib\site-packages\starlette\_utils.py", line 93, in collapse_excgroups
    |     raise exc
    |   File "D:\nhatro\backend\venv\Lib\site-packages\starlette\middleware\base.py", line 191, in __call__
    |     response = await self.dispatch_func(request, call_next)
    |                ^^^^^^^^^^^^^^^^^^^^^^^^^^^^^^^^^^^^^^^^^^^^
    |   File "D:\nhatro\backend\app\main.py", line 86, in add_security_headers
    |     response = await call_next(request)
    |                ^^^^^^^^^^^^^^^^^^^^^^^^
    |   File "D:\nhatro\backend\venv\Lib\site-packages\starlette\middleware\base.py", line 165, in call_next
    |     raise app_exc
    |   File "D:\nhatro\backend\venv\Lib\site-packages\starlette\middleware\base.py", line 151, in coro
    |     await self.app(scope, receive_or_disconnect, send_no_error)
    |   File "D:\nhatro\backend\venv\Lib\site-packages\starlette\middleware\cors.py", line 85, in __call__
    |     await self.app(scope, receive, send)
    |   File "D:\nhatro\backend\venv\Lib\site-packages\starlette\middleware\exceptions.py", line 65, in __call__
    |     await wrap_app_handling_exceptions(self.app, conn)(scope, receive, send)
    |   File "D:\nhatro\backend\venv\Lib\site-packages\starlette\_exception_handler.py", line 64, in wrapped_app
    |     raise exc
    |   File "D:\nhatro\backend\venv\Lib\site-packages\starlette\_exception_handler.py", line 53, in wrapped_app
    |     await app(scope, receive, sender)
    |   File "D:\nhatro\backend\venv\Lib\site-packages\starlette\routing.py", line 756, in __call__
    |     await self.middleware_stack(scope, receive, send)
    |   File "D:\nhatro\backend\venv\Lib\site-packages\starlette\routing.py", line 776, in app
    |     await route.handle(scope, receive, send)
    |   File "D:\nhatro\backend\venv\Lib\site-packages\starlette\routing.py", line 297, in handle
    |     await self.app(scope, receive, send)
    |   File "D:\nhatro\backend\venv\Lib\site-packages\starlette\routing.py", line 77, in app
    |     await wrap_app_handling_exceptions(app, request)(scope, receive, send)
    |   File "D:\nhatro\backend\venv\Lib\site-packages\starlette\_exception_handler.py", line 75, in wrapped_app
    |     response = await handler(conn, exc)
    |                ^^^^^^^^^^^^^^^^^^^^^^^^
    |   File "D:\nhatro\backend\app\main.py", line 157, in validation_exception_handler
    |     return JSONResponse(
    |            ^^^^^^^^^^^^^
    |   File "D:\nhatro\backend\venv\Lib\site-packages\starlette\responses.py", line 184, in __init__
    |     super().__init__(content, status_code, headers, media_type, background)
    |   File "D:\nhatro\backend\venv\Lib\site-packages\starlette\responses.py", line 41, in __init__
    |     self.body = self.render(content)
    |                 ^^^^^^^^^^^^^^^^^^^^
    |   File "D:\nhatro\backend\venv\Lib\site-packages\starlette\responses.py", line 187, in render
    |     return json.dumps(
    |            ^^^^^^^^^^^
    |   File "C:\Users\ngocson\.cache\codex-runtimes\codex-primary-runtime\dependencies\python\Lib\json\__init__.py", line 238, in dumps
    |     **kw).encode(obj)
    |           ^^^^^^^^^^^
    |   File "C:\Users\ngocson\.cache\codex-runtimes\codex-primary-runtime\dependencies\python\Lib\json\encoder.py", line 200, in encode
    |     chunks = self.iterencode(o, _one_shot=True)
    |              ^^^^^^^^^^^^^^^^^^^^^^^^^^^^^^^^^^
    |   File "C:\Users\ngocson\.cache\codex-runtimes\codex-primary-runtime\dependencies\python\Lib\json\encoder.py", line 258, in iterencode
    |     return _iterencode(o, 0)
    |            ^^^^^^^^^^^^^^^^^
    |   File "C:\Users\ngocson\.cache\codex-runtimes\codex-primary-runtime\dependencies\python\Lib\json\encoder.py", line 180, in default
    |     raise TypeError(f'Object of type {o.__class__.__name__} '
    | TypeError: Object of type ValueError is not JSON serializable
    +------------------------------------

During handling of the above exception, another exception occurred:

Traceback (most recent call last):
  File "D:\nhatro\backend\venv\Lib\site-packages\starlette\middleware\errors.py", line 164, in __call__
    await self.app(scope, receive, _send)
  File "D:\nhatro\backend\venv\Lib\site-packages\starlette\middleware\base.py", line 189, in __call__
    with collapse_excgroups():
         ^^^^^^^^^^^^^^^^^^^^
  File "C:\Users\ngocson\.cache\codex-runtimes\codex-primary-runtime\dependencies\python\Lib\contextlib.py", line 158, in __exit__
    self.gen.throw(value)
  File "D:\nhatro\backend\venv\Lib\site-packages\starlette\_utils.py", line 93, in collapse_excgroups
    raise exc
  File "D:\nhatro\backend\venv\Lib\site-packages\starlette\middleware\base.py", line 191, in __call__
    response = await self.dispatch_func(request, call_next)
               ^^^^^^^^^^^^^^^^^^^^^^^^^^^^^^^^^^^^^^^^^^^^
  File "D:\nhatro\backend\app\main.py", line 127, in rate_limit_middleware
    return await call_next(request)
           ^^^^^^^^^^^^^^^^^^^^^^^^
  File "D:\nhatro\backend\venv\Lib\site-packages\starlette\middleware\base.py", line 165, in call_next
    raise app_exc
  File "D:\nhatro\backend\venv\Lib\site-packages\starlette\middleware\base.py", line 151, in coro
    await self.app(scope, receive_or_disconnect, send_no_error)
  File "D:\nhatro\backend\venv\Lib\site-packages\starlette\middleware\base.py", line 189, in __call__
    with collapse_excgroups():
         ^^^^^^^^^^^^^^^^^^^^
  File "C:\Users\ngocson\.cache\codex-runtimes\codex-primary-runtime\dependencies\python\Lib\contextlib.py", line 158, in __exit__
    self.gen.throw(value)
  File "D:\nhatro\backend\venv\Lib\site-packages\starlette\_utils.py", line 93, in collapse_excgroups
    raise exc
  File "D:\nhatro\backend\venv\Lib\site-packages\starlette\middleware\base.py", line 191, in __call__
    response = await self.dispatch_func(request, call_next)
               ^^^^^^^^^^^^^^^^^^^^^^^^^^^^^^^^^^^^^^^^^^^^
  File "D:\nhatro\backend\app\main.py", line 93, in add_process_time
    response = await call_next(request)
               ^^^^^^^^^^^^^^^^^^^^^^^^
  File "D:\nhatro\backend\venv\Lib\site-packages\starlette\middleware\base.py", line 165, in call_next
    raise app_exc
  File "D:\nhatro\backend\venv\Lib\site-packages\starlette\middleware\base.py", line 151, in coro
    await self.app(scope, receive_or_disconnect, send_no_error)
  File "D:\nhatro\backend\venv\Lib\site-packages\starlette\middleware\base.py", line 189, in __call__
    with collapse_excgroups():
         ^^^^^^^^^^^^^^^^^^^^
  File "C:\Users\ngocson\.cache\codex-runtimes\codex-primary-runtime\dependencies\python\Lib\contextlib.py", line 158, in __exit__
    self.gen.throw(value)
  File "D:\nhatro\backend\venv\Lib\site-packages\starlette\_utils.py", line 93, in collapse_excgroups
    raise exc
  File "D:\nhatro\backend\venv\Lib\site-packages\starlette\middleware\base.py", line 191, in __call__
    response = await self.dispatch_func(request, call_next)
               ^^^^^^^^^^^^^^^^^^^^^^^^^^^^^^^^^^^^^^^^^^^^
  File "D:\nhatro\backend\app\main.py", line 86, in add_security_headers
    response = await call_next(request)
               ^^^^^^^^^^^^^^^^^^^^^^^^
  File "D:\nhatro\backend\venv\Lib\site-packages\starlette\middleware\base.py", line 165, in call_next
    raise app_exc
  File "D:\nhatro\backend\venv\Lib\site-packages\starlette\middleware\base.py", line 151, in coro
    await self.app(scope, receive_or_disconnect, send_no_error)
  File "D:\nhatro\backend\venv\Lib\site-packages\starlette\middleware\cors.py", line 85, in __call__
    await self.app(scope, receive, send)
  File "D:\nhatro\backend\venv\Lib\site-packages\starlette\middleware\exceptions.py", line 65, in __call__
    await wrap_app_handling_exceptions(self.app, conn)(scope, receive, send)
  File "D:\nhatro\backend\venv\Lib\site-packages\starlette\_exception_handler.py", line 64, in wrapped_app
    raise exc
  File "D:\nhatro\backend\venv\Lib\site-packages\starlette\_exception_handler.py", line 53, in wrapped_app
    await app(scope, receive, sender)
  File "D:\nhatro\backend\venv\Lib\site-packages\starlette\routing.py", line 756, in __call__
    await self.middleware_stack(scope, receive, send)
  File "D:\nhatro\backend\venv\Lib\site-packages\starlette\routing.py", line 776, in app
    await route.handle(scope, receive, send)
  File "D:\nhatro\backend\venv\Lib\site-packages\starlette\routing.py", line 297, in handle
    await self.app(scope, receive, send)
  File "D:\nhatro\backend\venv\Lib\site-packages\starlette\routing.py", line 77, in app
    await wrap_app_handling_exceptions(app, request)(scope, receive, send)
  File "D:\nhatro\backend\venv\Lib\site-packages\starlette\_exception_handler.py", line 75, in wrapped_app
    response = await handler(conn, exc)
               ^^^^^^^^^^^^^^^^^^^^^^^^
  File "D:\nhatro\backend\app\main.py", line 157, in validation_exception_handler
    return JSONResponse(
           ^^^^^^^^^^^^^
  File "D:\nhatro\backend\venv\Lib\site-packages\starlette\responses.py", line 184, in __init__
    super().__init__(content, status_code, headers, media_type, background)
  File "D:\nhatro\backend\venv\Lib\site-packages\starlette\responses.py", line 41, in __init__
    self.body = self.render(content)
                ^^^^^^^^^^^^^^^^^^^^
  File "D:\nhatro\backend\venv\Lib\site-packages\starlette\responses.py", line 187, in render
    return json.dumps(
           ^^^^^^^^^^^
  File "C:\Users\ngocson\.cache\codex-runtimes\codex-primary-runtime\dependencies\python\Lib\json\__init__.py", line 238, in dumps
    **kw).encode(obj)
          ^^^^^^^^^^^
  File "C:\Users\ngocson\.cache\codex-runtimes\codex-primary-runtime\dependencies\python\Lib\json\encoder.py", line 200, in encode
    chunks = self.iterencode(o, _one_shot=True)
             ^^^^^^^^^^^^^^^^^^^^^^^^^^^^^^^^^^
  File "C:\Users\ngocson\.cache\codex-runtimes\codex-primary-runtime\dependencies\python\Lib\json\encoder.py", line 258, in iterencode
    return _iterencode(o, 0)
           ^^^^^^^^^^^^^^^^^
  File "C:\Users\ngocson\.cache\codex-runtimes\codex-primary-runtime\dependencies\python\Lib\json\encoder.py", line 180, in default
    raise TypeError(f'Object of type {o.__class__.__name__} '
TypeError: Object of type ValueError is not JSON serializable
==============================================

=== VALIDATION ERROR AT POST /api/v1/auth/register ===
[{'type': 'value_error', 'loc': ('body', 'password'), 'msg': 'Value error, Password must be at least 8 characters', 'input': 'ZAP', 'ctx': {'error': ValueError('Password must be at least 8 characters')}}, {'type': 'string_type', 'loc': ('body', 'phone'), 'msg': 'Input should be a valid string', 'input': 9999999999}, {'type': 'value_error', 'loc': ('body', 'otp_code'), 'msg': 'Value error, OTP code must be 6 digits', 'input': 'John Doe', 'ctx': {'error': ValueError('OTP code must be 6 digits')}}]
==============================================

=== GLOBAL EXCEPTION HANDLER AT POST /api/v1/auth/register ===
  + Exception Group Traceback (most recent call last):
  |   File "D:\nhatro\backend\venv\Lib\site-packages\starlette\_utils.py", line 87, in collapse_excgroups
  |     yield
  |   File "D:\nhatro\backend\venv\Lib\site-packages\starlette\middleware\base.py", line 190, in __call__
  |     async with anyio.create_task_group() as task_group:
  |                ^^^^^^^^^^^^^^^^^^^^^^^^^
  |   File "D:\nhatro\backend\venv\Lib\site-packages\anyio\_backends\_asyncio.py", line 799, in __aexit__
  |     raise BaseExceptionGroup(
  | ExceptionGroup: unhandled errors in a TaskGroup (1 sub-exception)
  +-+---------------- 1 ----------------
    | Traceback (most recent call last):
    |   File "D:\nhatro\backend\venv\Lib\site-packages\starlette\middleware\errors.py", line 164, in __call__
    |     await self.app(scope, receive, _send)
    |   File "D:\nhatro\backend\venv\Lib\site-packages\starlette\middleware\base.py", line 189, in __call__
    |     with collapse_excgroups():
    |          ^^^^^^^^^^^^^^^^^^^^
    |   File "C:\Users\ngocson\.cache\codex-runtimes\codex-primary-runtime\dependencies\python\Lib\contextlib.py", line 158, in __exit__
    |     self.gen.throw(value)
    |   File "D:\nhatro\backend\venv\Lib\site-packages\starlette\_utils.py", line 93, in collapse_excgroups
    |     raise exc
    |   File "D:\nhatro\backend\venv\Lib\site-packages\starlette\middleware\base.py", line 191, in __call__
    |     response = await self.dispatch_func(request, call_next)
    |                ^^^^^^^^^^^^^^^^^^^^^^^^^^^^^^^^^^^^^^^^^^^^
    |   File "D:\nhatro\backend\app\main.py", line 127, in rate_limit_middleware
    |     return await call_next(request)
    |            ^^^^^^^^^^^^^^^^^^^^^^^^
    |   File "D:\nhatro\backend\venv\Lib\site-packages\starlette\middleware\base.py", line 165, in call_next
    |     raise app_exc
    |   File "D:\nhatro\backend\venv\Lib\site-packages\starlette\middleware\base.py", line 151, in coro
    |     await self.app(scope, receive_or_disconnect, send_no_error)
    |   File "D:\nhatro\backend\venv\Lib\site-packages\starlette\middleware\base.py", line 189, in __call__
    |     with collapse_excgroups():
    |          ^^^^^^^^^^^^^^^^^^^^
    |   File "C:\Users\ngocson\.cache\codex-runtimes\codex-primary-runtime\dependencies\python\Lib\contextlib.py", line 158, in __exit__
    |     self.gen.throw(value)
    |   File "D:\nhatro\backend\venv\Lib\site-packages\starlette\_utils.py", line 93, in collapse_excgroups
    |     raise exc
    |   File "D:\nhatro\backend\venv\Lib\site-packages\starlette\middleware\base.py", line 191, in __call__
    |     response = await self.dispatch_func(request, call_next)
    |                ^^^^^^^^^^^^^^^^^^^^^^^^^^^^^^^^^^^^^^^^^^^^
    |   File "D:\nhatro\backend\app\main.py", line 93, in add_process_time
    |     response = await call_next(request)
    |                ^^^^^^^^^^^^^^^^^^^^^^^^
    |   File "D:\nhatro\backend\venv\Lib\site-packages\starlette\middleware\base.py", line 165, in call_next
    |     raise app_exc
    |   File "D:\nhatro\backend\venv\Lib\site-packages\starlette\middleware\base.py", line 151, in coro
    |     await self.app(scope, receive_or_disconnect, send_no_error)
    |   File "D:\nhatro\backend\venv\Lib\site-packages\starlette\middleware\base.py", line 189, in __call__
    |     with collapse_excgroups():
    |          ^^^^^^^^^^^^^^^^^^^^
    |   File "C:\Users\ngocson\.cache\codex-runtimes\codex-primary-runtime\dependencies\python\Lib\contextlib.py", line 158, in __exit__
    |     self.gen.throw(value)
    |   File "D:\nhatro\backend\venv\Lib\site-packages\starlette\_utils.py", line 93, in collapse_excgroups
    |     raise exc
    |   File "D:\nhatro\backend\venv\Lib\site-packages\starlette\middleware\base.py", line 191, in __call__
    |     response = await self.dispatch_func(request, call_next)
    |                ^^^^^^^^^^^^^^^^^^^^^^^^^^^^^^^^^^^^^^^^^^^^
    |   File "D:\nhatro\backend\app\main.py", line 86, in add_security_headers
    |     response = await call_next(request)
    |                ^^^^^^^^^^^^^^^^^^^^^^^^
    |   File "D:\nhatro\backend\venv\Lib\site-packages\starlette\middleware\base.py", line 165, in call_next
    |     raise app_exc
    |   File "D:\nhatro\backend\venv\Lib\site-packages\starlette\middleware\base.py", line 151, in coro
    |     await self.app(scope, receive_or_disconnect, send_no_error)
    |   File "D:\nhatro\backend\venv\Lib\site-packages\starlette\middleware\cors.py", line 85, in __call__
    |     await self.app(scope, receive, send)
    |   File "D:\nhatro\backend\venv\Lib\site-packages\starlette\middleware\exceptions.py", line 65, in __call__
    |     await wrap_app_handling_exceptions(self.app, conn)(scope, receive, send)
    |   File "D:\nhatro\backend\venv\Lib\site-packages\starlette\_exception_handler.py", line 64, in wrapped_app
    |     raise exc
    |   File "D:\nhatro\backend\venv\Lib\site-packages\starlette\_exception_handler.py", line 53, in wrapped_app
    |     await app(scope, receive, sender)
    |   File "D:\nhatro\backend\venv\Lib\site-packages\starlette\routing.py", line 756, in __call__
    |     await self.middleware_stack(scope, receive, send)
    |   File "D:\nhatro\backend\venv\Lib\site-packages\starlette\routing.py", line 776, in app
    |     await route.handle(scope, receive, send)
    |   File "D:\nhatro\backend\venv\Lib\site-packages\starlette\routing.py", line 297, in handle
    |     await self.app(scope, receive, send)
    |   File "D:\nhatro\backend\venv\Lib\site-packages\starlette\routing.py", line 77, in app
    |     await wrap_app_handling_exceptions(app, request)(scope, receive, send)
    |   File "D:\nhatro\backend\venv\Lib\site-packages\starlette\_exception_handler.py", line 75, in wrapped_app
    |     response = await handler(conn, exc)
    |                ^^^^^^^^^^^^^^^^^^^^^^^^
    |   File "D:\nhatro\backend\app\main.py", line 157, in validation_exception_handler
    |     return JSONResponse(
    |            ^^^^^^^^^^^^^
    |   File "D:\nhatro\backend\venv\Lib\site-packages\starlette\responses.py", line 184, in __init__
    |     super().__init__(content, status_code, headers, media_type, background)
    |   File "D:\nhatro\backend\venv\Lib\site-packages\starlette\responses.py", line 41, in __init__
    |     self.body = self.render(content)
    |                 ^^^^^^^^^^^^^^^^^^^^
    |   File "D:\nhatro\backend\venv\Lib\site-packages\starlette\responses.py", line 187, in render
    |     return json.dumps(
    |            ^^^^^^^^^^^
    |   File "C:\Users\ngocson\.cache\codex-runtimes\codex-primary-runtime\dependencies\python\Lib\json\__init__.py", line 238, in dumps
    |     **kw).encode(obj)
    |           ^^^^^^^^^^^
    |   File "C:\Users\ngocson\.cache\codex-runtimes\codex-primary-runtime\dependencies\python\Lib\json\encoder.py", line 200, in encode
    |     chunks = self.iterencode(o, _one_shot=True)
    |              ^^^^^^^^^^^^^^^^^^^^^^^^^^^^^^^^^^
    |   File "C:\Users\ngocson\.cache\codex-runtimes\codex-primary-runtime\dependencies\python\Lib\json\encoder.py", line 258, in iterencode
    |     return _iterencode(o, 0)
    |            ^^^^^^^^^^^^^^^^^
    |   File "C:\Users\ngocson\.cache\codex-runtimes\codex-primary-runtime\dependencies\python\Lib\json\encoder.py", line 180, in default
    |     raise TypeError(f'Object of type {o.__class__.__name__} '
    | TypeError: Object of type ValueError is not JSON serializable
    +------------------------------------

During handling of the above exception, another exception occurred:

Traceback (most recent call last):
  File "D:\nhatro\backend\venv\Lib\site-packages\starlette\middleware\errors.py", line 164, in __call__
    await self.app(scope, receive, _send)
  File "D:\nhatro\backend\venv\Lib\site-packages\starlette\middleware\base.py", line 189, in __call__
    with collapse_excgroups():
         ^^^^^^^^^^^^^^^^^^^^
  File "C:\Users\ngocson\.cache\codex-runtimes\codex-primary-runtime\dependencies\python\Lib\contextlib.py", line 158, in __exit__
    self.gen.throw(value)
  File "D:\nhatro\backend\venv\Lib\site-packages\starlette\_utils.py", line 93, in collapse_excgroups
    raise exc
  File "D:\nhatro\backend\venv\Lib\site-packages\starlette\middleware\base.py", line 191, in __call__
    response = await self.dispatch_func(request, call_next)
               ^^^^^^^^^^^^^^^^^^^^^^^^^^^^^^^^^^^^^^^^^^^^
  File "D:\nhatro\backend\app\main.py", line 127, in rate_limit_middleware
    return await call_next(request)
           ^^^^^^^^^^^^^^^^^^^^^^^^
  File "D:\nhatro\backend\venv\Lib\site-packages\starlette\middleware\base.py", line 165, in call_next
    raise app_exc
  File "D:\nhatro\backend\venv\Lib\site-packages\starlette\middleware\base.py", line 151, in coro
    await self.app(scope, receive_or_disconnect, send_no_error)
  File "D:\nhatro\backend\venv\Lib\site-packages\starlette\middleware\base.py", line 189, in __call__
    with collapse_excgroups():
         ^^^^^^^^^^^^^^^^^^^^
  File "C:\Users\ngocson\.cache\codex-runtimes\codex-primary-runtime\dependencies\python\Lib\contextlib.py", line 158, in __exit__
    self.gen.throw(value)
  File "D:\nhatro\backend\venv\Lib\site-packages\starlette\_utils.py", line 93, in collapse_excgroups
    raise exc
  File "D:\nhatro\backend\venv\Lib\site-packages\starlette\middleware\base.py", line 191, in __call__
    response = await self.dispatch_func(request, call_next)
               ^^^^^^^^^^^^^^^^^^^^^^^^^^^^^^^^^^^^^^^^^^^^
  File "D:\nhatro\backend\app\main.py", line 93, in add_process_time
    response = await call_next(request)
               ^^^^^^^^^^^^^^^^^^^^^^^^
  File "D:\nhatro\backend\venv\Lib\site-packages\starlette\middleware\base.py", line 165, in call_next
    raise app_exc
  File "D:\nhatro\backend\venv\Lib\site-packages\starlette\middleware\base.py", line 151, in coro
    await self.app(scope, receive_or_disconnect, send_no_error)
  File "D:\nhatro\backend\venv\Lib\site-packages\starlette\middleware\base.py", line 189, in __call__
    with collapse_excgroups():
         ^^^^^^^^^^^^^^^^^^^^
  File "C:\Users\ngocson\.cache\codex-runtimes\codex-primary-runtime\dependencies\python\Lib\contextlib.py", line 158, in __exit__
    self.gen.throw(value)
  File "D:\nhatro\backend\venv\Lib\site-packages\starlette\_utils.py", line 93, in collapse_excgroups
    raise exc
  File "D:\nhatro\backend\venv\Lib\site-packages\starlette\middleware\base.py", line 191, in __call__
    response = await self.dispatch_func(request, call_next)
               ^^^^^^^^^^^^^^^^^^^^^^^^^^^^^^^^^^^^^^^^^^^^
  File "D:\nhatro\backend\app\main.py", line 86, in add_security_headers
    response = await call_next(request)
               ^^^^^^^^^^^^^^^^^^^^^^^^
  File "D:\nhatro\backend\venv\Lib\site-packages\starlette\middleware\base.py", line 165, in call_next
    raise app_exc
  File "D:\nhatro\backend\venv\Lib\site-packages\starlette\middleware\base.py", line 151, in coro
    await self.app(scope, receive_or_disconnect, send_no_error)
  File "D:\nhatro\backend\venv\Lib\site-packages\starlette\middleware\cors.py", line 85, in __call__
    await self.app(scope, receive, send)
  File "D:\nhatro\backend\venv\Lib\site-packages\starlette\middleware\exceptions.py", line 65, in __call__
    await wrap_app_handling_exceptions(self.app, conn)(scope, receive, send)
  File "D:\nhatro\backend\venv\Lib\site-packages\starlette\_exception_handler.py", line 64, in wrapped_app
    raise exc
  File "D:\nhatro\backend\venv\Lib\site-packages\starlette\_exception_handler.py", line 53, in wrapped_app
    await app(scope, receive, sender)
  File "D:\nhatro\backend\venv\Lib\site-packages\starlette\routing.py", line 756, in __call__
    await self.middleware_stack(scope, receive, send)
  File "D:\nhatro\backend\venv\Lib\site-packages\starlette\routing.py", line 776, in app
    await route.handle(scope, receive, send)
  File "D:\nhatro\backend\venv\Lib\site-packages\starlette\routing.py", line 297, in handle
    await self.app(scope, receive, send)
  File "D:\nhatro\backend\venv\Lib\site-packages\starlette\routing.py", line 77, in app
    await wrap_app_handling_exceptions(app, request)(scope, receive, send)
  File "D:\nhatro\backend\venv\Lib\site-packages\starlette\_exception_handler.py", line 75, in wrapped_app
    response = await handler(conn, exc)
               ^^^^^^^^^^^^^^^^^^^^^^^^
  File "D:\nhatro\backend\app\main.py", line 157, in validation_exception_handler
    return JSONResponse(
           ^^^^^^^^^^^^^
  File "D:\nhatro\backend\venv\Lib\site-packages\starlette\responses.py", line 184, in __init__
    super().__init__(content, status_code, headers, media_type, background)
  File "D:\nhatro\backend\venv\Lib\site-packages\starlette\responses.py", line 41, in __init__
    self.body = self.render(content)
                ^^^^^^^^^^^^^^^^^^^^
  File "D:\nhatro\backend\venv\Lib\site-packages\starlette\responses.py", line 187, in render
    return json.dumps(
           ^^^^^^^^^^^
  File "C:\Users\ngocson\.cache\codex-runtimes\codex-primary-runtime\dependencies\python\Lib\json\__init__.py", line 238, in dumps
    **kw).encode(obj)
          ^^^^^^^^^^^
  File "C:\Users\ngocson\.cache\codex-runtimes\codex-primary-runtime\dependencies\python\Lib\json\encoder.py", line 200, in encode
    chunks = self.iterencode(o, _one_shot=True)
             ^^^^^^^^^^^^^^^^^^^^^^^^^^^^^^^^^^
  File "C:\Users\ngocson\.cache\codex-runtimes\codex-primary-runtime\dependencies\python\Lib\json\encoder.py", line 258, in iterencode
    return _iterencode(o, 0)
           ^^^^^^^^^^^^^^^^^
  File "C:\Users\ngocson\.cache\codex-runtimes\codex-primary-runtime\dependencies\python\Lib\json\encoder.py", line 180, in default
    raise TypeError(f'Object of type {o.__class__.__name__} '
TypeError: Object of type ValueError is not JSON serializable
==============================================

=== VALIDATION ERROR AT POST /api/v1/auth/login ===
[{'type': 'enum', 'loc': ('body', 'policy'), 'msg': "Input should be 'reject_new_login', 'revoke_oldest_session' or 'revoke_all_old_sessions'", 'input': 'http://\\1531402951787460335.owasp.org', 'ctx': {'expected': "'reject_new_login', 'revoke_oldest_session' or 'revoke_all_old_sessions'"}}]
==============================================

=== VALIDATION ERROR AT POST /api/v1/auth/register ===
[{'type': 'value_error', 'loc': ('body', 'password'), 'msg': 'Value error, Password must be at least 8 characters', 'input': 'ZAP', 'ctx': {'error': ValueError('Password must be at least 8 characters')}}, {'type': 'string_type', 'loc': ('body', 'phone'), 'msg': 'Input should be a valid string', 'input': 9999999999}, {'type': 'value_error', 'loc': ('body', 'otp_code'), 'msg': 'Value error, OTP code must be 6 digits', 'input': '1531402951787460335.owasp.org', 'ctx': {'error': ValueError('OTP code must be 6 digits')}}]
==============================================

=== GLOBAL EXCEPTION HANDLER AT POST /api/v1/auth/register ===
  + Exception Group Traceback (most recent call last):
  |   File "D:\nhatro\backend\venv\Lib\site-packages\starlette\_utils.py", line 87, in collapse_excgroups
  |     yield
  |   File "D:\nhatro\backend\venv\Lib\site-packages\starlette\middleware\base.py", line 190, in __call__
  |     async with anyio.create_task_group() as task_group:
  |                ^^^^^^^^^^^^^^^^^^^^^^^^^
  |   File "D:\nhatro\backend\venv\Lib\site-packages\anyio\_backends\_asyncio.py", line 799, in __aexit__
  |     raise BaseExceptionGroup(
  | ExceptionGroup: unhandled errors in a TaskGroup (1 sub-exception)
  +-+---------------- 1 ----------------
    | Traceback (most recent call last):
    |   File "D:\nhatro\backend\venv\Lib\site-packages\starlette\middleware\errors.py", line 164, in __call__
    |     await self.app(scope, receive, _send)
    |   File "D:\nhatro\backend\venv\Lib\site-packages\starlette\middleware\base.py", line 189, in __call__
    |     with collapse_excgroups():
    |          ^^^^^^^^^^^^^^^^^^^^
    |   File "C:\Users\ngocson\.cache\codex-runtimes\codex-primary-runtime\dependencies\python\Lib\contextlib.py", line 158, in __exit__
    |     self.gen.throw(value)
    |   File "D:\nhatro\backend\venv\Lib\site-packages\starlette\_utils.py", line 93, in collapse_excgroups
    |     raise exc
    |   File "D:\nhatro\backend\venv\Lib\site-packages\starlette\middleware\base.py", line 191, in __call__
    |     response = await self.dispatch_func(request, call_next)
    |                ^^^^^^^^^^^^^^^^^^^^^^^^^^^^^^^^^^^^^^^^^^^^
    |   File "D:\nhatro\backend\app\main.py", line 127, in rate_limit_middleware
    |     return await call_next(request)
    |            ^^^^^^^^^^^^^^^^^^^^^^^^
    |   File "D:\nhatro\backend\venv\Lib\site-packages\starlette\middleware\base.py", line 165, in call_next
    |     raise app_exc
    |   File "D:\nhatro\backend\venv\Lib\site-packages\starlette\middleware\base.py", line 151, in coro
    |     await self.app(scope, receive_or_disconnect, send_no_error)
    |   File "D:\nhatro\backend\venv\Lib\site-packages\starlette\middleware\base.py", line 189, in __call__
    |     with collapse_excgroups():
    |          ^^^^^^^^^^^^^^^^^^^^
    |   File "C:\Users\ngocson\.cache\codex-runtimes\codex-primary-runtime\dependencies\python\Lib\contextlib.py", line 158, in __exit__
    |     self.gen.throw(value)
    |   File "D:\nhatro\backend\venv\Lib\site-packages\starlette\_utils.py", line 93, in collapse_excgroups
    |     raise exc
    |   File "D:\nhatro\backend\venv\Lib\site-packages\starlette\middleware\base.py", line 191, in __call__
    |     response = await self.dispatch_func(request, call_next)
    |                ^^^^^^^^^^^^^^^^^^^^^^^^^^^^^^^^^^^^^^^^^^^^
    |   File "D:\nhatro\backend\app\main.py", line 93, in add_process_time
    |     response = await call_next(request)
    |                ^^^^^^^^^^^^^^^^^^^^^^^^
    |   File "D:\nhatro\backend\venv\Lib\site-packages\starlette\middleware\base.py", line 165, in call_next
    |     raise app_exc
    |   File "D:\nhatro\backend\venv\Lib\site-packages\starlette\middleware\base.py", line 151, in coro
    |     await self.app(scope, receive_or_disconnect, send_no_error)
    |   File "D:\nhatro\backend\venv\Lib\site-packages\starlette\middleware\base.py", line 189, in __call__
    |     with collapse_excgroups():
    |          ^^^^^^^^^^^^^^^^^^^^
    |   File "C:\Users\ngocson\.cache\codex-runtimes\codex-primary-runtime\dependencies\python\Lib\contextlib.py", line 158, in __exit__
    |     self.gen.throw(value)
    |   File "D:\nhatro\backend\venv\Lib\site-packages\starlette\_utils.py", line 93, in collapse_excgroups
    |     raise exc
    |   File "D:\nhatro\backend\venv\Lib\site-packages\starlette\middleware\base.py", line 191, in __call__
    |     response = await self.dispatch_func(request, call_next)
    |                ^^^^^^^^^^^^^^^^^^^^^^^^^^^^^^^^^^^^^^^^^^^^
    |   File "D:\nhatro\backend\app\main.py", line 86, in add_security_headers
    |     response = await call_next(request)
    |                ^^^^^^^^^^^^^^^^^^^^^^^^
    |   File "D:\nhatro\backend\venv\Lib\site-packages\starlette\middleware\base.py", line 165, in call_next
    |     raise app_exc
    |   File "D:\nhatro\backend\venv\Lib\site-packages\starlette\middleware\base.py", line 151, in coro
    |     await self.app(scope, receive_or_disconnect, send_no_error)
    |   File "D:\nhatro\backend\venv\Lib\site-packages\starlette\middleware\cors.py", line 85, in __call__
    |     await self.app(scope, receive, send)
    |   File "D:\nhatro\backend\venv\Lib\site-packages\starlette\middleware\exceptions.py", line 65, in __call__
    |     await wrap_app_handling_exceptions(self.app, conn)(scope, receive, send)
    |   File "D:\nhatro\backend\venv\Lib\site-packages\starlette\_exception_handler.py", line 64, in wrapped_app
    |     raise exc
    |   File "D:\nhatro\backend\venv\Lib\site-packages\starlette\_exception_handler.py", line 53, in wrapped_app
    |     await app(scope, receive, sender)
    |   File "D:\nhatro\backend\venv\Lib\site-packages\starlette\routing.py", line 756, in __call__
    |     await self.middleware_stack(scope, receive, send)
    |   File "D:\nhatro\backend\venv\Lib\site-packages\starlette\routing.py", line 776, in app
    |     await route.handle(scope, receive, send)
    |   File "D:\nhatro\backend\venv\Lib\site-packages\starlette\routing.py", line 297, in handle
    |     await self.app(scope, receive, send)
    |   File "D:\nhatro\backend\venv\Lib\site-packages\starlette\routing.py", line 77, in app
    |     await wrap_app_handling_exceptions(app, request)(scope, receive, send)
    |   File "D:\nhatro\backend\venv\Lib\site-packages\starlette\_exception_handler.py", line 75, in wrapped_app
    |     response = await handler(conn, exc)
    |                ^^^^^^^^^^^^^^^^^^^^^^^^
    |   File "D:\nhatro\backend\app\main.py", line 157, in validation_exception_handler
    |     return JSONResponse(
    |            ^^^^^^^^^^^^^
    |   File "D:\nhatro\backend\venv\Lib\site-packages\starlette\responses.py", line 184, in __init__
    |     super().__init__(content, status_code, headers, media_type, background)
    |   File "D:\nhatro\backend\venv\Lib\site-packages\starlette\responses.py", line 41, in __init__
    |     self.body = self.render(content)
    |                 ^^^^^^^^^^^^^^^^^^^^
    |   File "D:\nhatro\backend\venv\Lib\site-packages\starlette\responses.py", line 187, in render
    |     return json.dumps(
    |            ^^^^^^^^^^^
    |   File "C:\Users\ngocson\.cache\codex-runtimes\codex-primary-runtime\dependencies\python\Lib\json\__init__.py", line 238, in dumps
    |     **kw).encode(obj)
    |           ^^^^^^^^^^^
    |   File "C:\Users\ngocson\.cache\codex-runtimes\codex-primary-runtime\dependencies\python\Lib\json\encoder.py", line 200, in encode
    |     chunks = self.iterencode(o, _one_shot=True)
    |              ^^^^^^^^^^^^^^^^^^^^^^^^^^^^^^^^^^
    |   File "C:\Users\ngocson\.cache\codex-runtimes\codex-primary-runtime\dependencies\python\Lib\json\encoder.py", line 258, in iterencode
    |     return _iterencode(o, 0)
    |            ^^^^^^^^^^^^^^^^^
    |   File "C:\Users\ngocson\.cache\codex-runtimes\codex-primary-runtime\dependencies\python\Lib\json\encoder.py", line 180, in default
    |     raise TypeError(f'Object of type {o.__class__.__name__} '
    | TypeError: Object of type ValueError is not JSON serializable
    +------------------------------------

During handling of the above exception, another exception occurred:

Traceback (most recent call last):
  File "D:\nhatro\backend\venv\Lib\site-packages\starlette\middleware\errors.py", line 164, in __call__
    await self.app(scope, receive, _send)
  File "D:\nhatro\backend\venv\Lib\site-packages\starlette\middleware\base.py", line 189, in __call__
    with collapse_excgroups():
         ^^^^^^^^^^^^^^^^^^^^
  File "C:\Users\ngocson\.cache\codex-runtimes\codex-primary-runtime\dependencies\python\Lib\contextlib.py", line 158, in __exit__
    self.gen.throw(value)
  File "D:\nhatro\backend\venv\Lib\site-packages\starlette\_utils.py", line 93, in collapse_excgroups
    raise exc
  File "D:\nhatro\backend\venv\Lib\site-packages\starlette\middleware\base.py", line 191, in __call__
    response = await self.dispatch_func(request, call_next)
               ^^^^^^^^^^^^^^^^^^^^^^^^^^^^^^^^^^^^^^^^^^^^
  File "D:\nhatro\backend\app\main.py", line 127, in rate_limit_middleware
    return await call_next(request)
           ^^^^^^^^^^^^^^^^^^^^^^^^
  File "D:\nhatro\backend\venv\Lib\site-packages\starlette\middleware\base.py", line 165, in call_next
    raise app_exc
  File "D:\nhatro\backend\venv\Lib\site-packages\starlette\middleware\base.py", line 151, in coro
    await self.app(scope, receive_or_disconnect, send_no_error)
  File "D:\nhatro\backend\venv\Lib\site-packages\starlette\middleware\base.py", line 189, in __call__
    with collapse_excgroups():
         ^^^^^^^^^^^^^^^^^^^^
  File "C:\Users\ngocson\.cache\codex-runtimes\codex-primary-runtime\dependencies\python\Lib\contextlib.py", line 158, in __exit__
    self.gen.throw(value)
  File "D:\nhatro\backend\venv\Lib\site-packages\starlette\_utils.py", line 93, in collapse_excgroups
    raise exc
  File "D:\nhatro\backend\venv\Lib\site-packages\starlette\middleware\base.py", line 191, in __call__
    response = await self.dispatch_func(request, call_next)
               ^^^^^^^^^^^^^^^^^^^^^^^^^^^^^^^^^^^^^^^^^^^^
  File "D:\nhatro\backend\app\main.py", line 93, in add_process_time
    response = await call_next(request)
               ^^^^^^^^^^^^^^^^^^^^^^^^
  File "D:\nhatro\backend\venv\Lib\site-packages\starlette\middleware\base.py", line 165, in call_next
    raise app_exc
  File "D:\nhatro\backend\venv\Lib\site-packages\starlette\middleware\base.py", line 151, in coro
    await self.app(scope, receive_or_disconnect, send_no_error)
  File "D:\nhatro\backend\venv\Lib\site-packages\starlette\middleware\base.py", line 189, in __call__
    with collapse_excgroups():
         ^^^^^^^^^^^^^^^^^^^^
  File "C:\Users\ngocson\.cache\codex-runtimes\codex-primary-runtime\dependencies\python\Lib\contextlib.py", line 158, in __exit__
    self.gen.throw(value)
  File "D:\nhatro\backend\venv\Lib\site-packages\starlette\_utils.py", line 93, in collapse_excgroups
    raise exc
  File "D:\nhatro\backend\venv\Lib\site-packages\starlette\middleware\base.py", line 191, in __call__
    response = await self.dispatch_func(request, call_next)
               ^^^^^^^^^^^^^^^^^^^^^^^^^^^^^^^^^^^^^^^^^^^^
  File "D:\nhatro\backend\app\main.py", line 86, in add_security_headers
    response = await call_next(request)
               ^^^^^^^^^^^^^^^^^^^^^^^^
  File "D:\nhatro\backend\venv\Lib\site-packages\starlette\middleware\base.py", line 165, in call_next
    raise app_exc
  File "D:\nhatro\backend\venv\Lib\site-packages\starlette\middleware\base.py", line 151, in coro
    await self.app(scope, receive_or_disconnect, send_no_error)
  File "D:\nhatro\backend\venv\Lib\site-packages\starlette\middleware\cors.py", line 85, in __call__
    await self.app(scope, receive, send)
  File "D:\nhatro\backend\venv\Lib\site-packages\starlette\middleware\exceptions.py", line 65, in __call__
    await wrap_app_handling_exceptions(self.app, conn)(scope, receive, send)
  File "D:\nhatro\backend\venv\Lib\site-packages\starlette\_exception_handler.py", line 64, in wrapped_app
    raise exc
  File "D:\nhatro\backend\venv\Lib\site-packages\starlette\_exception_handler.py", line 53, in wrapped_app
    await app(scope, receive, sender)
  File "D:\nhatro\backend\venv\Lib\site-packages\starlette\routing.py", line 756, in __call__
    await self.middleware_stack(scope, receive, send)
  File "D:\nhatro\backend\venv\Lib\site-packages\starlette\routing.py", line 776, in app
    await route.handle(scope, receive, send)
  File "D:\nhatro\backend\venv\Lib\site-packages\starlette\routing.py", line 297, in handle
    await self.app(scope, receive, send)
  File "D:\nhatro\backend\venv\Lib\site-packages\starlette\routing.py", line 77, in app
    await wrap_app_handling_exceptions(app, request)(scope, receive, send)
  File "D:\nhatro\backend\venv\Lib\site-packages\starlette\_exception_handler.py", line 75, in wrapped_app
    response = await handler(conn, exc)
               ^^^^^^^^^^^^^^^^^^^^^^^^
  File "D:\nhatro\backend\app\main.py", line 157, in validation_exception_handler
    return JSONResponse(
           ^^^^^^^^^^^^^
  File "D:\nhatro\backend\venv\Lib\site-packages\starlette\responses.py", line 184, in __init__
    super().__init__(content, status_code, headers, media_type, background)
  File "D:\nhatro\backend\venv\Lib\site-packages\starlette\responses.py", line 41, in __init__
    self.body = self.render(content)
                ^^^^^^^^^^^^^^^^^^^^
  File "D:\nhatro\backend\venv\Lib\site-packages\starlette\responses.py", line 187, in render
    return json.dumps(
           ^^^^^^^^^^^
  File "C:\Users\ngocson\.cache\codex-runtimes\codex-primary-runtime\dependencies\python\Lib\json\__init__.py", line 238, in dumps
    **kw).encode(obj)
          ^^^^^^^^^^^
  File "C:\Users\ngocson\.cache\codex-runtimes\codex-primary-runtime\dependencies\python\Lib\json\encoder.py", line 200, in encode
    chunks = self.iterencode(o, _one_shot=True)
             ^^^^^^^^^^^^^^^^^^^^^^^^^^^^^^^^^^
  File "C:\Users\ngocson\.cache\codex-runtimes\codex-primary-runtime\dependencies\python\Lib\json\encoder.py", line 258, in iterencode
    return _iterencode(o, 0)
           ^^^^^^^^^^^^^^^^^
  File "C:\Users\ngocson\.cache\codex-runtimes\codex-primary-runtime\dependencies\python\Lib\json\encoder.py", line 180, in default
    raise TypeError(f'Object of type {o.__class__.__name__} '
TypeError: Object of type ValueError is not JSON serializable
==============================================

=== VALIDATION ERROR AT POST /api/v1/auth/register ===
[{'type': 'value_error', 'loc': ('body', 'password'), 'msg': 'Value error, Password must be at least 8 characters', 'input': 'ZAP', 'ctx': {'error': ValueError('Password must be at least 8 characters')}}, {'type': 'string_type', 'loc': ('body', 'phone'), 'msg': 'Input should be a valid string', 'input': 9999999999}, {'type': 'value_error', 'loc': ('body', 'otp_code'), 'msg': 'Value error, OTP code must be 6 digits', 'input': 'https://1531402951787460335.owasp.org', 'ctx': {'error': ValueError('OTP code must be 6 digits')}}]
==============================================

=== GLOBAL EXCEPTION HANDLER AT POST /api/v1/auth/register ===
  + Exception Group Traceback (most recent call last):
  |   File "D:\nhatro\backend\venv\Lib\site-packages\starlette\_utils.py", line 87, in collapse_excgroups
  |     yield
  |   File "D:\nhatro\backend\venv\Lib\site-packages\starlette\middleware\base.py", line 190, in __call__
  |     async with anyio.create_task_group() as task_group:
  |                ^^^^^^^^^^^^^^^^^^^^^^^^^
  |   File "D:\nhatro\backend\venv\Lib\site-packages\anyio\_backends\_asyncio.py", line 799, in __aexit__
  |     raise BaseExceptionGroup(
  | ExceptionGroup: unhandled errors in a TaskGroup (1 sub-exception)
  +-+---------------- 1 ----------------
    | Traceback (most recent call last):
    |   File "D:\nhatro\backend\venv\Lib\site-packages\starlette\middleware\errors.py", line 164, in __call__
    |     await self.app(scope, receive, _send)
    |   File "D:\nhatro\backend\venv\Lib\site-packages\starlette\middleware\base.py", line 189, in __call__
    |     with collapse_excgroups():
    |          ^^^^^^^^^^^^^^^^^^^^
    |   File "C:\Users\ngocson\.cache\codex-runtimes\codex-primary-runtime\dependencies\python\Lib\contextlib.py", line 158, in __exit__
    |     self.gen.throw(value)
    |   File "D:\nhatro\backend\venv\Lib\site-packages\starlette\_utils.py", line 93, in collapse_excgroups
    |     raise exc
    |   File "D:\nhatro\backend\venv\Lib\site-packages\starlette\middleware\base.py", line 191, in __call__
    |     response = await self.dispatch_func(request, call_next)
    |                ^^^^^^^^^^^^^^^^^^^^^^^^^^^^^^^^^^^^^^^^^^^^
    |   File "D:\nhatro\backend\app\main.py", line 127, in rate_limit_middleware
    |     return await call_next(request)
    |            ^^^^^^^^^^^^^^^^^^^^^^^^
    |   File "D:\nhatro\backend\venv\Lib\site-packages\starlette\middleware\base.py", line 165, in call_next
    |     raise app_exc
    |   File "D:\nhatro\backend\venv\Lib\site-packages\starlette\middleware\base.py", line 151, in coro
    |     await self.app(scope, receive_or_disconnect, send_no_error)
    |   File "D:\nhatro\backend\venv\Lib\site-packages\starlette\middleware\base.py", line 189, in __call__
    |     with collapse_excgroups():
    |          ^^^^^^^^^^^^^^^^^^^^
    |   File "C:\Users\ngocson\.cache\codex-runtimes\codex-primary-runtime\dependencies\python\Lib\contextlib.py", line 158, in __exit__
    |     self.gen.throw(value)
    |   File "D:\nhatro\backend\venv\Lib\site-packages\starlette\_utils.py", line 93, in collapse_excgroups
    |     raise exc
    |   File "D:\nhatro\backend\venv\Lib\site-packages\starlette\middleware\base.py", line 191, in __call__
    |     response = await self.dispatch_func(request, call_next)
    |                ^^^^^^^^^^^^^^^^^^^^^^^^^^^^^^^^^^^^^^^^^^^^
    |   File "D:\nhatro\backend\app\main.py", line 93, in add_process_time
    |     response = await call_next(request)
    |                ^^^^^^^^^^^^^^^^^^^^^^^^
    |   File "D:\nhatro\backend\venv\Lib\site-packages\starlette\middleware\base.py", line 165, in call_next
    |     raise app_exc
    |   File "D:\nhatro\backend\venv\Lib\site-packages\starlette\middleware\base.py", line 151, in coro
    |     await self.app(scope, receive_or_disconnect, send_no_error)
    |   File "D:\nhatro\backend\venv\Lib\site-packages\starlette\middleware\base.py", line 189, in __call__
    |     with collapse_excgroups():
    |          ^^^^^^^^^^^^^^^^^^^^
    |   File "C:\Users\ngocson\.cache\codex-runtimes\codex-primary-runtime\dependencies\python\Lib\contextlib.py", line 158, in __exit__
    |     self.gen.throw(value)
    |   File "D:\nhatro\backend\venv\Lib\site-packages\starlette\_utils.py", line 93, in collapse_excgroups
    |     raise exc
    |   File "D:\nhatro\backend\venv\Lib\site-packages\starlette\middleware\base.py", line 191, in __call__
    |     response = await self.dispatch_func(request, call_next)
    |                ^^^^^^^^^^^^^^^^^^^^^^^^^^^^^^^^^^^^^^^^^^^^
    |   File "D:\nhatro\backend\app\main.py", line 86, in add_security_headers
    |     response = await call_next(request)
    |                ^^^^^^^^^^^^^^^^^^^^^^^^
    |   File "D:\nhatro\backend\venv\Lib\site-packages\starlette\middleware\base.py", line 165, in call_next
    |     raise app_exc
    |   File "D:\nhatro\backend\venv\Lib\site-packages\starlette\middleware\base.py", line 151, in coro
    |     await self.app(scope, receive_or_disconnect, send_no_error)
    |   File "D:\nhatro\backend\venv\Lib\site-packages\starlette\middleware\cors.py", line 85, in __call__
    |     await self.app(scope, receive, send)
    |   File "D:\nhatro\backend\venv\Lib\site-packages\starlette\middleware\exceptions.py", line 65, in __call__
    |     await wrap_app_handling_exceptions(self.app, conn)(scope, receive, send)
    |   File "D:\nhatro\backend\venv\Lib\site-packages\starlette\_exception_handler.py", line 64, in wrapped_app
    |     raise exc
    |   File "D:\nhatro\backend\venv\Lib\site-packages\starlette\_exception_handler.py", line 53, in wrapped_app
    |     await app(scope, receive, sender)
    |   File "D:\nhatro\backend\venv\Lib\site-packages\starlette\routing.py", line 756, in __call__
    |     await self.middleware_stack(scope, receive, send)
    |   File "D:\nhatro\backend\venv\Lib\site-packages\starlette\routing.py", line 776, in app
    |     await route.handle(scope, receive, send)
    |   File "D:\nhatro\backend\venv\Lib\site-packages\starlette\routing.py", line 297, in handle
    |     await self.app(scope, receive, send)
    |   File "D:\nhatro\backend\venv\Lib\site-packages\starlette\routing.py", line 77, in app
    |     await wrap_app_handling_exceptions(app, request)(scope, receive, send)
    |   File "D:\nhatro\backend\venv\Lib\site-packages\starlette\_exception_handler.py", line 75, in wrapped_app
    |     response = await handler(conn, exc)
    |                ^^^^^^^^^^^^^^^^^^^^^^^^
    |   File "D:\nhatro\backend\app\main.py", line 157, in validation_exception_handler
    |     return JSONResponse(
    |            ^^^^^^^^^^^^^
    |   File "D:\nhatro\backend\venv\Lib\site-packages\starlette\responses.py", line 184, in __init__
    |     super().__init__(content, status_code, headers, media_type, background)
    |   File "D:\nhatro\backend\venv\Lib\site-packages\starlette\responses.py", line 41, in __init__
    |     self.body = self.render(content)
    |                 ^^^^^^^^^^^^^^^^^^^^
    |   File "D:\nhatro\backend\venv\Lib\site-packages\starlette\responses.py", line 187, in render
    |     return json.dumps(
    |            ^^^^^^^^^^^
    |   File "C:\Users\ngocson\.cache\codex-runtimes\codex-primary-runtime\dependencies\python\Lib\json\__init__.py", line 238, in dumps
    |     **kw).encode(obj)
    |           ^^^^^^^^^^^
    |   File "C:\Users\ngocson\.cache\codex-runtimes\codex-primary-runtime\dependencies\python\Lib\json\encoder.py", line 200, in encode
    |     chunks = self.iterencode(o, _one_shot=True)
    |              ^^^^^^^^^^^^^^^^^^^^^^^^^^^^^^^^^^
    |   File "C:\Users\ngocson\.cache\codex-runtimes\codex-primary-runtime\dependencies\python\Lib\json\encoder.py", line 258, in iterencode
    |     return _iterencode(o, 0)
    |            ^^^^^^^^^^^^^^^^^
    |   File "C:\Users\ngocson\.cache\codex-runtimes\codex-primary-runtime\dependencies\python\Lib\json\encoder.py", line 180, in default
    |     raise TypeError(f'Object of type {o.__class__.__name__} '
    | TypeError: Object of type ValueError is not JSON serializable
    +------------------------------------

During handling of the above exception, another exception occurred:

Traceback (most recent call last):
  File "D:\nhatro\backend\venv\Lib\site-packages\starlette\middleware\errors.py", line 164, in __call__
    await self.app(scope, receive, _send)
  File "D:\nhatro\backend\venv\Lib\site-packages\starlette\middleware\base.py", line 189, in __call__
    with collapse_excgroups():
         ^^^^^^^^^^^^^^^^^^^^
  File "C:\Users\ngocson\.cache\codex-runtimes\codex-primary-runtime\dependencies\python\Lib\contextlib.py", line 158, in __exit__
    self.gen.throw(value)
  File "D:\nhatro\backend\venv\Lib\site-packages\starlette\_utils.py", line 93, in collapse_excgroups
    raise exc
  File "D:\nhatro\backend\venv\Lib\site-packages\starlette\middleware\base.py", line 191, in __call__
    response = await self.dispatch_func(request, call_next)
               ^^^^^^^^^^^^^^^^^^^^^^^^^^^^^^^^^^^^^^^^^^^^
  File "D:\nhatro\backend\app\main.py", line 127, in rate_limit_middleware
    return await call_next(request)
           ^^^^^^^^^^^^^^^^^^^^^^^^
  File "D:\nhatro\backend\venv\Lib\site-packages\starlette\middleware\base.py", line 165, in call_next
    raise app_exc
  File "D:\nhatro\backend\venv\Lib\site-packages\starlette\middleware\base.py", line 151, in coro
    await self.app(scope, receive_or_disconnect, send_no_error)
  File "D:\nhatro\backend\venv\Lib\site-packages\starlette\middleware\base.py", line 189, in __call__
    with collapse_excgroups():
         ^^^^^^^^^^^^^^^^^^^^
  File "C:\Users\ngocson\.cache\codex-runtimes\codex-primary-runtime\dependencies\python\Lib\contextlib.py", line 158, in __exit__
    self.gen.throw(value)
  File "D:\nhatro\backend\venv\Lib\site-packages\starlette\_utils.py", line 93, in collapse_excgroups
    raise exc
  File "D:\nhatro\backend\venv\Lib\site-packages\starlette\middleware\base.py", line 191, in __call__
    response = await self.dispatch_func(request, call_next)
               ^^^^^^^^^^^^^^^^^^^^^^^^^^^^^^^^^^^^^^^^^^^^
  File "D:\nhatro\backend\app\main.py", line 93, in add_process_time
    response = await call_next(request)
               ^^^^^^^^^^^^^^^^^^^^^^^^
  File "D:\nhatro\backend\venv\Lib\site-packages\starlette\middleware\base.py", line 165, in call_next
    raise app_exc
  File "D:\nhatro\backend\venv\Lib\site-packages\starlette\middleware\base.py", line 151, in coro
    await self.app(scope, receive_or_disconnect, send_no_error)
  File "D:\nhatro\backend\venv\Lib\site-packages\starlette\middleware\base.py", line 189, in __call__
    with collapse_excgroups():
         ^^^^^^^^^^^^^^^^^^^^
  File "C:\Users\ngocson\.cache\codex-runtimes\codex-primary-runtime\dependencies\python\Lib\contextlib.py", line 158, in __exit__
    self.gen.throw(value)
  File "D:\nhatro\backend\venv\Lib\site-packages\starlette\_utils.py", line 93, in collapse_excgroups
    raise exc
  File "D:\nhatro\backend\venv\Lib\site-packages\starlette\middleware\base.py", line 191, in __call__
    response = await self.dispatch_func(request, call_next)
               ^^^^^^^^^^^^^^^^^^^^^^^^^^^^^^^^^^^^^^^^^^^^
  File "D:\nhatro\backend\app\main.py", line 86, in add_security_headers
    response = await call_next(request)
               ^^^^^^^^^^^^^^^^^^^^^^^^
  File "D:\nhatro\backend\venv\Lib\site-packages\starlette\middleware\base.py", line 165, in call_next
    raise app_exc
  File "D:\nhatro\backend\venv\Lib\site-packages\starlette\middleware\base.py", line 151, in coro
    await self.app(scope, receive_or_disconnect, send_no_error)
  File "D:\nhatro\backend\venv\Lib\site-packages\starlette\middleware\cors.py", line 85, in __call__
    await self.app(scope, receive, send)
  File "D:\nhatro\backend\venv\Lib\site-packages\starlette\middleware\exceptions.py", line 65, in __call__
    await wrap_app_handling_exceptions(self.app, conn)(scope, receive, send)
  File "D:\nhatro\backend\venv\Lib\site-packages\starlette\_exception_handler.py", line 64, in wrapped_app
    raise exc
  File "D:\nhatro\backend\venv\Lib\site-packages\starlette\_exception_handler.py", line 53, in wrapped_app
    await app(scope, receive, sender)
  File "D:\nhatro\backend\venv\Lib\site-packages\starlette\routing.py", line 756, in __call__
    await self.middleware_stack(scope, receive, send)
  File "D:\nhatro\backend\venv\Lib\site-packages\starlette\routing.py", line 776, in app
    await route.handle(scope, receive, send)
  File "D:\nhatro\backend\venv\Lib\site-packages\starlette\routing.py", line 297, in handle
    await self.app(scope, receive, send)
  File "D:\nhatro\backend\venv\Lib\site-packages\starlette\routing.py", line 77, in app
    await wrap_app_handling_exceptions(app, request)(scope, receive, send)
  File "D:\nhatro\backend\venv\Lib\site-packages\starlette\_exception_handler.py", line 75, in wrapped_app
    response = await handler(conn, exc)
               ^^^^^^^^^^^^^^^^^^^^^^^^
  File "D:\nhatro\backend\app\main.py", line 157, in validation_exception_handler
    return JSONResponse(
           ^^^^^^^^^^^^^
  File "D:\nhatro\backend\venv\Lib\site-packages\starlette\responses.py", line 184, in __init__
    super().__init__(content, status_code, headers, media_type, background)
  File "D:\nhatro\backend\venv\Lib\site-packages\starlette\responses.py", line 41, in __init__
    self.body = self.render(content)
                ^^^^^^^^^^^^^^^^^^^^
  File "D:\nhatro\backend\venv\Lib\site-packages\starlette\responses.py", line 187, in render
    return json.dumps(
           ^^^^^^^^^^^
  File "C:\Users\ngocson\.cache\codex-runtimes\codex-primary-runtime\dependencies\python\Lib\json\__init__.py", line 238, in dumps
    **kw).encode(obj)
          ^^^^^^^^^^^
  File "C:\Users\ngocson\.cache\codex-runtimes\codex-primary-runtime\dependencies\python\Lib\json\encoder.py", line 200, in encode
    chunks = self.iterencode(o, _one_shot=True)
             ^^^^^^^^^^^^^^^^^^^^^^^^^^^^^^^^^^
  File "C:\Users\ngocson\.cache\codex-runtimes\codex-primary-runtime\dependencies\python\Lib\json\encoder.py", line 258, in iterencode
    return _iterencode(o, 0)
           ^^^^^^^^^^^^^^^^^
  File "C:\Users\ngocson\.cache\codex-runtimes\codex-primary-runtime\dependencies\python\Lib\json\encoder.py", line 180, in default
    raise TypeError(f'Object of type {o.__class__.__name__} '
TypeError: Object of type ValueError is not JSON serializable
==============================================

=== VALIDATION ERROR AT POST /api/v1/auth/register ===
[{'type': 'value_error', 'loc': ('body', 'password'), 'msg': 'Value error, Password must be at least 8 characters', 'input': 'ZAP', 'ctx': {'error': ValueError('Password must be at least 8 characters')}}, {'type': 'string_type', 'loc': ('body', 'phone'), 'msg': 'Input should be a valid string', 'input': 9999999999}, {'type': 'value_error', 'loc': ('body', 'otp_code'), 'msg': 'Value error, OTP code must be 6 digits', 'input': 'https://1531402951787460335%2eowasp%2eorg', 'ctx': {'error': ValueError('OTP code must be 6 digits')}}]
==============================================

=== GLOBAL EXCEPTION HANDLER AT POST /api/v1/auth/register ===
  + Exception Group Traceback (most recent call last):
  |   File "D:\nhatro\backend\venv\Lib\site-packages\starlette\_utils.py", line 87, in collapse_excgroups
  |     yield
  |   File "D:\nhatro\backend\venv\Lib\site-packages\starlette\middleware\base.py", line 190, in __call__
  |     async with anyio.create_task_group() as task_group:
  |                ^^^^^^^^^^^^^^^^^^^^^^^^^
  |   File "D:\nhatro\backend\venv\Lib\site-packages\anyio\_backends\_asyncio.py", line 799, in __aexit__
  |     raise BaseExceptionGroup(
  | ExceptionGroup: unhandled errors in a TaskGroup (1 sub-exception)
  +-+---------------- 1 ----------------
    | Traceback (most recent call last):
    |   File "D:\nhatro\backend\venv\Lib\site-packages\starlette\middleware\errors.py", line 164, in __call__
    |     await self.app(scope, receive, _send)
    |   File "D:\nhatro\backend\venv\Lib\site-packages\starlette\middleware\base.py", line 189, in __call__
    |     with collapse_excgroups():
    |          ^^^^^^^^^^^^^^^^^^^^
    |   File "C:\Users\ngocson\.cache\codex-runtimes\codex-primary-runtime\dependencies\python\Lib\contextlib.py", line 158, in __exit__
    |     self.gen.throw(value)
    |   File "D:\nhatro\backend\venv\Lib\site-packages\starlette\_utils.py", line 93, in collapse_excgroups
    |     raise exc
    |   File "D:\nhatro\backend\venv\Lib\site-packages\starlette\middleware\base.py", line 191, in __call__
    |     response = await self.dispatch_func(request, call_next)
    |                ^^^^^^^^^^^^^^^^^^^^^^^^^^^^^^^^^^^^^^^^^^^^
    |   File "D:\nhatro\backend\app\main.py", line 127, in rate_limit_middleware
    |     return await call_next(request)
    |            ^^^^^^^^^^^^^^^^^^^^^^^^
    |   File "D:\nhatro\backend\venv\Lib\site-packages\starlette\middleware\base.py", line 165, in call_next
    |     raise app_exc
    |   File "D:\nhatro\backend\venv\Lib\site-packages\starlette\middleware\base.py", line 151, in coro
    |     await self.app(scope, receive_or_disconnect, send_no_error)
    |   File "D:\nhatro\backend\venv\Lib\site-packages\starlette\middleware\base.py", line 189, in __call__
    |     with collapse_excgroups():
    |          ^^^^^^^^^^^^^^^^^^^^
    |   File "C:\Users\ngocson\.cache\codex-runtimes\codex-primary-runtime\dependencies\python\Lib\contextlib.py", line 158, in __exit__
    |     self.gen.throw(value)
    |   File "D:\nhatro\backend\venv\Lib\site-packages\starlette\_utils.py", line 93, in collapse_excgroups
    |     raise exc
    |   File "D:\nhatro\backend\venv\Lib\site-packages\starlette\middleware\base.py", line 191, in __call__
    |     response = await self.dispatch_func(request, call_next)
    |                ^^^^^^^^^^^^^^^^^^^^^^^^^^^^^^^^^^^^^^^^^^^^
    |   File "D:\nhatro\backend\app\main.py", line 93, in add_process_time
    |     response = await call_next(request)
    |                ^^^^^^^^^^^^^^^^^^^^^^^^
    |   File "D:\nhatro\backend\venv\Lib\site-packages\starlette\middleware\base.py", line 165, in call_next
    |     raise app_exc
    |   File "D:\nhatro\backend\venv\Lib\site-packages\starlette\middleware\base.py", line 151, in coro
    |     await self.app(scope, receive_or_disconnect, send_no_error)
    |   File "D:\nhatro\backend\venv\Lib\site-packages\starlette\middleware\base.py", line 189, in __call__
    |     with collapse_excgroups():
    |          ^^^^^^^^^^^^^^^^^^^^
    |   File "C:\Users\ngocson\.cache\codex-runtimes\codex-primary-runtime\dependencies\python\Lib\contextlib.py", line 158, in __exit__
    |     self.gen.throw(value)
    |   File "D:\nhatro\backend\venv\Lib\site-packages\starlette\_utils.py", line 93, in collapse_excgroups
    |     raise exc
    |   File "D:\nhatro\backend\venv\Lib\site-packages\starlette\middleware\base.py", line 191, in __call__
    |     response = await self.dispatch_func(request, call_next)
    |                ^^^^^^^^^^^^^^^^^^^^^^^^^^^^^^^^^^^^^^^^^^^^
    |   File "D:\nhatro\backend\app\main.py", line 86, in add_security_headers
    |     response = await call_next(request)
    |                ^^^^^^^^^^^^^^^^^^^^^^^^
    |   File "D:\nhatro\backend\venv\Lib\site-packages\starlette\middleware\base.py", line 165, in call_next
    |     raise app_exc
    |   File "D:\nhatro\backend\venv\Lib\site-packages\starlette\middleware\base.py", line 151, in coro
    |     await self.app(scope, receive_or_disconnect, send_no_error)
    |   File "D:\nhatro\backend\venv\Lib\site-packages\starlette\middleware\cors.py", line 85, in __call__
    |     await self.app(scope, receive, send)
    |   File "D:\nhatro\backend\venv\Lib\site-packages\starlette\middleware\exceptions.py", line 65, in __call__
    |     await wrap_app_handling_exceptions(self.app, conn)(scope, receive, send)
    |   File "D:\nhatro\backend\venv\Lib\site-packages\starlette\_exception_handler.py", line 64, in wrapped_app
    |     raise exc
    |   File "D:\nhatro\backend\venv\Lib\site-packages\starlette\_exception_handler.py", line 53, in wrapped_app
    |     await app(scope, receive, sender)
    |   File "D:\nhatro\backend\venv\Lib\site-packages\starlette\routing.py", line 756, in __call__
    |     await self.middleware_stack(scope, receive, send)
    |   File "D:\nhatro\backend\venv\Lib\site-packages\starlette\routing.py", line 776, in app
    |     await route.handle(scope, receive, send)
    |   File "D:\nhatro\backend\venv\Lib\site-packages\starlette\routing.py", line 297, in handle
    |     await self.app(scope, receive, send)
    |   File "D:\nhatro\backend\venv\Lib\site-packages\starlette\routing.py", line 77, in app
    |     await wrap_app_handling_exceptions(app, request)(scope, receive, send)
    |   File "D:\nhatro\backend\venv\Lib\site-packages\starlette\_exception_handler.py", line 75, in wrapped_app
    |     response = await handler(conn, exc)
    |                ^^^^^^^^^^^^^^^^^^^^^^^^
    |   File "D:\nhatro\backend\app\main.py", line 157, in validation_exception_handler
    |     return JSONResponse(
    |            ^^^^^^^^^^^^^
    |   File "D:\nhatro\backend\venv\Lib\site-packages\starlette\responses.py", line 184, in __init__
    |     super().__init__(content, status_code, headers, media_type, background)
    |   File "D:\nhatro\backend\venv\Lib\site-packages\starlette\responses.py", line 41, in __init__
    |     self.body = self.render(content)
    |                 ^^^^^^^^^^^^^^^^^^^^
    |   File "D:\nhatro\backend\venv\Lib\site-packages\starlette\responses.py", line 187, in render
    |     return json.dumps(
    |            ^^^^^^^^^^^
    |   File "C:\Users\ngocson\.cache\codex-runtimes\codex-primary-runtime\dependencies\python\Lib\json\__init__.py", line 238, in dumps
    |     **kw).encode(obj)
    |           ^^^^^^^^^^^
    |   File "C:\Users\ngocson\.cache\codex-runtimes\codex-primary-runtime\dependencies\python\Lib\json\encoder.py", line 200, in encode
    |     chunks = self.iterencode(o, _one_shot=True)
    |              ^^^^^^^^^^^^^^^^^^^^^^^^^^^^^^^^^^
    |   File "C:\Users\ngocson\.cache\codex-runtimes\codex-primary-runtime\dependencies\python\Lib\json\encoder.py", line 258, in iterencode
    |     return _iterencode(o, 0)
    |            ^^^^^^^^^^^^^^^^^
    |   File "C:\Users\ngocson\.cache\codex-runtimes\codex-primary-runtime\dependencies\python\Lib\json\encoder.py", line 180, in default
    |     raise TypeError(f'Object of type {o.__class__.__name__} '
    | TypeError: Object of type ValueError is not JSON serializable
    +------------------------------------

During handling of the above exception, another exception occurred:

Traceback (most recent call last):
  File "D:\nhatro\backend\venv\Lib\site-packages\starlette\middleware\errors.py", line 164, in __call__
    await self.app(scope, receive, _send)
  File "D:\nhatro\backend\venv\Lib\site-packages\starlette\middleware\base.py", line 189, in __call__
    with collapse_excgroups():
         ^^^^^^^^^^^^^^^^^^^^
  File "C:\Users\ngocson\.cache\codex-runtimes\codex-primary-runtime\dependencies\python\Lib\contextlib.py", line 158, in __exit__
    self.gen.throw(value)
  File "D:\nhatro\backend\venv\Lib\site-packages\starlette\_utils.py", line 93, in collapse_excgroups
    raise exc
  File "D:\nhatro\backend\venv\Lib\site-packages\starlette\middleware\base.py", line 191, in __call__
    response = await self.dispatch_func(request, call_next)
               ^^^^^^^^^^^^^^^^^^^^^^^^^^^^^^^^^^^^^^^^^^^^
  File "D:\nhatro\backend\app\main.py", line 127, in rate_limit_middleware
    return await call_next(request)
           ^^^^^^^^^^^^^^^^^^^^^^^^
  File "D:\nhatro\backend\venv\Lib\site-packages\starlette\middleware\base.py", line 165, in call_next
    raise app_exc
  File "D:\nhatro\backend\venv\Lib\site-packages\starlette\middleware\base.py", line 151, in coro
    await self.app(scope, receive_or_disconnect, send_no_error)
  File "D:\nhatro\backend\venv\Lib\site-packages\starlette\middleware\base.py", line 189, in __call__
    with collapse_excgroups():
         ^^^^^^^^^^^^^^^^^^^^
  File "C:\Users\ngocson\.cache\codex-runtimes\codex-primary-runtime\dependencies\python\Lib\contextlib.py", line 158, in __exit__
    self.gen.throw(value)
  File "D:\nhatro\backend\venv\Lib\site-packages\starlette\_utils.py", line 93, in collapse_excgroups
    raise exc
  File "D:\nhatro\backend\venv\Lib\site-packages\starlette\middleware\base.py", line 191, in __call__
    response = await self.dispatch_func(request, call_next)
               ^^^^^^^^^^^^^^^^^^^^^^^^^^^^^^^^^^^^^^^^^^^^
  File "D:\nhatro\backend\app\main.py", line 93, in add_process_time
    response = await call_next(request)
               ^^^^^^^^^^^^^^^^^^^^^^^^
  File "D:\nhatro\backend\venv\Lib\site-packages\starlette\middleware\base.py", line 165, in call_next
    raise app_exc
  File "D:\nhatro\backend\venv\Lib\site-packages\starlette\middleware\base.py", line 151, in coro
    await self.app(scope, receive_or_disconnect, send_no_error)
  File "D:\nhatro\backend\venv\Lib\site-packages\starlette\middleware\base.py", line 189, in __call__
    with collapse_excgroups():
         ^^^^^^^^^^^^^^^^^^^^
  File "C:\Users\ngocson\.cache\codex-runtimes\codex-primary-runtime\dependencies\python\Lib\contextlib.py", line 158, in __exit__
    self.gen.throw(value)
  File "D:\nhatro\backend\venv\Lib\site-packages\starlette\_utils.py", line 93, in collapse_excgroups
    raise exc
  File "D:\nhatro\backend\venv\Lib\site-packages\starlette\middleware\base.py", line 191, in __call__
    response = await self.dispatch_func(request, call_next)
               ^^^^^^^^^^^^^^^^^^^^^^^^^^^^^^^^^^^^^^^^^^^^
  File "D:\nhatro\backend\app\main.py", line 86, in add_security_headers
    response = await call_next(request)
               ^^^^^^^^^^^^^^^^^^^^^^^^
  File "D:\nhatro\backend\venv\Lib\site-packages\starlette\middleware\base.py", line 165, in call_next
    raise app_exc
  File "D:\nhatro\backend\venv\Lib\site-packages\starlette\middleware\base.py", line 151, in coro
    await self.app(scope, receive_or_disconnect, send_no_error)
  File "D:\nhatro\backend\venv\Lib\site-packages\starlette\middleware\cors.py", line 85, in __call__
    await self.app(scope, receive, send)
  File "D:\nhatro\backend\venv\Lib\site-packages\starlette\middleware\exceptions.py", line 65, in __call__
    await wrap_app_handling_exceptions(self.app, conn)(scope, receive, send)
  File "D:\nhatro\backend\venv\Lib\site-packages\starlette\_exception_handler.py", line 64, in wrapped_app
    raise exc
  File "D:\nhatro\backend\venv\Lib\site-packages\starlette\_exception_handler.py", line 53, in wrapped_app
    await app(scope, receive, sender)
  File "D:\nhatro\backend\venv\Lib\site-packages\starlette\routing.py", line 756, in __call__
    await self.middleware_stack(scope, receive, send)
  File "D:\nhatro\backend\venv\Lib\site-packages\starlette\routing.py", line 776, in app
    await route.handle(scope, receive, send)
  File "D:\nhatro\backend\venv\Lib\site-packages\starlette\routing.py", line 297, in handle
    await self.app(scope, receive, send)
  File "D:\nhatro\backend\venv\Lib\site-packages\starlette\routing.py", line 77, in app
    await wrap_app_handling_exceptions(app, request)(scope, receive, send)
  File "D:\nhatro\backend\venv\Lib\site-packages\starlette\_exception_handler.py", line 75, in wrapped_app
    response = await handler(conn, exc)
               ^^^^^^^^^^^^^^^^^^^^^^^^
  File "D:\nhatro\backend\app\main.py", line 157, in validation_exception_handler
    return JSONResponse(
           ^^^^^^^^^^^^^
  File "D:\nhatro\backend\venv\Lib\site-packages\starlette\responses.py", line 184, in __init__
    super().__init__(content, status_code, headers, media_type, background)
  File "D:\nhatro\backend\venv\Lib\site-packages\starlette\responses.py", line 41, in __init__
    self.body = self.render(content)
                ^^^^^^^^^^^^^^^^^^^^
  File "D:\nhatro\backend\venv\Lib\site-packages\starlette\responses.py", line 187, in render
    return json.dumps(
           ^^^^^^^^^^^
  File "C:\Users\ngocson\.cache\codex-runtimes\codex-primary-runtime\dependencies\python\Lib\json\__init__.py", line 238, in dumps
    **kw).encode(obj)
          ^^^^^^^^^^^
  File "C:\Users\ngocson\.cache\codex-runtimes\codex-primary-runtime\dependencies\python\Lib\json\encoder.py", line 200, in encode
    chunks = self.iterencode(o, _one_shot=True)
             ^^^^^^^^^^^^^^^^^^^^^^^^^^^^^^^^^^
  File "C:\Users\ngocson\.cache\codex-runtimes\codex-primary-runtime\dependencies\python\Lib\json\encoder.py", line 258, in iterencode
    return _iterencode(o, 0)
           ^^^^^^^^^^^^^^^^^
  File "C:\Users\ngocson\.cache\codex-runtimes\codex-primary-runtime\dependencies\python\Lib\json\encoder.py", line 180, in default
    raise TypeError(f'Object of type {o.__class__.__name__} '
TypeError: Object of type ValueError is not JSON serializable
==============================================

=== VALIDATION ERROR AT GET /api/v1/webhooks/payos/check/1531402951787460335.owasp.org ===
[{'type': 'int_parsing', 'loc': ('path', 'order_code'), 'msg': 'Input should be a valid integer, unable to parse string as an integer', 'input': '1531402951787460335.owasp.org'}]
==============================================

=== VALIDATION ERROR AT POST /api/v1/auth/register ===
[{'type': 'value_error', 'loc': ('body', 'password'), 'msg': 'Value error, Password must be at least 8 characters', 'input': 'ZAP', 'ctx': {'error': ValueError('Password must be at least 8 characters')}}, {'type': 'string_type', 'loc': ('body', 'phone'), 'msg': 'Input should be a valid string', 'input': 9999999999}, {'type': 'value_error', 'loc': ('body', 'otp_code'), 'msg': 'Value error, OTP code must be 6 digits', 'input': "5;URL='https://1531402951787460335.owasp.org'", 'ctx': {'error': ValueError('OTP code must be 6 digits')}}]
==============================================

=== GLOBAL EXCEPTION HANDLER AT POST /api/v1/auth/register ===
  + Exception Group Traceback (most recent call last):
  |   File "D:\nhatro\backend\venv\Lib\site-packages\starlette\_utils.py", line 87, in collapse_excgroups
  |     yield
  |   File "D:\nhatro\backend\venv\Lib\site-packages\starlette\middleware\base.py", line 190, in __call__
  |     async with anyio.create_task_group() as task_group:
  |                ^^^^^^^^^^^^^^^^^^^^^^^^^
  |   File "D:\nhatro\backend\venv\Lib\site-packages\anyio\_backends\_asyncio.py", line 799, in __aexit__
  |     raise BaseExceptionGroup(
  | ExceptionGroup: unhandled errors in a TaskGroup (1 sub-exception)
  +-+---------------- 1 ----------------
    | Traceback (most recent call last):
    |   File "D:\nhatro\backend\venv\Lib\site-packages\starlette\middleware\errors.py", line 164, in __call__
    |     await self.app(scope, receive, _send)
    |   File "D:\nhatro\backend\venv\Lib\site-packages\starlette\middleware\base.py", line 189, in __call__
    |     with collapse_excgroups():
    |          ^^^^^^^^^^^^^^^^^^^^
    |   File "C:\Users\ngocson\.cache\codex-runtimes\codex-primary-runtime\dependencies\python\Lib\contextlib.py", line 158, in __exit__
    |     self.gen.throw(value)
    |   File "D:\nhatro\backend\venv\Lib\site-packages\starlette\_utils.py", line 93, in collapse_excgroups
    |     raise exc
    |   File "D:\nhatro\backend\venv\Lib\site-packages\starlette\middleware\base.py", line 191, in __call__
    |     response = await self.dispatch_func(request, call_next)
    |                ^^^^^^^^^^^^^^^^^^^^^^^^^^^^^^^^^^^^^^^^^^^^
    |   File "D:\nhatro\backend\app\main.py", line 127, in rate_limit_middleware
    |     return await call_next(request)
    |            ^^^^^^^^^^^^^^^^^^^^^^^^
    |   File "D:\nhatro\backend\venv\Lib\site-packages\starlette\middleware\base.py", line 165, in call_next
    |     raise app_exc
    |   File "D:\nhatro\backend\venv\Lib\site-packages\starlette\middleware\base.py", line 151, in coro
    |     await self.app(scope, receive_or_disconnect, send_no_error)
    |   File "D:\nhatro\backend\venv\Lib\site-packages\starlette\middleware\base.py", line 189, in __call__
    |     with collapse_excgroups():
    |          ^^^^^^^^^^^^^^^^^^^^
    |   File "C:\Users\ngocson\.cache\codex-runtimes\codex-primary-runtime\dependencies\python\Lib\contextlib.py", line 158, in __exit__
    |     self.gen.throw(value)
    |   File "D:\nhatro\backend\venv\Lib\site-packages\starlette\_utils.py", line 93, in collapse_excgroups
    |     raise exc
    |   File "D:\nhatro\backend\venv\Lib\site-packages\starlette\middleware\base.py", line 191, in __call__
    |     response = await self.dispatch_func(request, call_next)
    |                ^^^^^^^^^^^^^^^^^^^^^^^^^^^^^^^^^^^^^^^^^^^^
    |   File "D:\nhatro\backend\app\main.py", line 93, in add_process_time
    |     response = await call_next(request)
    |                ^^^^^^^^^^^^^^^^^^^^^^^^
    |   File "D:\nhatro\backend\venv\Lib\site-packages\starlette\middleware\base.py", line 165, in call_next
    |     raise app_exc
    |   File "D:\nhatro\backend\venv\Lib\site-packages\starlette\middleware\base.py", line 151, in coro
    |     await self.app(scope, receive_or_disconnect, send_no_error)
    |   File "D:\nhatro\backend\venv\Lib\site-packages\starlette\middleware\base.py", line 189, in __call__
    |     with collapse_excgroups():
    |          ^^^^^^^^^^^^^^^^^^^^
    |   File "C:\Users\ngocson\.cache\codex-runtimes\codex-primary-runtime\dependencies\python\Lib\contextlib.py", line 158, in __exit__
    |     self.gen.throw(value)
    |   File "D:\nhatro\backend\venv\Lib\site-packages\starlette\_utils.py", line 93, in collapse_excgroups
    |     raise exc
    |   File "D:\nhatro\backend\venv\Lib\site-packages\starlette\middleware\base.py", line 191, in __call__
    |     response = await self.dispatch_func(request, call_next)
    |                ^^^^^^^^^^^^^^^^^^^^^^^^^^^^^^^^^^^^^^^^^^^^
    |   File "D:\nhatro\backend\app\main.py", line 86, in add_security_headers
    |     response = await call_next(request)
    |                ^^^^^^^^^^^^^^^^^^^^^^^^
    |   File "D:\nhatro\backend\venv\Lib\site-packages\starlette\middleware\base.py", line 165, in call_next
    |     raise app_exc
    |   File "D:\nhatro\backend\venv\Lib\site-packages\starlette\middleware\base.py", line 151, in coro
    |     await self.app(scope, receive_or_disconnect, send_no_error)
    |   File "D:\nhatro\backend\venv\Lib\site-packages\starlette\middleware\cors.py", line 85, in __call__
    |     await self.app(scope, receive, send)
    |   File "D:\nhatro\backend\venv\Lib\site-packages\starlette\middleware\exceptions.py", line 65, in __call__
    |     await wrap_app_handling_exceptions(self.app, conn)(scope, receive, send)
    |   File "D:\nhatro\backend\venv\Lib\site-packages\starlette\_exception_handler.py", line 64, in wrapped_app
    |     raise exc
    |   File "D:\nhatro\backend\venv\Lib\site-packages\starlette\_exception_handler.py", line 53, in wrapped_app
    |     await app(scope, receive, sender)
    |   File "D:\nhatro\backend\venv\Lib\site-packages\starlette\routing.py", line 756, in __call__
    |     await self.middleware_stack(scope, receive, send)
    |   File "D:\nhatro\backend\venv\Lib\site-packages\starlette\routing.py", line 776, in app
    |     await route.handle(scope, receive, send)
    |   File "D:\nhatro\backend\venv\Lib\site-packages\starlette\routing.py", line 297, in handle
    |     await self.app(scope, receive, send)
    |   File "D:\nhatro\backend\venv\Lib\site-packages\starlette\routing.py", line 77, in app
    |     await wrap_app_handling_exceptions(app, request)(scope, receive, send)
    |   File "D:\nhatro\backend\venv\Lib\site-packages\starlette\_exception_handler.py", line 75, in wrapped_app
    |     response = await handler(conn, exc)
    |                ^^^^^^^^^^^^^^^^^^^^^^^^
    |   File "D:\nhatro\backend\app\main.py", line 157, in validation_exception_handler
    |     return JSONResponse(
    |            ^^^^^^^^^^^^^
    |   File "D:\nhatro\backend\venv\Lib\site-packages\starlette\responses.py", line 184, in __init__
    |     super().__init__(content, status_code, headers, media_type, background)
    |   File "D:\nhatro\backend\venv\Lib\site-packages\starlette\responses.py", line 41, in __init__
    |     self.body = self.render(content)
    |                 ^^^^^^^^^^^^^^^^^^^^
    |   File "D:\nhatro\backend\venv\Lib\site-packages\starlette\responses.py", line 187, in render
    |     return json.dumps(
    |            ^^^^^^^^^^^
    |   File "C:\Users\ngocson\.cache\codex-runtimes\codex-primary-runtime\dependencies\python\Lib\json\__init__.py", line 238, in dumps
    |     **kw).encode(obj)
    |           ^^^^^^^^^^^
    |   File "C:\Users\ngocson\.cache\codex-runtimes\codex-primary-runtime\dependencies\python\Lib\json\encoder.py", line 200, in encode
    |     chunks = self.iterencode(o, _one_shot=True)
    |              ^^^^^^^^^^^^^^^^^^^^^^^^^^^^^^^^^^
    |   File "C:\Users\ngocson\.cache\codex-runtimes\codex-primary-runtime\dependencies\python\Lib\json\encoder.py", line 258, in iterencode
    |     return _iterencode(o, 0)
    |            ^^^^^^^^^^^^^^^^^
    |   File "C:\Users\ngocson\.cache\codex-runtimes\codex-primary-runtime\dependencies\python\Lib\json\encoder.py", line 180, in default
    |     raise TypeError(f'Object of type {o.__class__.__name__} '
    | TypeError: Object of type ValueError is not JSON serializable
    +------------------------------------

During handling of the above exception, another exception occurred:

Traceback (most recent call last):
  File "D:\nhatro\backend\venv\Lib\site-packages\starlette\middleware\errors.py", line 164, in __call__
    await self.app(scope, receive, _send)
  File "D:\nhatro\backend\venv\Lib\site-packages\starlette\middleware\base.py", line 189, in __call__
    with collapse_excgroups():
         ^^^^^^^^^^^^^^^^^^^^
  File "C:\Users\ngocson\.cache\codex-runtimes\codex-primary-runtime\dependencies\python\Lib\contextlib.py", line 158, in __exit__
    self.gen.throw(value)
  File "D:\nhatro\backend\venv\Lib\site-packages\starlette\_utils.py", line 93, in collapse_excgroups
    raise exc
  File "D:\nhatro\backend\venv\Lib\site-packages\starlette\middleware\base.py", line 191, in __call__
    response = await self.dispatch_func(request, call_next)
               ^^^^^^^^^^^^^^^^^^^^^^^^^^^^^^^^^^^^^^^^^^^^
  File "D:\nhatro\backend\app\main.py", line 127, in rate_limit_middleware
    return await call_next(request)
           ^^^^^^^^^^^^^^^^^^^^^^^^
  File "D:\nhatro\backend\venv\Lib\site-packages\starlette\middleware\base.py", line 165, in call_next
    raise app_exc
  File "D:\nhatro\backend\venv\Lib\site-packages\starlette\middleware\base.py", line 151, in coro
    await self.app(scope, receive_or_disconnect, send_no_error)
  File "D:\nhatro\backend\venv\Lib\site-packages\starlette\middleware\base.py", line 189, in __call__
    with collapse_excgroups():
         ^^^^^^^^^^^^^^^^^^^^
  File "C:\Users\ngocson\.cache\codex-runtimes\codex-primary-runtime\dependencies\python\Lib\contextlib.py", line 158, in __exit__
    self.gen.throw(value)
  File "D:\nhatro\backend\venv\Lib\site-packages\starlette\_utils.py", line 93, in collapse_excgroups
    raise exc
  File "D:\nhatro\backend\venv\Lib\site-packages\starlette\middleware\base.py", line 191, in __call__
    response = await self.dispatch_func(request, call_next)
               ^^^^^^^^^^^^^^^^^^^^^^^^^^^^^^^^^^^^^^^^^^^^
  File "D:\nhatro\backend\app\main.py", line 93, in add_process_time
    response = await call_next(request)
               ^^^^^^^^^^^^^^^^^^^^^^^^
  File "D:\nhatro\backend\venv\Lib\site-packages\starlette\middleware\base.py", line 165, in call_next
    raise app_exc
  File "D:\nhatro\backend\venv\Lib\site-packages\starlette\middleware\base.py", line 151, in coro
    await self.app(scope, receive_or_disconnect, send_no_error)
  File "D:\nhatro\backend\venv\Lib\site-packages\starlette\middleware\base.py", line 189, in __call__
    with collapse_excgroups():
         ^^^^^^^^^^^^^^^^^^^^
  File "C:\Users\ngocson\.cache\codex-runtimes\codex-primary-runtime\dependencies\python\Lib\contextlib.py", line 158, in __exit__
    self.gen.throw(value)
  File "D:\nhatro\backend\venv\Lib\site-packages\starlette\_utils.py", line 93, in collapse_excgroups
    raise exc
  File "D:\nhatro\backend\venv\Lib\site-packages\starlette\middleware\base.py", line 191, in __call__
    response = await self.dispatch_func(request, call_next)
               ^^^^^^^^^^^^^^^^^^^^^^^^^^^^^^^^^^^^^^^^^^^^
  File "D:\nhatro\backend\app\main.py", line 86, in add_security_headers
    response = await call_next(request)
               ^^^^^^^^^^^^^^^^^^^^^^^^
  File "D:\nhatro\backend\venv\Lib\site-packages\starlette\middleware\base.py", line 165, in call_next
    raise app_exc
  File "D:\nhatro\backend\venv\Lib\site-packages\starlette\middleware\base.py", line 151, in coro
    await self.app(scope, receive_or_disconnect, send_no_error)
  File "D:\nhatro\backend\venv\Lib\site-packages\starlette\middleware\cors.py", line 85, in __call__
    await self.app(scope, receive, send)
  File "D:\nhatro\backend\venv\Lib\site-packages\starlette\middleware\exceptions.py", line 65, in __call__
    await wrap_app_handling_exceptions(self.app, conn)(scope, receive, send)
  File "D:\nhatro\backend\venv\Lib\site-packages\starlette\_exception_handler.py", line 64, in wrapped_app
    raise exc
  File "D:\nhatro\backend\venv\Lib\site-packages\starlette\_exception_handler.py", line 53, in wrapped_app
    await app(scope, receive, sender)
  File "D:\nhatro\backend\venv\Lib\site-packages\starlette\routing.py", line 756, in __call__
    await self.middleware_stack(scope, receive, send)
  File "D:\nhatro\backend\venv\Lib\site-packages\starlette\routing.py", line 776, in app
    await route.handle(scope, receive, send)
  File "D:\nhatro\backend\venv\Lib\site-packages\starlette\routing.py", line 297, in handle
    await self.app(scope, receive, send)
  File "D:\nhatro\backend\venv\Lib\site-packages\starlette\routing.py", line 77, in app
    await wrap_app_handling_exceptions(app, request)(scope, receive, send)
  File "D:\nhatro\backend\venv\Lib\site-packages\starlette\_exception_handler.py", line 75, in wrapped_app
    response = await handler(conn, exc)
               ^^^^^^^^^^^^^^^^^^^^^^^^
  File "D:\nhatro\backend\app\main.py", line 157, in validation_exception_handler
    return JSONResponse(
           ^^^^^^^^^^^^^
  File "D:\nhatro\backend\venv\Lib\site-packages\starlette\responses.py", line 184, in __init__
    super().__init__(content, status_code, headers, media_type, background)
  File "D:\nhatro\backend\venv\Lib\site-packages\starlette\responses.py", line 41, in __init__
    self.body = self.render(content)
                ^^^^^^^^^^^^^^^^^^^^
  File "D:\nhatro\backend\venv\Lib\site-packages\starlette\responses.py", line 187, in render
    return json.dumps(
           ^^^^^^^^^^^
  File "C:\Users\ngocson\.cache\codex-runtimes\codex-primary-runtime\dependencies\python\Lib\json\__init__.py", line 238, in dumps
    **kw).encode(obj)
          ^^^^^^^^^^^
  File "C:\Users\ngocson\.cache\codex-runtimes\codex-primary-runtime\dependencies\python\Lib\json\encoder.py", line 200, in encode
    chunks = self.iterencode(o, _one_shot=True)
             ^^^^^^^^^^^^^^^^^^^^^^^^^^^^^^^^^^
  File "C:\Users\ngocson\.cache\codex-runtimes\codex-primary-runtime\dependencies\python\Lib\json\encoder.py", line 258, in iterencode
    return _iterencode(o, 0)
           ^^^^^^^^^^^^^^^^^
  File "C:\Users\ngocson\.cache\codex-runtimes\codex-primary-runtime\dependencies\python\Lib\json\encoder.py", line 180, in default
    raise TypeError(f'Object of type {o.__class__.__name__} '
TypeError: Object of type ValueError is not JSON serializable
==============================================

=== VALIDATION ERROR AT POST /api/v1/auth/register ===
[{'type': 'value_error', 'loc': ('body', 'password'), 'msg': 'Value error, Password must be at least 8 characters', 'input': 'ZAP', 'ctx': {'error': ValueError('Password must be at least 8 characters')}}, {'type': 'string_type', 'loc': ('body', 'phone'), 'msg': 'Input should be a valid string', 'input': 9999999999}, {'type': 'value_error', 'loc': ('body', 'otp_code'), 'msg': 'Value error, OTP code must be 6 digits', 'input': "URL='http://1531402951787460335.owasp.org'", 'ctx': {'error': ValueError('OTP code must be 6 digits')}}]
==============================================

=== GLOBAL EXCEPTION HANDLER AT POST /api/v1/auth/register ===
  + Exception Group Traceback (most recent call last):
  |   File "D:\nhatro\backend\venv\Lib\site-packages\starlette\_utils.py", line 87, in collapse_excgroups
  |     yield
  |   File "D:\nhatro\backend\venv\Lib\site-packages\starlette\middleware\base.py", line 190, in __call__
  |     async with anyio.create_task_group() as task_group:
  |                ^^^^^^^^^^^^^^^^^^^^^^^^^
  |   File "D:\nhatro\backend\venv\Lib\site-packages\anyio\_backends\_asyncio.py", line 799, in __aexit__
  |     raise BaseExceptionGroup(
  | ExceptionGroup: unhandled errors in a TaskGroup (1 sub-exception)
  +-+---------------- 1 ----------------
    | Traceback (most recent call last):
    |   File "D:\nhatro\backend\venv\Lib\site-packages\starlette\middleware\errors.py", line 164, in __call__
    |     await self.app(scope, receive, _send)
    |   File "D:\nhatro\backend\venv\Lib\site-packages\starlette\middleware\base.py", line 189, in __call__
    |     with collapse_excgroups():
    |          ^^^^^^^^^^^^^^^^^^^^
    |   File "C:\Users\ngocson\.cache\codex-runtimes\codex-primary-runtime\dependencies\python\Lib\contextlib.py", line 158, in __exit__
    |     self.gen.throw(value)
    |   File "D:\nhatro\backend\venv\Lib\site-packages\starlette\_utils.py", line 93, in collapse_excgroups
    |     raise exc
    |   File "D:\nhatro\backend\venv\Lib\site-packages\starlette\middleware\base.py", line 191, in __call__
    |     response = await self.dispatch_func(request, call_next)
    |                ^^^^^^^^^^^^^^^^^^^^^^^^^^^^^^^^^^^^^^^^^^^^
    |   File "D:\nhatro\backend\app\main.py", line 127, in rate_limit_middleware
    |     return await call_next(request)
    |            ^^^^^^^^^^^^^^^^^^^^^^^^
    |   File "D:\nhatro\backend\venv\Lib\site-packages\starlette\middleware\base.py", line 165, in call_next
    |     raise app_exc
    |   File "D:\nhatro\backend\venv\Lib\site-packages\starlette\middleware\base.py", line 151, in coro
    |     await self.app(scope, receive_or_disconnect, send_no_error)
    |   File "D:\nhatro\backend\venv\Lib\site-packages\starlette\middleware\base.py", line 189, in __call__
    |     with collapse_excgroups():
    |          ^^^^^^^^^^^^^^^^^^^^
    |   File "C:\Users\ngocson\.cache\codex-runtimes\codex-primary-runtime\dependencies\python\Lib\contextlib.py", line 158, in __exit__
    |     self.gen.throw(value)
    |   File "D:\nhatro\backend\venv\Lib\site-packages\starlette\_utils.py", line 93, in collapse_excgroups
    |     raise exc
    |   File "D:\nhatro\backend\venv\Lib\site-packages\starlette\middleware\base.py", line 191, in __call__
    |     response = await self.dispatch_func(request, call_next)
    |                ^^^^^^^^^^^^^^^^^^^^^^^^^^^^^^^^^^^^^^^^^^^^
    |   File "D:\nhatro\backend\app\main.py", line 93, in add_process_time
    |     response = await call_next(request)
    |                ^^^^^^^^^^^^^^^^^^^^^^^^
    |   File "D:\nhatro\backend\venv\Lib\site-packages\starlette\middleware\base.py", line 165, in call_next
    |     raise app_exc
    |   File "D:\nhatro\backend\venv\Lib\site-packages\starlette\middleware\base.py", line 151, in coro
    |     await self.app(scope, receive_or_disconnect, send_no_error)
    |   File "D:\nhatro\backend\venv\Lib\site-packages\starlette\middleware\base.py", line 189, in __call__
    |     with collapse_excgroups():
    |          ^^^^^^^^^^^^^^^^^^^^
    |   File "C:\Users\ngocson\.cache\codex-runtimes\codex-primary-runtime\dependencies\python\Lib\contextlib.py", line 158, in __exit__
    |     self.gen.throw(value)
    |   File "D:\nhatro\backend\venv\Lib\site-packages\starlette\_utils.py", line 93, in collapse_excgroups
    |     raise exc
    |   File "D:\nhatro\backend\venv\Lib\site-packages\starlette\middleware\base.py", line 191, in __call__
    |     response = await self.dispatch_func(request, call_next)
    |                ^^^^^^^^^^^^^^^^^^^^^^^^^^^^^^^^^^^^^^^^^^^^
    |   File "D:\nhatro\backend\app\main.py", line 86, in add_security_headers
    |     response = await call_next(request)
    |                ^^^^^^^^^^^^^^^^^^^^^^^^
    |   File "D:\nhatro\backend\venv\Lib\site-packages\starlette\middleware\base.py", line 165, in call_next
    |     raise app_exc
    |   File "D:\nhatro\backend\venv\Lib\site-packages\starlette\middleware\base.py", line 151, in coro
    |     await self.app(scope, receive_or_disconnect, send_no_error)
    |   File "D:\nhatro\backend\venv\Lib\site-packages\starlette\middleware\cors.py", line 85, in __call__
    |     await self.app(scope, receive, send)
    |   File "D:\nhatro\backend\venv\Lib\site-packages\starlette\middleware\exceptions.py", line 65, in __call__
    |     await wrap_app_handling_exceptions(self.app, conn)(scope, receive, send)
    |   File "D:\nhatro\backend\venv\Lib\site-packages\starlette\_exception_handler.py", line 64, in wrapped_app
    |     raise exc
    |   File "D:\nhatro\backend\venv\Lib\site-packages\starlette\_exception_handler.py", line 53, in wrapped_app
    |     await app(scope, receive, sender)
    |   File "D:\nhatro\backend\venv\Lib\site-packages\starlette\routing.py", line 756, in __call__
    |     await self.middleware_stack(scope, receive, send)
    |   File "D:\nhatro\backend\venv\Lib\site-packages\starlette\routing.py", line 776, in app
    |     await route.handle(scope, receive, send)
    |   File "D:\nhatro\backend\venv\Lib\site-packages\starlette\routing.py", line 297, in handle
    |     await self.app(scope, receive, send)
    |   File "D:\nhatro\backend\venv\Lib\site-packages\starlette\routing.py", line 77, in app
    |     await wrap_app_handling_exceptions(app, request)(scope, receive, send)
    |   File "D:\nhatro\backend\venv\Lib\site-packages\starlette\_exception_handler.py", line 75, in wrapped_app
    |     response = await handler(conn, exc)
    |                ^^^^^^^^^^^^^^^^^^^^^^^^
    |   File "D:\nhatro\backend\app\main.py", line 157, in validation_exception_handler
    |     return JSONResponse(
    |            ^^^^^^^^^^^^^
    |   File "D:\nhatro\backend\venv\Lib\site-packages\starlette\responses.py", line 184, in __init__
    |     super().__init__(content, status_code, headers, media_type, background)
    |   File "D:\nhatro\backend\venv\Lib\site-packages\starlette\responses.py", line 41, in __init__
    |     self.body = self.render(content)
    |                 ^^^^^^^^^^^^^^^^^^^^
    |   File "D:\nhatro\backend\venv\Lib\site-packages\starlette\responses.py", line 187, in render
    |     return json.dumps(
    |            ^^^^^^^^^^^
    |   File "C:\Users\ngocson\.cache\codex-runtimes\codex-primary-runtime\dependencies\python\Lib\json\__init__.py", line 238, in dumps
    |     **kw).encode(obj)
    |           ^^^^^^^^^^^
    |   File "C:\Users\ngocson\.cache\codex-runtimes\codex-primary-runtime\dependencies\python\Lib\json\encoder.py", line 200, in encode
    |     chunks = self.iterencode(o, _one_shot=True)
    |              ^^^^^^^^^^^^^^^^^^^^^^^^^^^^^^^^^^
    |   File "C:\Users\ngocson\.cache\codex-runtimes\codex-primary-runtime\dependencies\python\Lib\json\encoder.py", line 258, in iterencode
    |     return _iterencode(o, 0)
    |            ^^^^^^^^^^^^^^^^^
    |   File "C:\Users\ngocson\.cache\codex-runtimes\codex-primary-runtime\dependencies\python\Lib\json\encoder.py", line 180, in default
    |     raise TypeError(f'Object of type {o.__class__.__name__} '
    | TypeError: Object of type ValueError is not JSON serializable
    +------------------------------------

During handling of the above exception, another exception occurred:

Traceback (most recent call last):
  File "D:\nhatro\backend\venv\Lib\site-packages\starlette\middleware\errors.py", line 164, in __call__
    await self.app(scope, receive, _send)
  File "D:\nhatro\backend\venv\Lib\site-packages\starlette\middleware\base.py", line 189, in __call__
    with collapse_excgroups():
         ^^^^^^^^^^^^^^^^^^^^
  File "C:\Users\ngocson\.cache\codex-runtimes\codex-primary-runtime\dependencies\python\Lib\contextlib.py", line 158, in __exit__
    self.gen.throw(value)
  File "D:\nhatro\backend\venv\Lib\site-packages\starlette\_utils.py", line 93, in collapse_excgroups
    raise exc
  File "D:\nhatro\backend\venv\Lib\site-packages\starlette\middleware\base.py", line 191, in __call__
    response = await self.dispatch_func(request, call_next)
               ^^^^^^^^^^^^^^^^^^^^^^^^^^^^^^^^^^^^^^^^^^^^
  File "D:\nhatro\backend\app\main.py", line 127, in rate_limit_middleware
    return await call_next(request)
           ^^^^^^^^^^^^^^^^^^^^^^^^
  File "D:\nhatro\backend\venv\Lib\site-packages\starlette\middleware\base.py", line 165, in call_next
    raise app_exc
  File "D:\nhatro\backend\venv\Lib\site-packages\starlette\middleware\base.py", line 151, in coro
    await self.app(scope, receive_or_disconnect, send_no_error)
  File "D:\nhatro\backend\venv\Lib\site-packages\starlette\middleware\base.py", line 189, in __call__
    with collapse_excgroups():
         ^^^^^^^^^^^^^^^^^^^^
  File "C:\Users\ngocson\.cache\codex-runtimes\codex-primary-runtime\dependencies\python\Lib\contextlib.py", line 158, in __exit__
    self.gen.throw(value)
  File "D:\nhatro\backend\venv\Lib\site-packages\starlette\_utils.py", line 93, in collapse_excgroups
    raise exc
  File "D:\nhatro\backend\venv\Lib\site-packages\starlette\middleware\base.py", line 191, in __call__
    response = await self.dispatch_func(request, call_next)
               ^^^^^^^^^^^^^^^^^^^^^^^^^^^^^^^^^^^^^^^^^^^^
  File "D:\nhatro\backend\app\main.py", line 93, in add_process_time
    response = await call_next(request)
               ^^^^^^^^^^^^^^^^^^^^^^^^
  File "D:\nhatro\backend\venv\Lib\site-packages\starlette\middleware\base.py", line 165, in call_next
    raise app_exc
  File "D:\nhatro\backend\venv\Lib\site-packages\starlette\middleware\base.py", line 151, in coro
    await self.app(scope, receive_or_disconnect, send_no_error)
  File "D:\nhatro\backend\venv\Lib\site-packages\starlette\middleware\base.py", line 189, in __call__
    with collapse_excgroups():
         ^^^^^^^^^^^^^^^^^^^^
  File "C:\Users\ngocson\.cache\codex-runtimes\codex-primary-runtime\dependencies\python\Lib\contextlib.py", line 158, in __exit__
    self.gen.throw(value)
  File "D:\nhatro\backend\venv\Lib\site-packages\starlette\_utils.py", line 93, in collapse_excgroups
    raise exc
  File "D:\nhatro\backend\venv\Lib\site-packages\starlette\middleware\base.py", line 191, in __call__
    response = await self.dispatch_func(request, call_next)
               ^^^^^^^^^^^^^^^^^^^^^^^^^^^^^^^^^^^^^^^^^^^^
  File "D:\nhatro\backend\app\main.py", line 86, in add_security_headers
    response = await call_next(request)
               ^^^^^^^^^^^^^^^^^^^^^^^^
  File "D:\nhatro\backend\venv\Lib\site-packages\starlette\middleware\base.py", line 165, in call_next
    raise app_exc
  File "D:\nhatro\backend\venv\Lib\site-packages\starlette\middleware\base.py", line 151, in coro
    await self.app(scope, receive_or_disconnect, send_no_error)
  File "D:\nhatro\backend\venv\Lib\site-packages\starlette\middleware\cors.py", line 85, in __call__
    await self.app(scope, receive, send)
  File "D:\nhatro\backend\venv\Lib\site-packages\starlette\middleware\exceptions.py", line 65, in __call__
    await wrap_app_handling_exceptions(self.app, conn)(scope, receive, send)
  File "D:\nhatro\backend\venv\Lib\site-packages\starlette\_exception_handler.py", line 64, in wrapped_app
    raise exc
  File "D:\nhatro\backend\venv\Lib\site-packages\starlette\_exception_handler.py", line 53, in wrapped_app
    await app(scope, receive, sender)
  File "D:\nhatro\backend\venv\Lib\site-packages\starlette\routing.py", line 756, in __call__
    await self.middleware_stack(scope, receive, send)
  File "D:\nhatro\backend\venv\Lib\site-packages\starlette\routing.py", line 776, in app
    await route.handle(scope, receive, send)
  File "D:\nhatro\backend\venv\Lib\site-packages\starlette\routing.py", line 297, in handle
    await self.app(scope, receive, send)
  File "D:\nhatro\backend\venv\Lib\site-packages\starlette\routing.py", line 77, in app
    await wrap_app_handling_exceptions(app, request)(scope, receive, send)
  File "D:\nhatro\backend\venv\Lib\site-packages\starlette\_exception_handler.py", line 75, in wrapped_app
    response = await handler(conn, exc)
               ^^^^^^^^^^^^^^^^^^^^^^^^
  File "D:\nhatro\backend\app\main.py", line 157, in validation_exception_handler
    return JSONResponse(
           ^^^^^^^^^^^^^
  File "D:\nhatro\backend\venv\Lib\site-packages\starlette\responses.py", line 184, in __init__
    super().__init__(content, status_code, headers, media_type, background)
  File "D:\nhatro\backend\venv\Lib\site-packages\starlette\responses.py", line 41, in __init__
    self.body = self.render(content)
                ^^^^^^^^^^^^^^^^^^^^
  File "D:\nhatro\backend\venv\Lib\site-packages\starlette\responses.py", line 187, in render
    return json.dumps(
           ^^^^^^^^^^^
  File "C:\Users\ngocson\.cache\codex-runtimes\codex-primary-runtime\dependencies\python\Lib\json\__init__.py", line 238, in dumps
    **kw).encode(obj)
          ^^^^^^^^^^^
  File "C:\Users\ngocson\.cache\codex-runtimes\codex-primary-runtime\dependencies\python\Lib\json\encoder.py", line 200, in encode
    chunks = self.iterencode(o, _one_shot=True)
             ^^^^^^^^^^^^^^^^^^^^^^^^^^^^^^^^^^
  File "C:\Users\ngocson\.cache\codex-runtimes\codex-primary-runtime\dependencies\python\Lib\json\encoder.py", line 258, in iterencode
    return _iterencode(o, 0)
           ^^^^^^^^^^^^^^^^^
  File "C:\Users\ngocson\.cache\codex-runtimes\codex-primary-runtime\dependencies\python\Lib\json\encoder.py", line 180, in default
    raise TypeError(f'Object of type {o.__class__.__name__} '
TypeError: Object of type ValueError is not JSON serializable
==============================================

=== VALIDATION ERROR AT POST /api/v1/auth/register ===
[{'type': 'value_error', 'loc': ('body', 'password'), 'msg': 'Value error, Password must be at least 8 characters', 'input': 'ZAP', 'ctx': {'error': ValueError('Password must be at least 8 characters')}}, {'type': 'string_type', 'loc': ('body', 'phone'), 'msg': 'Input should be a valid string', 'input': 9999999999}, {'type': 'value_error', 'loc': ('body', 'otp_code'), 'msg': 'Value error, OTP code must be 6 digits', 'input': 'https://1531402951787460335.owasp.org/?John Doe', 'ctx': {'error': ValueError('OTP code must be 6 digits')}}]
==============================================

=== GLOBAL EXCEPTION HANDLER AT POST /api/v1/auth/register ===
  + Exception Group Traceback (most recent call last):
  |   File "D:\nhatro\backend\venv\Lib\site-packages\starlette\_utils.py", line 87, in collapse_excgroups
  |     yield
  |   File "D:\nhatro\backend\venv\Lib\site-packages\starlette\middleware\base.py", line 190, in __call__
  |     async with anyio.create_task_group() as task_group:
  |                ^^^^^^^^^^^^^^^^^^^^^^^^^
  |   File "D:\nhatro\backend\venv\Lib\site-packages\anyio\_backends\_asyncio.py", line 799, in __aexit__
  |     raise BaseExceptionGroup(
  | ExceptionGroup: unhandled errors in a TaskGroup (1 sub-exception)
  +-+---------------- 1 ----------------
    | Traceback (most recent call last):
    |   File "D:\nhatro\backend\venv\Lib\site-packages\starlette\middleware\errors.py", line 164, in __call__
    |     await self.app(scope, receive, _send)
    |   File "D:\nhatro\backend\venv\Lib\site-packages\starlette\middleware\base.py", line 189, in __call__
    |     with collapse_excgroups():
    |          ^^^^^^^^^^^^^^^^^^^^
    |   File "C:\Users\ngocson\.cache\codex-runtimes\codex-primary-runtime\dependencies\python\Lib\contextlib.py", line 158, in __exit__
    |     self.gen.throw(value)
    |   File "D:\nhatro\backend\venv\Lib\site-packages\starlette\_utils.py", line 93, in collapse_excgroups
    |     raise exc
    |   File "D:\nhatro\backend\venv\Lib\site-packages\starlette\middleware\base.py", line 191, in __call__
    |     response = await self.dispatch_func(request, call_next)
    |                ^^^^^^^^^^^^^^^^^^^^^^^^^^^^^^^^^^^^^^^^^^^^
    |   File "D:\nhatro\backend\app\main.py", line 127, in rate_limit_middleware
    |     return await call_next(request)
    |            ^^^^^^^^^^^^^^^^^^^^^^^^
    |   File "D:\nhatro\backend\venv\Lib\site-packages\starlette\middleware\base.py", line 165, in call_next
    |     raise app_exc
    |   File "D:\nhatro\backend\venv\Lib\site-packages\starlette\middleware\base.py", line 151, in coro
    |     await self.app(scope, receive_or_disconnect, send_no_error)
    |   File "D:\nhatro\backend\venv\Lib\site-packages\starlette\middleware\base.py", line 189, in __call__
    |     with collapse_excgroups():
    |          ^^^^^^^^^^^^^^^^^^^^
    |   File "C:\Users\ngocson\.cache\codex-runtimes\codex-primary-runtime\dependencies\python\Lib\contextlib.py", line 158, in __exit__
    |     self.gen.throw(value)
    |   File "D:\nhatro\backend\venv\Lib\site-packages\starlette\_utils.py", line 93, in collapse_excgroups
    |     raise exc
    |   File "D:\nhatro\backend\venv\Lib\site-packages\starlette\middleware\base.py", line 191, in __call__
    |     response = await self.dispatch_func(request, call_next)
    |                ^^^^^^^^^^^^^^^^^^^^^^^^^^^^^^^^^^^^^^^^^^^^
    |   File "D:\nhatro\backend\app\main.py", line 93, in add_process_time
    |     response = await call_next(request)
    |                ^^^^^^^^^^^^^^^^^^^^^^^^
    |   File "D:\nhatro\backend\venv\Lib\site-packages\starlette\middleware\base.py", line 165, in call_next
    |     raise app_exc
    |   File "D:\nhatro\backend\venv\Lib\site-packages\starlette\middleware\base.py", line 151, in coro
    |     await self.app(scope, receive_or_disconnect, send_no_error)
    |   File "D:\nhatro\backend\venv\Lib\site-packages\starlette\middleware\base.py", line 189, in __call__
    |     with collapse_excgroups():
    |          ^^^^^^^^^^^^^^^^^^^^
    |   File "C:\Users\ngocson\.cache\codex-runtimes\codex-primary-runtime\dependencies\python\Lib\contextlib.py", line 158, in __exit__
    |     self.gen.throw(value)
    |   File "D:\nhatro\backend\venv\Lib\site-packages\starlette\_utils.py", line 93, in collapse_excgroups
    |     raise exc
    |   File "D:\nhatro\backend\venv\Lib\site-packages\starlette\middleware\base.py", line 191, in __call__
    |     response = await self.dispatch_func(request, call_next)
    |                ^^^^^^^^^^^^^^^^^^^^^^^^^^^^^^^^^^^^^^^^^^^^
    |   File "D:\nhatro\backend\app\main.py", line 86, in add_security_headers
    |     response = await call_next(request)
    |                ^^^^^^^^^^^^^^^^^^^^^^^^
    |   File "D:\nhatro\backend\venv\Lib\site-packages\starlette\middleware\base.py", line 165, in call_next
    |     raise app_exc
    |   File "D:\nhatro\backend\venv\Lib\site-packages\starlette\middleware\base.py", line 151, in coro
    |     await self.app(scope, receive_or_disconnect, send_no_error)
    |   File "D:\nhatro\backend\venv\Lib\site-packages\starlette\middleware\cors.py", line 85, in __call__
    |     await self.app(scope, receive, send)
    |   File "D:\nhatro\backend\venv\Lib\site-packages\starlette\middleware\exceptions.py", line 65, in __call__
    |     await wrap_app_handling_exceptions(self.app, conn)(scope, receive, send)
    |   File "D:\nhatro\backend\venv\Lib\site-packages\starlette\_exception_handler.py", line 64, in wrapped_app
    |     raise exc
    |   File "D:\nhatro\backend\venv\Lib\site-packages\starlette\_exception_handler.py", line 53, in wrapped_app
    |     await app(scope, receive, sender)
    |   File "D:\nhatro\backend\venv\Lib\site-packages\starlette\routing.py", line 756, in __call__
    |     await self.middleware_stack(scope, receive, send)
    |   File "D:\nhatro\backend\venv\Lib\site-packages\starlette\routing.py", line 776, in app
    |     await route.handle(scope, receive, send)
    |   File "D:\nhatro\backend\venv\Lib\site-packages\starlette\routing.py", line 297, in handle
    |     await self.app(scope, receive, send)
    |   File "D:\nhatro\backend\venv\Lib\site-packages\starlette\routing.py", line 77, in app
    |     await wrap_app_handling_exceptions(app, request)(scope, receive, send)
    |   File "D:\nhatro\backend\venv\Lib\site-packages\starlette\_exception_handler.py", line 75, in wrapped_app
    |     response = await handler(conn, exc)
    |                ^^^^^^^^^^^^^^^^^^^^^^^^
    |   File "D:\nhatro\backend\app\main.py", line 157, in validation_exception_handler
    |     return JSONResponse(
    |            ^^^^^^^^^^^^^
    |   File "D:\nhatro\backend\venv\Lib\site-packages\starlette\responses.py", line 184, in __init__
    |     super().__init__(content, status_code, headers, media_type, background)
    |   File "D:\nhatro\backend\venv\Lib\site-packages\starlette\responses.py", line 41, in __init__
    |     self.body = self.render(content)
    |                 ^^^^^^^^^^^^^^^^^^^^
    |   File "D:\nhatro\backend\venv\Lib\site-packages\starlette\responses.py", line 187, in render
    |     return json.dumps(
    |            ^^^^^^^^^^^
    |   File "C:\Users\ngocson\.cache\codex-runtimes\codex-primary-runtime\dependencies\python\Lib\json\__init__.py", line 238, in dumps
    |     **kw).encode(obj)
    |           ^^^^^^^^^^^
    |   File "C:\Users\ngocson\.cache\codex-runtimes\codex-primary-runtime\dependencies\python\Lib\json\encoder.py", line 200, in encode
    |     chunks = self.iterencode(o, _one_shot=True)
    |              ^^^^^^^^^^^^^^^^^^^^^^^^^^^^^^^^^^
    |   File "C:\Users\ngocson\.cache\codex-runtimes\codex-primary-runtime\dependencies\python\Lib\json\encoder.py", line 258, in iterencode
    |     return _iterencode(o, 0)
    |            ^^^^^^^^^^^^^^^^^
    |   File "C:\Users\ngocson\.cache\codex-runtimes\codex-primary-runtime\dependencies\python\Lib\json\encoder.py", line 180, in default
    |     raise TypeError(f'Object of type {o.__class__.__name__} '
    | TypeError: Object of type ValueError is not JSON serializable
    +------------------------------------

During handling of the above exception, another exception occurred:

Traceback (most recent call last):
  File "D:\nhatro\backend\venv\Lib\site-packages\starlette\middleware\errors.py", line 164, in __call__
    await self.app(scope, receive, _send)
  File "D:\nhatro\backend\venv\Lib\site-packages\starlette\middleware\base.py", line 189, in __call__
    with collapse_excgroups():
         ^^^^^^^^^^^^^^^^^^^^
  File "C:\Users\ngocson\.cache\codex-runtimes\codex-primary-runtime\dependencies\python\Lib\contextlib.py", line 158, in __exit__
    self.gen.throw(value)
  File "D:\nhatro\backend\venv\Lib\site-packages\starlette\_utils.py", line 93, in collapse_excgroups
    raise exc
  File "D:\nhatro\backend\venv\Lib\site-packages\starlette\middleware\base.py", line 191, in __call__
    response = await self.dispatch_func(request, call_next)
               ^^^^^^^^^^^^^^^^^^^^^^^^^^^^^^^^^^^^^^^^^^^^
  File "D:\nhatro\backend\app\main.py", line 127, in rate_limit_middleware
    return await call_next(request)
           ^^^^^^^^^^^^^^^^^^^^^^^^
  File "D:\nhatro\backend\venv\Lib\site-packages\starlette\middleware\base.py", line 165, in call_next
    raise app_exc
  File "D:\nhatro\backend\venv\Lib\site-packages\starlette\middleware\base.py", line 151, in coro
    await self.app(scope, receive_or_disconnect, send_no_error)
  File "D:\nhatro\backend\venv\Lib\site-packages\starlette\middleware\base.py", line 189, in __call__
    with collapse_excgroups():
         ^^^^^^^^^^^^^^^^^^^^
  File "C:\Users\ngocson\.cache\codex-runtimes\codex-primary-runtime\dependencies\python\Lib\contextlib.py", line 158, in __exit__
    self.gen.throw(value)
  File "D:\nhatro\backend\venv\Lib\site-packages\starlette\_utils.py", line 93, in collapse_excgroups
    raise exc
  File "D:\nhatro\backend\venv\Lib\site-packages\starlette\middleware\base.py", line 191, in __call__
    response = await self.dispatch_func(request, call_next)
               ^^^^^^^^^^^^^^^^^^^^^^^^^^^^^^^^^^^^^^^^^^^^
  File "D:\nhatro\backend\app\main.py", line 93, in add_process_time
    response = await call_next(request)
               ^^^^^^^^^^^^^^^^^^^^^^^^
  File "D:\nhatro\backend\venv\Lib\site-packages\starlette\middleware\base.py", line 165, in call_next
    raise app_exc
  File "D:\nhatro\backend\venv\Lib\site-packages\starlette\middleware\base.py", line 151, in coro
    await self.app(scope, receive_or_disconnect, send_no_error)
  File "D:\nhatro\backend\venv\Lib\site-packages\starlette\middleware\base.py", line 189, in __call__
    with collapse_excgroups():
         ^^^^^^^^^^^^^^^^^^^^
  File "C:\Users\ngocson\.cache\codex-runtimes\codex-primary-runtime\dependencies\python\Lib\contextlib.py", line 158, in __exit__
    self.gen.throw(value)
  File "D:\nhatro\backend\venv\Lib\site-packages\starlette\_utils.py", line 93, in collapse_excgroups
    raise exc
  File "D:\nhatro\backend\venv\Lib\site-packages\starlette\middleware\base.py", line 191, in __call__
    response = await self.dispatch_func(request, call_next)
               ^^^^^^^^^^^^^^^^^^^^^^^^^^^^^^^^^^^^^^^^^^^^
  File "D:\nhatro\backend\app\main.py", line 86, in add_security_headers
    response = await call_next(request)
               ^^^^^^^^^^^^^^^^^^^^^^^^
  File "D:\nhatro\backend\venv\Lib\site-packages\starlette\middleware\base.py", line 165, in call_next
    raise app_exc
  File "D:\nhatro\backend\venv\Lib\site-packages\starlette\middleware\base.py", line 151, in coro
    await self.app(scope, receive_or_disconnect, send_no_error)
  File "D:\nhatro\backend\venv\Lib\site-packages\starlette\middleware\cors.py", line 85, in __call__
    await self.app(scope, receive, send)
  File "D:\nhatro\backend\venv\Lib\site-packages\starlette\middleware\exceptions.py", line 65, in __call__
    await wrap_app_handling_exceptions(self.app, conn)(scope, receive, send)
  File "D:\nhatro\backend\venv\Lib\site-packages\starlette\_exception_handler.py", line 64, in wrapped_app
    raise exc
  File "D:\nhatro\backend\venv\Lib\site-packages\starlette\_exception_handler.py", line 53, in wrapped_app
    await app(scope, receive, sender)
  File "D:\nhatro\backend\venv\Lib\site-packages\starlette\routing.py", line 756, in __call__
    await self.middleware_stack(scope, receive, send)
  File "D:\nhatro\backend\venv\Lib\site-packages\starlette\routing.py", line 776, in app
    await route.handle(scope, receive, send)
  File "D:\nhatro\backend\venv\Lib\site-packages\starlette\routing.py", line 297, in handle
    await self.app(scope, receive, send)
  File "D:\nhatro\backend\venv\Lib\site-packages\starlette\routing.py", line 77, in app
    await wrap_app_handling_exceptions(app, request)(scope, receive, send)
  File "D:\nhatro\backend\venv\Lib\site-packages\starlette\_exception_handler.py", line 75, in wrapped_app
    response = await handler(conn, exc)
               ^^^^^^^^^^^^^^^^^^^^^^^^
  File "D:\nhatro\backend\app\main.py", line 157, in validation_exception_handler
    return JSONResponse(
           ^^^^^^^^^^^^^
  File "D:\nhatro\backend\venv\Lib\site-packages\starlette\responses.py", line 184, in __init__
    super().__init__(content, status_code, headers, media_type, background)
  File "D:\nhatro\backend\venv\Lib\site-packages\starlette\responses.py", line 41, in __init__
    self.body = self.render(content)
                ^^^^^^^^^^^^^^^^^^^^
  File "D:\nhatro\backend\venv\Lib\site-packages\starlette\responses.py", line 187, in render
    return json.dumps(
           ^^^^^^^^^^^
  File "C:\Users\ngocson\.cache\codex-runtimes\codex-primary-runtime\dependencies\python\Lib\json\__init__.py", line 238, in dumps
    **kw).encode(obj)
          ^^^^^^^^^^^
  File "C:\Users\ngocson\.cache\codex-runtimes\codex-primary-runtime\dependencies\python\Lib\json\encoder.py", line 200, in encode
    chunks = self.iterencode(o, _one_shot=True)
             ^^^^^^^^^^^^^^^^^^^^^^^^^^^^^^^^^^
  File "C:\Users\ngocson\.cache\codex-runtimes\codex-primary-runtime\dependencies\python\Lib\json\encoder.py", line 258, in iterencode
    return _iterencode(o, 0)
           ^^^^^^^^^^^^^^^^^
  File "C:\Users\ngocson\.cache\codex-runtimes\codex-primary-runtime\dependencies\python\Lib\json\encoder.py", line 180, in default
    raise TypeError(f'Object of type {o.__class__.__name__} '
TypeError: Object of type ValueError is not JSON serializable
==============================================

=== VALIDATION ERROR AT POST /api/v1/auth/register ===
[{'type': 'value_error', 'loc': ('body', 'password'), 'msg': 'Value error, Password must be at least 8 characters', 'input': 'ZAP', 'ctx': {'error': ValueError('Password must be at least 8 characters')}}, {'type': 'string_type', 'loc': ('body', 'phone'), 'msg': 'Input should be a valid string', 'input': 9999999999}, {'type': 'value_error', 'loc': ('body', 'otp_code'), 'msg': 'Value error, OTP code must be 6 digits', 'input': "5;URL='https://1531402951787460335.owasp.org/?John Doe'", 'ctx': {'error': ValueError('OTP code must be 6 digits')}}]
==============================================

=== GLOBAL EXCEPTION HANDLER AT POST /api/v1/auth/register ===
  + Exception Group Traceback (most recent call last):
  |   File "D:\nhatro\backend\venv\Lib\site-packages\starlette\_utils.py", line 87, in collapse_excgroups
  |     yield
  |   File "D:\nhatro\backend\venv\Lib\site-packages\starlette\middleware\base.py", line 190, in __call__
  |     async with anyio.create_task_group() as task_group:
  |                ^^^^^^^^^^^^^^^^^^^^^^^^^
  |   File "D:\nhatro\backend\venv\Lib\site-packages\anyio\_backends\_asyncio.py", line 799, in __aexit__
  |     raise BaseExceptionGroup(
  | ExceptionGroup: unhandled errors in a TaskGroup (1 sub-exception)
  +-+---------------- 1 ----------------
    | Traceback (most recent call last):
    |   File "D:\nhatro\backend\venv\Lib\site-packages\starlette\middleware\errors.py", line 164, in __call__
    |     await self.app(scope, receive, _send)
    |   File "D:\nhatro\backend\venv\Lib\site-packages\starlette\middleware\base.py", line 189, in __call__
    |     with collapse_excgroups():
    |          ^^^^^^^^^^^^^^^^^^^^
    |   File "C:\Users\ngocson\.cache\codex-runtimes\codex-primary-runtime\dependencies\python\Lib\contextlib.py", line 158, in __exit__
    |     self.gen.throw(value)
    |   File "D:\nhatro\backend\venv\Lib\site-packages\starlette\_utils.py", line 93, in collapse_excgroups
    |     raise exc
    |   File "D:\nhatro\backend\venv\Lib\site-packages\starlette\middleware\base.py", line 191, in __call__
    |     response = await self.dispatch_func(request, call_next)
    |                ^^^^^^^^^^^^^^^^^^^^^^^^^^^^^^^^^^^^^^^^^^^^
    |   File "D:\nhatro\backend\app\main.py", line 127, in rate_limit_middleware
    |     return await call_next(request)
    |            ^^^^^^^^^^^^^^^^^^^^^^^^
    |   File "D:\nhatro\backend\venv\Lib\site-packages\starlette\middleware\base.py", line 165, in call_next
    |     raise app_exc
    |   File "D:\nhatro\backend\venv\Lib\site-packages\starlette\middleware\base.py", line 151, in coro
    |     await self.app(scope, receive_or_disconnect, send_no_error)
    |   File "D:\nhatro\backend\venv\Lib\site-packages\starlette\middleware\base.py", line 189, in __call__
    |     with collapse_excgroups():
    |          ^^^^^^^^^^^^^^^^^^^^
    |   File "C:\Users\ngocson\.cache\codex-runtimes\codex-primary-runtime\dependencies\python\Lib\contextlib.py", line 158, in __exit__
    |     self.gen.throw(value)
    |   File "D:\nhatro\backend\venv\Lib\site-packages\starlette\_utils.py", line 93, in collapse_excgroups
    |     raise exc
    |   File "D:\nhatro\backend\venv\Lib\site-packages\starlette\middleware\base.py", line 191, in __call__
    |     response = await self.dispatch_func(request, call_next)
    |                ^^^^^^^^^^^^^^^^^^^^^^^^^^^^^^^^^^^^^^^^^^^^
    |   File "D:\nhatro\backend\app\main.py", line 93, in add_process_time
    |     response = await call_next(request)
    |                ^^^^^^^^^^^^^^^^^^^^^^^^
    |   File "D:\nhatro\backend\venv\Lib\site-packages\starlette\middleware\base.py", line 165, in call_next
    |     raise app_exc
    |   File "D:\nhatro\backend\venv\Lib\site-packages\starlette\middleware\base.py", line 151, in coro
    |     await self.app(scope, receive_or_disconnect, send_no_error)
    |   File "D:\nhatro\backend\venv\Lib\site-packages\starlette\middleware\base.py", line 189, in __call__
    |     with collapse_excgroups():
    |          ^^^^^^^^^^^^^^^^^^^^
    |   File "C:\Users\ngocson\.cache\codex-runtimes\codex-primary-runtime\dependencies\python\Lib\contextlib.py", line 158, in __exit__
    |     self.gen.throw(value)
    |   File "D:\nhatro\backend\venv\Lib\site-packages\starlette\_utils.py", line 93, in collapse_excgroups
    |     raise exc
    |   File "D:\nhatro\backend\venv\Lib\site-packages\starlette\middleware\base.py", line 191, in __call__
    |     response = await self.dispatch_func(request, call_next)
    |                ^^^^^^^^^^^^^^^^^^^^^^^^^^^^^^^^^^^^^^^^^^^^
    |   File "D:\nhatro\backend\app\main.py", line 86, in add_security_headers
    |     response = await call_next(request)
    |                ^^^^^^^^^^^^^^^^^^^^^^^^
    |   File "D:\nhatro\backend\venv\Lib\site-packages\starlette\middleware\base.py", line 165, in call_next
    |     raise app_exc
    |   File "D:\nhatro\backend\venv\Lib\site-packages\starlette\middleware\base.py", line 151, in coro
    |     await self.app(scope, receive_or_disconnect, send_no_error)
    |   File "D:\nhatro\backend\venv\Lib\site-packages\starlette\middleware\cors.py", line 85, in __call__
    |     await self.app(scope, receive, send)
    |   File "D:\nhatro\backend\venv\Lib\site-packages\starlette\middleware\exceptions.py", line 65, in __call__
    |     await wrap_app_handling_exceptions(self.app, conn)(scope, receive, send)
    |   File "D:\nhatro\backend\venv\Lib\site-packages\starlette\_exception_handler.py", line 64, in wrapped_app
    |     raise exc
    |   File "D:\nhatro\backend\venv\Lib\site-packages\starlette\_exception_handler.py", line 53, in wrapped_app
    |     await app(scope, receive, sender)
    |   File "D:\nhatro\backend\venv\Lib\site-packages\starlette\routing.py", line 756, in __call__
    |     await self.middleware_stack(scope, receive, send)
    |   File "D:\nhatro\backend\venv\Lib\site-packages\starlette\routing.py", line 776, in app
    |     await route.handle(scope, receive, send)
    |   File "D:\nhatro\backend\venv\Lib\site-packages\starlette\routing.py", line 297, in handle
    |     await self.app(scope, receive, send)
    |   File "D:\nhatro\backend\venv\Lib\site-packages\starlette\routing.py", line 77, in app
    |     await wrap_app_handling_exceptions(app, request)(scope, receive, send)
    |   File "D:\nhatro\backend\venv\Lib\site-packages\starlette\_exception_handler.py", line 75, in wrapped_app
    |     response = await handler(conn, exc)
    |                ^^^^^^^^^^^^^^^^^^^^^^^^
    |   File "D:\nhatro\backend\app\main.py", line 157, in validation_exception_handler
    |     return JSONResponse(
    |            ^^^^^^^^^^^^^
    |   File "D:\nhatro\backend\venv\Lib\site-packages\starlette\responses.py", line 184, in __init__
    |     super().__init__(content, status_code, headers, media_type, background)
    |   File "D:\nhatro\backend\venv\Lib\site-packages\starlette\responses.py", line 41, in __init__
    |     self.body = self.render(content)
    |                 ^^^^^^^^^^^^^^^^^^^^
    |   File "D:\nhatro\backend\venv\Lib\site-packages\starlette\responses.py", line 187, in render
    |     return json.dumps(
    |            ^^^^^^^^^^^
    |   File "C:\Users\ngocson\.cache\codex-runtimes\codex-primary-runtime\dependencies\python\Lib\json\__init__.py", line 238, in dumps
    |     **kw).encode(obj)
    |           ^^^^^^^^^^^
    |   File "C:\Users\ngocson\.cache\codex-runtimes\codex-primary-runtime\dependencies\python\Lib\json\encoder.py", line 200, in encode
    |     chunks = self.iterencode(o, _one_shot=True)
    |              ^^^^^^^^^^^^^^^^^^^^^^^^^^^^^^^^^^
    |   File "C:\Users\ngocson\.cache\codex-runtimes\codex-primary-runtime\dependencies\python\Lib\json\encoder.py", line 258, in iterencode
    |     return _iterencode(o, 0)
    |            ^^^^^^^^^^^^^^^^^
    |   File "C:\Users\ngocson\.cache\codex-runtimes\codex-primary-runtime\dependencies\python\Lib\json\encoder.py", line 180, in default
    |     raise TypeError(f'Object of type {o.__class__.__name__} '
    | TypeError: Object of type ValueError is not JSON serializable
    +------------------------------------

During handling of the above exception, another exception occurred:

Traceback (most recent call last):
  File "D:\nhatro\backend\venv\Lib\site-packages\starlette\middleware\errors.py", line 164, in __call__
    await self.app(scope, receive, _send)
  File "D:\nhatro\backend\venv\Lib\site-packages\starlette\middleware\base.py", line 189, in __call__
    with collapse_excgroups():
         ^^^^^^^^^^^^^^^^^^^^
  File "C:\Users\ngocson\.cache\codex-runtimes\codex-primary-runtime\dependencies\python\Lib\contextlib.py", line 158, in __exit__
    self.gen.throw(value)
  File "D:\nhatro\backend\venv\Lib\site-packages\starlette\_utils.py", line 93, in collapse_excgroups
    raise exc
  File "D:\nhatro\backend\venv\Lib\site-packages\starlette\middleware\base.py", line 191, in __call__
    response = await self.dispatch_func(request, call_next)
               ^^^^^^^^^^^^^^^^^^^^^^^^^^^^^^^^^^^^^^^^^^^^
  File "D:\nhatro\backend\app\main.py", line 127, in rate_limit_middleware
    return await call_next(request)
           ^^^^^^^^^^^^^^^^^^^^^^^^
  File "D:\nhatro\backend\venv\Lib\site-packages\starlette\middleware\base.py", line 165, in call_next
    raise app_exc
  File "D:\nhatro\backend\venv\Lib\site-packages\starlette\middleware\base.py", line 151, in coro
    await self.app(scope, receive_or_disconnect, send_no_error)
  File "D:\nhatro\backend\venv\Lib\site-packages\starlette\middleware\base.py", line 189, in __call__
    with collapse_excgroups():
         ^^^^^^^^^^^^^^^^^^^^
  File "C:\Users\ngocson\.cache\codex-runtimes\codex-primary-runtime\dependencies\python\Lib\contextlib.py", line 158, in __exit__
    self.gen.throw(value)
  File "D:\nhatro\backend\venv\Lib\site-packages\starlette\_utils.py", line 93, in collapse_excgroups
    raise exc
  File "D:\nhatro\backend\venv\Lib\site-packages\starlette\middleware\base.py", line 191, in __call__
    response = await self.dispatch_func(request, call_next)
               ^^^^^^^^^^^^^^^^^^^^^^^^^^^^^^^^^^^^^^^^^^^^
  File "D:\nhatro\backend\app\main.py", line 93, in add_process_time
    response = await call_next(request)
               ^^^^^^^^^^^^^^^^^^^^^^^^
  File "D:\nhatro\backend\venv\Lib\site-packages\starlette\middleware\base.py", line 165, in call_next
    raise app_exc
  File "D:\nhatro\backend\venv\Lib\site-packages\starlette\middleware\base.py", line 151, in coro
    await self.app(scope, receive_or_disconnect, send_no_error)
  File "D:\nhatro\backend\venv\Lib\site-packages\starlette\middleware\base.py", line 189, in __call__
    with collapse_excgroups():
         ^^^^^^^^^^^^^^^^^^^^
  File "C:\Users\ngocson\.cache\codex-runtimes\codex-primary-runtime\dependencies\python\Lib\contextlib.py", line 158, in __exit__
    self.gen.throw(value)
  File "D:\nhatro\backend\venv\Lib\site-packages\starlette\_utils.py", line 93, in collapse_excgroups
    raise exc
  File "D:\nhatro\backend\venv\Lib\site-packages\starlette\middleware\base.py", line 191, in __call__
    response = await self.dispatch_func(request, call_next)
               ^^^^^^^^^^^^^^^^^^^^^^^^^^^^^^^^^^^^^^^^^^^^
  File "D:\nhatro\backend\app\main.py", line 86, in add_security_headers
    response = await call_next(request)
               ^^^^^^^^^^^^^^^^^^^^^^^^
  File "D:\nhatro\backend\venv\Lib\site-packages\starlette\middleware\base.py", line 165, in call_next
    raise app_exc
  File "D:\nhatro\backend\venv\Lib\site-packages\starlette\middleware\base.py", line 151, in coro
    await self.app(scope, receive_or_disconnect, send_no_error)
  File "D:\nhatro\backend\venv\Lib\site-packages\starlette\middleware\cors.py", line 85, in __call__
    await self.app(scope, receive, send)
  File "D:\nhatro\backend\venv\Lib\site-packages\starlette\middleware\exceptions.py", line 65, in __call__
    await wrap_app_handling_exceptions(self.app, conn)(scope, receive, send)
  File "D:\nhatro\backend\venv\Lib\site-packages\starlette\_exception_handler.py", line 64, in wrapped_app
    raise exc
  File "D:\nhatro\backend\venv\Lib\site-packages\starlette\_exception_handler.py", line 53, in wrapped_app
    await app(scope, receive, sender)
  File "D:\nhatro\backend\venv\Lib\site-packages\starlette\routing.py", line 756, in __call__
    await self.middleware_stack(scope, receive, send)
  File "D:\nhatro\backend\venv\Lib\site-packages\starlette\routing.py", line 776, in app
    await route.handle(scope, receive, send)
  File "D:\nhatro\backend\venv\Lib\site-packages\starlette\routing.py", line 297, in handle
    await self.app(scope, receive, send)
  File "D:\nhatro\backend\venv\Lib\site-packages\starlette\routing.py", line 77, in app
    await wrap_app_handling_exceptions(app, request)(scope, receive, send)
  File "D:\nhatro\backend\venv\Lib\site-packages\starlette\_exception_handler.py", line 75, in wrapped_app
    response = await handler(conn, exc)
               ^^^^^^^^^^^^^^^^^^^^^^^^
  File "D:\nhatro\backend\app\main.py", line 157, in validation_exception_handler
    return JSONResponse(
           ^^^^^^^^^^^^^
  File "D:\nhatro\backend\venv\Lib\site-packages\starlette\responses.py", line 184, in __init__
    super().__init__(content, status_code, headers, media_type, background)
  File "D:\nhatro\backend\venv\Lib\site-packages\starlette\responses.py", line 41, in __init__
    self.body = self.render(content)
                ^^^^^^^^^^^^^^^^^^^^
  File "D:\nhatro\backend\venv\Lib\site-packages\starlette\responses.py", line 187, in render
    return json.dumps(
           ^^^^^^^^^^^
  File "C:\Users\ngocson\.cache\codex-runtimes\codex-primary-runtime\dependencies\python\Lib\json\__init__.py", line 238, in dumps
    **kw).encode(obj)
          ^^^^^^^^^^^
  File "C:\Users\ngocson\.cache\codex-runtimes\codex-primary-runtime\dependencies\python\Lib\json\encoder.py", line 200, in encode
    chunks = self.iterencode(o, _one_shot=True)
             ^^^^^^^^^^^^^^^^^^^^^^^^^^^^^^^^^^
  File "C:\Users\ngocson\.cache\codex-runtimes\codex-primary-runtime\dependencies\python\Lib\json\encoder.py", line 258, in iterencode
    return _iterencode(o, 0)
           ^^^^^^^^^^^^^^^^^
  File "C:\Users\ngocson\.cache\codex-runtimes\codex-primary-runtime\dependencies\python\Lib\json\encoder.py", line 180, in default
    raise TypeError(f'Object of type {o.__class__.__name__} '
TypeError: Object of type ValueError is not JSON serializable
==============================================

=== VALIDATION ERROR AT POST /api/v1/auth/register ===
[{'type': 'value_error', 'loc': ('body', 'password'), 'msg': 'Value error, Password must be at least 8 characters', 'input': 'ZAP', 'ctx': {'error': ValueError('Password must be at least 8 characters')}}, {'type': 'string_type', 'loc': ('body', 'phone'), 'msg': 'Input should be a valid string', 'input': 9999999999}, {'type': 'value_error', 'loc': ('body', 'otp_code'), 'msg': 'Value error, OTP code must be 6 digits', 'input': 'https://\\1531402951787460335.owasp.org', 'ctx': {'error': ValueError('OTP code must be 6 digits')}}]
==============================================

=== GLOBAL EXCEPTION HANDLER AT POST /api/v1/auth/register ===
  + Exception Group Traceback (most recent call last):
  |   File "D:\nhatro\backend\venv\Lib\site-packages\starlette\_utils.py", line 87, in collapse_excgroups
  |     yield
  |   File "D:\nhatro\backend\venv\Lib\site-packages\starlette\middleware\base.py", line 190, in __call__
  |     async with anyio.create_task_group() as task_group:
  |                ^^^^^^^^^^^^^^^^^^^^^^^^^
  |   File "D:\nhatro\backend\venv\Lib\site-packages\anyio\_backends\_asyncio.py", line 799, in __aexit__
  |     raise BaseExceptionGroup(
  | ExceptionGroup: unhandled errors in a TaskGroup (1 sub-exception)
  +-+---------------- 1 ----------------
    | Traceback (most recent call last):
    |   File "D:\nhatro\backend\venv\Lib\site-packages\starlette\middleware\errors.py", line 164, in __call__
    |     await self.app(scope, receive, _send)
    |   File "D:\nhatro\backend\venv\Lib\site-packages\starlette\middleware\base.py", line 189, in __call__
    |     with collapse_excgroups():
    |          ^^^^^^^^^^^^^^^^^^^^
    |   File "C:\Users\ngocson\.cache\codex-runtimes\codex-primary-runtime\dependencies\python\Lib\contextlib.py", line 158, in __exit__
    |     self.gen.throw(value)
    |   File "D:\nhatro\backend\venv\Lib\site-packages\starlette\_utils.py", line 93, in collapse_excgroups
    |     raise exc
    |   File "D:\nhatro\backend\venv\Lib\site-packages\starlette\middleware\base.py", line 191, in __call__
    |     response = await self.dispatch_func(request, call_next)
    |                ^^^^^^^^^^^^^^^^^^^^^^^^^^^^^^^^^^^^^^^^^^^^
    |   File "D:\nhatro\backend\app\main.py", line 127, in rate_limit_middleware
    |     return await call_next(request)
    |            ^^^^^^^^^^^^^^^^^^^^^^^^
    |   File "D:\nhatro\backend\venv\Lib\site-packages\starlette\middleware\base.py", line 165, in call_next
    |     raise app_exc
    |   File "D:\nhatro\backend\venv\Lib\site-packages\starlette\middleware\base.py", line 151, in coro
    |     await self.app(scope, receive_or_disconnect, send_no_error)
    |   File "D:\nhatro\backend\venv\Lib\site-packages\starlette\middleware\base.py", line 189, in __call__
    |     with collapse_excgroups():
    |          ^^^^^^^^^^^^^^^^^^^^
    |   File "C:\Users\ngocson\.cache\codex-runtimes\codex-primary-runtime\dependencies\python\Lib\contextlib.py", line 158, in __exit__
    |     self.gen.throw(value)
    |   File "D:\nhatro\backend\venv\Lib\site-packages\starlette\_utils.py", line 93, in collapse_excgroups
    |     raise exc
    |   File "D:\nhatro\backend\venv\Lib\site-packages\starlette\middleware\base.py", line 191, in __call__
    |     response = await self.dispatch_func(request, call_next)
    |                ^^^^^^^^^^^^^^^^^^^^^^^^^^^^^^^^^^^^^^^^^^^^
    |   File "D:\nhatro\backend\app\main.py", line 93, in add_process_time
    |     response = await call_next(request)
    |                ^^^^^^^^^^^^^^^^^^^^^^^^
    |   File "D:\nhatro\backend\venv\Lib\site-packages\starlette\middleware\base.py", line 165, in call_next
    |     raise app_exc
    |   File "D:\nhatro\backend\venv\Lib\site-packages\starlette\middleware\base.py", line 151, in coro
    |     await self.app(scope, receive_or_disconnect, send_no_error)
    |   File "D:\nhatro\backend\venv\Lib\site-packages\starlette\middleware\base.py", line 189, in __call__
    |     with collapse_excgroups():
    |          ^^^^^^^^^^^^^^^^^^^^
    |   File "C:\Users\ngocson\.cache\codex-runtimes\codex-primary-runtime\dependencies\python\Lib\contextlib.py", line 158, in __exit__
    |     self.gen.throw(value)
    |   File "D:\nhatro\backend\venv\Lib\site-packages\starlette\_utils.py", line 93, in collapse_excgroups
    |     raise exc
    |   File "D:\nhatro\backend\venv\Lib\site-packages\starlette\middleware\base.py", line 191, in __call__
    |     response = await self.dispatch_func(request, call_next)
    |                ^^^^^^^^^^^^^^^^^^^^^^^^^^^^^^^^^^^^^^^^^^^^
    |   File "D:\nhatro\backend\app\main.py", line 86, in add_security_headers
    |     response = await call_next(request)
    |                ^^^^^^^^^^^^^^^^^^^^^^^^
    |   File "D:\nhatro\backend\venv\Lib\site-packages\starlette\middleware\base.py", line 165, in call_next
    |     raise app_exc
    |   File "D:\nhatro\backend\venv\Lib\site-packages\starlette\middleware\base.py", line 151, in coro
    |     await self.app(scope, receive_or_disconnect, send_no_error)
    |   File "D:\nhatro\backend\venv\Lib\site-packages\starlette\middleware\cors.py", line 85, in __call__
    |     await self.app(scope, receive, send)
    |   File "D:\nhatro\backend\venv\Lib\site-packages\starlette\middleware\exceptions.py", line 65, in __call__
    |     await wrap_app_handling_exceptions(self.app, conn)(scope, receive, send)
    |   File "D:\nhatro\backend\venv\Lib\site-packages\starlette\_exception_handler.py", line 64, in wrapped_app
    |     raise exc
    |   File "D:\nhatro\backend\venv\Lib\site-packages\starlette\_exception_handler.py", line 53, in wrapped_app
    |     await app(scope, receive, sender)
    |   File "D:\nhatro\backend\venv\Lib\site-packages\starlette\routing.py", line 756, in __call__
    |     await self.middleware_stack(scope, receive, send)
    |   File "D:\nhatro\backend\venv\Lib\site-packages\starlette\routing.py", line 776, in app
    |     await route.handle(scope, receive, send)
    |   File "D:\nhatro\backend\venv\Lib\site-packages\starlette\routing.py", line 297, in handle
    |     await self.app(scope, receive, send)
    |   File "D:\nhatro\backend\venv\Lib\site-packages\starlette\routing.py", line 77, in app
    |     await wrap_app_handling_exceptions(app, request)(scope, receive, send)
    |   File "D:\nhatro\backend\venv\Lib\site-packages\starlette\_exception_handler.py", line 75, in wrapped_app
    |     response = await handler(conn, exc)
    |                ^^^^^^^^^^^^^^^^^^^^^^^^
    |   File "D:\nhatro\backend\app\main.py", line 157, in validation_exception_handler
    |     return JSONResponse(
    |            ^^^^^^^^^^^^^
    |   File "D:\nhatro\backend\venv\Lib\site-packages\starlette\responses.py", line 184, in __init__
    |     super().__init__(content, status_code, headers, media_type, background)
    |   File "D:\nhatro\backend\venv\Lib\site-packages\starlette\responses.py", line 41, in __init__
    |     self.body = self.render(content)
    |                 ^^^^^^^^^^^^^^^^^^^^
    |   File "D:\nhatro\backend\venv\Lib\site-packages\starlette\responses.py", line 187, in render
    |     return json.dumps(
    |            ^^^^^^^^^^^
    |   File "C:\Users\ngocson\.cache\codex-runtimes\codex-primary-runtime\dependencies\python\Lib\json\__init__.py", line 238, in dumps
    |     **kw).encode(obj)
    |           ^^^^^^^^^^^
    |   File "C:\Users\ngocson\.cache\codex-runtimes\codex-primary-runtime\dependencies\python\Lib\json\encoder.py", line 200, in encode
    |     chunks = self.iterencode(o, _one_shot=True)
    |              ^^^^^^^^^^^^^^^^^^^^^^^^^^^^^^^^^^
    |   File "C:\Users\ngocson\.cache\codex-runtimes\codex-primary-runtime\dependencies\python\Lib\json\encoder.py", line 258, in iterencode
    |     return _iterencode(o, 0)
    |            ^^^^^^^^^^^^^^^^^
    |   File "C:\Users\ngocson\.cache\codex-runtimes\codex-primary-runtime\dependencies\python\Lib\json\encoder.py", line 180, in default
    |     raise TypeError(f'Object of type {o.__class__.__name__} '
    | TypeError: Object of type ValueError is not JSON serializable
    +------------------------------------

During handling of the above exception, another exception occurred:

Traceback (most recent call last):
  File "D:\nhatro\backend\venv\Lib\site-packages\starlette\middleware\errors.py", line 164, in __call__
    await self.app(scope, receive, _send)
  File "D:\nhatro\backend\venv\Lib\site-packages\starlette\middleware\base.py", line 189, in __call__
    with collapse_excgroups():
         ^^^^^^^^^^^^^^^^^^^^
  File "C:\Users\ngocson\.cache\codex-runtimes\codex-primary-runtime\dependencies\python\Lib\contextlib.py", line 158, in __exit__
    self.gen.throw(value)
  File "D:\nhatro\backend\venv\Lib\site-packages\starlette\_utils.py", line 93, in collapse_excgroups
    raise exc
  File "D:\nhatro\backend\venv\Lib\site-packages\starlette\middleware\base.py", line 191, in __call__
    response = await self.dispatch_func(request, call_next)
               ^^^^^^^^^^^^^^^^^^^^^^^^^^^^^^^^^^^^^^^^^^^^
  File "D:\nhatro\backend\app\main.py", line 127, in rate_limit_middleware
    return await call_next(request)
           ^^^^^^^^^^^^^^^^^^^^^^^^
  File "D:\nhatro\backend\venv\Lib\site-packages\starlette\middleware\base.py", line 165, in call_next
    raise app_exc
  File "D:\nhatro\backend\venv\Lib\site-packages\starlette\middleware\base.py", line 151, in coro
    await self.app(scope, receive_or_disconnect, send_no_error)
  File "D:\nhatro\backend\venv\Lib\site-packages\starlette\middleware\base.py", line 189, in __call__
    with collapse_excgroups():
         ^^^^^^^^^^^^^^^^^^^^
  File "C:\Users\ngocson\.cache\codex-runtimes\codex-primary-runtime\dependencies\python\Lib\contextlib.py", line 158, in __exit__
    self.gen.throw(value)
  File "D:\nhatro\backend\venv\Lib\site-packages\starlette\_utils.py", line 93, in collapse_excgroups
    raise exc
  File "D:\nhatro\backend\venv\Lib\site-packages\starlette\middleware\base.py", line 191, in __call__
    response = await self.dispatch_func(request, call_next)
               ^^^^^^^^^^^^^^^^^^^^^^^^^^^^^^^^^^^^^^^^^^^^
  File "D:\nhatro\backend\app\main.py", line 93, in add_process_time
    response = await call_next(request)
               ^^^^^^^^^^^^^^^^^^^^^^^^
  File "D:\nhatro\backend\venv\Lib\site-packages\starlette\middleware\base.py", line 165, in call_next
    raise app_exc
  File "D:\nhatro\backend\venv\Lib\site-packages\starlette\middleware\base.py", line 151, in coro
    await self.app(scope, receive_or_disconnect, send_no_error)
  File "D:\nhatro\backend\venv\Lib\site-packages\starlette\middleware\base.py", line 189, in __call__
    with collapse_excgroups():
         ^^^^^^^^^^^^^^^^^^^^
  File "C:\Users\ngocson\.cache\codex-runtimes\codex-primary-runtime\dependencies\python\Lib\contextlib.py", line 158, in __exit__
    self.gen.throw(value)
  File "D:\nhatro\backend\venv\Lib\site-packages\starlette\_utils.py", line 93, in collapse_excgroups
    raise exc
  File "D:\nhatro\backend\venv\Lib\site-packages\starlette\middleware\base.py", line 191, in __call__
    response = await self.dispatch_func(request, call_next)
               ^^^^^^^^^^^^^^^^^^^^^^^^^^^^^^^^^^^^^^^^^^^^
  File "D:\nhatro\backend\app\main.py", line 86, in add_security_headers
    response = await call_next(request)
               ^^^^^^^^^^^^^^^^^^^^^^^^
  File "D:\nhatro\backend\venv\Lib\site-packages\starlette\middleware\base.py", line 165, in call_next
    raise app_exc
  File "D:\nhatro\backend\venv\Lib\site-packages\starlette\middleware\base.py", line 151, in coro
    await self.app(scope, receive_or_disconnect, send_no_error)
  File "D:\nhatro\backend\venv\Lib\site-packages\starlette\middleware\cors.py", line 85, in __call__
    await self.app(scope, receive, send)
  File "D:\nhatro\backend\venv\Lib\site-packages\starlette\middleware\exceptions.py", line 65, in __call__
    await wrap_app_handling_exceptions(self.app, conn)(scope, receive, send)
  File "D:\nhatro\backend\venv\Lib\site-packages\starlette\_exception_handler.py", line 64, in wrapped_app
    raise exc
  File "D:\nhatro\backend\venv\Lib\site-packages\starlette\_exception_handler.py", line 53, in wrapped_app
    await app(scope, receive, sender)
  File "D:\nhatro\backend\venv\Lib\site-packages\starlette\routing.py", line 756, in __call__
    await self.middleware_stack(scope, receive, send)
  File "D:\nhatro\backend\venv\Lib\site-packages\starlette\routing.py", line 776, in app
    await route.handle(scope, receive, send)
  File "D:\nhatro\backend\venv\Lib\site-packages\starlette\routing.py", line 297, in handle
    await self.app(scope, receive, send)
  File "D:\nhatro\backend\venv\Lib\site-packages\starlette\routing.py", line 77, in app
    await wrap_app_handling_exceptions(app, request)(scope, receive, send)
  File "D:\nhatro\backend\venv\Lib\site-packages\starlette\_exception_handler.py", line 75, in wrapped_app
    response = await handler(conn, exc)
               ^^^^^^^^^^^^^^^^^^^^^^^^
  File "D:\nhatro\backend\app\main.py", line 157, in validation_exception_handler
    return JSONResponse(
           ^^^^^^^^^^^^^
  File "D:\nhatro\backend\venv\Lib\site-packages\starlette\responses.py", line 184, in __init__
    super().__init__(content, status_code, headers, media_type, background)
  File "D:\nhatro\backend\venv\Lib\site-packages\starlette\responses.py", line 41, in __init__
    self.body = self.render(content)
                ^^^^^^^^^^^^^^^^^^^^
  File "D:\nhatro\backend\venv\Lib\site-packages\starlette\responses.py", line 187, in render
    return json.dumps(
           ^^^^^^^^^^^
  File "C:\Users\ngocson\.cache\codex-runtimes\codex-primary-runtime\dependencies\python\Lib\json\__init__.py", line 238, in dumps
    **kw).encode(obj)
          ^^^^^^^^^^^
  File "C:\Users\ngocson\.cache\codex-runtimes\codex-primary-runtime\dependencies\python\Lib\json\encoder.py", line 200, in encode
    chunks = self.iterencode(o, _one_shot=True)
             ^^^^^^^^^^^^^^^^^^^^^^^^^^^^^^^^^^
  File "C:\Users\ngocson\.cache\codex-runtimes\codex-primary-runtime\dependencies\python\Lib\json\encoder.py", line 258, in iterencode
    return _iterencode(o, 0)
           ^^^^^^^^^^^^^^^^^
  File "C:\Users\ngocson\.cache\codex-runtimes\codex-primary-runtime\dependencies\python\Lib\json\encoder.py", line 180, in default
    raise TypeError(f'Object of type {o.__class__.__name__} '
TypeError: Object of type ValueError is not JSON serializable
==============================================

=== VALIDATION ERROR AT POST /api/v1/auth/register ===
[{'type': 'value_error', 'loc': ('body', 'password'), 'msg': 'Value error, Password must be at least 8 characters', 'input': 'ZAP', 'ctx': {'error': ValueError('Password must be at least 8 characters')}}, {'type': 'string_type', 'loc': ('body', 'phone'), 'msg': 'Input should be a valid string', 'input': 9999999999}, {'type': 'value_error', 'loc': ('body', 'otp_code'), 'msg': 'Value error, OTP code must be 6 digits', 'input': 'http://\\1531402951787460335.owasp.org', 'ctx': {'error': ValueError('OTP code must be 6 digits')}}]
==============================================

=== GLOBAL EXCEPTION HANDLER AT POST /api/v1/auth/register ===
  + Exception Group Traceback (most recent call last):
  |   File "D:\nhatro\backend\venv\Lib\site-packages\starlette\_utils.py", line 87, in collapse_excgroups
  |     yield
  |   File "D:\nhatro\backend\venv\Lib\site-packages\starlette\middleware\base.py", line 190, in __call__
  |     async with anyio.create_task_group() as task_group:
  |                ^^^^^^^^^^^^^^^^^^^^^^^^^
  |   File "D:\nhatro\backend\venv\Lib\site-packages\anyio\_backends\_asyncio.py", line 799, in __aexit__
  |     raise BaseExceptionGroup(
  | ExceptionGroup: unhandled errors in a TaskGroup (1 sub-exception)
  +-+---------------- 1 ----------------
    | Traceback (most recent call last):
    |   File "D:\nhatro\backend\venv\Lib\site-packages\starlette\middleware\errors.py", line 164, in __call__
    |     await self.app(scope, receive, _send)
    |   File "D:\nhatro\backend\venv\Lib\site-packages\starlette\middleware\base.py", line 189, in __call__
    |     with collapse_excgroups():
    |          ^^^^^^^^^^^^^^^^^^^^
    |   File "C:\Users\ngocson\.cache\codex-runtimes\codex-primary-runtime\dependencies\python\Lib\contextlib.py", line 158, in __exit__
    |     self.gen.throw(value)
    |   File "D:\nhatro\backend\venv\Lib\site-packages\starlette\_utils.py", line 93, in collapse_excgroups
    |     raise exc
    |   File "D:\nhatro\backend\venv\Lib\site-packages\starlette\middleware\base.py", line 191, in __call__
    |     response = await self.dispatch_func(request, call_next)
    |                ^^^^^^^^^^^^^^^^^^^^^^^^^^^^^^^^^^^^^^^^^^^^
    |   File "D:\nhatro\backend\app\main.py", line 127, in rate_limit_middleware
    |     return await call_next(request)
    |            ^^^^^^^^^^^^^^^^^^^^^^^^
    |   File "D:\nhatro\backend\venv\Lib\site-packages\starlette\middleware\base.py", line 165, in call_next
    |     raise app_exc
    |   File "D:\nhatro\backend\venv\Lib\site-packages\starlette\middleware\base.py", line 151, in coro
    |     await self.app(scope, receive_or_disconnect, send_no_error)
    |   File "D:\nhatro\backend\venv\Lib\site-packages\starlette\middleware\base.py", line 189, in __call__
    |     with collapse_excgroups():
    |          ^^^^^^^^^^^^^^^^^^^^
    |   File "C:\Users\ngocson\.cache\codex-runtimes\codex-primary-runtime\dependencies\python\Lib\contextlib.py", line 158, in __exit__
    |     self.gen.throw(value)
    |   File "D:\nhatro\backend\venv\Lib\site-packages\starlette\_utils.py", line 93, in collapse_excgroups
    |     raise exc
    |   File "D:\nhatro\backend\venv\Lib\site-packages\starlette\middleware\base.py", line 191, in __call__
    |     response = await self.dispatch_func(request, call_next)
    |                ^^^^^^^^^^^^^^^^^^^^^^^^^^^^^^^^^^^^^^^^^^^^
    |   File "D:\nhatro\backend\app\main.py", line 93, in add_process_time
    |     response = await call_next(request)
    |                ^^^^^^^^^^^^^^^^^^^^^^^^
    |   File "D:\nhatro\backend\venv\Lib\site-packages\starlette\middleware\base.py", line 165, in call_next
    |     raise app_exc
    |   File "D:\nhatro\backend\venv\Lib\site-packages\starlette\middleware\base.py", line 151, in coro
    |     await self.app(scope, receive_or_disconnect, send_no_error)
    |   File "D:\nhatro\backend\venv\Lib\site-packages\starlette\middleware\base.py", line 189, in __call__
    |     with collapse_excgroups():
    |          ^^^^^^^^^^^^^^^^^^^^
    |   File "C:\Users\ngocson\.cache\codex-runtimes\codex-primary-runtime\dependencies\python\Lib\contextlib.py", line 158, in __exit__
    |     self.gen.throw(value)
    |   File "D:\nhatro\backend\venv\Lib\site-packages\starlette\_utils.py", line 93, in collapse_excgroups
    |     raise exc
    |   File "D:\nhatro\backend\venv\Lib\site-packages\starlette\middleware\base.py", line 191, in __call__
    |     response = await self.dispatch_func(request, call_next)
    |                ^^^^^^^^^^^^^^^^^^^^^^^^^^^^^^^^^^^^^^^^^^^^
    |   File "D:\nhatro\backend\app\main.py", line 86, in add_security_headers
    |     response = await call_next(request)
    |                ^^^^^^^^^^^^^^^^^^^^^^^^
    |   File "D:\nhatro\backend\venv\Lib\site-packages\starlette\middleware\base.py", line 165, in call_next
    |     raise app_exc
    |   File "D:\nhatro\backend\venv\Lib\site-packages\starlette\middleware\base.py", line 151, in coro
    |     await self.app(scope, receive_or_disconnect, send_no_error)
    |   File "D:\nhatro\backend\venv\Lib\site-packages\starlette\middleware\cors.py", line 85, in __call__
    |     await self.app(scope, receive, send)
    |   File "D:\nhatro\backend\venv\Lib\site-packages\starlette\middleware\exceptions.py", line 65, in __call__
    |     await wrap_app_handling_exceptions(self.app, conn)(scope, receive, send)
    |   File "D:\nhatro\backend\venv\Lib\site-packages\starlette\_exception_handler.py", line 64, in wrapped_app
    |     raise exc
    |   File "D:\nhatro\backend\venv\Lib\site-packages\starlette\_exception_handler.py", line 53, in wrapped_app
    |     await app(scope, receive, sender)
    |   File "D:\nhatro\backend\venv\Lib\site-packages\starlette\routing.py", line 756, in __call__
    |     await self.middleware_stack(scope, receive, send)
    |   File "D:\nhatro\backend\venv\Lib\site-packages\starlette\routing.py", line 776, in app
    |     await route.handle(scope, receive, send)
    |   File "D:\nhatro\backend\venv\Lib\site-packages\starlette\routing.py", line 297, in handle
    |     await self.app(scope, receive, send)
    |   File "D:\nhatro\backend\venv\Lib\site-packages\starlette\routing.py", line 77, in app
    |     await wrap_app_handling_exceptions(app, request)(scope, receive, send)
    |   File "D:\nhatro\backend\venv\Lib\site-packages\starlette\_exception_handler.py", line 75, in wrapped_app
    |     response = await handler(conn, exc)
    |                ^^^^^^^^^^^^^^^^^^^^^^^^
    |   File "D:\nhatro\backend\app\main.py", line 157, in validation_exception_handler
    |     return JSONResponse(
    |            ^^^^^^^^^^^^^
    |   File "D:\nhatro\backend\venv\Lib\site-packages\starlette\responses.py", line 184, in __init__
    |     super().__init__(content, status_code, headers, media_type, background)
    |   File "D:\nhatro\backend\venv\Lib\site-packages\starlette\responses.py", line 41, in __init__
    |     self.body = self.render(content)
    |                 ^^^^^^^^^^^^^^^^^^^^
    |   File "D:\nhatro\backend\venv\Lib\site-packages\starlette\responses.py", line 187, in render
    |     return json.dumps(
    |            ^^^^^^^^^^^
    |   File "C:\Users\ngocson\.cache\codex-runtimes\codex-primary-runtime\dependencies\python\Lib\json\__init__.py", line 238, in dumps
    |     **kw).encode(obj)
    |           ^^^^^^^^^^^
    |   File "C:\Users\ngocson\.cache\codex-runtimes\codex-primary-runtime\dependencies\python\Lib\json\encoder.py", line 200, in encode
    |     chunks = self.iterencode(o, _one_shot=True)
    |              ^^^^^^^^^^^^^^^^^^^^^^^^^^^^^^^^^^
    |   File "C:\Users\ngocson\.cache\codex-runtimes\codex-primary-runtime\dependencies\python\Lib\json\encoder.py", line 258, in iterencode
    |     return _iterencode(o, 0)
    |            ^^^^^^^^^^^^^^^^^
    |   File "C:\Users\ngocson\.cache\codex-runtimes\codex-primary-runtime\dependencies\python\Lib\json\encoder.py", line 180, in default
    |     raise TypeError(f'Object of type {o.__class__.__name__} '
    | TypeError: Object of type ValueError is not JSON serializable
    +------------------------------------

During handling of the above exception, another exception occurred:

Traceback (most recent call last):
  File "D:\nhatro\backend\venv\Lib\site-packages\starlette\middleware\errors.py", line 164, in __call__
    await self.app(scope, receive, _send)
  File "D:\nhatro\backend\venv\Lib\site-packages\starlette\middleware\base.py", line 189, in __call__
    with collapse_excgroups():
         ^^^^^^^^^^^^^^^^^^^^
  File "C:\Users\ngocson\.cache\codex-runtimes\codex-primary-runtime\dependencies\python\Lib\contextlib.py", line 158, in __exit__
    self.gen.throw(value)
  File "D:\nhatro\backend\venv\Lib\site-packages\starlette\_utils.py", line 93, in collapse_excgroups
    raise exc
  File "D:\nhatro\backend\venv\Lib\site-packages\starlette\middleware\base.py", line 191, in __call__
    response = await self.dispatch_func(request, call_next)
               ^^^^^^^^^^^^^^^^^^^^^^^^^^^^^^^^^^^^^^^^^^^^
  File "D:\nhatro\backend\app\main.py", line 127, in rate_limit_middleware
    return await call_next(request)
           ^^^^^^^^^^^^^^^^^^^^^^^^
  File "D:\nhatro\backend\venv\Lib\site-packages\starlette\middleware\base.py", line 165, in call_next
    raise app_exc
  File "D:\nhatro\backend\venv\Lib\site-packages\starlette\middleware\base.py", line 151, in coro
    await self.app(scope, receive_or_disconnect, send_no_error)
  File "D:\nhatro\backend\venv\Lib\site-packages\starlette\middleware\base.py", line 189, in __call__
    with collapse_excgroups():
         ^^^^^^^^^^^^^^^^^^^^
  File "C:\Users\ngocson\.cache\codex-runtimes\codex-primary-runtime\dependencies\python\Lib\contextlib.py", line 158, in __exit__
    self.gen.throw(value)
  File "D:\nhatro\backend\venv\Lib\site-packages\starlette\_utils.py", line 93, in collapse_excgroups
    raise exc
  File "D:\nhatro\backend\venv\Lib\site-packages\starlette\middleware\base.py", line 191, in __call__
    response = await self.dispatch_func(request, call_next)
               ^^^^^^^^^^^^^^^^^^^^^^^^^^^^^^^^^^^^^^^^^^^^
  File "D:\nhatro\backend\app\main.py", line 93, in add_process_time
    response = await call_next(request)
               ^^^^^^^^^^^^^^^^^^^^^^^^
  File "D:\nhatro\backend\venv\Lib\site-packages\starlette\middleware\base.py", line 165, in call_next
    raise app_exc
  File "D:\nhatro\backend\venv\Lib\site-packages\starlette\middleware\base.py", line 151, in coro
    await self.app(scope, receive_or_disconnect, send_no_error)
  File "D:\nhatro\backend\venv\Lib\site-packages\starlette\middleware\base.py", line 189, in __call__
    with collapse_excgroups():
         ^^^^^^^^^^^^^^^^^^^^
  File "C:\Users\ngocson\.cache\codex-runtimes\codex-primary-runtime\dependencies\python\Lib\contextlib.py", line 158, in __exit__
    self.gen.throw(value)
  File "D:\nhatro\backend\venv\Lib\site-packages\starlette\_utils.py", line 93, in collapse_excgroups
    raise exc
  File "D:\nhatro\backend\venv\Lib\site-packages\starlette\middleware\base.py", line 191, in __call__
    response = await self.dispatch_func(request, call_next)
               ^^^^^^^^^^^^^^^^^^^^^^^^^^^^^^^^^^^^^^^^^^^^
  File "D:\nhatro\backend\app\main.py", line 86, in add_security_headers
    response = await call_next(request)
               ^^^^^^^^^^^^^^^^^^^^^^^^
  File "D:\nhatro\backend\venv\Lib\site-packages\starlette\middleware\base.py", line 165, in call_next
    raise app_exc
  File "D:\nhatro\backend\venv\Lib\site-packages\starlette\middleware\base.py", line 151, in coro
    await self.app(scope, receive_or_disconnect, send_no_error)
  File "D:\nhatro\backend\venv\Lib\site-packages\starlette\middleware\cors.py", line 85, in __call__
    await self.app(scope, receive, send)
  File "D:\nhatro\backend\venv\Lib\site-packages\starlette\middleware\exceptions.py", line 65, in __call__
    await wrap_app_handling_exceptions(self.app, conn)(scope, receive, send)
  File "D:\nhatro\backend\venv\Lib\site-packages\starlette\_exception_handler.py", line 64, in wrapped_app
    raise exc
  File "D:\nhatro\backend\venv\Lib\site-packages\starlette\_exception_handler.py", line 53, in wrapped_app
    await app(scope, receive, sender)
  File "D:\nhatro\backend\venv\Lib\site-packages\starlette\routing.py", line 756, in __call__
    await self.middleware_stack(scope, receive, send)
  File "D:\nhatro\backend\venv\Lib\site-packages\starlette\routing.py", line 776, in app
    await route.handle(scope, receive, send)
  File "D:\nhatro\backend\venv\Lib\site-packages\starlette\routing.py", line 297, in handle
    await self.app(scope, receive, send)
  File "D:\nhatro\backend\venv\Lib\site-packages\starlette\routing.py", line 77, in app
    await wrap_app_handling_exceptions(app, request)(scope, receive, send)
  File "D:\nhatro\backend\venv\Lib\site-packages\starlette\_exception_handler.py", line 75, in wrapped_app
    response = await handler(conn, exc)
               ^^^^^^^^^^^^^^^^^^^^^^^^
  File "D:\nhatro\backend\app\main.py", line 157, in validation_exception_handler
    return JSONResponse(
           ^^^^^^^^^^^^^
  File "D:\nhatro\backend\venv\Lib\site-packages\starlette\responses.py", line 184, in __init__
    super().__init__(content, status_code, headers, media_type, background)
  File "D:\nhatro\backend\venv\Lib\site-packages\starlette\responses.py", line 41, in __init__
    self.body = self.render(content)
                ^^^^^^^^^^^^^^^^^^^^
  File "D:\nhatro\backend\venv\Lib\site-packages\starlette\responses.py", line 187, in render
    return json.dumps(
           ^^^^^^^^^^^
  File "C:\Users\ngocson\.cache\codex-runtimes\codex-primary-runtime\dependencies\python\Lib\json\__init__.py", line 238, in dumps
    **kw).encode(obj)
          ^^^^^^^^^^^
  File "C:\Users\ngocson\.cache\codex-runtimes\codex-primary-runtime\dependencies\python\Lib\json\encoder.py", line 200, in encode
    chunks = self.iterencode(o, _one_shot=True)
             ^^^^^^^^^^^^^^^^^^^^^^^^^^^^^^^^^^
  File "C:\Users\ngocson\.cache\codex-runtimes\codex-primary-runtime\dependencies\python\Lib\json\encoder.py", line 258, in iterencode
    return _iterencode(o, 0)
           ^^^^^^^^^^^^^^^^^
  File "C:\Users\ngocson\.cache\codex-runtimes\codex-primary-runtime\dependencies\python\Lib\json\encoder.py", line 180, in default
    raise TypeError(f'Object of type {o.__class__.__name__} '
TypeError: Object of type ValueError is not JSON serializable
==============================================

=== VALIDATION ERROR AT POST /api/v1/auth/forgot-password ===
[{'type': 'value_error', 'loc': ('body', 'email'), 'msg': 'value is not a valid email address: An email address must have an @-sign.', 'input': '<!--#EXEC cmd="ls /"-->', 'ctx': {'reason': 'An email address must have an @-sign.'}}]
==============================================

=== VALIDATION ERROR AT POST /api/v1/auth/register/send-otp ===
[{'type': 'value_error', 'loc': ('body', 'email'), 'msg': 'value is not a valid email address: An email address must have an @-sign.', 'input': '<!--#EXEC cmd="ls /"-->', 'ctx': {'reason': 'An email address must have an @-sign.'}}]
==============================================

=== VALIDATION ERROR AT POST /api/v1/auth/login ===
[{'type': 'value_error', 'loc': ('body', 'email'), 'msg': 'value is not a valid email address: An email address must have an @-sign.', 'input': '<!--#EXEC cmd="ls /"-->', 'ctx': {'reason': 'An email address must have an @-sign.'}}]
==============================================

=== VALIDATION ERROR AT POST /api/v1/auth/login ===
[{'type': 'value_error', 'loc': ('body', 'email'), 'msg': 'value is not a valid email address: An email address must have an @-sign.', 'input': '"><!--#EXEC cmd="ls /"--><', 'ctx': {'reason': 'An email address must have an @-sign.'}}]
==============================================

=== VALIDATION ERROR AT POST /api/v1/auth/forgot-password ===
[{'type': 'value_error', 'loc': ('body', 'email'), 'msg': 'value is not a valid email address: An email address must have an @-sign.', 'input': '"><!--#EXEC cmd="ls /"--><', 'ctx': {'reason': 'An email address must have an @-sign.'}}]
==============================================

=== VALIDATION ERROR AT POST /api/v1/auth/register/send-otp ===
[{'type': 'value_error', 'loc': ('body', 'email'), 'msg': 'value is not a valid email address: An email address must have an @-sign.', 'input': '"><!--#EXEC cmd="ls /"--><', 'ctx': {'reason': 'An email address must have an @-sign.'}}]
==============================================

=== VALIDATION ERROR AT PATCH /api/v1/maintenance/<!-- ===
[{'type': 'json_invalid', 'loc': ('body', 34), 'msg': 'JSON decode error', 'input': {}, 'ctx': {'error': 'Expecting value'}}]
==============================================

=== VALIDATION ERROR AT PATCH /api/v1/boarding-houses/<!-- ===
[{'type': 'json_invalid', 'loc': ('body', 8), 'msg': 'JSON decode error', 'input': {}, 'ctx': {'error': 'Expecting value'}}]
==============================================

=== VALIDATION ERROR AT POST /api/v1/auth/register/send-otp ===
[{'type': 'value_error', 'loc': ('body', 'email'), 'msg': 'value is not a valid email address: An email address must have an @-sign.', 'input': '<!--#EXEC cmd="dir \\"-->', 'ctx': {'reason': 'An email address must have an @-sign.'}}]
==============================================

=== VALIDATION ERROR AT POST /api/v1/auth/login ===
[{'type': 'value_error', 'loc': ('body', 'email'), 'msg': 'value is not a valid email address: An email address must have an @-sign.', 'input': '<!--#EXEC cmd="dir \\"-->', 'ctx': {'reason': 'An email address must have an @-sign.'}}]
==============================================

=== VALIDATION ERROR AT POST /api/v1/auth/forgot-password ===
[{'type': 'value_error', 'loc': ('body', 'email'), 'msg': 'value is not a valid email address: An email address must have an @-sign.', 'input': '<!--#EXEC cmd="dir \\"-->', 'ctx': {'reason': 'An email address must have an @-sign.'}}]
==============================================

=== VALIDATION ERROR AT PATCH /api/v1/maintenance/"><!-- ===
[{'type': 'json_invalid', 'loc': ('body', 34), 'msg': 'JSON decode error', 'input': {}, 'ctx': {'error': 'Expecting value'}}]
==============================================

=== VALIDATION ERROR AT PATCH /api/v1/boarding-houses/"><!-- ===
[{'type': 'json_invalid', 'loc': ('body', 8), 'msg': 'JSON decode error', 'input': {}, 'ctx': {'error': 'Expecting value'}}]
==============================================

=== VALIDATION ERROR AT POST /api/v1/auth/register/send-otp ===
[{'type': 'value_error', 'loc': ('body', 'email'), 'msg': 'value is not a valid email address: An email address must have an @-sign.', 'input': '"><!--#EXEC cmd="dir \\"--><', 'ctx': {'reason': 'An email address must have an @-sign.'}}]
==============================================

=== VALIDATION ERROR AT POST /api/v1/auth/forgot-password ===
[{'type': 'value_error', 'loc': ('body', 'email'), 'msg': 'value is not a valid email address: An email address must have an @-sign.', 'input': '"><!--#EXEC cmd="dir \\"--><', 'ctx': {'reason': 'An email address must have an @-sign.'}}]
==============================================

=== VALIDATION ERROR AT POST /api/v1/auth/login ===
[{'type': 'value_error', 'loc': ('body', 'email'), 'msg': 'value is not a valid email address: An email address must have an @-sign.', 'input': '"><!--#EXEC cmd="dir \\"--><', 'ctx': {'reason': 'An email address must have an @-sign.'}}]
==============================================

=== VALIDATION ERROR AT PATCH /api/v1/tenants/<!-- ===
[{'type': 'json_invalid', 'loc': ('body', 51), 'msg': 'JSON decode error', 'input': {}, 'ctx': {'error': 'Expecting value'}}]
==============================================

=== VALIDATION ERROR AT PATCH /api/v1/tenants/"><!-- ===
[{'type': 'json_invalid', 'loc': ('body', 51), 'msg': 'JSON decode error', 'input': {}, 'ctx': {'error': 'Expecting value'}}]
==============================================

=== VALIDATION ERROR AT GET /api/v1/webhooks/payos/check/<!-- ===
[{'type': 'int_parsing', 'loc': ('path', 'order_code'), 'msg': 'Input should be a valid integer, unable to parse string as an integer', 'input': '<!--#EXEC+cmd="dir+\\"-->'}]
==============================================

=== VALIDATION ERROR AT GET /api/v1/webhooks/payos/check/"><!-- ===
[{'type': 'int_parsing', 'loc': ('path', 'order_code'), 'msg': 'Input should be a valid integer, unable to parse string as an integer', 'input': '"><!--#EXEC+cmd="dir+\\"--><'}]
==============================================

=== VALIDATION ERROR AT POST /api/v1/auth/forgot-password ===
[{'type': 'value_error', 'loc': ('body', 'email'), 'msg': 'value is not a valid email address: An email address must have an @-sign.', 'input': '0W45pz4p', 'ctx': {'reason': 'An email address must have an @-sign.'}}]
==============================================

=== VALIDATION ERROR AT PATCH /api/v1/boarding-houses/0W45pz4p ===
[{'type': 'json_invalid', 'loc': ('body', 8), 'msg': 'JSON decode error', 'input': {}, 'ctx': {'error': 'Expecting value'}}]
==============================================

=== VALIDATION ERROR AT POST /api/v1/auth/register/send-otp ===
[{'type': 'value_error', 'loc': ('body', 'email'), 'msg': 'value is not a valid email address: An email address must have an @-sign.', 'input': '0W45pz4p', 'ctx': {'reason': 'An email address must have an @-sign.'}}]
==============================================

=== VALIDATION ERROR AT PATCH /api/v1/maintenance/0W45pz4p ===
[{'type': 'json_invalid', 'loc': ('body', 34), 'msg': 'JSON decode error', 'input': {}, 'ctx': {'error': 'Expecting value'}}]
==============================================

=== VALIDATION ERROR AT PATCH /api/v1/boarding-houses/bh_id0W45pz4p ===
[{'type': 'json_invalid', 'loc': ('body', 8), 'msg': 'JSON decode error', 'input': {}, 'ctx': {'error': 'Expecting value'}}]
==============================================

=== VALIDATION ERROR AT POST /api/v1/auth/forgot-password ===
[{'type': 'value_error', 'loc': ('body', 'email'), 'msg': "value is not a valid email address: The display name contains invalid characters when not quoted: '(', ')', ';', '>'.", 'input': '<scrIpt>alert(1);</scRipt>', 'ctx': {'reason': "The display name contains invalid characters when not quoted: '(', ')', ';', '>'."}}]
==============================================

=== VALIDATION ERROR AT PATCH /api/v1/maintenance/request_id0W45pz4p ===
[{'type': 'json_invalid', 'loc': ('body', 34), 'msg': 'JSON decode error', 'input': {}, 'ctx': {'error': 'Expecting value'}}]
==============================================

=== VALIDATION ERROR AT POST /api/v1/auth/register/send-otp ===
[{'type': 'value_error', 'loc': ('body', 'email'), 'msg': "value is not a valid email address: The display name contains invalid characters when not quoted: '(', ')', ';', '>'.", 'input': '<scrIpt>alert(1);</scRipt>', 'ctx': {'reason': "The display name contains invalid characters when not quoted: '(', ')', ';', '>'."}}]
==============================================

=== VALIDATION ERROR AT PATCH /api/v1/boarding-houses/'"<img+src=x+onerror=prompt()> ===
[{'type': 'json_invalid', 'loc': ('body', 8), 'msg': 'JSON decode error', 'input': {}, 'ctx': {'error': 'Expecting value'}}]
==============================================

=== VALIDATION ERROR AT PATCH /api/v1/maintenance/'"<img+src=x+onerror=prompt()> ===
[{'type': 'json_invalid', 'loc': ('body', 34), 'msg': 'JSON decode error', 'input': {}, 'ctx': {'error': 'Expecting value'}}]
==============================================

=== VALIDATION ERROR AT PATCH /api/v1/tenants/0W45pz4p ===
[{'type': 'json_invalid', 'loc': ('body', 51), 'msg': 'JSON decode error', 'input': {}, 'ctx': {'error': 'Expecting value'}}]
==============================================

=== VALIDATION ERROR AT PATCH /api/v1/tenants/tenant_id0W45pz4p ===
[{'type': 'json_invalid', 'loc': ('body', 51), 'msg': 'JSON decode error', 'input': {}, 'ctx': {'error': 'Expecting value'}}]
==============================================

=== VALIDATION ERROR AT PATCH /api/v1/tenants/'"<img+src=x+onerror=prompt()> ===
[{'type': 'json_invalid', 'loc': ('body', 51), 'msg': 'JSON decode error', 'input': {}, 'ctx': {'error': 'Expecting value'}}]
==============================================

=== VALIDATION ERROR AT GET /api/v1/webhooks/payos/check/0W45pz4p ===
[{'type': 'int_parsing', 'loc': ('path', 'order_code'), 'msg': 'Input should be a valid integer, unable to parse string as an integer', 'input': '0W45pz4p'}]
==============================================

=== VALIDATION ERROR AT GET /api/v1/webhooks/payos/check/<img+src=x+onerror=prompt()> ===
[{'type': 'int_parsing', 'loc': ('path', 'order_code'), 'msg': 'Input should be a valid integer, unable to parse string as an integer', 'input': '<img+src=x+onerror=prompt()>'}]
==============================================

=== VALIDATION ERROR AT GET /api/v1/webhooks/payos/check/<img+src=x+onerror=console.log(1);> ===
[{'type': 'int_parsing', 'loc': ('path', 'order_code'), 'msg': 'Input should be a valid integer, unable to parse string as an integer', 'input': '<img+src=x+onerror=console.log(1);>'}]
==============================================

=== VALIDATION ERROR AT GET /api/v1/webhooks/payos/check/<svg+onload=alert(1)> ===
[{'type': 'int_parsing', 'loc': ('path', 'order_code'), 'msg': 'Input should be a valid integer, unable to parse string as an integer', 'input': '<svg+onload=alert(1)>'}]
==============================================

=== VALIDATION ERROR AT GET /api/v1/webhooks/payos/check/%3CscrIpt%3Ealert%281%29%3B%3C%2FscRipt%3E ===
[{'type': 'int_parsing', 'loc': ('path', 'order_code'), 'msg': 'Input should be a valid integer, unable to parse string as an integer', 'input': '%3CscrIpt%3Ealert%281%29%3B%3C%2FscRipt%3E'}]
==============================================

=== VALIDATION ERROR AT POST /api/v1/auth/forgot-password ===
[{'type': 'value_error', 'loc': ('body', 'email'), 'msg': 'value is not a valid email address: An email address must have an @-sign.', 'input': "'", 'ctx': {'reason': 'An email address must have an @-sign.'}}]
==============================================

=== VALIDATION ERROR AT PATCH /api/v1/boarding-houses/' ===
[{'type': 'json_invalid', 'loc': ('body', 8), 'msg': 'JSON decode error', 'input': {}, 'ctx': {'error': 'Expecting value'}}]
==============================================

=== VALIDATION ERROR AT POST /api/v1/auth/register/send-otp ===
[{'type': 'value_error', 'loc': ('body', 'email'), 'msg': 'value is not a valid email address: An email address must have an @-sign.', 'input': "'", 'ctx': {'reason': 'An email address must have an @-sign.'}}]
==============================================

=== VALIDATION ERROR AT PATCH /api/v1/maintenance/' ===
[{'type': 'json_invalid', 'loc': ('body', 34), 'msg': 'JSON decode error', 'input': {}, 'ctx': {'error': 'Expecting value'}}]
==============================================

=== VALIDATION ERROR AT PATCH /api/v1/maintenance/request_id' ===
[{'type': 'json_invalid', 'loc': ('body', 34), 'msg': 'JSON decode error', 'input': {}, 'ctx': {'error': 'Expecting value'}}]
==============================================

=== VALIDATION ERROR AT PATCH /api/v1/boarding-houses/bh_id' ===
[{'type': 'json_invalid', 'loc': ('body', 8), 'msg': 'JSON decode error', 'input': {}, 'ctx': {'error': 'Expecting value'}}]
==============================================

=== VALIDATION ERROR AT POST /api/v1/auth/forgot-password ===
[{'type': 'value_error', 'loc': ('body', 'email'), 'msg': 'value is not a valid email address: The part after the @-sign contains invalid characters: "\'".', 'input': "zaproxy@example.com'", 'ctx': {'reason': 'The part after the @-sign contains invalid characters: "\'".'}}]
==============================================

=== VALIDATION ERROR AT POST /api/v1/auth/register/send-otp ===
[{'type': 'value_error', 'loc': ('body', 'email'), 'msg': 'value is not a valid email address: The part after the @-sign contains invalid characters: "\'".', 'input': "zaproxy@example.com'", 'ctx': {'reason': 'The part after the @-sign contains invalid characters: "\'".'}}]
==============================================

=== VALIDATION ERROR AT PATCH /api/v1/maintenance/" ===
[{'type': 'json_invalid', 'loc': ('body', 34), 'msg': 'JSON decode error', 'input': {}, 'ctx': {'error': 'Expecting value'}}]
==============================================

=== VALIDATION ERROR AT PATCH /api/v1/boarding-houses/" ===
[{'type': 'json_invalid', 'loc': ('body', 8), 'msg': 'JSON decode error', 'input': {}, 'ctx': {'error': 'Expecting value'}}]
==============================================

=== VALIDATION ERROR AT POST /api/v1/auth/register/send-otp ===
[{'type': 'value_error', 'loc': ('body', 'email'), 'msg': 'value is not a valid email address: An email address must have an @-sign.', 'input': '"', 'ctx': {'reason': 'An email address must have an @-sign.'}}]
==============================================

=== VALIDATION ERROR AT POST /api/v1/auth/forgot-password ===
[{'type': 'value_error', 'loc': ('body', 'email'), 'msg': 'value is not a valid email address: An email address must have an @-sign.', 'input': '"', 'ctx': {'reason': 'An email address must have an @-sign.'}}]
==============================================

=== VALIDATION ERROR AT PATCH /api/v1/maintenance/request_id" ===
[{'type': 'json_invalid', 'loc': ('body', 34), 'msg': 'JSON decode error', 'input': {}, 'ctx': {'error': 'Expecting value'}}]
==============================================

=== VALIDATION ERROR AT PATCH /api/v1/boarding-houses/bh_id" ===
[{'type': 'json_invalid', 'loc': ('body', 8), 'msg': 'JSON decode error', 'input': {}, 'ctx': {'error': 'Expecting value'}}]
==============================================

=== VALIDATION ERROR AT POST /api/v1/auth/register/send-otp ===
[{'type': 'value_error', 'loc': ('body', 'email'), 'msg': 'value is not a valid email address: The part after the @-sign contains invalid characters: \'"\'.', 'input': 'zaproxy@example.com"', 'ctx': {'reason': 'The part after the @-sign contains invalid characters: \'"\'.'}}]
==============================================

=== VALIDATION ERROR AT POST /api/v1/auth/forgot-password ===
[{'type': 'value_error', 'loc': ('body', 'email'), 'msg': 'value is not a valid email address: The part after the @-sign contains invalid characters: \'"\'.', 'input': 'zaproxy@example.com"', 'ctx': {'reason': 'The part after the @-sign contains invalid characters: \'"\'.'}}]
==============================================

=== VALIDATION ERROR AT PATCH /api/v1/boarding-houses/; ===
[{'type': 'json_invalid', 'loc': ('body', 8), 'msg': 'JSON decode error', 'input': {}, 'ctx': {'error': 'Expecting value'}}]
==============================================

=== VALIDATION ERROR AT PATCH /api/v1/maintenance/; ===
[{'type': 'json_invalid', 'loc': ('body', 34), 'msg': 'JSON decode error', 'input': {}, 'ctx': {'error': 'Expecting value'}}]
==============================================

=== VALIDATION ERROR AT POST /api/v1/auth/register/send-otp ===
[{'type': 'value_error', 'loc': ('body', 'email'), 'msg': 'value is not a valid email address: An email address must have an @-sign.', 'input': ';', 'ctx': {'reason': 'An email address must have an @-sign.'}}]
==============================================

=== VALIDATION ERROR AT POST /api/v1/auth/forgot-password ===
[{'type': 'value_error', 'loc': ('body', 'email'), 'msg': 'value is not a valid email address: An email address must have an @-sign.', 'input': ';', 'ctx': {'reason': 'An email address must have an @-sign.'}}]
==============================================

=== VALIDATION ERROR AT PATCH /api/v1/maintenance/request_id; ===
[{'type': 'json_invalid', 'loc': ('body', 34), 'msg': 'JSON decode error', 'input': {}, 'ctx': {'error': 'Expecting value'}}]
==============================================

=== VALIDATION ERROR AT PATCH /api/v1/boarding-houses/bh_id; ===
[{'type': 'json_invalid', 'loc': ('body', 8), 'msg': 'JSON decode error', 'input': {}, 'ctx': {'error': 'Expecting value'}}]
==============================================

=== VALIDATION ERROR AT POST /api/v1/auth/register/send-otp ===
[{'type': 'value_error', 'loc': ('body', 'email'), 'msg': "value is not a valid email address: The part after the @-sign contains invalid characters: ';'.", 'input': 'zaproxy@example.com;', 'ctx': {'reason': "The part after the @-sign contains invalid characters: ';'."}}]
==============================================

=== VALIDATION ERROR AT POST /api/v1/auth/forgot-password ===
[{'type': 'value_error', 'loc': ('body', 'email'), 'msg': "value is not a valid email address: The part after the @-sign contains invalid characters: ';'.", 'input': 'zaproxy@example.com;', 'ctx': {'reason': "The part after the @-sign contains invalid characters: ';'."}}]
==============================================

=== VALIDATION ERROR AT PATCH /api/v1/maintenance/'( ===
[{'type': 'json_invalid', 'loc': ('body', 34), 'msg': 'JSON decode error', 'input': {}, 'ctx': {'error': 'Expecting value'}}]
==============================================

=== VALIDATION ERROR AT PATCH /api/v1/boarding-houses/'( ===
[{'type': 'json_invalid', 'loc': ('body', 8), 'msg': 'JSON decode error', 'input': {}, 'ctx': {'error': 'Expecting value'}}]
==============================================

=== VALIDATION ERROR AT POST /api/v1/auth/forgot-password ===
[{'type': 'value_error', 'loc': ('body', 'email'), 'msg': 'value is not a valid email address: An email address must have an @-sign.', 'input': "'(", 'ctx': {'reason': 'An email address must have an @-sign.'}}]
==============================================

=== VALIDATION ERROR AT POST /api/v1/auth/register/send-otp ===
[{'type': 'value_error', 'loc': ('body', 'email'), 'msg': 'value is not a valid email address: An email address must have an @-sign.', 'input': "'(", 'ctx': {'reason': 'An email address must have an @-sign.'}}]
==============================================

=== VALIDATION ERROR AT PATCH /api/v1/maintenance/request_id'( ===
[{'type': 'json_invalid', 'loc': ('body', 34), 'msg': 'JSON decode error', 'input': {}, 'ctx': {'error': 'Expecting value'}}]
==============================================

=== VALIDATION ERROR AT PATCH /api/v1/boarding-houses/bh_id'( ===
[{'type': 'json_invalid', 'loc': ('body', 8), 'msg': 'JSON decode error', 'input': {}, 'ctx': {'error': 'Expecting value'}}]
==============================================

=== VALIDATION ERROR AT POST /api/v1/auth/forgot-password ===
[{'type': 'value_error', 'loc': ('body', 'email'), 'msg': 'value is not a valid email address: The part after the @-sign contains invalid characters: "\'", \'(\'.', 'input': "zaproxy@example.com'(", 'ctx': {'reason': 'The part after the @-sign contains invalid characters: "\'", \'(\'.'}}]
==============================================

=== VALIDATION ERROR AT POST /api/v1/auth/register/send-otp ===
[{'type': 'value_error', 'loc': ('body', 'email'), 'msg': 'value is not a valid email address: The part after the @-sign contains invalid characters: "\'", \'(\'.', 'input': "zaproxy@example.com'(", 'ctx': {'reason': 'The part after the @-sign contains invalid characters: "\'", \'(\'.'}}]
==============================================

=== VALIDATION ERROR AT PATCH /api/v1/maintenance/request_id ===
[{'type': 'json_invalid', 'loc': ('body', 34), 'msg': 'JSON decode error', 'input': {}, 'ctx': {'error': 'Expecting value'}}]
==============================================

=== VALIDATION ERROR AT PATCH /api/v1/boarding-houses/bh_id ===
[{'type': 'json_invalid', 'loc': ('body', 8), 'msg': 'JSON decode error', 'input': {}, 'ctx': {'error': 'Expecting value'}}]
==============================================

=== VALIDATION ERROR AT PATCH /api/v1/maintenance/request_id ===
[{'type': 'json_invalid', 'loc': ('body', 34), 'msg': 'JSON decode error', 'input': {}, 'ctx': {'error': 'Expecting value'}}]
==============================================

=== VALIDATION ERROR AT PATCH /api/v1/boarding-houses/bh_id ===
[{'type': 'json_invalid', 'loc': ('body', 8), 'msg': 'JSON decode error', 'input': {}, 'ctx': {'error': 'Expecting value'}}]
==============================================

=== VALIDATION ERROR AT PATCH /api/v1/maintenance/request_id+AND+1=1+--+ ===
[{'type': 'json_invalid', 'loc': ('body', 34), 'msg': 'JSON decode error', 'input': {}, 'ctx': {'error': 'Expecting value'}}]
==============================================

=== VALIDATION ERROR AT PATCH /api/v1/boarding-houses/bh_id+AND+1=1+--+ ===
[{'type': 'json_invalid', 'loc': ('body', 8), 'msg': 'JSON decode error', 'input': {}, 'ctx': {'error': 'Expecting value'}}]
==============================================

=== VALIDATION ERROR AT PATCH /api/v1/maintenance/request_id+AND+1=2+--+ ===
[{'type': 'json_invalid', 'loc': ('body', 34), 'msg': 'JSON decode error', 'input': {}, 'ctx': {'error': 'Expecting value'}}]
==============================================

=== VALIDATION ERROR AT PATCH /api/v1/boarding-houses/bh_id+AND+1=2+--+ ===
[{'type': 'json_invalid', 'loc': ('body', 8), 'msg': 'JSON decode error', 'input': {}, 'ctx': {'error': 'Expecting value'}}]
==============================================

=== VALIDATION ERROR AT PATCH /api/v1/maintenance/request_id+OR+1=1+--+ ===
[{'type': 'json_invalid', 'loc': ('body', 34), 'msg': 'JSON decode error', 'input': {}, 'ctx': {'error': 'Expecting value'}}]
==============================================

=== VALIDATION ERROR AT PATCH /api/v1/boarding-houses/bh_id+OR+1=1+--+ ===
[{'type': 'json_invalid', 'loc': ('body', 8), 'msg': 'JSON decode error', 'input': {}, 'ctx': {'error': 'Expecting value'}}]
==============================================

=== VALIDATION ERROR AT PATCH /api/v1/maintenance/request_id'+AND+'1'='1'+--+ ===
[{'type': 'json_invalid', 'loc': ('body', 34), 'msg': 'JSON decode error', 'input': {}, 'ctx': {'error': 'Expecting value'}}]
==============================================

=== VALIDATION ERROR AT POST /api/v1/auth/register ===
[{'type': 'value_error', 'loc': ('body', 'password'), 'msg': 'Value error, Password must be at least 8 characters', 'input': 'ZAP', 'ctx': {'error': ValueError('Password must be at least 8 characters')}}, {'type': 'string_type', 'loc': ('body', 'phone'), 'msg': 'Input should be a valid string', 'input': 9999999999}, {'type': 'value_error', 'loc': ('body', 'otp_code'), 'msg': 'Value error, OTP code must be 6 digits', 'input': 'John Doe', 'ctx': {'error': ValueError('OTP code must be 6 digits')}}]
==============================================

=== VALIDATION ERROR AT PATCH /api/v1/boarding-houses/bh_id'+AND+'1'='1'+--+ ===
[{'type': 'json_invalid', 'loc': ('body', 8), 'msg': 'JSON decode error', 'input': {}, 'ctx': {'error': 'Expecting value'}}]
==============================================

=== GLOBAL EXCEPTION HANDLER AT POST /api/v1/auth/register ===
  + Exception Group Traceback (most recent call last):
  |   File "D:\nhatro\backend\venv\Lib\site-packages\starlette\_utils.py", line 87, in collapse_excgroups
  |     yield
  |   File "D:\nhatro\backend\venv\Lib\site-packages\starlette\middleware\base.py", line 190, in __call__
  |     async with anyio.create_task_group() as task_group:
  |                ^^^^^^^^^^^^^^^^^^^^^^^^^
  |   File "D:\nhatro\backend\venv\Lib\site-packages\anyio\_backends\_asyncio.py", line 799, in __aexit__
  |     raise BaseExceptionGroup(
  | ExceptionGroup: unhandled errors in a TaskGroup (1 sub-exception)
  +-+---------------- 1 ----------------
    | Traceback (most recent call last):
    |   File "D:\nhatro\backend\venv\Lib\site-packages\starlette\middleware\errors.py", line 164, in __call__
    |     await self.app(scope, receive, _send)
    |   File "D:\nhatro\backend\venv\Lib\site-packages\starlette\middleware\base.py", line 189, in __call__
    |     with collapse_excgroups():
    |          ^^^^^^^^^^^^^^^^^^^^
    |   File "C:\Users\ngocson\.cache\codex-runtimes\codex-primary-runtime\dependencies\python\Lib\contextlib.py", line 158, in __exit__
    |     self.gen.throw(value)
    |   File "D:\nhatro\backend\venv\Lib\site-packages\starlette\_utils.py", line 93, in collapse_excgroups
    |     raise exc
    |   File "D:\nhatro\backend\venv\Lib\site-packages\starlette\middleware\base.py", line 191, in __call__
    |     response = await self.dispatch_func(request, call_next)
    |                ^^^^^^^^^^^^^^^^^^^^^^^^^^^^^^^^^^^^^^^^^^^^
    |   File "D:\nhatro\backend\app\main.py", line 127, in rate_limit_middleware
    |     return await call_next(request)
    |            ^^^^^^^^^^^^^^^^^^^^^^^^
    |   File "D:\nhatro\backend\venv\Lib\site-packages\starlette\middleware\base.py", line 165, in call_next
    |     raise app_exc
    |   File "D:\nhatro\backend\venv\Lib\site-packages\starlette\middleware\base.py", line 151, in coro
    |     await self.app(scope, receive_or_disconnect, send_no_error)
    |   File "D:\nhatro\backend\venv\Lib\site-packages\starlette\middleware\base.py", line 189, in __call__
    |     with collapse_excgroups():
    |          ^^^^^^^^^^^^^^^^^^^^
    |   File "C:\Users\ngocson\.cache\codex-runtimes\codex-primary-runtime\dependencies\python\Lib\contextlib.py", line 158, in __exit__
    |     self.gen.throw(value)
    |   File "D:\nhatro\backend\venv\Lib\site-packages\starlette\_utils.py", line 93, in collapse_excgroups
    |     raise exc
    |   File "D:\nhatro\backend\venv\Lib\site-packages\starlette\middleware\base.py", line 191, in __call__
    |     response = await self.dispatch_func(request, call_next)
    |                ^^^^^^^^^^^^^^^^^^^^^^^^^^^^^^^^^^^^^^^^^^^^
    |   File "D:\nhatro\backend\app\main.py", line 93, in add_process_time
    |     response = await call_next(request)
    |                ^^^^^^^^^^^^^^^^^^^^^^^^
    |   File "D:\nhatro\backend\venv\Lib\site-packages\starlette\middleware\base.py", line 165, in call_next
    |     raise app_exc
    |   File "D:\nhatro\backend\venv\Lib\site-packages\starlette\middleware\base.py", line 151, in coro
    |     await self.app(scope, receive_or_disconnect, send_no_error)
    |   File "D:\nhatro\backend\venv\Lib\site-packages\starlette\middleware\base.py", line 189, in __call__
    |     with collapse_excgroups():
    |          ^^^^^^^^^^^^^^^^^^^^
    |   File "C:\Users\ngocson\.cache\codex-runtimes\codex-primary-runtime\dependencies\python\Lib\contextlib.py", line 158, in __exit__
    |     self.gen.throw(value)
    |   File "D:\nhatro\backend\venv\Lib\site-packages\starlette\_utils.py", line 93, in collapse_excgroups
    |     raise exc
    |   File "D:\nhatro\backend\venv\Lib\site-packages\starlette\middleware\base.py", line 191, in __call__
    |     response = await self.dispatch_func(request, call_next)
    |                ^^^^^^^^^^^^^^^^^^^^^^^^^^^^^^^^^^^^^^^^^^^^
    |   File "D:\nhatro\backend\app\main.py", line 86, in add_security_headers
    |     response = await call_next(request)
    |                ^^^^^^^^^^^^^^^^^^^^^^^^
    |   File "D:\nhatro\backend\venv\Lib\site-packages\starlette\middleware\base.py", line 165, in call_next
    |     raise app_exc
    |   File "D:\nhatro\backend\venv\Lib\site-packages\starlette\middleware\base.py", line 151, in coro
    |     await self.app(scope, receive_or_disconnect, send_no_error)
    |   File "D:\nhatro\backend\venv\Lib\site-packages\starlette\middleware\cors.py", line 85, in __call__
    |     await self.app(scope, receive, send)
    |   File "D:\nhatro\backend\venv\Lib\site-packages\starlette\middleware\exceptions.py", line 65, in __call__
    |     await wrap_app_handling_exceptions(self.app, conn)(scope, receive, send)
    |   File "D:\nhatro\backend\venv\Lib\site-packages\starlette\_exception_handler.py", line 64, in wrapped_app
    |     raise exc
    |   File "D:\nhatro\backend\venv\Lib\site-packages\starlette\_exception_handler.py", line 53, in wrapped_app
    |     await app(scope, receive, sender)
    |   File "D:\nhatro\backend\venv\Lib\site-packages\starlette\routing.py", line 756, in __call__
    |     await self.middleware_stack(scope, receive, send)
    |   File "D:\nhatro\backend\venv\Lib\site-packages\starlette\routing.py", line 776, in app
    |     await route.handle(scope, receive, send)
    |   File "D:\nhatro\backend\venv\Lib\site-packages\starlette\routing.py", line 297, in handle
    |     await self.app(scope, receive, send)
    |   File "D:\nhatro\backend\venv\Lib\site-packages\starlette\routing.py", line 77, in app
    |     await wrap_app_handling_exceptions(app, request)(scope, receive, send)
    |   File "D:\nhatro\backend\venv\Lib\site-packages\starlette\_exception_handler.py", line 75, in wrapped_app
    |     response = await handler(conn, exc)
    |                ^^^^^^^^^^^^^^^^^^^^^^^^
    |   File "D:\nhatro\backend\app\main.py", line 157, in validation_exception_handler
    |     return JSONResponse(
    |            ^^^^^^^^^^^^^
    |   File "D:\nhatro\backend\venv\Lib\site-packages\starlette\responses.py", line 184, in __init__
    |     super().__init__(content, status_code, headers, media_type, background)
    |   File "D:\nhatro\backend\venv\Lib\site-packages\starlette\responses.py", line 41, in __init__
    |     self.body = self.render(content)
    |                 ^^^^^^^^^^^^^^^^^^^^
    |   File "D:\nhatro\backend\venv\Lib\site-packages\starlette\responses.py", line 187, in render
    |     return json.dumps(
    |            ^^^^^^^^^^^
    |   File "C:\Users\ngocson\.cache\codex-runtimes\codex-primary-runtime\dependencies\python\Lib\json\__init__.py", line 238, in dumps
    |     **kw).encode(obj)
    |           ^^^^^^^^^^^
    |   File "C:\Users\ngocson\.cache\codex-runtimes\codex-primary-runtime\dependencies\python\Lib\json\encoder.py", line 200, in encode
    |     chunks = self.iterencode(o, _one_shot=True)
    |              ^^^^^^^^^^^^^^^^^^^^^^^^^^^^^^^^^^
    |   File "C:\Users\ngocson\.cache\codex-runtimes\codex-primary-runtime\dependencies\python\Lib\json\encoder.py", line 258, in iterencode
    |     return _iterencode(o, 0)
    |            ^^^^^^^^^^^^^^^^^
    |   File "C:\Users\ngocson\.cache\codex-runtimes\codex-primary-runtime\dependencies\python\Lib\json\encoder.py", line 180, in default
    |     raise TypeError(f'Object of type {o.__class__.__name__} '
    | TypeError: Object of type ValueError is not JSON serializable
    +------------------------------------

During handling of the above exception, another exception occurred:

Traceback (most recent call last):
  File "D:\nhatro\backend\venv\Lib\site-packages\starlette\middleware\errors.py", line 164, in __call__
    await self.app(scope, receive, _send)
  File "D:\nhatro\backend\venv\Lib\site-packages\starlette\middleware\base.py", line 189, in __call__
    with collapse_excgroups():
         ^^^^^^^^^^^^^^^^^^^^
  File "C:\Users\ngocson\.cache\codex-runtimes\codex-primary-runtime\dependencies\python\Lib\contextlib.py", line 158, in __exit__
    self.gen.throw(value)
  File "D:\nhatro\backend\venv\Lib\site-packages\starlette\_utils.py", line 93, in collapse_excgroups
    raise exc
  File "D:\nhatro\backend\venv\Lib\site-packages\starlette\middleware\base.py", line 191, in __call__
    response = await self.dispatch_func(request, call_next)
               ^^^^^^^^^^^^^^^^^^^^^^^^^^^^^^^^^^^^^^^^^^^^
  File "D:\nhatro\backend\app\main.py", line 127, in rate_limit_middleware
    return await call_next(request)
           ^^^^^^^^^^^^^^^^^^^^^^^^
  File "D:\nhatro\backend\venv\Lib\site-packages\starlette\middleware\base.py", line 165, in call_next
    raise app_exc
  File "D:\nhatro\backend\venv\Lib\site-packages\starlette\middleware\base.py", line 151, in coro
    await self.app(scope, receive_or_disconnect, send_no_error)
  File "D:\nhatro\backend\venv\Lib\site-packages\starlette\middleware\base.py", line 189, in __call__
    with collapse_excgroups():
         ^^^^^^^^^^^^^^^^^^^^
  File "C:\Users\ngocson\.cache\codex-runtimes\codex-primary-runtime\dependencies\python\Lib\contextlib.py", line 158, in __exit__
    self.gen.throw(value)
  File "D:\nhatro\backend\venv\Lib\site-packages\starlette\_utils.py", line 93, in collapse_excgroups
    raise exc
  File "D:\nhatro\backend\venv\Lib\site-packages\starlette\middleware\base.py", line 191, in __call__
    response = await self.dispatch_func(request, call_next)
               ^^^^^^^^^^^^^^^^^^^^^^^^^^^^^^^^^^^^^^^^^^^^
  File "D:\nhatro\backend\app\main.py", line 93, in add_process_time
    response = await call_next(request)
               ^^^^^^^^^^^^^^^^^^^^^^^^
  File "D:\nhatro\backend\venv\Lib\site-packages\starlette\middleware\base.py", line 165, in call_next
    raise app_exc
  File "D:\nhatro\backend\venv\Lib\site-packages\starlette\middleware\base.py", line 151, in coro
    await self.app(scope, receive_or_disconnect, send_no_error)
  File "D:\nhatro\backend\venv\Lib\site-packages\starlette\middleware\base.py", line 189, in __call__
    with collapse_excgroups():
         ^^^^^^^^^^^^^^^^^^^^
  File "C:\Users\ngocson\.cache\codex-runtimes\codex-primary-runtime\dependencies\python\Lib\contextlib.py", line 158, in __exit__
    self.gen.throw(value)
  File "D:\nhatro\backend\venv\Lib\site-packages\starlette\_utils.py", line 93, in collapse_excgroups
    raise exc
  File "D:\nhatro\backend\venv\Lib\site-packages\starlette\middleware\base.py", line 191, in __call__
    response = await self.dispatch_func(request, call_next)
               ^^^^^^^^^^^^^^^^^^^^^^^^^^^^^^^^^^^^^^^^^^^^
  File "D:\nhatro\backend\app\main.py", line 86, in add_security_headers
    response = await call_next(request)
               ^^^^^^^^^^^^^^^^^^^^^^^^
  File "D:\nhatro\backend\venv\Lib\site-packages\starlette\middleware\base.py", line 165, in call_next
    raise app_exc
  File "D:\nhatro\backend\venv\Lib\site-packages\starlette\middleware\base.py", line 151, in coro
    await self.app(scope, receive_or_disconnect, send_no_error)
  File "D:\nhatro\backend\venv\Lib\site-packages\starlette\middleware\cors.py", line 85, in __call__
    await self.app(scope, receive, send)
  File "D:\nhatro\backend\venv\Lib\site-packages\starlette\middleware\exceptions.py", line 65, in __call__
    await wrap_app_handling_exceptions(self.app, conn)(scope, receive, send)
  File "D:\nhatro\backend\venv\Lib\site-packages\starlette\_exception_handler.py", line 64, in wrapped_app
    raise exc
  File "D:\nhatro\backend\venv\Lib\site-packages\starlette\_exception_handler.py", line 53, in wrapped_app
    await app(scope, receive, sender)
  File "D:\nhatro\backend\venv\Lib\site-packages\starlette\routing.py", line 756, in __call__
    await self.middleware_stack(scope, receive, send)
  File "D:\nhatro\backend\venv\Lib\site-packages\starlette\routing.py", line 776, in app
    await route.handle(scope, receive, send)
  File "D:\nhatro\backend\venv\Lib\site-packages\starlette\routing.py", line 297, in handle
    await self.app(scope, receive, send)
  File "D:\nhatro\backend\venv\Lib\site-packages\starlette\routing.py", line 77, in app
    await wrap_app_handling_exceptions(app, request)(scope, receive, send)
  File "D:\nhatro\backend\venv\Lib\site-packages\starlette\_exception_handler.py", line 75, in wrapped_app
    response = await handler(conn, exc)
               ^^^^^^^^^^^^^^^^^^^^^^^^
  File "D:\nhatro\backend\app\main.py", line 157, in validation_exception_handler
    return JSONResponse(
           ^^^^^^^^^^^^^
  File "D:\nhatro\backend\venv\Lib\site-packages\starlette\responses.py", line 184, in __init__
    super().__init__(content, status_code, headers, media_type, background)
  File "D:\nhatro\backend\venv\Lib\site-packages\starlette\responses.py", line 41, in __init__
    self.body = self.render(content)
                ^^^^^^^^^^^^^^^^^^^^
  File "D:\nhatro\backend\venv\Lib\site-packages\starlette\responses.py", line 187, in render
    return json.dumps(
           ^^^^^^^^^^^
  File "C:\Users\ngocson\.cache\codex-runtimes\codex-primary-runtime\dependencies\python\Lib\json\__init__.py", line 238, in dumps
    **kw).encode(obj)
          ^^^^^^^^^^^
  File "C:\Users\ngocson\.cache\codex-runtimes\codex-primary-runtime\dependencies\python\Lib\json\encoder.py", line 200, in encode
    chunks = self.iterencode(o, _one_shot=True)
             ^^^^^^^^^^^^^^^^^^^^^^^^^^^^^^^^^^
  File "C:\Users\ngocson\.cache\codex-runtimes\codex-primary-runtime\dependencies\python\Lib\json\encoder.py", line 258, in iterencode
    return _iterencode(o, 0)
           ^^^^^^^^^^^^^^^^^
  File "C:\Users\ngocson\.cache\codex-runtimes\codex-primary-runtime\dependencies\python\Lib\json\encoder.py", line 180, in default
    raise TypeError(f'Object of type {o.__class__.__name__} '
TypeError: Object of type ValueError is not JSON serializable
==============================================

=== VALIDATION ERROR AT PATCH /api/v1/maintenance/request_id'+AND+'1'='2'+--+ ===
[{'type': 'json_invalid', 'loc': ('body', 34), 'msg': 'JSON decode error', 'input': {}, 'ctx': {'error': 'Expecting value'}}]
==============================================

=== VALIDATION ERROR AT PATCH /api/v1/boarding-houses/bh_id'+AND+'1'='2'+--+ ===
[{'type': 'json_invalid', 'loc': ('body', 8), 'msg': 'JSON decode error', 'input': {}, 'ctx': {'error': 'Expecting value'}}]
==============================================

=== VALIDATION ERROR AT POST /api/v1/auth/register ===
[{'type': 'value_error', 'loc': ('body', 'password'), 'msg': 'Value error, Password must be at least 8 characters', 'input': 'ZAP', 'ctx': {'error': ValueError('Password must be at least 8 characters')}}, {'type': 'string_type', 'loc': ('body', 'phone'), 'msg': 'Input should be a valid string', 'input': 9999999999}, {'type': 'value_error', 'loc': ('body', 'otp_code'), 'msg': 'Value error, OTP code must be 6 digits', 'input': 'John Doe', 'ctx': {'error': ValueError('OTP code must be 6 digits')}}]
==============================================

=== GLOBAL EXCEPTION HANDLER AT POST /api/v1/auth/register ===
  + Exception Group Traceback (most recent call last):
  |   File "D:\nhatro\backend\venv\Lib\site-packages\starlette\_utils.py", line 87, in collapse_excgroups
  |     yield
  |   File "D:\nhatro\backend\venv\Lib\site-packages\starlette\middleware\base.py", line 190, in __call__
  |     async with anyio.create_task_group() as task_group:
  |                ^^^^^^^^^^^^^^^^^^^^^^^^^
  |   File "D:\nhatro\backend\venv\Lib\site-packages\anyio\_backends\_asyncio.py", line 799, in __aexit__
  |     raise BaseExceptionGroup(
  | ExceptionGroup: unhandled errors in a TaskGroup (1 sub-exception)
  +-+---------------- 1 ----------------
    | Traceback (most recent call last):
    |   File "D:\nhatro\backend\venv\Lib\site-packages\starlette\middleware\errors.py", line 164, in __call__
    |     await self.app(scope, receive, _send)
    |   File "D:\nhatro\backend\venv\Lib\site-packages\starlette\middleware\base.py", line 189, in __call__
    |     with collapse_excgroups():
    |          ^^^^^^^^^^^^^^^^^^^^
    |   File "C:\Users\ngocson\.cache\codex-runtimes\codex-primary-runtime\dependencies\python\Lib\contextlib.py", line 158, in __exit__
    |     self.gen.throw(value)
    |   File "D:\nhatro\backend\venv\Lib\site-packages\starlette\_utils.py", line 93, in collapse_excgroups
    |     raise exc
    |   File "D:\nhatro\backend\venv\Lib\site-packages\starlette\middleware\base.py", line 191, in __call__
    |     response = await self.dispatch_func(request, call_next)
    |                ^^^^^^^^^^^^^^^^^^^^^^^^^^^^^^^^^^^^^^^^^^^^
    |   File "D:\nhatro\backend\app\main.py", line 127, in rate_limit_middleware
    |     return await call_next(request)
    |            ^^^^^^^^^^^^^^^^^^^^^^^^
    |   File "D:\nhatro\backend\venv\Lib\site-packages\starlette\middleware\base.py", line 165, in call_next
    |     raise app_exc
    |   File "D:\nhatro\backend\venv\Lib\site-packages\starlette\middleware\base.py", line 151, in coro
    |     await self.app(scope, receive_or_disconnect, send_no_error)
    |   File "D:\nhatro\backend\venv\Lib\site-packages\starlette\middleware\base.py", line 189, in __call__
    |     with collapse_excgroups():
    |          ^^^^^^^^^^^^^^^^^^^^
    |   File "C:\Users\ngocson\.cache\codex-runtimes\codex-primary-runtime\dependencies\python\Lib\contextlib.py", line 158, in __exit__
    |     self.gen.throw(value)
    |   File "D:\nhatro\backend\venv\Lib\site-packages\starlette\_utils.py", line 93, in collapse_excgroups
    |     raise exc
    |   File "D:\nhatro\backend\venv\Lib\site-packages\starlette\middleware\base.py", line 191, in __call__
    |     response = await self.dispatch_func(request, call_next)
    |                ^^^^^^^^^^^^^^^^^^^^^^^^^^^^^^^^^^^^^^^^^^^^
    |   File "D:\nhatro\backend\app\main.py", line 93, in add_process_time
    |     response = await call_next(request)
    |                ^^^^^^^^^^^^^^^^^^^^^^^^
    |   File "D:\nhatro\backend\venv\Lib\site-packages\starlette\middleware\base.py", line 165, in call_next
    |     raise app_exc
    |   File "D:\nhatro\backend\venv\Lib\site-packages\starlette\middleware\base.py", line 151, in coro
    |     await self.app(scope, receive_or_disconnect, send_no_error)
    |   File "D:\nhatro\backend\venv\Lib\site-packages\starlette\middleware\base.py", line 189, in __call__
    |     with collapse_excgroups():
    |          ^^^^^^^^^^^^^^^^^^^^
    |   File "C:\Users\ngocson\.cache\codex-runtimes\codex-primary-runtime\dependencies\python\Lib\contextlib.py", line 158, in __exit__
    |     self.gen.throw(value)
    |   File "D:\nhatro\backend\venv\Lib\site-packages\starlette\_utils.py", line 93, in collapse_excgroups
    |     raise exc
    |   File "D:\nhatro\backend\venv\Lib\site-packages\starlette\middleware\base.py", line 191, in __call__
    |     response = await self.dispatch_func(request, call_next)
    |                ^^^^^^^^^^^^^^^^^^^^^^^^^^^^^^^^^^^^^^^^^^^^
    |   File "D:\nhatro\backend\app\main.py", line 86, in add_security_headers
    |     response = await call_next(request)
    |                ^^^^^^^^^^^^^^^^^^^^^^^^
    |   File "D:\nhatro\backend\venv\Lib\site-packages\starlette\middleware\base.py", line 165, in call_next
    |     raise app_exc
    |   File "D:\nhatro\backend\venv\Lib\site-packages\starlette\middleware\base.py", line 151, in coro
    |     await self.app(scope, receive_or_disconnect, send_no_error)
    |   File "D:\nhatro\backend\venv\Lib\site-packages\starlette\middleware\cors.py", line 85, in __call__
    |     await self.app(scope, receive, send)
    |   File "D:\nhatro\backend\venv\Lib\site-packages\starlette\middleware\exceptions.py", line 65, in __call__
    |     await wrap_app_handling_exceptions(self.app, conn)(scope, receive, send)
    |   File "D:\nhatro\backend\venv\Lib\site-packages\starlette\_exception_handler.py", line 64, in wrapped_app
    |     raise exc
    |   File "D:\nhatro\backend\venv\Lib\site-packages\starlette\_exception_handler.py", line 53, in wrapped_app
    |     await app(scope, receive, sender)
    |   File "D:\nhatro\backend\venv\Lib\site-packages\starlette\routing.py", line 756, in __call__
    |     await self.middleware_stack(scope, receive, send)
    |   File "D:\nhatro\backend\venv\Lib\site-packages\starlette\routing.py", line 776, in app
    |     await route.handle(scope, receive, send)
    |   File "D:\nhatro\backend\venv\Lib\site-packages\starlette\routing.py", line 297, in handle
    |     await self.app(scope, receive, send)
    |   File "D:\nhatro\backend\venv\Lib\site-packages\starlette\routing.py", line 77, in app
    |     await wrap_app_handling_exceptions(app, request)(scope, receive, send)
    |   File "D:\nhatro\backend\venv\Lib\site-packages\starlette\_exception_handler.py", line 75, in wrapped_app
    |     response = await handler(conn, exc)
    |                ^^^^^^^^^^^^^^^^^^^^^^^^
    |   File "D:\nhatro\backend\app\main.py", line 157, in validation_exception_handler
    |     return JSONResponse(
    |            ^^^^^^^^^^^^^
    |   File "D:\nhatro\backend\venv\Lib\site-packages\starlette\responses.py", line 184, in __init__
    |     super().__init__(content, status_code, headers, media_type, background)
    |   File "D:\nhatro\backend\venv\Lib\site-packages\starlette\responses.py", line 41, in __init__
    |     self.body = self.render(content)
    |                 ^^^^^^^^^^^^^^^^^^^^
    |   File "D:\nhatro\backend\venv\Lib\site-packages\starlette\responses.py", line 187, in render
    |     return json.dumps(
    |            ^^^^^^^^^^^
    |   File "C:\Users\ngocson\.cache\codex-runtimes\codex-primary-runtime\dependencies\python\Lib\json\__init__.py", line 238, in dumps
    |     **kw).encode(obj)
    |           ^^^^^^^^^^^
    |   File "C:\Users\ngocson\.cache\codex-runtimes\codex-primary-runtime\dependencies\python\Lib\json\encoder.py", line 200, in encode
    |     chunks = self.iterencode(o, _one_shot=True)
    |              ^^^^^^^^^^^^^^^^^^^^^^^^^^^^^^^^^^
    |   File "C:\Users\ngocson\.cache\codex-runtimes\codex-primary-runtime\dependencies\python\Lib\json\encoder.py", line 258, in iterencode
    |     return _iterencode(o, 0)
    |            ^^^^^^^^^^^^^^^^^
    |   File "C:\Users\ngocson\.cache\codex-runtimes\codex-primary-runtime\dependencies\python\Lib\json\encoder.py", line 180, in default
    |     raise TypeError(f'Object of type {o.__class__.__name__} '
    | TypeError: Object of type ValueError is not JSON serializable
    +------------------------------------

During handling of the above exception, another exception occurred:

Traceback (most recent call last):
  File "D:\nhatro\backend\venv\Lib\site-packages\starlette\middleware\errors.py", line 164, in __call__
    await self.app(scope, receive, _send)
  File "D:\nhatro\backend\venv\Lib\site-packages\starlette\middleware\base.py", line 189, in __call__
    with collapse_excgroups():
         ^^^^^^^^^^^^^^^^^^^^
  File "C:\Users\ngocson\.cache\codex-runtimes\codex-primary-runtime\dependencies\python\Lib\contextlib.py", line 158, in __exit__
    self.gen.throw(value)
  File "D:\nhatro\backend\venv\Lib\site-packages\starlette\_utils.py", line 93, in collapse_excgroups
    raise exc
  File "D:\nhatro\backend\venv\Lib\site-packages\starlette\middleware\base.py", line 191, in __call__
    response = await self.dispatch_func(request, call_next)
               ^^^^^^^^^^^^^^^^^^^^^^^^^^^^^^^^^^^^^^^^^^^^
  File "D:\nhatro\backend\app\main.py", line 127, in rate_limit_middleware
    return await call_next(request)
           ^^^^^^^^^^^^^^^^^^^^^^^^
  File "D:\nhatro\backend\venv\Lib\site-packages\starlette\middleware\base.py", line 165, in call_next
    raise app_exc
  File "D:\nhatro\backend\venv\Lib\site-packages\starlette\middleware\base.py", line 151, in coro
    await self.app(scope, receive_or_disconnect, send_no_error)
  File "D:\nhatro\backend\venv\Lib\site-packages\starlette\middleware\base.py", line 189, in __call__
    with collapse_excgroups():
         ^^^^^^^^^^^^^^^^^^^^
  File "C:\Users\ngocson\.cache\codex-runtimes\codex-primary-runtime\dependencies\python\Lib\contextlib.py", line 158, in __exit__
    self.gen.throw(value)
  File "D:\nhatro\backend\venv\Lib\site-packages\starlette\_utils.py", line 93, in collapse_excgroups
    raise exc
  File "D:\nhatro\backend\venv\Lib\site-packages\starlette\middleware\base.py", line 191, in __call__
    response = await self.dispatch_func(request, call_next)
               ^^^^^^^^^^^^^^^^^^^^^^^^^^^^^^^^^^^^^^^^^^^^
  File "D:\nhatro\backend\app\main.py", line 93, in add_process_time
    response = await call_next(request)
               ^^^^^^^^^^^^^^^^^^^^^^^^
  File "D:\nhatro\backend\venv\Lib\site-packages\starlette\middleware\base.py", line 165, in call_next
    raise app_exc
  File "D:\nhatro\backend\venv\Lib\site-packages\starlette\middleware\base.py", line 151, in coro
    await self.app(scope, receive_or_disconnect, send_no_error)
  File "D:\nhatro\backend\venv\Lib\site-packages\starlette\middleware\base.py", line 189, in __call__
    with collapse_excgroups():
         ^^^^^^^^^^^^^^^^^^^^
  File "C:\Users\ngocson\.cache\codex-runtimes\codex-primary-runtime\dependencies\python\Lib\contextlib.py", line 158, in __exit__
    self.gen.throw(value)
  File "D:\nhatro\backend\venv\Lib\site-packages\starlette\_utils.py", line 93, in collapse_excgroups
    raise exc
  File "D:\nhatro\backend\venv\Lib\site-packages\starlette\middleware\base.py", line 191, in __call__
    response = await self.dispatch_func(request, call_next)
               ^^^^^^^^^^^^^^^^^^^^^^^^^^^^^^^^^^^^^^^^^^^^
  File "D:\nhatro\backend\app\main.py", line 86, in add_security_headers
    response = await call_next(request)
               ^^^^^^^^^^^^^^^^^^^^^^^^
  File "D:\nhatro\backend\venv\Lib\site-packages\starlette\middleware\base.py", line 165, in call_next
    raise app_exc
  File "D:\nhatro\backend\venv\Lib\site-packages\starlette\middleware\base.py", line 151, in coro
    await self.app(scope, receive_or_disconnect, send_no_error)
  File "D:\nhatro\backend\venv\Lib\site-packages\starlette\middleware\cors.py", line 85, in __call__
    await self.app(scope, receive, send)
  File "D:\nhatro\backend\venv\Lib\site-packages\starlette\middleware\exceptions.py", line 65, in __call__
    await wrap_app_handling_exceptions(self.app, conn)(scope, receive, send)
  File "D:\nhatro\backend\venv\Lib\site-packages\starlette\_exception_handler.py", line 64, in wrapped_app
    raise exc
  File "D:\nhatro\backend\venv\Lib\site-packages\starlette\_exception_handler.py", line 53, in wrapped_app
    await app(scope, receive, sender)
  File "D:\nhatro\backend\venv\Lib\site-packages\starlette\routing.py", line 756, in __call__
    await self.middleware_stack(scope, receive, send)
  File "D:\nhatro\backend\venv\Lib\site-packages\starlette\routing.py", line 776, in app
    await route.handle(scope, receive, send)
  File "D:\nhatro\backend\venv\Lib\site-packages\starlette\routing.py", line 297, in handle
    await self.app(scope, receive, send)
  File "D:\nhatro\backend\venv\Lib\site-packages\starlette\routing.py", line 77, in app
    await wrap_app_handling_exceptions(app, request)(scope, receive, send)
  File "D:\nhatro\backend\venv\Lib\site-packages\starlette\_exception_handler.py", line 75, in wrapped_app
    response = await handler(conn, exc)
               ^^^^^^^^^^^^^^^^^^^^^^^^
  File "D:\nhatro\backend\app\main.py", line 157, in validation_exception_handler
    return JSONResponse(
           ^^^^^^^^^^^^^
  File "D:\nhatro\backend\venv\Lib\site-packages\starlette\responses.py", line 184, in __init__
    super().__init__(content, status_code, headers, media_type, background)
  File "D:\nhatro\backend\venv\Lib\site-packages\starlette\responses.py", line 41, in __init__
    self.body = self.render(content)
                ^^^^^^^^^^^^^^^^^^^^
  File "D:\nhatro\backend\venv\Lib\site-packages\starlette\responses.py", line 187, in render
    return json.dumps(
           ^^^^^^^^^^^
  File "C:\Users\ngocson\.cache\codex-runtimes\codex-primary-runtime\dependencies\python\Lib\json\__init__.py", line 238, in dumps
    **kw).encode(obj)
          ^^^^^^^^^^^
  File "C:\Users\ngocson\.cache\codex-runtimes\codex-primary-runtime\dependencies\python\Lib\json\encoder.py", line 200, in encode
    chunks = self.iterencode(o, _one_shot=True)
             ^^^^^^^^^^^^^^^^^^^^^^^^^^^^^^^^^^
  File "C:\Users\ngocson\.cache\codex-runtimes\codex-primary-runtime\dependencies\python\Lib\json\encoder.py", line 258, in iterencode
    return _iterencode(o, 0)
           ^^^^^^^^^^^^^^^^^
  File "C:\Users\ngocson\.cache\codex-runtimes\codex-primary-runtime\dependencies\python\Lib\json\encoder.py", line 180, in default
    raise TypeError(f'Object of type {o.__class__.__name__} '
TypeError: Object of type ValueError is not JSON serializable
==============================================

=== VALIDATION ERROR AT PATCH /api/v1/boarding-houses/bh_id'+OR+'1'='1'+--+ ===
[{'type': 'json_invalid', 'loc': ('body', 8), 'msg': 'JSON decode error', 'input': {}, 'ctx': {'error': 'Expecting value'}}]
==============================================

=== VALIDATION ERROR AT PATCH /api/v1/maintenance/request_id'+OR+'1'='1'+--+ ===
[{'type': 'json_invalid', 'loc': ('body', 34), 'msg': 'JSON decode error', 'input': {}, 'ctx': {'error': 'Expecting value'}}]
==============================================

=== VALIDATION ERROR AT POST /api/v1/auth/register ===
[{'type': 'value_error', 'loc': ('body', 'password'), 'msg': 'Value error, Password must be at least 8 characters', 'input': 'ZAP', 'ctx': {'error': ValueError('Password must be at least 8 characters')}}, {'type': 'string_type', 'loc': ('body', 'phone'), 'msg': 'Input should be a valid string', 'input': 9999999999}, {'type': 'value_error', 'loc': ('body', 'otp_code'), 'msg': 'Value error, OTP code must be 6 digits', 'input': 'John Doe', 'ctx': {'error': ValueError('OTP code must be 6 digits')}}]
==============================================

=== GLOBAL EXCEPTION HANDLER AT POST /api/v1/auth/register ===
  + Exception Group Traceback (most recent call last):
  |   File "D:\nhatro\backend\venv\Lib\site-packages\starlette\_utils.py", line 87, in collapse_excgroups
  |     yield
  |   File "D:\nhatro\backend\venv\Lib\site-packages\starlette\middleware\base.py", line 190, in __call__
  |     async with anyio.create_task_group() as task_group:
  |                ^^^^^^^^^^^^^^^^^^^^^^^^^
  |   File "D:\nhatro\backend\venv\Lib\site-packages\anyio\_backends\_asyncio.py", line 799, in __aexit__
  |     raise BaseExceptionGroup(
  | ExceptionGroup: unhandled errors in a TaskGroup (1 sub-exception)
  +-+---------------- 1 ----------------
    | Traceback (most recent call last):
    |   File "D:\nhatro\backend\venv\Lib\site-packages\starlette\middleware\errors.py", line 164, in __call__
    |     await self.app(scope, receive, _send)
    |   File "D:\nhatro\backend\venv\Lib\site-packages\starlette\middleware\base.py", line 189, in __call__
    |     with collapse_excgroups():
    |          ^^^^^^^^^^^^^^^^^^^^
    |   File "C:\Users\ngocson\.cache\codex-runtimes\codex-primary-runtime\dependencies\python\Lib\contextlib.py", line 158, in __exit__
    |     self.gen.throw(value)
    |   File "D:\nhatro\backend\venv\Lib\site-packages\starlette\_utils.py", line 93, in collapse_excgroups
    |     raise exc
    |   File "D:\nhatro\backend\venv\Lib\site-packages\starlette\middleware\base.py", line 191, in __call__
    |     response = await self.dispatch_func(request, call_next)
    |                ^^^^^^^^^^^^^^^^^^^^^^^^^^^^^^^^^^^^^^^^^^^^
    |   File "D:\nhatro\backend\app\main.py", line 127, in rate_limit_middleware
    |     return await call_next(request)
    |            ^^^^^^^^^^^^^^^^^^^^^^^^
    |   File "D:\nhatro\backend\venv\Lib\site-packages\starlette\middleware\base.py", line 165, in call_next
    |     raise app_exc
    |   File "D:\nhatro\backend\venv\Lib\site-packages\starlette\middleware\base.py", line 151, in coro
    |     await self.app(scope, receive_or_disconnect, send_no_error)
    |   File "D:\nhatro\backend\venv\Lib\site-packages\starlette\middleware\base.py", line 189, in __call__
    |     with collapse_excgroups():
    |          ^^^^^^^^^^^^^^^^^^^^
    |   File "C:\Users\ngocson\.cache\codex-runtimes\codex-primary-runtime\dependencies\python\Lib\contextlib.py", line 158, in __exit__
    |     self.gen.throw(value)
    |   File "D:\nhatro\backend\venv\Lib\site-packages\starlette\_utils.py", line 93, in collapse_excgroups
    |     raise exc
    |   File "D:\nhatro\backend\venv\Lib\site-packages\starlette\middleware\base.py", line 191, in __call__
    |     response = await self.dispatch_func(request, call_next)
    |                ^^^^^^^^^^^^^^^^^^^^^^^^^^^^^^^^^^^^^^^^^^^^
    |   File "D:\nhatro\backend\app\main.py", line 93, in add_process_time
    |     response = await call_next(request)
    |                ^^^^^^^^^^^^^^^^^^^^^^^^
    |   File "D:\nhatro\backend\venv\Lib\site-packages\starlette\middleware\base.py", line 165, in call_next
    |     raise app_exc
    |   File "D:\nhatro\backend\venv\Lib\site-packages\starlette\middleware\base.py", line 151, in coro
    |     await self.app(scope, receive_or_disconnect, send_no_error)
    |   File "D:\nhatro\backend\venv\Lib\site-packages\starlette\middleware\base.py", line 189, in __call__
    |     with collapse_excgroups():
    |          ^^^^^^^^^^^^^^^^^^^^
    |   File "C:\Users\ngocson\.cache\codex-runtimes\codex-primary-runtime\dependencies\python\Lib\contextlib.py", line 158, in __exit__
    |     self.gen.throw(value)
    |   File "D:\nhatro\backend\venv\Lib\site-packages\starlette\_utils.py", line 93, in collapse_excgroups
    |     raise exc
    |   File "D:\nhatro\backend\venv\Lib\site-packages\starlette\middleware\base.py", line 191, in __call__
    |     response = await self.dispatch_func(request, call_next)
    |                ^^^^^^^^^^^^^^^^^^^^^^^^^^^^^^^^^^^^^^^^^^^^
    |   File "D:\nhatro\backend\app\main.py", line 86, in add_security_headers
    |     response = await call_next(request)
    |                ^^^^^^^^^^^^^^^^^^^^^^^^
    |   File "D:\nhatro\backend\venv\Lib\site-packages\starlette\middleware\base.py", line 165, in call_next
    |     raise app_exc
    |   File "D:\nhatro\backend\venv\Lib\site-packages\starlette\middleware\base.py", line 151, in coro
    |     await self.app(scope, receive_or_disconnect, send_no_error)
    |   File "D:\nhatro\backend\venv\Lib\site-packages\starlette\middleware\cors.py", line 85, in __call__
    |     await self.app(scope, receive, send)
    |   File "D:\nhatro\backend\venv\Lib\site-packages\starlette\middleware\exceptions.py", line 65, in __call__
    |     await wrap_app_handling_exceptions(self.app, conn)(scope, receive, send)
    |   File "D:\nhatro\backend\venv\Lib\site-packages\starlette\_exception_handler.py", line 64, in wrapped_app
    |     raise exc
    |   File "D:\nhatro\backend\venv\Lib\site-packages\starlette\_exception_handler.py", line 53, in wrapped_app
    |     await app(scope, receive, sender)
    |   File "D:\nhatro\backend\venv\Lib\site-packages\starlette\routing.py", line 756, in __call__
    |     await self.middleware_stack(scope, receive, send)
    |   File "D:\nhatro\backend\venv\Lib\site-packages\starlette\routing.py", line 776, in app
    |     await route.handle(scope, receive, send)
    |   File "D:\nhatro\backend\venv\Lib\site-packages\starlette\routing.py", line 297, in handle
    |     await self.app(scope, receive, send)
    |   File "D:\nhatro\backend\venv\Lib\site-packages\starlette\routing.py", line 77, in app
    |     await wrap_app_handling_exceptions(app, request)(scope, receive, send)
    |   File "D:\nhatro\backend\venv\Lib\site-packages\starlette\_exception_handler.py", line 75, in wrapped_app
    |     response = await handler(conn, exc)
    |                ^^^^^^^^^^^^^^^^^^^^^^^^
    |   File "D:\nhatro\backend\app\main.py", line 157, in validation_exception_handler
    |     return JSONResponse(
    |            ^^^^^^^^^^^^^
    |   File "D:\nhatro\backend\venv\Lib\site-packages\starlette\responses.py", line 184, in __init__
    |     super().__init__(content, status_code, headers, media_type, background)
    |   File "D:\nhatro\backend\venv\Lib\site-packages\starlette\responses.py", line 41, in __init__
    |     self.body = self.render(content)
    |                 ^^^^^^^^^^^^^^^^^^^^
    |   File "D:\nhatro\backend\venv\Lib\site-packages\starlette\responses.py", line 187, in render
    |     return json.dumps(
    |            ^^^^^^^^^^^
    |   File "C:\Users\ngocson\.cache\codex-runtimes\codex-primary-runtime\dependencies\python\Lib\json\__init__.py", line 238, in dumps
    |     **kw).encode(obj)
    |           ^^^^^^^^^^^
    |   File "C:\Users\ngocson\.cache\codex-runtimes\codex-primary-runtime\dependencies\python\Lib\json\encoder.py", line 200, in encode
    |     chunks = self.iterencode(o, _one_shot=True)
    |              ^^^^^^^^^^^^^^^^^^^^^^^^^^^^^^^^^^
    |   File "C:\Users\ngocson\.cache\codex-runtimes\codex-primary-runtime\dependencies\python\Lib\json\encoder.py", line 258, in iterencode
    |     return _iterencode(o, 0)
    |            ^^^^^^^^^^^^^^^^^
    |   File "C:\Users\ngocson\.cache\codex-runtimes\codex-primary-runtime\dependencies\python\Lib\json\encoder.py", line 180, in default
    |     raise TypeError(f'Object of type {o.__class__.__name__} '
    | TypeError: Object of type ValueError is not JSON serializable
    +------------------------------------

During handling of the above exception, another exception occurred:

Traceback (most recent call last):
  File "D:\nhatro\backend\venv\Lib\site-packages\starlette\middleware\errors.py", line 164, in __call__
    await self.app(scope, receive, _send)
  File "D:\nhatro\backend\venv\Lib\site-packages\starlette\middleware\base.py", line 189, in __call__
    with collapse_excgroups():
         ^^^^^^^^^^^^^^^^^^^^
  File "C:\Users\ngocson\.cache\codex-runtimes\codex-primary-runtime\dependencies\python\Lib\contextlib.py", line 158, in __exit__
    self.gen.throw(value)
  File "D:\nhatro\backend\venv\Lib\site-packages\starlette\_utils.py", line 93, in collapse_excgroups
    raise exc
  File "D:\nhatro\backend\venv\Lib\site-packages\starlette\middleware\base.py", line 191, in __call__
    response = await self.dispatch_func(request, call_next)
               ^^^^^^^^^^^^^^^^^^^^^^^^^^^^^^^^^^^^^^^^^^^^
  File "D:\nhatro\backend\app\main.py", line 127, in rate_limit_middleware
    return await call_next(request)
           ^^^^^^^^^^^^^^^^^^^^^^^^
  File "D:\nhatro\backend\venv\Lib\site-packages\starlette\middleware\base.py", line 165, in call_next
    raise app_exc
  File "D:\nhatro\backend\venv\Lib\site-packages\starlette\middleware\base.py", line 151, in coro
    await self.app(scope, receive_or_disconnect, send_no_error)
  File "D:\nhatro\backend\venv\Lib\site-packages\starlette\middleware\base.py", line 189, in __call__
    with collapse_excgroups():
         ^^^^^^^^^^^^^^^^^^^^
  File "C:\Users\ngocson\.cache\codex-runtimes\codex-primary-runtime\dependencies\python\Lib\contextlib.py", line 158, in __exit__
    self.gen.throw(value)
  File "D:\nhatro\backend\venv\Lib\site-packages\starlette\_utils.py", line 93, in collapse_excgroups
    raise exc
  File "D:\nhatro\backend\venv\Lib\site-packages\starlette\middleware\base.py", line 191, in __call__
    response = await self.dispatch_func(request, call_next)
               ^^^^^^^^^^^^^^^^^^^^^^^^^^^^^^^^^^^^^^^^^^^^
  File "D:\nhatro\backend\app\main.py", line 93, in add_process_time
    response = await call_next(request)
               ^^^^^^^^^^^^^^^^^^^^^^^^
  File "D:\nhatro\backend\venv\Lib\site-packages\starlette\middleware\base.py", line 165, in call_next
    raise app_exc
  File "D:\nhatro\backend\venv\Lib\site-packages\starlette\middleware\base.py", line 151, in coro
    await self.app(scope, receive_or_disconnect, send_no_error)
  File "D:\nhatro\backend\venv\Lib\site-packages\starlette\middleware\base.py", line 189, in __call__
    with collapse_excgroups():
         ^^^^^^^^^^^^^^^^^^^^
  File "C:\Users\ngocson\.cache\codex-runtimes\codex-primary-runtime\dependencies\python\Lib\contextlib.py", line 158, in __exit__
    self.gen.throw(value)
  File "D:\nhatro\backend\venv\Lib\site-packages\starlette\_utils.py", line 93, in collapse_excgroups
    raise exc
  File "D:\nhatro\backend\venv\Lib\site-packages\starlette\middleware\base.py", line 191, in __call__
    response = await self.dispatch_func(request, call_next)
               ^^^^^^^^^^^^^^^^^^^^^^^^^^^^^^^^^^^^^^^^^^^^
  File "D:\nhatro\backend\app\main.py", line 86, in add_security_headers
    response = await call_next(request)
               ^^^^^^^^^^^^^^^^^^^^^^^^
  File "D:\nhatro\backend\venv\Lib\site-packages\starlette\middleware\base.py", line 165, in call_next
    raise app_exc
  File "D:\nhatro\backend\venv\Lib\site-packages\starlette\middleware\base.py", line 151, in coro
    await self.app(scope, receive_or_disconnect, send_no_error)
  File "D:\nhatro\backend\venv\Lib\site-packages\starlette\middleware\cors.py", line 85, in __call__
    await self.app(scope, receive, send)
  File "D:\nhatro\backend\venv\Lib\site-packages\starlette\middleware\exceptions.py", line 65, in __call__
    await wrap_app_handling_exceptions(self.app, conn)(scope, receive, send)
  File "D:\nhatro\backend\venv\Lib\site-packages\starlette\_exception_handler.py", line 64, in wrapped_app
    raise exc
  File "D:\nhatro\backend\venv\Lib\site-packages\starlette\_exception_handler.py", line 53, in wrapped_app
    await app(scope, receive, sender)
  File "D:\nhatro\backend\venv\Lib\site-packages\starlette\routing.py", line 756, in __call__
    await self.middleware_stack(scope, receive, send)
  File "D:\nhatro\backend\venv\Lib\site-packages\starlette\routing.py", line 776, in app
    await route.handle(scope, receive, send)
  File "D:\nhatro\backend\venv\Lib\site-packages\starlette\routing.py", line 297, in handle
    await self.app(scope, receive, send)
  File "D:\nhatro\backend\venv\Lib\site-packages\starlette\routing.py", line 77, in app
    await wrap_app_handling_exceptions(app, request)(scope, receive, send)
  File "D:\nhatro\backend\venv\Lib\site-packages\starlette\_exception_handler.py", line 75, in wrapped_app
    response = await handler(conn, exc)
               ^^^^^^^^^^^^^^^^^^^^^^^^
  File "D:\nhatro\backend\app\main.py", line 157, in validation_exception_handler
    return JSONResponse(
           ^^^^^^^^^^^^^
  File "D:\nhatro\backend\venv\Lib\site-packages\starlette\responses.py", line 184, in __init__
    super().__init__(content, status_code, headers, media_type, background)
  File "D:\nhatro\backend\venv\Lib\site-packages\starlette\responses.py", line 41, in __init__
    self.body = self.render(content)
                ^^^^^^^^^^^^^^^^^^^^
  File "D:\nhatro\backend\venv\Lib\site-packages\starlette\responses.py", line 187, in render
    return json.dumps(
           ^^^^^^^^^^^
  File "C:\Users\ngocson\.cache\codex-runtimes\codex-primary-runtime\dependencies\python\Lib\json\__init__.py", line 238, in dumps
    **kw).encode(obj)
          ^^^^^^^^^^^
  File "C:\Users\ngocson\.cache\codex-runtimes\codex-primary-runtime\dependencies\python\Lib\json\encoder.py", line 200, in encode
    chunks = self.iterencode(o, _one_shot=True)
             ^^^^^^^^^^^^^^^^^^^^^^^^^^^^^^^^^^
  File "C:\Users\ngocson\.cache\codex-runtimes\codex-primary-runtime\dependencies\python\Lib\json\encoder.py", line 258, in iterencode
    return _iterencode(o, 0)
           ^^^^^^^^^^^^^^^^^
  File "C:\Users\ngocson\.cache\codex-runtimes\codex-primary-runtime\dependencies\python\Lib\json\encoder.py", line 180, in default
    raise TypeError(f'Object of type {o.__class__.__name__} '
TypeError: Object of type ValueError is not JSON serializable
==============================================

=== VALIDATION ERROR AT PATCH /api/v1/boarding-houses/bh_id+UNION+ALL+select+NULL+--+ ===
[{'type': 'json_invalid', 'loc': ('body', 8), 'msg': 'JSON decode error', 'input': {}, 'ctx': {'error': 'Expecting value'}}]
==============================================

=== VALIDATION ERROR AT PATCH /api/v1/maintenance/request_id+UNION+ALL+select+NULL+--+ ===
[{'type': 'json_invalid', 'loc': ('body', 34), 'msg': 'JSON decode error', 'input': {}, 'ctx': {'error': 'Expecting value'}}]
==============================================

=== VALIDATION ERROR AT POST /api/v1/auth/register ===
[{'type': 'value_error', 'loc': ('body', 'password'), 'msg': 'Value error, Password must be at least 8 characters', 'input': 'ZAP', 'ctx': {'error': ValueError('Password must be at least 8 characters')}}, {'type': 'string_type', 'loc': ('body', 'phone'), 'msg': 'Input should be a valid string', 'input': 9999999999}, {'type': 'value_error', 'loc': ('body', 'otp_code'), 'msg': 'Value error, OTP code must be 6 digits', 'input': 'John Doe', 'ctx': {'error': ValueError('OTP code must be 6 digits')}}]
==============================================

=== GLOBAL EXCEPTION HANDLER AT POST /api/v1/auth/register ===
  + Exception Group Traceback (most recent call last):
  |   File "D:\nhatro\backend\venv\Lib\site-packages\starlette\_utils.py", line 87, in collapse_excgroups
  |     yield
  |   File "D:\nhatro\backend\venv\Lib\site-packages\starlette\middleware\base.py", line 190, in __call__
  |     async with anyio.create_task_group() as task_group:
  |                ^^^^^^^^^^^^^^^^^^^^^^^^^
  |   File "D:\nhatro\backend\venv\Lib\site-packages\anyio\_backends\_asyncio.py", line 799, in __aexit__
  |     raise BaseExceptionGroup(
  | ExceptionGroup: unhandled errors in a TaskGroup (1 sub-exception)
  +-+---------------- 1 ----------------
    | Traceback (most recent call last):
    |   File "D:\nhatro\backend\venv\Lib\site-packages\starlette\middleware\errors.py", line 164, in __call__
    |     await self.app(scope, receive, _send)
    |   File "D:\nhatro\backend\venv\Lib\site-packages\starlette\middleware\base.py", line 189, in __call__
    |     with collapse_excgroups():
    |          ^^^^^^^^^^^^^^^^^^^^
    |   File "C:\Users\ngocson\.cache\codex-runtimes\codex-primary-runtime\dependencies\python\Lib\contextlib.py", line 158, in __exit__
    |     self.gen.throw(value)
    |   File "D:\nhatro\backend\venv\Lib\site-packages\starlette\_utils.py", line 93, in collapse_excgroups
    |     raise exc
    |   File "D:\nhatro\backend\venv\Lib\site-packages\starlette\middleware\base.py", line 191, in __call__
    |     response = await self.dispatch_func(request, call_next)
    |                ^^^^^^^^^^^^^^^^^^^^^^^^^^^^^^^^^^^^^^^^^^^^
    |   File "D:\nhatro\backend\app\main.py", line 127, in rate_limit_middleware
    |     return await call_next(request)
    |            ^^^^^^^^^^^^^^^^^^^^^^^^
    |   File "D:\nhatro\backend\venv\Lib\site-packages\starlette\middleware\base.py", line 165, in call_next
    |     raise app_exc
    |   File "D:\nhatro\backend\venv\Lib\site-packages\starlette\middleware\base.py", line 151, in coro
    |     await self.app(scope, receive_or_disconnect, send_no_error)
    |   File "D:\nhatro\backend\venv\Lib\site-packages\starlette\middleware\base.py", line 189, in __call__
    |     with collapse_excgroups():
    |          ^^^^^^^^^^^^^^^^^^^^
    |   File "C:\Users\ngocson\.cache\codex-runtimes\codex-primary-runtime\dependencies\python\Lib\contextlib.py", line 158, in __exit__
    |     self.gen.throw(value)
    |   File "D:\nhatro\backend\venv\Lib\site-packages\starlette\_utils.py", line 93, in collapse_excgroups
    |     raise exc
    |   File "D:\nhatro\backend\venv\Lib\site-packages\starlette\middleware\base.py", line 191, in __call__
    |     response = await self.dispatch_func(request, call_next)
    |                ^^^^^^^^^^^^^^^^^^^^^^^^^^^^^^^^^^^^^^^^^^^^
    |   File "D:\nhatro\backend\app\main.py", line 93, in add_process_time
    |     response = await call_next(request)
    |                ^^^^^^^^^^^^^^^^^^^^^^^^
    |   File "D:\nhatro\backend\venv\Lib\site-packages\starlette\middleware\base.py", line 165, in call_next
    |     raise app_exc
    |   File "D:\nhatro\backend\venv\Lib\site-packages\starlette\middleware\base.py", line 151, in coro
    |     await self.app(scope, receive_or_disconnect, send_no_error)
    |   File "D:\nhatro\backend\venv\Lib\site-packages\starlette\middleware\base.py", line 189, in __call__
    |     with collapse_excgroups():
    |          ^^^^^^^^^^^^^^^^^^^^
    |   File "C:\Users\ngocson\.cache\codex-runtimes\codex-primary-runtime\dependencies\python\Lib\contextlib.py", line 158, in __exit__
    |     self.gen.throw(value)
    |   File "D:\nhatro\backend\venv\Lib\site-packages\starlette\_utils.py", line 93, in collapse_excgroups
    |     raise exc
    |   File "D:\nhatro\backend\venv\Lib\site-packages\starlette\middleware\base.py", line 191, in __call__
    |     response = await self.dispatch_func(request, call_next)
    |                ^^^^^^^^^^^^^^^^^^^^^^^^^^^^^^^^^^^^^^^^^^^^
    |   File "D:\nhatro\backend\app\main.py", line 86, in add_security_headers
    |     response = await call_next(request)
    |                ^^^^^^^^^^^^^^^^^^^^^^^^
    |   File "D:\nhatro\backend\venv\Lib\site-packages\starlette\middleware\base.py", line 165, in call_next
    |     raise app_exc
    |   File "D:\nhatro\backend\venv\Lib\site-packages\starlette\middleware\base.py", line 151, in coro
    |     await self.app(scope, receive_or_disconnect, send_no_error)
    |   File "D:\nhatro\backend\venv\Lib\site-packages\starlette\middleware\cors.py", line 85, in __call__
    |     await self.app(scope, receive, send)
    |   File "D:\nhatro\backend\venv\Lib\site-packages\starlette\middleware\exceptions.py", line 65, in __call__
    |     await wrap_app_handling_exceptions(self.app, conn)(scope, receive, send)
    |   File "D:\nhatro\backend\venv\Lib\site-packages\starlette\_exception_handler.py", line 64, in wrapped_app
    |     raise exc
    |   File "D:\nhatro\backend\venv\Lib\site-packages\starlette\_exception_handler.py", line 53, in wrapped_app
    |     await app(scope, receive, sender)
    |   File "D:\nhatro\backend\venv\Lib\site-packages\starlette\routing.py", line 756, in __call__
    |     await self.middleware_stack(scope, receive, send)
    |   File "D:\nhatro\backend\venv\Lib\site-packages\starlette\routing.py", line 776, in app
    |     await route.handle(scope, receive, send)
    |   File "D:\nhatro\backend\venv\Lib\site-packages\starlette\routing.py", line 297, in handle
    |     await self.app(scope, receive, send)
    |   File "D:\nhatro\backend\venv\Lib\site-packages\starlette\routing.py", line 77, in app
    |     await wrap_app_handling_exceptions(app, request)(scope, receive, send)
    |   File "D:\nhatro\backend\venv\Lib\site-packages\starlette\_exception_handler.py", line 75, in wrapped_app
    |     response = await handler(conn, exc)
    |                ^^^^^^^^^^^^^^^^^^^^^^^^
    |   File "D:\nhatro\backend\app\main.py", line 157, in validation_exception_handler
    |     return JSONResponse(
    |            ^^^^^^^^^^^^^
    |   File "D:\nhatro\backend\venv\Lib\site-packages\starlette\responses.py", line 184, in __init__
    |     super().__init__(content, status_code, headers, media_type, background)
    |   File "D:\nhatro\backend\venv\Lib\site-packages\starlette\responses.py", line 41, in __init__
    |     self.body = self.render(content)
    |                 ^^^^^^^^^^^^^^^^^^^^
    |   File "D:\nhatro\backend\venv\Lib\site-packages\starlette\responses.py", line 187, in render
    |     return json.dumps(
    |            ^^^^^^^^^^^
    |   File "C:\Users\ngocson\.cache\codex-runtimes\codex-primary-runtime\dependencies\python\Lib\json\__init__.py", line 238, in dumps
    |     **kw).encode(obj)
    |           ^^^^^^^^^^^
    |   File "C:\Users\ngocson\.cache\codex-runtimes\codex-primary-runtime\dependencies\python\Lib\json\encoder.py", line 200, in encode
    |     chunks = self.iterencode(o, _one_shot=True)
    |              ^^^^^^^^^^^^^^^^^^^^^^^^^^^^^^^^^^
    |   File "C:\Users\ngocson\.cache\codex-runtimes\codex-primary-runtime\dependencies\python\Lib\json\encoder.py", line 258, in iterencode
    |     return _iterencode(o, 0)
    |            ^^^^^^^^^^^^^^^^^
    |   File "C:\Users\ngocson\.cache\codex-runtimes\codex-primary-runtime\dependencies\python\Lib\json\encoder.py", line 180, in default
    |     raise TypeError(f'Object of type {o.__class__.__name__} '
    | TypeError: Object of type ValueError is not JSON serializable
    +------------------------------------

During handling of the above exception, another exception occurred:

Traceback (most recent call last):
  File "D:\nhatro\backend\venv\Lib\site-packages\starlette\middleware\errors.py", line 164, in __call__
    await self.app(scope, receive, _send)
  File "D:\nhatro\backend\venv\Lib\site-packages\starlette\middleware\base.py", line 189, in __call__
    with collapse_excgroups():
         ^^^^^^^^^^^^^^^^^^^^
  File "C:\Users\ngocson\.cache\codex-runtimes\codex-primary-runtime\dependencies\python\Lib\contextlib.py", line 158, in __exit__
    self.gen.throw(value)
  File "D:\nhatro\backend\venv\Lib\site-packages\starlette\_utils.py", line 93, in collapse_excgroups
    raise exc
  File "D:\nhatro\backend\venv\Lib\site-packages\starlette\middleware\base.py", line 191, in __call__
    response = await self.dispatch_func(request, call_next)
               ^^^^^^^^^^^^^^^^^^^^^^^^^^^^^^^^^^^^^^^^^^^^
  File "D:\nhatro\backend\app\main.py", line 127, in rate_limit_middleware
    return await call_next(request)
           ^^^^^^^^^^^^^^^^^^^^^^^^
  File "D:\nhatro\backend\venv\Lib\site-packages\starlette\middleware\base.py", line 165, in call_next
    raise app_exc
  File "D:\nhatro\backend\venv\Lib\site-packages\starlette\middleware\base.py", line 151, in coro
    await self.app(scope, receive_or_disconnect, send_no_error)
  File "D:\nhatro\backend\venv\Lib\site-packages\starlette\middleware\base.py", line 189, in __call__
    with collapse_excgroups():
         ^^^^^^^^^^^^^^^^^^^^
  File "C:\Users\ngocson\.cache\codex-runtimes\codex-primary-runtime\dependencies\python\Lib\contextlib.py", line 158, in __exit__
    self.gen.throw(value)
  File "D:\nhatro\backend\venv\Lib\site-packages\starlette\_utils.py", line 93, in collapse_excgroups
    raise exc
  File "D:\nhatro\backend\venv\Lib\site-packages\starlette\middleware\base.py", line 191, in __call__
    response = await self.dispatch_func(request, call_next)
               ^^^^^^^^^^^^^^^^^^^^^^^^^^^^^^^^^^^^^^^^^^^^
  File "D:\nhatro\backend\app\main.py", line 93, in add_process_time
    response = await call_next(request)
               ^^^^^^^^^^^^^^^^^^^^^^^^
  File "D:\nhatro\backend\venv\Lib\site-packages\starlette\middleware\base.py", line 165, in call_next
    raise app_exc
  File "D:\nhatro\backend\venv\Lib\site-packages\starlette\middleware\base.py", line 151, in coro
    await self.app(scope, receive_or_disconnect, send_no_error)
  File "D:\nhatro\backend\venv\Lib\site-packages\starlette\middleware\base.py", line 189, in __call__
    with collapse_excgroups():
         ^^^^^^^^^^^^^^^^^^^^
  File "C:\Users\ngocson\.cache\codex-runtimes\codex-primary-runtime\dependencies\python\Lib\contextlib.py", line 158, in __exit__
    self.gen.throw(value)
  File "D:\nhatro\backend\venv\Lib\site-packages\starlette\_utils.py", line 93, in collapse_excgroups
    raise exc
  File "D:\nhatro\backend\venv\Lib\site-packages\starlette\middleware\base.py", line 191, in __call__
    response = await self.dispatch_func(request, call_next)
               ^^^^^^^^^^^^^^^^^^^^^^^^^^^^^^^^^^^^^^^^^^^^
  File "D:\nhatro\backend\app\main.py", line 86, in add_security_headers
    response = await call_next(request)
               ^^^^^^^^^^^^^^^^^^^^^^^^
  File "D:\nhatro\backend\venv\Lib\site-packages\starlette\middleware\base.py", line 165, in call_next
    raise app_exc
  File "D:\nhatro\backend\venv\Lib\site-packages\starlette\middleware\base.py", line 151, in coro
    await self.app(scope, receive_or_disconnect, send_no_error)
  File "D:\nhatro\backend\venv\Lib\site-packages\starlette\middleware\cors.py", line 85, in __call__
    await self.app(scope, receive, send)
  File "D:\nhatro\backend\venv\Lib\site-packages\starlette\middleware\exceptions.py", line 65, in __call__
    await wrap_app_handling_exceptions(self.app, conn)(scope, receive, send)
  File "D:\nhatro\backend\venv\Lib\site-packages\starlette\_exception_handler.py", line 64, in wrapped_app
    raise exc
  File "D:\nhatro\backend\venv\Lib\site-packages\starlette\_exception_handler.py", line 53, in wrapped_app
    await app(scope, receive, sender)
  File "D:\nhatro\backend\venv\Lib\site-packages\starlette\routing.py", line 756, in __call__
    await self.middleware_stack(scope, receive, send)
  File "D:\nhatro\backend\venv\Lib\site-packages\starlette\routing.py", line 776, in app
    await route.handle(scope, receive, send)
  File "D:\nhatro\backend\venv\Lib\site-packages\starlette\routing.py", line 297, in handle
    await self.app(scope, receive, send)
  File "D:\nhatro\backend\venv\Lib\site-packages\starlette\routing.py", line 77, in app
    await wrap_app_handling_exceptions(app, request)(scope, receive, send)
  File "D:\nhatro\backend\venv\Lib\site-packages\starlette\_exception_handler.py", line 75, in wrapped_app
    response = await handler(conn, exc)
               ^^^^^^^^^^^^^^^^^^^^^^^^
  File "D:\nhatro\backend\app\main.py", line 157, in validation_exception_handler
    return JSONResponse(
           ^^^^^^^^^^^^^
  File "D:\nhatro\backend\venv\Lib\site-packages\starlette\responses.py", line 184, in __init__
    super().__init__(content, status_code, headers, media_type, background)
  File "D:\nhatro\backend\venv\Lib\site-packages\starlette\responses.py", line 41, in __init__
    self.body = self.render(content)
                ^^^^^^^^^^^^^^^^^^^^
  File "D:\nhatro\backend\venv\Lib\site-packages\starlette\responses.py", line 187, in render
    return json.dumps(
           ^^^^^^^^^^^
  File "C:\Users\ngocson\.cache\codex-runtimes\codex-primary-runtime\dependencies\python\Lib\json\__init__.py", line 238, in dumps
    **kw).encode(obj)
          ^^^^^^^^^^^
  File "C:\Users\ngocson\.cache\codex-runtimes\codex-primary-runtime\dependencies\python\Lib\json\encoder.py", line 200, in encode
    chunks = self.iterencode(o, _one_shot=True)
             ^^^^^^^^^^^^^^^^^^^^^^^^^^^^^^^^^^
  File "C:\Users\ngocson\.cache\codex-runtimes\codex-primary-runtime\dependencies\python\Lib\json\encoder.py", line 258, in iterencode
    return _iterencode(o, 0)
           ^^^^^^^^^^^^^^^^^
  File "C:\Users\ngocson\.cache\codex-runtimes\codex-primary-runtime\dependencies\python\Lib\json\encoder.py", line 180, in default
    raise TypeError(f'Object of type {o.__class__.__name__} '
TypeError: Object of type ValueError is not JSON serializable
==============================================

=== VALIDATION ERROR AT PATCH /api/v1/tenants/' ===
[{'type': 'json_invalid', 'loc': ('body', 51), 'msg': 'JSON decode error', 'input': {}, 'ctx': {'error': 'Expecting value'}}]
==============================================

=== VALIDATION ERROR AT PATCH /api/v1/boarding-houses/bh_id'+UNION+ALL+select+NULL+--+ ===
[{'type': 'json_invalid', 'loc': ('body', 8), 'msg': 'JSON decode error', 'input': {}, 'ctx': {'error': 'Expecting value'}}]
==============================================

=== VALIDATION ERROR AT PATCH /api/v1/maintenance/request_id'+UNION+ALL+select+NULL+--+ ===
[{'type': 'json_invalid', 'loc': ('body', 34), 'msg': 'JSON decode error', 'input': {}, 'ctx': {'error': 'Expecting value'}}]
==============================================

=== VALIDATION ERROR AT POST /api/v1/auth/register ===
[{'type': 'value_error', 'loc': ('body', 'password'), 'msg': 'Value error, Password must be at least 8 characters', 'input': 'ZAP', 'ctx': {'error': ValueError('Password must be at least 8 characters')}}, {'type': 'string_type', 'loc': ('body', 'phone'), 'msg': 'Input should be a valid string', 'input': 9999999999}, {'type': 'value_error', 'loc': ('body', 'otp_code'), 'msg': 'Value error, OTP code must be 6 digits', 'input': 'John Doe', 'ctx': {'error': ValueError('OTP code must be 6 digits')}}]
==============================================

=== VALIDATION ERROR AT PATCH /api/v1/tenants/tenant_id' ===
[{'type': 'json_invalid', 'loc': ('body', 51), 'msg': 'JSON decode error', 'input': {}, 'ctx': {'error': 'Expecting value'}}]
==============================================

=== GLOBAL EXCEPTION HANDLER AT POST /api/v1/auth/register ===
  + Exception Group Traceback (most recent call last):
  |   File "D:\nhatro\backend\venv\Lib\site-packages\starlette\_utils.py", line 87, in collapse_excgroups
  |     yield
  |   File "D:\nhatro\backend\venv\Lib\site-packages\starlette\middleware\base.py", line 190, in __call__
  |     async with anyio.create_task_group() as task_group:
  |                ^^^^^^^^^^^^^^^^^^^^^^^^^
  |   File "D:\nhatro\backend\venv\Lib\site-packages\anyio\_backends\_asyncio.py", line 799, in __aexit__
  |     raise BaseExceptionGroup(
  | ExceptionGroup: unhandled errors in a TaskGroup (1 sub-exception)
  +-+---------------- 1 ----------------
    | Traceback (most recent call last):
    |   File "D:\nhatro\backend\venv\Lib\site-packages\starlette\middleware\errors.py", line 164, in __call__
    |     await self.app(scope, receive, _send)
    |   File "D:\nhatro\backend\venv\Lib\site-packages\starlette\middleware\base.py", line 189, in __call__
    |     with collapse_excgroups():
    |          ^^^^^^^^^^^^^^^^^^^^
    |   File "C:\Users\ngocson\.cache\codex-runtimes\codex-primary-runtime\dependencies\python\Lib\contextlib.py", line 158, in __exit__
    |     self.gen.throw(value)
    |   File "D:\nhatro\backend\venv\Lib\site-packages\starlette\_utils.py", line 93, in collapse_excgroups
    |     raise exc
    |   File "D:\nhatro\backend\venv\Lib\site-packages\starlette\middleware\base.py", line 191, in __call__
    |     response = await self.dispatch_func(request, call_next)
    |                ^^^^^^^^^^^^^^^^^^^^^^^^^^^^^^^^^^^^^^^^^^^^
    |   File "D:\nhatro\backend\app\main.py", line 127, in rate_limit_middleware
    |     return await call_next(request)
    |            ^^^^^^^^^^^^^^^^^^^^^^^^
    |   File "D:\nhatro\backend\venv\Lib\site-packages\starlette\middleware\base.py", line 165, in call_next
    |     raise app_exc
    |   File "D:\nhatro\backend\venv\Lib\site-packages\starlette\middleware\base.py", line 151, in coro
    |     await self.app(scope, receive_or_disconnect, send_no_error)
    |   File "D:\nhatro\backend\venv\Lib\site-packages\starlette\middleware\base.py", line 189, in __call__
    |     with collapse_excgroups():
    |          ^^^^^^^^^^^^^^^^^^^^
    |   File "C:\Users\ngocson\.cache\codex-runtimes\codex-primary-runtime\dependencies\python\Lib\contextlib.py", line 158, in __exit__
    |     self.gen.throw(value)
    |   File "D:\nhatro\backend\venv\Lib\site-packages\starlette\_utils.py", line 93, in collapse_excgroups
    |     raise exc
    |   File "D:\nhatro\backend\venv\Lib\site-packages\starlette\middleware\base.py", line 191, in __call__
    |     response = await self.dispatch_func(request, call_next)
    |                ^^^^^^^^^^^^^^^^^^^^^^^^^^^^^^^^^^^^^^^^^^^^
    |   File "D:\nhatro\backend\app\main.py", line 93, in add_process_time
    |     response = await call_next(request)
    |                ^^^^^^^^^^^^^^^^^^^^^^^^
    |   File "D:\nhatro\backend\venv\Lib\site-packages\starlette\middleware\base.py", line 165, in call_next
    |     raise app_exc
    |   File "D:\nhatro\backend\venv\Lib\site-packages\starlette\middleware\base.py", line 151, in coro
    |     await self.app(scope, receive_or_disconnect, send_no_error)
    |   File "D:\nhatro\backend\venv\Lib\site-packages\starlette\middleware\base.py", line 189, in __call__
    |     with collapse_excgroups():
    |          ^^^^^^^^^^^^^^^^^^^^
    |   File "C:\Users\ngocson\.cache\codex-runtimes\codex-primary-runtime\dependencies\python\Lib\contextlib.py", line 158, in __exit__
    |     self.gen.throw(value)
    |   File "D:\nhatro\backend\venv\Lib\site-packages\starlette\_utils.py", line 93, in collapse_excgroups
    |     raise exc
    |   File "D:\nhatro\backend\venv\Lib\site-packages\starlette\middleware\base.py", line 191, in __call__
    |     response = await self.dispatch_func(request, call_next)
    |                ^^^^^^^^^^^^^^^^^^^^^^^^^^^^^^^^^^^^^^^^^^^^
    |   File "D:\nhatro\backend\app\main.py", line 86, in add_security_headers
    |     response = await call_next(request)
    |                ^^^^^^^^^^^^^^^^^^^^^^^^
    |   File "D:\nhatro\backend\venv\Lib\site-packages\starlette\middleware\base.py", line 165, in call_next
    |     raise app_exc
    |   File "D:\nhatro\backend\venv\Lib\site-packages\starlette\middleware\base.py", line 151, in coro
    |     await self.app(scope, receive_or_disconnect, send_no_error)
    |   File "D:\nhatro\backend\venv\Lib\site-packages\starlette\middleware\cors.py", line 85, in __call__
    |     await self.app(scope, receive, send)
    |   File "D:\nhatro\backend\venv\Lib\site-packages\starlette\middleware\exceptions.py", line 65, in __call__
    |     await wrap_app_handling_exceptions(self.app, conn)(scope, receive, send)
    |   File "D:\nhatro\backend\venv\Lib\site-packages\starlette\_exception_handler.py", line 64, in wrapped_app
    |     raise exc
    |   File "D:\nhatro\backend\venv\Lib\site-packages\starlette\_exception_handler.py", line 53, in wrapped_app
    |     await app(scope, receive, sender)
    |   File "D:\nhatro\backend\venv\Lib\site-packages\starlette\routing.py", line 756, in __call__
    |     await self.middleware_stack(scope, receive, send)
    |   File "D:\nhatro\backend\venv\Lib\site-packages\starlette\routing.py", line 776, in app
    |     await route.handle(scope, receive, send)
    |   File "D:\nhatro\backend\venv\Lib\site-packages\starlette\routing.py", line 297, in handle
    |     await self.app(scope, receive, send)
    |   File "D:\nhatro\backend\venv\Lib\site-packages\starlette\routing.py", line 77, in app
    |     await wrap_app_handling_exceptions(app, request)(scope, receive, send)
    |   File "D:\nhatro\backend\venv\Lib\site-packages\starlette\_exception_handler.py", line 75, in wrapped_app
    |     response = await handler(conn, exc)
    |                ^^^^^^^^^^^^^^^^^^^^^^^^
    |   File "D:\nhatro\backend\app\main.py", line 157, in validation_exception_handler
    |     return JSONResponse(
    |            ^^^^^^^^^^^^^
    |   File "D:\nhatro\backend\venv\Lib\site-packages\starlette\responses.py", line 184, in __init__
    |     super().__init__(content, status_code, headers, media_type, background)
    |   File "D:\nhatro\backend\venv\Lib\site-packages\starlette\responses.py", line 41, in __init__
    |     self.body = self.render(content)
    |                 ^^^^^^^^^^^^^^^^^^^^
    |   File "D:\nhatro\backend\venv\Lib\site-packages\starlette\responses.py", line 187, in render
    |     return json.dumps(
    |            ^^^^^^^^^^^
    |   File "C:\Users\ngocson\.cache\codex-runtimes\codex-primary-runtime\dependencies\python\Lib\json\__init__.py", line 238, in dumps
    |     **kw).encode(obj)
    |           ^^^^^^^^^^^
    |   File "C:\Users\ngocson\.cache\codex-runtimes\codex-primary-runtime\dependencies\python\Lib\json\encoder.py", line 200, in encode
    |     chunks = self.iterencode(o, _one_shot=True)
    |              ^^^^^^^^^^^^^^^^^^^^^^^^^^^^^^^^^^
    |   File "C:\Users\ngocson\.cache\codex-runtimes\codex-primary-runtime\dependencies\python\Lib\json\encoder.py", line 258, in iterencode
    |     return _iterencode(o, 0)
    |            ^^^^^^^^^^^^^^^^^
    |   File "C:\Users\ngocson\.cache\codex-runtimes\codex-primary-runtime\dependencies\python\Lib\json\encoder.py", line 180, in default
    |     raise TypeError(f'Object of type {o.__class__.__name__} '
    | TypeError: Object of type ValueError is not JSON serializable
    +------------------------------------

During handling of the above exception, another exception occurred:

Traceback (most recent call last):
  File "D:\nhatro\backend\venv\Lib\site-packages\starlette\middleware\errors.py", line 164, in __call__
    await self.app(scope, receive, _send)
  File "D:\nhatro\backend\venv\Lib\site-packages\starlette\middleware\base.py", line 189, in __call__
    with collapse_excgroups():
         ^^^^^^^^^^^^^^^^^^^^
  File "C:\Users\ngocson\.cache\codex-runtimes\codex-primary-runtime\dependencies\python\Lib\contextlib.py", line 158, in __exit__
    self.gen.throw(value)
  File "D:\nhatro\backend\venv\Lib\site-packages\starlette\_utils.py", line 93, in collapse_excgroups
    raise exc
  File "D:\nhatro\backend\venv\Lib\site-packages\starlette\middleware\base.py", line 191, in __call__
    response = await self.dispatch_func(request, call_next)
               ^^^^^^^^^^^^^^^^^^^^^^^^^^^^^^^^^^^^^^^^^^^^
  File "D:\nhatro\backend\app\main.py", line 127, in rate_limit_middleware
    return await call_next(request)
           ^^^^^^^^^^^^^^^^^^^^^^^^
  File "D:\nhatro\backend\venv\Lib\site-packages\starlette\middleware\base.py", line 165, in call_next
    raise app_exc
  File "D:\nhatro\backend\venv\Lib\site-packages\starlette\middleware\base.py", line 151, in coro
    await self.app(scope, receive_or_disconnect, send_no_error)
  File "D:\nhatro\backend\venv\Lib\site-packages\starlette\middleware\base.py", line 189, in __call__
    with collapse_excgroups():
         ^^^^^^^^^^^^^^^^^^^^
  File "C:\Users\ngocson\.cache\codex-runtimes\codex-primary-runtime\dependencies\python\Lib\contextlib.py", line 158, in __exit__
    self.gen.throw(value)
  File "D:\nhatro\backend\venv\Lib\site-packages\starlette\_utils.py", line 93, in collapse_excgroups
    raise exc
  File "D:\nhatro\backend\venv\Lib\site-packages\starlette\middleware\base.py", line 191, in __call__
    response = await self.dispatch_func(request, call_next)
               ^^^^^^^^^^^^^^^^^^^^^^^^^^^^^^^^^^^^^^^^^^^^
  File "D:\nhatro\backend\app\main.py", line 93, in add_process_time
    response = await call_next(request)
               ^^^^^^^^^^^^^^^^^^^^^^^^
  File "D:\nhatro\backend\venv\Lib\site-packages\starlette\middleware\base.py", line 165, in call_next
    raise app_exc
  File "D:\nhatro\backend\venv\Lib\site-packages\starlette\middleware\base.py", line 151, in coro
    await self.app(scope, receive_or_disconnect, send_no_error)
  File "D:\nhatro\backend\venv\Lib\site-packages\starlette\middleware\base.py", line 189, in __call__
    with collapse_excgroups():
         ^^^^^^^^^^^^^^^^^^^^
  File "C:\Users\ngocson\.cache\codex-runtimes\codex-primary-runtime\dependencies\python\Lib\contextlib.py", line 158, in __exit__
    self.gen.throw(value)
  File "D:\nhatro\backend\venv\Lib\site-packages\starlette\_utils.py", line 93, in collapse_excgroups
    raise exc
  File "D:\nhatro\backend\venv\Lib\site-packages\starlette\middleware\base.py", line 191, in __call__
    response = await self.dispatch_func(request, call_next)
               ^^^^^^^^^^^^^^^^^^^^^^^^^^^^^^^^^^^^^^^^^^^^
  File "D:\nhatro\backend\app\main.py", line 86, in add_security_headers
    response = await call_next(request)
               ^^^^^^^^^^^^^^^^^^^^^^^^
  File "D:\nhatro\backend\venv\Lib\site-packages\starlette\middleware\base.py", line 165, in call_next
    raise app_exc
  File "D:\nhatro\backend\venv\Lib\site-packages\starlette\middleware\base.py", line 151, in coro
    await self.app(scope, receive_or_disconnect, send_no_error)
  File "D:\nhatro\backend\venv\Lib\site-packages\starlette\middleware\cors.py", line 85, in __call__
    await self.app(scope, receive, send)
  File "D:\nhatro\backend\venv\Lib\site-packages\starlette\middleware\exceptions.py", line 65, in __call__
    await wrap_app_handling_exceptions(self.app, conn)(scope, receive, send)
  File "D:\nhatro\backend\venv\Lib\site-packages\starlette\_exception_handler.py", line 64, in wrapped_app
    raise exc
  File "D:\nhatro\backend\venv\Lib\site-packages\starlette\_exception_handler.py", line 53, in wrapped_app
    await app(scope, receive, sender)
  File "D:\nhatro\backend\venv\Lib\site-packages\starlette\routing.py", line 756, in __call__
    await self.middleware_stack(scope, receive, send)
  File "D:\nhatro\backend\venv\Lib\site-packages\starlette\routing.py", line 776, in app
    await route.handle(scope, receive, send)
  File "D:\nhatro\backend\venv\Lib\site-packages\starlette\routing.py", line 297, in handle
    await self.app(scope, receive, send)
  File "D:\nhatro\backend\venv\Lib\site-packages\starlette\routing.py", line 77, in app
    await wrap_app_handling_exceptions(app, request)(scope, receive, send)
  File "D:\nhatro\backend\venv\Lib\site-packages\starlette\_exception_handler.py", line 75, in wrapped_app
    response = await handler(conn, exc)
               ^^^^^^^^^^^^^^^^^^^^^^^^
  File "D:\nhatro\backend\app\main.py", line 157, in validation_exception_handler
    return JSONResponse(
           ^^^^^^^^^^^^^
  File "D:\nhatro\backend\venv\Lib\site-packages\starlette\responses.py", line 184, in __init__
    super().__init__(content, status_code, headers, media_type, background)
  File "D:\nhatro\backend\venv\Lib\site-packages\starlette\responses.py", line 41, in __init__
    self.body = self.render(content)
                ^^^^^^^^^^^^^^^^^^^^
  File "D:\nhatro\backend\venv\Lib\site-packages\starlette\responses.py", line 187, in render
    return json.dumps(
           ^^^^^^^^^^^
  File "C:\Users\ngocson\.cache\codex-runtimes\codex-primary-runtime\dependencies\python\Lib\json\__init__.py", line 238, in dumps
    **kw).encode(obj)
          ^^^^^^^^^^^
  File "C:\Users\ngocson\.cache\codex-runtimes\codex-primary-runtime\dependencies\python\Lib\json\encoder.py", line 200, in encode
    chunks = self.iterencode(o, _one_shot=True)
             ^^^^^^^^^^^^^^^^^^^^^^^^^^^^^^^^^^
  File "C:\Users\ngocson\.cache\codex-runtimes\codex-primary-runtime\dependencies\python\Lib\json\encoder.py", line 258, in iterencode
    return _iterencode(o, 0)
           ^^^^^^^^^^^^^^^^^
  File "C:\Users\ngocson\.cache\codex-runtimes\codex-primary-runtime\dependencies\python\Lib\json\encoder.py", line 180, in default
    raise TypeError(f'Object of type {o.__class__.__name__} '
TypeError: Object of type ValueError is not JSON serializable
==============================================

=== VALIDATION ERROR AT PATCH /api/v1/boarding-houses/bh_id"+UNION+ALL+select+NULL+--+ ===
[{'type': 'json_invalid', 'loc': ('body', 8), 'msg': 'JSON decode error', 'input': {}, 'ctx': {'error': 'Expecting value'}}]
==============================================

=== VALIDATION ERROR AT PATCH /api/v1/maintenance/request_id"+UNION+ALL+select+NULL+--+ ===
[{'type': 'json_invalid', 'loc': ('body', 34), 'msg': 'JSON decode error', 'input': {}, 'ctx': {'error': 'Expecting value'}}]
==============================================

=== VALIDATION ERROR AT POST /api/v1/auth/register ===
[{'type': 'value_error', 'loc': ('body', 'password'), 'msg': 'Value error, Password must be at least 8 characters', 'input': 'ZAP', 'ctx': {'error': ValueError('Password must be at least 8 characters')}}, {'type': 'string_type', 'loc': ('body', 'phone'), 'msg': 'Input should be a valid string', 'input': 9999999999}, {'type': 'value_error', 'loc': ('body', 'otp_code'), 'msg': 'Value error, OTP code must be 6 digits', 'input': 'John Doe', 'ctx': {'error': ValueError('OTP code must be 6 digits')}}]
==============================================

=== VALIDATION ERROR AT PATCH /api/v1/tenants/" ===
[{'type': 'json_invalid', 'loc': ('body', 51), 'msg': 'JSON decode error', 'input': {}, 'ctx': {'error': 'Expecting value'}}]
==============================================

=== GLOBAL EXCEPTION HANDLER AT POST /api/v1/auth/register ===
  + Exception Group Traceback (most recent call last):
  |   File "D:\nhatro\backend\venv\Lib\site-packages\starlette\_utils.py", line 87, in collapse_excgroups
  |     yield
  |   File "D:\nhatro\backend\venv\Lib\site-packages\starlette\middleware\base.py", line 190, in __call__
  |     async with anyio.create_task_group() as task_group:
  |                ^^^^^^^^^^^^^^^^^^^^^^^^^
  |   File "D:\nhatro\backend\venv\Lib\site-packages\anyio\_backends\_asyncio.py", line 799, in __aexit__
  |     raise BaseExceptionGroup(
  | ExceptionGroup: unhandled errors in a TaskGroup (1 sub-exception)
  +-+---------------- 1 ----------------
    | Traceback (most recent call last):
    |   File "D:\nhatro\backend\venv\Lib\site-packages\starlette\middleware\errors.py", line 164, in __call__
    |     await self.app(scope, receive, _send)
    |   File "D:\nhatro\backend\venv\Lib\site-packages\starlette\middleware\base.py", line 189, in __call__
    |     with collapse_excgroups():
    |          ^^^^^^^^^^^^^^^^^^^^
    |   File "C:\Users\ngocson\.cache\codex-runtimes\codex-primary-runtime\dependencies\python\Lib\contextlib.py", line 158, in __exit__
    |     self.gen.throw(value)
    |   File "D:\nhatro\backend\venv\Lib\site-packages\starlette\_utils.py", line 93, in collapse_excgroups
    |     raise exc
    |   File "D:\nhatro\backend\venv\Lib\site-packages\starlette\middleware\base.py", line 191, in __call__
    |     response = await self.dispatch_func(request, call_next)
    |                ^^^^^^^^^^^^^^^^^^^^^^^^^^^^^^^^^^^^^^^^^^^^
    |   File "D:\nhatro\backend\app\main.py", line 127, in rate_limit_middleware
    |     return await call_next(request)
    |            ^^^^^^^^^^^^^^^^^^^^^^^^
    |   File "D:\nhatro\backend\venv\Lib\site-packages\starlette\middleware\base.py", line 165, in call_next
    |     raise app_exc
    |   File "D:\nhatro\backend\venv\Lib\site-packages\starlette\middleware\base.py", line 151, in coro
    |     await self.app(scope, receive_or_disconnect, send_no_error)
    |   File "D:\nhatro\backend\venv\Lib\site-packages\starlette\middleware\base.py", line 189, in __call__
    |     with collapse_excgroups():
    |          ^^^^^^^^^^^^^^^^^^^^
    |   File "C:\Users\ngocson\.cache\codex-runtimes\codex-primary-runtime\dependencies\python\Lib\contextlib.py", line 158, in __exit__
    |     self.gen.throw(value)
    |   File "D:\nhatro\backend\venv\Lib\site-packages\starlette\_utils.py", line 93, in collapse_excgroups
    |     raise exc
    |   File "D:\nhatro\backend\venv\Lib\site-packages\starlette\middleware\base.py", line 191, in __call__
    |     response = await self.dispatch_func(request, call_next)
    |                ^^^^^^^^^^^^^^^^^^^^^^^^^^^^^^^^^^^^^^^^^^^^
    |   File "D:\nhatro\backend\app\main.py", line 93, in add_process_time
    |     response = await call_next(request)
    |                ^^^^^^^^^^^^^^^^^^^^^^^^
    |   File "D:\nhatro\backend\venv\Lib\site-packages\starlette\middleware\base.py", line 165, in call_next
    |     raise app_exc
    |   File "D:\nhatro\backend\venv\Lib\site-packages\starlette\middleware\base.py", line 151, in coro
    |     await self.app(scope, receive_or_disconnect, send_no_error)
    |   File "D:\nhatro\backend\venv\Lib\site-packages\starlette\middleware\base.py", line 189, in __call__
    |     with collapse_excgroups():
    |          ^^^^^^^^^^^^^^^^^^^^
    |   File "C:\Users\ngocson\.cache\codex-runtimes\codex-primary-runtime\dependencies\python\Lib\contextlib.py", line 158, in __exit__
    |     self.gen.throw(value)
    |   File "D:\nhatro\backend\venv\Lib\site-packages\starlette\_utils.py", line 93, in collapse_excgroups
    |     raise exc
    |   File "D:\nhatro\backend\venv\Lib\site-packages\starlette\middleware\base.py", line 191, in __call__
    |     response = await self.dispatch_func(request, call_next)
    |                ^^^^^^^^^^^^^^^^^^^^^^^^^^^^^^^^^^^^^^^^^^^^
    |   File "D:\nhatro\backend\app\main.py", line 86, in add_security_headers
    |     response = await call_next(request)
    |                ^^^^^^^^^^^^^^^^^^^^^^^^
    |   File "D:\nhatro\backend\venv\Lib\site-packages\starlette\middleware\base.py", line 165, in call_next
    |     raise app_exc
    |   File "D:\nhatro\backend\venv\Lib\site-packages\starlette\middleware\base.py", line 151, in coro
    |     await self.app(scope, receive_or_disconnect, send_no_error)
    |   File "D:\nhatro\backend\venv\Lib\site-packages\starlette\middleware\cors.py", line 85, in __call__
    |     await self.app(scope, receive, send)
    |   File "D:\nhatro\backend\venv\Lib\site-packages\starlette\middleware\exceptions.py", line 65, in __call__
    |     await wrap_app_handling_exceptions(self.app, conn)(scope, receive, send)
    |   File "D:\nhatro\backend\venv\Lib\site-packages\starlette\_exception_handler.py", line 64, in wrapped_app
    |     raise exc
    |   File "D:\nhatro\backend\venv\Lib\site-packages\starlette\_exception_handler.py", line 53, in wrapped_app
    |     await app(scope, receive, sender)
    |   File "D:\nhatro\backend\venv\Lib\site-packages\starlette\routing.py", line 756, in __call__
    |     await self.middleware_stack(scope, receive, send)
    |   File "D:\nhatro\backend\venv\Lib\site-packages\starlette\routing.py", line 776, in app
    |     await route.handle(scope, receive, send)
    |   File "D:\nhatro\backend\venv\Lib\site-packages\starlette\routing.py", line 297, in handle
    |     await self.app(scope, receive, send)
    |   File "D:\nhatro\backend\venv\Lib\site-packages\starlette\routing.py", line 77, in app
    |     await wrap_app_handling_exceptions(app, request)(scope, receive, send)
    |   File "D:\nhatro\backend\venv\Lib\site-packages\starlette\_exception_handler.py", line 75, in wrapped_app
    |     response = await handler(conn, exc)
    |                ^^^^^^^^^^^^^^^^^^^^^^^^
    |   File "D:\nhatro\backend\app\main.py", line 157, in validation_exception_handler
    |     return JSONResponse(
    |            ^^^^^^^^^^^^^
    |   File "D:\nhatro\backend\venv\Lib\site-packages\starlette\responses.py", line 184, in __init__
    |     super().__init__(content, status_code, headers, media_type, background)
    |   File "D:\nhatro\backend\venv\Lib\site-packages\starlette\responses.py", line 41, in __init__
    |     self.body = self.render(content)
    |                 ^^^^^^^^^^^^^^^^^^^^
    |   File "D:\nhatro\backend\venv\Lib\site-packages\starlette\responses.py", line 187, in render
    |     return json.dumps(
    |            ^^^^^^^^^^^
    |   File "C:\Users\ngocson\.cache\codex-runtimes\codex-primary-runtime\dependencies\python\Lib\json\__init__.py", line 238, in dumps
    |     **kw).encode(obj)
    |           ^^^^^^^^^^^
    |   File "C:\Users\ngocson\.cache\codex-runtimes\codex-primary-runtime\dependencies\python\Lib\json\encoder.py", line 200, in encode
    |     chunks = self.iterencode(o, _one_shot=True)
    |              ^^^^^^^^^^^^^^^^^^^^^^^^^^^^^^^^^^
    |   File "C:\Users\ngocson\.cache\codex-runtimes\codex-primary-runtime\dependencies\python\Lib\json\encoder.py", line 258, in iterencode
    |     return _iterencode(o, 0)
    |            ^^^^^^^^^^^^^^^^^
    |   File "C:\Users\ngocson\.cache\codex-runtimes\codex-primary-runtime\dependencies\python\Lib\json\encoder.py", line 180, in default
    |     raise TypeError(f'Object of type {o.__class__.__name__} '
    | TypeError: Object of type ValueError is not JSON serializable
    +------------------------------------

During handling of the above exception, another exception occurred:

Traceback (most recent call last):
  File "D:\nhatro\backend\venv\Lib\site-packages\starlette\middleware\errors.py", line 164, in __call__
    await self.app(scope, receive, _send)
  File "D:\nhatro\backend\venv\Lib\site-packages\starlette\middleware\base.py", line 189, in __call__
    with collapse_excgroups():
         ^^^^^^^^^^^^^^^^^^^^
  File "C:\Users\ngocson\.cache\codex-runtimes\codex-primary-runtime\dependencies\python\Lib\contextlib.py", line 158, in __exit__
    self.gen.throw(value)
  File "D:\nhatro\backend\venv\Lib\site-packages\starlette\_utils.py", line 93, in collapse_excgroups
    raise exc
  File "D:\nhatro\backend\venv\Lib\site-packages\starlette\middleware\base.py", line 191, in __call__
    response = await self.dispatch_func(request, call_next)
               ^^^^^^^^^^^^^^^^^^^^^^^^^^^^^^^^^^^^^^^^^^^^
  File "D:\nhatro\backend\app\main.py", line 127, in rate_limit_middleware
    return await call_next(request)
           ^^^^^^^^^^^^^^^^^^^^^^^^
  File "D:\nhatro\backend\venv\Lib\site-packages\starlette\middleware\base.py", line 165, in call_next
    raise app_exc
  File "D:\nhatro\backend\venv\Lib\site-packages\starlette\middleware\base.py", line 151, in coro
    await self.app(scope, receive_or_disconnect, send_no_error)
  File "D:\nhatro\backend\venv\Lib\site-packages\starlette\middleware\base.py", line 189, in __call__
    with collapse_excgroups():
         ^^^^^^^^^^^^^^^^^^^^
  File "C:\Users\ngocson\.cache\codex-runtimes\codex-primary-runtime\dependencies\python\Lib\contextlib.py", line 158, in __exit__
    self.gen.throw(value)
  File "D:\nhatro\backend\venv\Lib\site-packages\starlette\_utils.py", line 93, in collapse_excgroups
    raise exc
  File "D:\nhatro\backend\venv\Lib\site-packages\starlette\middleware\base.py", line 191, in __call__
    response = await self.dispatch_func(request, call_next)
               ^^^^^^^^^^^^^^^^^^^^^^^^^^^^^^^^^^^^^^^^^^^^
  File "D:\nhatro\backend\app\main.py", line 93, in add_process_time
    response = await call_next(request)
               ^^^^^^^^^^^^^^^^^^^^^^^^
  File "D:\nhatro\backend\venv\Lib\site-packages\starlette\middleware\base.py", line 165, in call_next
    raise app_exc
  File "D:\nhatro\backend\venv\Lib\site-packages\starlette\middleware\base.py", line 151, in coro
    await self.app(scope, receive_or_disconnect, send_no_error)
  File "D:\nhatro\backend\venv\Lib\site-packages\starlette\middleware\base.py", line 189, in __call__
    with collapse_excgroups():
         ^^^^^^^^^^^^^^^^^^^^
  File "C:\Users\ngocson\.cache\codex-runtimes\codex-primary-runtime\dependencies\python\Lib\contextlib.py", line 158, in __exit__
    self.gen.throw(value)
  File "D:\nhatro\backend\venv\Lib\site-packages\starlette\_utils.py", line 93, in collapse_excgroups
    raise exc
  File "D:\nhatro\backend\venv\Lib\site-packages\starlette\middleware\base.py", line 191, in __call__
    response = await self.dispatch_func(request, call_next)
               ^^^^^^^^^^^^^^^^^^^^^^^^^^^^^^^^^^^^^^^^^^^^
  File "D:\nhatro\backend\app\main.py", line 86, in add_security_headers
    response = await call_next(request)
               ^^^^^^^^^^^^^^^^^^^^^^^^
  File "D:\nhatro\backend\venv\Lib\site-packages\starlette\middleware\base.py", line 165, in call_next
    raise app_exc
  File "D:\nhatro\backend\venv\Lib\site-packages\starlette\middleware\base.py", line 151, in coro
    await self.app(scope, receive_or_disconnect, send_no_error)
  File "D:\nhatro\backend\venv\Lib\site-packages\starlette\middleware\cors.py", line 85, in __call__
    await self.app(scope, receive, send)
  File "D:\nhatro\backend\venv\Lib\site-packages\starlette\middleware\exceptions.py", line 65, in __call__
    await wrap_app_handling_exceptions(self.app, conn)(scope, receive, send)
  File "D:\nhatro\backend\venv\Lib\site-packages\starlette\_exception_handler.py", line 64, in wrapped_app
    raise exc
  File "D:\nhatro\backend\venv\Lib\site-packages\starlette\_exception_handler.py", line 53, in wrapped_app
    await app(scope, receive, sender)
  File "D:\nhatro\backend\venv\Lib\site-packages\starlette\routing.py", line 756, in __call__
    await self.middleware_stack(scope, receive, send)
  File "D:\nhatro\backend\venv\Lib\site-packages\starlette\routing.py", line 776, in app
    await route.handle(scope, receive, send)
  File "D:\nhatro\backend\venv\Lib\site-packages\starlette\routing.py", line 297, in handle
    await self.app(scope, receive, send)
  File "D:\nhatro\backend\venv\Lib\site-packages\starlette\routing.py", line 77, in app
    await wrap_app_handling_exceptions(app, request)(scope, receive, send)
  File "D:\nhatro\backend\venv\Lib\site-packages\starlette\_exception_handler.py", line 75, in wrapped_app
    response = await handler(conn, exc)
               ^^^^^^^^^^^^^^^^^^^^^^^^
  File "D:\nhatro\backend\app\main.py", line 157, in validation_exception_handler
    return JSONResponse(
           ^^^^^^^^^^^^^
  File "D:\nhatro\backend\venv\Lib\site-packages\starlette\responses.py", line 184, in __init__
    super().__init__(content, status_code, headers, media_type, background)
  File "D:\nhatro\backend\venv\Lib\site-packages\starlette\responses.py", line 41, in __init__
    self.body = self.render(content)
                ^^^^^^^^^^^^^^^^^^^^
  File "D:\nhatro\backend\venv\Lib\site-packages\starlette\responses.py", line 187, in render
    return json.dumps(
           ^^^^^^^^^^^
  File "C:\Users\ngocson\.cache\codex-runtimes\codex-primary-runtime\dependencies\python\Lib\json\__init__.py", line 238, in dumps
    **kw).encode(obj)
          ^^^^^^^^^^^
  File "C:\Users\ngocson\.cache\codex-runtimes\codex-primary-runtime\dependencies\python\Lib\json\encoder.py", line 200, in encode
    chunks = self.iterencode(o, _one_shot=True)
             ^^^^^^^^^^^^^^^^^^^^^^^^^^^^^^^^^^
  File "C:\Users\ngocson\.cache\codex-runtimes\codex-primary-runtime\dependencies\python\Lib\json\encoder.py", line 258, in iterencode
    return _iterencode(o, 0)
           ^^^^^^^^^^^^^^^^^
  File "C:\Users\ngocson\.cache\codex-runtimes\codex-primary-runtime\dependencies\python\Lib\json\encoder.py", line 180, in default
    raise TypeError(f'Object of type {o.__class__.__name__} '
TypeError: Object of type ValueError is not JSON serializable
==============================================

=== VALIDATION ERROR AT PATCH /api/v1/boarding-houses/bh_id)+UNION+ALL+select+NULL+--+ ===
[{'type': 'json_invalid', 'loc': ('body', 8), 'msg': 'JSON decode error', 'input': {}, 'ctx': {'error': 'Expecting value'}}]
==============================================

=== VALIDATION ERROR AT PATCH /api/v1/maintenance/request_id)+UNION+ALL+select+NULL+--+ ===
[{'type': 'json_invalid', 'loc': ('body', 34), 'msg': 'JSON decode error', 'input': {}, 'ctx': {'error': 'Expecting value'}}]
==============================================

=== VALIDATION ERROR AT POST /api/v1/auth/register ===
[{'type': 'value_error', 'loc': ('body', 'password'), 'msg': 'Value error, Password must be at least 8 characters', 'input': 'ZAP', 'ctx': {'error': ValueError('Password must be at least 8 characters')}}, {'type': 'string_type', 'loc': ('body', 'phone'), 'msg': 'Input should be a valid string', 'input': 9999999999}, {'type': 'value_error', 'loc': ('body', 'otp_code'), 'msg': 'Value error, OTP code must be 6 digits', 'input': 'John Doe', 'ctx': {'error': ValueError('OTP code must be 6 digits')}}]
==============================================

=== VALIDATION ERROR AT PATCH /api/v1/tenants/tenant_id" ===
[{'type': 'json_invalid', 'loc': ('body', 51), 'msg': 'JSON decode error', 'input': {}, 'ctx': {'error': 'Expecting value'}}]
==============================================

=== GLOBAL EXCEPTION HANDLER AT POST /api/v1/auth/register ===
  + Exception Group Traceback (most recent call last):
  |   File "D:\nhatro\backend\venv\Lib\site-packages\starlette\_utils.py", line 87, in collapse_excgroups
  |     yield
  |   File "D:\nhatro\backend\venv\Lib\site-packages\starlette\middleware\base.py", line 190, in __call__
  |     async with anyio.create_task_group() as task_group:
  |                ^^^^^^^^^^^^^^^^^^^^^^^^^
  |   File "D:\nhatro\backend\venv\Lib\site-packages\anyio\_backends\_asyncio.py", line 799, in __aexit__
  |     raise BaseExceptionGroup(
  | ExceptionGroup: unhandled errors in a TaskGroup (1 sub-exception)
  +-+---------------- 1 ----------------
    | Traceback (most recent call last):
    |   File "D:\nhatro\backend\venv\Lib\site-packages\starlette\middleware\errors.py", line 164, in __call__
    |     await self.app(scope, receive, _send)
    |   File "D:\nhatro\backend\venv\Lib\site-packages\starlette\middleware\base.py", line 189, in __call__
    |     with collapse_excgroups():
    |          ^^^^^^^^^^^^^^^^^^^^
    |   File "C:\Users\ngocson\.cache\codex-runtimes\codex-primary-runtime\dependencies\python\Lib\contextlib.py", line 158, in __exit__
    |     self.gen.throw(value)
    |   File "D:\nhatro\backend\venv\Lib\site-packages\starlette\_utils.py", line 93, in collapse_excgroups
    |     raise exc
    |   File "D:\nhatro\backend\venv\Lib\site-packages\starlette\middleware\base.py", line 191, in __call__
    |     response = await self.dispatch_func(request, call_next)
    |                ^^^^^^^^^^^^^^^^^^^^^^^^^^^^^^^^^^^^^^^^^^^^
    |   File "D:\nhatro\backend\app\main.py", line 127, in rate_limit_middleware
    |     return await call_next(request)
    |            ^^^^^^^^^^^^^^^^^^^^^^^^
    |   File "D:\nhatro\backend\venv\Lib\site-packages\starlette\middleware\base.py", line 165, in call_next
    |     raise app_exc
    |   File "D:\nhatro\backend\venv\Lib\site-packages\starlette\middleware\base.py", line 151, in coro
    |     await self.app(scope, receive_or_disconnect, send_no_error)
    |   File "D:\nhatro\backend\venv\Lib\site-packages\starlette\middleware\base.py", line 189, in __call__
    |     with collapse_excgroups():
    |          ^^^^^^^^^^^^^^^^^^^^
    |   File "C:\Users\ngocson\.cache\codex-runtimes\codex-primary-runtime\dependencies\python\Lib\contextlib.py", line 158, in __exit__
    |     self.gen.throw(value)
    |   File "D:\nhatro\backend\venv\Lib\site-packages\starlette\_utils.py", line 93, in collapse_excgroups
    |     raise exc
    |   File "D:\nhatro\backend\venv\Lib\site-packages\starlette\middleware\base.py", line 191, in __call__
    |     response = await self.dispatch_func(request, call_next)
    |                ^^^^^^^^^^^^^^^^^^^^^^^^^^^^^^^^^^^^^^^^^^^^
    |   File "D:\nhatro\backend\app\main.py", line 93, in add_process_time
    |     response = await call_next(request)
    |                ^^^^^^^^^^^^^^^^^^^^^^^^
    |   File "D:\nhatro\backend\venv\Lib\site-packages\starlette\middleware\base.py", line 165, in call_next
    |     raise app_exc
    |   File "D:\nhatro\backend\venv\Lib\site-packages\starlette\middleware\base.py", line 151, in coro
    |     await self.app(scope, receive_or_disconnect, send_no_error)
    |   File "D:\nhatro\backend\venv\Lib\site-packages\starlette\middleware\base.py", line 189, in __call__
    |     with collapse_excgroups():
    |          ^^^^^^^^^^^^^^^^^^^^
    |   File "C:\Users\ngocson\.cache\codex-runtimes\codex-primary-runtime\dependencies\python\Lib\contextlib.py", line 158, in __exit__
    |     self.gen.throw(value)
    |   File "D:\nhatro\backend\venv\Lib\site-packages\starlette\_utils.py", line 93, in collapse_excgroups
    |     raise exc
    |   File "D:\nhatro\backend\venv\Lib\site-packages\starlette\middleware\base.py", line 191, in __call__
    |     response = await self.dispatch_func(request, call_next)
    |                ^^^^^^^^^^^^^^^^^^^^^^^^^^^^^^^^^^^^^^^^^^^^
    |   File "D:\nhatro\backend\app\main.py", line 86, in add_security_headers
    |     response = await call_next(request)
    |                ^^^^^^^^^^^^^^^^^^^^^^^^
    |   File "D:\nhatro\backend\venv\Lib\site-packages\starlette\middleware\base.py", line 165, in call_next
    |     raise app_exc
    |   File "D:\nhatro\backend\venv\Lib\site-packages\starlette\middleware\base.py", line 151, in coro
    |     await self.app(scope, receive_or_disconnect, send_no_error)
    |   File "D:\nhatro\backend\venv\Lib\site-packages\starlette\middleware\cors.py", line 85, in __call__
    |     await self.app(scope, receive, send)
    |   File "D:\nhatro\backend\venv\Lib\site-packages\starlette\middleware\exceptions.py", line 65, in __call__
    |     await wrap_app_handling_exceptions(self.app, conn)(scope, receive, send)
    |   File "D:\nhatro\backend\venv\Lib\site-packages\starlette\_exception_handler.py", line 64, in wrapped_app
    |     raise exc
    |   File "D:\nhatro\backend\venv\Lib\site-packages\starlette\_exception_handler.py", line 53, in wrapped_app
    |     await app(scope, receive, sender)
    |   File "D:\nhatro\backend\venv\Lib\site-packages\starlette\routing.py", line 756, in __call__
    |     await self.middleware_stack(scope, receive, send)
    |   File "D:\nhatro\backend\venv\Lib\site-packages\starlette\routing.py", line 776, in app
    |     await route.handle(scope, receive, send)
    |   File "D:\nhatro\backend\venv\Lib\site-packages\starlette\routing.py", line 297, in handle
    |     await self.app(scope, receive, send)
    |   File "D:\nhatro\backend\venv\Lib\site-packages\starlette\routing.py", line 77, in app
    |     await wrap_app_handling_exceptions(app, request)(scope, receive, send)
    |   File "D:\nhatro\backend\venv\Lib\site-packages\starlette\_exception_handler.py", line 75, in wrapped_app
    |     response = await handler(conn, exc)
    |                ^^^^^^^^^^^^^^^^^^^^^^^^
    |   File "D:\nhatro\backend\app\main.py", line 157, in validation_exception_handler
    |     return JSONResponse(
    |            ^^^^^^^^^^^^^
    |   File "D:\nhatro\backend\venv\Lib\site-packages\starlette\responses.py", line 184, in __init__
    |     super().__init__(content, status_code, headers, media_type, background)
    |   File "D:\nhatro\backend\venv\Lib\site-packages\starlette\responses.py", line 41, in __init__
    |     self.body = self.render(content)
    |                 ^^^^^^^^^^^^^^^^^^^^
    |   File "D:\nhatro\backend\venv\Lib\site-packages\starlette\responses.py", line 187, in render
    |     return json.dumps(
    |            ^^^^^^^^^^^
    |   File "C:\Users\ngocson\.cache\codex-runtimes\codex-primary-runtime\dependencies\python\Lib\json\__init__.py", line 238, in dumps
    |     **kw).encode(obj)
    |           ^^^^^^^^^^^
    |   File "C:\Users\ngocson\.cache\codex-runtimes\codex-primary-runtime\dependencies\python\Lib\json\encoder.py", line 200, in encode
    |     chunks = self.iterencode(o, _one_shot=True)
    |              ^^^^^^^^^^^^^^^^^^^^^^^^^^^^^^^^^^
    |   File "C:\Users\ngocson\.cache\codex-runtimes\codex-primary-runtime\dependencies\python\Lib\json\encoder.py", line 258, in iterencode
    |     return _iterencode(o, 0)
    |            ^^^^^^^^^^^^^^^^^
    |   File "C:\Users\ngocson\.cache\codex-runtimes\codex-primary-runtime\dependencies\python\Lib\json\encoder.py", line 180, in default
    |     raise TypeError(f'Object of type {o.__class__.__name__} '
    | TypeError: Object of type ValueError is not JSON serializable
    +------------------------------------

During handling of the above exception, another exception occurred:

Traceback (most recent call last):
  File "D:\nhatro\backend\venv\Lib\site-packages\starlette\middleware\errors.py", line 164, in __call__
    await self.app(scope, receive, _send)
  File "D:\nhatro\backend\venv\Lib\site-packages\starlette\middleware\base.py", line 189, in __call__
    with collapse_excgroups():
         ^^^^^^^^^^^^^^^^^^^^
  File "C:\Users\ngocson\.cache\codex-runtimes\codex-primary-runtime\dependencies\python\Lib\contextlib.py", line 158, in __exit__
    self.gen.throw(value)
  File "D:\nhatro\backend\venv\Lib\site-packages\starlette\_utils.py", line 93, in collapse_excgroups
    raise exc
  File "D:\nhatro\backend\venv\Lib\site-packages\starlette\middleware\base.py", line 191, in __call__
    response = await self.dispatch_func(request, call_next)
               ^^^^^^^^^^^^^^^^^^^^^^^^^^^^^^^^^^^^^^^^^^^^
  File "D:\nhatro\backend\app\main.py", line 127, in rate_limit_middleware
    return await call_next(request)
           ^^^^^^^^^^^^^^^^^^^^^^^^
  File "D:\nhatro\backend\venv\Lib\site-packages\starlette\middleware\base.py", line 165, in call_next
    raise app_exc
  File "D:\nhatro\backend\venv\Lib\site-packages\starlette\middleware\base.py", line 151, in coro
    await self.app(scope, receive_or_disconnect, send_no_error)
  File "D:\nhatro\backend\venv\Lib\site-packages\starlette\middleware\base.py", line 189, in __call__
    with collapse_excgroups():
         ^^^^^^^^^^^^^^^^^^^^
  File "C:\Users\ngocson\.cache\codex-runtimes\codex-primary-runtime\dependencies\python\Lib\contextlib.py", line 158, in __exit__
    self.gen.throw(value)
  File "D:\nhatro\backend\venv\Lib\site-packages\starlette\_utils.py", line 93, in collapse_excgroups
    raise exc
  File "D:\nhatro\backend\venv\Lib\site-packages\starlette\middleware\base.py", line 191, in __call__
    response = await self.dispatch_func(request, call_next)
               ^^^^^^^^^^^^^^^^^^^^^^^^^^^^^^^^^^^^^^^^^^^^
  File "D:\nhatro\backend\app\main.py", line 93, in add_process_time
    response = await call_next(request)
               ^^^^^^^^^^^^^^^^^^^^^^^^
  File "D:\nhatro\backend\venv\Lib\site-packages\starlette\middleware\base.py", line 165, in call_next
    raise app_exc
  File "D:\nhatro\backend\venv\Lib\site-packages\starlette\middleware\base.py", line 151, in coro
    await self.app(scope, receive_or_disconnect, send_no_error)
  File "D:\nhatro\backend\venv\Lib\site-packages\starlette\middleware\base.py", line 189, in __call__
    with collapse_excgroups():
         ^^^^^^^^^^^^^^^^^^^^
  File "C:\Users\ngocson\.cache\codex-runtimes\codex-primary-runtime\dependencies\python\Lib\contextlib.py", line 158, in __exit__
    self.gen.throw(value)
  File "D:\nhatro\backend\venv\Lib\site-packages\starlette\_utils.py", line 93, in collapse_excgroups
    raise exc
  File "D:\nhatro\backend\venv\Lib\site-packages\starlette\middleware\base.py", line 191, in __call__
    response = await self.dispatch_func(request, call_next)
               ^^^^^^^^^^^^^^^^^^^^^^^^^^^^^^^^^^^^^^^^^^^^
  File "D:\nhatro\backend\app\main.py", line 86, in add_security_headers
    response = await call_next(request)
               ^^^^^^^^^^^^^^^^^^^^^^^^
  File "D:\nhatro\backend\venv\Lib\site-packages\starlette\middleware\base.py", line 165, in call_next
    raise app_exc
  File "D:\nhatro\backend\venv\Lib\site-packages\starlette\middleware\base.py", line 151, in coro
    await self.app(scope, receive_or_disconnect, send_no_error)
  File "D:\nhatro\backend\venv\Lib\site-packages\starlette\middleware\cors.py", line 85, in __call__
    await self.app(scope, receive, send)
  File "D:\nhatro\backend\venv\Lib\site-packages\starlette\middleware\exceptions.py", line 65, in __call__
    await wrap_app_handling_exceptions(self.app, conn)(scope, receive, send)
  File "D:\nhatro\backend\venv\Lib\site-packages\starlette\_exception_handler.py", line 64, in wrapped_app
    raise exc
  File "D:\nhatro\backend\venv\Lib\site-packages\starlette\_exception_handler.py", line 53, in wrapped_app
    await app(scope, receive, sender)
  File "D:\nhatro\backend\venv\Lib\site-packages\starlette\routing.py", line 756, in __call__
    await self.middleware_stack(scope, receive, send)
  File "D:\nhatro\backend\venv\Lib\site-packages\starlette\routing.py", line 776, in app
    await route.handle(scope, receive, send)
  File "D:\nhatro\backend\venv\Lib\site-packages\starlette\routing.py", line 297, in handle
    await self.app(scope, receive, send)
  File "D:\nhatro\backend\venv\Lib\site-packages\starlette\routing.py", line 77, in app
    await wrap_app_handling_exceptions(app, request)(scope, receive, send)
  File "D:\nhatro\backend\venv\Lib\site-packages\starlette\_exception_handler.py", line 75, in wrapped_app
    response = await handler(conn, exc)
               ^^^^^^^^^^^^^^^^^^^^^^^^
  File "D:\nhatro\backend\app\main.py", line 157, in validation_exception_handler
    return JSONResponse(
           ^^^^^^^^^^^^^
  File "D:\nhatro\backend\venv\Lib\site-packages\starlette\responses.py", line 184, in __init__
    super().__init__(content, status_code, headers, media_type, background)
  File "D:\nhatro\backend\venv\Lib\site-packages\starlette\responses.py", line 41, in __init__
    self.body = self.render(content)
                ^^^^^^^^^^^^^^^^^^^^
  File "D:\nhatro\backend\venv\Lib\site-packages\starlette\responses.py", line 187, in render
    return json.dumps(
           ^^^^^^^^^^^
  File "C:\Users\ngocson\.cache\codex-runtimes\codex-primary-runtime\dependencies\python\Lib\json\__init__.py", line 238, in dumps
    **kw).encode(obj)
          ^^^^^^^^^^^
  File "C:\Users\ngocson\.cache\codex-runtimes\codex-primary-runtime\dependencies\python\Lib\json\encoder.py", line 200, in encode
    chunks = self.iterencode(o, _one_shot=True)
             ^^^^^^^^^^^^^^^^^^^^^^^^^^^^^^^^^^
  File "C:\Users\ngocson\.cache\codex-runtimes\codex-primary-runtime\dependencies\python\Lib\json\encoder.py", line 258, in iterencode
    return _iterencode(o, 0)
           ^^^^^^^^^^^^^^^^^
  File "C:\Users\ngocson\.cache\codex-runtimes\codex-primary-runtime\dependencies\python\Lib\json\encoder.py", line 180, in default
    raise TypeError(f'Object of type {o.__class__.__name__} '
TypeError: Object of type ValueError is not JSON serializable
==============================================

=== VALIDATION ERROR AT PATCH /api/v1/boarding-houses/bh_id')+UNION+ALL+select+NULL+--+ ===
[{'type': 'json_invalid', 'loc': ('body', 8), 'msg': 'JSON decode error', 'input': {}, 'ctx': {'error': 'Expecting value'}}]
==============================================

=== VALIDATION ERROR AT PATCH /api/v1/maintenance/request_id')+UNION+ALL+select+NULL+--+ ===
[{'type': 'json_invalid', 'loc': ('body', 34), 'msg': 'JSON decode error', 'input': {}, 'ctx': {'error': 'Expecting value'}}]
==============================================

=== VALIDATION ERROR AT PATCH /api/v1/tenants/; ===
[{'type': 'json_invalid', 'loc': ('body', 51), 'msg': 'JSON decode error', 'input': {}, 'ctx': {'error': 'Expecting value'}}]
==============================================

=== VALIDATION ERROR AT POST /api/v1/auth/register ===
[{'type': 'value_error', 'loc': ('body', 'password'), 'msg': 'Value error, Password must be at least 8 characters', 'input': 'ZAP', 'ctx': {'error': ValueError('Password must be at least 8 characters')}}, {'type': 'string_type', 'loc': ('body', 'phone'), 'msg': 'Input should be a valid string', 'input': 9999999999}, {'type': 'value_error', 'loc': ('body', 'otp_code'), 'msg': 'Value error, OTP code must be 6 digits', 'input': 'John Doe', 'ctx': {'error': ValueError('OTP code must be 6 digits')}}]
==============================================

=== VALIDATION ERROR AT PATCH /api/v1/boarding-houses/bh_id ===
[{'type': 'json_invalid', 'loc': ('body', 8), 'msg': 'JSON decode error', 'input': {}, 'ctx': {'error': 'Expecting value'}}]
==============================================

=== GLOBAL EXCEPTION HANDLER AT POST /api/v1/auth/register ===
  + Exception Group Traceback (most recent call last):
  |   File "D:\nhatro\backend\venv\Lib\site-packages\starlette\_utils.py", line 87, in collapse_excgroups
  |     yield
  |   File "D:\nhatro\backend\venv\Lib\site-packages\starlette\middleware\base.py", line 190, in __call__
  |     async with anyio.create_task_group() as task_group:
  |                ^^^^^^^^^^^^^^^^^^^^^^^^^
  |   File "D:\nhatro\backend\venv\Lib\site-packages\anyio\_backends\_asyncio.py", line 799, in __aexit__
  |     raise BaseExceptionGroup(
  | ExceptionGroup: unhandled errors in a TaskGroup (1 sub-exception)
  +-+---------------- 1 ----------------
    | Traceback (most recent call last):
    |   File "D:\nhatro\backend\venv\Lib\site-packages\starlette\middleware\errors.py", line 164, in __call__
    |     await self.app(scope, receive, _send)
    |   File "D:\nhatro\backend\venv\Lib\site-packages\starlette\middleware\base.py", line 189, in __call__
    |     with collapse_excgroups():
    |          ^^^^^^^^^^^^^^^^^^^^
    |   File "C:\Users\ngocson\.cache\codex-runtimes\codex-primary-runtime\dependencies\python\Lib\contextlib.py", line 158, in __exit__
    |     self.gen.throw(value)
    |   File "D:\nhatro\backend\venv\Lib\site-packages\starlette\_utils.py", line 93, in collapse_excgroups
    |     raise exc
    |   File "D:\nhatro\backend\venv\Lib\site-packages\starlette\middleware\base.py", line 191, in __call__
    |     response = await self.dispatch_func(request, call_next)
    |                ^^^^^^^^^^^^^^^^^^^^^^^^^^^^^^^^^^^^^^^^^^^^
    |   File "D:\nhatro\backend\app\main.py", line 127, in rate_limit_middleware
    |     return await call_next(request)
    |            ^^^^^^^^^^^^^^^^^^^^^^^^
    |   File "D:\nhatro\backend\venv\Lib\site-packages\starlette\middleware\base.py", line 165, in call_next
    |     raise app_exc
    |   File "D:\nhatro\backend\venv\Lib\site-packages\starlette\middleware\base.py", line 151, in coro
    |     await self.app(scope, receive_or_disconnect, send_no_error)
    |   File "D:\nhatro\backend\venv\Lib\site-packages\starlette\middleware\base.py", line 189, in __call__
    |     with collapse_excgroups():
    |          ^^^^^^^^^^^^^^^^^^^^
    |   File "C:\Users\ngocson\.cache\codex-runtimes\codex-primary-runtime\dependencies\python\Lib\contextlib.py", line 158, in __exit__
    |     self.gen.throw(value)
    |   File "D:\nhatro\backend\venv\Lib\site-packages\starlette\_utils.py", line 93, in collapse_excgroups
    |     raise exc
    |   File "D:\nhatro\backend\venv\Lib\site-packages\starlette\middleware\base.py", line 191, in __call__
    |     response = await self.dispatch_func(request, call_next)
    |                ^^^^^^^^^^^^^^^^^^^^^^^^^^^^^^^^^^^^^^^^^^^^
    |   File "D:\nhatro\backend\app\main.py", line 93, in add_process_time
    |     response = await call_next(request)
    |                ^^^^^^^^^^^^^^^^^^^^^^^^
    |   File "D:\nhatro\backend\venv\Lib\site-packages\starlette\middleware\base.py", line 165, in call_next
    |     raise app_exc
    |   File "D:\nhatro\backend\venv\Lib\site-packages\starlette\middleware\base.py", line 151, in coro
    |     await self.app(scope, receive_or_disconnect, send_no_error)
    |   File "D:\nhatro\backend\venv\Lib\site-packages\starlette\middleware\base.py", line 189, in __call__
    |     with collapse_excgroups():
    |          ^^^^^^^^^^^^^^^^^^^^
    |   File "C:\Users\ngocson\.cache\codex-runtimes\codex-primary-runtime\dependencies\python\Lib\contextlib.py", line 158, in __exit__
    |     self.gen.throw(value)
    |   File "D:\nhatro\backend\venv\Lib\site-packages\starlette\_utils.py", line 93, in collapse_excgroups
    |     raise exc
    |   File "D:\nhatro\backend\venv\Lib\site-packages\starlette\middleware\base.py", line 191, in __call__
    |     response = await self.dispatch_func(request, call_next)
    |                ^^^^^^^^^^^^^^^^^^^^^^^^^^^^^^^^^^^^^^^^^^^^
    |   File "D:\nhatro\backend\app\main.py", line 86, in add_security_headers
    |     response = await call_next(request)
    |                ^^^^^^^^^^^^^^^^^^^^^^^^
    |   File "D:\nhatro\backend\venv\Lib\site-packages\starlette\middleware\base.py", line 165, in call_next
    |     raise app_exc
    |   File "D:\nhatro\backend\venv\Lib\site-packages\starlette\middleware\base.py", line 151, in coro
    |     await self.app(scope, receive_or_disconnect, send_no_error)
    |   File "D:\nhatro\backend\venv\Lib\site-packages\starlette\middleware\cors.py", line 85, in __call__
    |     await self.app(scope, receive, send)
    |   File "D:\nhatro\backend\venv\Lib\site-packages\starlette\middleware\exceptions.py", line 65, in __call__
    |     await wrap_app_handling_exceptions(self.app, conn)(scope, receive, send)
    |   File "D:\nhatro\backend\venv\Lib\site-packages\starlette\_exception_handler.py", line 64, in wrapped_app
    |     raise exc
    |   File "D:\nhatro\backend\venv\Lib\site-packages\starlette\_exception_handler.py", line 53, in wrapped_app
    |     await app(scope, receive, sender)
    |   File "D:\nhatro\backend\venv\Lib\site-packages\starlette\routing.py", line 756, in __call__
    |     await self.middleware_stack(scope, receive, send)
    |   File "D:\nhatro\backend\venv\Lib\site-packages\starlette\routing.py", line 776, in app
    |     await route.handle(scope, receive, send)
    |   File "D:\nhatro\backend\venv\Lib\site-packages\starlette\routing.py", line 297, in handle
    |     await self.app(scope, receive, send)
    |   File "D:\nhatro\backend\venv\Lib\site-packages\starlette\routing.py", line 77, in app
    |     await wrap_app_handling_exceptions(app, request)(scope, receive, send)
    |   File "D:\nhatro\backend\venv\Lib\site-packages\starlette\_exception_handler.py", line 75, in wrapped_app
    |     response = await handler(conn, exc)
    |                ^^^^^^^^^^^^^^^^^^^^^^^^
    |   File "D:\nhatro\backend\app\main.py", line 157, in validation_exception_handler
    |     return JSONResponse(
    |            ^^^^^^^^^^^^^
    |   File "D:\nhatro\backend\venv\Lib\site-packages\starlette\responses.py", line 184, in __init__
    |     super().__init__(content, status_code, headers, media_type, background)
    |   File "D:\nhatro\backend\venv\Lib\site-packages\starlette\responses.py", line 41, in __init__
    |     self.body = self.render(content)
    |                 ^^^^^^^^^^^^^^^^^^^^
    |   File "D:\nhatro\backend\venv\Lib\site-packages\starlette\responses.py", line 187, in render
    |     return json.dumps(
    |            ^^^^^^^^^^^
    |   File "C:\Users\ngocson\.cache\codex-runtimes\codex-primary-runtime\dependencies\python\Lib\json\__init__.py", line 238, in dumps
    |     **kw).encode(obj)
    |           ^^^^^^^^^^^
    |   File "C:\Users\ngocson\.cache\codex-runtimes\codex-primary-runtime\dependencies\python\Lib\json\encoder.py", line 200, in encode
    |     chunks = self.iterencode(o, _one_shot=True)
    |              ^^^^^^^^^^^^^^^^^^^^^^^^^^^^^^^^^^
    |   File "C:\Users\ngocson\.cache\codex-runtimes\codex-primary-runtime\dependencies\python\Lib\json\encoder.py", line 258, in iterencode
    |     return _iterencode(o, 0)
    |            ^^^^^^^^^^^^^^^^^
    |   File "C:\Users\ngocson\.cache\codex-runtimes\codex-primary-runtime\dependencies\python\Lib\json\encoder.py", line 180, in default
    |     raise TypeError(f'Object of type {o.__class__.__name__} '
    | TypeError: Object of type ValueError is not JSON serializable
    +------------------------------------

During handling of the above exception, another exception occurred:

Traceback (most recent call last):
  File "D:\nhatro\backend\venv\Lib\site-packages\starlette\middleware\errors.py", line 164, in __call__
    await self.app(scope, receive, _send)
  File "D:\nhatro\backend\venv\Lib\site-packages\starlette\middleware\base.py", line 189, in __call__
    with collapse_excgroups():
         ^^^^^^^^^^^^^^^^^^^^
  File "C:\Users\ngocson\.cache\codex-runtimes\codex-primary-runtime\dependencies\python\Lib\contextlib.py", line 158, in __exit__
    self.gen.throw(value)
  File "D:\nhatro\backend\venv\Lib\site-packages\starlette\_utils.py", line 93, in collapse_excgroups
    raise exc
  File "D:\nhatro\backend\venv\Lib\site-packages\starlette\middleware\base.py", line 191, in __call__
    response = await self.dispatch_func(request, call_next)
               ^^^^^^^^^^^^^^^^^^^^^^^^^^^^^^^^^^^^^^^^^^^^
  File "D:\nhatro\backend\app\main.py", line 127, in rate_limit_middleware
    return await call_next(request)
           ^^^^^^^^^^^^^^^^^^^^^^^^
  File "D:\nhatro\backend\venv\Lib\site-packages\starlette\middleware\base.py", line 165, in call_next
    raise app_exc
  File "D:\nhatro\backend\venv\Lib\site-packages\starlette\middleware\base.py", line 151, in coro
    await self.app(scope, receive_or_disconnect, send_no_error)
  File "D:\nhatro\backend\venv\Lib\site-packages\starlette\middleware\base.py", line 189, in __call__
    with collapse_excgroups():
         ^^^^^^^^^^^^^^^^^^^^
  File "C:\Users\ngocson\.cache\codex-runtimes\codex-primary-runtime\dependencies\python\Lib\contextlib.py", line 158, in __exit__
    self.gen.throw(value)
  File "D:\nhatro\backend\venv\Lib\site-packages\starlette\_utils.py", line 93, in collapse_excgroups
    raise exc
  File "D:\nhatro\backend\venv\Lib\site-packages\starlette\middleware\base.py", line 191, in __call__
    response = await self.dispatch_func(request, call_next)
               ^^^^^^^^^^^^^^^^^^^^^^^^^^^^^^^^^^^^^^^^^^^^
  File "D:\nhatro\backend\app\main.py", line 93, in add_process_time
    response = await call_next(request)
               ^^^^^^^^^^^^^^^^^^^^^^^^
  File "D:\nhatro\backend\venv\Lib\site-packages\starlette\middleware\base.py", line 165, in call_next
    raise app_exc
  File "D:\nhatro\backend\venv\Lib\site-packages\starlette\middleware\base.py", line 151, in coro
    await self.app(scope, receive_or_disconnect, send_no_error)
  File "D:\nhatro\backend\venv\Lib\site-packages\starlette\middleware\base.py", line 189, in __call__
    with collapse_excgroups():
         ^^^^^^^^^^^^^^^^^^^^
  File "C:\Users\ngocson\.cache\codex-runtimes\codex-primary-runtime\dependencies\python\Lib\contextlib.py", line 158, in __exit__
    self.gen.throw(value)
  File "D:\nhatro\backend\venv\Lib\site-packages\starlette\_utils.py", line 93, in collapse_excgroups
    raise exc
  File "D:\nhatro\backend\venv\Lib\site-packages\starlette\middleware\base.py", line 191, in __call__
    response = await self.dispatch_func(request, call_next)
               ^^^^^^^^^^^^^^^^^^^^^^^^^^^^^^^^^^^^^^^^^^^^
  File "D:\nhatro\backend\app\main.py", line 86, in add_security_headers
    response = await call_next(request)
               ^^^^^^^^^^^^^^^^^^^^^^^^
  File "D:\nhatro\backend\venv\Lib\site-packages\starlette\middleware\base.py", line 165, in call_next
    raise app_exc
  File "D:\nhatro\backend\venv\Lib\site-packages\starlette\middleware\base.py", line 151, in coro
    await self.app(scope, receive_or_disconnect, send_no_error)
  File "D:\nhatro\backend\venv\Lib\site-packages\starlette\middleware\cors.py", line 85, in __call__
    await self.app(scope, receive, send)
  File "D:\nhatro\backend\venv\Lib\site-packages\starlette\middleware\exceptions.py", line 65, in __call__
    await wrap_app_handling_exceptions(self.app, conn)(scope, receive, send)
  File "D:\nhatro\backend\venv\Lib\site-packages\starlette\_exception_handler.py", line 64, in wrapped_app
    raise exc
  File "D:\nhatro\backend\venv\Lib\site-packages\starlette\_exception_handler.py", line 53, in wrapped_app
    await app(scope, receive, sender)
  File "D:\nhatro\backend\venv\Lib\site-packages\starlette\routing.py", line 756, in __call__
    await self.middleware_stack(scope, receive, send)
  File "D:\nhatro\backend\venv\Lib\site-packages\starlette\routing.py", line 776, in app
    await route.handle(scope, receive, send)
  File "D:\nhatro\backend\venv\Lib\site-packages\starlette\routing.py", line 297, in handle
    await self.app(scope, receive, send)
  File "D:\nhatro\backend\venv\Lib\site-packages\starlette\routing.py", line 77, in app
    await wrap_app_handling_exceptions(app, request)(scope, receive, send)
  File "D:\nhatro\backend\venv\Lib\site-packages\starlette\_exception_handler.py", line 75, in wrapped_app
    response = await handler(conn, exc)
               ^^^^^^^^^^^^^^^^^^^^^^^^
  File "D:\nhatro\backend\app\main.py", line 157, in validation_exception_handler
    return JSONResponse(
           ^^^^^^^^^^^^^
  File "D:\nhatro\backend\venv\Lib\site-packages\starlette\responses.py", line 184, in __init__
    super().__init__(content, status_code, headers, media_type, background)
  File "D:\nhatro\backend\venv\Lib\site-packages\starlette\responses.py", line 41, in __init__
    self.body = self.render(content)
                ^^^^^^^^^^^^^^^^^^^^
  File "D:\nhatro\backend\venv\Lib\site-packages\starlette\responses.py", line 187, in render
    return json.dumps(
           ^^^^^^^^^^^
  File "C:\Users\ngocson\.cache\codex-runtimes\codex-primary-runtime\dependencies\python\Lib\json\__init__.py", line 238, in dumps
    **kw).encode(obj)
          ^^^^^^^^^^^
  File "C:\Users\ngocson\.cache\codex-runtimes\codex-primary-runtime\dependencies\python\Lib\json\encoder.py", line 200, in encode
    chunks = self.iterencode(o, _one_shot=True)
             ^^^^^^^^^^^^^^^^^^^^^^^^^^^^^^^^^^
  File "C:\Users\ngocson\.cache\codex-runtimes\codex-primary-runtime\dependencies\python\Lib\json\encoder.py", line 258, in iterencode
    return _iterencode(o, 0)
           ^^^^^^^^^^^^^^^^^
  File "C:\Users\ngocson\.cache\codex-runtimes\codex-primary-runtime\dependencies\python\Lib\json\encoder.py", line 180, in default
    raise TypeError(f'Object of type {o.__class__.__name__} '
TypeError: Object of type ValueError is not JSON serializable
==============================================

=== VALIDATION ERROR AT PATCH /api/v1/maintenance/request_id ===
[{'type': 'json_invalid', 'loc': ('body', 34), 'msg': 'JSON decode error', 'input': {}, 'ctx': {'error': 'Expecting value'}}]
==============================================

=== VALIDATION ERROR AT PATCH /api/v1/tenants/tenant_id; ===
[{'type': 'json_invalid', 'loc': ('body', 51), 'msg': 'JSON decode error', 'input': {}, 'ctx': {'error': 'Expecting value'}}]
==============================================

=== VALIDATION ERROR AT POST /api/v1/auth/register ===
[{'type': 'value_error', 'loc': ('body', 'password'), 'msg': 'Value error, Password must be at least 8 characters', 'input': 'ZAP', 'ctx': {'error': ValueError('Password must be at least 8 characters')}}, {'type': 'string_type', 'loc': ('body', 'phone'), 'msg': 'Input should be a valid string', 'input': 9999999999}, {'type': 'value_error', 'loc': ('body', 'otp_code'), 'msg': 'Value error, OTP code must be 6 digits', 'input': 'John Doe', 'ctx': {'error': ValueError('OTP code must be 6 digits')}}]
==============================================

=== GLOBAL EXCEPTION HANDLER AT POST /api/v1/auth/register ===
  + Exception Group Traceback (most recent call last):
  |   File "D:\nhatro\backend\venv\Lib\site-packages\starlette\_utils.py", line 87, in collapse_excgroups
  |     yield
  |   File "D:\nhatro\backend\venv\Lib\site-packages\starlette\middleware\base.py", line 190, in __call__
  |     async with anyio.create_task_group() as task_group:
  |                ^^^^^^^^^^^^^^^^^^^^^^^^^
  |   File "D:\nhatro\backend\venv\Lib\site-packages\anyio\_backends\_asyncio.py", line 799, in __aexit__
  |     raise BaseExceptionGroup(
  | ExceptionGroup: unhandled errors in a TaskGroup (1 sub-exception)
  +-+---------------- 1 ----------------
    | Traceback (most recent call last):
    |   File "D:\nhatro\backend\venv\Lib\site-packages\starlette\middleware\errors.py", line 164, in __call__
    |     await self.app(scope, receive, _send)
    |   File "D:\nhatro\backend\venv\Lib\site-packages\starlette\middleware\base.py", line 189, in __call__
    |     with collapse_excgroups():
    |          ^^^^^^^^^^^^^^^^^^^^
    |   File "C:\Users\ngocson\.cache\codex-runtimes\codex-primary-runtime\dependencies\python\Lib\contextlib.py", line 158, in __exit__
    |     self.gen.throw(value)
    |   File "D:\nhatro\backend\venv\Lib\site-packages\starlette\_utils.py", line 93, in collapse_excgroups
    |     raise exc
    |   File "D:\nhatro\backend\venv\Lib\site-packages\starlette\middleware\base.py", line 191, in __call__
    |     response = await self.dispatch_func(request, call_next)
    |                ^^^^^^^^^^^^^^^^^^^^^^^^^^^^^^^^^^^^^^^^^^^^
    |   File "D:\nhatro\backend\app\main.py", line 127, in rate_limit_middleware
    |     return await call_next(request)
    |            ^^^^^^^^^^^^^^^^^^^^^^^^
    |   File "D:\nhatro\backend\venv\Lib\site-packages\starlette\middleware\base.py", line 165, in call_next
    |     raise app_exc
    |   File "D:\nhatro\backend\venv\Lib\site-packages\starlette\middleware\base.py", line 151, in coro
    |     await self.app(scope, receive_or_disconnect, send_no_error)
    |   File "D:\nhatro\backend\venv\Lib\site-packages\starlette\middleware\base.py", line 189, in __call__
    |     with collapse_excgroups():
    |          ^^^^^^^^^^^^^^^^^^^^
    |   File "C:\Users\ngocson\.cache\codex-runtimes\codex-primary-runtime\dependencies\python\Lib\contextlib.py", line 158, in __exit__
    |     self.gen.throw(value)
    |   File "D:\nhatro\backend\venv\Lib\site-packages\starlette\_utils.py", line 93, in collapse_excgroups
    |     raise exc
    |   File "D:\nhatro\backend\venv\Lib\site-packages\starlette\middleware\base.py", line 191, in __call__
    |     response = await self.dispatch_func(request, call_next)
    |                ^^^^^^^^^^^^^^^^^^^^^^^^^^^^^^^^^^^^^^^^^^^^
    |   File "D:\nhatro\backend\app\main.py", line 93, in add_process_time
    |     response = await call_next(request)
    |                ^^^^^^^^^^^^^^^^^^^^^^^^
    |   File "D:\nhatro\backend\venv\Lib\site-packages\starlette\middleware\base.py", line 165, in call_next
    |     raise app_exc
    |   File "D:\nhatro\backend\venv\Lib\site-packages\starlette\middleware\base.py", line 151, in coro
    |     await self.app(scope, receive_or_disconnect, send_no_error)
    |   File "D:\nhatro\backend\venv\Lib\site-packages\starlette\middleware\base.py", line 189, in __call__
    |     with collapse_excgroups():
    |          ^^^^^^^^^^^^^^^^^^^^
    |   File "C:\Users\ngocson\.cache\codex-runtimes\codex-primary-runtime\dependencies\python\Lib\contextlib.py", line 158, in __exit__
    |     self.gen.throw(value)
    |   File "D:\nhatro\backend\venv\Lib\site-packages\starlette\_utils.py", line 93, in collapse_excgroups
    |     raise exc
    |   File "D:\nhatro\backend\venv\Lib\site-packages\starlette\middleware\base.py", line 191, in __call__
    |     response = await self.dispatch_func(request, call_next)
    |                ^^^^^^^^^^^^^^^^^^^^^^^^^^^^^^^^^^^^^^^^^^^^
    |   File "D:\nhatro\backend\app\main.py", line 86, in add_security_headers
    |     response = await call_next(request)
    |                ^^^^^^^^^^^^^^^^^^^^^^^^
    |   File "D:\nhatro\backend\venv\Lib\site-packages\starlette\middleware\base.py", line 165, in call_next
    |     raise app_exc
    |   File "D:\nhatro\backend\venv\Lib\site-packages\starlette\middleware\base.py", line 151, in coro
    |     await self.app(scope, receive_or_disconnect, send_no_error)
    |   File "D:\nhatro\backend\venv\Lib\site-packages\starlette\middleware\cors.py", line 85, in __call__
    |     await self.app(scope, receive, send)
    |   File "D:\nhatro\backend\venv\Lib\site-packages\starlette\middleware\exceptions.py", line 65, in __call__
    |     await wrap_app_handling_exceptions(self.app, conn)(scope, receive, send)
    |   File "D:\nhatro\backend\venv\Lib\site-packages\starlette\_exception_handler.py", line 64, in wrapped_app
    |     raise exc
    |   File "D:\nhatro\backend\venv\Lib\site-packages\starlette\_exception_handler.py", line 53, in wrapped_app
    |     await app(scope, receive, sender)
    |   File "D:\nhatro\backend\venv\Lib\site-packages\starlette\routing.py", line 756, in __call__
    |     await self.middleware_stack(scope, receive, send)
    |   File "D:\nhatro\backend\venv\Lib\site-packages\starlette\routing.py", line 776, in app
    |     await route.handle(scope, receive, send)
    |   File "D:\nhatro\backend\venv\Lib\site-packages\starlette\routing.py", line 297, in handle
    |     await self.app(scope, receive, send)
    |   File "D:\nhatro\backend\venv\Lib\site-packages\starlette\routing.py", line 77, in app
    |     await wrap_app_handling_exceptions(app, request)(scope, receive, send)
    |   File "D:\nhatro\backend\venv\Lib\site-packages\starlette\_exception_handler.py", line 75, in wrapped_app
    |     response = await handler(conn, exc)
    |                ^^^^^^^^^^^^^^^^^^^^^^^^
    |   File "D:\nhatro\backend\app\main.py", line 157, in validation_exception_handler
    |     return JSONResponse(
    |            ^^^^^^^^^^^^^
    |   File "D:\nhatro\backend\venv\Lib\site-packages\starlette\responses.py", line 184, in __init__
    |     super().__init__(content, status_code, headers, media_type, background)
    |   File "D:\nhatro\backend\venv\Lib\site-packages\starlette\responses.py", line 41, in __init__
    |     self.body = self.render(content)
    |                 ^^^^^^^^^^^^^^^^^^^^
    |   File "D:\nhatro\backend\venv\Lib\site-packages\starlette\responses.py", line 187, in render
    |     return json.dumps(
    |            ^^^^^^^^^^^
    |   File "C:\Users\ngocson\.cache\codex-runtimes\codex-primary-runtime\dependencies\python\Lib\json\__init__.py", line 238, in dumps
    |     **kw).encode(obj)
    |           ^^^^^^^^^^^
    |   File "C:\Users\ngocson\.cache\codex-runtimes\codex-primary-runtime\dependencies\python\Lib\json\encoder.py", line 200, in encode
    |     chunks = self.iterencode(o, _one_shot=True)
    |              ^^^^^^^^^^^^^^^^^^^^^^^^^^^^^^^^^^
    |   File "C:\Users\ngocson\.cache\codex-runtimes\codex-primary-runtime\dependencies\python\Lib\json\encoder.py", line 258, in iterencode
    |     return _iterencode(o, 0)
    |            ^^^^^^^^^^^^^^^^^
    |   File "C:\Users\ngocson\.cache\codex-runtimes\codex-primary-runtime\dependencies\python\Lib\json\encoder.py", line 180, in default
    |     raise TypeError(f'Object of type {o.__class__.__name__} '
    | TypeError: Object of type ValueError is not JSON serializable
    +------------------------------------

During handling of the above exception, another exception occurred:

Traceback (most recent call last):
  File "D:\nhatro\backend\venv\Lib\site-packages\starlette\middleware\errors.py", line 164, in __call__
    await self.app(scope, receive, _send)
  File "D:\nhatro\backend\venv\Lib\site-packages\starlette\middleware\base.py", line 189, in __call__
    with collapse_excgroups():
         ^^^^^^^^^^^^^^^^^^^^
  File "C:\Users\ngocson\.cache\codex-runtimes\codex-primary-runtime\dependencies\python\Lib\contextlib.py", line 158, in __exit__
    self.gen.throw(value)
  File "D:\nhatro\backend\venv\Lib\site-packages\starlette\_utils.py", line 93, in collapse_excgroups
    raise exc
  File "D:\nhatro\backend\venv\Lib\site-packages\starlette\middleware\base.py", line 191, in __call__
    response = await self.dispatch_func(request, call_next)
               ^^^^^^^^^^^^^^^^^^^^^^^^^^^^^^^^^^^^^^^^^^^^
  File "D:\nhatro\backend\app\main.py", line 127, in rate_limit_middleware
    return await call_next(request)
           ^^^^^^^^^^^^^^^^^^^^^^^^
  File "D:\nhatro\backend\venv\Lib\site-packages\starlette\middleware\base.py", line 165, in call_next
    raise app_exc
  File "D:\nhatro\backend\venv\Lib\site-packages\starlette\middleware\base.py", line 151, in coro
    await self.app(scope, receive_or_disconnect, send_no_error)
  File "D:\nhatro\backend\venv\Lib\site-packages\starlette\middleware\base.py", line 189, in __call__
    with collapse_excgroups():
         ^^^^^^^^^^^^^^^^^^^^
  File "C:\Users\ngocson\.cache\codex-runtimes\codex-primary-runtime\dependencies\python\Lib\contextlib.py", line 158, in __exit__
    self.gen.throw(value)
  File "D:\nhatro\backend\venv\Lib\site-packages\starlette\_utils.py", line 93, in collapse_excgroups
    raise exc
  File "D:\nhatro\backend\venv\Lib\site-packages\starlette\middleware\base.py", line 191, in __call__
    response = await self.dispatch_func(request, call_next)
               ^^^^^^^^^^^^^^^^^^^^^^^^^^^^^^^^^^^^^^^^^^^^
  File "D:\nhatro\backend\app\main.py", line 93, in add_process_time
    response = await call_next(request)
               ^^^^^^^^^^^^^^^^^^^^^^^^
  File "D:\nhatro\backend\venv\Lib\site-packages\starlette\middleware\base.py", line 165, in call_next
    raise app_exc
  File "D:\nhatro\backend\venv\Lib\site-packages\starlette\middleware\base.py", line 151, in coro
    await self.app(scope, receive_or_disconnect, send_no_error)
  File "D:\nhatro\backend\venv\Lib\site-packages\starlette\middleware\base.py", line 189, in __call__
    with collapse_excgroups():
         ^^^^^^^^^^^^^^^^^^^^
  File "C:\Users\ngocson\.cache\codex-runtimes\codex-primary-runtime\dependencies\python\Lib\contextlib.py", line 158, in __exit__
    self.gen.throw(value)
  File "D:\nhatro\backend\venv\Lib\site-packages\starlette\_utils.py", line 93, in collapse_excgroups
    raise exc
  File "D:\nhatro\backend\venv\Lib\site-packages\starlette\middleware\base.py", line 191, in __call__
    response = await self.dispatch_func(request, call_next)
               ^^^^^^^^^^^^^^^^^^^^^^^^^^^^^^^^^^^^^^^^^^^^
  File "D:\nhatro\backend\app\main.py", line 86, in add_security_headers
    response = await call_next(request)
               ^^^^^^^^^^^^^^^^^^^^^^^^
  File "D:\nhatro\backend\venv\Lib\site-packages\starlette\middleware\base.py", line 165, in call_next
    raise app_exc
  File "D:\nhatro\backend\venv\Lib\site-packages\starlette\middleware\base.py", line 151, in coro
    await self.app(scope, receive_or_disconnect, send_no_error)
  File "D:\nhatro\backend\venv\Lib\site-packages\starlette\middleware\cors.py", line 85, in __call__
    await self.app(scope, receive, send)
  File "D:\nhatro\backend\venv\Lib\site-packages\starlette\middleware\exceptions.py", line 65, in __call__
    await wrap_app_handling_exceptions(self.app, conn)(scope, receive, send)
  File "D:\nhatro\backend\venv\Lib\site-packages\starlette\_exception_handler.py", line 64, in wrapped_app
    raise exc
  File "D:\nhatro\backend\venv\Lib\site-packages\starlette\_exception_handler.py", line 53, in wrapped_app
    await app(scope, receive, sender)
  File "D:\nhatro\backend\venv\Lib\site-packages\starlette\routing.py", line 756, in __call__
    await self.middleware_stack(scope, receive, send)
  File "D:\nhatro\backend\venv\Lib\site-packages\starlette\routing.py", line 776, in app
    await route.handle(scope, receive, send)
  File "D:\nhatro\backend\venv\Lib\site-packages\starlette\routing.py", line 297, in handle
    await self.app(scope, receive, send)
  File "D:\nhatro\backend\venv\Lib\site-packages\starlette\routing.py", line 77, in app
    await wrap_app_handling_exceptions(app, request)(scope, receive, send)
  File "D:\nhatro\backend\venv\Lib\site-packages\starlette\_exception_handler.py", line 75, in wrapped_app
    response = await handler(conn, exc)
               ^^^^^^^^^^^^^^^^^^^^^^^^
  File "D:\nhatro\backend\app\main.py", line 157, in validation_exception_handler
    return JSONResponse(
           ^^^^^^^^^^^^^
  File "D:\nhatro\backend\venv\Lib\site-packages\starlette\responses.py", line 184, in __init__
    super().__init__(content, status_code, headers, media_type, background)
  File "D:\nhatro\backend\venv\Lib\site-packages\starlette\responses.py", line 41, in __init__
    self.body = self.render(content)
                ^^^^^^^^^^^^^^^^^^^^
  File "D:\nhatro\backend\venv\Lib\site-packages\starlette\responses.py", line 187, in render
    return json.dumps(
           ^^^^^^^^^^^
  File "C:\Users\ngocson\.cache\codex-runtimes\codex-primary-runtime\dependencies\python\Lib\json\__init__.py", line 238, in dumps
    **kw).encode(obj)
          ^^^^^^^^^^^
  File "C:\Users\ngocson\.cache\codex-runtimes\codex-primary-runtime\dependencies\python\Lib\json\encoder.py", line 200, in encode
    chunks = self.iterencode(o, _one_shot=True)
             ^^^^^^^^^^^^^^^^^^^^^^^^^^^^^^^^^^
  File "C:\Users\ngocson\.cache\codex-runtimes\codex-primary-runtime\dependencies\python\Lib\json\encoder.py", line 258, in iterencode
    return _iterencode(o, 0)
           ^^^^^^^^^^^^^^^^^
  File "C:\Users\ngocson\.cache\codex-runtimes\codex-primary-runtime\dependencies\python\Lib\json\encoder.py", line 180, in default
    raise TypeError(f'Object of type {o.__class__.__name__} '
TypeError: Object of type ValueError is not JSON serializable
==============================================

=== VALIDATION ERROR AT PATCH /api/v1/tenants/'( ===
[{'type': 'json_invalid', 'loc': ('body', 51), 'msg': 'JSON decode error', 'input': {}, 'ctx': {'error': 'Expecting value'}}]
==============================================

=== VALIDATION ERROR AT POST /api/v1/auth/register ===
[{'type': 'value_error', 'loc': ('body', 'password'), 'msg': 'Value error, Password must be at least 8 characters', 'input': 'ZAP', 'ctx': {'error': ValueError('Password must be at least 8 characters')}}, {'type': 'string_type', 'loc': ('body', 'phone'), 'msg': 'Input should be a valid string', 'input': 9999999999}, {'type': 'value_error', 'loc': ('body', 'otp_code'), 'msg': 'Value error, OTP code must be 6 digits', 'input': 'John Doe', 'ctx': {'error': ValueError('OTP code must be 6 digits')}}]
==============================================

=== GLOBAL EXCEPTION HANDLER AT POST /api/v1/auth/register ===
  + Exception Group Traceback (most recent call last):
  |   File "D:\nhatro\backend\venv\Lib\site-packages\starlette\_utils.py", line 87, in collapse_excgroups
  |     yield
  |   File "D:\nhatro\backend\venv\Lib\site-packages\starlette\middleware\base.py", line 190, in __call__
  |     async with anyio.create_task_group() as task_group:
  |                ^^^^^^^^^^^^^^^^^^^^^^^^^
  |   File "D:\nhatro\backend\venv\Lib\site-packages\anyio\_backends\_asyncio.py", line 799, in __aexit__
  |     raise BaseExceptionGroup(
  | ExceptionGroup: unhandled errors in a TaskGroup (1 sub-exception)
  +-+---------------- 1 ----------------
    | Traceback (most recent call last):
    |   File "D:\nhatro\backend\venv\Lib\site-packages\starlette\middleware\errors.py", line 164, in __call__
    |     await self.app(scope, receive, _send)
    |   File "D:\nhatro\backend\venv\Lib\site-packages\starlette\middleware\base.py", line 189, in __call__
    |     with collapse_excgroups():
    |          ^^^^^^^^^^^^^^^^^^^^
    |   File "C:\Users\ngocson\.cache\codex-runtimes\codex-primary-runtime\dependencies\python\Lib\contextlib.py", line 158, in __exit__
    |     self.gen.throw(value)
    |   File "D:\nhatro\backend\venv\Lib\site-packages\starlette\_utils.py", line 93, in collapse_excgroups
    |     raise exc
    |   File "D:\nhatro\backend\venv\Lib\site-packages\starlette\middleware\base.py", line 191, in __call__
    |     response = await self.dispatch_func(request, call_next)
    |                ^^^^^^^^^^^^^^^^^^^^^^^^^^^^^^^^^^^^^^^^^^^^
    |   File "D:\nhatro\backend\app\main.py", line 127, in rate_limit_middleware
    |     return await call_next(request)
    |            ^^^^^^^^^^^^^^^^^^^^^^^^
    |   File "D:\nhatro\backend\venv\Lib\site-packages\starlette\middleware\base.py", line 165, in call_next
    |     raise app_exc
    |   File "D:\nhatro\backend\venv\Lib\site-packages\starlette\middleware\base.py", line 151, in coro
    |     await self.app(scope, receive_or_disconnect, send_no_error)
    |   File "D:\nhatro\backend\venv\Lib\site-packages\starlette\middleware\base.py", line 189, in __call__
    |     with collapse_excgroups():
    |          ^^^^^^^^^^^^^^^^^^^^
    |   File "C:\Users\ngocson\.cache\codex-runtimes\codex-primary-runtime\dependencies\python\Lib\contextlib.py", line 158, in __exit__
    |     self.gen.throw(value)
    |   File "D:\nhatro\backend\venv\Lib\site-packages\starlette\_utils.py", line 93, in collapse_excgroups
    |     raise exc
    |   File "D:\nhatro\backend\venv\Lib\site-packages\starlette\middleware\base.py", line 191, in __call__
    |     response = await self.dispatch_func(request, call_next)
    |                ^^^^^^^^^^^^^^^^^^^^^^^^^^^^^^^^^^^^^^^^^^^^
    |   File "D:\nhatro\backend\app\main.py", line 93, in add_process_time
    |     response = await call_next(request)
    |                ^^^^^^^^^^^^^^^^^^^^^^^^
    |   File "D:\nhatro\backend\venv\Lib\site-packages\starlette\middleware\base.py", line 165, in call_next
    |     raise app_exc
    |   File "D:\nhatro\backend\venv\Lib\site-packages\starlette\middleware\base.py", line 151, in coro
    |     await self.app(scope, receive_or_disconnect, send_no_error)
    |   File "D:\nhatro\backend\venv\Lib\site-packages\starlette\middleware\base.py", line 189, in __call__
    |     with collapse_excgroups():
    |          ^^^^^^^^^^^^^^^^^^^^
    |   File "C:\Users\ngocson\.cache\codex-runtimes\codex-primary-runtime\dependencies\python\Lib\contextlib.py", line 158, in __exit__
    |     self.gen.throw(value)
    |   File "D:\nhatro\backend\venv\Lib\site-packages\starlette\_utils.py", line 93, in collapse_excgroups
    |     raise exc
    |   File "D:\nhatro\backend\venv\Lib\site-packages\starlette\middleware\base.py", line 191, in __call__
    |     response = await self.dispatch_func(request, call_next)
    |                ^^^^^^^^^^^^^^^^^^^^^^^^^^^^^^^^^^^^^^^^^^^^
    |   File "D:\nhatro\backend\app\main.py", line 86, in add_security_headers
    |     response = await call_next(request)
    |                ^^^^^^^^^^^^^^^^^^^^^^^^
    |   File "D:\nhatro\backend\venv\Lib\site-packages\starlette\middleware\base.py", line 165, in call_next
    |     raise app_exc
    |   File "D:\nhatro\backend\venv\Lib\site-packages\starlette\middleware\base.py", line 151, in coro
    |     await self.app(scope, receive_or_disconnect, send_no_error)
    |   File "D:\nhatro\backend\venv\Lib\site-packages\starlette\middleware\cors.py", line 85, in __call__
    |     await self.app(scope, receive, send)
    |   File "D:\nhatro\backend\venv\Lib\site-packages\starlette\middleware\exceptions.py", line 65, in __call__
    |     await wrap_app_handling_exceptions(self.app, conn)(scope, receive, send)
    |   File "D:\nhatro\backend\venv\Lib\site-packages\starlette\_exception_handler.py", line 64, in wrapped_app
    |     raise exc
    |   File "D:\nhatro\backend\venv\Lib\site-packages\starlette\_exception_handler.py", line 53, in wrapped_app
    |     await app(scope, receive, sender)
    |   File "D:\nhatro\backend\venv\Lib\site-packages\starlette\routing.py", line 756, in __call__
    |     await self.middleware_stack(scope, receive, send)
    |   File "D:\nhatro\backend\venv\Lib\site-packages\starlette\routing.py", line 776, in app
    |     await route.handle(scope, receive, send)
    |   File "D:\nhatro\backend\venv\Lib\site-packages\starlette\routing.py", line 297, in handle
    |     await self.app(scope, receive, send)
    |   File "D:\nhatro\backend\venv\Lib\site-packages\starlette\routing.py", line 77, in app
    |     await wrap_app_handling_exceptions(app, request)(scope, receive, send)
    |   File "D:\nhatro\backend\venv\Lib\site-packages\starlette\_exception_handler.py", line 75, in wrapped_app
    |     response = await handler(conn, exc)
    |                ^^^^^^^^^^^^^^^^^^^^^^^^
    |   File "D:\nhatro\backend\app\main.py", line 157, in validation_exception_handler
    |     return JSONResponse(
    |            ^^^^^^^^^^^^^
    |   File "D:\nhatro\backend\venv\Lib\site-packages\starlette\responses.py", line 184, in __init__
    |     super().__init__(content, status_code, headers, media_type, background)
    |   File "D:\nhatro\backend\venv\Lib\site-packages\starlette\responses.py", line 41, in __init__
    |     self.body = self.render(content)
    |                 ^^^^^^^^^^^^^^^^^^^^
    |   File "D:\nhatro\backend\venv\Lib\site-packages\starlette\responses.py", line 187, in render
    |     return json.dumps(
    |            ^^^^^^^^^^^
    |   File "C:\Users\ngocson\.cache\codex-runtimes\codex-primary-runtime\dependencies\python\Lib\json\__init__.py", line 238, in dumps
    |     **kw).encode(obj)
    |           ^^^^^^^^^^^
    |   File "C:\Users\ngocson\.cache\codex-runtimes\codex-primary-runtime\dependencies\python\Lib\json\encoder.py", line 200, in encode
    |     chunks = self.iterencode(o, _one_shot=True)
    |              ^^^^^^^^^^^^^^^^^^^^^^^^^^^^^^^^^^
    |   File "C:\Users\ngocson\.cache\codex-runtimes\codex-primary-runtime\dependencies\python\Lib\json\encoder.py", line 258, in iterencode
    |     return _iterencode(o, 0)
    |            ^^^^^^^^^^^^^^^^^
    |   File "C:\Users\ngocson\.cache\codex-runtimes\codex-primary-runtime\dependencies\python\Lib\json\encoder.py", line 180, in default
    |     raise TypeError(f'Object of type {o.__class__.__name__} '
    | TypeError: Object of type ValueError is not JSON serializable
    +------------------------------------

During handling of the above exception, another exception occurred:

Traceback (most recent call last):
  File "D:\nhatro\backend\venv\Lib\site-packages\starlette\middleware\errors.py", line 164, in __call__
    await self.app(scope, receive, _send)
  File "D:\nhatro\backend\venv\Lib\site-packages\starlette\middleware\base.py", line 189, in __call__
    with collapse_excgroups():
         ^^^^^^^^^^^^^^^^^^^^
  File "C:\Users\ngocson\.cache\codex-runtimes\codex-primary-runtime\dependencies\python\Lib\contextlib.py", line 158, in __exit__
    self.gen.throw(value)
  File "D:\nhatro\backend\venv\Lib\site-packages\starlette\_utils.py", line 93, in collapse_excgroups
    raise exc
  File "D:\nhatro\backend\venv\Lib\site-packages\starlette\middleware\base.py", line 191, in __call__
    response = await self.dispatch_func(request, call_next)
               ^^^^^^^^^^^^^^^^^^^^^^^^^^^^^^^^^^^^^^^^^^^^
  File "D:\nhatro\backend\app\main.py", line 127, in rate_limit_middleware
    return await call_next(request)
           ^^^^^^^^^^^^^^^^^^^^^^^^
  File "D:\nhatro\backend\venv\Lib\site-packages\starlette\middleware\base.py", line 165, in call_next
    raise app_exc
  File "D:\nhatro\backend\venv\Lib\site-packages\starlette\middleware\base.py", line 151, in coro
    await self.app(scope, receive_or_disconnect, send_no_error)
  File "D:\nhatro\backend\venv\Lib\site-packages\starlette\middleware\base.py", line 189, in __call__
    with collapse_excgroups():
         ^^^^^^^^^^^^^^^^^^^^
  File "C:\Users\ngocson\.cache\codex-runtimes\codex-primary-runtime\dependencies\python\Lib\contextlib.py", line 158, in __exit__
    self.gen.throw(value)
  File "D:\nhatro\backend\venv\Lib\site-packages\starlette\_utils.py", line 93, in collapse_excgroups
    raise exc
  File "D:\nhatro\backend\venv\Lib\site-packages\starlette\middleware\base.py", line 191, in __call__
    response = await self.dispatch_func(request, call_next)
               ^^^^^^^^^^^^^^^^^^^^^^^^^^^^^^^^^^^^^^^^^^^^
  File "D:\nhatro\backend\app\main.py", line 93, in add_process_time
    response = await call_next(request)
               ^^^^^^^^^^^^^^^^^^^^^^^^
  File "D:\nhatro\backend\venv\Lib\site-packages\starlette\middleware\base.py", line 165, in call_next
    raise app_exc
  File "D:\nhatro\backend\venv\Lib\site-packages\starlette\middleware\base.py", line 151, in coro
    await self.app(scope, receive_or_disconnect, send_no_error)
  File "D:\nhatro\backend\venv\Lib\site-packages\starlette\middleware\base.py", line 189, in __call__
    with collapse_excgroups():
         ^^^^^^^^^^^^^^^^^^^^
  File "C:\Users\ngocson\.cache\codex-runtimes\codex-primary-runtime\dependencies\python\Lib\contextlib.py", line 158, in __exit__
    self.gen.throw(value)
  File "D:\nhatro\backend\venv\Lib\site-packages\starlette\_utils.py", line 93, in collapse_excgroups
    raise exc
  File "D:\nhatro\backend\venv\Lib\site-packages\starlette\middleware\base.py", line 191, in __call__
    response = await self.dispatch_func(request, call_next)
               ^^^^^^^^^^^^^^^^^^^^^^^^^^^^^^^^^^^^^^^^^^^^
  File "D:\nhatro\backend\app\main.py", line 86, in add_security_headers
    response = await call_next(request)
               ^^^^^^^^^^^^^^^^^^^^^^^^
  File "D:\nhatro\backend\venv\Lib\site-packages\starlette\middleware\base.py", line 165, in call_next
    raise app_exc
  File "D:\nhatro\backend\venv\Lib\site-packages\starlette\middleware\base.py", line 151, in coro
    await self.app(scope, receive_or_disconnect, send_no_error)
  File "D:\nhatro\backend\venv\Lib\site-packages\starlette\middleware\cors.py", line 85, in __call__
    await self.app(scope, receive, send)
  File "D:\nhatro\backend\venv\Lib\site-packages\starlette\middleware\exceptions.py", line 65, in __call__
    await wrap_app_handling_exceptions(self.app, conn)(scope, receive, send)
  File "D:\nhatro\backend\venv\Lib\site-packages\starlette\_exception_handler.py", line 64, in wrapped_app
    raise exc
  File "D:\nhatro\backend\venv\Lib\site-packages\starlette\_exception_handler.py", line 53, in wrapped_app
    await app(scope, receive, sender)
  File "D:\nhatro\backend\venv\Lib\site-packages\starlette\routing.py", line 756, in __call__
    await self.middleware_stack(scope, receive, send)
  File "D:\nhatro\backend\venv\Lib\site-packages\starlette\routing.py", line 776, in app
    await route.handle(scope, receive, send)
  File "D:\nhatro\backend\venv\Lib\site-packages\starlette\routing.py", line 297, in handle
    await self.app(scope, receive, send)
  File "D:\nhatro\backend\venv\Lib\site-packages\starlette\routing.py", line 77, in app
    await wrap_app_handling_exceptions(app, request)(scope, receive, send)
  File "D:\nhatro\backend\venv\Lib\site-packages\starlette\_exception_handler.py", line 75, in wrapped_app
    response = await handler(conn, exc)
               ^^^^^^^^^^^^^^^^^^^^^^^^
  File "D:\nhatro\backend\app\main.py", line 157, in validation_exception_handler
    return JSONResponse(
           ^^^^^^^^^^^^^
  File "D:\nhatro\backend\venv\Lib\site-packages\starlette\responses.py", line 184, in __init__
    super().__init__(content, status_code, headers, media_type, background)
  File "D:\nhatro\backend\venv\Lib\site-packages\starlette\responses.py", line 41, in __init__
    self.body = self.render(content)
                ^^^^^^^^^^^^^^^^^^^^
  File "D:\nhatro\backend\venv\Lib\site-packages\starlette\responses.py", line 187, in render
    return json.dumps(
           ^^^^^^^^^^^
  File "C:\Users\ngocson\.cache\codex-runtimes\codex-primary-runtime\dependencies\python\Lib\json\__init__.py", line 238, in dumps
    **kw).encode(obj)
          ^^^^^^^^^^^
  File "C:\Users\ngocson\.cache\codex-runtimes\codex-primary-runtime\dependencies\python\Lib\json\encoder.py", line 200, in encode
    chunks = self.iterencode(o, _one_shot=True)
             ^^^^^^^^^^^^^^^^^^^^^^^^^^^^^^^^^^
  File "C:\Users\ngocson\.cache\codex-runtimes\codex-primary-runtime\dependencies\python\Lib\json\encoder.py", line 258, in iterencode
    return _iterencode(o, 0)
           ^^^^^^^^^^^^^^^^^
  File "C:\Users\ngocson\.cache\codex-runtimes\codex-primary-runtime\dependencies\python\Lib\json\encoder.py", line 180, in default
    raise TypeError(f'Object of type {o.__class__.__name__} '
TypeError: Object of type ValueError is not JSON serializable
==============================================

=== VALIDATION ERROR AT PATCH /api/v1/tenants/tenant_id'( ===
[{'type': 'json_invalid', 'loc': ('body', 51), 'msg': 'JSON decode error', 'input': {}, 'ctx': {'error': 'Expecting value'}}]
==============================================

=== VALIDATION ERROR AT POST /api/v1/auth/register ===
[{'type': 'value_error', 'loc': ('body', 'password'), 'msg': 'Value error, Password must be at least 8 characters', 'input': 'ZAP', 'ctx': {'error': ValueError('Password must be at least 8 characters')}}, {'type': 'string_type', 'loc': ('body', 'phone'), 'msg': 'Input should be a valid string', 'input': 9999999999}, {'type': 'value_error', 'loc': ('body', 'otp_code'), 'msg': 'Value error, OTP code must be 6 digits', 'input': 'John Doe', 'ctx': {'error': ValueError('OTP code must be 6 digits')}}]
==============================================

=== GLOBAL EXCEPTION HANDLER AT POST /api/v1/auth/register ===
  + Exception Group Traceback (most recent call last):
  |   File "D:\nhatro\backend\venv\Lib\site-packages\starlette\_utils.py", line 87, in collapse_excgroups
  |     yield
  |   File "D:\nhatro\backend\venv\Lib\site-packages\starlette\middleware\base.py", line 190, in __call__
  |     async with anyio.create_task_group() as task_group:
  |                ^^^^^^^^^^^^^^^^^^^^^^^^^
  |   File "D:\nhatro\backend\venv\Lib\site-packages\anyio\_backends\_asyncio.py", line 799, in __aexit__
  |     raise BaseExceptionGroup(
  | ExceptionGroup: unhandled errors in a TaskGroup (1 sub-exception)
  +-+---------------- 1 ----------------
    | Traceback (most recent call last):
    |   File "D:\nhatro\backend\venv\Lib\site-packages\starlette\middleware\errors.py", line 164, in __call__
    |     await self.app(scope, receive, _send)
    |   File "D:\nhatro\backend\venv\Lib\site-packages\starlette\middleware\base.py", line 189, in __call__
    |     with collapse_excgroups():
    |          ^^^^^^^^^^^^^^^^^^^^
    |   File "C:\Users\ngocson\.cache\codex-runtimes\codex-primary-runtime\dependencies\python\Lib\contextlib.py", line 158, in __exit__
    |     self.gen.throw(value)
    |   File "D:\nhatro\backend\venv\Lib\site-packages\starlette\_utils.py", line 93, in collapse_excgroups
    |     raise exc
    |   File "D:\nhatro\backend\venv\Lib\site-packages\starlette\middleware\base.py", line 191, in __call__
    |     response = await self.dispatch_func(request, call_next)
    |                ^^^^^^^^^^^^^^^^^^^^^^^^^^^^^^^^^^^^^^^^^^^^
    |   File "D:\nhatro\backend\app\main.py", line 127, in rate_limit_middleware
    |     return await call_next(request)
    |            ^^^^^^^^^^^^^^^^^^^^^^^^
    |   File "D:\nhatro\backend\venv\Lib\site-packages\starlette\middleware\base.py", line 165, in call_next
    |     raise app_exc
    |   File "D:\nhatro\backend\venv\Lib\site-packages\starlette\middleware\base.py", line 151, in coro
    |     await self.app(scope, receive_or_disconnect, send_no_error)
    |   File "D:\nhatro\backend\venv\Lib\site-packages\starlette\middleware\base.py", line 189, in __call__
    |     with collapse_excgroups():
    |          ^^^^^^^^^^^^^^^^^^^^
    |   File "C:\Users\ngocson\.cache\codex-runtimes\codex-primary-runtime\dependencies\python\Lib\contextlib.py", line 158, in __exit__
    |     self.gen.throw(value)
    |   File "D:\nhatro\backend\venv\Lib\site-packages\starlette\_utils.py", line 93, in collapse_excgroups
    |     raise exc
    |   File "D:\nhatro\backend\venv\Lib\site-packages\starlette\middleware\base.py", line 191, in __call__
    |     response = await self.dispatch_func(request, call_next)
    |                ^^^^^^^^^^^^^^^^^^^^^^^^^^^^^^^^^^^^^^^^^^^^
    |   File "D:\nhatro\backend\app\main.py", line 93, in add_process_time
    |     response = await call_next(request)
    |                ^^^^^^^^^^^^^^^^^^^^^^^^
    |   File "D:\nhatro\backend\venv\Lib\site-packages\starlette\middleware\base.py", line 165, in call_next
    |     raise app_exc
    |   File "D:\nhatro\backend\venv\Lib\site-packages\starlette\middleware\base.py", line 151, in coro
    |     await self.app(scope, receive_or_disconnect, send_no_error)
    |   File "D:\nhatro\backend\venv\Lib\site-packages\starlette\middleware\base.py", line 189, in __call__
    |     with collapse_excgroups():
    |          ^^^^^^^^^^^^^^^^^^^^
    |   File "C:\Users\ngocson\.cache\codex-runtimes\codex-primary-runtime\dependencies\python\Lib\contextlib.py", line 158, in __exit__
    |     self.gen.throw(value)
    |   File "D:\nhatro\backend\venv\Lib\site-packages\starlette\_utils.py", line 93, in collapse_excgroups
    |     raise exc
    |   File "D:\nhatro\backend\venv\Lib\site-packages\starlette\middleware\base.py", line 191, in __call__
    |     response = await self.dispatch_func(request, call_next)
    |                ^^^^^^^^^^^^^^^^^^^^^^^^^^^^^^^^^^^^^^^^^^^^
    |   File "D:\nhatro\backend\app\main.py", line 86, in add_security_headers
    |     response = await call_next(request)
    |                ^^^^^^^^^^^^^^^^^^^^^^^^
    |   File "D:\nhatro\backend\venv\Lib\site-packages\starlette\middleware\base.py", line 165, in call_next
    |     raise app_exc
    |   File "D:\nhatro\backend\venv\Lib\site-packages\starlette\middleware\base.py", line 151, in coro
    |     await self.app(scope, receive_or_disconnect, send_no_error)
    |   File "D:\nhatro\backend\venv\Lib\site-packages\starlette\middleware\cors.py", line 85, in __call__
    |     await self.app(scope, receive, send)
    |   File "D:\nhatro\backend\venv\Lib\site-packages\starlette\middleware\exceptions.py", line 65, in __call__
    |     await wrap_app_handling_exceptions(self.app, conn)(scope, receive, send)
    |   File "D:\nhatro\backend\venv\Lib\site-packages\starlette\_exception_handler.py", line 64, in wrapped_app
    |     raise exc
    |   File "D:\nhatro\backend\venv\Lib\site-packages\starlette\_exception_handler.py", line 53, in wrapped_app
    |     await app(scope, receive, sender)
    |   File "D:\nhatro\backend\venv\Lib\site-packages\starlette\routing.py", line 756, in __call__
    |     await self.middleware_stack(scope, receive, send)
    |   File "D:\nhatro\backend\venv\Lib\site-packages\starlette\routing.py", line 776, in app
    |     await route.handle(scope, receive, send)
    |   File "D:\nhatro\backend\venv\Lib\site-packages\starlette\routing.py", line 297, in handle
    |     await self.app(scope, receive, send)
    |   File "D:\nhatro\backend\venv\Lib\site-packages\starlette\routing.py", line 77, in app
    |     await wrap_app_handling_exceptions(app, request)(scope, receive, send)
    |   File "D:\nhatro\backend\venv\Lib\site-packages\starlette\_exception_handler.py", line 75, in wrapped_app
    |     response = await handler(conn, exc)
    |                ^^^^^^^^^^^^^^^^^^^^^^^^
    |   File "D:\nhatro\backend\app\main.py", line 157, in validation_exception_handler
    |     return JSONResponse(
    |            ^^^^^^^^^^^^^
    |   File "D:\nhatro\backend\venv\Lib\site-packages\starlette\responses.py", line 184, in __init__
    |     super().__init__(content, status_code, headers, media_type, background)
    |   File "D:\nhatro\backend\venv\Lib\site-packages\starlette\responses.py", line 41, in __init__
    |     self.body = self.render(content)
    |                 ^^^^^^^^^^^^^^^^^^^^
    |   File "D:\nhatro\backend\venv\Lib\site-packages\starlette\responses.py", line 187, in render
    |     return json.dumps(
    |            ^^^^^^^^^^^
    |   File "C:\Users\ngocson\.cache\codex-runtimes\codex-primary-runtime\dependencies\python\Lib\json\__init__.py", line 238, in dumps
    |     **kw).encode(obj)
    |           ^^^^^^^^^^^
    |   File "C:\Users\ngocson\.cache\codex-runtimes\codex-primary-runtime\dependencies\python\Lib\json\encoder.py", line 200, in encode
    |     chunks = self.iterencode(o, _one_shot=True)
    |              ^^^^^^^^^^^^^^^^^^^^^^^^^^^^^^^^^^
    |   File "C:\Users\ngocson\.cache\codex-runtimes\codex-primary-runtime\dependencies\python\Lib\json\encoder.py", line 258, in iterencode
    |     return _iterencode(o, 0)
    |            ^^^^^^^^^^^^^^^^^
    |   File "C:\Users\ngocson\.cache\codex-runtimes\codex-primary-runtime\dependencies\python\Lib\json\encoder.py", line 180, in default
    |     raise TypeError(f'Object of type {o.__class__.__name__} '
    | TypeError: Object of type ValueError is not JSON serializable
    +------------------------------------

During handling of the above exception, another exception occurred:

Traceback (most recent call last):
  File "D:\nhatro\backend\venv\Lib\site-packages\starlette\middleware\errors.py", line 164, in __call__
    await self.app(scope, receive, _send)
  File "D:\nhatro\backend\venv\Lib\site-packages\starlette\middleware\base.py", line 189, in __call__
    with collapse_excgroups():
         ^^^^^^^^^^^^^^^^^^^^
  File "C:\Users\ngocson\.cache\codex-runtimes\codex-primary-runtime\dependencies\python\Lib\contextlib.py", line 158, in __exit__
    self.gen.throw(value)
  File "D:\nhatro\backend\venv\Lib\site-packages\starlette\_utils.py", line 93, in collapse_excgroups
    raise exc
  File "D:\nhatro\backend\venv\Lib\site-packages\starlette\middleware\base.py", line 191, in __call__
    response = await self.dispatch_func(request, call_next)
               ^^^^^^^^^^^^^^^^^^^^^^^^^^^^^^^^^^^^^^^^^^^^
  File "D:\nhatro\backend\app\main.py", line 127, in rate_limit_middleware
    return await call_next(request)
           ^^^^^^^^^^^^^^^^^^^^^^^^
  File "D:\nhatro\backend\venv\Lib\site-packages\starlette\middleware\base.py", line 165, in call_next
    raise app_exc
  File "D:\nhatro\backend\venv\Lib\site-packages\starlette\middleware\base.py", line 151, in coro
    await self.app(scope, receive_or_disconnect, send_no_error)
  File "D:\nhatro\backend\venv\Lib\site-packages\starlette\middleware\base.py", line 189, in __call__
    with collapse_excgroups():
         ^^^^^^^^^^^^^^^^^^^^
  File "C:\Users\ngocson\.cache\codex-runtimes\codex-primary-runtime\dependencies\python\Lib\contextlib.py", line 158, in __exit__
    self.gen.throw(value)
  File "D:\nhatro\backend\venv\Lib\site-packages\starlette\_utils.py", line 93, in collapse_excgroups
    raise exc
  File "D:\nhatro\backend\venv\Lib\site-packages\starlette\middleware\base.py", line 191, in __call__
    response = await self.dispatch_func(request, call_next)
               ^^^^^^^^^^^^^^^^^^^^^^^^^^^^^^^^^^^^^^^^^^^^
  File "D:\nhatro\backend\app\main.py", line 93, in add_process_time
    response = await call_next(request)
               ^^^^^^^^^^^^^^^^^^^^^^^^
  File "D:\nhatro\backend\venv\Lib\site-packages\starlette\middleware\base.py", line 165, in call_next
    raise app_exc
  File "D:\nhatro\backend\venv\Lib\site-packages\starlette\middleware\base.py", line 151, in coro
    await self.app(scope, receive_or_disconnect, send_no_error)
  File "D:\nhatro\backend\venv\Lib\site-packages\starlette\middleware\base.py", line 189, in __call__
    with collapse_excgroups():
         ^^^^^^^^^^^^^^^^^^^^
  File "C:\Users\ngocson\.cache\codex-runtimes\codex-primary-runtime\dependencies\python\Lib\contextlib.py", line 158, in __exit__
    self.gen.throw(value)
  File "D:\nhatro\backend\venv\Lib\site-packages\starlette\_utils.py", line 93, in collapse_excgroups
    raise exc
  File "D:\nhatro\backend\venv\Lib\site-packages\starlette\middleware\base.py", line 191, in __call__
    response = await self.dispatch_func(request, call_next)
               ^^^^^^^^^^^^^^^^^^^^^^^^^^^^^^^^^^^^^^^^^^^^
  File "D:\nhatro\backend\app\main.py", line 86, in add_security_headers
    response = await call_next(request)
               ^^^^^^^^^^^^^^^^^^^^^^^^
  File "D:\nhatro\backend\venv\Lib\site-packages\starlette\middleware\base.py", line 165, in call_next
    raise app_exc
  File "D:\nhatro\backend\venv\Lib\site-packages\starlette\middleware\base.py", line 151, in coro
    await self.app(scope, receive_or_disconnect, send_no_error)
  File "D:\nhatro\backend\venv\Lib\site-packages\starlette\middleware\cors.py", line 85, in __call__
    await self.app(scope, receive, send)
  File "D:\nhatro\backend\venv\Lib\site-packages\starlette\middleware\exceptions.py", line 65, in __call__
    await wrap_app_handling_exceptions(self.app, conn)(scope, receive, send)
  File "D:\nhatro\backend\venv\Lib\site-packages\starlette\_exception_handler.py", line 64, in wrapped_app
    raise exc
  File "D:\nhatro\backend\venv\Lib\site-packages\starlette\_exception_handler.py", line 53, in wrapped_app
    await app(scope, receive, sender)
  File "D:\nhatro\backend\venv\Lib\site-packages\starlette\routing.py", line 756, in __call__
    await self.middleware_stack(scope, receive, send)
  File "D:\nhatro\backend\venv\Lib\site-packages\starlette\routing.py", line 776, in app
    await route.handle(scope, receive, send)
  File "D:\nhatro\backend\venv\Lib\site-packages\starlette\routing.py", line 297, in handle
    await self.app(scope, receive, send)
  File "D:\nhatro\backend\venv\Lib\site-packages\starlette\routing.py", line 77, in app
    await wrap_app_handling_exceptions(app, request)(scope, receive, send)
  File "D:\nhatro\backend\venv\Lib\site-packages\starlette\_exception_handler.py", line 75, in wrapped_app
    response = await handler(conn, exc)
               ^^^^^^^^^^^^^^^^^^^^^^^^
  File "D:\nhatro\backend\app\main.py", line 157, in validation_exception_handler
    return JSONResponse(
           ^^^^^^^^^^^^^
  File "D:\nhatro\backend\venv\Lib\site-packages\starlette\responses.py", line 184, in __init__
    super().__init__(content, status_code, headers, media_type, background)
  File "D:\nhatro\backend\venv\Lib\site-packages\starlette\responses.py", line 41, in __init__
    self.body = self.render(content)
                ^^^^^^^^^^^^^^^^^^^^
  File "D:\nhatro\backend\venv\Lib\site-packages\starlette\responses.py", line 187, in render
    return json.dumps(
           ^^^^^^^^^^^
  File "C:\Users\ngocson\.cache\codex-runtimes\codex-primary-runtime\dependencies\python\Lib\json\__init__.py", line 238, in dumps
    **kw).encode(obj)
          ^^^^^^^^^^^
  File "C:\Users\ngocson\.cache\codex-runtimes\codex-primary-runtime\dependencies\python\Lib\json\encoder.py", line 200, in encode
    chunks = self.iterencode(o, _one_shot=True)
             ^^^^^^^^^^^^^^^^^^^^^^^^^^^^^^^^^^
  File "C:\Users\ngocson\.cache\codex-runtimes\codex-primary-runtime\dependencies\python\Lib\json\encoder.py", line 258, in iterencode
    return _iterencode(o, 0)
           ^^^^^^^^^^^^^^^^^
  File "C:\Users\ngocson\.cache\codex-runtimes\codex-primary-runtime\dependencies\python\Lib\json\encoder.py", line 180, in default
    raise TypeError(f'Object of type {o.__class__.__name__} '
TypeError: Object of type ValueError is not JSON serializable
==============================================

=== VALIDATION ERROR AT PATCH /api/v1/tenants/tenant_id ===
[{'type': 'json_invalid', 'loc': ('body', 51), 'msg': 'JSON decode error', 'input': {}, 'ctx': {'error': 'Expecting value'}}]
==============================================

=== VALIDATION ERROR AT POST /api/v1/auth/register ===
[{'type': 'value_error', 'loc': ('body', 'password'), 'msg': 'Value error, Password must be at least 8 characters', 'input': 'ZAP', 'ctx': {'error': ValueError('Password must be at least 8 characters')}}, {'type': 'string_type', 'loc': ('body', 'phone'), 'msg': 'Input should be a valid string', 'input': 9999999999}, {'type': 'value_error', 'loc': ('body', 'otp_code'), 'msg': 'Value error, OTP code must be 6 digits', 'input': 'John Doe', 'ctx': {'error': ValueError('OTP code must be 6 digits')}}]
==============================================

=== GLOBAL EXCEPTION HANDLER AT POST /api/v1/auth/register ===
  + Exception Group Traceback (most recent call last):
  |   File "D:\nhatro\backend\venv\Lib\site-packages\starlette\_utils.py", line 87, in collapse_excgroups
  |     yield
  |   File "D:\nhatro\backend\venv\Lib\site-packages\starlette\middleware\base.py", line 190, in __call__
  |     async with anyio.create_task_group() as task_group:
  |                ^^^^^^^^^^^^^^^^^^^^^^^^^
  |   File "D:\nhatro\backend\venv\Lib\site-packages\anyio\_backends\_asyncio.py", line 799, in __aexit__
  |     raise BaseExceptionGroup(
  | ExceptionGroup: unhandled errors in a TaskGroup (1 sub-exception)
  +-+---------------- 1 ----------------
    | Traceback (most recent call last):
    |   File "D:\nhatro\backend\venv\Lib\site-packages\starlette\middleware\errors.py", line 164, in __call__
    |     await self.app(scope, receive, _send)
    |   File "D:\nhatro\backend\venv\Lib\site-packages\starlette\middleware\base.py", line 189, in __call__
    |     with collapse_excgroups():
    |          ^^^^^^^^^^^^^^^^^^^^
    |   File "C:\Users\ngocson\.cache\codex-runtimes\codex-primary-runtime\dependencies\python\Lib\contextlib.py", line 158, in __exit__
    |     self.gen.throw(value)
    |   File "D:\nhatro\backend\venv\Lib\site-packages\starlette\_utils.py", line 93, in collapse_excgroups
    |     raise exc
    |   File "D:\nhatro\backend\venv\Lib\site-packages\starlette\middleware\base.py", line 191, in __call__
    |     response = await self.dispatch_func(request, call_next)
    |                ^^^^^^^^^^^^^^^^^^^^^^^^^^^^^^^^^^^^^^^^^^^^
    |   File "D:\nhatro\backend\app\main.py", line 127, in rate_limit_middleware
    |     return await call_next(request)
    |            ^^^^^^^^^^^^^^^^^^^^^^^^
    |   File "D:\nhatro\backend\venv\Lib\site-packages\starlette\middleware\base.py", line 165, in call_next
    |     raise app_exc
    |   File "D:\nhatro\backend\venv\Lib\site-packages\starlette\middleware\base.py", line 151, in coro
    |     await self.app(scope, receive_or_disconnect, send_no_error)
    |   File "D:\nhatro\backend\venv\Lib\site-packages\starlette\middleware\base.py", line 189, in __call__
    |     with collapse_excgroups():
    |          ^^^^^^^^^^^^^^^^^^^^
    |   File "C:\Users\ngocson\.cache\codex-runtimes\codex-primary-runtime\dependencies\python\Lib\contextlib.py", line 158, in __exit__
    |     self.gen.throw(value)
    |   File "D:\nhatro\backend\venv\Lib\site-packages\starlette\_utils.py", line 93, in collapse_excgroups
    |     raise exc
    |   File "D:\nhatro\backend\venv\Lib\site-packages\starlette\middleware\base.py", line 191, in __call__
    |     response = await self.dispatch_func(request, call_next)
    |                ^^^^^^^^^^^^^^^^^^^^^^^^^^^^^^^^^^^^^^^^^^^^
    |   File "D:\nhatro\backend\app\main.py", line 93, in add_process_time
    |     response = await call_next(request)
    |                ^^^^^^^^^^^^^^^^^^^^^^^^
    |   File "D:\nhatro\backend\venv\Lib\site-packages\starlette\middleware\base.py", line 165, in call_next
    |     raise app_exc
    |   File "D:\nhatro\backend\venv\Lib\site-packages\starlette\middleware\base.py", line 151, in coro
    |     await self.app(scope, receive_or_disconnect, send_no_error)
    |   File "D:\nhatro\backend\venv\Lib\site-packages\starlette\middleware\base.py", line 189, in __call__
    |     with collapse_excgroups():
    |          ^^^^^^^^^^^^^^^^^^^^
    |   File "C:\Users\ngocson\.cache\codex-runtimes\codex-primary-runtime\dependencies\python\Lib\contextlib.py", line 158, in __exit__
    |     self.gen.throw(value)
    |   File "D:\nhatro\backend\venv\Lib\site-packages\starlette\_utils.py", line 93, in collapse_excgroups
    |     raise exc
    |   File "D:\nhatro\backend\venv\Lib\site-packages\starlette\middleware\base.py", line 191, in __call__
    |     response = await self.dispatch_func(request, call_next)
    |                ^^^^^^^^^^^^^^^^^^^^^^^^^^^^^^^^^^^^^^^^^^^^
    |   File "D:\nhatro\backend\app\main.py", line 86, in add_security_headers
    |     response = await call_next(request)
    |                ^^^^^^^^^^^^^^^^^^^^^^^^
    |   File "D:\nhatro\backend\venv\Lib\site-packages\starlette\middleware\base.py", line 165, in call_next
    |     raise app_exc
    |   File "D:\nhatro\backend\venv\Lib\site-packages\starlette\middleware\base.py", line 151, in coro
    |     await self.app(scope, receive_or_disconnect, send_no_error)
    |   File "D:\nhatro\backend\venv\Lib\site-packages\starlette\middleware\cors.py", line 85, in __call__
    |     await self.app(scope, receive, send)
    |   File "D:\nhatro\backend\venv\Lib\site-packages\starlette\middleware\exceptions.py", line 65, in __call__
    |     await wrap_app_handling_exceptions(self.app, conn)(scope, receive, send)
    |   File "D:\nhatro\backend\venv\Lib\site-packages\starlette\_exception_handler.py", line 64, in wrapped_app
    |     raise exc
    |   File "D:\nhatro\backend\venv\Lib\site-packages\starlette\_exception_handler.py", line 53, in wrapped_app
    |     await app(scope, receive, sender)
    |   File "D:\nhatro\backend\venv\Lib\site-packages\starlette\routing.py", line 756, in __call__
    |     await self.middleware_stack(scope, receive, send)
    |   File "D:\nhatro\backend\venv\Lib\site-packages\starlette\routing.py", line 776, in app
    |     await route.handle(scope, receive, send)
    |   File "D:\nhatro\backend\venv\Lib\site-packages\starlette\routing.py", line 297, in handle
    |     await self.app(scope, receive, send)
    |   File "D:\nhatro\backend\venv\Lib\site-packages\starlette\routing.py", line 77, in app
    |     await wrap_app_handling_exceptions(app, request)(scope, receive, send)
    |   File "D:\nhatro\backend\venv\Lib\site-packages\starlette\_exception_handler.py", line 75, in wrapped_app
    |     response = await handler(conn, exc)
    |                ^^^^^^^^^^^^^^^^^^^^^^^^
    |   File "D:\nhatro\backend\app\main.py", line 157, in validation_exception_handler
    |     return JSONResponse(
    |            ^^^^^^^^^^^^^
    |   File "D:\nhatro\backend\venv\Lib\site-packages\starlette\responses.py", line 184, in __init__
    |     super().__init__(content, status_code, headers, media_type, background)
    |   File "D:\nhatro\backend\venv\Lib\site-packages\starlette\responses.py", line 41, in __init__
    |     self.body = self.render(content)
    |                 ^^^^^^^^^^^^^^^^^^^^
    |   File "D:\nhatro\backend\venv\Lib\site-packages\starlette\responses.py", line 187, in render
    |     return json.dumps(
    |            ^^^^^^^^^^^
    |   File "C:\Users\ngocson\.cache\codex-runtimes\codex-primary-runtime\dependencies\python\Lib\json\__init__.py", line 238, in dumps
    |     **kw).encode(obj)
    |           ^^^^^^^^^^^
    |   File "C:\Users\ngocson\.cache\codex-runtimes\codex-primary-runtime\dependencies\python\Lib\json\encoder.py", line 200, in encode
    |     chunks = self.iterencode(o, _one_shot=True)
    |              ^^^^^^^^^^^^^^^^^^^^^^^^^^^^^^^^^^
    |   File "C:\Users\ngocson\.cache\codex-runtimes\codex-primary-runtime\dependencies\python\Lib\json\encoder.py", line 258, in iterencode
    |     return _iterencode(o, 0)
    |            ^^^^^^^^^^^^^^^^^
    |   File "C:\Users\ngocson\.cache\codex-runtimes\codex-primary-runtime\dependencies\python\Lib\json\encoder.py", line 180, in default
    |     raise TypeError(f'Object of type {o.__class__.__name__} '
    | TypeError: Object of type ValueError is not JSON serializable
    +------------------------------------

During handling of the above exception, another exception occurred:

Traceback (most recent call last):
  File "D:\nhatro\backend\venv\Lib\site-packages\starlette\middleware\errors.py", line 164, in __call__
    await self.app(scope, receive, _send)
  File "D:\nhatro\backend\venv\Lib\site-packages\starlette\middleware\base.py", line 189, in __call__
    with collapse_excgroups():
         ^^^^^^^^^^^^^^^^^^^^
  File "C:\Users\ngocson\.cache\codex-runtimes\codex-primary-runtime\dependencies\python\Lib\contextlib.py", line 158, in __exit__
    self.gen.throw(value)
  File "D:\nhatro\backend\venv\Lib\site-packages\starlette\_utils.py", line 93, in collapse_excgroups
    raise exc
  File "D:\nhatro\backend\venv\Lib\site-packages\starlette\middleware\base.py", line 191, in __call__
    response = await self.dispatch_func(request, call_next)
               ^^^^^^^^^^^^^^^^^^^^^^^^^^^^^^^^^^^^^^^^^^^^
  File "D:\nhatro\backend\app\main.py", line 127, in rate_limit_middleware
    return await call_next(request)
           ^^^^^^^^^^^^^^^^^^^^^^^^
  File "D:\nhatro\backend\venv\Lib\site-packages\starlette\middleware\base.py", line 165, in call_next
    raise app_exc
  File "D:\nhatro\backend\venv\Lib\site-packages\starlette\middleware\base.py", line 151, in coro
    await self.app(scope, receive_or_disconnect, send_no_error)
  File "D:\nhatro\backend\venv\Lib\site-packages\starlette\middleware\base.py", line 189, in __call__
    with collapse_excgroups():
         ^^^^^^^^^^^^^^^^^^^^
  File "C:\Users\ngocson\.cache\codex-runtimes\codex-primary-runtime\dependencies\python\Lib\contextlib.py", line 158, in __exit__
    self.gen.throw(value)
  File "D:\nhatro\backend\venv\Lib\site-packages\starlette\_utils.py", line 93, in collapse_excgroups
    raise exc
  File "D:\nhatro\backend\venv\Lib\site-packages\starlette\middleware\base.py", line 191, in __call__
    response = await self.dispatch_func(request, call_next)
               ^^^^^^^^^^^^^^^^^^^^^^^^^^^^^^^^^^^^^^^^^^^^
  File "D:\nhatro\backend\app\main.py", line 93, in add_process_time
    response = await call_next(request)
               ^^^^^^^^^^^^^^^^^^^^^^^^
  File "D:\nhatro\backend\venv\Lib\site-packages\starlette\middleware\base.py", line 165, in call_next
    raise app_exc
  File "D:\nhatro\backend\venv\Lib\site-packages\starlette\middleware\base.py", line 151, in coro
    await self.app(scope, receive_or_disconnect, send_no_error)
  File "D:\nhatro\backend\venv\Lib\site-packages\starlette\middleware\base.py", line 189, in __call__
    with collapse_excgroups():
         ^^^^^^^^^^^^^^^^^^^^
  File "C:\Users\ngocson\.cache\codex-runtimes\codex-primary-runtime\dependencies\python\Lib\contextlib.py", line 158, in __exit__
    self.gen.throw(value)
  File "D:\nhatro\backend\venv\Lib\site-packages\starlette\_utils.py", line 93, in collapse_excgroups
    raise exc
  File "D:\nhatro\backend\venv\Lib\site-packages\starlette\middleware\base.py", line 191, in __call__
    response = await self.dispatch_func(request, call_next)
               ^^^^^^^^^^^^^^^^^^^^^^^^^^^^^^^^^^^^^^^^^^^^
  File "D:\nhatro\backend\app\main.py", line 86, in add_security_headers
    response = await call_next(request)
               ^^^^^^^^^^^^^^^^^^^^^^^^
  File "D:\nhatro\backend\venv\Lib\site-packages\starlette\middleware\base.py", line 165, in call_next
    raise app_exc
  File "D:\nhatro\backend\venv\Lib\site-packages\starlette\middleware\base.py", line 151, in coro
    await self.app(scope, receive_or_disconnect, send_no_error)
  File "D:\nhatro\backend\venv\Lib\site-packages\starlette\middleware\cors.py", line 85, in __call__
    await self.app(scope, receive, send)
  File "D:\nhatro\backend\venv\Lib\site-packages\starlette\middleware\exceptions.py", line 65, in __call__
    await wrap_app_handling_exceptions(self.app, conn)(scope, receive, send)
  File "D:\nhatro\backend\venv\Lib\site-packages\starlette\_exception_handler.py", line 64, in wrapped_app
    raise exc
  File "D:\nhatro\backend\venv\Lib\site-packages\starlette\_exception_handler.py", line 53, in wrapped_app
    await app(scope, receive, sender)
  File "D:\nhatro\backend\venv\Lib\site-packages\starlette\routing.py", line 756, in __call__
    await self.middleware_stack(scope, receive, send)
  File "D:\nhatro\backend\venv\Lib\site-packages\starlette\routing.py", line 776, in app
    await route.handle(scope, receive, send)
  File "D:\nhatro\backend\venv\Lib\site-packages\starlette\routing.py", line 297, in handle
    await self.app(scope, receive, send)
  File "D:\nhatro\backend\venv\Lib\site-packages\starlette\routing.py", line 77, in app
    await wrap_app_handling_exceptions(app, request)(scope, receive, send)
  File "D:\nhatro\backend\venv\Lib\site-packages\starlette\_exception_handler.py", line 75, in wrapped_app
    response = await handler(conn, exc)
               ^^^^^^^^^^^^^^^^^^^^^^^^
  File "D:\nhatro\backend\app\main.py", line 157, in validation_exception_handler
    return JSONResponse(
           ^^^^^^^^^^^^^
  File "D:\nhatro\backend\venv\Lib\site-packages\starlette\responses.py", line 184, in __init__
    super().__init__(content, status_code, headers, media_type, background)
  File "D:\nhatro\backend\venv\Lib\site-packages\starlette\responses.py", line 41, in __init__
    self.body = self.render(content)
                ^^^^^^^^^^^^^^^^^^^^
  File "D:\nhatro\backend\venv\Lib\site-packages\starlette\responses.py", line 187, in render
    return json.dumps(
           ^^^^^^^^^^^
  File "C:\Users\ngocson\.cache\codex-runtimes\codex-primary-runtime\dependencies\python\Lib\json\__init__.py", line 238, in dumps
    **kw).encode(obj)
          ^^^^^^^^^^^
  File "C:\Users\ngocson\.cache\codex-runtimes\codex-primary-runtime\dependencies\python\Lib\json\encoder.py", line 200, in encode
    chunks = self.iterencode(o, _one_shot=True)
             ^^^^^^^^^^^^^^^^^^^^^^^^^^^^^^^^^^
  File "C:\Users\ngocson\.cache\codex-runtimes\codex-primary-runtime\dependencies\python\Lib\json\encoder.py", line 258, in iterencode
    return _iterencode(o, 0)
           ^^^^^^^^^^^^^^^^^
  File "C:\Users\ngocson\.cache\codex-runtimes\codex-primary-runtime\dependencies\python\Lib\json\encoder.py", line 180, in default
    raise TypeError(f'Object of type {o.__class__.__name__} '
TypeError: Object of type ValueError is not JSON serializable
==============================================

=== VALIDATION ERROR AT PATCH /api/v1/tenants/tenant_id ===
[{'type': 'json_invalid', 'loc': ('body', 51), 'msg': 'JSON decode error', 'input': {}, 'ctx': {'error': 'Expecting value'}}]
==============================================

=== VALIDATION ERROR AT POST /api/v1/auth/register ===
[{'type': 'value_error', 'loc': ('body', 'password'), 'msg': 'Value error, Password must be at least 8 characters', 'input': 'ZAP', 'ctx': {'error': ValueError('Password must be at least 8 characters')}}, {'type': 'string_type', 'loc': ('body', 'phone'), 'msg': 'Input should be a valid string', 'input': 9999999999}, {'type': 'value_error', 'loc': ('body', 'otp_code'), 'msg': 'Value error, OTP code must be 6 digits', 'input': 'John Doe', 'ctx': {'error': ValueError('OTP code must be 6 digits')}}]
==============================================

=== GLOBAL EXCEPTION HANDLER AT POST /api/v1/auth/register ===
  + Exception Group Traceback (most recent call last):
  |   File "D:\nhatro\backend\venv\Lib\site-packages\starlette\_utils.py", line 87, in collapse_excgroups
  |     yield
  |   File "D:\nhatro\backend\venv\Lib\site-packages\starlette\middleware\base.py", line 190, in __call__
  |     async with anyio.create_task_group() as task_group:
  |                ^^^^^^^^^^^^^^^^^^^^^^^^^
  |   File "D:\nhatro\backend\venv\Lib\site-packages\anyio\_backends\_asyncio.py", line 799, in __aexit__
  |     raise BaseExceptionGroup(
  | ExceptionGroup: unhandled errors in a TaskGroup (1 sub-exception)
  +-+---------------- 1 ----------------
    | Traceback (most recent call last):
    |   File "D:\nhatro\backend\venv\Lib\site-packages\starlette\middleware\errors.py", line 164, in __call__
    |     await self.app(scope, receive, _send)
    |   File "D:\nhatro\backend\venv\Lib\site-packages\starlette\middleware\base.py", line 189, in __call__
    |     with collapse_excgroups():
    |          ^^^^^^^^^^^^^^^^^^^^
    |   File "C:\Users\ngocson\.cache\codex-runtimes\codex-primary-runtime\dependencies\python\Lib\contextlib.py", line 158, in __exit__
    |     self.gen.throw(value)
    |   File "D:\nhatro\backend\venv\Lib\site-packages\starlette\_utils.py", line 93, in collapse_excgroups
    |     raise exc
    |   File "D:\nhatro\backend\venv\Lib\site-packages\starlette\middleware\base.py", line 191, in __call__
    |     response = await self.dispatch_func(request, call_next)
    |                ^^^^^^^^^^^^^^^^^^^^^^^^^^^^^^^^^^^^^^^^^^^^
    |   File "D:\nhatro\backend\app\main.py", line 127, in rate_limit_middleware
    |     return await call_next(request)
    |            ^^^^^^^^^^^^^^^^^^^^^^^^
    |   File "D:\nhatro\backend\venv\Lib\site-packages\starlette\middleware\base.py", line 165, in call_next
    |     raise app_exc
    |   File "D:\nhatro\backend\venv\Lib\site-packages\starlette\middleware\base.py", line 151, in coro
    |     await self.app(scope, receive_or_disconnect, send_no_error)
    |   File "D:\nhatro\backend\venv\Lib\site-packages\starlette\middleware\base.py", line 189, in __call__
    |     with collapse_excgroups():
    |          ^^^^^^^^^^^^^^^^^^^^
    |   File "C:\Users\ngocson\.cache\codex-runtimes\codex-primary-runtime\dependencies\python\Lib\contextlib.py", line 158, in __exit__
    |     self.gen.throw(value)
    |   File "D:\nhatro\backend\venv\Lib\site-packages\starlette\_utils.py", line 93, in collapse_excgroups
    |     raise exc
    |   File "D:\nhatro\backend\venv\Lib\site-packages\starlette\middleware\base.py", line 191, in __call__
    |     response = await self.dispatch_func(request, call_next)
    |                ^^^^^^^^^^^^^^^^^^^^^^^^^^^^^^^^^^^^^^^^^^^^
    |   File "D:\nhatro\backend\app\main.py", line 93, in add_process_time
    |     response = await call_next(request)
    |                ^^^^^^^^^^^^^^^^^^^^^^^^
    |   File "D:\nhatro\backend\venv\Lib\site-packages\starlette\middleware\base.py", line 165, in call_next
    |     raise app_exc
    |   File "D:\nhatro\backend\venv\Lib\site-packages\starlette\middleware\base.py", line 151, in coro
    |     await self.app(scope, receive_or_disconnect, send_no_error)
    |   File "D:\nhatro\backend\venv\Lib\site-packages\starlette\middleware\base.py", line 189, in __call__
    |     with collapse_excgroups():
    |          ^^^^^^^^^^^^^^^^^^^^
    |   File "C:\Users\ngocson\.cache\codex-runtimes\codex-primary-runtime\dependencies\python\Lib\contextlib.py", line 158, in __exit__
    |     self.gen.throw(value)
    |   File "D:\nhatro\backend\venv\Lib\site-packages\starlette\_utils.py", line 93, in collapse_excgroups
    |     raise exc
    |   File "D:\nhatro\backend\venv\Lib\site-packages\starlette\middleware\base.py", line 191, in __call__
    |     response = await self.dispatch_func(request, call_next)
    |                ^^^^^^^^^^^^^^^^^^^^^^^^^^^^^^^^^^^^^^^^^^^^
    |   File "D:\nhatro\backend\app\main.py", line 86, in add_security_headers
    |     response = await call_next(request)
    |                ^^^^^^^^^^^^^^^^^^^^^^^^
    |   File "D:\nhatro\backend\venv\Lib\site-packages\starlette\middleware\base.py", line 165, in call_next
    |     raise app_exc
    |   File "D:\nhatro\backend\venv\Lib\site-packages\starlette\middleware\base.py", line 151, in coro
    |     await self.app(scope, receive_or_disconnect, send_no_error)
    |   File "D:\nhatro\backend\venv\Lib\site-packages\starlette\middleware\cors.py", line 85, in __call__
    |     await self.app(scope, receive, send)
    |   File "D:\nhatro\backend\venv\Lib\site-packages\starlette\middleware\exceptions.py", line 65, in __call__
    |     await wrap_app_handling_exceptions(self.app, conn)(scope, receive, send)
    |   File "D:\nhatro\backend\venv\Lib\site-packages\starlette\_exception_handler.py", line 64, in wrapped_app
    |     raise exc
    |   File "D:\nhatro\backend\venv\Lib\site-packages\starlette\_exception_handler.py", line 53, in wrapped_app
    |     await app(scope, receive, sender)
    |   File "D:\nhatro\backend\venv\Lib\site-packages\starlette\routing.py", line 756, in __call__
    |     await self.middleware_stack(scope, receive, send)
    |   File "D:\nhatro\backend\venv\Lib\site-packages\starlette\routing.py", line 776, in app
    |     await route.handle(scope, receive, send)
    |   File "D:\nhatro\backend\venv\Lib\site-packages\starlette\routing.py", line 297, in handle
    |     await self.app(scope, receive, send)
    |   File "D:\nhatro\backend\venv\Lib\site-packages\starlette\routing.py", line 77, in app
    |     await wrap_app_handling_exceptions(app, request)(scope, receive, send)
    |   File "D:\nhatro\backend\venv\Lib\site-packages\starlette\_exception_handler.py", line 75, in wrapped_app
    |     response = await handler(conn, exc)
    |                ^^^^^^^^^^^^^^^^^^^^^^^^
    |   File "D:\nhatro\backend\app\main.py", line 157, in validation_exception_handler
    |     return JSONResponse(
    |            ^^^^^^^^^^^^^
    |   File "D:\nhatro\backend\venv\Lib\site-packages\starlette\responses.py", line 184, in __init__
    |     super().__init__(content, status_code, headers, media_type, background)
    |   File "D:\nhatro\backend\venv\Lib\site-packages\starlette\responses.py", line 41, in __init__
    |     self.body = self.render(content)
    |                 ^^^^^^^^^^^^^^^^^^^^
    |   File "D:\nhatro\backend\venv\Lib\site-packages\starlette\responses.py", line 187, in render
    |     return json.dumps(
    |            ^^^^^^^^^^^
    |   File "C:\Users\ngocson\.cache\codex-runtimes\codex-primary-runtime\dependencies\python\Lib\json\__init__.py", line 238, in dumps
    |     **kw).encode(obj)
    |           ^^^^^^^^^^^
    |   File "C:\Users\ngocson\.cache\codex-runtimes\codex-primary-runtime\dependencies\python\Lib\json\encoder.py", line 200, in encode
    |     chunks = self.iterencode(o, _one_shot=True)
    |              ^^^^^^^^^^^^^^^^^^^^^^^^^^^^^^^^^^
    |   File "C:\Users\ngocson\.cache\codex-runtimes\codex-primary-runtime\dependencies\python\Lib\json\encoder.py", line 258, in iterencode
    |     return _iterencode(o, 0)
    |            ^^^^^^^^^^^^^^^^^
    |   File "C:\Users\ngocson\.cache\codex-runtimes\codex-primary-runtime\dependencies\python\Lib\json\encoder.py", line 180, in default
    |     raise TypeError(f'Object of type {o.__class__.__name__} '
    | TypeError: Object of type ValueError is not JSON serializable
    +------------------------------------

During handling of the above exception, another exception occurred:

Traceback (most recent call last):
  File "D:\nhatro\backend\venv\Lib\site-packages\starlette\middleware\errors.py", line 164, in __call__
    await self.app(scope, receive, _send)
  File "D:\nhatro\backend\venv\Lib\site-packages\starlette\middleware\base.py", line 189, in __call__
    with collapse_excgroups():
         ^^^^^^^^^^^^^^^^^^^^
  File "C:\Users\ngocson\.cache\codex-runtimes\codex-primary-runtime\dependencies\python\Lib\contextlib.py", line 158, in __exit__
    self.gen.throw(value)
  File "D:\nhatro\backend\venv\Lib\site-packages\starlette\_utils.py", line 93, in collapse_excgroups
    raise exc
  File "D:\nhatro\backend\venv\Lib\site-packages\starlette\middleware\base.py", line 191, in __call__
    response = await self.dispatch_func(request, call_next)
               ^^^^^^^^^^^^^^^^^^^^^^^^^^^^^^^^^^^^^^^^^^^^
  File "D:\nhatro\backend\app\main.py", line 127, in rate_limit_middleware
    return await call_next(request)
           ^^^^^^^^^^^^^^^^^^^^^^^^
  File "D:\nhatro\backend\venv\Lib\site-packages\starlette\middleware\base.py", line 165, in call_next
    raise app_exc
  File "D:\nhatro\backend\venv\Lib\site-packages\starlette\middleware\base.py", line 151, in coro
    await self.app(scope, receive_or_disconnect, send_no_error)
  File "D:\nhatro\backend\venv\Lib\site-packages\starlette\middleware\base.py", line 189, in __call__
    with collapse_excgroups():
         ^^^^^^^^^^^^^^^^^^^^
  File "C:\Users\ngocson\.cache\codex-runtimes\codex-primary-runtime\dependencies\python\Lib\contextlib.py", line 158, in __exit__
    self.gen.throw(value)
  File "D:\nhatro\backend\venv\Lib\site-packages\starlette\_utils.py", line 93, in collapse_excgroups
    raise exc
  File "D:\nhatro\backend\venv\Lib\site-packages\starlette\middleware\base.py", line 191, in __call__
    response = await self.dispatch_func(request, call_next)
               ^^^^^^^^^^^^^^^^^^^^^^^^^^^^^^^^^^^^^^^^^^^^
  File "D:\nhatro\backend\app\main.py", line 93, in add_process_time
    response = await call_next(request)
               ^^^^^^^^^^^^^^^^^^^^^^^^
  File "D:\nhatro\backend\venv\Lib\site-packages\starlette\middleware\base.py", line 165, in call_next
    raise app_exc
  File "D:\nhatro\backend\venv\Lib\site-packages\starlette\middleware\base.py", line 151, in coro
    await self.app(scope, receive_or_disconnect, send_no_error)
  File "D:\nhatro\backend\venv\Lib\site-packages\starlette\middleware\base.py", line 189, in __call__
    with collapse_excgroups():
         ^^^^^^^^^^^^^^^^^^^^
  File "C:\Users\ngocson\.cache\codex-runtimes\codex-primary-runtime\dependencies\python\Lib\contextlib.py", line 158, in __exit__
    self.gen.throw(value)
  File "D:\nhatro\backend\venv\Lib\site-packages\starlette\_utils.py", line 93, in collapse_excgroups
    raise exc
  File "D:\nhatro\backend\venv\Lib\site-packages\starlette\middleware\base.py", line 191, in __call__
    response = await self.dispatch_func(request, call_next)
               ^^^^^^^^^^^^^^^^^^^^^^^^^^^^^^^^^^^^^^^^^^^^
  File "D:\nhatro\backend\app\main.py", line 86, in add_security_headers
    response = await call_next(request)
               ^^^^^^^^^^^^^^^^^^^^^^^^
  File "D:\nhatro\backend\venv\Lib\site-packages\starlette\middleware\base.py", line 165, in call_next
    raise app_exc
  File "D:\nhatro\backend\venv\Lib\site-packages\starlette\middleware\base.py", line 151, in coro
    await self.app(scope, receive_or_disconnect, send_no_error)
  File "D:\nhatro\backend\venv\Lib\site-packages\starlette\middleware\cors.py", line 85, in __call__
    await self.app(scope, receive, send)
  File "D:\nhatro\backend\venv\Lib\site-packages\starlette\middleware\exceptions.py", line 65, in __call__
    await wrap_app_handling_exceptions(self.app, conn)(scope, receive, send)
  File "D:\nhatro\backend\venv\Lib\site-packages\starlette\_exception_handler.py", line 64, in wrapped_app
    raise exc
  File "D:\nhatro\backend\venv\Lib\site-packages\starlette\_exception_handler.py", line 53, in wrapped_app
    await app(scope, receive, sender)
  File "D:\nhatro\backend\venv\Lib\site-packages\starlette\routing.py", line 756, in __call__
    await self.middleware_stack(scope, receive, send)
  File "D:\nhatro\backend\venv\Lib\site-packages\starlette\routing.py", line 776, in app
    await route.handle(scope, receive, send)
  File "D:\nhatro\backend\venv\Lib\site-packages\starlette\routing.py", line 297, in handle
    await self.app(scope, receive, send)
  File "D:\nhatro\backend\venv\Lib\site-packages\starlette\routing.py", line 77, in app
    await wrap_app_handling_exceptions(app, request)(scope, receive, send)
  File "D:\nhatro\backend\venv\Lib\site-packages\starlette\_exception_handler.py", line 75, in wrapped_app
    response = await handler(conn, exc)
               ^^^^^^^^^^^^^^^^^^^^^^^^
  File "D:\nhatro\backend\app\main.py", line 157, in validation_exception_handler
    return JSONResponse(
           ^^^^^^^^^^^^^
  File "D:\nhatro\backend\venv\Lib\site-packages\starlette\responses.py", line 184, in __init__
    super().__init__(content, status_code, headers, media_type, background)
  File "D:\nhatro\backend\venv\Lib\site-packages\starlette\responses.py", line 41, in __init__
    self.body = self.render(content)
                ^^^^^^^^^^^^^^^^^^^^
  File "D:\nhatro\backend\venv\Lib\site-packages\starlette\responses.py", line 187, in render
    return json.dumps(
           ^^^^^^^^^^^
  File "C:\Users\ngocson\.cache\codex-runtimes\codex-primary-runtime\dependencies\python\Lib\json\__init__.py", line 238, in dumps
    **kw).encode(obj)
          ^^^^^^^^^^^
  File "C:\Users\ngocson\.cache\codex-runtimes\codex-primary-runtime\dependencies\python\Lib\json\encoder.py", line 200, in encode
    chunks = self.iterencode(o, _one_shot=True)
             ^^^^^^^^^^^^^^^^^^^^^^^^^^^^^^^^^^
  File "C:\Users\ngocson\.cache\codex-runtimes\codex-primary-runtime\dependencies\python\Lib\json\encoder.py", line 258, in iterencode
    return _iterencode(o, 0)
           ^^^^^^^^^^^^^^^^^
  File "C:\Users\ngocson\.cache\codex-runtimes\codex-primary-runtime\dependencies\python\Lib\json\encoder.py", line 180, in default
    raise TypeError(f'Object of type {o.__class__.__name__} '
TypeError: Object of type ValueError is not JSON serializable
==============================================

=== VALIDATION ERROR AT PATCH /api/v1/tenants/tenant_id+AND+1=1+--+ ===
[{'type': 'json_invalid', 'loc': ('body', 51), 'msg': 'JSON decode error', 'input': {}, 'ctx': {'error': 'Expecting value'}}]
==============================================

=== VALIDATION ERROR AT POST /api/v1/auth/register ===
[{'type': 'value_error', 'loc': ('body', 'password'), 'msg': 'Value error, Password must be at least 8 characters', 'input': 'ZAP', 'ctx': {'error': ValueError('Password must be at least 8 characters')}}, {'type': 'string_type', 'loc': ('body', 'phone'), 'msg': 'Input should be a valid string', 'input': 9999999999}, {'type': 'value_error', 'loc': ('body', 'otp_code'), 'msg': 'Value error, OTP code must be 6 digits', 'input': 'John Doe', 'ctx': {'error': ValueError('OTP code must be 6 digits')}}]
==============================================

=== GLOBAL EXCEPTION HANDLER AT POST /api/v1/auth/register ===
  + Exception Group Traceback (most recent call last):
  |   File "D:\nhatro\backend\venv\Lib\site-packages\starlette\_utils.py", line 87, in collapse_excgroups
  |     yield
  |   File "D:\nhatro\backend\venv\Lib\site-packages\starlette\middleware\base.py", line 190, in __call__
  |     async with anyio.create_task_group() as task_group:
  |                ^^^^^^^^^^^^^^^^^^^^^^^^^
  |   File "D:\nhatro\backend\venv\Lib\site-packages\anyio\_backends\_asyncio.py", line 799, in __aexit__
  |     raise BaseExceptionGroup(
  | ExceptionGroup: unhandled errors in a TaskGroup (1 sub-exception)
  +-+---------------- 1 ----------------
    | Traceback (most recent call last):
    |   File "D:\nhatro\backend\venv\Lib\site-packages\starlette\middleware\errors.py", line 164, in __call__
    |     await self.app(scope, receive, _send)
    |   File "D:\nhatro\backend\venv\Lib\site-packages\starlette\middleware\base.py", line 189, in __call__
    |     with collapse_excgroups():
    |          ^^^^^^^^^^^^^^^^^^^^
    |   File "C:\Users\ngocson\.cache\codex-runtimes\codex-primary-runtime\dependencies\python\Lib\contextlib.py", line 158, in __exit__
    |     self.gen.throw(value)
    |   File "D:\nhatro\backend\venv\Lib\site-packages\starlette\_utils.py", line 93, in collapse_excgroups
    |     raise exc
    |   File "D:\nhatro\backend\venv\Lib\site-packages\starlette\middleware\base.py", line 191, in __call__
    |     response = await self.dispatch_func(request, call_next)
    |                ^^^^^^^^^^^^^^^^^^^^^^^^^^^^^^^^^^^^^^^^^^^^
    |   File "D:\nhatro\backend\app\main.py", line 127, in rate_limit_middleware
    |     return await call_next(request)
    |            ^^^^^^^^^^^^^^^^^^^^^^^^
    |   File "D:\nhatro\backend\venv\Lib\site-packages\starlette\middleware\base.py", line 165, in call_next
    |     raise app_exc
    |   File "D:\nhatro\backend\venv\Lib\site-packages\starlette\middleware\base.py", line 151, in coro
    |     await self.app(scope, receive_or_disconnect, send_no_error)
    |   File "D:\nhatro\backend\venv\Lib\site-packages\starlette\middleware\base.py", line 189, in __call__
    |     with collapse_excgroups():
    |          ^^^^^^^^^^^^^^^^^^^^
    |   File "C:\Users\ngocson\.cache\codex-runtimes\codex-primary-runtime\dependencies\python\Lib\contextlib.py", line 158, in __exit__
    |     self.gen.throw(value)
    |   File "D:\nhatro\backend\venv\Lib\site-packages\starlette\_utils.py", line 93, in collapse_excgroups
    |     raise exc
    |   File "D:\nhatro\backend\venv\Lib\site-packages\starlette\middleware\base.py", line 191, in __call__
    |     response = await self.dispatch_func(request, call_next)
    |                ^^^^^^^^^^^^^^^^^^^^^^^^^^^^^^^^^^^^^^^^^^^^
    |   File "D:\nhatro\backend\app\main.py", line 93, in add_process_time
    |     response = await call_next(request)
    |                ^^^^^^^^^^^^^^^^^^^^^^^^
    |   File "D:\nhatro\backend\venv\Lib\site-packages\starlette\middleware\base.py", line 165, in call_next
    |     raise app_exc
    |   File "D:\nhatro\backend\venv\Lib\site-packages\starlette\middleware\base.py", line 151, in coro
    |     await self.app(scope, receive_or_disconnect, send_no_error)
    |   File "D:\nhatro\backend\venv\Lib\site-packages\starlette\middleware\base.py", line 189, in __call__
    |     with collapse_excgroups():
    |          ^^^^^^^^^^^^^^^^^^^^
    |   File "C:\Users\ngocson\.cache\codex-runtimes\codex-primary-runtime\dependencies\python\Lib\contextlib.py", line 158, in __exit__
    |     self.gen.throw(value)
    |   File "D:\nhatro\backend\venv\Lib\site-packages\starlette\_utils.py", line 93, in collapse_excgroups
    |     raise exc
    |   File "D:\nhatro\backend\venv\Lib\site-packages\starlette\middleware\base.py", line 191, in __call__
    |     response = await self.dispatch_func(request, call_next)
    |                ^^^^^^^^^^^^^^^^^^^^^^^^^^^^^^^^^^^^^^^^^^^^
    |   File "D:\nhatro\backend\app\main.py", line 86, in add_security_headers
    |     response = await call_next(request)
    |                ^^^^^^^^^^^^^^^^^^^^^^^^
    |   File "D:\nhatro\backend\venv\Lib\site-packages\starlette\middleware\base.py", line 165, in call_next
    |     raise app_exc
    |   File "D:\nhatro\backend\venv\Lib\site-packages\starlette\middleware\base.py", line 151, in coro
    |     await self.app(scope, receive_or_disconnect, send_no_error)
    |   File "D:\nhatro\backend\venv\Lib\site-packages\starlette\middleware\cors.py", line 85, in __call__
    |     await self.app(scope, receive, send)
    |   File "D:\nhatro\backend\venv\Lib\site-packages\starlette\middleware\exceptions.py", line 65, in __call__
    |     await wrap_app_handling_exceptions(self.app, conn)(scope, receive, send)
    |   File "D:\nhatro\backend\venv\Lib\site-packages\starlette\_exception_handler.py", line 64, in wrapped_app
    |     raise exc
    |   File "D:\nhatro\backend\venv\Lib\site-packages\starlette\_exception_handler.py", line 53, in wrapped_app
    |     await app(scope, receive, sender)
    |   File "D:\nhatro\backend\venv\Lib\site-packages\starlette\routing.py", line 756, in __call__
    |     await self.middleware_stack(scope, receive, send)
    |   File "D:\nhatro\backend\venv\Lib\site-packages\starlette\routing.py", line 776, in app
    |     await route.handle(scope, receive, send)
    |   File "D:\nhatro\backend\venv\Lib\site-packages\starlette\routing.py", line 297, in handle
    |     await self.app(scope, receive, send)
    |   File "D:\nhatro\backend\venv\Lib\site-packages\starlette\routing.py", line 77, in app
    |     await wrap_app_handling_exceptions(app, request)(scope, receive, send)
    |   File "D:\nhatro\backend\venv\Lib\site-packages\starlette\_exception_handler.py", line 75, in wrapped_app
    |     response = await handler(conn, exc)
    |                ^^^^^^^^^^^^^^^^^^^^^^^^
    |   File "D:\nhatro\backend\app\main.py", line 157, in validation_exception_handler
    |     return JSONResponse(
    |            ^^^^^^^^^^^^^
    |   File "D:\nhatro\backend\venv\Lib\site-packages\starlette\responses.py", line 184, in __init__
    |     super().__init__(content, status_code, headers, media_type, background)
    |   File "D:\nhatro\backend\venv\Lib\site-packages\starlette\responses.py", line 41, in __init__
    |     self.body = self.render(content)
    |                 ^^^^^^^^^^^^^^^^^^^^
    |   File "D:\nhatro\backend\venv\Lib\site-packages\starlette\responses.py", line 187, in render
    |     return json.dumps(
    |            ^^^^^^^^^^^
    |   File "C:\Users\ngocson\.cache\codex-runtimes\codex-primary-runtime\dependencies\python\Lib\json\__init__.py", line 238, in dumps
    |     **kw).encode(obj)
    |           ^^^^^^^^^^^
    |   File "C:\Users\ngocson\.cache\codex-runtimes\codex-primary-runtime\dependencies\python\Lib\json\encoder.py", line 200, in encode
    |     chunks = self.iterencode(o, _one_shot=True)
    |              ^^^^^^^^^^^^^^^^^^^^^^^^^^^^^^^^^^
    |   File "C:\Users\ngocson\.cache\codex-runtimes\codex-primary-runtime\dependencies\python\Lib\json\encoder.py", line 258, in iterencode
    |     return _iterencode(o, 0)
    |            ^^^^^^^^^^^^^^^^^
    |   File "C:\Users\ngocson\.cache\codex-runtimes\codex-primary-runtime\dependencies\python\Lib\json\encoder.py", line 180, in default
    |     raise TypeError(f'Object of type {o.__class__.__name__} '
    | TypeError: Object of type ValueError is not JSON serializable
    +------------------------------------

During handling of the above exception, another exception occurred:

Traceback (most recent call last):
  File "D:\nhatro\backend\venv\Lib\site-packages\starlette\middleware\errors.py", line 164, in __call__
    await self.app(scope, receive, _send)
  File "D:\nhatro\backend\venv\Lib\site-packages\starlette\middleware\base.py", line 189, in __call__
    with collapse_excgroups():
         ^^^^^^^^^^^^^^^^^^^^
  File "C:\Users\ngocson\.cache\codex-runtimes\codex-primary-runtime\dependencies\python\Lib\contextlib.py", line 158, in __exit__
    self.gen.throw(value)
  File "D:\nhatro\backend\venv\Lib\site-packages\starlette\_utils.py", line 93, in collapse_excgroups
    raise exc
  File "D:\nhatro\backend\venv\Lib\site-packages\starlette\middleware\base.py", line 191, in __call__
    response = await self.dispatch_func(request, call_next)
               ^^^^^^^^^^^^^^^^^^^^^^^^^^^^^^^^^^^^^^^^^^^^
  File "D:\nhatro\backend\app\main.py", line 127, in rate_limit_middleware
    return await call_next(request)
           ^^^^^^^^^^^^^^^^^^^^^^^^
  File "D:\nhatro\backend\venv\Lib\site-packages\starlette\middleware\base.py", line 165, in call_next
    raise app_exc
  File "D:\nhatro\backend\venv\Lib\site-packages\starlette\middleware\base.py", line 151, in coro
    await self.app(scope, receive_or_disconnect, send_no_error)
  File "D:\nhatro\backend\venv\Lib\site-packages\starlette\middleware\base.py", line 189, in __call__
    with collapse_excgroups():
         ^^^^^^^^^^^^^^^^^^^^
  File "C:\Users\ngocson\.cache\codex-runtimes\codex-primary-runtime\dependencies\python\Lib\contextlib.py", line 158, in __exit__
    self.gen.throw(value)
  File "D:\nhatro\backend\venv\Lib\site-packages\starlette\_utils.py", line 93, in collapse_excgroups
    raise exc
  File "D:\nhatro\backend\venv\Lib\site-packages\starlette\middleware\base.py", line 191, in __call__
    response = await self.dispatch_func(request, call_next)
               ^^^^^^^^^^^^^^^^^^^^^^^^^^^^^^^^^^^^^^^^^^^^
  File "D:\nhatro\backend\app\main.py", line 93, in add_process_time
    response = await call_next(request)
               ^^^^^^^^^^^^^^^^^^^^^^^^
  File "D:\nhatro\backend\venv\Lib\site-packages\starlette\middleware\base.py", line 165, in call_next
    raise app_exc
  File "D:\nhatro\backend\venv\Lib\site-packages\starlette\middleware\base.py", line 151, in coro
    await self.app(scope, receive_or_disconnect, send_no_error)
  File "D:\nhatro\backend\venv\Lib\site-packages\starlette\middleware\base.py", line 189, in __call__
    with collapse_excgroups():
         ^^^^^^^^^^^^^^^^^^^^
  File "C:\Users\ngocson\.cache\codex-runtimes\codex-primary-runtime\dependencies\python\Lib\contextlib.py", line 158, in __exit__
    self.gen.throw(value)
  File "D:\nhatro\backend\venv\Lib\site-packages\starlette\_utils.py", line 93, in collapse_excgroups
    raise exc
  File "D:\nhatro\backend\venv\Lib\site-packages\starlette\middleware\base.py", line 191, in __call__
    response = await self.dispatch_func(request, call_next)
               ^^^^^^^^^^^^^^^^^^^^^^^^^^^^^^^^^^^^^^^^^^^^
  File "D:\nhatro\backend\app\main.py", line 86, in add_security_headers
    response = await call_next(request)
               ^^^^^^^^^^^^^^^^^^^^^^^^
  File "D:\nhatro\backend\venv\Lib\site-packages\starlette\middleware\base.py", line 165, in call_next
    raise app_exc
  File "D:\nhatro\backend\venv\Lib\site-packages\starlette\middleware\base.py", line 151, in coro
    await self.app(scope, receive_or_disconnect, send_no_error)
  File "D:\nhatro\backend\venv\Lib\site-packages\starlette\middleware\cors.py", line 85, in __call__
    await self.app(scope, receive, send)
  File "D:\nhatro\backend\venv\Lib\site-packages\starlette\middleware\exceptions.py", line 65, in __call__
    await wrap_app_handling_exceptions(self.app, conn)(scope, receive, send)
  File "D:\nhatro\backend\venv\Lib\site-packages\starlette\_exception_handler.py", line 64, in wrapped_app
    raise exc
  File "D:\nhatro\backend\venv\Lib\site-packages\starlette\_exception_handler.py", line 53, in wrapped_app
    await app(scope, receive, sender)
  File "D:\nhatro\backend\venv\Lib\site-packages\starlette\routing.py", line 756, in __call__
    await self.middleware_stack(scope, receive, send)
  File "D:\nhatro\backend\venv\Lib\site-packages\starlette\routing.py", line 776, in app
    await route.handle(scope, receive, send)
  File "D:\nhatro\backend\venv\Lib\site-packages\starlette\routing.py", line 297, in handle
    await self.app(scope, receive, send)
  File "D:\nhatro\backend\venv\Lib\site-packages\starlette\routing.py", line 77, in app
    await wrap_app_handling_exceptions(app, request)(scope, receive, send)
  File "D:\nhatro\backend\venv\Lib\site-packages\starlette\_exception_handler.py", line 75, in wrapped_app
    response = await handler(conn, exc)
               ^^^^^^^^^^^^^^^^^^^^^^^^
  File "D:\nhatro\backend\app\main.py", line 157, in validation_exception_handler
    return JSONResponse(
           ^^^^^^^^^^^^^
  File "D:\nhatro\backend\venv\Lib\site-packages\starlette\responses.py", line 184, in __init__
    super().__init__(content, status_code, headers, media_type, background)
  File "D:\nhatro\backend\venv\Lib\site-packages\starlette\responses.py", line 41, in __init__
    self.body = self.render(content)
                ^^^^^^^^^^^^^^^^^^^^
  File "D:\nhatro\backend\venv\Lib\site-packages\starlette\responses.py", line 187, in render
    return json.dumps(
           ^^^^^^^^^^^
  File "C:\Users\ngocson\.cache\codex-runtimes\codex-primary-runtime\dependencies\python\Lib\json\__init__.py", line 238, in dumps
    **kw).encode(obj)
          ^^^^^^^^^^^
  File "C:\Users\ngocson\.cache\codex-runtimes\codex-primary-runtime\dependencies\python\Lib\json\encoder.py", line 200, in encode
    chunks = self.iterencode(o, _one_shot=True)
             ^^^^^^^^^^^^^^^^^^^^^^^^^^^^^^^^^^
  File "C:\Users\ngocson\.cache\codex-runtimes\codex-primary-runtime\dependencies\python\Lib\json\encoder.py", line 258, in iterencode
    return _iterencode(o, 0)
           ^^^^^^^^^^^^^^^^^
  File "C:\Users\ngocson\.cache\codex-runtimes\codex-primary-runtime\dependencies\python\Lib\json\encoder.py", line 180, in default
    raise TypeError(f'Object of type {o.__class__.__name__} '
TypeError: Object of type ValueError is not JSON serializable
==============================================

=== VALIDATION ERROR AT PATCH /api/v1/tenants/tenant_id+AND+1=2+--+ ===
[{'type': 'json_invalid', 'loc': ('body', 51), 'msg': 'JSON decode error', 'input': {}, 'ctx': {'error': 'Expecting value'}}]
==============================================

=== VALIDATION ERROR AT POST /api/v1/auth/register ===
[{'type': 'value_error', 'loc': ('body', 'password'), 'msg': 'Value error, Password must be at least 8 characters', 'input': 'ZAP', 'ctx': {'error': ValueError('Password must be at least 8 characters')}}, {'type': 'string_type', 'loc': ('body', 'phone'), 'msg': 'Input should be a valid string', 'input': 9999999999}, {'type': 'value_error', 'loc': ('body', 'otp_code'), 'msg': 'Value error, OTP code must be 6 digits', 'input': 'John Doe', 'ctx': {'error': ValueError('OTP code must be 6 digits')}}]
==============================================

=== VALIDATION ERROR AT PATCH /api/v1/tenants/tenant_id+OR+1=1+--+ ===
[{'type': 'json_invalid', 'loc': ('body', 51), 'msg': 'JSON decode error', 'input': {}, 'ctx': {'error': 'Expecting value'}}]
==============================================

=== GLOBAL EXCEPTION HANDLER AT POST /api/v1/auth/register ===
  + Exception Group Traceback (most recent call last):
  |   File "D:\nhatro\backend\venv\Lib\site-packages\starlette\_utils.py", line 87, in collapse_excgroups
  |     yield
  |   File "D:\nhatro\backend\venv\Lib\site-packages\starlette\middleware\base.py", line 190, in __call__
  |     async with anyio.create_task_group() as task_group:
  |                ^^^^^^^^^^^^^^^^^^^^^^^^^
  |   File "D:\nhatro\backend\venv\Lib\site-packages\anyio\_backends\_asyncio.py", line 799, in __aexit__
  |     raise BaseExceptionGroup(
  | ExceptionGroup: unhandled errors in a TaskGroup (1 sub-exception)
  +-+---------------- 1 ----------------
    | Traceback (most recent call last):
    |   File "D:\nhatro\backend\venv\Lib\site-packages\starlette\middleware\errors.py", line 164, in __call__
    |     await self.app(scope, receive, _send)
    |   File "D:\nhatro\backend\venv\Lib\site-packages\starlette\middleware\base.py", line 189, in __call__
    |     with collapse_excgroups():
    |          ^^^^^^^^^^^^^^^^^^^^
    |   File "C:\Users\ngocson\.cache\codex-runtimes\codex-primary-runtime\dependencies\python\Lib\contextlib.py", line 158, in __exit__
    |     self.gen.throw(value)
    |   File "D:\nhatro\backend\venv\Lib\site-packages\starlette\_utils.py", line 93, in collapse_excgroups
    |     raise exc
    |   File "D:\nhatro\backend\venv\Lib\site-packages\starlette\middleware\base.py", line 191, in __call__
    |     response = await self.dispatch_func(request, call_next)
    |                ^^^^^^^^^^^^^^^^^^^^^^^^^^^^^^^^^^^^^^^^^^^^
    |   File "D:\nhatro\backend\app\main.py", line 127, in rate_limit_middleware
    |     return await call_next(request)
    |            ^^^^^^^^^^^^^^^^^^^^^^^^
    |   File "D:\nhatro\backend\venv\Lib\site-packages\starlette\middleware\base.py", line 165, in call_next
    |     raise app_exc
    |   File "D:\nhatro\backend\venv\Lib\site-packages\starlette\middleware\base.py", line 151, in coro
    |     await self.app(scope, receive_or_disconnect, send_no_error)
    |   File "D:\nhatro\backend\venv\Lib\site-packages\starlette\middleware\base.py", line 189, in __call__
    |     with collapse_excgroups():
    |          ^^^^^^^^^^^^^^^^^^^^
    |   File "C:\Users\ngocson\.cache\codex-runtimes\codex-primary-runtime\dependencies\python\Lib\contextlib.py", line 158, in __exit__
    |     self.gen.throw(value)
    |   File "D:\nhatro\backend\venv\Lib\site-packages\starlette\_utils.py", line 93, in collapse_excgroups
    |     raise exc
    |   File "D:\nhatro\backend\venv\Lib\site-packages\starlette\middleware\base.py", line 191, in __call__
    |     response = await self.dispatch_func(request, call_next)
    |                ^^^^^^^^^^^^^^^^^^^^^^^^^^^^^^^^^^^^^^^^^^^^
    |   File "D:\nhatro\backend\app\main.py", line 93, in add_process_time
    |     response = await call_next(request)
    |                ^^^^^^^^^^^^^^^^^^^^^^^^
    |   File "D:\nhatro\backend\venv\Lib\site-packages\starlette\middleware\base.py", line 165, in call_next
    |     raise app_exc
    |   File "D:\nhatro\backend\venv\Lib\site-packages\starlette\middleware\base.py", line 151, in coro
    |     await self.app(scope, receive_or_disconnect, send_no_error)
    |   File "D:\nhatro\backend\venv\Lib\site-packages\starlette\middleware\base.py", line 189, in __call__
    |     with collapse_excgroups():
    |          ^^^^^^^^^^^^^^^^^^^^
    |   File "C:\Users\ngocson\.cache\codex-runtimes\codex-primary-runtime\dependencies\python\Lib\contextlib.py", line 158, in __exit__
    |     self.gen.throw(value)
    |   File "D:\nhatro\backend\venv\Lib\site-packages\starlette\_utils.py", line 93, in collapse_excgroups
    |     raise exc
    |   File "D:\nhatro\backend\venv\Lib\site-packages\starlette\middleware\base.py", line 191, in __call__
    |     response = await self.dispatch_func(request, call_next)
    |                ^^^^^^^^^^^^^^^^^^^^^^^^^^^^^^^^^^^^^^^^^^^^
    |   File "D:\nhatro\backend\app\main.py", line 86, in add_security_headers
    |     response = await call_next(request)
    |                ^^^^^^^^^^^^^^^^^^^^^^^^
    |   File "D:\nhatro\backend\venv\Lib\site-packages\starlette\middleware\base.py", line 165, in call_next
    |     raise app_exc
    |   File "D:\nhatro\backend\venv\Lib\site-packages\starlette\middleware\base.py", line 151, in coro
    |     await self.app(scope, receive_or_disconnect, send_no_error)
    |   File "D:\nhatro\backend\venv\Lib\site-packages\starlette\middleware\cors.py", line 85, in __call__
    |     await self.app(scope, receive, send)
    |   File "D:\nhatro\backend\venv\Lib\site-packages\starlette\middleware\exceptions.py", line 65, in __call__
    |     await wrap_app_handling_exceptions(self.app, conn)(scope, receive, send)
    |   File "D:\nhatro\backend\venv\Lib\site-packages\starlette\_exception_handler.py", line 64, in wrapped_app
    |     raise exc
    |   File "D:\nhatro\backend\venv\Lib\site-packages\starlette\_exception_handler.py", line 53, in wrapped_app
    |     await app(scope, receive, sender)
    |   File "D:\nhatro\backend\venv\Lib\site-packages\starlette\routing.py", line 756, in __call__
    |     await self.middleware_stack(scope, receive, send)
    |   File "D:\nhatro\backend\venv\Lib\site-packages\starlette\routing.py", line 776, in app
    |     await route.handle(scope, receive, send)
    |   File "D:\nhatro\backend\venv\Lib\site-packages\starlette\routing.py", line 297, in handle
    |     await self.app(scope, receive, send)
    |   File "D:\nhatro\backend\venv\Lib\site-packages\starlette\routing.py", line 77, in app
    |     await wrap_app_handling_exceptions(app, request)(scope, receive, send)
    |   File "D:\nhatro\backend\venv\Lib\site-packages\starlette\_exception_handler.py", line 75, in wrapped_app
    |     response = await handler(conn, exc)
    |                ^^^^^^^^^^^^^^^^^^^^^^^^
    |   File "D:\nhatro\backend\app\main.py", line 157, in validation_exception_handler
    |     return JSONResponse(
    |            ^^^^^^^^^^^^^
    |   File "D:\nhatro\backend\venv\Lib\site-packages\starlette\responses.py", line 184, in __init__
    |     super().__init__(content, status_code, headers, media_type, background)
    |   File "D:\nhatro\backend\venv\Lib\site-packages\starlette\responses.py", line 41, in __init__
    |     self.body = self.render(content)
    |                 ^^^^^^^^^^^^^^^^^^^^
    |   File "D:\nhatro\backend\venv\Lib\site-packages\starlette\responses.py", line 187, in render
    |     return json.dumps(
    |            ^^^^^^^^^^^
    |   File "C:\Users\ngocson\.cache\codex-runtimes\codex-primary-runtime\dependencies\python\Lib\json\__init__.py", line 238, in dumps
    |     **kw).encode(obj)
    |           ^^^^^^^^^^^
    |   File "C:\Users\ngocson\.cache\codex-runtimes\codex-primary-runtime\dependencies\python\Lib\json\encoder.py", line 200, in encode
    |     chunks = self.iterencode(o, _one_shot=True)
    |              ^^^^^^^^^^^^^^^^^^^^^^^^^^^^^^^^^^
    |   File "C:\Users\ngocson\.cache\codex-runtimes\codex-primary-runtime\dependencies\python\Lib\json\encoder.py", line 258, in iterencode
    |     return _iterencode(o, 0)
    |            ^^^^^^^^^^^^^^^^^
    |   File "C:\Users\ngocson\.cache\codex-runtimes\codex-primary-runtime\dependencies\python\Lib\json\encoder.py", line 180, in default
    |     raise TypeError(f'Object of type {o.__class__.__name__} '
    | TypeError: Object of type ValueError is not JSON serializable
    +------------------------------------

During handling of the above exception, another exception occurred:

Traceback (most recent call last):
  File "D:\nhatro\backend\venv\Lib\site-packages\starlette\middleware\errors.py", line 164, in __call__
    await self.app(scope, receive, _send)
  File "D:\nhatro\backend\venv\Lib\site-packages\starlette\middleware\base.py", line 189, in __call__
    with collapse_excgroups():
         ^^^^^^^^^^^^^^^^^^^^
  File "C:\Users\ngocson\.cache\codex-runtimes\codex-primary-runtime\dependencies\python\Lib\contextlib.py", line 158, in __exit__
    self.gen.throw(value)
  File "D:\nhatro\backend\venv\Lib\site-packages\starlette\_utils.py", line 93, in collapse_excgroups
    raise exc
  File "D:\nhatro\backend\venv\Lib\site-packages\starlette\middleware\base.py", line 191, in __call__
    response = await self.dispatch_func(request, call_next)
               ^^^^^^^^^^^^^^^^^^^^^^^^^^^^^^^^^^^^^^^^^^^^
  File "D:\nhatro\backend\app\main.py", line 127, in rate_limit_middleware
    return await call_next(request)
           ^^^^^^^^^^^^^^^^^^^^^^^^
  File "D:\nhatro\backend\venv\Lib\site-packages\starlette\middleware\base.py", line 165, in call_next
    raise app_exc
  File "D:\nhatro\backend\venv\Lib\site-packages\starlette\middleware\base.py", line 151, in coro
    await self.app(scope, receive_or_disconnect, send_no_error)
  File "D:\nhatro\backend\venv\Lib\site-packages\starlette\middleware\base.py", line 189, in __call__
    with collapse_excgroups():
         ^^^^^^^^^^^^^^^^^^^^
  File "C:\Users\ngocson\.cache\codex-runtimes\codex-primary-runtime\dependencies\python\Lib\contextlib.py", line 158, in __exit__
    self.gen.throw(value)
  File "D:\nhatro\backend\venv\Lib\site-packages\starlette\_utils.py", line 93, in collapse_excgroups
    raise exc
  File "D:\nhatro\backend\venv\Lib\site-packages\starlette\middleware\base.py", line 191, in __call__
    response = await self.dispatch_func(request, call_next)
               ^^^^^^^^^^^^^^^^^^^^^^^^^^^^^^^^^^^^^^^^^^^^
  File "D:\nhatro\backend\app\main.py", line 93, in add_process_time
    response = await call_next(request)
               ^^^^^^^^^^^^^^^^^^^^^^^^
  File "D:\nhatro\backend\venv\Lib\site-packages\starlette\middleware\base.py", line 165, in call_next
    raise app_exc
  File "D:\nhatro\backend\venv\Lib\site-packages\starlette\middleware\base.py", line 151, in coro
    await self.app(scope, receive_or_disconnect, send_no_error)
  File "D:\nhatro\backend\venv\Lib\site-packages\starlette\middleware\base.py", line 189, in __call__
    with collapse_excgroups():
         ^^^^^^^^^^^^^^^^^^^^
  File "C:\Users\ngocson\.cache\codex-runtimes\codex-primary-runtime\dependencies\python\Lib\contextlib.py", line 158, in __exit__
    self.gen.throw(value)
  File "D:\nhatro\backend\venv\Lib\site-packages\starlette\_utils.py", line 93, in collapse_excgroups
    raise exc
  File "D:\nhatro\backend\venv\Lib\site-packages\starlette\middleware\base.py", line 191, in __call__
    response = await self.dispatch_func(request, call_next)
               ^^^^^^^^^^^^^^^^^^^^^^^^^^^^^^^^^^^^^^^^^^^^
  File "D:\nhatro\backend\app\main.py", line 86, in add_security_headers
    response = await call_next(request)
               ^^^^^^^^^^^^^^^^^^^^^^^^
  File "D:\nhatro\backend\venv\Lib\site-packages\starlette\middleware\base.py", line 165, in call_next
    raise app_exc
  File "D:\nhatro\backend\venv\Lib\site-packages\starlette\middleware\base.py", line 151, in coro
    await self.app(scope, receive_or_disconnect, send_no_error)
  File "D:\nhatro\backend\venv\Lib\site-packages\starlette\middleware\cors.py", line 85, in __call__
    await self.app(scope, receive, send)
  File "D:\nhatro\backend\venv\Lib\site-packages\starlette\middleware\exceptions.py", line 65, in __call__
    await wrap_app_handling_exceptions(self.app, conn)(scope, receive, send)
  File "D:\nhatro\backend\venv\Lib\site-packages\starlette\_exception_handler.py", line 64, in wrapped_app
    raise exc
  File "D:\nhatro\backend\venv\Lib\site-packages\starlette\_exception_handler.py", line 53, in wrapped_app
    await app(scope, receive, sender)
  File "D:\nhatro\backend\venv\Lib\site-packages\starlette\routing.py", line 756, in __call__
    await self.middleware_stack(scope, receive, send)
  File "D:\nhatro\backend\venv\Lib\site-packages\starlette\routing.py", line 776, in app
    await route.handle(scope, receive, send)
  File "D:\nhatro\backend\venv\Lib\site-packages\starlette\routing.py", line 297, in handle
    await self.app(scope, receive, send)
  File "D:\nhatro\backend\venv\Lib\site-packages\starlette\routing.py", line 77, in app
    await wrap_app_handling_exceptions(app, request)(scope, receive, send)
  File "D:\nhatro\backend\venv\Lib\site-packages\starlette\_exception_handler.py", line 75, in wrapped_app
    response = await handler(conn, exc)
               ^^^^^^^^^^^^^^^^^^^^^^^^
  File "D:\nhatro\backend\app\main.py", line 157, in validation_exception_handler
    return JSONResponse(
           ^^^^^^^^^^^^^
  File "D:\nhatro\backend\venv\Lib\site-packages\starlette\responses.py", line 184, in __init__
    super().__init__(content, status_code, headers, media_type, background)
  File "D:\nhatro\backend\venv\Lib\site-packages\starlette\responses.py", line 41, in __init__
    self.body = self.render(content)
                ^^^^^^^^^^^^^^^^^^^^
  File "D:\nhatro\backend\venv\Lib\site-packages\starlette\responses.py", line 187, in render
    return json.dumps(
           ^^^^^^^^^^^
  File "C:\Users\ngocson\.cache\codex-runtimes\codex-primary-runtime\dependencies\python\Lib\json\__init__.py", line 238, in dumps
    **kw).encode(obj)
          ^^^^^^^^^^^
  File "C:\Users\ngocson\.cache\codex-runtimes\codex-primary-runtime\dependencies\python\Lib\json\encoder.py", line 200, in encode
    chunks = self.iterencode(o, _one_shot=True)
             ^^^^^^^^^^^^^^^^^^^^^^^^^^^^^^^^^^
  File "C:\Users\ngocson\.cache\codex-runtimes\codex-primary-runtime\dependencies\python\Lib\json\encoder.py", line 258, in iterencode
    return _iterencode(o, 0)
           ^^^^^^^^^^^^^^^^^
  File "C:\Users\ngocson\.cache\codex-runtimes\codex-primary-runtime\dependencies\python\Lib\json\encoder.py", line 180, in default
    raise TypeError(f'Object of type {o.__class__.__name__} '
TypeError: Object of type ValueError is not JSON serializable
==============================================

=== VALIDATION ERROR AT PATCH /api/v1/tenants/tenant_id'+AND+'1'='1'+--+ ===
[{'type': 'json_invalid', 'loc': ('body', 51), 'msg': 'JSON decode error', 'input': {}, 'ctx': {'error': 'Expecting value'}}]
==============================================

=== VALIDATION ERROR AT PATCH /api/v1/tenants/tenant_id'+AND+'1'='2'+--+ ===
[{'type': 'json_invalid', 'loc': ('body', 51), 'msg': 'JSON decode error', 'input': {}, 'ctx': {'error': 'Expecting value'}}]
==============================================

=== VALIDATION ERROR AT PATCH /api/v1/tenants/tenant_id'+OR+'1'='1'+--+ ===
[{'type': 'json_invalid', 'loc': ('body', 51), 'msg': 'JSON decode error', 'input': {}, 'ctx': {'error': 'Expecting value'}}]
==============================================

=== VALIDATION ERROR AT PATCH /api/v1/tenants/tenant_id+UNION+ALL+select+NULL+--+ ===
[{'type': 'json_invalid', 'loc': ('body', 51), 'msg': 'JSON decode error', 'input': {}, 'ctx': {'error': 'Expecting value'}}]
==============================================

=== VALIDATION ERROR AT PATCH /api/v1/tenants/tenant_id'+UNION+ALL+select+NULL+--+ ===
[{'type': 'json_invalid', 'loc': ('body', 51), 'msg': 'JSON decode error', 'input': {}, 'ctx': {'error': 'Expecting value'}}]
==============================================

=== VALIDATION ERROR AT PATCH /api/v1/tenants/tenant_id"+UNION+ALL+select+NULL+--+ ===
[{'type': 'json_invalid', 'loc': ('body', 51), 'msg': 'JSON decode error', 'input': {}, 'ctx': {'error': 'Expecting value'}}]
==============================================

=== VALIDATION ERROR AT PATCH /api/v1/tenants/tenant_id)+UNION+ALL+select+NULL+--+ ===
[{'type': 'json_invalid', 'loc': ('body', 51), 'msg': 'JSON decode error', 'input': {}, 'ctx': {'error': 'Expecting value'}}]
==============================================

=== VALIDATION ERROR AT PATCH /api/v1/tenants/tenant_id')+UNION+ALL+select+NULL+--+ ===
[{'type': 'json_invalid', 'loc': ('body', 51), 'msg': 'JSON decode error', 'input': {}, 'ctx': {'error': 'Expecting value'}}]
==============================================

=== VALIDATION ERROR AT PATCH /api/v1/tenants/tenant_id ===
[{'type': 'json_invalid', 'loc': ('body', 51), 'msg': 'JSON decode error', 'input': {}, 'ctx': {'error': 'Expecting value'}}]
==============================================

=== VALIDATION ERROR AT GET /api/v1/webhooks/payos/check/' ===
[{'type': 'int_parsing', 'loc': ('path', 'order_code'), 'msg': 'Input should be a valid integer, unable to parse string as an integer', 'input': "'"}]
==============================================

=== VALIDATION ERROR AT GET /api/v1/webhooks/payos/check/10' ===
[{'type': 'int_parsing', 'loc': ('path', 'order_code'), 'msg': 'Input should be a valid integer, unable to parse string as an integer', 'input': "10'"}]
==============================================

=== VALIDATION ERROR AT GET /api/v1/webhooks/payos/check/" ===
[{'type': 'int_parsing', 'loc': ('path', 'order_code'), 'msg': 'Input should be a valid integer, unable to parse string as an integer', 'input': '"'}]
==============================================

=== VALIDATION ERROR AT GET /api/v1/webhooks/payos/check/10" ===
[{'type': 'int_parsing', 'loc': ('path', 'order_code'), 'msg': 'Input should be a valid integer, unable to parse string as an integer', 'input': '10"'}]
==============================================

=== VALIDATION ERROR AT GET /api/v1/webhooks/payos/check/; ===
[{'type': 'int_parsing', 'loc': ('path', 'order_code'), 'msg': 'Input should be a valid integer, unable to parse string as an integer', 'input': ';'}]
==============================================

=== VALIDATION ERROR AT GET /api/v1/webhooks/payos/check/10; ===
[{'type': 'int_parsing', 'loc': ('path', 'order_code'), 'msg': 'Input should be a valid integer, unable to parse string as an integer', 'input': '10;'}]
==============================================

=== VALIDATION ERROR AT GET /api/v1/webhooks/payos/check/'( ===
[{'type': 'int_parsing', 'loc': ('path', 'order_code'), 'msg': 'Input should be a valid integer, unable to parse string as an integer', 'input': "'("}]
==============================================

=== VALIDATION ERROR AT GET /api/v1/webhooks/payos/check/10'( ===
[{'type': 'int_parsing', 'loc': ('path', 'order_code'), 'msg': 'Input should be a valid integer, unable to parse string as an integer', 'input': "10'("}]
==============================================

=== GLOBAL EXCEPTION HANDLER AT GET /api/v1/webhooks/payos/check/10 ===
Traceback (most recent call last):
  File "D:\nhatro\backend\venv\Lib\site-packages\sqlalchemy\sql\elements.py", line 1496, in __getattr__
    return getattr(self.comparator, key)
           ^^^^^^^^^^^^^^^^^^^^^^^^^^^^^
AttributeError: 'Comparator' object has no attribute 'astext'

The above exception was the direct cause of the following exception:

Traceback (most recent call last):
  File "D:\nhatro\backend\venv\Lib\site-packages\starlette\middleware\errors.py", line 164, in __call__
    await self.app(scope, receive, _send)
  File "D:\nhatro\backend\venv\Lib\site-packages\starlette\middleware\base.py", line 189, in __call__
    with collapse_excgroups():
         ^^^^^^^^^^^^^^^^^^^^
  File "C:\Users\ngocson\.cache\codex-runtimes\codex-primary-runtime\dependencies\python\Lib\contextlib.py", line 158, in __exit__
    self.gen.throw(value)
  File "D:\nhatro\backend\venv\Lib\site-packages\starlette\_utils.py", line 93, in collapse_excgroups
    raise exc
  File "D:\nhatro\backend\venv\Lib\site-packages\starlette\middleware\base.py", line 191, in __call__
    response = await self.dispatch_func(request, call_next)
               ^^^^^^^^^^^^^^^^^^^^^^^^^^^^^^^^^^^^^^^^^^^^
  File "D:\nhatro\backend\app\main.py", line 127, in rate_limit_middleware
    return await call_next(request)
           ^^^^^^^^^^^^^^^^^^^^^^^^
  File "D:\nhatro\backend\venv\Lib\site-packages\starlette\middleware\base.py", line 165, in call_next
    raise app_exc
  File "D:\nhatro\backend\venv\Lib\site-packages\starlette\middleware\base.py", line 151, in coro
    await self.app(scope, receive_or_disconnect, send_no_error)
  File "D:\nhatro\backend\venv\Lib\site-packages\starlette\middleware\base.py", line 189, in __call__
    with collapse_excgroups():
         ^^^^^^^^^^^^^^^^^^^^
  File "C:\Users\ngocson\.cache\codex-runtimes\codex-primary-runtime\dependencies\python\Lib\contextlib.py", line 158, in __exit__
    self.gen.throw(value)
  File "D:\nhatro\backend\venv\Lib\site-packages\starlette\_utils.py", line 93, in collapse_excgroups
    raise exc
  File "D:\nhatro\backend\venv\Lib\site-packages\starlette\middleware\base.py", line 191, in __call__
    response = await self.dispatch_func(request, call_next)
               ^^^^^^^^^^^^^^^^^^^^^^^^^^^^^^^^^^^^^^^^^^^^
  File "D:\nhatro\backend\app\main.py", line 93, in add_process_time
    response = await call_next(request)
               ^^^^^^^^^^^^^^^^^^^^^^^^
  File "D:\nhatro\backend\venv\Lib\site-packages\starlette\middleware\base.py", line 165, in call_next
    raise app_exc
  File "D:\nhatro\backend\venv\Lib\site-packages\starlette\middleware\base.py", line 151, in coro
    await self.app(scope, receive_or_disconnect, send_no_error)
  File "D:\nhatro\backend\venv\Lib\site-packages\starlette\middleware\base.py", line 189, in __call__
    with collapse_excgroups():
         ^^^^^^^^^^^^^^^^^^^^
  File "C:\Users\ngocson\.cache\codex-runtimes\codex-primary-runtime\dependencies\python\Lib\contextlib.py", line 158, in __exit__
    self.gen.throw(value)
  File "D:\nhatro\backend\venv\Lib\site-packages\starlette\_utils.py", line 93, in collapse_excgroups
    raise exc
  File "D:\nhatro\backend\venv\Lib\site-packages\starlette\middleware\base.py", line 191, in __call__
    response = await self.dispatch_func(request, call_next)
               ^^^^^^^^^^^^^^^^^^^^^^^^^^^^^^^^^^^^^^^^^^^^
  File "D:\nhatro\backend\app\main.py", line 86, in add_security_headers
    response = await call_next(request)
               ^^^^^^^^^^^^^^^^^^^^^^^^
  File "D:\nhatro\backend\venv\Lib\site-packages\starlette\middleware\base.py", line 165, in call_next
    raise app_exc
  File "D:\nhatro\backend\venv\Lib\site-packages\starlette\middleware\base.py", line 151, in coro
    await self.app(scope, receive_or_disconnect, send_no_error)
  File "D:\nhatro\backend\venv\Lib\site-packages\starlette\middleware\cors.py", line 85, in __call__
    await self.app(scope, receive, send)
  File "D:\nhatro\backend\venv\Lib\site-packages\starlette\middleware\exceptions.py", line 65, in __call__
    await wrap_app_handling_exceptions(self.app, conn)(scope, receive, send)
  File "D:\nhatro\backend\venv\Lib\site-packages\starlette\_exception_handler.py", line 64, in wrapped_app
    raise exc
  File "D:\nhatro\backend\venv\Lib\site-packages\starlette\_exception_handler.py", line 53, in wrapped_app
    await app(scope, receive, sender)
  File "D:\nhatro\backend\venv\Lib\site-packages\starlette\routing.py", line 756, in __call__
    await self.middleware_stack(scope, receive, send)
  File "D:\nhatro\backend\venv\Lib\site-packages\starlette\routing.py", line 776, in app
    await route.handle(scope, receive, send)
  File "D:\nhatro\backend\venv\Lib\site-packages\starlette\routing.py", line 297, in handle
    await self.app(scope, receive, send)
  File "D:\nhatro\backend\venv\Lib\site-packages\starlette\routing.py", line 77, in app
    await wrap_app_handling_exceptions(app, request)(scope, receive, send)
  File "D:\nhatro\backend\venv\Lib\site-packages\starlette\_exception_handler.py", line 64, in wrapped_app
    raise exc
  File "D:\nhatro\backend\venv\Lib\site-packages\starlette\_exception_handler.py", line 53, in wrapped_app
    await app(scope, receive, sender)
  File "D:\nhatro\backend\venv\Lib\site-packages\starlette\routing.py", line 72, in app
    response = await func(request)
               ^^^^^^^^^^^^^^^^^^^
  File "D:\nhatro\backend\venv\Lib\site-packages\fastapi\routing.py", line 278, in app
    raw_response = await run_endpoint_function(
                   ^^^^^^^^^^^^^^^^^^^^^^^^^^^^
  File "D:\nhatro\backend\venv\Lib\site-packages\fastapi\routing.py", line 191, in run_endpoint_function
    return await dependant.call(**values)
           ^^^^^^^^^^^^^^^^^^^^^^^^^^^^^^
  File "D:\nhatro\backend\app\api\v1\endpoints\payos_webhook.py", line 127, in check_payos_payment
    SaaSPayment.metadata_json["order_code"].astext == str(order_code)
    ^^^^^^^^^^^^^^^^^^^^^^^^^^^^^^^^^^^^^^^^^^^^^^
  File "D:\nhatro\backend\venv\Lib\site-packages\sqlalchemy\sql\elements.py", line 1498, in __getattr__
    raise AttributeError(
AttributeError: Neither 'BinaryExpression' object nor 'Comparator' object has an attribute 'astext'
==============================================

=== VALIDATION ERROR AT GET /api/v1/webhooks/payos/check/12-2 ===
[{'type': 'int_parsing', 'loc': ('path', 'order_code'), 'msg': 'Input should be a valid integer, unable to parse string as an integer', 'input': '12-2'}]
==============================================

=== GLOBAL EXCEPTION HANDLER AT GET /api/v1/webhooks/payos/check/10 ===
Traceback (most recent call last):
  File "D:\nhatro\backend\venv\Lib\site-packages\sqlalchemy\sql\elements.py", line 1496, in __getattr__
    return getattr(self.comparator, key)
           ^^^^^^^^^^^^^^^^^^^^^^^^^^^^^
AttributeError: 'Comparator' object has no attribute 'astext'

The above exception was the direct cause of the following exception:

Traceback (most recent call last):
  File "D:\nhatro\backend\venv\Lib\site-packages\starlette\middleware\errors.py", line 164, in __call__
    await self.app(scope, receive, _send)
  File "D:\nhatro\backend\venv\Lib\site-packages\starlette\middleware\base.py", line 189, in __call__
    with collapse_excgroups():
         ^^^^^^^^^^^^^^^^^^^^
  File "C:\Users\ngocson\.cache\codex-runtimes\codex-primary-runtime\dependencies\python\Lib\contextlib.py", line 158, in __exit__
    self.gen.throw(value)
  File "D:\nhatro\backend\venv\Lib\site-packages\starlette\_utils.py", line 93, in collapse_excgroups
    raise exc
  File "D:\nhatro\backend\venv\Lib\site-packages\starlette\middleware\base.py", line 191, in __call__
    response = await self.dispatch_func(request, call_next)
               ^^^^^^^^^^^^^^^^^^^^^^^^^^^^^^^^^^^^^^^^^^^^
  File "D:\nhatro\backend\app\main.py", line 127, in rate_limit_middleware
    return await call_next(request)
           ^^^^^^^^^^^^^^^^^^^^^^^^
  File "D:\nhatro\backend\venv\Lib\site-packages\starlette\middleware\base.py", line 165, in call_next
    raise app_exc
  File "D:\nhatro\backend\venv\Lib\site-packages\starlette\middleware\base.py", line 151, in coro
    await self.app(scope, receive_or_disconnect, send_no_error)
  File "D:\nhatro\backend\venv\Lib\site-packages\starlette\middleware\base.py", line 189, in __call__
    with collapse_excgroups():
         ^^^^^^^^^^^^^^^^^^^^
  File "C:\Users\ngocson\.cache\codex-runtimes\codex-primary-runtime\dependencies\python\Lib\contextlib.py", line 158, in __exit__
    self.gen.throw(value)
  File "D:\nhatro\backend\venv\Lib\site-packages\starlette\_utils.py", line 93, in collapse_excgroups
    raise exc
  File "D:\nhatro\backend\venv\Lib\site-packages\starlette\middleware\base.py", line 191, in __call__
    response = await self.dispatch_func(request, call_next)
               ^^^^^^^^^^^^^^^^^^^^^^^^^^^^^^^^^^^^^^^^^^^^
  File "D:\nhatro\backend\app\main.py", line 93, in add_process_time
    response = await call_next(request)
               ^^^^^^^^^^^^^^^^^^^^^^^^
  File "D:\nhatro\backend\venv\Lib\site-packages\starlette\middleware\base.py", line 165, in call_next
    raise app_exc
  File "D:\nhatro\backend\venv\Lib\site-packages\starlette\middleware\base.py", line 151, in coro
    await self.app(scope, receive_or_disconnect, send_no_error)
  File "D:\nhatro\backend\venv\Lib\site-packages\starlette\middleware\base.py", line 189, in __call__
    with collapse_excgroups():
         ^^^^^^^^^^^^^^^^^^^^
  File "C:\Users\ngocson\.cache\codex-runtimes\codex-primary-runtime\dependencies\python\Lib\contextlib.py", line 158, in __exit__
    self.gen.throw(value)
  File "D:\nhatro\backend\venv\Lib\site-packages\starlette\_utils.py", line 93, in collapse_excgroups
    raise exc
  File "D:\nhatro\backend\venv\Lib\site-packages\starlette\middleware\base.py", line 191, in __call__
    response = await self.dispatch_func(request, call_next)
               ^^^^^^^^^^^^^^^^^^^^^^^^^^^^^^^^^^^^^^^^^^^^
  File "D:\nhatro\backend\app\main.py", line 86, in add_security_headers
    response = await call_next(request)
               ^^^^^^^^^^^^^^^^^^^^^^^^
  File "D:\nhatro\backend\venv\Lib\site-packages\starlette\middleware\base.py", line 165, in call_next
    raise app_exc
  File "D:\nhatro\backend\venv\Lib\site-packages\starlette\middleware\base.py", line 151, in coro
    await self.app(scope, receive_or_disconnect, send_no_error)
  File "D:\nhatro\backend\venv\Lib\site-packages\starlette\middleware\cors.py", line 85, in __call__
    await self.app(scope, receive, send)
  File "D:\nhatro\backend\venv\Lib\site-packages\starlette\middleware\exceptions.py", line 65, in __call__
    await wrap_app_handling_exceptions(self.app, conn)(scope, receive, send)
  File "D:\nhatro\backend\venv\Lib\site-packages\starlette\_exception_handler.py", line 64, in wrapped_app
    raise exc
  File "D:\nhatro\backend\venv\Lib\site-packages\starlette\_exception_handler.py", line 53, in wrapped_app
    await app(scope, receive, sender)
  File "D:\nhatro\backend\venv\Lib\site-packages\starlette\routing.py", line 756, in __call__
    await self.middleware_stack(scope, receive, send)
  File "D:\nhatro\backend\venv\Lib\site-packages\starlette\routing.py", line 776, in app
    await route.handle(scope, receive, send)
  File "D:\nhatro\backend\venv\Lib\site-packages\starlette\routing.py", line 297, in handle
    await self.app(scope, receive, send)
  File "D:\nhatro\backend\venv\Lib\site-packages\starlette\routing.py", line 77, in app
    await wrap_app_handling_exceptions(app, request)(scope, receive, send)
  File "D:\nhatro\backend\venv\Lib\site-packages\starlette\_exception_handler.py", line 64, in wrapped_app
    raise exc
  File "D:\nhatro\backend\venv\Lib\site-packages\starlette\_exception_handler.py", line 53, in wrapped_app
    await app(scope, receive, sender)
  File "D:\nhatro\backend\venv\Lib\site-packages\starlette\routing.py", line 72, in app
    response = await func(request)
               ^^^^^^^^^^^^^^^^^^^
  File "D:\nhatro\backend\venv\Lib\site-packages\fastapi\routing.py", line 278, in app
    raw_response = await run_endpoint_function(
                   ^^^^^^^^^^^^^^^^^^^^^^^^^^^^
  File "D:\nhatro\backend\venv\Lib\site-packages\fastapi\routing.py", line 191, in run_endpoint_function
    return await dependant.call(**values)
           ^^^^^^^^^^^^^^^^^^^^^^^^^^^^^^
  File "D:\nhatro\backend\app\api\v1\endpoints\payos_webhook.py", line 127, in check_payos_payment
    SaaSPayment.metadata_json["order_code"].astext == str(order_code)
    ^^^^^^^^^^^^^^^^^^^^^^^^^^^^^^^^^^^^^^^^^^^^^^
  File "D:\nhatro\backend\venv\Lib\site-packages\sqlalchemy\sql\elements.py", line 1498, in __getattr__
    raise AttributeError(
AttributeError: Neither 'BinaryExpression' object nor 'Comparator' object has an attribute 'astext'
==============================================

=== VALIDATION ERROR AT GET /api/v1/webhooks/payos/check/10+AND+1=1+--+ ===
[{'type': 'int_parsing', 'loc': ('path', 'order_code'), 'msg': 'Input should be a valid integer, unable to parse string as an integer', 'input': '10+AND+1=1+--+'}]
==============================================

=== VALIDATION ERROR AT GET /api/v1/webhooks/payos/check/10'+AND+'1'='1'+--+ ===
[{'type': 'int_parsing', 'loc': ('path', 'order_code'), 'msg': 'Input should be a valid integer, unable to parse string as an integer', 'input': "10'+AND+'1'='1'+--+"}]
==============================================

=== VALIDATION ERROR AT GET /api/v1/webhooks/payos/check/10"+AND+"1"="1"+--+ ===
[{'type': 'int_parsing', 'loc': ('path', 'order_code'), 'msg': 'Input should be a valid integer, unable to parse string as an integer', 'input': '10"+AND+"1"="1"+--+'}]
==============================================

=== VALIDATION ERROR AT GET /api/v1/webhooks/payos/check/10+AND+1=1 ===
[{'type': 'int_parsing', 'loc': ('path', 'order_code'), 'msg': 'Input should be a valid integer, unable to parse string as an integer', 'input': '10+AND+1=1'}]
==============================================

=== VALIDATION ERROR AT GET /api/v1/webhooks/payos/check/10'+AND+'1'='1 ===
[{'type': 'int_parsing', 'loc': ('path', 'order_code'), 'msg': 'Input should be a valid integer, unable to parse string as an integer', 'input': "10'+AND+'1'='1"}]
==============================================

=== VALIDATION ERROR AT GET /api/v1/webhooks/payos/check/10"+AND+"1"="1 ===
[{'type': 'int_parsing', 'loc': ('path', 'order_code'), 'msg': 'Input should be a valid integer, unable to parse string as an integer', 'input': '10"+AND+"1"="1'}]
==============================================

=== VALIDATION ERROR AT GET /api/v1/webhooks/payos/check/10+UNION+ALL+select+NULL+--+ ===
[{'type': 'int_parsing', 'loc': ('path', 'order_code'), 'msg': 'Input should be a valid integer, unable to parse string as an integer', 'input': '10+UNION+ALL+select+NULL+--+'}]
==============================================

=== VALIDATION ERROR AT GET /api/v1/webhooks/payos/check/10'+UNION+ALL+select+NULL+--+ ===
[{'type': 'int_parsing', 'loc': ('path', 'order_code'), 'msg': 'Input should be a valid integer, unable to parse string as an integer', 'input': "10'+UNION+ALL+select+NULL+--+"}]
==============================================

=== VALIDATION ERROR AT GET /api/v1/webhooks/payos/check/10"+UNION+ALL+select+NULL+--+ ===
[{'type': 'int_parsing', 'loc': ('path', 'order_code'), 'msg': 'Input should be a valid integer, unable to parse string as an integer', 'input': '10"+UNION+ALL+select+NULL+--+'}]
==============================================

=== VALIDATION ERROR AT GET /api/v1/webhooks/payos/check/10)+UNION+ALL+select+NULL+--+ ===
[{'type': 'int_parsing', 'loc': ('path', 'order_code'), 'msg': 'Input should be a valid integer, unable to parse string as an integer', 'input': '10)+UNION+ALL+select+NULL+--+'}]
==============================================

=== VALIDATION ERROR AT GET /api/v1/webhooks/payos/check/10')+UNION+ALL+select+NULL+--+ ===
[{'type': 'int_parsing', 'loc': ('path', 'order_code'), 'msg': 'Input should be a valid integer, unable to parse string as an integer', 'input': "10')+UNION+ALL+select+NULL+--+"}]
==============================================

=== GLOBAL EXCEPTION HANDLER AT GET /api/v1/webhooks/payos/check/10 ===
Traceback (most recent call last):
  File "D:\nhatro\backend\venv\Lib\site-packages\sqlalchemy\sql\elements.py", line 1496, in __getattr__
    return getattr(self.comparator, key)
           ^^^^^^^^^^^^^^^^^^^^^^^^^^^^^
AttributeError: 'Comparator' object has no attribute 'astext'

The above exception was the direct cause of the following exception:

Traceback (most recent call last):
  File "D:\nhatro\backend\venv\Lib\site-packages\starlette\middleware\errors.py", line 164, in __call__
    await self.app(scope, receive, _send)
  File "D:\nhatro\backend\venv\Lib\site-packages\starlette\middleware\base.py", line 189, in __call__
    with collapse_excgroups():
         ^^^^^^^^^^^^^^^^^^^^
  File "C:\Users\ngocson\.cache\codex-runtimes\codex-primary-runtime\dependencies\python\Lib\contextlib.py", line 158, in __exit__
    self.gen.throw(value)
  File "D:\nhatro\backend\venv\Lib\site-packages\starlette\_utils.py", line 93, in collapse_excgroups
    raise exc
  File "D:\nhatro\backend\venv\Lib\site-packages\starlette\middleware\base.py", line 191, in __call__
    response = await self.dispatch_func(request, call_next)
               ^^^^^^^^^^^^^^^^^^^^^^^^^^^^^^^^^^^^^^^^^^^^
  File "D:\nhatro\backend\app\main.py", line 127, in rate_limit_middleware
    return await call_next(request)
           ^^^^^^^^^^^^^^^^^^^^^^^^
  File "D:\nhatro\backend\venv\Lib\site-packages\starlette\middleware\base.py", line 165, in call_next
    raise app_exc
  File "D:\nhatro\backend\venv\Lib\site-packages\starlette\middleware\base.py", line 151, in coro
    await self.app(scope, receive_or_disconnect, send_no_error)
  File "D:\nhatro\backend\venv\Lib\site-packages\starlette\middleware\base.py", line 189, in __call__
    with collapse_excgroups():
         ^^^^^^^^^^^^^^^^^^^^
  File "C:\Users\ngocson\.cache\codex-runtimes\codex-primary-runtime\dependencies\python\Lib\contextlib.py", line 158, in __exit__
    self.gen.throw(value)
  File "D:\nhatro\backend\venv\Lib\site-packages\starlette\_utils.py", line 93, in collapse_excgroups
    raise exc
  File "D:\nhatro\backend\venv\Lib\site-packages\starlette\middleware\base.py", line 191, in __call__
    response = await self.dispatch_func(request, call_next)
               ^^^^^^^^^^^^^^^^^^^^^^^^^^^^^^^^^^^^^^^^^^^^
  File "D:\nhatro\backend\app\main.py", line 93, in add_process_time
    response = await call_next(request)
               ^^^^^^^^^^^^^^^^^^^^^^^^
  File "D:\nhatro\backend\venv\Lib\site-packages\starlette\middleware\base.py", line 165, in call_next
    raise app_exc
  File "D:\nhatro\backend\venv\Lib\site-packages\starlette\middleware\base.py", line 151, in coro
    await self.app(scope, receive_or_disconnect, send_no_error)
  File "D:\nhatro\backend\venv\Lib\site-packages\starlette\middleware\base.py", line 189, in __call__
    with collapse_excgroups():
         ^^^^^^^^^^^^^^^^^^^^
  File "C:\Users\ngocson\.cache\codex-runtimes\codex-primary-runtime\dependencies\python\Lib\contextlib.py", line 158, in __exit__
    self.gen.throw(value)
  File "D:\nhatro\backend\venv\Lib\site-packages\starlette\_utils.py", line 93, in collapse_excgroups
    raise exc
  File "D:\nhatro\backend\venv\Lib\site-packages\starlette\middleware\base.py", line 191, in __call__
    response = await self.dispatch_func(request, call_next)
               ^^^^^^^^^^^^^^^^^^^^^^^^^^^^^^^^^^^^^^^^^^^^
  File "D:\nhatro\backend\app\main.py", line 86, in add_security_headers
    response = await call_next(request)
               ^^^^^^^^^^^^^^^^^^^^^^^^
  File "D:\nhatro\backend\venv\Lib\site-packages\starlette\middleware\base.py", line 165, in call_next
    raise app_exc
  File "D:\nhatro\backend\venv\Lib\site-packages\starlette\middleware\base.py", line 151, in coro
    await self.app(scope, receive_or_disconnect, send_no_error)
  File "D:\nhatro\backend\venv\Lib\site-packages\starlette\middleware\cors.py", line 85, in __call__
    await self.app(scope, receive, send)
  File "D:\nhatro\backend\venv\Lib\site-packages\starlette\middleware\exceptions.py", line 65, in __call__
    await wrap_app_handling_exceptions(self.app, conn)(scope, receive, send)
  File "D:\nhatro\backend\venv\Lib\site-packages\starlette\_exception_handler.py", line 64, in wrapped_app
    raise exc
  File "D:\nhatro\backend\venv\Lib\site-packages\starlette\_exception_handler.py", line 53, in wrapped_app
    await app(scope, receive, sender)
  File "D:\nhatro\backend\venv\Lib\site-packages\starlette\routing.py", line 756, in __call__
    await self.middleware_stack(scope, receive, send)
  File "D:\nhatro\backend\venv\Lib\site-packages\starlette\routing.py", line 776, in app
    await route.handle(scope, receive, send)
  File "D:\nhatro\backend\venv\Lib\site-packages\starlette\routing.py", line 297, in handle
    await self.app(scope, receive, send)
  File "D:\nhatro\backend\venv\Lib\site-packages\starlette\routing.py", line 77, in app
    await wrap_app_handling_exceptions(app, request)(scope, receive, send)
  File "D:\nhatro\backend\venv\Lib\site-packages\starlette\_exception_handler.py", line 64, in wrapped_app
    raise exc
  File "D:\nhatro\backend\venv\Lib\site-packages\starlette\_exception_handler.py", line 53, in wrapped_app
    await app(scope, receive, sender)
  File "D:\nhatro\backend\venv\Lib\site-packages\starlette\routing.py", line 72, in app
    response = await func(request)
               ^^^^^^^^^^^^^^^^^^^
  File "D:\nhatro\backend\venv\Lib\site-packages\fastapi\routing.py", line 278, in app
    raw_response = await run_endpoint_function(
                   ^^^^^^^^^^^^^^^^^^^^^^^^^^^^
  File "D:\nhatro\backend\venv\Lib\site-packages\fastapi\routing.py", line 191, in run_endpoint_function
    return await dependant.call(**values)
           ^^^^^^^^^^^^^^^^^^^^^^^^^^^^^^
  File "D:\nhatro\backend\app\api\v1\endpoints\payos_webhook.py", line 127, in check_payos_payment
    SaaSPayment.metadata_json["order_code"].astext == str(order_code)
    ^^^^^^^^^^^^^^^^^^^^^^^^^^^^^^^^^^^^^^^^^^^^^^
  File "D:\nhatro\backend\venv\Lib\site-packages\sqlalchemy\sql\elements.py", line 1498, in __getattr__
    raise AttributeError(
AttributeError: Neither 'BinaryExpression' object nor 'Comparator' object has an attribute 'astext'
==============================================

=== VALIDATION ERROR AT POST /api/v1/auth/login ===
[{'type': 'value_error', 'loc': ('body', 'email'), 'msg': 'value is not a valid email address: An email address must have an @-sign.', 'input': 'cat /etc/passwd', 'ctx': {'reason': 'An email address must have an @-sign.'}}]
==============================================

=== VALIDATION ERROR AT POST /api/v1/auth/forgot-password ===
[{'type': 'value_error', 'loc': ('body', 'email'), 'msg': 'value is not a valid email address: An email address must have an @-sign.', 'input': 'cat /etc/passwd', 'ctx': {'reason': 'An email address must have an @-sign.'}}]
==============================================

=== VALIDATION ERROR AT POST /api/v1/auth/register/send-otp ===
[{'type': 'value_error', 'loc': ('body', 'email'), 'msg': 'value is not a valid email address: An email address must have an @-sign.', 'input': 'cat /etc/passwd', 'ctx': {'reason': 'An email address must have an @-sign.'}}]
==============================================

=== VALIDATION ERROR AT POST /api/v1/auth/register ===
[{'type': 'value_error', 'loc': ('body', 'email'), 'msg': 'value is not a valid email address: An email address must have an @-sign.', 'input': 'cat /etc/passwd', 'ctx': {'reason': 'An email address must have an @-sign.'}}, {'type': 'value_error', 'loc': ('body', 'password'), 'msg': 'Value error, Password must be at least 8 characters', 'input': 'ZAP', 'ctx': {'error': ValueError('Password must be at least 8 characters')}}, {'type': 'string_type', 'loc': ('body', 'phone'), 'msg': 'Input should be a valid string', 'input': 9999999999}, {'type': 'value_error', 'loc': ('body', 'otp_code'), 'msg': 'Value error, OTP code must be 6 digits', 'input': 'John Doe', 'ctx': {'error': ValueError('OTP code must be 6 digits')}}]
==============================================

=== GLOBAL EXCEPTION HANDLER AT POST /api/v1/auth/register ===
  + Exception Group Traceback (most recent call last):
  |   File "D:\nhatro\backend\venv\Lib\site-packages\starlette\_utils.py", line 87, in collapse_excgroups
  |     yield
  |   File "D:\nhatro\backend\venv\Lib\site-packages\starlette\middleware\base.py", line 190, in __call__
  |     async with anyio.create_task_group() as task_group:
  |                ^^^^^^^^^^^^^^^^^^^^^^^^^
  |   File "D:\nhatro\backend\venv\Lib\site-packages\anyio\_backends\_asyncio.py", line 799, in __aexit__
  |     raise BaseExceptionGroup(
  | ExceptionGroup: unhandled errors in a TaskGroup (1 sub-exception)
  +-+---------------- 1 ----------------
    | Traceback (most recent call last):
    |   File "D:\nhatro\backend\venv\Lib\site-packages\starlette\middleware\errors.py", line 164, in __call__
    |     await self.app(scope, receive, _send)
    |   File "D:\nhatro\backend\venv\Lib\site-packages\starlette\middleware\base.py", line 189, in __call__
    |     with collapse_excgroups():
    |          ^^^^^^^^^^^^^^^^^^^^
    |   File "C:\Users\ngocson\.cache\codex-runtimes\codex-primary-runtime\dependencies\python\Lib\contextlib.py", line 158, in __exit__
    |     self.gen.throw(value)
    |   File "D:\nhatro\backend\venv\Lib\site-packages\starlette\_utils.py", line 93, in collapse_excgroups
    |     raise exc
    |   File "D:\nhatro\backend\venv\Lib\site-packages\starlette\middleware\base.py", line 191, in __call__
    |     response = await self.dispatch_func(request, call_next)
    |                ^^^^^^^^^^^^^^^^^^^^^^^^^^^^^^^^^^^^^^^^^^^^
    |   File "D:\nhatro\backend\app\main.py", line 127, in rate_limit_middleware
    |     return await call_next(request)
    |            ^^^^^^^^^^^^^^^^^^^^^^^^
    |   File "D:\nhatro\backend\venv\Lib\site-packages\starlette\middleware\base.py", line 165, in call_next
    |     raise app_exc
    |   File "D:\nhatro\backend\venv\Lib\site-packages\starlette\middleware\base.py", line 151, in coro
    |     await self.app(scope, receive_or_disconnect, send_no_error)
    |   File "D:\nhatro\backend\venv\Lib\site-packages\starlette\middleware\base.py", line 189, in __call__
    |     with collapse_excgroups():
    |          ^^^^^^^^^^^^^^^^^^^^
    |   File "C:\Users\ngocson\.cache\codex-runtimes\codex-primary-runtime\dependencies\python\Lib\contextlib.py", line 158, in __exit__
    |     self.gen.throw(value)
    |   File "D:\nhatro\backend\venv\Lib\site-packages\starlette\_utils.py", line 93, in collapse_excgroups
    |     raise exc
    |   File "D:\nhatro\backend\venv\Lib\site-packages\starlette\middleware\base.py", line 191, in __call__
    |     response = await self.dispatch_func(request, call_next)
    |                ^^^^^^^^^^^^^^^^^^^^^^^^^^^^^^^^^^^^^^^^^^^^
    |   File "D:\nhatro\backend\app\main.py", line 93, in add_process_time
    |     response = await call_next(request)
    |                ^^^^^^^^^^^^^^^^^^^^^^^^
    |   File "D:\nhatro\backend\venv\Lib\site-packages\starlette\middleware\base.py", line 165, in call_next
    |     raise app_exc
    |   File "D:\nhatro\backend\venv\Lib\site-packages\starlette\middleware\base.py", line 151, in coro
    |     await self.app(scope, receive_or_disconnect, send_no_error)
    |   File "D:\nhatro\backend\venv\Lib\site-packages\starlette\middleware\base.py", line 189, in __call__
    |     with collapse_excgroups():
    |          ^^^^^^^^^^^^^^^^^^^^
    |   File "C:\Users\ngocson\.cache\codex-runtimes\codex-primary-runtime\dependencies\python\Lib\contextlib.py", line 158, in __exit__
    |     self.gen.throw(value)
    |   File "D:\nhatro\backend\venv\Lib\site-packages\starlette\_utils.py", line 93, in collapse_excgroups
    |     raise exc
    |   File "D:\nhatro\backend\venv\Lib\site-packages\starlette\middleware\base.py", line 191, in __call__
    |     response = await self.dispatch_func(request, call_next)
    |                ^^^^^^^^^^^^^^^^^^^^^^^^^^^^^^^^^^^^^^^^^^^^
    |   File "D:\nhatro\backend\app\main.py", line 86, in add_security_headers
    |     response = await call_next(request)
    |                ^^^^^^^^^^^^^^^^^^^^^^^^
    |   File "D:\nhatro\backend\venv\Lib\site-packages\starlette\middleware\base.py", line 165, in call_next
    |     raise app_exc
    |   File "D:\nhatro\backend\venv\Lib\site-packages\starlette\middleware\base.py", line 151, in coro
    |     await self.app(scope, receive_or_disconnect, send_no_error)
    |   File "D:\nhatro\backend\venv\Lib\site-packages\starlette\middleware\cors.py", line 85, in __call__
    |     await self.app(scope, receive, send)
    |   File "D:\nhatro\backend\venv\Lib\site-packages\starlette\middleware\exceptions.py", line 65, in __call__
    |     await wrap_app_handling_exceptions(self.app, conn)(scope, receive, send)
    |   File "D:\nhatro\backend\venv\Lib\site-packages\starlette\_exception_handler.py", line 64, in wrapped_app
    |     raise exc
    |   File "D:\nhatro\backend\venv\Lib\site-packages\starlette\_exception_handler.py", line 53, in wrapped_app
    |     await app(scope, receive, sender)
    |   File "D:\nhatro\backend\venv\Lib\site-packages\starlette\routing.py", line 756, in __call__
    |     await self.middleware_stack(scope, receive, send)
    |   File "D:\nhatro\backend\venv\Lib\site-packages\starlette\routing.py", line 776, in app
    |     await route.handle(scope, receive, send)
    |   File "D:\nhatro\backend\venv\Lib\site-packages\starlette\routing.py", line 297, in handle
    |     await self.app(scope, receive, send)
    |   File "D:\nhatro\backend\venv\Lib\site-packages\starlette\routing.py", line 77, in app
    |     await wrap_app_handling_exceptions(app, request)(scope, receive, send)
    |   File "D:\nhatro\backend\venv\Lib\site-packages\starlette\_exception_handler.py", line 75, in wrapped_app
    |     response = await handler(conn, exc)
    |                ^^^^^^^^^^^^^^^^^^^^^^^^
    |   File "D:\nhatro\backend\app\main.py", line 157, in validation_exception_handler
    |     return JSONResponse(
    |            ^^^^^^^^^^^^^
    |   File "D:\nhatro\backend\venv\Lib\site-packages\starlette\responses.py", line 184, in __init__
    |     super().__init__(content, status_code, headers, media_type, background)
    |   File "D:\nhatro\backend\venv\Lib\site-packages\starlette\responses.py", line 41, in __init__
    |     self.body = self.render(content)
    |                 ^^^^^^^^^^^^^^^^^^^^
    |   File "D:\nhatro\backend\venv\Lib\site-packages\starlette\responses.py", line 187, in render
    |     return json.dumps(
    |            ^^^^^^^^^^^
    |   File "C:\Users\ngocson\.cache\codex-runtimes\codex-primary-runtime\dependencies\python\Lib\json\__init__.py", line 238, in dumps
    |     **kw).encode(obj)
    |           ^^^^^^^^^^^
    |   File "C:\Users\ngocson\.cache\codex-runtimes\codex-primary-runtime\dependencies\python\Lib\json\encoder.py", line 200, in encode
    |     chunks = self.iterencode(o, _one_shot=True)
    |              ^^^^^^^^^^^^^^^^^^^^^^^^^^^^^^^^^^
    |   File "C:\Users\ngocson\.cache\codex-runtimes\codex-primary-runtime\dependencies\python\Lib\json\encoder.py", line 258, in iterencode
    |     return _iterencode(o, 0)
    |            ^^^^^^^^^^^^^^^^^
    |   File "C:\Users\ngocson\.cache\codex-runtimes\codex-primary-runtime\dependencies\python\Lib\json\encoder.py", line 180, in default
    |     raise TypeError(f'Object of type {o.__class__.__name__} '
    | TypeError: Object of type ValueError is not JSON serializable
    +------------------------------------

During handling of the above exception, another exception occurred:

Traceback (most recent call last):
  File "D:\nhatro\backend\venv\Lib\site-packages\starlette\middleware\errors.py", line 164, in __call__
    await self.app(scope, receive, _send)
  File "D:\nhatro\backend\venv\Lib\site-packages\starlette\middleware\base.py", line 189, in __call__
    with collapse_excgroups():
         ^^^^^^^^^^^^^^^^^^^^
  File "C:\Users\ngocson\.cache\codex-runtimes\codex-primary-runtime\dependencies\python\Lib\contextlib.py", line 158, in __exit__
    self.gen.throw(value)
  File "D:\nhatro\backend\venv\Lib\site-packages\starlette\_utils.py", line 93, in collapse_excgroups
    raise exc
  File "D:\nhatro\backend\venv\Lib\site-packages\starlette\middleware\base.py", line 191, in __call__
    response = await self.dispatch_func(request, call_next)
               ^^^^^^^^^^^^^^^^^^^^^^^^^^^^^^^^^^^^^^^^^^^^
  File "D:\nhatro\backend\app\main.py", line 127, in rate_limit_middleware
    return await call_next(request)
           ^^^^^^^^^^^^^^^^^^^^^^^^
  File "D:\nhatro\backend\venv\Lib\site-packages\starlette\middleware\base.py", line 165, in call_next
    raise app_exc
  File "D:\nhatro\backend\venv\Lib\site-packages\starlette\middleware\base.py", line 151, in coro
    await self.app(scope, receive_or_disconnect, send_no_error)
  File "D:\nhatro\backend\venv\Lib\site-packages\starlette\middleware\base.py", line 189, in __call__
    with collapse_excgroups():
         ^^^^^^^^^^^^^^^^^^^^
  File "C:\Users\ngocson\.cache\codex-runtimes\codex-primary-runtime\dependencies\python\Lib\contextlib.py", line 158, in __exit__
    self.gen.throw(value)
  File "D:\nhatro\backend\venv\Lib\site-packages\starlette\_utils.py", line 93, in collapse_excgroups
    raise exc
  File "D:\nhatro\backend\venv\Lib\site-packages\starlette\middleware\base.py", line 191, in __call__
    response = await self.dispatch_func(request, call_next)
               ^^^^^^^^^^^^^^^^^^^^^^^^^^^^^^^^^^^^^^^^^^^^
  File "D:\nhatro\backend\app\main.py", line 93, in add_process_time
    response = await call_next(request)
               ^^^^^^^^^^^^^^^^^^^^^^^^
  File "D:\nhatro\backend\venv\Lib\site-packages\starlette\middleware\base.py", line 165, in call_next
    raise app_exc
  File "D:\nhatro\backend\venv\Lib\site-packages\starlette\middleware\base.py", line 151, in coro
    await self.app(scope, receive_or_disconnect, send_no_error)
  File "D:\nhatro\backend\venv\Lib\site-packages\starlette\middleware\base.py", line 189, in __call__
    with collapse_excgroups():
         ^^^^^^^^^^^^^^^^^^^^
  File "C:\Users\ngocson\.cache\codex-runtimes\codex-primary-runtime\dependencies\python\Lib\contextlib.py", line 158, in __exit__
    self.gen.throw(value)
  File "D:\nhatro\backend\venv\Lib\site-packages\starlette\_utils.py", line 93, in collapse_excgroups
    raise exc
  File "D:\nhatro\backend\venv\Lib\site-packages\starlette\middleware\base.py", line 191, in __call__
    response = await self.dispatch_func(request, call_next)
               ^^^^^^^^^^^^^^^^^^^^^^^^^^^^^^^^^^^^^^^^^^^^
  File "D:\nhatro\backend\app\main.py", line 86, in add_security_headers
    response = await call_next(request)
               ^^^^^^^^^^^^^^^^^^^^^^^^
  File "D:\nhatro\backend\venv\Lib\site-packages\starlette\middleware\base.py", line 165, in call_next
    raise app_exc
  File "D:\nhatro\backend\venv\Lib\site-packages\starlette\middleware\base.py", line 151, in coro
    await self.app(scope, receive_or_disconnect, send_no_error)
  File "D:\nhatro\backend\venv\Lib\site-packages\starlette\middleware\cors.py", line 85, in __call__
    await self.app(scope, receive, send)
  File "D:\nhatro\backend\venv\Lib\site-packages\starlette\middleware\exceptions.py", line 65, in __call__
    await wrap_app_handling_exceptions(self.app, conn)(scope, receive, send)
  File "D:\nhatro\backend\venv\Lib\site-packages\starlette\_exception_handler.py", line 64, in wrapped_app
    raise exc
  File "D:\nhatro\backend\venv\Lib\site-packages\starlette\_exception_handler.py", line 53, in wrapped_app
    await app(scope, receive, sender)
  File "D:\nhatro\backend\venv\Lib\site-packages\starlette\routing.py", line 756, in __call__
    await self.middleware_stack(scope, receive, send)
  File "D:\nhatro\backend\venv\Lib\site-packages\starlette\routing.py", line 776, in app
    await route.handle(scope, receive, send)
  File "D:\nhatro\backend\venv\Lib\site-packages\starlette\routing.py", line 297, in handle
    await self.app(scope, receive, send)
  File "D:\nhatro\backend\venv\Lib\site-packages\starlette\routing.py", line 77, in app
    await wrap_app_handling_exceptions(app, request)(scope, receive, send)
  File "D:\nhatro\backend\venv\Lib\site-packages\starlette\_exception_handler.py", line 75, in wrapped_app
    response = await handler(conn, exc)
               ^^^^^^^^^^^^^^^^^^^^^^^^
  File "D:\nhatro\backend\app\main.py", line 157, in validation_exception_handler
    return JSONResponse(
           ^^^^^^^^^^^^^
  File "D:\nhatro\backend\venv\Lib\site-packages\starlette\responses.py", line 184, in __init__
    super().__init__(content, status_code, headers, media_type, background)
  File "D:\nhatro\backend\venv\Lib\site-packages\starlette\responses.py", line 41, in __init__
    self.body = self.render(content)
                ^^^^^^^^^^^^^^^^^^^^
  File "D:\nhatro\backend\venv\Lib\site-packages\starlette\responses.py", line 187, in render
    return json.dumps(
           ^^^^^^^^^^^
  File "C:\Users\ngocson\.cache\codex-runtimes\codex-primary-runtime\dependencies\python\Lib\json\__init__.py", line 238, in dumps
    **kw).encode(obj)
          ^^^^^^^^^^^
  File "C:\Users\ngocson\.cache\codex-runtimes\codex-primary-runtime\dependencies\python\Lib\json\encoder.py", line 200, in encode
    chunks = self.iterencode(o, _one_shot=True)
             ^^^^^^^^^^^^^^^^^^^^^^^^^^^^^^^^^^
  File "C:\Users\ngocson\.cache\codex-runtimes\codex-primary-runtime\dependencies\python\Lib\json\encoder.py", line 258, in iterencode
    return _iterencode(o, 0)
           ^^^^^^^^^^^^^^^^^
  File "C:\Users\ngocson\.cache\codex-runtimes\codex-primary-runtime\dependencies\python\Lib\json\encoder.py", line 180, in default
    raise TypeError(f'Object of type {o.__class__.__name__} '
TypeError: Object of type ValueError is not JSON serializable
==============================================

=== VALIDATION ERROR AT POST /api/v1/auth/login ===
[{'type': 'value_error', 'loc': ('body', 'email'), 'msg': "value is not a valid email address: The part after the @-sign contains invalid characters: '&', '/', SPACE.", 'input': 'zaproxy@example.com&cat /etc/passwd&', 'ctx': {'reason': "The part after the @-sign contains invalid characters: '&', '/', SPACE."}}]
==============================================

=== VALIDATION ERROR AT POST /api/v1/auth/forgot-password ===
[{'type': 'value_error', 'loc': ('body', 'email'), 'msg': "value is not a valid email address: The part after the @-sign contains invalid characters: '&', '/', SPACE.", 'input': 'zaproxy@example.com&cat /etc/passwd&', 'ctx': {'reason': "The part after the @-sign contains invalid characters: '&', '/', SPACE."}}]
==============================================

=== VALIDATION ERROR AT POST /api/v1/auth/register/send-otp ===
[{'type': 'value_error', 'loc': ('body', 'email'), 'msg': "value is not a valid email address: The part after the @-sign contains invalid characters: '&', '/', SPACE.", 'input': 'zaproxy@example.com&cat /etc/passwd&', 'ctx': {'reason': "The part after the @-sign contains invalid characters: '&', '/', SPACE."}}]
==============================================

=== VALIDATION ERROR AT POST /api/v1/auth/register ===
[{'type': 'value_error', 'loc': ('body', 'email'), 'msg': "value is not a valid email address: The part after the @-sign contains invalid characters: '&', '/', SPACE.", 'input': 'zaproxy@example.com&cat /etc/passwd&', 'ctx': {'reason': "The part after the @-sign contains invalid characters: '&', '/', SPACE."}}, {'type': 'value_error', 'loc': ('body', 'password'), 'msg': 'Value error, Password must be at least 8 characters', 'input': 'ZAP', 'ctx': {'error': ValueError('Password must be at least 8 characters')}}, {'type': 'string_type', 'loc': ('body', 'phone'), 'msg': 'Input should be a valid string', 'input': 9999999999}, {'type': 'value_error', 'loc': ('body', 'otp_code'), 'msg': 'Value error, OTP code must be 6 digits', 'input': 'John Doe', 'ctx': {'error': ValueError('OTP code must be 6 digits')}}]
==============================================

=== GLOBAL EXCEPTION HANDLER AT POST /api/v1/auth/register ===
  + Exception Group Traceback (most recent call last):
  |   File "D:\nhatro\backend\venv\Lib\site-packages\starlette\_utils.py", line 87, in collapse_excgroups
  |     yield
  |   File "D:\nhatro\backend\venv\Lib\site-packages\starlette\middleware\base.py", line 190, in __call__
  |     async with anyio.create_task_group() as task_group:
  |                ^^^^^^^^^^^^^^^^^^^^^^^^^
  |   File "D:\nhatro\backend\venv\Lib\site-packages\anyio\_backends\_asyncio.py", line 799, in __aexit__
  |     raise BaseExceptionGroup(
  | ExceptionGroup: unhandled errors in a TaskGroup (1 sub-exception)
  +-+---------------- 1 ----------------
    | Traceback (most recent call last):
    |   File "D:\nhatro\backend\venv\Lib\site-packages\starlette\middleware\errors.py", line 164, in __call__
    |     await self.app(scope, receive, _send)
    |   File "D:\nhatro\backend\venv\Lib\site-packages\starlette\middleware\base.py", line 189, in __call__
    |     with collapse_excgroups():
    |          ^^^^^^^^^^^^^^^^^^^^
    |   File "C:\Users\ngocson\.cache\codex-runtimes\codex-primary-runtime\dependencies\python\Lib\contextlib.py", line 158, in __exit__
    |     self.gen.throw(value)
    |   File "D:\nhatro\backend\venv\Lib\site-packages\starlette\_utils.py", line 93, in collapse_excgroups
    |     raise exc
    |   File "D:\nhatro\backend\venv\Lib\site-packages\starlette\middleware\base.py", line 191, in __call__
    |     response = await self.dispatch_func(request, call_next)
    |                ^^^^^^^^^^^^^^^^^^^^^^^^^^^^^^^^^^^^^^^^^^^^
    |   File "D:\nhatro\backend\app\main.py", line 127, in rate_limit_middleware
    |     return await call_next(request)
    |            ^^^^^^^^^^^^^^^^^^^^^^^^
    |   File "D:\nhatro\backend\venv\Lib\site-packages\starlette\middleware\base.py", line 165, in call_next
    |     raise app_exc
    |   File "D:\nhatro\backend\venv\Lib\site-packages\starlette\middleware\base.py", line 151, in coro
    |     await self.app(scope, receive_or_disconnect, send_no_error)
    |   File "D:\nhatro\backend\venv\Lib\site-packages\starlette\middleware\base.py", line 189, in __call__
    |     with collapse_excgroups():
    |          ^^^^^^^^^^^^^^^^^^^^
    |   File "C:\Users\ngocson\.cache\codex-runtimes\codex-primary-runtime\dependencies\python\Lib\contextlib.py", line 158, in __exit__
    |     self.gen.throw(value)
    |   File "D:\nhatro\backend\venv\Lib\site-packages\starlette\_utils.py", line 93, in collapse_excgroups
    |     raise exc
    |   File "D:\nhatro\backend\venv\Lib\site-packages\starlette\middleware\base.py", line 191, in __call__
    |     response = await self.dispatch_func(request, call_next)
    |                ^^^^^^^^^^^^^^^^^^^^^^^^^^^^^^^^^^^^^^^^^^^^
    |   File "D:\nhatro\backend\app\main.py", line 93, in add_process_time
    |     response = await call_next(request)
    |                ^^^^^^^^^^^^^^^^^^^^^^^^
    |   File "D:\nhatro\backend\venv\Lib\site-packages\starlette\middleware\base.py", line 165, in call_next
    |     raise app_exc
    |   File "D:\nhatro\backend\venv\Lib\site-packages\starlette\middleware\base.py", line 151, in coro
    |     await self.app(scope, receive_or_disconnect, send_no_error)
    |   File "D:\nhatro\backend\venv\Lib\site-packages\starlette\middleware\base.py", line 189, in __call__
    |     with collapse_excgroups():
    |          ^^^^^^^^^^^^^^^^^^^^
    |   File "C:\Users\ngocson\.cache\codex-runtimes\codex-primary-runtime\dependencies\python\Lib\contextlib.py", line 158, in __exit__
    |     self.gen.throw(value)
    |   File "D:\nhatro\backend\venv\Lib\site-packages\starlette\_utils.py", line 93, in collapse_excgroups
    |     raise exc
    |   File "D:\nhatro\backend\venv\Lib\site-packages\starlette\middleware\base.py", line 191, in __call__
    |     response = await self.dispatch_func(request, call_next)
    |                ^^^^^^^^^^^^^^^^^^^^^^^^^^^^^^^^^^^^^^^^^^^^
    |   File "D:\nhatro\backend\app\main.py", line 86, in add_security_headers
    |     response = await call_next(request)
    |                ^^^^^^^^^^^^^^^^^^^^^^^^
    |   File "D:\nhatro\backend\venv\Lib\site-packages\starlette\middleware\base.py", line 165, in call_next
    |     raise app_exc
    |   File "D:\nhatro\backend\venv\Lib\site-packages\starlette\middleware\base.py", line 151, in coro
    |     await self.app(scope, receive_or_disconnect, send_no_error)
    |   File "D:\nhatro\backend\venv\Lib\site-packages\starlette\middleware\cors.py", line 85, in __call__
    |     await self.app(scope, receive, send)
    |   File "D:\nhatro\backend\venv\Lib\site-packages\starlette\middleware\exceptions.py", line 65, in __call__
    |     await wrap_app_handling_exceptions(self.app, conn)(scope, receive, send)
    |   File "D:\nhatro\backend\venv\Lib\site-packages\starlette\_exception_handler.py", line 64, in wrapped_app
    |     raise exc
    |   File "D:\nhatro\backend\venv\Lib\site-packages\starlette\_exception_handler.py", line 53, in wrapped_app
    |     await app(scope, receive, sender)
    |   File "D:\nhatro\backend\venv\Lib\site-packages\starlette\routing.py", line 756, in __call__
    |     await self.middleware_stack(scope, receive, send)
    |   File "D:\nhatro\backend\venv\Lib\site-packages\starlette\routing.py", line 776, in app
    |     await route.handle(scope, receive, send)
    |   File "D:\nhatro\backend\venv\Lib\site-packages\starlette\routing.py", line 297, in handle
    |     await self.app(scope, receive, send)
    |   File "D:\nhatro\backend\venv\Lib\site-packages\starlette\routing.py", line 77, in app
    |     await wrap_app_handling_exceptions(app, request)(scope, receive, send)
    |   File "D:\nhatro\backend\venv\Lib\site-packages\starlette\_exception_handler.py", line 75, in wrapped_app
    |     response = await handler(conn, exc)
    |                ^^^^^^^^^^^^^^^^^^^^^^^^
    |   File "D:\nhatro\backend\app\main.py", line 157, in validation_exception_handler
    |     return JSONResponse(
    |            ^^^^^^^^^^^^^
    |   File "D:\nhatro\backend\venv\Lib\site-packages\starlette\responses.py", line 184, in __init__
    |     super().__init__(content, status_code, headers, media_type, background)
    |   File "D:\nhatro\backend\venv\Lib\site-packages\starlette\responses.py", line 41, in __init__
    |     self.body = self.render(content)
    |                 ^^^^^^^^^^^^^^^^^^^^
    |   File "D:\nhatro\backend\venv\Lib\site-packages\starlette\responses.py", line 187, in render
    |     return json.dumps(
    |            ^^^^^^^^^^^
    |   File "C:\Users\ngocson\.cache\codex-runtimes\codex-primary-runtime\dependencies\python\Lib\json\__init__.py", line 238, in dumps
    |     **kw).encode(obj)
    |           ^^^^^^^^^^^
    |   File "C:\Users\ngocson\.cache\codex-runtimes\codex-primary-runtime\dependencies\python\Lib\json\encoder.py", line 200, in encode
    |     chunks = self.iterencode(o, _one_shot=True)
    |              ^^^^^^^^^^^^^^^^^^^^^^^^^^^^^^^^^^
    |   File "C:\Users\ngocson\.cache\codex-runtimes\codex-primary-runtime\dependencies\python\Lib\json\encoder.py", line 258, in iterencode
    |     return _iterencode(o, 0)
    |            ^^^^^^^^^^^^^^^^^
    |   File "C:\Users\ngocson\.cache\codex-runtimes\codex-primary-runtime\dependencies\python\Lib\json\encoder.py", line 180, in default
    |     raise TypeError(f'Object of type {o.__class__.__name__} '
    | TypeError: Object of type ValueError is not JSON serializable
    +------------------------------------

During handling of the above exception, another exception occurred:

Traceback (most recent call last):
  File "D:\nhatro\backend\venv\Lib\site-packages\starlette\middleware\errors.py", line 164, in __call__
    await self.app(scope, receive, _send)
  File "D:\nhatro\backend\venv\Lib\site-packages\starlette\middleware\base.py", line 189, in __call__
    with collapse_excgroups():
         ^^^^^^^^^^^^^^^^^^^^
  File "C:\Users\ngocson\.cache\codex-runtimes\codex-primary-runtime\dependencies\python\Lib\contextlib.py", line 158, in __exit__
    self.gen.throw(value)
  File "D:\nhatro\backend\venv\Lib\site-packages\starlette\_utils.py", line 93, in collapse_excgroups
    raise exc
  File "D:\nhatro\backend\venv\Lib\site-packages\starlette\middleware\base.py", line 191, in __call__
    response = await self.dispatch_func(request, call_next)
               ^^^^^^^^^^^^^^^^^^^^^^^^^^^^^^^^^^^^^^^^^^^^
  File "D:\nhatro\backend\app\main.py", line 127, in rate_limit_middleware
    return await call_next(request)
           ^^^^^^^^^^^^^^^^^^^^^^^^
  File "D:\nhatro\backend\venv\Lib\site-packages\starlette\middleware\base.py", line 165, in call_next
    raise app_exc
  File "D:\nhatro\backend\venv\Lib\site-packages\starlette\middleware\base.py", line 151, in coro
    await self.app(scope, receive_or_disconnect, send_no_error)
  File "D:\nhatro\backend\venv\Lib\site-packages\starlette\middleware\base.py", line 189, in __call__
    with collapse_excgroups():
         ^^^^^^^^^^^^^^^^^^^^
  File "C:\Users\ngocson\.cache\codex-runtimes\codex-primary-runtime\dependencies\python\Lib\contextlib.py", line 158, in __exit__
    self.gen.throw(value)
  File "D:\nhatro\backend\venv\Lib\site-packages\starlette\_utils.py", line 93, in collapse_excgroups
    raise exc
  File "D:\nhatro\backend\venv\Lib\site-packages\starlette\middleware\base.py", line 191, in __call__
    response = await self.dispatch_func(request, call_next)
               ^^^^^^^^^^^^^^^^^^^^^^^^^^^^^^^^^^^^^^^^^^^^
  File "D:\nhatro\backend\app\main.py", line 93, in add_process_time
    response = await call_next(request)
               ^^^^^^^^^^^^^^^^^^^^^^^^
  File "D:\nhatro\backend\venv\Lib\site-packages\starlette\middleware\base.py", line 165, in call_next
    raise app_exc
  File "D:\nhatro\backend\venv\Lib\site-packages\starlette\middleware\base.py", line 151, in coro
    await self.app(scope, receive_or_disconnect, send_no_error)
  File "D:\nhatro\backend\venv\Lib\site-packages\starlette\middleware\base.py", line 189, in __call__
    with collapse_excgroups():
         ^^^^^^^^^^^^^^^^^^^^
  File "C:\Users\ngocson\.cache\codex-runtimes\codex-primary-runtime\dependencies\python\Lib\contextlib.py", line 158, in __exit__
    self.gen.throw(value)
  File "D:\nhatro\backend\venv\Lib\site-packages\starlette\_utils.py", line 93, in collapse_excgroups
    raise exc
  File "D:\nhatro\backend\venv\Lib\site-packages\starlette\middleware\base.py", line 191, in __call__
    response = await self.dispatch_func(request, call_next)
               ^^^^^^^^^^^^^^^^^^^^^^^^^^^^^^^^^^^^^^^^^^^^
  File "D:\nhatro\backend\app\main.py", line 86, in add_security_headers
    response = await call_next(request)
               ^^^^^^^^^^^^^^^^^^^^^^^^
  File "D:\nhatro\backend\venv\Lib\site-packages\starlette\middleware\base.py", line 165, in call_next
    raise app_exc
  File "D:\nhatro\backend\venv\Lib\site-packages\starlette\middleware\base.py", line 151, in coro
    await self.app(scope, receive_or_disconnect, send_no_error)
  File "D:\nhatro\backend\venv\Lib\site-packages\starlette\middleware\cors.py", line 85, in __call__
    await self.app(scope, receive, send)
  File "D:\nhatro\backend\venv\Lib\site-packages\starlette\middleware\exceptions.py", line 65, in __call__
    await wrap_app_handling_exceptions(self.app, conn)(scope, receive, send)
  File "D:\nhatro\backend\venv\Lib\site-packages\starlette\_exception_handler.py", line 64, in wrapped_app
    raise exc
  File "D:\nhatro\backend\venv\Lib\site-packages\starlette\_exception_handler.py", line 53, in wrapped_app
    await app(scope, receive, sender)
  File "D:\nhatro\backend\venv\Lib\site-packages\starlette\routing.py", line 756, in __call__
    await self.middleware_stack(scope, receive, send)
  File "D:\nhatro\backend\venv\Lib\site-packages\starlette\routing.py", line 776, in app
    await route.handle(scope, receive, send)
  File "D:\nhatro\backend\venv\Lib\site-packages\starlette\routing.py", line 297, in handle
    await self.app(scope, receive, send)
  File "D:\nhatro\backend\venv\Lib\site-packages\starlette\routing.py", line 77, in app
    await wrap_app_handling_exceptions(app, request)(scope, receive, send)
  File "D:\nhatro\backend\venv\Lib\site-packages\starlette\_exception_handler.py", line 75, in wrapped_app
    response = await handler(conn, exc)
               ^^^^^^^^^^^^^^^^^^^^^^^^
  File "D:\nhatro\backend\app\main.py", line 157, in validation_exception_handler
    return JSONResponse(
           ^^^^^^^^^^^^^
  File "D:\nhatro\backend\venv\Lib\site-packages\starlette\responses.py", line 184, in __init__
    super().__init__(content, status_code, headers, media_type, background)
  File "D:\nhatro\backend\venv\Lib\site-packages\starlette\responses.py", line 41, in __init__
    self.body = self.render(content)
                ^^^^^^^^^^^^^^^^^^^^
  File "D:\nhatro\backend\venv\Lib\site-packages\starlette\responses.py", line 187, in render
    return json.dumps(
           ^^^^^^^^^^^
  File "C:\Users\ngocson\.cache\codex-runtimes\codex-primary-runtime\dependencies\python\Lib\json\__init__.py", line 238, in dumps
    **kw).encode(obj)
          ^^^^^^^^^^^
  File "C:\Users\ngocson\.cache\codex-runtimes\codex-primary-runtime\dependencies\python\Lib\json\encoder.py", line 200, in encode
    chunks = self.iterencode(o, _one_shot=True)
             ^^^^^^^^^^^^^^^^^^^^^^^^^^^^^^^^^^
  File "C:\Users\ngocson\.cache\codex-runtimes\codex-primary-runtime\dependencies\python\Lib\json\encoder.py", line 258, in iterencode
    return _iterencode(o, 0)
           ^^^^^^^^^^^^^^^^^
  File "C:\Users\ngocson\.cache\codex-runtimes\codex-primary-runtime\dependencies\python\Lib\json\encoder.py", line 180, in default
    raise TypeError(f'Object of type {o.__class__.__name__} '
TypeError: Object of type ValueError is not JSON serializable
==============================================

=== VALIDATION ERROR AT POST /api/v1/auth/forgot-password ===
[{'type': 'value_error', 'loc': ('body', 'email'), 'msg': "value is not a valid email address: The part after the @-sign contains invalid characters: '/', ';', SPACE.", 'input': 'zaproxy@example.com;cat /etc/passwd;', 'ctx': {'reason': "The part after the @-sign contains invalid characters: '/', ';', SPACE."}}]
==============================================

=== VALIDATION ERROR AT POST /api/v1/auth/login ===
[{'type': 'value_error', 'loc': ('body', 'email'), 'msg': "value is not a valid email address: The part after the @-sign contains invalid characters: '/', ';', SPACE.", 'input': 'zaproxy@example.com;cat /etc/passwd;', 'ctx': {'reason': "The part after the @-sign contains invalid characters: '/', ';', SPACE."}}]
==============================================

=== VALIDATION ERROR AT POST /api/v1/auth/register/send-otp ===
[{'type': 'value_error', 'loc': ('body', 'email'), 'msg': "value is not a valid email address: The part after the @-sign contains invalid characters: '/', ';', SPACE.", 'input': 'zaproxy@example.com;cat /etc/passwd;', 'ctx': {'reason': "The part after the @-sign contains invalid characters: '/', ';', SPACE."}}]
==============================================

=== VALIDATION ERROR AT POST /api/v1/auth/register ===
[{'type': 'value_error', 'loc': ('body', 'email'), 'msg': "value is not a valid email address: The part after the @-sign contains invalid characters: '/', ';', SPACE.", 'input': 'zaproxy@example.com;cat /etc/passwd;', 'ctx': {'reason': "The part after the @-sign contains invalid characters: '/', ';', SPACE."}}, {'type': 'value_error', 'loc': ('body', 'password'), 'msg': 'Value error, Password must be at least 8 characters', 'input': 'ZAP', 'ctx': {'error': ValueError('Password must be at least 8 characters')}}, {'type': 'string_type', 'loc': ('body', 'phone'), 'msg': 'Input should be a valid string', 'input': 9999999999}, {'type': 'value_error', 'loc': ('body', 'otp_code'), 'msg': 'Value error, OTP code must be 6 digits', 'input': 'John Doe', 'ctx': {'error': ValueError('OTP code must be 6 digits')}}]
==============================================

=== GLOBAL EXCEPTION HANDLER AT POST /api/v1/auth/register ===
  + Exception Group Traceback (most recent call last):
  |   File "D:\nhatro\backend\venv\Lib\site-packages\starlette\_utils.py", line 87, in collapse_excgroups
  |     yield
  |   File "D:\nhatro\backend\venv\Lib\site-packages\starlette\middleware\base.py", line 190, in __call__
  |     async with anyio.create_task_group() as task_group:
  |                ^^^^^^^^^^^^^^^^^^^^^^^^^
  |   File "D:\nhatro\backend\venv\Lib\site-packages\anyio\_backends\_asyncio.py", line 799, in __aexit__
  |     raise BaseExceptionGroup(
  | ExceptionGroup: unhandled errors in a TaskGroup (1 sub-exception)
  +-+---------------- 1 ----------------
    | Traceback (most recent call last):
    |   File "D:\nhatro\backend\venv\Lib\site-packages\starlette\middleware\errors.py", line 164, in __call__
    |     await self.app(scope, receive, _send)
    |   File "D:\nhatro\backend\venv\Lib\site-packages\starlette\middleware\base.py", line 189, in __call__
    |     with collapse_excgroups():
    |          ^^^^^^^^^^^^^^^^^^^^
    |   File "C:\Users\ngocson\.cache\codex-runtimes\codex-primary-runtime\dependencies\python\Lib\contextlib.py", line 158, in __exit__
    |     self.gen.throw(value)
    |   File "D:\nhatro\backend\venv\Lib\site-packages\starlette\_utils.py", line 93, in collapse_excgroups
    |     raise exc
    |   File "D:\nhatro\backend\venv\Lib\site-packages\starlette\middleware\base.py", line 191, in __call__
    |     response = await self.dispatch_func(request, call_next)
    |                ^^^^^^^^^^^^^^^^^^^^^^^^^^^^^^^^^^^^^^^^^^^^
    |   File "D:\nhatro\backend\app\main.py", line 127, in rate_limit_middleware
    |     return await call_next(request)
    |            ^^^^^^^^^^^^^^^^^^^^^^^^
    |   File "D:\nhatro\backend\venv\Lib\site-packages\starlette\middleware\base.py", line 165, in call_next
    |     raise app_exc
    |   File "D:\nhatro\backend\venv\Lib\site-packages\starlette\middleware\base.py", line 151, in coro
    |     await self.app(scope, receive_or_disconnect, send_no_error)
    |   File "D:\nhatro\backend\venv\Lib\site-packages\starlette\middleware\base.py", line 189, in __call__
    |     with collapse_excgroups():
    |          ^^^^^^^^^^^^^^^^^^^^
    |   File "C:\Users\ngocson\.cache\codex-runtimes\codex-primary-runtime\dependencies\python\Lib\contextlib.py", line 158, in __exit__
    |     self.gen.throw(value)
    |   File "D:\nhatro\backend\venv\Lib\site-packages\starlette\_utils.py", line 93, in collapse_excgroups
    |     raise exc
    |   File "D:\nhatro\backend\venv\Lib\site-packages\starlette\middleware\base.py", line 191, in __call__
    |     response = await self.dispatch_func(request, call_next)
    |                ^^^^^^^^^^^^^^^^^^^^^^^^^^^^^^^^^^^^^^^^^^^^
    |   File "D:\nhatro\backend\app\main.py", line 93, in add_process_time
    |     response = await call_next(request)
    |                ^^^^^^^^^^^^^^^^^^^^^^^^
    |   File "D:\nhatro\backend\venv\Lib\site-packages\starlette\middleware\base.py", line 165, in call_next
    |     raise app_exc
    |   File "D:\nhatro\backend\venv\Lib\site-packages\starlette\middleware\base.py", line 151, in coro
    |     await self.app(scope, receive_or_disconnect, send_no_error)
    |   File "D:\nhatro\backend\venv\Lib\site-packages\starlette\middleware\base.py", line 189, in __call__
    |     with collapse_excgroups():
    |          ^^^^^^^^^^^^^^^^^^^^
    |   File "C:\Users\ngocson\.cache\codex-runtimes\codex-primary-runtime\dependencies\python\Lib\contextlib.py", line 158, in __exit__
    |     self.gen.throw(value)
    |   File "D:\nhatro\backend\venv\Lib\site-packages\starlette\_utils.py", line 93, in collapse_excgroups
    |     raise exc
    |   File "D:\nhatro\backend\venv\Lib\site-packages\starlette\middleware\base.py", line 191, in __call__
    |     response = await self.dispatch_func(request, call_next)
    |                ^^^^^^^^^^^^^^^^^^^^^^^^^^^^^^^^^^^^^^^^^^^^
    |   File "D:\nhatro\backend\app\main.py", line 86, in add_security_headers
    |     response = await call_next(request)
    |                ^^^^^^^^^^^^^^^^^^^^^^^^
    |   File "D:\nhatro\backend\venv\Lib\site-packages\starlette\middleware\base.py", line 165, in call_next
    |     raise app_exc
    |   File "D:\nhatro\backend\venv\Lib\site-packages\starlette\middleware\base.py", line 151, in coro
    |     await self.app(scope, receive_or_disconnect, send_no_error)
    |   File "D:\nhatro\backend\venv\Lib\site-packages\starlette\middleware\cors.py", line 85, in __call__
    |     await self.app(scope, receive, send)
    |   File "D:\nhatro\backend\venv\Lib\site-packages\starlette\middleware\exceptions.py", line 65, in __call__
    |     await wrap_app_handling_exceptions(self.app, conn)(scope, receive, send)
    |   File "D:\nhatro\backend\venv\Lib\site-packages\starlette\_exception_handler.py", line 64, in wrapped_app
    |     raise exc
    |   File "D:\nhatro\backend\venv\Lib\site-packages\starlette\_exception_handler.py", line 53, in wrapped_app
    |     await app(scope, receive, sender)
    |   File "D:\nhatro\backend\venv\Lib\site-packages\starlette\routing.py", line 756, in __call__
    |     await self.middleware_stack(scope, receive, send)
    |   File "D:\nhatro\backend\venv\Lib\site-packages\starlette\routing.py", line 776, in app
    |     await route.handle(scope, receive, send)
    |   File "D:\nhatro\backend\venv\Lib\site-packages\starlette\routing.py", line 297, in handle
    |     await self.app(scope, receive, send)
    |   File "D:\nhatro\backend\venv\Lib\site-packages\starlette\routing.py", line 77, in app
    |     await wrap_app_handling_exceptions(app, request)(scope, receive, send)
    |   File "D:\nhatro\backend\venv\Lib\site-packages\starlette\_exception_handler.py", line 75, in wrapped_app
    |     response = await handler(conn, exc)
    |                ^^^^^^^^^^^^^^^^^^^^^^^^
    |   File "D:\nhatro\backend\app\main.py", line 157, in validation_exception_handler
    |     return JSONResponse(
    |            ^^^^^^^^^^^^^
    |   File "D:\nhatro\backend\venv\Lib\site-packages\starlette\responses.py", line 184, in __init__
    |     super().__init__(content, status_code, headers, media_type, background)
    |   File "D:\nhatro\backend\venv\Lib\site-packages\starlette\responses.py", line 41, in __init__
    |     self.body = self.render(content)
    |                 ^^^^^^^^^^^^^^^^^^^^
    |   File "D:\nhatro\backend\venv\Lib\site-packages\starlette\responses.py", line 187, in render
    |     return json.dumps(
    |            ^^^^^^^^^^^
    |   File "C:\Users\ngocson\.cache\codex-runtimes\codex-primary-runtime\dependencies\python\Lib\json\__init__.py", line 238, in dumps
    |     **kw).encode(obj)
    |           ^^^^^^^^^^^
    |   File "C:\Users\ngocson\.cache\codex-runtimes\codex-primary-runtime\dependencies\python\Lib\json\encoder.py", line 200, in encode
    |     chunks = self.iterencode(o, _one_shot=True)
    |              ^^^^^^^^^^^^^^^^^^^^^^^^^^^^^^^^^^
    |   File "C:\Users\ngocson\.cache\codex-runtimes\codex-primary-runtime\dependencies\python\Lib\json\encoder.py", line 258, in iterencode
    |     return _iterencode(o, 0)
    |            ^^^^^^^^^^^^^^^^^
    |   File "C:\Users\ngocson\.cache\codex-runtimes\codex-primary-runtime\dependencies\python\Lib\json\encoder.py", line 180, in default
    |     raise TypeError(f'Object of type {o.__class__.__name__} '
    | TypeError: Object of type ValueError is not JSON serializable
    +------------------------------------

During handling of the above exception, another exception occurred:

Traceback (most recent call last):
  File "D:\nhatro\backend\venv\Lib\site-packages\starlette\middleware\errors.py", line 164, in __call__
    await self.app(scope, receive, _send)
  File "D:\nhatro\backend\venv\Lib\site-packages\starlette\middleware\base.py", line 189, in __call__
    with collapse_excgroups():
         ^^^^^^^^^^^^^^^^^^^^
  File "C:\Users\ngocson\.cache\codex-runtimes\codex-primary-runtime\dependencies\python\Lib\contextlib.py", line 158, in __exit__
    self.gen.throw(value)
  File "D:\nhatro\backend\venv\Lib\site-packages\starlette\_utils.py", line 93, in collapse_excgroups
    raise exc
  File "D:\nhatro\backend\venv\Lib\site-packages\starlette\middleware\base.py", line 191, in __call__
    response = await self.dispatch_func(request, call_next)
               ^^^^^^^^^^^^^^^^^^^^^^^^^^^^^^^^^^^^^^^^^^^^
  File "D:\nhatro\backend\app\main.py", line 127, in rate_limit_middleware
    return await call_next(request)
           ^^^^^^^^^^^^^^^^^^^^^^^^
  File "D:\nhatro\backend\venv\Lib\site-packages\starlette\middleware\base.py", line 165, in call_next
    raise app_exc
  File "D:\nhatro\backend\venv\Lib\site-packages\starlette\middleware\base.py", line 151, in coro
    await self.app(scope, receive_or_disconnect, send_no_error)
  File "D:\nhatro\backend\venv\Lib\site-packages\starlette\middleware\base.py", line 189, in __call__
    with collapse_excgroups():
         ^^^^^^^^^^^^^^^^^^^^
  File "C:\Users\ngocson\.cache\codex-runtimes\codex-primary-runtime\dependencies\python\Lib\contextlib.py", line 158, in __exit__
    self.gen.throw(value)
  File "D:\nhatro\backend\venv\Lib\site-packages\starlette\_utils.py", line 93, in collapse_excgroups
    raise exc
  File "D:\nhatro\backend\venv\Lib\site-packages\starlette\middleware\base.py", line 191, in __call__
    response = await self.dispatch_func(request, call_next)
               ^^^^^^^^^^^^^^^^^^^^^^^^^^^^^^^^^^^^^^^^^^^^
  File "D:\nhatro\backend\app\main.py", line 93, in add_process_time
    response = await call_next(request)
               ^^^^^^^^^^^^^^^^^^^^^^^^
  File "D:\nhatro\backend\venv\Lib\site-packages\starlette\middleware\base.py", line 165, in call_next
    raise app_exc
  File "D:\nhatro\backend\venv\Lib\site-packages\starlette\middleware\base.py", line 151, in coro
    await self.app(scope, receive_or_disconnect, send_no_error)
  File "D:\nhatro\backend\venv\Lib\site-packages\starlette\middleware\base.py", line 189, in __call__
    with collapse_excgroups():
         ^^^^^^^^^^^^^^^^^^^^
  File "C:\Users\ngocson\.cache\codex-runtimes\codex-primary-runtime\dependencies\python\Lib\contextlib.py", line 158, in __exit__
    self.gen.throw(value)
  File "D:\nhatro\backend\venv\Lib\site-packages\starlette\_utils.py", line 93, in collapse_excgroups
    raise exc
  File "D:\nhatro\backend\venv\Lib\site-packages\starlette\middleware\base.py", line 191, in __call__
    response = await self.dispatch_func(request, call_next)
               ^^^^^^^^^^^^^^^^^^^^^^^^^^^^^^^^^^^^^^^^^^^^
  File "D:\nhatro\backend\app\main.py", line 86, in add_security_headers
    response = await call_next(request)
               ^^^^^^^^^^^^^^^^^^^^^^^^
  File "D:\nhatro\backend\venv\Lib\site-packages\starlette\middleware\base.py", line 165, in call_next
    raise app_exc
  File "D:\nhatro\backend\venv\Lib\site-packages\starlette\middleware\base.py", line 151, in coro
    await self.app(scope, receive_or_disconnect, send_no_error)
  File "D:\nhatro\backend\venv\Lib\site-packages\starlette\middleware\cors.py", line 85, in __call__
    await self.app(scope, receive, send)
  File "D:\nhatro\backend\venv\Lib\site-packages\starlette\middleware\exceptions.py", line 65, in __call__
    await wrap_app_handling_exceptions(self.app, conn)(scope, receive, send)
  File "D:\nhatro\backend\venv\Lib\site-packages\starlette\_exception_handler.py", line 64, in wrapped_app
    raise exc
  File "D:\nhatro\backend\venv\Lib\site-packages\starlette\_exception_handler.py", line 53, in wrapped_app
    await app(scope, receive, sender)
  File "D:\nhatro\backend\venv\Lib\site-packages\starlette\routing.py", line 756, in __call__
    await self.middleware_stack(scope, receive, send)
  File "D:\nhatro\backend\venv\Lib\site-packages\starlette\routing.py", line 776, in app
    await route.handle(scope, receive, send)
  File "D:\nhatro\backend\venv\Lib\site-packages\starlette\routing.py", line 297, in handle
    await self.app(scope, receive, send)
  File "D:\nhatro\backend\venv\Lib\site-packages\starlette\routing.py", line 77, in app
    await wrap_app_handling_exceptions(app, request)(scope, receive, send)
  File "D:\nhatro\backend\venv\Lib\site-packages\starlette\_exception_handler.py", line 75, in wrapped_app
    response = await handler(conn, exc)
               ^^^^^^^^^^^^^^^^^^^^^^^^
  File "D:\nhatro\backend\app\main.py", line 157, in validation_exception_handler
    return JSONResponse(
           ^^^^^^^^^^^^^
  File "D:\nhatro\backend\venv\Lib\site-packages\starlette\responses.py", line 184, in __init__
    super().__init__(content, status_code, headers, media_type, background)
  File "D:\nhatro\backend\venv\Lib\site-packages\starlette\responses.py", line 41, in __init__
    self.body = self.render(content)
                ^^^^^^^^^^^^^^^^^^^^
  File "D:\nhatro\backend\venv\Lib\site-packages\starlette\responses.py", line 187, in render
    return json.dumps(
           ^^^^^^^^^^^
  File "C:\Users\ngocson\.cache\codex-runtimes\codex-primary-runtime\dependencies\python\Lib\json\__init__.py", line 238, in dumps
    **kw).encode(obj)
          ^^^^^^^^^^^
  File "C:\Users\ngocson\.cache\codex-runtimes\codex-primary-runtime\dependencies\python\Lib\json\encoder.py", line 200, in encode
    chunks = self.iterencode(o, _one_shot=True)
             ^^^^^^^^^^^^^^^^^^^^^^^^^^^^^^^^^^
  File "C:\Users\ngocson\.cache\codex-runtimes\codex-primary-runtime\dependencies\python\Lib\json\encoder.py", line 258, in iterencode
    return _iterencode(o, 0)
           ^^^^^^^^^^^^^^^^^
  File "C:\Users\ngocson\.cache\codex-runtimes\codex-primary-runtime\dependencies\python\Lib\json\encoder.py", line 180, in default
    raise TypeError(f'Object of type {o.__class__.__name__} '
TypeError: Object of type ValueError is not JSON serializable
==============================================

=== VALIDATION ERROR AT POST /api/v1/auth/forgot-password ===
[{'type': 'value_error', 'loc': ('body', 'email'), 'msg': 'value is not a valid email address: The part after the @-sign contains invalid characters: \'"\', \'&\', \'/\', SPACE.', 'input': 'zaproxy@example.com"&cat /etc/passwd&"', 'ctx': {'reason': 'The part after the @-sign contains invalid characters: \'"\', \'&\', \'/\', SPACE.'}}]
==============================================

=== VALIDATION ERROR AT POST /api/v1/auth/login ===
[{'type': 'value_error', 'loc': ('body', 'email'), 'msg': 'value is not a valid email address: The part after the @-sign contains invalid characters: \'"\', \'&\', \'/\', SPACE.', 'input': 'zaproxy@example.com"&cat /etc/passwd&"', 'ctx': {'reason': 'The part after the @-sign contains invalid characters: \'"\', \'&\', \'/\', SPACE.'}}]
==============================================

=== VALIDATION ERROR AT POST /api/v1/auth/register/send-otp ===
[{'type': 'value_error', 'loc': ('body', 'email'), 'msg': 'value is not a valid email address: The part after the @-sign contains invalid characters: \'"\', \'&\', \'/\', SPACE.', 'input': 'zaproxy@example.com"&cat /etc/passwd&"', 'ctx': {'reason': 'The part after the @-sign contains invalid characters: \'"\', \'&\', \'/\', SPACE.'}}]
==============================================

=== VALIDATION ERROR AT POST /api/v1/auth/register ===
[{'type': 'value_error', 'loc': ('body', 'email'), 'msg': 'value is not a valid email address: The part after the @-sign contains invalid characters: \'"\', \'&\', \'/\', SPACE.', 'input': 'zaproxy@example.com"&cat /etc/passwd&"', 'ctx': {'reason': 'The part after the @-sign contains invalid characters: \'"\', \'&\', \'/\', SPACE.'}}, {'type': 'value_error', 'loc': ('body', 'password'), 'msg': 'Value error, Password must be at least 8 characters', 'input': 'ZAP', 'ctx': {'error': ValueError('Password must be at least 8 characters')}}, {'type': 'string_type', 'loc': ('body', 'phone'), 'msg': 'Input should be a valid string', 'input': 9999999999}, {'type': 'value_error', 'loc': ('body', 'otp_code'), 'msg': 'Value error, OTP code must be 6 digits', 'input': 'John Doe', 'ctx': {'error': ValueError('OTP code must be 6 digits')}}]
==============================================

=== GLOBAL EXCEPTION HANDLER AT POST /api/v1/auth/register ===
  + Exception Group Traceback (most recent call last):
  |   File "D:\nhatro\backend\venv\Lib\site-packages\starlette\_utils.py", line 87, in collapse_excgroups
  |     yield
  |   File "D:\nhatro\backend\venv\Lib\site-packages\starlette\middleware\base.py", line 190, in __call__
  |     async with anyio.create_task_group() as task_group:
  |                ^^^^^^^^^^^^^^^^^^^^^^^^^
  |   File "D:\nhatro\backend\venv\Lib\site-packages\anyio\_backends\_asyncio.py", line 799, in __aexit__
  |     raise BaseExceptionGroup(
  | ExceptionGroup: unhandled errors in a TaskGroup (1 sub-exception)
  +-+---------------- 1 ----------------
    | Traceback (most recent call last):
    |   File "D:\nhatro\backend\venv\Lib\site-packages\starlette\middleware\errors.py", line 164, in __call__
    |     await self.app(scope, receive, _send)
    |   File "D:\nhatro\backend\venv\Lib\site-packages\starlette\middleware\base.py", line 189, in __call__
    |     with collapse_excgroups():
    |          ^^^^^^^^^^^^^^^^^^^^
    |   File "C:\Users\ngocson\.cache\codex-runtimes\codex-primary-runtime\dependencies\python\Lib\contextlib.py", line 158, in __exit__
    |     self.gen.throw(value)
    |   File "D:\nhatro\backend\venv\Lib\site-packages\starlette\_utils.py", line 93, in collapse_excgroups
    |     raise exc
    |   File "D:\nhatro\backend\venv\Lib\site-packages\starlette\middleware\base.py", line 191, in __call__
    |     response = await self.dispatch_func(request, call_next)
    |                ^^^^^^^^^^^^^^^^^^^^^^^^^^^^^^^^^^^^^^^^^^^^
    |   File "D:\nhatro\backend\app\main.py", line 127, in rate_limit_middleware
    |     return await call_next(request)
    |            ^^^^^^^^^^^^^^^^^^^^^^^^
    |   File "D:\nhatro\backend\venv\Lib\site-packages\starlette\middleware\base.py", line 165, in call_next
    |     raise app_exc
    |   File "D:\nhatro\backend\venv\Lib\site-packages\starlette\middleware\base.py", line 151, in coro
    |     await self.app(scope, receive_or_disconnect, send_no_error)
    |   File "D:\nhatro\backend\venv\Lib\site-packages\starlette\middleware\base.py", line 189, in __call__
    |     with collapse_excgroups():
    |          ^^^^^^^^^^^^^^^^^^^^
    |   File "C:\Users\ngocson\.cache\codex-runtimes\codex-primary-runtime\dependencies\python\Lib\contextlib.py", line 158, in __exit__
    |     self.gen.throw(value)
    |   File "D:\nhatro\backend\venv\Lib\site-packages\starlette\_utils.py", line 93, in collapse_excgroups
    |     raise exc
    |   File "D:\nhatro\backend\venv\Lib\site-packages\starlette\middleware\base.py", line 191, in __call__
    |     response = await self.dispatch_func(request, call_next)
    |                ^^^^^^^^^^^^^^^^^^^^^^^^^^^^^^^^^^^^^^^^^^^^
    |   File "D:\nhatro\backend\app\main.py", line 93, in add_process_time
    |     response = await call_next(request)
    |                ^^^^^^^^^^^^^^^^^^^^^^^^
    |   File "D:\nhatro\backend\venv\Lib\site-packages\starlette\middleware\base.py", line 165, in call_next
    |     raise app_exc
    |   File "D:\nhatro\backend\venv\Lib\site-packages\starlette\middleware\base.py", line 151, in coro
    |     await self.app(scope, receive_or_disconnect, send_no_error)
    |   File "D:\nhatro\backend\venv\Lib\site-packages\starlette\middleware\base.py", line 189, in __call__
    |     with collapse_excgroups():
    |          ^^^^^^^^^^^^^^^^^^^^
    |   File "C:\Users\ngocson\.cache\codex-runtimes\codex-primary-runtime\dependencies\python\Lib\contextlib.py", line 158, in __exit__
    |     self.gen.throw(value)
    |   File "D:\nhatro\backend\venv\Lib\site-packages\starlette\_utils.py", line 93, in collapse_excgroups
    |     raise exc
    |   File "D:\nhatro\backend\venv\Lib\site-packages\starlette\middleware\base.py", line 191, in __call__
    |     response = await self.dispatch_func(request, call_next)
    |                ^^^^^^^^^^^^^^^^^^^^^^^^^^^^^^^^^^^^^^^^^^^^
    |   File "D:\nhatro\backend\app\main.py", line 86, in add_security_headers
    |     response = await call_next(request)
    |                ^^^^^^^^^^^^^^^^^^^^^^^^
    |   File "D:\nhatro\backend\venv\Lib\site-packages\starlette\middleware\base.py", line 165, in call_next
    |     raise app_exc
    |   File "D:\nhatro\backend\venv\Lib\site-packages\starlette\middleware\base.py", line 151, in coro
    |     await self.app(scope, receive_or_disconnect, send_no_error)
    |   File "D:\nhatro\backend\venv\Lib\site-packages\starlette\middleware\cors.py", line 85, in __call__
    |     await self.app(scope, receive, send)
    |   File "D:\nhatro\backend\venv\Lib\site-packages\starlette\middleware\exceptions.py", line 65, in __call__
    |     await wrap_app_handling_exceptions(self.app, conn)(scope, receive, send)
    |   File "D:\nhatro\backend\venv\Lib\site-packages\starlette\_exception_handler.py", line 64, in wrapped_app
    |     raise exc
    |   File "D:\nhatro\backend\venv\Lib\site-packages\starlette\_exception_handler.py", line 53, in wrapped_app
    |     await app(scope, receive, sender)
    |   File "D:\nhatro\backend\venv\Lib\site-packages\starlette\routing.py", line 756, in __call__
    |     await self.middleware_stack(scope, receive, send)
    |   File "D:\nhatro\backend\venv\Lib\site-packages\starlette\routing.py", line 776, in app
    |     await route.handle(scope, receive, send)
    |   File "D:\nhatro\backend\venv\Lib\site-packages\starlette\routing.py", line 297, in handle
    |     await self.app(scope, receive, send)
    |   File "D:\nhatro\backend\venv\Lib\site-packages\starlette\routing.py", line 77, in app
    |     await wrap_app_handling_exceptions(app, request)(scope, receive, send)
    |   File "D:\nhatro\backend\venv\Lib\site-packages\starlette\_exception_handler.py", line 75, in wrapped_app
    |     response = await handler(conn, exc)
    |                ^^^^^^^^^^^^^^^^^^^^^^^^
    |   File "D:\nhatro\backend\app\main.py", line 157, in validation_exception_handler
    |     return JSONResponse(
    |            ^^^^^^^^^^^^^
    |   File "D:\nhatro\backend\venv\Lib\site-packages\starlette\responses.py", line 184, in __init__
    |     super().__init__(content, status_code, headers, media_type, background)
    |   File "D:\nhatro\backend\venv\Lib\site-packages\starlette\responses.py", line 41, in __init__
    |     self.body = self.render(content)
    |                 ^^^^^^^^^^^^^^^^^^^^
    |   File "D:\nhatro\backend\venv\Lib\site-packages\starlette\responses.py", line 187, in render
    |     return json.dumps(
    |            ^^^^^^^^^^^
    |   File "C:\Users\ngocson\.cache\codex-runtimes\codex-primary-runtime\dependencies\python\Lib\json\__init__.py", line 238, in dumps
    |     **kw).encode(obj)
    |           ^^^^^^^^^^^
    |   File "C:\Users\ngocson\.cache\codex-runtimes\codex-primary-runtime\dependencies\python\Lib\json\encoder.py", line 200, in encode
    |     chunks = self.iterencode(o, _one_shot=True)
    |              ^^^^^^^^^^^^^^^^^^^^^^^^^^^^^^^^^^
    |   File "C:\Users\ngocson\.cache\codex-runtimes\codex-primary-runtime\dependencies\python\Lib\json\encoder.py", line 258, in iterencode
    |     return _iterencode(o, 0)
    |            ^^^^^^^^^^^^^^^^^
    |   File "C:\Users\ngocson\.cache\codex-runtimes\codex-primary-runtime\dependencies\python\Lib\json\encoder.py", line 180, in default
    |     raise TypeError(f'Object of type {o.__class__.__name__} '
    | TypeError: Object of type ValueError is not JSON serializable
    +------------------------------------

During handling of the above exception, another exception occurred:

Traceback (most recent call last):
  File "D:\nhatro\backend\venv\Lib\site-packages\starlette\middleware\errors.py", line 164, in __call__
    await self.app(scope, receive, _send)
  File "D:\nhatro\backend\venv\Lib\site-packages\starlette\middleware\base.py", line 189, in __call__
    with collapse_excgroups():
         ^^^^^^^^^^^^^^^^^^^^
  File "C:\Users\ngocson\.cache\codex-runtimes\codex-primary-runtime\dependencies\python\Lib\contextlib.py", line 158, in __exit__
    self.gen.throw(value)
  File "D:\nhatro\backend\venv\Lib\site-packages\starlette\_utils.py", line 93, in collapse_excgroups
    raise exc
  File "D:\nhatro\backend\venv\Lib\site-packages\starlette\middleware\base.py", line 191, in __call__
    response = await self.dispatch_func(request, call_next)
               ^^^^^^^^^^^^^^^^^^^^^^^^^^^^^^^^^^^^^^^^^^^^
  File "D:\nhatro\backend\app\main.py", line 127, in rate_limit_middleware
    return await call_next(request)
           ^^^^^^^^^^^^^^^^^^^^^^^^
  File "D:\nhatro\backend\venv\Lib\site-packages\starlette\middleware\base.py", line 165, in call_next
    raise app_exc
  File "D:\nhatro\backend\venv\Lib\site-packages\starlette\middleware\base.py", line 151, in coro
    await self.app(scope, receive_or_disconnect, send_no_error)
  File "D:\nhatro\backend\venv\Lib\site-packages\starlette\middleware\base.py", line 189, in __call__
    with collapse_excgroups():
         ^^^^^^^^^^^^^^^^^^^^
  File "C:\Users\ngocson\.cache\codex-runtimes\codex-primary-runtime\dependencies\python\Lib\contextlib.py", line 158, in __exit__
    self.gen.throw(value)
  File "D:\nhatro\backend\venv\Lib\site-packages\starlette\_utils.py", line 93, in collapse_excgroups
    raise exc
  File "D:\nhatro\backend\venv\Lib\site-packages\starlette\middleware\base.py", line 191, in __call__
    response = await self.dispatch_func(request, call_next)
               ^^^^^^^^^^^^^^^^^^^^^^^^^^^^^^^^^^^^^^^^^^^^
  File "D:\nhatro\backend\app\main.py", line 93, in add_process_time
    response = await call_next(request)
               ^^^^^^^^^^^^^^^^^^^^^^^^
  File "D:\nhatro\backend\venv\Lib\site-packages\starlette\middleware\base.py", line 165, in call_next
    raise app_exc
  File "D:\nhatro\backend\venv\Lib\site-packages\starlette\middleware\base.py", line 151, in coro
    await self.app(scope, receive_or_disconnect, send_no_error)
  File "D:\nhatro\backend\venv\Lib\site-packages\starlette\middleware\base.py", line 189, in __call__
    with collapse_excgroups():
         ^^^^^^^^^^^^^^^^^^^^
  File "C:\Users\ngocson\.cache\codex-runtimes\codex-primary-runtime\dependencies\python\Lib\contextlib.py", line 158, in __exit__
    self.gen.throw(value)
  File "D:\nhatro\backend\venv\Lib\site-packages\starlette\_utils.py", line 93, in collapse_excgroups
    raise exc
  File "D:\nhatro\backend\venv\Lib\site-packages\starlette\middleware\base.py", line 191, in __call__
    response = await self.dispatch_func(request, call_next)
               ^^^^^^^^^^^^^^^^^^^^^^^^^^^^^^^^^^^^^^^^^^^^
  File "D:\nhatro\backend\app\main.py", line 86, in add_security_headers
    response = await call_next(request)
               ^^^^^^^^^^^^^^^^^^^^^^^^
  File "D:\nhatro\backend\venv\Lib\site-packages\starlette\middleware\base.py", line 165, in call_next
    raise app_exc
  File "D:\nhatro\backend\venv\Lib\site-packages\starlette\middleware\base.py", line 151, in coro
    await self.app(scope, receive_or_disconnect, send_no_error)
  File "D:\nhatro\backend\venv\Lib\site-packages\starlette\middleware\cors.py", line 85, in __call__
    await self.app(scope, receive, send)
  File "D:\nhatro\backend\venv\Lib\site-packages\starlette\middleware\exceptions.py", line 65, in __call__
    await wrap_app_handling_exceptions(self.app, conn)(scope, receive, send)
  File "D:\nhatro\backend\venv\Lib\site-packages\starlette\_exception_handler.py", line 64, in wrapped_app
    raise exc
  File "D:\nhatro\backend\venv\Lib\site-packages\starlette\_exception_handler.py", line 53, in wrapped_app
    await app(scope, receive, sender)
  File "D:\nhatro\backend\venv\Lib\site-packages\starlette\routing.py", line 756, in __call__
    await self.middleware_stack(scope, receive, send)
  File "D:\nhatro\backend\venv\Lib\site-packages\starlette\routing.py", line 776, in app
    await route.handle(scope, receive, send)
  File "D:\nhatro\backend\venv\Lib\site-packages\starlette\routing.py", line 297, in handle
    await self.app(scope, receive, send)
  File "D:\nhatro\backend\venv\Lib\site-packages\starlette\routing.py", line 77, in app
    await wrap_app_handling_exceptions(app, request)(scope, receive, send)
  File "D:\nhatro\backend\venv\Lib\site-packages\starlette\_exception_handler.py", line 75, in wrapped_app
    response = await handler(conn, exc)
               ^^^^^^^^^^^^^^^^^^^^^^^^
  File "D:\nhatro\backend\app\main.py", line 157, in validation_exception_handler
    return JSONResponse(
           ^^^^^^^^^^^^^
  File "D:\nhatro\backend\venv\Lib\site-packages\starlette\responses.py", line 184, in __init__
    super().__init__(content, status_code, headers, media_type, background)
  File "D:\nhatro\backend\venv\Lib\site-packages\starlette\responses.py", line 41, in __init__
    self.body = self.render(content)
                ^^^^^^^^^^^^^^^^^^^^
  File "D:\nhatro\backend\venv\Lib\site-packages\starlette\responses.py", line 187, in render
    return json.dumps(
           ^^^^^^^^^^^
  File "C:\Users\ngocson\.cache\codex-runtimes\codex-primary-runtime\dependencies\python\Lib\json\__init__.py", line 238, in dumps
    **kw).encode(obj)
          ^^^^^^^^^^^
  File "C:\Users\ngocson\.cache\codex-runtimes\codex-primary-runtime\dependencies\python\Lib\json\encoder.py", line 200, in encode
    chunks = self.iterencode(o, _one_shot=True)
             ^^^^^^^^^^^^^^^^^^^^^^^^^^^^^^^^^^
  File "C:\Users\ngocson\.cache\codex-runtimes\codex-primary-runtime\dependencies\python\Lib\json\encoder.py", line 258, in iterencode
    return _iterencode(o, 0)
           ^^^^^^^^^^^^^^^^^
  File "C:\Users\ngocson\.cache\codex-runtimes\codex-primary-runtime\dependencies\python\Lib\json\encoder.py", line 180, in default
    raise TypeError(f'Object of type {o.__class__.__name__} '
TypeError: Object of type ValueError is not JSON serializable
==============================================

=== VALIDATION ERROR AT POST /api/v1/auth/forgot-password ===
[{'type': 'value_error', 'loc': ('body', 'email'), 'msg': 'value is not a valid email address: The part after the @-sign contains invalid characters: \'"\', \'/\', \';\', SPACE.', 'input': 'zaproxy@example.com";cat /etc/passwd;"', 'ctx': {'reason': 'The part after the @-sign contains invalid characters: \'"\', \'/\', \';\', SPACE.'}}]
==============================================

=== VALIDATION ERROR AT POST /api/v1/auth/login ===
[{'type': 'value_error', 'loc': ('body', 'email'), 'msg': 'value is not a valid email address: The part after the @-sign contains invalid characters: \'"\', \'/\', \';\', SPACE.', 'input': 'zaproxy@example.com";cat /etc/passwd;"', 'ctx': {'reason': 'The part after the @-sign contains invalid characters: \'"\', \'/\', \';\', SPACE.'}}]
==============================================

=== VALIDATION ERROR AT POST /api/v1/auth/register/send-otp ===
[{'type': 'value_error', 'loc': ('body', 'email'), 'msg': 'value is not a valid email address: The part after the @-sign contains invalid characters: \'"\', \'/\', \';\', SPACE.', 'input': 'zaproxy@example.com";cat /etc/passwd;"', 'ctx': {'reason': 'The part after the @-sign contains invalid characters: \'"\', \'/\', \';\', SPACE.'}}]
==============================================

=== VALIDATION ERROR AT POST /api/v1/auth/register ===
[{'type': 'value_error', 'loc': ('body', 'email'), 'msg': 'value is not a valid email address: The part after the @-sign contains invalid characters: \'"\', \'/\', \';\', SPACE.', 'input': 'zaproxy@example.com";cat /etc/passwd;"', 'ctx': {'reason': 'The part after the @-sign contains invalid characters: \'"\', \'/\', \';\', SPACE.'}}, {'type': 'value_error', 'loc': ('body', 'password'), 'msg': 'Value error, Password must be at least 8 characters', 'input': 'ZAP', 'ctx': {'error': ValueError('Password must be at least 8 characters')}}, {'type': 'string_type', 'loc': ('body', 'phone'), 'msg': 'Input should be a valid string', 'input': 9999999999}, {'type': 'value_error', 'loc': ('body', 'otp_code'), 'msg': 'Value error, OTP code must be 6 digits', 'input': 'John Doe', 'ctx': {'error': ValueError('OTP code must be 6 digits')}}]
==============================================

=== GLOBAL EXCEPTION HANDLER AT POST /api/v1/auth/register ===
  + Exception Group Traceback (most recent call last):
  |   File "D:\nhatro\backend\venv\Lib\site-packages\starlette\_utils.py", line 87, in collapse_excgroups
  |     yield
  |   File "D:\nhatro\backend\venv\Lib\site-packages\starlette\middleware\base.py", line 190, in __call__
  |     async with anyio.create_task_group() as task_group:
  |                ^^^^^^^^^^^^^^^^^^^^^^^^^
  |   File "D:\nhatro\backend\venv\Lib\site-packages\anyio\_backends\_asyncio.py", line 799, in __aexit__
  |     raise BaseExceptionGroup(
  | ExceptionGroup: unhandled errors in a TaskGroup (1 sub-exception)
  +-+---------------- 1 ----------------
    | Traceback (most recent call last):
    |   File "D:\nhatro\backend\venv\Lib\site-packages\starlette\middleware\errors.py", line 164, in __call__
    |     await self.app(scope, receive, _send)
    |   File "D:\nhatro\backend\venv\Lib\site-packages\starlette\middleware\base.py", line 189, in __call__
    |     with collapse_excgroups():
    |          ^^^^^^^^^^^^^^^^^^^^
    |   File "C:\Users\ngocson\.cache\codex-runtimes\codex-primary-runtime\dependencies\python\Lib\contextlib.py", line 158, in __exit__
    |     self.gen.throw(value)
    |   File "D:\nhatro\backend\venv\Lib\site-packages\starlette\_utils.py", line 93, in collapse_excgroups
    |     raise exc
    |   File "D:\nhatro\backend\venv\Lib\site-packages\starlette\middleware\base.py", line 191, in __call__
    |     response = await self.dispatch_func(request, call_next)
    |                ^^^^^^^^^^^^^^^^^^^^^^^^^^^^^^^^^^^^^^^^^^^^
    |   File "D:\nhatro\backend\app\main.py", line 127, in rate_limit_middleware
    |     return await call_next(request)
    |            ^^^^^^^^^^^^^^^^^^^^^^^^
    |   File "D:\nhatro\backend\venv\Lib\site-packages\starlette\middleware\base.py", line 165, in call_next
    |     raise app_exc
    |   File "D:\nhatro\backend\venv\Lib\site-packages\starlette\middleware\base.py", line 151, in coro
    |     await self.app(scope, receive_or_disconnect, send_no_error)
    |   File "D:\nhatro\backend\venv\Lib\site-packages\starlette\middleware\base.py", line 189, in __call__
    |     with collapse_excgroups():
    |          ^^^^^^^^^^^^^^^^^^^^
    |   File "C:\Users\ngocson\.cache\codex-runtimes\codex-primary-runtime\dependencies\python\Lib\contextlib.py", line 158, in __exit__
    |     self.gen.throw(value)
    |   File "D:\nhatro\backend\venv\Lib\site-packages\starlette\_utils.py", line 93, in collapse_excgroups
    |     raise exc
    |   File "D:\nhatro\backend\venv\Lib\site-packages\starlette\middleware\base.py", line 191, in __call__
    |     response = await self.dispatch_func(request, call_next)
    |                ^^^^^^^^^^^^^^^^^^^^^^^^^^^^^^^^^^^^^^^^^^^^
    |   File "D:\nhatro\backend\app\main.py", line 93, in add_process_time
    |     response = await call_next(request)
    |                ^^^^^^^^^^^^^^^^^^^^^^^^
    |   File "D:\nhatro\backend\venv\Lib\site-packages\starlette\middleware\base.py", line 165, in call_next
    |     raise app_exc
    |   File "D:\nhatro\backend\venv\Lib\site-packages\starlette\middleware\base.py", line 151, in coro
    |     await self.app(scope, receive_or_disconnect, send_no_error)
    |   File "D:\nhatro\backend\venv\Lib\site-packages\starlette\middleware\base.py", line 189, in __call__
    |     with collapse_excgroups():
    |          ^^^^^^^^^^^^^^^^^^^^
    |   File "C:\Users\ngocson\.cache\codex-runtimes\codex-primary-runtime\dependencies\python\Lib\contextlib.py", line 158, in __exit__
    |     self.gen.throw(value)
    |   File "D:\nhatro\backend\venv\Lib\site-packages\starlette\_utils.py", line 93, in collapse_excgroups
    |     raise exc
    |   File "D:\nhatro\backend\venv\Lib\site-packages\starlette\middleware\base.py", line 191, in __call__
    |     response = await self.dispatch_func(request, call_next)
    |                ^^^^^^^^^^^^^^^^^^^^^^^^^^^^^^^^^^^^^^^^^^^^
    |   File "D:\nhatro\backend\app\main.py", line 86, in add_security_headers
    |     response = await call_next(request)
    |                ^^^^^^^^^^^^^^^^^^^^^^^^
    |   File "D:\nhatro\backend\venv\Lib\site-packages\starlette\middleware\base.py", line 165, in call_next
    |     raise app_exc
    |   File "D:\nhatro\backend\venv\Lib\site-packages\starlette\middleware\base.py", line 151, in coro
    |     await self.app(scope, receive_or_disconnect, send_no_error)
    |   File "D:\nhatro\backend\venv\Lib\site-packages\starlette\middleware\cors.py", line 85, in __call__
    |     await self.app(scope, receive, send)
    |   File "D:\nhatro\backend\venv\Lib\site-packages\starlette\middleware\exceptions.py", line 65, in __call__
    |     await wrap_app_handling_exceptions(self.app, conn)(scope, receive, send)
    |   File "D:\nhatro\backend\venv\Lib\site-packages\starlette\_exception_handler.py", line 64, in wrapped_app
    |     raise exc
    |   File "D:\nhatro\backend\venv\Lib\site-packages\starlette\_exception_handler.py", line 53, in wrapped_app
    |     await app(scope, receive, sender)
    |   File "D:\nhatro\backend\venv\Lib\site-packages\starlette\routing.py", line 756, in __call__
    |     await self.middleware_stack(scope, receive, send)
    |   File "D:\nhatro\backend\venv\Lib\site-packages\starlette\routing.py", line 776, in app
    |     await route.handle(scope, receive, send)
    |   File "D:\nhatro\backend\venv\Lib\site-packages\starlette\routing.py", line 297, in handle
    |     await self.app(scope, receive, send)
    |   File "D:\nhatro\backend\venv\Lib\site-packages\starlette\routing.py", line 77, in app
    |     await wrap_app_handling_exceptions(app, request)(scope, receive, send)
    |   File "D:\nhatro\backend\venv\Lib\site-packages\starlette\_exception_handler.py", line 75, in wrapped_app
    |     response = await handler(conn, exc)
    |                ^^^^^^^^^^^^^^^^^^^^^^^^
    |   File "D:\nhatro\backend\app\main.py", line 157, in validation_exception_handler
    |     return JSONResponse(
    |            ^^^^^^^^^^^^^
    |   File "D:\nhatro\backend\venv\Lib\site-packages\starlette\responses.py", line 184, in __init__
    |     super().__init__(content, status_code, headers, media_type, background)
    |   File "D:\nhatro\backend\venv\Lib\site-packages\starlette\responses.py", line 41, in __init__
    |     self.body = self.render(content)
    |                 ^^^^^^^^^^^^^^^^^^^^
    |   File "D:\nhatro\backend\venv\Lib\site-packages\starlette\responses.py", line 187, in render
    |     return json.dumps(
    |            ^^^^^^^^^^^
    |   File "C:\Users\ngocson\.cache\codex-runtimes\codex-primary-runtime\dependencies\python\Lib\json\__init__.py", line 238, in dumps
    |     **kw).encode(obj)
    |           ^^^^^^^^^^^
    |   File "C:\Users\ngocson\.cache\codex-runtimes\codex-primary-runtime\dependencies\python\Lib\json\encoder.py", line 200, in encode
    |     chunks = self.iterencode(o, _one_shot=True)
    |              ^^^^^^^^^^^^^^^^^^^^^^^^^^^^^^^^^^
    |   File "C:\Users\ngocson\.cache\codex-runtimes\codex-primary-runtime\dependencies\python\Lib\json\encoder.py", line 258, in iterencode
    |     return _iterencode(o, 0)
    |            ^^^^^^^^^^^^^^^^^
    |   File "C:\Users\ngocson\.cache\codex-runtimes\codex-primary-runtime\dependencies\python\Lib\json\encoder.py", line 180, in default
    |     raise TypeError(f'Object of type {o.__class__.__name__} '
    | TypeError: Object of type ValueError is not JSON serializable
    +------------------------------------

During handling of the above exception, another exception occurred:

Traceback (most recent call last):
  File "D:\nhatro\backend\venv\Lib\site-packages\starlette\middleware\errors.py", line 164, in __call__
    await self.app(scope, receive, _send)
  File "D:\nhatro\backend\venv\Lib\site-packages\starlette\middleware\base.py", line 189, in __call__
    with collapse_excgroups():
         ^^^^^^^^^^^^^^^^^^^^
  File "C:\Users\ngocson\.cache\codex-runtimes\codex-primary-runtime\dependencies\python\Lib\contextlib.py", line 158, in __exit__
    self.gen.throw(value)
  File "D:\nhatro\backend\venv\Lib\site-packages\starlette\_utils.py", line 93, in collapse_excgroups
    raise exc
  File "D:\nhatro\backend\venv\Lib\site-packages\starlette\middleware\base.py", line 191, in __call__
    response = await self.dispatch_func(request, call_next)
               ^^^^^^^^^^^^^^^^^^^^^^^^^^^^^^^^^^^^^^^^^^^^
  File "D:\nhatro\backend\app\main.py", line 127, in rate_limit_middleware
    return await call_next(request)
           ^^^^^^^^^^^^^^^^^^^^^^^^
  File "D:\nhatro\backend\venv\Lib\site-packages\starlette\middleware\base.py", line 165, in call_next
    raise app_exc
  File "D:\nhatro\backend\venv\Lib\site-packages\starlette\middleware\base.py", line 151, in coro
    await self.app(scope, receive_or_disconnect, send_no_error)
  File "D:\nhatro\backend\venv\Lib\site-packages\starlette\middleware\base.py", line 189, in __call__
    with collapse_excgroups():
         ^^^^^^^^^^^^^^^^^^^^
  File "C:\Users\ngocson\.cache\codex-runtimes\codex-primary-runtime\dependencies\python\Lib\contextlib.py", line 158, in __exit__
    self.gen.throw(value)
  File "D:\nhatro\backend\venv\Lib\site-packages\starlette\_utils.py", line 93, in collapse_excgroups
    raise exc
  File "D:\nhatro\backend\venv\Lib\site-packages\starlette\middleware\base.py", line 191, in __call__
    response = await self.dispatch_func(request, call_next)
               ^^^^^^^^^^^^^^^^^^^^^^^^^^^^^^^^^^^^^^^^^^^^
  File "D:\nhatro\backend\app\main.py", line 93, in add_process_time
    response = await call_next(request)
               ^^^^^^^^^^^^^^^^^^^^^^^^
  File "D:\nhatro\backend\venv\Lib\site-packages\starlette\middleware\base.py", line 165, in call_next
    raise app_exc
  File "D:\nhatro\backend\venv\Lib\site-packages\starlette\middleware\base.py", line 151, in coro
    await self.app(scope, receive_or_disconnect, send_no_error)
  File "D:\nhatro\backend\venv\Lib\site-packages\starlette\middleware\base.py", line 189, in __call__
    with collapse_excgroups():
         ^^^^^^^^^^^^^^^^^^^^
  File "C:\Users\ngocson\.cache\codex-runtimes\codex-primary-runtime\dependencies\python\Lib\contextlib.py", line 158, in __exit__
    self.gen.throw(value)
  File "D:\nhatro\backend\venv\Lib\site-packages\starlette\_utils.py", line 93, in collapse_excgroups
    raise exc
  File "D:\nhatro\backend\venv\Lib\site-packages\starlette\middleware\base.py", line 191, in __call__
    response = await self.dispatch_func(request, call_next)
               ^^^^^^^^^^^^^^^^^^^^^^^^^^^^^^^^^^^^^^^^^^^^
  File "D:\nhatro\backend\app\main.py", line 86, in add_security_headers
    response = await call_next(request)
               ^^^^^^^^^^^^^^^^^^^^^^^^
  File "D:\nhatro\backend\venv\Lib\site-packages\starlette\middleware\base.py", line 165, in call_next
    raise app_exc
  File "D:\nhatro\backend\venv\Lib\site-packages\starlette\middleware\base.py", line 151, in coro
    await self.app(scope, receive_or_disconnect, send_no_error)
  File "D:\nhatro\backend\venv\Lib\site-packages\starlette\middleware\cors.py", line 85, in __call__
    await self.app(scope, receive, send)
  File "D:\nhatro\backend\venv\Lib\site-packages\starlette\middleware\exceptions.py", line 65, in __call__
    await wrap_app_handling_exceptions(self.app, conn)(scope, receive, send)
  File "D:\nhatro\backend\venv\Lib\site-packages\starlette\_exception_handler.py", line 64, in wrapped_app
    raise exc
  File "D:\nhatro\backend\venv\Lib\site-packages\starlette\_exception_handler.py", line 53, in wrapped_app
    await app(scope, receive, sender)
  File "D:\nhatro\backend\venv\Lib\site-packages\starlette\routing.py", line 756, in __call__
    await self.middleware_stack(scope, receive, send)
  File "D:\nhatro\backend\venv\Lib\site-packages\starlette\routing.py", line 776, in app
    await route.handle(scope, receive, send)
  File "D:\nhatro\backend\venv\Lib\site-packages\starlette\routing.py", line 297, in handle
    await self.app(scope, receive, send)
  File "D:\nhatro\backend\venv\Lib\site-packages\starlette\routing.py", line 77, in app
    await wrap_app_handling_exceptions(app, request)(scope, receive, send)
  File "D:\nhatro\backend\venv\Lib\site-packages\starlette\_exception_handler.py", line 75, in wrapped_app
    response = await handler(conn, exc)
               ^^^^^^^^^^^^^^^^^^^^^^^^
  File "D:\nhatro\backend\app\main.py", line 157, in validation_exception_handler
    return JSONResponse(
           ^^^^^^^^^^^^^
  File "D:\nhatro\backend\venv\Lib\site-packages\starlette\responses.py", line 184, in __init__
    super().__init__(content, status_code, headers, media_type, background)
  File "D:\nhatro\backend\venv\Lib\site-packages\starlette\responses.py", line 41, in __init__
    self.body = self.render(content)
                ^^^^^^^^^^^^^^^^^^^^
  File "D:\nhatro\backend\venv\Lib\site-packages\starlette\responses.py", line 187, in render
    return json.dumps(
           ^^^^^^^^^^^
  File "C:\Users\ngocson\.cache\codex-runtimes\codex-primary-runtime\dependencies\python\Lib\json\__init__.py", line 238, in dumps
    **kw).encode(obj)
          ^^^^^^^^^^^
  File "C:\Users\ngocson\.cache\codex-runtimes\codex-primary-runtime\dependencies\python\Lib\json\encoder.py", line 200, in encode
    chunks = self.iterencode(o, _one_shot=True)
             ^^^^^^^^^^^^^^^^^^^^^^^^^^^^^^^^^^
  File "C:\Users\ngocson\.cache\codex-runtimes\codex-primary-runtime\dependencies\python\Lib\json\encoder.py", line 258, in iterencode
    return _iterencode(o, 0)
           ^^^^^^^^^^^^^^^^^
  File "C:\Users\ngocson\.cache\codex-runtimes\codex-primary-runtime\dependencies\python\Lib\json\encoder.py", line 180, in default
    raise TypeError(f'Object of type {o.__class__.__name__} '
TypeError: Object of type ValueError is not JSON serializable
==============================================

=== VALIDATION ERROR AT PATCH /api/v1/boarding-houses/type+%SYSTEMROOT%\win.ini ===
[{'type': 'json_invalid', 'loc': ('body', 8), 'msg': 'JSON decode error', 'input': {}, 'ctx': {'error': 'Expecting value'}}]
==============================================

=== VALIDATION ERROR AT POST /api/v1/auth/forgot-password ===
[{'type': 'value_error', 'loc': ('body', 'email'), 'msg': 'value is not a valid email address: The part after the @-sign contains invalid characters: "\'", \'&\', \'/\', SPACE.', 'input': "zaproxy@example.com'&cat /etc/passwd&'", 'ctx': {'reason': 'The part after the @-sign contains invalid characters: "\'", \'&\', \'/\', SPACE.'}}]
==============================================

=== VALIDATION ERROR AT POST /api/v1/auth/login ===
[{'type': 'value_error', 'loc': ('body', 'email'), 'msg': 'value is not a valid email address: The part after the @-sign contains invalid characters: "\'", \'&\', \'/\', SPACE.', 'input': "zaproxy@example.com'&cat /etc/passwd&'", 'ctx': {'reason': 'The part after the @-sign contains invalid characters: "\'", \'&\', \'/\', SPACE.'}}]
==============================================

=== VALIDATION ERROR AT PATCH /api/v1/maintenance/type+%SYSTEMROOT%\win.ini ===
[{'type': 'json_invalid', 'loc': ('body', 34), 'msg': 'JSON decode error', 'input': {}, 'ctx': {'error': 'Expecting value'}}]
==============================================

=== VALIDATION ERROR AT POST /api/v1/auth/register/send-otp ===
[{'type': 'value_error', 'loc': ('body', 'email'), 'msg': 'value is not a valid email address: The part after the @-sign contains invalid characters: "\'", \'&\', \'/\', SPACE.', 'input': "zaproxy@example.com'&cat /etc/passwd&'", 'ctx': {'reason': 'The part after the @-sign contains invalid characters: "\'", \'&\', \'/\', SPACE.'}}]
==============================================

=== VALIDATION ERROR AT POST /api/v1/auth/register ===
[{'type': 'value_error', 'loc': ('body', 'email'), 'msg': 'value is not a valid email address: The part after the @-sign contains invalid characters: "\'", \'&\', \'/\', SPACE.', 'input': "zaproxy@example.com'&cat /etc/passwd&'", 'ctx': {'reason': 'The part after the @-sign contains invalid characters: "\'", \'&\', \'/\', SPACE.'}}, {'type': 'value_error', 'loc': ('body', 'password'), 'msg': 'Value error, Password must be at least 8 characters', 'input': 'ZAP', 'ctx': {'error': ValueError('Password must be at least 8 characters')}}, {'type': 'string_type', 'loc': ('body', 'phone'), 'msg': 'Input should be a valid string', 'input': 9999999999}, {'type': 'value_error', 'loc': ('body', 'otp_code'), 'msg': 'Value error, OTP code must be 6 digits', 'input': 'John Doe', 'ctx': {'error': ValueError('OTP code must be 6 digits')}}]
==============================================

=== GLOBAL EXCEPTION HANDLER AT POST /api/v1/auth/register ===
  + Exception Group Traceback (most recent call last):
  |   File "D:\nhatro\backend\venv\Lib\site-packages\starlette\_utils.py", line 87, in collapse_excgroups
  |     yield
  |   File "D:\nhatro\backend\venv\Lib\site-packages\starlette\middleware\base.py", line 190, in __call__
  |     async with anyio.create_task_group() as task_group:
  |                ^^^^^^^^^^^^^^^^^^^^^^^^^
  |   File "D:\nhatro\backend\venv\Lib\site-packages\anyio\_backends\_asyncio.py", line 799, in __aexit__
  |     raise BaseExceptionGroup(
  | ExceptionGroup: unhandled errors in a TaskGroup (1 sub-exception)
  +-+---------------- 1 ----------------
    | Traceback (most recent call last):
    |   File "D:\nhatro\backend\venv\Lib\site-packages\starlette\middleware\errors.py", line 164, in __call__
    |     await self.app(scope, receive, _send)
    |   File "D:\nhatro\backend\venv\Lib\site-packages\starlette\middleware\base.py", line 189, in __call__
    |     with collapse_excgroups():
    |          ^^^^^^^^^^^^^^^^^^^^
    |   File "C:\Users\ngocson\.cache\codex-runtimes\codex-primary-runtime\dependencies\python\Lib\contextlib.py", line 158, in __exit__
    |     self.gen.throw(value)
    |   File "D:\nhatro\backend\venv\Lib\site-packages\starlette\_utils.py", line 93, in collapse_excgroups
    |     raise exc
    |   File "D:\nhatro\backend\venv\Lib\site-packages\starlette\middleware\base.py", line 191, in __call__
    |     response = await self.dispatch_func(request, call_next)
    |                ^^^^^^^^^^^^^^^^^^^^^^^^^^^^^^^^^^^^^^^^^^^^
    |   File "D:\nhatro\backend\app\main.py", line 127, in rate_limit_middleware
    |     return await call_next(request)
    |            ^^^^^^^^^^^^^^^^^^^^^^^^
    |   File "D:\nhatro\backend\venv\Lib\site-packages\starlette\middleware\base.py", line 165, in call_next
    |     raise app_exc
    |   File "D:\nhatro\backend\venv\Lib\site-packages\starlette\middleware\base.py", line 151, in coro
    |     await self.app(scope, receive_or_disconnect, send_no_error)
    |   File "D:\nhatro\backend\venv\Lib\site-packages\starlette\middleware\base.py", line 189, in __call__
    |     with collapse_excgroups():
    |          ^^^^^^^^^^^^^^^^^^^^
    |   File "C:\Users\ngocson\.cache\codex-runtimes\codex-primary-runtime\dependencies\python\Lib\contextlib.py", line 158, in __exit__
    |     self.gen.throw(value)
    |   File "D:\nhatro\backend\venv\Lib\site-packages\starlette\_utils.py", line 93, in collapse_excgroups
    |     raise exc
    |   File "D:\nhatro\backend\venv\Lib\site-packages\starlette\middleware\base.py", line 191, in __call__
    |     response = await self.dispatch_func(request, call_next)
    |                ^^^^^^^^^^^^^^^^^^^^^^^^^^^^^^^^^^^^^^^^^^^^
    |   File "D:\nhatro\backend\app\main.py", line 93, in add_process_time
    |     response = await call_next(request)
    |                ^^^^^^^^^^^^^^^^^^^^^^^^
    |   File "D:\nhatro\backend\venv\Lib\site-packages\starlette\middleware\base.py", line 165, in call_next
    |     raise app_exc
    |   File "D:\nhatro\backend\venv\Lib\site-packages\starlette\middleware\base.py", line 151, in coro
    |     await self.app(scope, receive_or_disconnect, send_no_error)
    |   File "D:\nhatro\backend\venv\Lib\site-packages\starlette\middleware\base.py", line 189, in __call__
    |     with collapse_excgroups():
    |          ^^^^^^^^^^^^^^^^^^^^
    |   File "C:\Users\ngocson\.cache\codex-runtimes\codex-primary-runtime\dependencies\python\Lib\contextlib.py", line 158, in __exit__
    |     self.gen.throw(value)
    |   File "D:\nhatro\backend\venv\Lib\site-packages\starlette\_utils.py", line 93, in collapse_excgroups
    |     raise exc
    |   File "D:\nhatro\backend\venv\Lib\site-packages\starlette\middleware\base.py", line 191, in __call__
    |     response = await self.dispatch_func(request, call_next)
    |                ^^^^^^^^^^^^^^^^^^^^^^^^^^^^^^^^^^^^^^^^^^^^
    |   File "D:\nhatro\backend\app\main.py", line 86, in add_security_headers
    |     response = await call_next(request)
    |                ^^^^^^^^^^^^^^^^^^^^^^^^
    |   File "D:\nhatro\backend\venv\Lib\site-packages\starlette\middleware\base.py", line 165, in call_next
    |     raise app_exc
    |   File "D:\nhatro\backend\venv\Lib\site-packages\starlette\middleware\base.py", line 151, in coro
    |     await self.app(scope, receive_or_disconnect, send_no_error)
    |   File "D:\nhatro\backend\venv\Lib\site-packages\starlette\middleware\cors.py", line 85, in __call__
    |     await self.app(scope, receive, send)
    |   File "D:\nhatro\backend\venv\Lib\site-packages\starlette\middleware\exceptions.py", line 65, in __call__
    |     await wrap_app_handling_exceptions(self.app, conn)(scope, receive, send)
    |   File "D:\nhatro\backend\venv\Lib\site-packages\starlette\_exception_handler.py", line 64, in wrapped_app
    |     raise exc
    |   File "D:\nhatro\backend\venv\Lib\site-packages\starlette\_exception_handler.py", line 53, in wrapped_app
    |     await app(scope, receive, sender)
    |   File "D:\nhatro\backend\venv\Lib\site-packages\starlette\routing.py", line 756, in __call__
    |     await self.middleware_stack(scope, receive, send)
    |   File "D:\nhatro\backend\venv\Lib\site-packages\starlette\routing.py", line 776, in app
    |     await route.handle(scope, receive, send)
    |   File "D:\nhatro\backend\venv\Lib\site-packages\starlette\routing.py", line 297, in handle
    |     await self.app(scope, receive, send)
    |   File "D:\nhatro\backend\venv\Lib\site-packages\starlette\routing.py", line 77, in app
    |     await wrap_app_handling_exceptions(app, request)(scope, receive, send)
    |   File "D:\nhatro\backend\venv\Lib\site-packages\starlette\_exception_handler.py", line 75, in wrapped_app
    |     response = await handler(conn, exc)
    |                ^^^^^^^^^^^^^^^^^^^^^^^^
    |   File "D:\nhatro\backend\app\main.py", line 157, in validation_exception_handler
    |     return JSONResponse(
    |            ^^^^^^^^^^^^^
    |   File "D:\nhatro\backend\venv\Lib\site-packages\starlette\responses.py", line 184, in __init__
    |     super().__init__(content, status_code, headers, media_type, background)
    |   File "D:\nhatro\backend\venv\Lib\site-packages\starlette\responses.py", line 41, in __init__
    |     self.body = self.render(content)
    |                 ^^^^^^^^^^^^^^^^^^^^
    |   File "D:\nhatro\backend\venv\Lib\site-packages\starlette\responses.py", line 187, in render
    |     return json.dumps(
    |            ^^^^^^^^^^^
    |   File "C:\Users\ngocson\.cache\codex-runtimes\codex-primary-runtime\dependencies\python\Lib\json\__init__.py", line 238, in dumps
    |     **kw).encode(obj)
    |           ^^^^^^^^^^^
    |   File "C:\Users\ngocson\.cache\codex-runtimes\codex-primary-runtime\dependencies\python\Lib\json\encoder.py", line 200, in encode
    |     chunks = self.iterencode(o, _one_shot=True)
    |              ^^^^^^^^^^^^^^^^^^^^^^^^^^^^^^^^^^
    |   File "C:\Users\ngocson\.cache\codex-runtimes\codex-primary-runtime\dependencies\python\Lib\json\encoder.py", line 258, in iterencode
    |     return _iterencode(o, 0)
    |            ^^^^^^^^^^^^^^^^^
    |   File "C:\Users\ngocson\.cache\codex-runtimes\codex-primary-runtime\dependencies\python\Lib\json\encoder.py", line 180, in default
    |     raise TypeError(f'Object of type {o.__class__.__name__} '
    | TypeError: Object of type ValueError is not JSON serializable
    +------------------------------------

During handling of the above exception, another exception occurred:

Traceback (most recent call last):
  File "D:\nhatro\backend\venv\Lib\site-packages\starlette\middleware\errors.py", line 164, in __call__
    await self.app(scope, receive, _send)
  File "D:\nhatro\backend\venv\Lib\site-packages\starlette\middleware\base.py", line 189, in __call__
    with collapse_excgroups():
         ^^^^^^^^^^^^^^^^^^^^
  File "C:\Users\ngocson\.cache\codex-runtimes\codex-primary-runtime\dependencies\python\Lib\contextlib.py", line 158, in __exit__
    self.gen.throw(value)
  File "D:\nhatro\backend\venv\Lib\site-packages\starlette\_utils.py", line 93, in collapse_excgroups
    raise exc
  File "D:\nhatro\backend\venv\Lib\site-packages\starlette\middleware\base.py", line 191, in __call__
    response = await self.dispatch_func(request, call_next)
               ^^^^^^^^^^^^^^^^^^^^^^^^^^^^^^^^^^^^^^^^^^^^
  File "D:\nhatro\backend\app\main.py", line 127, in rate_limit_middleware
    return await call_next(request)
           ^^^^^^^^^^^^^^^^^^^^^^^^
  File "D:\nhatro\backend\venv\Lib\site-packages\starlette\middleware\base.py", line 165, in call_next
    raise app_exc
  File "D:\nhatro\backend\venv\Lib\site-packages\starlette\middleware\base.py", line 151, in coro
    await self.app(scope, receive_or_disconnect, send_no_error)
  File "D:\nhatro\backend\venv\Lib\site-packages\starlette\middleware\base.py", line 189, in __call__
    with collapse_excgroups():
         ^^^^^^^^^^^^^^^^^^^^
  File "C:\Users\ngocson\.cache\codex-runtimes\codex-primary-runtime\dependencies\python\Lib\contextlib.py", line 158, in __exit__
    self.gen.throw(value)
  File "D:\nhatro\backend\venv\Lib\site-packages\starlette\_utils.py", line 93, in collapse_excgroups
    raise exc
  File "D:\nhatro\backend\venv\Lib\site-packages\starlette\middleware\base.py", line 191, in __call__
    response = await self.dispatch_func(request, call_next)
               ^^^^^^^^^^^^^^^^^^^^^^^^^^^^^^^^^^^^^^^^^^^^
  File "D:\nhatro\backend\app\main.py", line 93, in add_process_time
    response = await call_next(request)
               ^^^^^^^^^^^^^^^^^^^^^^^^
  File "D:\nhatro\backend\venv\Lib\site-packages\starlette\middleware\base.py", line 165, in call_next
    raise app_exc
  File "D:\nhatro\backend\venv\Lib\site-packages\starlette\middleware\base.py", line 151, in coro
    await self.app(scope, receive_or_disconnect, send_no_error)
  File "D:\nhatro\backend\venv\Lib\site-packages\starlette\middleware\base.py", line 189, in __call__
    with collapse_excgroups():
         ^^^^^^^^^^^^^^^^^^^^
  File "C:\Users\ngocson\.cache\codex-runtimes\codex-primary-runtime\dependencies\python\Lib\contextlib.py", line 158, in __exit__
    self.gen.throw(value)
  File "D:\nhatro\backend\venv\Lib\site-packages\starlette\_utils.py", line 93, in collapse_excgroups
    raise exc
  File "D:\nhatro\backend\venv\Lib\site-packages\starlette\middleware\base.py", line 191, in __call__
    response = await self.dispatch_func(request, call_next)
               ^^^^^^^^^^^^^^^^^^^^^^^^^^^^^^^^^^^^^^^^^^^^
  File "D:\nhatro\backend\app\main.py", line 86, in add_security_headers
    response = await call_next(request)
               ^^^^^^^^^^^^^^^^^^^^^^^^
  File "D:\nhatro\backend\venv\Lib\site-packages\starlette\middleware\base.py", line 165, in call_next
    raise app_exc
  File "D:\nhatro\backend\venv\Lib\site-packages\starlette\middleware\base.py", line 151, in coro
    await self.app(scope, receive_or_disconnect, send_no_error)
  File "D:\nhatro\backend\venv\Lib\site-packages\starlette\middleware\cors.py", line 85, in __call__
    await self.app(scope, receive, send)
  File "D:\nhatro\backend\venv\Lib\site-packages\starlette\middleware\exceptions.py", line 65, in __call__
    await wrap_app_handling_exceptions(self.app, conn)(scope, receive, send)
  File "D:\nhatro\backend\venv\Lib\site-packages\starlette\_exception_handler.py", line 64, in wrapped_app
    raise exc
  File "D:\nhatro\backend\venv\Lib\site-packages\starlette\_exception_handler.py", line 53, in wrapped_app
    await app(scope, receive, sender)
  File "D:\nhatro\backend\venv\Lib\site-packages\starlette\routing.py", line 756, in __call__
    await self.middleware_stack(scope, receive, send)
  File "D:\nhatro\backend\venv\Lib\site-packages\starlette\routing.py", line 776, in app
    await route.handle(scope, receive, send)
  File "D:\nhatro\backend\venv\Lib\site-packages\starlette\routing.py", line 297, in handle
    await self.app(scope, receive, send)
  File "D:\nhatro\backend\venv\Lib\site-packages\starlette\routing.py", line 77, in app
    await wrap_app_handling_exceptions(app, request)(scope, receive, send)
  File "D:\nhatro\backend\venv\Lib\site-packages\starlette\_exception_handler.py", line 75, in wrapped_app
    response = await handler(conn, exc)
               ^^^^^^^^^^^^^^^^^^^^^^^^
  File "D:\nhatro\backend\app\main.py", line 157, in validation_exception_handler
    return JSONResponse(
           ^^^^^^^^^^^^^
  File "D:\nhatro\backend\venv\Lib\site-packages\starlette\responses.py", line 184, in __init__
    super().__init__(content, status_code, headers, media_type, background)
  File "D:\nhatro\backend\venv\Lib\site-packages\starlette\responses.py", line 41, in __init__
    self.body = self.render(content)
                ^^^^^^^^^^^^^^^^^^^^
  File "D:\nhatro\backend\venv\Lib\site-packages\starlette\responses.py", line 187, in render
    return json.dumps(
           ^^^^^^^^^^^
  File "C:\Users\ngocson\.cache\codex-runtimes\codex-primary-runtime\dependencies\python\Lib\json\__init__.py", line 238, in dumps
    **kw).encode(obj)
          ^^^^^^^^^^^
  File "C:\Users\ngocson\.cache\codex-runtimes\codex-primary-runtime\dependencies\python\Lib\json\encoder.py", line 200, in encode
    chunks = self.iterencode(o, _one_shot=True)
             ^^^^^^^^^^^^^^^^^^^^^^^^^^^^^^^^^^
  File "C:\Users\ngocson\.cache\codex-runtimes\codex-primary-runtime\dependencies\python\Lib\json\encoder.py", line 258, in iterencode
    return _iterencode(o, 0)
           ^^^^^^^^^^^^^^^^^
  File "C:\Users\ngocson\.cache\codex-runtimes\codex-primary-runtime\dependencies\python\Lib\json\encoder.py", line 180, in default
    raise TypeError(f'Object of type {o.__class__.__name__} '
TypeError: Object of type ValueError is not JSON serializable
==============================================

=== VALIDATION ERROR AT PATCH /api/v1/boarding-houses/bh_id&type+%SYSTEMROOT%\win.ini ===
[{'type': 'json_invalid', 'loc': ('body', 8), 'msg': 'JSON decode error', 'input': {}, 'ctx': {'error': 'Expecting value'}}]
==============================================

=== VALIDATION ERROR AT PATCH /api/v1/maintenance/request_id&type+%SYSTEMROOT%\win.ini ===
[{'type': 'json_invalid', 'loc': ('body', 34), 'msg': 'JSON decode error', 'input': {}, 'ctx': {'error': 'Expecting value'}}]
==============================================

=== VALIDATION ERROR AT POST /api/v1/auth/forgot-password ===
[{'type': 'value_error', 'loc': ('body', 'email'), 'msg': 'value is not a valid email address: The part after the @-sign contains invalid characters: "\'", \'/\', \';\', SPACE.', 'input': "zaproxy@example.com';cat /etc/passwd;'", 'ctx': {'reason': 'The part after the @-sign contains invalid characters: "\'", \'/\', \';\', SPACE.'}}]
==============================================

=== VALIDATION ERROR AT POST /api/v1/auth/login ===
[{'type': 'value_error', 'loc': ('body', 'email'), 'msg': 'value is not a valid email address: The part after the @-sign contains invalid characters: "\'", \'/\', \';\', SPACE.', 'input': "zaproxy@example.com';cat /etc/passwd;'", 'ctx': {'reason': 'The part after the @-sign contains invalid characters: "\'", \'/\', \';\', SPACE.'}}]
==============================================

=== VALIDATION ERROR AT POST /api/v1/auth/register/send-otp ===
[{'type': 'value_error', 'loc': ('body', 'email'), 'msg': 'value is not a valid email address: The part after the @-sign contains invalid characters: "\'", \'/\', \';\', SPACE.', 'input': "zaproxy@example.com';cat /etc/passwd;'", 'ctx': {'reason': 'The part after the @-sign contains invalid characters: "\'", \'/\', \';\', SPACE.'}}]
==============================================

=== VALIDATION ERROR AT POST /api/v1/auth/register ===
[{'type': 'value_error', 'loc': ('body', 'email'), 'msg': 'value is not a valid email address: The part after the @-sign contains invalid characters: "\'", \'/\', \';\', SPACE.', 'input': "zaproxy@example.com';cat /etc/passwd;'", 'ctx': {'reason': 'The part after the @-sign contains invalid characters: "\'", \'/\', \';\', SPACE.'}}, {'type': 'value_error', 'loc': ('body', 'password'), 'msg': 'Value error, Password must be at least 8 characters', 'input': 'ZAP', 'ctx': {'error': ValueError('Password must be at least 8 characters')}}, {'type': 'string_type', 'loc': ('body', 'phone'), 'msg': 'Input should be a valid string', 'input': 9999999999}, {'type': 'value_error', 'loc': ('body', 'otp_code'), 'msg': 'Value error, OTP code must be 6 digits', 'input': 'John Doe', 'ctx': {'error': ValueError('OTP code must be 6 digits')}}]
==============================================

=== GLOBAL EXCEPTION HANDLER AT POST /api/v1/auth/register ===
  + Exception Group Traceback (most recent call last):
  |   File "D:\nhatro\backend\venv\Lib\site-packages\starlette\_utils.py", line 87, in collapse_excgroups
  |     yield
  |   File "D:\nhatro\backend\venv\Lib\site-packages\starlette\middleware\base.py", line 190, in __call__
  |     async with anyio.create_task_group() as task_group:
  |                ^^^^^^^^^^^^^^^^^^^^^^^^^
  |   File "D:\nhatro\backend\venv\Lib\site-packages\anyio\_backends\_asyncio.py", line 799, in __aexit__
  |     raise BaseExceptionGroup(
  | ExceptionGroup: unhandled errors in a TaskGroup (1 sub-exception)
  +-+---------------- 1 ----------------
    | Traceback (most recent call last):
    |   File "D:\nhatro\backend\venv\Lib\site-packages\starlette\middleware\errors.py", line 164, in __call__
    |     await self.app(scope, receive, _send)
    |   File "D:\nhatro\backend\venv\Lib\site-packages\starlette\middleware\base.py", line 189, in __call__
    |     with collapse_excgroups():
    |          ^^^^^^^^^^^^^^^^^^^^
    |   File "C:\Users\ngocson\.cache\codex-runtimes\codex-primary-runtime\dependencies\python\Lib\contextlib.py", line 158, in __exit__
    |     self.gen.throw(value)
    |   File "D:\nhatro\backend\venv\Lib\site-packages\starlette\_utils.py", line 93, in collapse_excgroups
    |     raise exc
    |   File "D:\nhatro\backend\venv\Lib\site-packages\starlette\middleware\base.py", line 191, in __call__
    |     response = await self.dispatch_func(request, call_next)
    |                ^^^^^^^^^^^^^^^^^^^^^^^^^^^^^^^^^^^^^^^^^^^^
    |   File "D:\nhatro\backend\app\main.py", line 127, in rate_limit_middleware
    |     return await call_next(request)
    |            ^^^^^^^^^^^^^^^^^^^^^^^^
    |   File "D:\nhatro\backend\venv\Lib\site-packages\starlette\middleware\base.py", line 165, in call_next
    |     raise app_exc
    |   File "D:\nhatro\backend\venv\Lib\site-packages\starlette\middleware\base.py", line 151, in coro
    |     await self.app(scope, receive_or_disconnect, send_no_error)
    |   File "D:\nhatro\backend\venv\Lib\site-packages\starlette\middleware\base.py", line 189, in __call__
    |     with collapse_excgroups():
    |          ^^^^^^^^^^^^^^^^^^^^
    |   File "C:\Users\ngocson\.cache\codex-runtimes\codex-primary-runtime\dependencies\python\Lib\contextlib.py", line 158, in __exit__
    |     self.gen.throw(value)
    |   File "D:\nhatro\backend\venv\Lib\site-packages\starlette\_utils.py", line 93, in collapse_excgroups
    |     raise exc
    |   File "D:\nhatro\backend\venv\Lib\site-packages\starlette\middleware\base.py", line 191, in __call__
    |     response = await self.dispatch_func(request, call_next)
    |                ^^^^^^^^^^^^^^^^^^^^^^^^^^^^^^^^^^^^^^^^^^^^
    |   File "D:\nhatro\backend\app\main.py", line 93, in add_process_time
    |     response = await call_next(request)
    |                ^^^^^^^^^^^^^^^^^^^^^^^^
    |   File "D:\nhatro\backend\venv\Lib\site-packages\starlette\middleware\base.py", line 165, in call_next
    |     raise app_exc
    |   File "D:\nhatro\backend\venv\Lib\site-packages\starlette\middleware\base.py", line 151, in coro
    |     await self.app(scope, receive_or_disconnect, send_no_error)
    |   File "D:\nhatro\backend\venv\Lib\site-packages\starlette\middleware\base.py", line 189, in __call__
    |     with collapse_excgroups():
    |          ^^^^^^^^^^^^^^^^^^^^
    |   File "C:\Users\ngocson\.cache\codex-runtimes\codex-primary-runtime\dependencies\python\Lib\contextlib.py", line 158, in __exit__
    |     self.gen.throw(value)
    |   File "D:\nhatro\backend\venv\Lib\site-packages\starlette\_utils.py", line 93, in collapse_excgroups
    |     raise exc
    |   File "D:\nhatro\backend\venv\Lib\site-packages\starlette\middleware\base.py", line 191, in __call__
    |     response = await self.dispatch_func(request, call_next)
    |                ^^^^^^^^^^^^^^^^^^^^^^^^^^^^^^^^^^^^^^^^^^^^
    |   File "D:\nhatro\backend\app\main.py", line 86, in add_security_headers
    |     response = await call_next(request)
    |                ^^^^^^^^^^^^^^^^^^^^^^^^
    |   File "D:\nhatro\backend\venv\Lib\site-packages\starlette\middleware\base.py", line 165, in call_next
    |     raise app_exc
    |   File "D:\nhatro\backend\venv\Lib\site-packages\starlette\middleware\base.py", line 151, in coro
    |     await self.app(scope, receive_or_disconnect, send_no_error)
    |   File "D:\nhatro\backend\venv\Lib\site-packages\starlette\middleware\cors.py", line 85, in __call__
    |     await self.app(scope, receive, send)
    |   File "D:\nhatro\backend\venv\Lib\site-packages\starlette\middleware\exceptions.py", line 65, in __call__
    |     await wrap_app_handling_exceptions(self.app, conn)(scope, receive, send)
    |   File "D:\nhatro\backend\venv\Lib\site-packages\starlette\_exception_handler.py", line 64, in wrapped_app
    |     raise exc
    |   File "D:\nhatro\backend\venv\Lib\site-packages\starlette\_exception_handler.py", line 53, in wrapped_app
    |     await app(scope, receive, sender)
    |   File "D:\nhatro\backend\venv\Lib\site-packages\starlette\routing.py", line 756, in __call__
    |     await self.middleware_stack(scope, receive, send)
    |   File "D:\nhatro\backend\venv\Lib\site-packages\starlette\routing.py", line 776, in app
    |     await route.handle(scope, receive, send)
    |   File "D:\nhatro\backend\venv\Lib\site-packages\starlette\routing.py", line 297, in handle
    |     await self.app(scope, receive, send)
    |   File "D:\nhatro\backend\venv\Lib\site-packages\starlette\routing.py", line 77, in app
    |     await wrap_app_handling_exceptions(app, request)(scope, receive, send)
    |   File "D:\nhatro\backend\venv\Lib\site-packages\starlette\_exception_handler.py", line 75, in wrapped_app
    |     response = await handler(conn, exc)
    |                ^^^^^^^^^^^^^^^^^^^^^^^^
    |   File "D:\nhatro\backend\app\main.py", line 157, in validation_exception_handler
    |     return JSONResponse(
    |            ^^^^^^^^^^^^^
    |   File "D:\nhatro\backend\venv\Lib\site-packages\starlette\responses.py", line 184, in __init__
    |     super().__init__(content, status_code, headers, media_type, background)
    |   File "D:\nhatro\backend\venv\Lib\site-packages\starlette\responses.py", line 41, in __init__
    |     self.body = self.render(content)
    |                 ^^^^^^^^^^^^^^^^^^^^
    |   File "D:\nhatro\backend\venv\Lib\site-packages\starlette\responses.py", line 187, in render
    |     return json.dumps(
    |            ^^^^^^^^^^^
    |   File "C:\Users\ngocson\.cache\codex-runtimes\codex-primary-runtime\dependencies\python\Lib\json\__init__.py", line 238, in dumps
    |     **kw).encode(obj)
    |           ^^^^^^^^^^^
    |   File "C:\Users\ngocson\.cache\codex-runtimes\codex-primary-runtime\dependencies\python\Lib\json\encoder.py", line 200, in encode
    |     chunks = self.iterencode(o, _one_shot=True)
    |              ^^^^^^^^^^^^^^^^^^^^^^^^^^^^^^^^^^
    |   File "C:\Users\ngocson\.cache\codex-runtimes\codex-primary-runtime\dependencies\python\Lib\json\encoder.py", line 258, in iterencode
    |     return _iterencode(o, 0)
    |            ^^^^^^^^^^^^^^^^^
    |   File "C:\Users\ngocson\.cache\codex-runtimes\codex-primary-runtime\dependencies\python\Lib\json\encoder.py", line 180, in default
    |     raise TypeError(f'Object of type {o.__class__.__name__} '
    | TypeError: Object of type ValueError is not JSON serializable
    +------------------------------------

During handling of the above exception, another exception occurred:

Traceback (most recent call last):
  File "D:\nhatro\backend\venv\Lib\site-packages\starlette\middleware\errors.py", line 164, in __call__
    await self.app(scope, receive, _send)
  File "D:\nhatro\backend\venv\Lib\site-packages\starlette\middleware\base.py", line 189, in __call__
    with collapse_excgroups():
         ^^^^^^^^^^^^^^^^^^^^
  File "C:\Users\ngocson\.cache\codex-runtimes\codex-primary-runtime\dependencies\python\Lib\contextlib.py", line 158, in __exit__
    self.gen.throw(value)
  File "D:\nhatro\backend\venv\Lib\site-packages\starlette\_utils.py", line 93, in collapse_excgroups
    raise exc
  File "D:\nhatro\backend\venv\Lib\site-packages\starlette\middleware\base.py", line 191, in __call__
    response = await self.dispatch_func(request, call_next)
               ^^^^^^^^^^^^^^^^^^^^^^^^^^^^^^^^^^^^^^^^^^^^
  File "D:\nhatro\backend\app\main.py", line 127, in rate_limit_middleware
    return await call_next(request)
           ^^^^^^^^^^^^^^^^^^^^^^^^
  File "D:\nhatro\backend\venv\Lib\site-packages\starlette\middleware\base.py", line 165, in call_next
    raise app_exc
  File "D:\nhatro\backend\venv\Lib\site-packages\starlette\middleware\base.py", line 151, in coro
    await self.app(scope, receive_or_disconnect, send_no_error)
  File "D:\nhatro\backend\venv\Lib\site-packages\starlette\middleware\base.py", line 189, in __call__
    with collapse_excgroups():
         ^^^^^^^^^^^^^^^^^^^^
  File "C:\Users\ngocson\.cache\codex-runtimes\codex-primary-runtime\dependencies\python\Lib\contextlib.py", line 158, in __exit__
    self.gen.throw(value)
  File "D:\nhatro\backend\venv\Lib\site-packages\starlette\_utils.py", line 93, in collapse_excgroups
    raise exc
  File "D:\nhatro\backend\venv\Lib\site-packages\starlette\middleware\base.py", line 191, in __call__
    response = await self.dispatch_func(request, call_next)
               ^^^^^^^^^^^^^^^^^^^^^^^^^^^^^^^^^^^^^^^^^^^^
  File "D:\nhatro\backend\app\main.py", line 93, in add_process_time
    response = await call_next(request)
               ^^^^^^^^^^^^^^^^^^^^^^^^
  File "D:\nhatro\backend\venv\Lib\site-packages\starlette\middleware\base.py", line 165, in call_next
    raise app_exc
  File "D:\nhatro\backend\venv\Lib\site-packages\starlette\middleware\base.py", line 151, in coro
    await self.app(scope, receive_or_disconnect, send_no_error)
  File "D:\nhatro\backend\venv\Lib\site-packages\starlette\middleware\base.py", line 189, in __call__
    with collapse_excgroups():
         ^^^^^^^^^^^^^^^^^^^^
  File "C:\Users\ngocson\.cache\codex-runtimes\codex-primary-runtime\dependencies\python\Lib\contextlib.py", line 158, in __exit__
    self.gen.throw(value)
  File "D:\nhatro\backend\venv\Lib\site-packages\starlette\_utils.py", line 93, in collapse_excgroups
    raise exc
  File "D:\nhatro\backend\venv\Lib\site-packages\starlette\middleware\base.py", line 191, in __call__
    response = await self.dispatch_func(request, call_next)
               ^^^^^^^^^^^^^^^^^^^^^^^^^^^^^^^^^^^^^^^^^^^^
  File "D:\nhatro\backend\app\main.py", line 86, in add_security_headers
    response = await call_next(request)
               ^^^^^^^^^^^^^^^^^^^^^^^^
  File "D:\nhatro\backend\venv\Lib\site-packages\starlette\middleware\base.py", line 165, in call_next
    raise app_exc
  File "D:\nhatro\backend\venv\Lib\site-packages\starlette\middleware\base.py", line 151, in coro
    await self.app(scope, receive_or_disconnect, send_no_error)
  File "D:\nhatro\backend\venv\Lib\site-packages\starlette\middleware\cors.py", line 85, in __call__
    await self.app(scope, receive, send)
  File "D:\nhatro\backend\venv\Lib\site-packages\starlette\middleware\exceptions.py", line 65, in __call__
    await wrap_app_handling_exceptions(self.app, conn)(scope, receive, send)
  File "D:\nhatro\backend\venv\Lib\site-packages\starlette\_exception_handler.py", line 64, in wrapped_app
    raise exc
  File "D:\nhatro\backend\venv\Lib\site-packages\starlette\_exception_handler.py", line 53, in wrapped_app
    await app(scope, receive, sender)
  File "D:\nhatro\backend\venv\Lib\site-packages\starlette\routing.py", line 756, in __call__
    await self.middleware_stack(scope, receive, send)
  File "D:\nhatro\backend\venv\Lib\site-packages\starlette\routing.py", line 776, in app
    await route.handle(scope, receive, send)
  File "D:\nhatro\backend\venv\Lib\site-packages\starlette\routing.py", line 297, in handle
    await self.app(scope, receive, send)
  File "D:\nhatro\backend\venv\Lib\site-packages\starlette\routing.py", line 77, in app
    await wrap_app_handling_exceptions(app, request)(scope, receive, send)
  File "D:\nhatro\backend\venv\Lib\site-packages\starlette\_exception_handler.py", line 75, in wrapped_app
    response = await handler(conn, exc)
               ^^^^^^^^^^^^^^^^^^^^^^^^
  File "D:\nhatro\backend\app\main.py", line 157, in validation_exception_handler
    return JSONResponse(
           ^^^^^^^^^^^^^
  File "D:\nhatro\backend\venv\Lib\site-packages\starlette\responses.py", line 184, in __init__
    super().__init__(content, status_code, headers, media_type, background)
  File "D:\nhatro\backend\venv\Lib\site-packages\starlette\responses.py", line 41, in __init__
    self.body = self.render(content)
                ^^^^^^^^^^^^^^^^^^^^
  File "D:\nhatro\backend\venv\Lib\site-packages\starlette\responses.py", line 187, in render
    return json.dumps(
           ^^^^^^^^^^^
  File "C:\Users\ngocson\.cache\codex-runtimes\codex-primary-runtime\dependencies\python\Lib\json\__init__.py", line 238, in dumps
    **kw).encode(obj)
          ^^^^^^^^^^^
  File "C:\Users\ngocson\.cache\codex-runtimes\codex-primary-runtime\dependencies\python\Lib\json\encoder.py", line 200, in encode
    chunks = self.iterencode(o, _one_shot=True)
             ^^^^^^^^^^^^^^^^^^^^^^^^^^^^^^^^^^
  File "C:\Users\ngocson\.cache\codex-runtimes\codex-primary-runtime\dependencies\python\Lib\json\encoder.py", line 258, in iterencode
    return _iterencode(o, 0)
           ^^^^^^^^^^^^^^^^^
  File "C:\Users\ngocson\.cache\codex-runtimes\codex-primary-runtime\dependencies\python\Lib\json\encoder.py", line 180, in default
    raise TypeError(f'Object of type {o.__class__.__name__} '
TypeError: Object of type ValueError is not JSON serializable
==============================================

=== VALIDATION ERROR AT PATCH /api/v1/boarding-houses/bh_id|type+%SYSTEMROOT%\win.ini ===
[{'type': 'json_invalid', 'loc': ('body', 8), 'msg': 'JSON decode error', 'input': {}, 'ctx': {'error': 'Expecting value'}}]
==============================================

=== VALIDATION ERROR AT PATCH /api/v1/maintenance/request_id|type+%SYSTEMROOT%\win.ini ===
[{'type': 'json_invalid', 'loc': ('body', 34), 'msg': 'JSON decode error', 'input': {}, 'ctx': {'error': 'Expecting value'}}]
==============================================

=== VALIDATION ERROR AT POST /api/v1/auth/forgot-password ===
[{'type': 'value_error', 'loc': ('body', 'email'), 'msg': 'value is not a valid email address: An email address must have an @-sign.', 'input': 'type %SYSTEMROOT%\\win.ini', 'ctx': {'reason': 'An email address must have an @-sign.'}}]
==============================================

=== VALIDATION ERROR AT POST /api/v1/auth/login ===
[{'type': 'value_error', 'loc': ('body', 'email'), 'msg': 'value is not a valid email address: An email address must have an @-sign.', 'input': 'type %SYSTEMROOT%\\win.ini', 'ctx': {'reason': 'An email address must have an @-sign.'}}]
==============================================

=== VALIDATION ERROR AT POST /api/v1/auth/register/send-otp ===
[{'type': 'value_error', 'loc': ('body', 'email'), 'msg': 'value is not a valid email address: An email address must have an @-sign.', 'input': 'type %SYSTEMROOT%\\win.ini', 'ctx': {'reason': 'An email address must have an @-sign.'}}]
==============================================

=== VALIDATION ERROR AT POST /api/v1/auth/register ===
[{'type': 'value_error', 'loc': ('body', 'email'), 'msg': 'value is not a valid email address: An email address must have an @-sign.', 'input': 'type %SYSTEMROOT%\\win.ini', 'ctx': {'reason': 'An email address must have an @-sign.'}}, {'type': 'value_error', 'loc': ('body', 'password'), 'msg': 'Value error, Password must be at least 8 characters', 'input': 'ZAP', 'ctx': {'error': ValueError('Password must be at least 8 characters')}}, {'type': 'string_type', 'loc': ('body', 'phone'), 'msg': 'Input should be a valid string', 'input': 9999999999}, {'type': 'value_error', 'loc': ('body', 'otp_code'), 'msg': 'Value error, OTP code must be 6 digits', 'input': 'John Doe', 'ctx': {'error': ValueError('OTP code must be 6 digits')}}]
==============================================

=== GLOBAL EXCEPTION HANDLER AT POST /api/v1/auth/register ===
  + Exception Group Traceback (most recent call last):
  |   File "D:\nhatro\backend\venv\Lib\site-packages\starlette\_utils.py", line 87, in collapse_excgroups
  |     yield
  |   File "D:\nhatro\backend\venv\Lib\site-packages\starlette\middleware\base.py", line 190, in __call__
  |     async with anyio.create_task_group() as task_group:
  |                ^^^^^^^^^^^^^^^^^^^^^^^^^
  |   File "D:\nhatro\backend\venv\Lib\site-packages\anyio\_backends\_asyncio.py", line 799, in __aexit__
  |     raise BaseExceptionGroup(
  | ExceptionGroup: unhandled errors in a TaskGroup (1 sub-exception)
  +-+---------------- 1 ----------------
    | Traceback (most recent call last):
    |   File "D:\nhatro\backend\venv\Lib\site-packages\starlette\middleware\errors.py", line 164, in __call__
    |     await self.app(scope, receive, _send)
    |   File "D:\nhatro\backend\venv\Lib\site-packages\starlette\middleware\base.py", line 189, in __call__
    |     with collapse_excgroups():
    |          ^^^^^^^^^^^^^^^^^^^^
    |   File "C:\Users\ngocson\.cache\codex-runtimes\codex-primary-runtime\dependencies\python\Lib\contextlib.py", line 158, in __exit__
    |     self.gen.throw(value)
    |   File "D:\nhatro\backend\venv\Lib\site-packages\starlette\_utils.py", line 93, in collapse_excgroups
    |     raise exc
    |   File "D:\nhatro\backend\venv\Lib\site-packages\starlette\middleware\base.py", line 191, in __call__
    |     response = await self.dispatch_func(request, call_next)
    |                ^^^^^^^^^^^^^^^^^^^^^^^^^^^^^^^^^^^^^^^^^^^^
    |   File "D:\nhatro\backend\app\main.py", line 127, in rate_limit_middleware
    |     return await call_next(request)
    |            ^^^^^^^^^^^^^^^^^^^^^^^^
    |   File "D:\nhatro\backend\venv\Lib\site-packages\starlette\middleware\base.py", line 165, in call_next
    |     raise app_exc
    |   File "D:\nhatro\backend\venv\Lib\site-packages\starlette\middleware\base.py", line 151, in coro
    |     await self.app(scope, receive_or_disconnect, send_no_error)
    |   File "D:\nhatro\backend\venv\Lib\site-packages\starlette\middleware\base.py", line 189, in __call__
    |     with collapse_excgroups():
    |          ^^^^^^^^^^^^^^^^^^^^
    |   File "C:\Users\ngocson\.cache\codex-runtimes\codex-primary-runtime\dependencies\python\Lib\contextlib.py", line 158, in __exit__
    |     self.gen.throw(value)
    |   File "D:\nhatro\backend\venv\Lib\site-packages\starlette\_utils.py", line 93, in collapse_excgroups
    |     raise exc
    |   File "D:\nhatro\backend\venv\Lib\site-packages\starlette\middleware\base.py", line 191, in __call__
    |     response = await self.dispatch_func(request, call_next)
    |                ^^^^^^^^^^^^^^^^^^^^^^^^^^^^^^^^^^^^^^^^^^^^
    |   File "D:\nhatro\backend\app\main.py", line 93, in add_process_time
    |     response = await call_next(request)
    |                ^^^^^^^^^^^^^^^^^^^^^^^^
    |   File "D:\nhatro\backend\venv\Lib\site-packages\starlette\middleware\base.py", line 165, in call_next
    |     raise app_exc
    |   File "D:\nhatro\backend\venv\Lib\site-packages\starlette\middleware\base.py", line 151, in coro
    |     await self.app(scope, receive_or_disconnect, send_no_error)
    |   File "D:\nhatro\backend\venv\Lib\site-packages\starlette\middleware\base.py", line 189, in __call__
    |     with collapse_excgroups():
    |          ^^^^^^^^^^^^^^^^^^^^
    |   File "C:\Users\ngocson\.cache\codex-runtimes\codex-primary-runtime\dependencies\python\Lib\contextlib.py", line 158, in __exit__
    |     self.gen.throw(value)
    |   File "D:\nhatro\backend\venv\Lib\site-packages\starlette\_utils.py", line 93, in collapse_excgroups
    |     raise exc
    |   File "D:\nhatro\backend\venv\Lib\site-packages\starlette\middleware\base.py", line 191, in __call__
    |     response = await self.dispatch_func(request, call_next)
    |                ^^^^^^^^^^^^^^^^^^^^^^^^^^^^^^^^^^^^^^^^^^^^
    |   File "D:\nhatro\backend\app\main.py", line 86, in add_security_headers
    |     response = await call_next(request)
    |                ^^^^^^^^^^^^^^^^^^^^^^^^
    |   File "D:\nhatro\backend\venv\Lib\site-packages\starlette\middleware\base.py", line 165, in call_next
    |     raise app_exc
    |   File "D:\nhatro\backend\venv\Lib\site-packages\starlette\middleware\base.py", line 151, in coro
    |     await self.app(scope, receive_or_disconnect, send_no_error)
    |   File "D:\nhatro\backend\venv\Lib\site-packages\starlette\middleware\cors.py", line 85, in __call__
    |     await self.app(scope, receive, send)
    |   File "D:\nhatro\backend\venv\Lib\site-packages\starlette\middleware\exceptions.py", line 65, in __call__
    |     await wrap_app_handling_exceptions(self.app, conn)(scope, receive, send)
    |   File "D:\nhatro\backend\venv\Lib\site-packages\starlette\_exception_handler.py", line 64, in wrapped_app
    |     raise exc
    |   File "D:\nhatro\backend\venv\Lib\site-packages\starlette\_exception_handler.py", line 53, in wrapped_app
    |     await app(scope, receive, sender)
    |   File "D:\nhatro\backend\venv\Lib\site-packages\starlette\routing.py", line 756, in __call__
    |     await self.middleware_stack(scope, receive, send)
    |   File "D:\nhatro\backend\venv\Lib\site-packages\starlette\routing.py", line 776, in app
    |     await route.handle(scope, receive, send)
    |   File "D:\nhatro\backend\venv\Lib\site-packages\starlette\routing.py", line 297, in handle
    |     await self.app(scope, receive, send)
    |   File "D:\nhatro\backend\venv\Lib\site-packages\starlette\routing.py", line 77, in app
    |     await wrap_app_handling_exceptions(app, request)(scope, receive, send)
    |   File "D:\nhatro\backend\venv\Lib\site-packages\starlette\_exception_handler.py", line 75, in wrapped_app
    |     response = await handler(conn, exc)
    |                ^^^^^^^^^^^^^^^^^^^^^^^^
    |   File "D:\nhatro\backend\app\main.py", line 157, in validation_exception_handler
    |     return JSONResponse(
    |            ^^^^^^^^^^^^^
    |   File "D:\nhatro\backend\venv\Lib\site-packages\starlette\responses.py", line 184, in __init__
    |     super().__init__(content, status_code, headers, media_type, background)
    |   File "D:\nhatro\backend\venv\Lib\site-packages\starlette\responses.py", line 41, in __init__
    |     self.body = self.render(content)
    |                 ^^^^^^^^^^^^^^^^^^^^
    |   File "D:\nhatro\backend\venv\Lib\site-packages\starlette\responses.py", line 187, in render
    |     return json.dumps(
    |            ^^^^^^^^^^^
    |   File "C:\Users\ngocson\.cache\codex-runtimes\codex-primary-runtime\dependencies\python\Lib\json\__init__.py", line 238, in dumps
    |     **kw).encode(obj)
    |           ^^^^^^^^^^^
    |   File "C:\Users\ngocson\.cache\codex-runtimes\codex-primary-runtime\dependencies\python\Lib\json\encoder.py", line 200, in encode
    |     chunks = self.iterencode(o, _one_shot=True)
    |              ^^^^^^^^^^^^^^^^^^^^^^^^^^^^^^^^^^
    |   File "C:\Users\ngocson\.cache\codex-runtimes\codex-primary-runtime\dependencies\python\Lib\json\encoder.py", line 258, in iterencode
    |     return _iterencode(o, 0)
    |            ^^^^^^^^^^^^^^^^^
    |   File "C:\Users\ngocson\.cache\codex-runtimes\codex-primary-runtime\dependencies\python\Lib\json\encoder.py", line 180, in default
    |     raise TypeError(f'Object of type {o.__class__.__name__} '
    | TypeError: Object of type ValueError is not JSON serializable
    +------------------------------------

During handling of the above exception, another exception occurred:

Traceback (most recent call last):
  File "D:\nhatro\backend\venv\Lib\site-packages\starlette\middleware\errors.py", line 164, in __call__
    await self.app(scope, receive, _send)
  File "D:\nhatro\backend\venv\Lib\site-packages\starlette\middleware\base.py", line 189, in __call__
    with collapse_excgroups():
         ^^^^^^^^^^^^^^^^^^^^
  File "C:\Users\ngocson\.cache\codex-runtimes\codex-primary-runtime\dependencies\python\Lib\contextlib.py", line 158, in __exit__
    self.gen.throw(value)
  File "D:\nhatro\backend\venv\Lib\site-packages\starlette\_utils.py", line 93, in collapse_excgroups
    raise exc
  File "D:\nhatro\backend\venv\Lib\site-packages\starlette\middleware\base.py", line 191, in __call__
    response = await self.dispatch_func(request, call_next)
               ^^^^^^^^^^^^^^^^^^^^^^^^^^^^^^^^^^^^^^^^^^^^
  File "D:\nhatro\backend\app\main.py", line 127, in rate_limit_middleware
    return await call_next(request)
           ^^^^^^^^^^^^^^^^^^^^^^^^
  File "D:\nhatro\backend\venv\Lib\site-packages\starlette\middleware\base.py", line 165, in call_next
    raise app_exc
  File "D:\nhatro\backend\venv\Lib\site-packages\starlette\middleware\base.py", line 151, in coro
    await self.app(scope, receive_or_disconnect, send_no_error)
  File "D:\nhatro\backend\venv\Lib\site-packages\starlette\middleware\base.py", line 189, in __call__
    with collapse_excgroups():
         ^^^^^^^^^^^^^^^^^^^^
  File "C:\Users\ngocson\.cache\codex-runtimes\codex-primary-runtime\dependencies\python\Lib\contextlib.py", line 158, in __exit__
    self.gen.throw(value)
  File "D:\nhatro\backend\venv\Lib\site-packages\starlette\_utils.py", line 93, in collapse_excgroups
    raise exc
  File "D:\nhatro\backend\venv\Lib\site-packages\starlette\middleware\base.py", line 191, in __call__
    response = await self.dispatch_func(request, call_next)
               ^^^^^^^^^^^^^^^^^^^^^^^^^^^^^^^^^^^^^^^^^^^^
  File "D:\nhatro\backend\app\main.py", line 93, in add_process_time
    response = await call_next(request)
               ^^^^^^^^^^^^^^^^^^^^^^^^
  File "D:\nhatro\backend\venv\Lib\site-packages\starlette\middleware\base.py", line 165, in call_next
    raise app_exc
  File "D:\nhatro\backend\venv\Lib\site-packages\starlette\middleware\base.py", line 151, in coro
    await self.app(scope, receive_or_disconnect, send_no_error)
  File "D:\nhatro\backend\venv\Lib\site-packages\starlette\middleware\base.py", line 189, in __call__
    with collapse_excgroups():
         ^^^^^^^^^^^^^^^^^^^^
  File "C:\Users\ngocson\.cache\codex-runtimes\codex-primary-runtime\dependencies\python\Lib\contextlib.py", line 158, in __exit__
    self.gen.throw(value)
  File "D:\nhatro\backend\venv\Lib\site-packages\starlette\_utils.py", line 93, in collapse_excgroups
    raise exc
  File "D:\nhatro\backend\venv\Lib\site-packages\starlette\middleware\base.py", line 191, in __call__
    response = await self.dispatch_func(request, call_next)
               ^^^^^^^^^^^^^^^^^^^^^^^^^^^^^^^^^^^^^^^^^^^^
  File "D:\nhatro\backend\app\main.py", line 86, in add_security_headers
    response = await call_next(request)
               ^^^^^^^^^^^^^^^^^^^^^^^^
  File "D:\nhatro\backend\venv\Lib\site-packages\starlette\middleware\base.py", line 165, in call_next
    raise app_exc
  File "D:\nhatro\backend\venv\Lib\site-packages\starlette\middleware\base.py", line 151, in coro
    await self.app(scope, receive_or_disconnect, send_no_error)
  File "D:\nhatro\backend\venv\Lib\site-packages\starlette\middleware\cors.py", line 85, in __call__
    await self.app(scope, receive, send)
  File "D:\nhatro\backend\venv\Lib\site-packages\starlette\middleware\exceptions.py", line 65, in __call__
    await wrap_app_handling_exceptions(self.app, conn)(scope, receive, send)
  File "D:\nhatro\backend\venv\Lib\site-packages\starlette\_exception_handler.py", line 64, in wrapped_app
    raise exc
  File "D:\nhatro\backend\venv\Lib\site-packages\starlette\_exception_handler.py", line 53, in wrapped_app
    await app(scope, receive, sender)
  File "D:\nhatro\backend\venv\Lib\site-packages\starlette\routing.py", line 756, in __call__
    await self.middleware_stack(scope, receive, send)
  File "D:\nhatro\backend\venv\Lib\site-packages\starlette\routing.py", line 776, in app
    await route.handle(scope, receive, send)
  File "D:\nhatro\backend\venv\Lib\site-packages\starlette\routing.py", line 297, in handle
    await self.app(scope, receive, send)
  File "D:\nhatro\backend\venv\Lib\site-packages\starlette\routing.py", line 77, in app
    await wrap_app_handling_exceptions(app, request)(scope, receive, send)
  File "D:\nhatro\backend\venv\Lib\site-packages\starlette\_exception_handler.py", line 75, in wrapped_app
    response = await handler(conn, exc)
               ^^^^^^^^^^^^^^^^^^^^^^^^
  File "D:\nhatro\backend\app\main.py", line 157, in validation_exception_handler
    return JSONResponse(
           ^^^^^^^^^^^^^
  File "D:\nhatro\backend\venv\Lib\site-packages\starlette\responses.py", line 184, in __init__
    super().__init__(content, status_code, headers, media_type, background)
  File "D:\nhatro\backend\venv\Lib\site-packages\starlette\responses.py", line 41, in __init__
    self.body = self.render(content)
                ^^^^^^^^^^^^^^^^^^^^
  File "D:\nhatro\backend\venv\Lib\site-packages\starlette\responses.py", line 187, in render
    return json.dumps(
           ^^^^^^^^^^^
  File "C:\Users\ngocson\.cache\codex-runtimes\codex-primary-runtime\dependencies\python\Lib\json\__init__.py", line 238, in dumps
    **kw).encode(obj)
          ^^^^^^^^^^^
  File "C:\Users\ngocson\.cache\codex-runtimes\codex-primary-runtime\dependencies\python\Lib\json\encoder.py", line 200, in encode
    chunks = self.iterencode(o, _one_shot=True)
             ^^^^^^^^^^^^^^^^^^^^^^^^^^^^^^^^^^
  File "C:\Users\ngocson\.cache\codex-runtimes\codex-primary-runtime\dependencies\python\Lib\json\encoder.py", line 258, in iterencode
    return _iterencode(o, 0)
           ^^^^^^^^^^^^^^^^^
  File "C:\Users\ngocson\.cache\codex-runtimes\codex-primary-runtime\dependencies\python\Lib\json\encoder.py", line 180, in default
    raise TypeError(f'Object of type {o.__class__.__name__} '
TypeError: Object of type ValueError is not JSON serializable
==============================================

=== VALIDATION ERROR AT PATCH /api/v1/boarding-houses/bh_id"&type+%SYSTEMROOT%\win.ini&" ===
[{'type': 'json_invalid', 'loc': ('body', 8), 'msg': 'JSON decode error', 'input': {}, 'ctx': {'error': 'Expecting value'}}]
==============================================

=== VALIDATION ERROR AT PATCH /api/v1/maintenance/request_id"&type+%SYSTEMROOT%\win.ini&" ===
[{'type': 'json_invalid', 'loc': ('body', 34), 'msg': 'JSON decode error', 'input': {}, 'ctx': {'error': 'Expecting value'}}]
==============================================

=== VALIDATION ERROR AT POST /api/v1/auth/forgot-password ===
[{'type': 'value_error', 'loc': ('body', 'email'), 'msg': 'value is not a valid email address: The part after the @-sign contains invalid characters: "\\", \'%\', \'&\', SPACE.', 'input': 'zaproxy@example.com&type %SYSTEMROOT%\\win.ini', 'ctx': {'reason': 'The part after the @-sign contains invalid characters: "\\", \'%\', \'&\', SPACE.'}}]
==============================================

=== VALIDATION ERROR AT POST /api/v1/auth/login ===
[{'type': 'value_error', 'loc': ('body', 'email'), 'msg': 'value is not a valid email address: The part after the @-sign contains invalid characters: "\\", \'%\', \'&\', SPACE.', 'input': 'zaproxy@example.com&type %SYSTEMROOT%\\win.ini', 'ctx': {'reason': 'The part after the @-sign contains invalid characters: "\\", \'%\', \'&\', SPACE.'}}]
==============================================

=== VALIDATION ERROR AT POST /api/v1/auth/register/send-otp ===
[{'type': 'value_error', 'loc': ('body', 'email'), 'msg': 'value is not a valid email address: The part after the @-sign contains invalid characters: "\\", \'%\', \'&\', SPACE.', 'input': 'zaproxy@example.com&type %SYSTEMROOT%\\win.ini', 'ctx': {'reason': 'The part after the @-sign contains invalid characters: "\\", \'%\', \'&\', SPACE.'}}]
==============================================

=== VALIDATION ERROR AT POST /api/v1/auth/register ===
[{'type': 'value_error', 'loc': ('body', 'email'), 'msg': 'value is not a valid email address: The part after the @-sign contains invalid characters: "\\", \'%\', \'&\', SPACE.', 'input': 'zaproxy@example.com&type %SYSTEMROOT%\\win.ini', 'ctx': {'reason': 'The part after the @-sign contains invalid characters: "\\", \'%\', \'&\', SPACE.'}}, {'type': 'value_error', 'loc': ('body', 'password'), 'msg': 'Value error, Password must be at least 8 characters', 'input': 'ZAP', 'ctx': {'error': ValueError('Password must be at least 8 characters')}}, {'type': 'string_type', 'loc': ('body', 'phone'), 'msg': 'Input should be a valid string', 'input': 9999999999}, {'type': 'value_error', 'loc': ('body', 'otp_code'), 'msg': 'Value error, OTP code must be 6 digits', 'input': 'John Doe', 'ctx': {'error': ValueError('OTP code must be 6 digits')}}]
==============================================

=== VALIDATION ERROR AT PATCH /api/v1/boarding-houses/bh_id"|type+%SYSTEMROOT%\win.ini ===
[{'type': 'json_invalid', 'loc': ('body', 8), 'msg': 'JSON decode error', 'input': {}, 'ctx': {'error': 'Expecting value'}}]
==============================================

=== VALIDATION ERROR AT PATCH /api/v1/maintenance/request_id"|type+%SYSTEMROOT%\win.ini ===
[{'type': 'json_invalid', 'loc': ('body', 34), 'msg': 'JSON decode error', 'input': {}, 'ctx': {'error': 'Expecting value'}}]
==============================================

=== GLOBAL EXCEPTION HANDLER AT POST /api/v1/auth/register ===
  + Exception Group Traceback (most recent call last):
  |   File "D:\nhatro\backend\venv\Lib\site-packages\starlette\_utils.py", line 87, in collapse_excgroups
  |     yield
  |   File "D:\nhatro\backend\venv\Lib\site-packages\starlette\middleware\base.py", line 190, in __call__
  |     async with anyio.create_task_group() as task_group:
  |                ^^^^^^^^^^^^^^^^^^^^^^^^^
  |   File "D:\nhatro\backend\venv\Lib\site-packages\anyio\_backends\_asyncio.py", line 799, in __aexit__
  |     raise BaseExceptionGroup(
  | ExceptionGroup: unhandled errors in a TaskGroup (1 sub-exception)
  +-+---------------- 1 ----------------
    | Traceback (most recent call last):
    |   File "D:\nhatro\backend\venv\Lib\site-packages\starlette\middleware\errors.py", line 164, in __call__
    |     await self.app(scope, receive, _send)
    |   File "D:\nhatro\backend\venv\Lib\site-packages\starlette\middleware\base.py", line 189, in __call__
    |     with collapse_excgroups():
    |          ^^^^^^^^^^^^^^^^^^^^
    |   File "C:\Users\ngocson\.cache\codex-runtimes\codex-primary-runtime\dependencies\python\Lib\contextlib.py", line 158, in __exit__
    |     self.gen.throw(value)
    |   File "D:\nhatro\backend\venv\Lib\site-packages\starlette\_utils.py", line 93, in collapse_excgroups
    |     raise exc
    |   File "D:\nhatro\backend\venv\Lib\site-packages\starlette\middleware\base.py", line 191, in __call__
    |     response = await self.dispatch_func(request, call_next)
    |                ^^^^^^^^^^^^^^^^^^^^^^^^^^^^^^^^^^^^^^^^^^^^
    |   File "D:\nhatro\backend\app\main.py", line 127, in rate_limit_middleware
    |     return await call_next(request)
    |            ^^^^^^^^^^^^^^^^^^^^^^^^
    |   File "D:\nhatro\backend\venv\Lib\site-packages\starlette\middleware\base.py", line 165, in call_next
    |     raise app_exc
    |   File "D:\nhatro\backend\venv\Lib\site-packages\starlette\middleware\base.py", line 151, in coro
    |     await self.app(scope, receive_or_disconnect, send_no_error)
    |   File "D:\nhatro\backend\venv\Lib\site-packages\starlette\middleware\base.py", line 189, in __call__
    |     with collapse_excgroups():
    |          ^^^^^^^^^^^^^^^^^^^^
    |   File "C:\Users\ngocson\.cache\codex-runtimes\codex-primary-runtime\dependencies\python\Lib\contextlib.py", line 158, in __exit__
    |     self.gen.throw(value)
    |   File "D:\nhatro\backend\venv\Lib\site-packages\starlette\_utils.py", line 93, in collapse_excgroups
    |     raise exc
    |   File "D:\nhatro\backend\venv\Lib\site-packages\starlette\middleware\base.py", line 191, in __call__
    |     response = await self.dispatch_func(request, call_next)
    |                ^^^^^^^^^^^^^^^^^^^^^^^^^^^^^^^^^^^^^^^^^^^^
    |   File "D:\nhatro\backend\app\main.py", line 93, in add_process_time
    |     response = await call_next(request)
    |                ^^^^^^^^^^^^^^^^^^^^^^^^
    |   File "D:\nhatro\backend\venv\Lib\site-packages\starlette\middleware\base.py", line 165, in call_next
    |     raise app_exc
    |   File "D:\nhatro\backend\venv\Lib\site-packages\starlette\middleware\base.py", line 151, in coro
    |     await self.app(scope, receive_or_disconnect, send_no_error)
    |   File "D:\nhatro\backend\venv\Lib\site-packages\starlette\middleware\base.py", line 189, in __call__
    |     with collapse_excgroups():
    |          ^^^^^^^^^^^^^^^^^^^^
    |   File "C:\Users\ngocson\.cache\codex-runtimes\codex-primary-runtime\dependencies\python\Lib\contextlib.py", line 158, in __exit__
    |     self.gen.throw(value)
    |   File "D:\nhatro\backend\venv\Lib\site-packages\starlette\_utils.py", line 93, in collapse_excgroups
    |     raise exc
    |   File "D:\nhatro\backend\venv\Lib\site-packages\starlette\middleware\base.py", line 191, in __call__
    |     response = await self.dispatch_func(request, call_next)
    |                ^^^^^^^^^^^^^^^^^^^^^^^^^^^^^^^^^^^^^^^^^^^^
    |   File "D:\nhatro\backend\app\main.py", line 86, in add_security_headers
    |     response = await call_next(request)
    |                ^^^^^^^^^^^^^^^^^^^^^^^^
    |   File "D:\nhatro\backend\venv\Lib\site-packages\starlette\middleware\base.py", line 165, in call_next
    |     raise app_exc
    |   File "D:\nhatro\backend\venv\Lib\site-packages\starlette\middleware\base.py", line 151, in coro
    |     await self.app(scope, receive_or_disconnect, send_no_error)
    |   File "D:\nhatro\backend\venv\Lib\site-packages\starlette\middleware\cors.py", line 85, in __call__
    |     await self.app(scope, receive, send)
    |   File "D:\nhatro\backend\venv\Lib\site-packages\starlette\middleware\exceptions.py", line 65, in __call__
    |     await wrap_app_handling_exceptions(self.app, conn)(scope, receive, send)
    |   File "D:\nhatro\backend\venv\Lib\site-packages\starlette\_exception_handler.py", line 64, in wrapped_app
    |     raise exc
    |   File "D:\nhatro\backend\venv\Lib\site-packages\starlette\_exception_handler.py", line 53, in wrapped_app
    |     await app(scope, receive, sender)
    |   File "D:\nhatro\backend\venv\Lib\site-packages\starlette\routing.py", line 756, in __call__
    |     await self.middleware_stack(scope, receive, send)
    |   File "D:\nhatro\backend\venv\Lib\site-packages\starlette\routing.py", line 776, in app
    |     await route.handle(scope, receive, send)
    |   File "D:\nhatro\backend\venv\Lib\site-packages\starlette\routing.py", line 297, in handle
    |     await self.app(scope, receive, send)
    |   File "D:\nhatro\backend\venv\Lib\site-packages\starlette\routing.py", line 77, in app
    |     await wrap_app_handling_exceptions(app, request)(scope, receive, send)
    |   File "D:\nhatro\backend\venv\Lib\site-packages\starlette\_exception_handler.py", line 75, in wrapped_app
    |     response = await handler(conn, exc)
    |                ^^^^^^^^^^^^^^^^^^^^^^^^
    |   File "D:\nhatro\backend\app\main.py", line 157, in validation_exception_handler
    |     return JSONResponse(
    |            ^^^^^^^^^^^^^
    |   File "D:\nhatro\backend\venv\Lib\site-packages\starlette\responses.py", line 184, in __init__
    |     super().__init__(content, status_code, headers, media_type, background)
    |   File "D:\nhatro\backend\venv\Lib\site-packages\starlette\responses.py", line 41, in __init__
    |     self.body = self.render(content)
    |                 ^^^^^^^^^^^^^^^^^^^^
    |   File "D:\nhatro\backend\venv\Lib\site-packages\starlette\responses.py", line 187, in render
    |     return json.dumps(
    |            ^^^^^^^^^^^
    |   File "C:\Users\ngocson\.cache\codex-runtimes\codex-primary-runtime\dependencies\python\Lib\json\__init__.py", line 238, in dumps
    |     **kw).encode(obj)
    |           ^^^^^^^^^^^
    |   File "C:\Users\ngocson\.cache\codex-runtimes\codex-primary-runtime\dependencies\python\Lib\json\encoder.py", line 200, in encode
    |     chunks = self.iterencode(o, _one_shot=True)
    |              ^^^^^^^^^^^^^^^^^^^^^^^^^^^^^^^^^^
    |   File "C:\Users\ngocson\.cache\codex-runtimes\codex-primary-runtime\dependencies\python\Lib\json\encoder.py", line 258, in iterencode
    |     return _iterencode(o, 0)
    |            ^^^^^^^^^^^^^^^^^
    |   File "C:\Users\ngocson\.cache\codex-runtimes\codex-primary-runtime\dependencies\python\Lib\json\encoder.py", line 180, in default
    |     raise TypeError(f'Object of type {o.__class__.__name__} '
    | TypeError: Object of type ValueError is not JSON serializable
    +------------------------------------

During handling of the above exception, another exception occurred:

Traceback (most recent call last):
  File "D:\nhatro\backend\venv\Lib\site-packages\starlette\middleware\errors.py", line 164, in __call__
    await self.app(scope, receive, _send)
  File "D:\nhatro\backend\venv\Lib\site-packages\starlette\middleware\base.py", line 189, in __call__
    with collapse_excgroups():
         ^^^^^^^^^^^^^^^^^^^^
  File "C:\Users\ngocson\.cache\codex-runtimes\codex-primary-runtime\dependencies\python\Lib\contextlib.py", line 158, in __exit__
    self.gen.throw(value)
  File "D:\nhatro\backend\venv\Lib\site-packages\starlette\_utils.py", line 93, in collapse_excgroups
    raise exc
  File "D:\nhatro\backend\venv\Lib\site-packages\starlette\middleware\base.py", line 191, in __call__
    response = await self.dispatch_func(request, call_next)
               ^^^^^^^^^^^^^^^^^^^^^^^^^^^^^^^^^^^^^^^^^^^^
  File "D:\nhatro\backend\app\main.py", line 127, in rate_limit_middleware
    return await call_next(request)
           ^^^^^^^^^^^^^^^^^^^^^^^^
  File "D:\nhatro\backend\venv\Lib\site-packages\starlette\middleware\base.py", line 165, in call_next
    raise app_exc
  File "D:\nhatro\backend\venv\Lib\site-packages\starlette\middleware\base.py", line 151, in coro
    await self.app(scope, receive_or_disconnect, send_no_error)
  File "D:\nhatro\backend\venv\Lib\site-packages\starlette\middleware\base.py", line 189, in __call__
    with collapse_excgroups():
         ^^^^^^^^^^^^^^^^^^^^
  File "C:\Users\ngocson\.cache\codex-runtimes\codex-primary-runtime\dependencies\python\Lib\contextlib.py", line 158, in __exit__
    self.gen.throw(value)
  File "D:\nhatro\backend\venv\Lib\site-packages\starlette\_utils.py", line 93, in collapse_excgroups
    raise exc
  File "D:\nhatro\backend\venv\Lib\site-packages\starlette\middleware\base.py", line 191, in __call__
    response = await self.dispatch_func(request, call_next)
               ^^^^^^^^^^^^^^^^^^^^^^^^^^^^^^^^^^^^^^^^^^^^
  File "D:\nhatro\backend\app\main.py", line 93, in add_process_time
    response = await call_next(request)
               ^^^^^^^^^^^^^^^^^^^^^^^^
  File "D:\nhatro\backend\venv\Lib\site-packages\starlette\middleware\base.py", line 165, in call_next
    raise app_exc
  File "D:\nhatro\backend\venv\Lib\site-packages\starlette\middleware\base.py", line 151, in coro
    await self.app(scope, receive_or_disconnect, send_no_error)
  File "D:\nhatro\backend\venv\Lib\site-packages\starlette\middleware\base.py", line 189, in __call__
    with collapse_excgroups():
         ^^^^^^^^^^^^^^^^^^^^
  File "C:\Users\ngocson\.cache\codex-runtimes\codex-primary-runtime\dependencies\python\Lib\contextlib.py", line 158, in __exit__
    self.gen.throw(value)
  File "D:\nhatro\backend\venv\Lib\site-packages\starlette\_utils.py", line 93, in collapse_excgroups
    raise exc
  File "D:\nhatro\backend\venv\Lib\site-packages\starlette\middleware\base.py", line 191, in __call__
    response = await self.dispatch_func(request, call_next)
               ^^^^^^^^^^^^^^^^^^^^^^^^^^^^^^^^^^^^^^^^^^^^
  File "D:\nhatro\backend\app\main.py", line 86, in add_security_headers
    response = await call_next(request)
               ^^^^^^^^^^^^^^^^^^^^^^^^
  File "D:\nhatro\backend\venv\Lib\site-packages\starlette\middleware\base.py", line 165, in call_next
    raise app_exc
  File "D:\nhatro\backend\venv\Lib\site-packages\starlette\middleware\base.py", line 151, in coro
    await self.app(scope, receive_or_disconnect, send_no_error)
  File "D:\nhatro\backend\venv\Lib\site-packages\starlette\middleware\cors.py", line 85, in __call__
    await self.app(scope, receive, send)
  File "D:\nhatro\backend\venv\Lib\site-packages\starlette\middleware\exceptions.py", line 65, in __call__
    await wrap_app_handling_exceptions(self.app, conn)(scope, receive, send)
  File "D:\nhatro\backend\venv\Lib\site-packages\starlette\_exception_handler.py", line 64, in wrapped_app
    raise exc
  File "D:\nhatro\backend\venv\Lib\site-packages\starlette\_exception_handler.py", line 53, in wrapped_app
    await app(scope, receive, sender)
  File "D:\nhatro\backend\venv\Lib\site-packages\starlette\routing.py", line 756, in __call__
    await self.middleware_stack(scope, receive, send)
  File "D:\nhatro\backend\venv\Lib\site-packages\starlette\routing.py", line 776, in app
    await route.handle(scope, receive, send)
  File "D:\nhatro\backend\venv\Lib\site-packages\starlette\routing.py", line 297, in handle
    await self.app(scope, receive, send)
  File "D:\nhatro\backend\venv\Lib\site-packages\starlette\routing.py", line 77, in app
    await wrap_app_handling_exceptions(app, request)(scope, receive, send)
  File "D:\nhatro\backend\venv\Lib\site-packages\starlette\_exception_handler.py", line 75, in wrapped_app
    response = await handler(conn, exc)
               ^^^^^^^^^^^^^^^^^^^^^^^^
  File "D:\nhatro\backend\app\main.py", line 157, in validation_exception_handler
    return JSONResponse(
           ^^^^^^^^^^^^^
  File "D:\nhatro\backend\venv\Lib\site-packages\starlette\responses.py", line 184, in __init__
    super().__init__(content, status_code, headers, media_type, background)
  File "D:\nhatro\backend\venv\Lib\site-packages\starlette\responses.py", line 41, in __init__
    self.body = self.render(content)
                ^^^^^^^^^^^^^^^^^^^^
  File "D:\nhatro\backend\venv\Lib\site-packages\starlette\responses.py", line 187, in render
    return json.dumps(
           ^^^^^^^^^^^
  File "C:\Users\ngocson\.cache\codex-runtimes\codex-primary-runtime\dependencies\python\Lib\json\__init__.py", line 238, in dumps
    **kw).encode(obj)
          ^^^^^^^^^^^
  File "C:\Users\ngocson\.cache\codex-runtimes\codex-primary-runtime\dependencies\python\Lib\json\encoder.py", line 200, in encode
    chunks = self.iterencode(o, _one_shot=True)
             ^^^^^^^^^^^^^^^^^^^^^^^^^^^^^^^^^^
  File "C:\Users\ngocson\.cache\codex-runtimes\codex-primary-runtime\dependencies\python\Lib\json\encoder.py", line 258, in iterencode
    return _iterencode(o, 0)
           ^^^^^^^^^^^^^^^^^
  File "C:\Users\ngocson\.cache\codex-runtimes\codex-primary-runtime\dependencies\python\Lib\json\encoder.py", line 180, in default
    raise TypeError(f'Object of type {o.__class__.__name__} '
TypeError: Object of type ValueError is not JSON serializable
==============================================

=== VALIDATION ERROR AT POST /api/v1/auth/forgot-password ===
[{'type': 'value_error', 'loc': ('body', 'email'), 'msg': 'value is not a valid email address: The part after the @-sign contains invalid characters: "\\", \'%\', \'|\', SPACE.', 'input': 'zaproxy@example.com|type %SYSTEMROOT%\\win.ini', 'ctx': {'reason': 'The part after the @-sign contains invalid characters: "\\", \'%\', \'|\', SPACE.'}}]
==============================================

=== VALIDATION ERROR AT POST /api/v1/auth/login ===
[{'type': 'value_error', 'loc': ('body', 'email'), 'msg': 'value is not a valid email address: The part after the @-sign contains invalid characters: "\\", \'%\', \'|\', SPACE.', 'input': 'zaproxy@example.com|type %SYSTEMROOT%\\win.ini', 'ctx': {'reason': 'The part after the @-sign contains invalid characters: "\\", \'%\', \'|\', SPACE.'}}]
==============================================

=== VALIDATION ERROR AT POST /api/v1/auth/register/send-otp ===
[{'type': 'value_error', 'loc': ('body', 'email'), 'msg': 'value is not a valid email address: The part after the @-sign contains invalid characters: "\\", \'%\', \'|\', SPACE.', 'input': 'zaproxy@example.com|type %SYSTEMROOT%\\win.ini', 'ctx': {'reason': 'The part after the @-sign contains invalid characters: "\\", \'%\', \'|\', SPACE.'}}]
==============================================

=== VALIDATION ERROR AT POST /api/v1/auth/register ===
[{'type': 'value_error', 'loc': ('body', 'email'), 'msg': 'value is not a valid email address: The part after the @-sign contains invalid characters: "\\", \'%\', \'|\', SPACE.', 'input': 'zaproxy@example.com|type %SYSTEMROOT%\\win.ini', 'ctx': {'reason': 'The part after the @-sign contains invalid characters: "\\", \'%\', \'|\', SPACE.'}}, {'type': 'value_error', 'loc': ('body', 'password'), 'msg': 'Value error, Password must be at least 8 characters', 'input': 'ZAP', 'ctx': {'error': ValueError('Password must be at least 8 characters')}}, {'type': 'string_type', 'loc': ('body', 'phone'), 'msg': 'Input should be a valid string', 'input': 9999999999}, {'type': 'value_error', 'loc': ('body', 'otp_code'), 'msg': 'Value error, OTP code must be 6 digits', 'input': 'John Doe', 'ctx': {'error': ValueError('OTP code must be 6 digits')}}]
==============================================

=== VALIDATION ERROR AT PATCH /api/v1/boarding-houses/bh_id'&type+%SYSTEMROOT%\win.ini&' ===
[{'type': 'json_invalid', 'loc': ('body', 8), 'msg': 'JSON decode error', 'input': {}, 'ctx': {'error': 'Expecting value'}}]
==============================================

=== VALIDATION ERROR AT PATCH /api/v1/maintenance/request_id'&type+%SYSTEMROOT%\win.ini&' ===
[{'type': 'json_invalid', 'loc': ('body', 34), 'msg': 'JSON decode error', 'input': {}, 'ctx': {'error': 'Expecting value'}}]
==============================================

=== GLOBAL EXCEPTION HANDLER AT POST /api/v1/auth/register ===
  + Exception Group Traceback (most recent call last):
  |   File "D:\nhatro\backend\venv\Lib\site-packages\starlette\_utils.py", line 87, in collapse_excgroups
  |     yield
  |   File "D:\nhatro\backend\venv\Lib\site-packages\starlette\middleware\base.py", line 190, in __call__
  |     async with anyio.create_task_group() as task_group:
  |                ^^^^^^^^^^^^^^^^^^^^^^^^^
  |   File "D:\nhatro\backend\venv\Lib\site-packages\anyio\_backends\_asyncio.py", line 799, in __aexit__
  |     raise BaseExceptionGroup(
  | ExceptionGroup: unhandled errors in a TaskGroup (1 sub-exception)
  +-+---------------- 1 ----------------
    | Traceback (most recent call last):
    |   File "D:\nhatro\backend\venv\Lib\site-packages\starlette\middleware\errors.py", line 164, in __call__
    |     await self.app(scope, receive, _send)
    |   File "D:\nhatro\backend\venv\Lib\site-packages\starlette\middleware\base.py", line 189, in __call__
    |     with collapse_excgroups():
    |          ^^^^^^^^^^^^^^^^^^^^
    |   File "C:\Users\ngocson\.cache\codex-runtimes\codex-primary-runtime\dependencies\python\Lib\contextlib.py", line 158, in __exit__
    |     self.gen.throw(value)
    |   File "D:\nhatro\backend\venv\Lib\site-packages\starlette\_utils.py", line 93, in collapse_excgroups
    |     raise exc
    |   File "D:\nhatro\backend\venv\Lib\site-packages\starlette\middleware\base.py", line 191, in __call__
    |     response = await self.dispatch_func(request, call_next)
    |                ^^^^^^^^^^^^^^^^^^^^^^^^^^^^^^^^^^^^^^^^^^^^
    |   File "D:\nhatro\backend\app\main.py", line 127, in rate_limit_middleware
    |     return await call_next(request)
    |            ^^^^^^^^^^^^^^^^^^^^^^^^
    |   File "D:\nhatro\backend\venv\Lib\site-packages\starlette\middleware\base.py", line 165, in call_next
    |     raise app_exc
    |   File "D:\nhatro\backend\venv\Lib\site-packages\starlette\middleware\base.py", line 151, in coro
    |     await self.app(scope, receive_or_disconnect, send_no_error)
    |   File "D:\nhatro\backend\venv\Lib\site-packages\starlette\middleware\base.py", line 189, in __call__
    |     with collapse_excgroups():
    |          ^^^^^^^^^^^^^^^^^^^^
    |   File "C:\Users\ngocson\.cache\codex-runtimes\codex-primary-runtime\dependencies\python\Lib\contextlib.py", line 158, in __exit__
    |     self.gen.throw(value)
    |   File "D:\nhatro\backend\venv\Lib\site-packages\starlette\_utils.py", line 93, in collapse_excgroups
    |     raise exc
    |   File "D:\nhatro\backend\venv\Lib\site-packages\starlette\middleware\base.py", line 191, in __call__
    |     response = await self.dispatch_func(request, call_next)
    |                ^^^^^^^^^^^^^^^^^^^^^^^^^^^^^^^^^^^^^^^^^^^^
    |   File "D:\nhatro\backend\app\main.py", line 93, in add_process_time
    |     response = await call_next(request)
    |                ^^^^^^^^^^^^^^^^^^^^^^^^
    |   File "D:\nhatro\backend\venv\Lib\site-packages\starlette\middleware\base.py", line 165, in call_next
    |     raise app_exc
    |   File "D:\nhatro\backend\venv\Lib\site-packages\starlette\middleware\base.py", line 151, in coro
    |     await self.app(scope, receive_or_disconnect, send_no_error)
    |   File "D:\nhatro\backend\venv\Lib\site-packages\starlette\middleware\base.py", line 189, in __call__
    |     with collapse_excgroups():
    |          ^^^^^^^^^^^^^^^^^^^^
    |   File "C:\Users\ngocson\.cache\codex-runtimes\codex-primary-runtime\dependencies\python\Lib\contextlib.py", line 158, in __exit__
    |     self.gen.throw(value)
    |   File "D:\nhatro\backend\venv\Lib\site-packages\starlette\_utils.py", line 93, in collapse_excgroups
    |     raise exc
    |   File "D:\nhatro\backend\venv\Lib\site-packages\starlette\middleware\base.py", line 191, in __call__
    |     response = await self.dispatch_func(request, call_next)
    |                ^^^^^^^^^^^^^^^^^^^^^^^^^^^^^^^^^^^^^^^^^^^^
    |   File "D:\nhatro\backend\app\main.py", line 86, in add_security_headers
    |     response = await call_next(request)
    |                ^^^^^^^^^^^^^^^^^^^^^^^^
    |   File "D:\nhatro\backend\venv\Lib\site-packages\starlette\middleware\base.py", line 165, in call_next
    |     raise app_exc
    |   File "D:\nhatro\backend\venv\Lib\site-packages\starlette\middleware\base.py", line 151, in coro
    |     await self.app(scope, receive_or_disconnect, send_no_error)
    |   File "D:\nhatro\backend\venv\Lib\site-packages\starlette\middleware\cors.py", line 85, in __call__
    |     await self.app(scope, receive, send)
    |   File "D:\nhatro\backend\venv\Lib\site-packages\starlette\middleware\exceptions.py", line 65, in __call__
    |     await wrap_app_handling_exceptions(self.app, conn)(scope, receive, send)
    |   File "D:\nhatro\backend\venv\Lib\site-packages\starlette\_exception_handler.py", line 64, in wrapped_app
    |     raise exc
    |   File "D:\nhatro\backend\venv\Lib\site-packages\starlette\_exception_handler.py", line 53, in wrapped_app
    |     await app(scope, receive, sender)
    |   File "D:\nhatro\backend\venv\Lib\site-packages\starlette\routing.py", line 756, in __call__
    |     await self.middleware_stack(scope, receive, send)
    |   File "D:\nhatro\backend\venv\Lib\site-packages\starlette\routing.py", line 776, in app
    |     await route.handle(scope, receive, send)
    |   File "D:\nhatro\backend\venv\Lib\site-packages\starlette\routing.py", line 297, in handle
    |     await self.app(scope, receive, send)
    |   File "D:\nhatro\backend\venv\Lib\site-packages\starlette\routing.py", line 77, in app
    |     await wrap_app_handling_exceptions(app, request)(scope, receive, send)
    |   File "D:\nhatro\backend\venv\Lib\site-packages\starlette\_exception_handler.py", line 75, in wrapped_app
    |     response = await handler(conn, exc)
    |                ^^^^^^^^^^^^^^^^^^^^^^^^
    |   File "D:\nhatro\backend\app\main.py", line 157, in validation_exception_handler
    |     return JSONResponse(
    |            ^^^^^^^^^^^^^
    |   File "D:\nhatro\backend\venv\Lib\site-packages\starlette\responses.py", line 184, in __init__
    |     super().__init__(content, status_code, headers, media_type, background)
    |   File "D:\nhatro\backend\venv\Lib\site-packages\starlette\responses.py", line 41, in __init__
    |     self.body = self.render(content)
    |                 ^^^^^^^^^^^^^^^^^^^^
    |   File "D:\nhatro\backend\venv\Lib\site-packages\starlette\responses.py", line 187, in render
    |     return json.dumps(
    |            ^^^^^^^^^^^
    |   File "C:\Users\ngocson\.cache\codex-runtimes\codex-primary-runtime\dependencies\python\Lib\json\__init__.py", line 238, in dumps
    |     **kw).encode(obj)
    |           ^^^^^^^^^^^
    |   File "C:\Users\ngocson\.cache\codex-runtimes\codex-primary-runtime\dependencies\python\Lib\json\encoder.py", line 200, in encode
    |     chunks = self.iterencode(o, _one_shot=True)
    |              ^^^^^^^^^^^^^^^^^^^^^^^^^^^^^^^^^^
    |   File "C:\Users\ngocson\.cache\codex-runtimes\codex-primary-runtime\dependencies\python\Lib\json\encoder.py", line 258, in iterencode
    |     return _iterencode(o, 0)
    |            ^^^^^^^^^^^^^^^^^
    |   File "C:\Users\ngocson\.cache\codex-runtimes\codex-primary-runtime\dependencies\python\Lib\json\encoder.py", line 180, in default
    |     raise TypeError(f'Object of type {o.__class__.__name__} '
    | TypeError: Object of type ValueError is not JSON serializable
    +------------------------------------

During handling of the above exception, another exception occurred:

Traceback (most recent call last):
  File "D:\nhatro\backend\venv\Lib\site-packages\starlette\middleware\errors.py", line 164, in __call__
    await self.app(scope, receive, _send)
  File "D:\nhatro\backend\venv\Lib\site-packages\starlette\middleware\base.py", line 189, in __call__
    with collapse_excgroups():
         ^^^^^^^^^^^^^^^^^^^^
  File "C:\Users\ngocson\.cache\codex-runtimes\codex-primary-runtime\dependencies\python\Lib\contextlib.py", line 158, in __exit__
    self.gen.throw(value)
  File "D:\nhatro\backend\venv\Lib\site-packages\starlette\_utils.py", line 93, in collapse_excgroups
    raise exc
  File "D:\nhatro\backend\venv\Lib\site-packages\starlette\middleware\base.py", line 191, in __call__
    response = await self.dispatch_func(request, call_next)
               ^^^^^^^^^^^^^^^^^^^^^^^^^^^^^^^^^^^^^^^^^^^^
  File "D:\nhatro\backend\app\main.py", line 127, in rate_limit_middleware
    return await call_next(request)
           ^^^^^^^^^^^^^^^^^^^^^^^^
  File "D:\nhatro\backend\venv\Lib\site-packages\starlette\middleware\base.py", line 165, in call_next
    raise app_exc
  File "D:\nhatro\backend\venv\Lib\site-packages\starlette\middleware\base.py", line 151, in coro
    await self.app(scope, receive_or_disconnect, send_no_error)
  File "D:\nhatro\backend\venv\Lib\site-packages\starlette\middleware\base.py", line 189, in __call__
    with collapse_excgroups():
         ^^^^^^^^^^^^^^^^^^^^
  File "C:\Users\ngocson\.cache\codex-runtimes\codex-primary-runtime\dependencies\python\Lib\contextlib.py", line 158, in __exit__
    self.gen.throw(value)
  File "D:\nhatro\backend\venv\Lib\site-packages\starlette\_utils.py", line 93, in collapse_excgroups
    raise exc
  File "D:\nhatro\backend\venv\Lib\site-packages\starlette\middleware\base.py", line 191, in __call__
    response = await self.dispatch_func(request, call_next)
               ^^^^^^^^^^^^^^^^^^^^^^^^^^^^^^^^^^^^^^^^^^^^
  File "D:\nhatro\backend\app\main.py", line 93, in add_process_time
    response = await call_next(request)
               ^^^^^^^^^^^^^^^^^^^^^^^^
  File "D:\nhatro\backend\venv\Lib\site-packages\starlette\middleware\base.py", line 165, in call_next
    raise app_exc
  File "D:\nhatro\backend\venv\Lib\site-packages\starlette\middleware\base.py", line 151, in coro
    await self.app(scope, receive_or_disconnect, send_no_error)
  File "D:\nhatro\backend\venv\Lib\site-packages\starlette\middleware\base.py", line 189, in __call__
    with collapse_excgroups():
         ^^^^^^^^^^^^^^^^^^^^
  File "C:\Users\ngocson\.cache\codex-runtimes\codex-primary-runtime\dependencies\python\Lib\contextlib.py", line 158, in __exit__
    self.gen.throw(value)
  File "D:\nhatro\backend\venv\Lib\site-packages\starlette\_utils.py", line 93, in collapse_excgroups
    raise exc
  File "D:\nhatro\backend\venv\Lib\site-packages\starlette\middleware\base.py", line 191, in __call__
    response = await self.dispatch_func(request, call_next)
               ^^^^^^^^^^^^^^^^^^^^^^^^^^^^^^^^^^^^^^^^^^^^
  File "D:\nhatro\backend\app\main.py", line 86, in add_security_headers
    response = await call_next(request)
               ^^^^^^^^^^^^^^^^^^^^^^^^
  File "D:\nhatro\backend\venv\Lib\site-packages\starlette\middleware\base.py", line 165, in call_next
    raise app_exc
  File "D:\nhatro\backend\venv\Lib\site-packages\starlette\middleware\base.py", line 151, in coro
    await self.app(scope, receive_or_disconnect, send_no_error)
  File "D:\nhatro\backend\venv\Lib\site-packages\starlette\middleware\cors.py", line 85, in __call__
    await self.app(scope, receive, send)
  File "D:\nhatro\backend\venv\Lib\site-packages\starlette\middleware\exceptions.py", line 65, in __call__
    await wrap_app_handling_exceptions(self.app, conn)(scope, receive, send)
  File "D:\nhatro\backend\venv\Lib\site-packages\starlette\_exception_handler.py", line 64, in wrapped_app
    raise exc
  File "D:\nhatro\backend\venv\Lib\site-packages\starlette\_exception_handler.py", line 53, in wrapped_app
    await app(scope, receive, sender)
  File "D:\nhatro\backend\venv\Lib\site-packages\starlette\routing.py", line 756, in __call__
    await self.middleware_stack(scope, receive, send)
  File "D:\nhatro\backend\venv\Lib\site-packages\starlette\routing.py", line 776, in app
    await route.handle(scope, receive, send)
  File "D:\nhatro\backend\venv\Lib\site-packages\starlette\routing.py", line 297, in handle
    await self.app(scope, receive, send)
  File "D:\nhatro\backend\venv\Lib\site-packages\starlette\routing.py", line 77, in app
    await wrap_app_handling_exceptions(app, request)(scope, receive, send)
  File "D:\nhatro\backend\venv\Lib\site-packages\starlette\_exception_handler.py", line 75, in wrapped_app
    response = await handler(conn, exc)
               ^^^^^^^^^^^^^^^^^^^^^^^^
  File "D:\nhatro\backend\app\main.py", line 157, in validation_exception_handler
    return JSONResponse(
           ^^^^^^^^^^^^^
  File "D:\nhatro\backend\venv\Lib\site-packages\starlette\responses.py", line 184, in __init__
    super().__init__(content, status_code, headers, media_type, background)
  File "D:\nhatro\backend\venv\Lib\site-packages\starlette\responses.py", line 41, in __init__
    self.body = self.render(content)
                ^^^^^^^^^^^^^^^^^^^^
  File "D:\nhatro\backend\venv\Lib\site-packages\starlette\responses.py", line 187, in render
    return json.dumps(
           ^^^^^^^^^^^
  File "C:\Users\ngocson\.cache\codex-runtimes\codex-primary-runtime\dependencies\python\Lib\json\__init__.py", line 238, in dumps
    **kw).encode(obj)
          ^^^^^^^^^^^
  File "C:\Users\ngocson\.cache\codex-runtimes\codex-primary-runtime\dependencies\python\Lib\json\encoder.py", line 200, in encode
    chunks = self.iterencode(o, _one_shot=True)
             ^^^^^^^^^^^^^^^^^^^^^^^^^^^^^^^^^^
  File "C:\Users\ngocson\.cache\codex-runtimes\codex-primary-runtime\dependencies\python\Lib\json\encoder.py", line 258, in iterencode
    return _iterencode(o, 0)
           ^^^^^^^^^^^^^^^^^
  File "C:\Users\ngocson\.cache\codex-runtimes\codex-primary-runtime\dependencies\python\Lib\json\encoder.py", line 180, in default
    raise TypeError(f'Object of type {o.__class__.__name__} '
TypeError: Object of type ValueError is not JSON serializable
==============================================

=== VALIDATION ERROR AT POST /api/v1/auth/forgot-password ===
[{'type': 'value_error', 'loc': ('body', 'email'), 'msg': 'value is not a valid email address: The part after the @-sign contains invalid characters: "\\", \'"\', \'%\', \'&\', SPACE.', 'input': 'zaproxy@example.com"&type %SYSTEMROOT%\\win.ini&"', 'ctx': {'reason': 'The part after the @-sign contains invalid characters: "\\", \'"\', \'%\', \'&\', SPACE.'}}]
==============================================

=== VALIDATION ERROR AT POST /api/v1/auth/login ===
[{'type': 'value_error', 'loc': ('body', 'email'), 'msg': 'value is not a valid email address: The part after the @-sign contains invalid characters: "\\", \'"\', \'%\', \'&\', SPACE.', 'input': 'zaproxy@example.com"&type %SYSTEMROOT%\\win.ini&"', 'ctx': {'reason': 'The part after the @-sign contains invalid characters: "\\", \'"\', \'%\', \'&\', SPACE.'}}]
==============================================

=== VALIDATION ERROR AT POST /api/v1/auth/register/send-otp ===
[{'type': 'value_error', 'loc': ('body', 'email'), 'msg': 'value is not a valid email address: The part after the @-sign contains invalid characters: "\\", \'"\', \'%\', \'&\', SPACE.', 'input': 'zaproxy@example.com"&type %SYSTEMROOT%\\win.ini&"', 'ctx': {'reason': 'The part after the @-sign contains invalid characters: "\\", \'"\', \'%\', \'&\', SPACE.'}}]
==============================================

=== VALIDATION ERROR AT PATCH /api/v1/boarding-houses/bh_id'|type+%SYSTEMROOT%\win.ini ===
[{'type': 'json_invalid', 'loc': ('body', 8), 'msg': 'JSON decode error', 'input': {}, 'ctx': {'error': 'Expecting value'}}]
==============================================

=== VALIDATION ERROR AT POST /api/v1/auth/register ===
[{'type': 'value_error', 'loc': ('body', 'email'), 'msg': 'value is not a valid email address: The part after the @-sign contains invalid characters: "\\", \'"\', \'%\', \'&\', SPACE.', 'input': 'zaproxy@example.com"&type %SYSTEMROOT%\\win.ini&"', 'ctx': {'reason': 'The part after the @-sign contains invalid characters: "\\", \'"\', \'%\', \'&\', SPACE.'}}, {'type': 'value_error', 'loc': ('body', 'password'), 'msg': 'Value error, Password must be at least 8 characters', 'input': 'ZAP', 'ctx': {'error': ValueError('Password must be at least 8 characters')}}, {'type': 'string_type', 'loc': ('body', 'phone'), 'msg': 'Input should be a valid string', 'input': 9999999999}, {'type': 'value_error', 'loc': ('body', 'otp_code'), 'msg': 'Value error, OTP code must be 6 digits', 'input': 'John Doe', 'ctx': {'error': ValueError('OTP code must be 6 digits')}}]
==============================================

=== VALIDATION ERROR AT PATCH /api/v1/maintenance/request_id'|type+%SYSTEMROOT%\win.ini ===
[{'type': 'json_invalid', 'loc': ('body', 34), 'msg': 'JSON decode error', 'input': {}, 'ctx': {'error': 'Expecting value'}}]
==============================================

=== GLOBAL EXCEPTION HANDLER AT POST /api/v1/auth/register ===
  + Exception Group Traceback (most recent call last):
  |   File "D:\nhatro\backend\venv\Lib\site-packages\starlette\_utils.py", line 87, in collapse_excgroups
  |     yield
  |   File "D:\nhatro\backend\venv\Lib\site-packages\starlette\middleware\base.py", line 190, in __call__
  |     async with anyio.create_task_group() as task_group:
  |                ^^^^^^^^^^^^^^^^^^^^^^^^^
  |   File "D:\nhatro\backend\venv\Lib\site-packages\anyio\_backends\_asyncio.py", line 799, in __aexit__
  |     raise BaseExceptionGroup(
  | ExceptionGroup: unhandled errors in a TaskGroup (1 sub-exception)
  +-+---------------- 1 ----------------
    | Traceback (most recent call last):
    |   File "D:\nhatro\backend\venv\Lib\site-packages\starlette\middleware\errors.py", line 164, in __call__
    |     await self.app(scope, receive, _send)
    |   File "D:\nhatro\backend\venv\Lib\site-packages\starlette\middleware\base.py", line 189, in __call__
    |     with collapse_excgroups():
    |          ^^^^^^^^^^^^^^^^^^^^
    |   File "C:\Users\ngocson\.cache\codex-runtimes\codex-primary-runtime\dependencies\python\Lib\contextlib.py", line 158, in __exit__
    |     self.gen.throw(value)
    |   File "D:\nhatro\backend\venv\Lib\site-packages\starlette\_utils.py", line 93, in collapse_excgroups
    |     raise exc
    |   File "D:\nhatro\backend\venv\Lib\site-packages\starlette\middleware\base.py", line 191, in __call__
    |     response = await self.dispatch_func(request, call_next)
    |                ^^^^^^^^^^^^^^^^^^^^^^^^^^^^^^^^^^^^^^^^^^^^
    |   File "D:\nhatro\backend\app\main.py", line 127, in rate_limit_middleware
    |     return await call_next(request)
    |            ^^^^^^^^^^^^^^^^^^^^^^^^
    |   File "D:\nhatro\backend\venv\Lib\site-packages\starlette\middleware\base.py", line 165, in call_next
    |     raise app_exc
    |   File "D:\nhatro\backend\venv\Lib\site-packages\starlette\middleware\base.py", line 151, in coro
    |     await self.app(scope, receive_or_disconnect, send_no_error)
    |   File "D:\nhatro\backend\venv\Lib\site-packages\starlette\middleware\base.py", line 189, in __call__
    |     with collapse_excgroups():
    |          ^^^^^^^^^^^^^^^^^^^^
    |   File "C:\Users\ngocson\.cache\codex-runtimes\codex-primary-runtime\dependencies\python\Lib\contextlib.py", line 158, in __exit__
    |     self.gen.throw(value)
    |   File "D:\nhatro\backend\venv\Lib\site-packages\starlette\_utils.py", line 93, in collapse_excgroups
    |     raise exc
    |   File "D:\nhatro\backend\venv\Lib\site-packages\starlette\middleware\base.py", line 191, in __call__
    |     response = await self.dispatch_func(request, call_next)
    |                ^^^^^^^^^^^^^^^^^^^^^^^^^^^^^^^^^^^^^^^^^^^^
    |   File "D:\nhatro\backend\app\main.py", line 93, in add_process_time
    |     response = await call_next(request)
    |                ^^^^^^^^^^^^^^^^^^^^^^^^
    |   File "D:\nhatro\backend\venv\Lib\site-packages\starlette\middleware\base.py", line 165, in call_next
    |     raise app_exc
    |   File "D:\nhatro\backend\venv\Lib\site-packages\starlette\middleware\base.py", line 151, in coro
    |     await self.app(scope, receive_or_disconnect, send_no_error)
    |   File "D:\nhatro\backend\venv\Lib\site-packages\starlette\middleware\base.py", line 189, in __call__
    |     with collapse_excgroups():
    |          ^^^^^^^^^^^^^^^^^^^^
    |   File "C:\Users\ngocson\.cache\codex-runtimes\codex-primary-runtime\dependencies\python\Lib\contextlib.py", line 158, in __exit__
    |     self.gen.throw(value)
    |   File "D:\nhatro\backend\venv\Lib\site-packages\starlette\_utils.py", line 93, in collapse_excgroups
    |     raise exc
    |   File "D:\nhatro\backend\venv\Lib\site-packages\starlette\middleware\base.py", line 191, in __call__
    |     response = await self.dispatch_func(request, call_next)
    |                ^^^^^^^^^^^^^^^^^^^^^^^^^^^^^^^^^^^^^^^^^^^^
    |   File "D:\nhatro\backend\app\main.py", line 86, in add_security_headers
    |     response = await call_next(request)
    |                ^^^^^^^^^^^^^^^^^^^^^^^^
    |   File "D:\nhatro\backend\venv\Lib\site-packages\starlette\middleware\base.py", line 165, in call_next
    |     raise app_exc
    |   File "D:\nhatro\backend\venv\Lib\site-packages\starlette\middleware\base.py", line 151, in coro
    |     await self.app(scope, receive_or_disconnect, send_no_error)
    |   File "D:\nhatro\backend\venv\Lib\site-packages\starlette\middleware\cors.py", line 85, in __call__
    |     await self.app(scope, receive, send)
    |   File "D:\nhatro\backend\venv\Lib\site-packages\starlette\middleware\exceptions.py", line 65, in __call__
    |     await wrap_app_handling_exceptions(self.app, conn)(scope, receive, send)
    |   File "D:\nhatro\backend\venv\Lib\site-packages\starlette\_exception_handler.py", line 64, in wrapped_app
    |     raise exc
    |   File "D:\nhatro\backend\venv\Lib\site-packages\starlette\_exception_handler.py", line 53, in wrapped_app
    |     await app(scope, receive, sender)
    |   File "D:\nhatro\backend\venv\Lib\site-packages\starlette\routing.py", line 756, in __call__
    |     await self.middleware_stack(scope, receive, send)
    |   File "D:\nhatro\backend\venv\Lib\site-packages\starlette\routing.py", line 776, in app
    |     await route.handle(scope, receive, send)
    |   File "D:\nhatro\backend\venv\Lib\site-packages\starlette\routing.py", line 297, in handle
    |     await self.app(scope, receive, send)
    |   File "D:\nhatro\backend\venv\Lib\site-packages\starlette\routing.py", line 77, in app
    |     await wrap_app_handling_exceptions(app, request)(scope, receive, send)
    |   File "D:\nhatro\backend\venv\Lib\site-packages\starlette\_exception_handler.py", line 75, in wrapped_app
    |     response = await handler(conn, exc)
    |                ^^^^^^^^^^^^^^^^^^^^^^^^
    |   File "D:\nhatro\backend\app\main.py", line 157, in validation_exception_handler
    |     return JSONResponse(
    |            ^^^^^^^^^^^^^
    |   File "D:\nhatro\backend\venv\Lib\site-packages\starlette\responses.py", line 184, in __init__
    |     super().__init__(content, status_code, headers, media_type, background)
    |   File "D:\nhatro\backend\venv\Lib\site-packages\starlette\responses.py", line 41, in __init__
    |     self.body = self.render(content)
    |                 ^^^^^^^^^^^^^^^^^^^^
    |   File "D:\nhatro\backend\venv\Lib\site-packages\starlette\responses.py", line 187, in render
    |     return json.dumps(
    |            ^^^^^^^^^^^
    |   File "C:\Users\ngocson\.cache\codex-runtimes\codex-primary-runtime\dependencies\python\Lib\json\__init__.py", line 238, in dumps
    |     **kw).encode(obj)
    |           ^^^^^^^^^^^
    |   File "C:\Users\ngocson\.cache\codex-runtimes\codex-primary-runtime\dependencies\python\Lib\json\encoder.py", line 200, in encode
    |     chunks = self.iterencode(o, _one_shot=True)
    |              ^^^^^^^^^^^^^^^^^^^^^^^^^^^^^^^^^^
    |   File "C:\Users\ngocson\.cache\codex-runtimes\codex-primary-runtime\dependencies\python\Lib\json\encoder.py", line 258, in iterencode
    |     return _iterencode(o, 0)
    |            ^^^^^^^^^^^^^^^^^
    |   File "C:\Users\ngocson\.cache\codex-runtimes\codex-primary-runtime\dependencies\python\Lib\json\encoder.py", line 180, in default
    |     raise TypeError(f'Object of type {o.__class__.__name__} '
    | TypeError: Object of type ValueError is not JSON serializable
    +------------------------------------

During handling of the above exception, another exception occurred:

Traceback (most recent call last):
  File "D:\nhatro\backend\venv\Lib\site-packages\starlette\middleware\errors.py", line 164, in __call__
    await self.app(scope, receive, _send)
  File "D:\nhatro\backend\venv\Lib\site-packages\starlette\middleware\base.py", line 189, in __call__
    with collapse_excgroups():
         ^^^^^^^^^^^^^^^^^^^^
  File "C:\Users\ngocson\.cache\codex-runtimes\codex-primary-runtime\dependencies\python\Lib\contextlib.py", line 158, in __exit__
    self.gen.throw(value)
  File "D:\nhatro\backend\venv\Lib\site-packages\starlette\_utils.py", line 93, in collapse_excgroups
    raise exc
  File "D:\nhatro\backend\venv\Lib\site-packages\starlette\middleware\base.py", line 191, in __call__
    response = await self.dispatch_func(request, call_next)
               ^^^^^^^^^^^^^^^^^^^^^^^^^^^^^^^^^^^^^^^^^^^^
  File "D:\nhatro\backend\app\main.py", line 127, in rate_limit_middleware
    return await call_next(request)
           ^^^^^^^^^^^^^^^^^^^^^^^^
  File "D:\nhatro\backend\venv\Lib\site-packages\starlette\middleware\base.py", line 165, in call_next
    raise app_exc
  File "D:\nhatro\backend\venv\Lib\site-packages\starlette\middleware\base.py", line 151, in coro
    await self.app(scope, receive_or_disconnect, send_no_error)
  File "D:\nhatro\backend\venv\Lib\site-packages\starlette\middleware\base.py", line 189, in __call__
    with collapse_excgroups():
         ^^^^^^^^^^^^^^^^^^^^
  File "C:\Users\ngocson\.cache\codex-runtimes\codex-primary-runtime\dependencies\python\Lib\contextlib.py", line 158, in __exit__
    self.gen.throw(value)
  File "D:\nhatro\backend\venv\Lib\site-packages\starlette\_utils.py", line 93, in collapse_excgroups
    raise exc
  File "D:\nhatro\backend\venv\Lib\site-packages\starlette\middleware\base.py", line 191, in __call__
    response = await self.dispatch_func(request, call_next)
               ^^^^^^^^^^^^^^^^^^^^^^^^^^^^^^^^^^^^^^^^^^^^
  File "D:\nhatro\backend\app\main.py", line 93, in add_process_time
    response = await call_next(request)
               ^^^^^^^^^^^^^^^^^^^^^^^^
  File "D:\nhatro\backend\venv\Lib\site-packages\starlette\middleware\base.py", line 165, in call_next
    raise app_exc
  File "D:\nhatro\backend\venv\Lib\site-packages\starlette\middleware\base.py", line 151, in coro
    await self.app(scope, receive_or_disconnect, send_no_error)
  File "D:\nhatro\backend\venv\Lib\site-packages\starlette\middleware\base.py", line 189, in __call__
    with collapse_excgroups():
         ^^^^^^^^^^^^^^^^^^^^
  File "C:\Users\ngocson\.cache\codex-runtimes\codex-primary-runtime\dependencies\python\Lib\contextlib.py", line 158, in __exit__
    self.gen.throw(value)
  File "D:\nhatro\backend\venv\Lib\site-packages\starlette\_utils.py", line 93, in collapse_excgroups
    raise exc
  File "D:\nhatro\backend\venv\Lib\site-packages\starlette\middleware\base.py", line 191, in __call__
    response = await self.dispatch_func(request, call_next)
               ^^^^^^^^^^^^^^^^^^^^^^^^^^^^^^^^^^^^^^^^^^^^
  File "D:\nhatro\backend\app\main.py", line 86, in add_security_headers
    response = await call_next(request)
               ^^^^^^^^^^^^^^^^^^^^^^^^
  File "D:\nhatro\backend\venv\Lib\site-packages\starlette\middleware\base.py", line 165, in call_next
    raise app_exc
  File "D:\nhatro\backend\venv\Lib\site-packages\starlette\middleware\base.py", line 151, in coro
    await self.app(scope, receive_or_disconnect, send_no_error)
  File "D:\nhatro\backend\venv\Lib\site-packages\starlette\middleware\cors.py", line 85, in __call__
    await self.app(scope, receive, send)
  File "D:\nhatro\backend\venv\Lib\site-packages\starlette\middleware\exceptions.py", line 65, in __call__
    await wrap_app_handling_exceptions(self.app, conn)(scope, receive, send)
  File "D:\nhatro\backend\venv\Lib\site-packages\starlette\_exception_handler.py", line 64, in wrapped_app
    raise exc
  File "D:\nhatro\backend\venv\Lib\site-packages\starlette\_exception_handler.py", line 53, in wrapped_app
    await app(scope, receive, sender)
  File "D:\nhatro\backend\venv\Lib\site-packages\starlette\routing.py", line 756, in __call__
    await self.middleware_stack(scope, receive, send)
  File "D:\nhatro\backend\venv\Lib\site-packages\starlette\routing.py", line 776, in app
    await route.handle(scope, receive, send)
  File "D:\nhatro\backend\venv\Lib\site-packages\starlette\routing.py", line 297, in handle
    await self.app(scope, receive, send)
  File "D:\nhatro\backend\venv\Lib\site-packages\starlette\routing.py", line 77, in app
    await wrap_app_handling_exceptions(app, request)(scope, receive, send)
  File "D:\nhatro\backend\venv\Lib\site-packages\starlette\_exception_handler.py", line 75, in wrapped_app
    response = await handler(conn, exc)
               ^^^^^^^^^^^^^^^^^^^^^^^^
  File "D:\nhatro\backend\app\main.py", line 157, in validation_exception_handler
    return JSONResponse(
           ^^^^^^^^^^^^^
  File "D:\nhatro\backend\venv\Lib\site-packages\starlette\responses.py", line 184, in __init__
    super().__init__(content, status_code, headers, media_type, background)
  File "D:\nhatro\backend\venv\Lib\site-packages\starlette\responses.py", line 41, in __init__
    self.body = self.render(content)
                ^^^^^^^^^^^^^^^^^^^^
  File "D:\nhatro\backend\venv\Lib\site-packages\starlette\responses.py", line 187, in render
    return json.dumps(
           ^^^^^^^^^^^
  File "C:\Users\ngocson\.cache\codex-runtimes\codex-primary-runtime\dependencies\python\Lib\json\__init__.py", line 238, in dumps
    **kw).encode(obj)
          ^^^^^^^^^^^
  File "C:\Users\ngocson\.cache\codex-runtimes\codex-primary-runtime\dependencies\python\Lib\json\encoder.py", line 200, in encode
    chunks = self.iterencode(o, _one_shot=True)
             ^^^^^^^^^^^^^^^^^^^^^^^^^^^^^^^^^^
  File "C:\Users\ngocson\.cache\codex-runtimes\codex-primary-runtime\dependencies\python\Lib\json\encoder.py", line 258, in iterencode
    return _iterencode(o, 0)
           ^^^^^^^^^^^^^^^^^
  File "C:\Users\ngocson\.cache\codex-runtimes\codex-primary-runtime\dependencies\python\Lib\json\encoder.py", line 180, in default
    raise TypeError(f'Object of type {o.__class__.__name__} '
TypeError: Object of type ValueError is not JSON serializable
==============================================

=== VALIDATION ERROR AT POST /api/v1/auth/forgot-password ===
[{'type': 'value_error', 'loc': ('body', 'email'), 'msg': 'value is not a valid email address: The part after the @-sign contains invalid characters: "\\", \'"\', \'%\', \'|\', SPACE.', 'input': 'zaproxy@example.com"|type %SYSTEMROOT%\\win.ini', 'ctx': {'reason': 'The part after the @-sign contains invalid characters: "\\", \'"\', \'%\', \'|\', SPACE.'}}]
==============================================

=== VALIDATION ERROR AT POST /api/v1/auth/login ===
[{'type': 'value_error', 'loc': ('body', 'email'), 'msg': 'value is not a valid email address: The part after the @-sign contains invalid characters: "\\", \'"\', \'%\', \'|\', SPACE.', 'input': 'zaproxy@example.com"|type %SYSTEMROOT%\\win.ini', 'ctx': {'reason': 'The part after the @-sign contains invalid characters: "\\", \'"\', \'%\', \'|\', SPACE.'}}]
==============================================

=== VALIDATION ERROR AT POST /api/v1/auth/register/send-otp ===
[{'type': 'value_error', 'loc': ('body', 'email'), 'msg': 'value is not a valid email address: The part after the @-sign contains invalid characters: "\\", \'"\', \'%\', \'|\', SPACE.', 'input': 'zaproxy@example.com"|type %SYSTEMROOT%\\win.ini', 'ctx': {'reason': 'The part after the @-sign contains invalid characters: "\\", \'"\', \'%\', \'|\', SPACE.'}}]
==============================================

=== VALIDATION ERROR AT PATCH /api/v1/boarding-houses/get-help ===
[{'type': 'json_invalid', 'loc': ('body', 8), 'msg': 'JSON decode error', 'input': {}, 'ctx': {'error': 'Expecting value'}}]
==============================================

=== VALIDATION ERROR AT PATCH /api/v1/maintenance/get-help ===
[{'type': 'json_invalid', 'loc': ('body', 34), 'msg': 'JSON decode error', 'input': {}, 'ctx': {'error': 'Expecting value'}}]
==============================================

=== VALIDATION ERROR AT POST /api/v1/auth/register ===
[{'type': 'value_error', 'loc': ('body', 'email'), 'msg': 'value is not a valid email address: The part after the @-sign contains invalid characters: "\\", \'"\', \'%\', \'|\', SPACE.', 'input': 'zaproxy@example.com"|type %SYSTEMROOT%\\win.ini', 'ctx': {'reason': 'The part after the @-sign contains invalid characters: "\\", \'"\', \'%\', \'|\', SPACE.'}}, {'type': 'value_error', 'loc': ('body', 'password'), 'msg': 'Value error, Password must be at least 8 characters', 'input': 'ZAP', 'ctx': {'error': ValueError('Password must be at least 8 characters')}}, {'type': 'string_type', 'loc': ('body', 'phone'), 'msg': 'Input should be a valid string', 'input': 9999999999}, {'type': 'value_error', 'loc': ('body', 'otp_code'), 'msg': 'Value error, OTP code must be 6 digits', 'input': 'John Doe', 'ctx': {'error': ValueError('OTP code must be 6 digits')}}]
==============================================

=== GLOBAL EXCEPTION HANDLER AT POST /api/v1/auth/register ===
  + Exception Group Traceback (most recent call last):
  |   File "D:\nhatro\backend\venv\Lib\site-packages\starlette\_utils.py", line 87, in collapse_excgroups
  |     yield
  |   File "D:\nhatro\backend\venv\Lib\site-packages\starlette\middleware\base.py", line 190, in __call__
  |     async with anyio.create_task_group() as task_group:
  |                ^^^^^^^^^^^^^^^^^^^^^^^^^
  |   File "D:\nhatro\backend\venv\Lib\site-packages\anyio\_backends\_asyncio.py", line 799, in __aexit__
  |     raise BaseExceptionGroup(
  | ExceptionGroup: unhandled errors in a TaskGroup (1 sub-exception)
  +-+---------------- 1 ----------------
    | Traceback (most recent call last):
    |   File "D:\nhatro\backend\venv\Lib\site-packages\starlette\middleware\errors.py", line 164, in __call__
    |     await self.app(scope, receive, _send)
    |   File "D:\nhatro\backend\venv\Lib\site-packages\starlette\middleware\base.py", line 189, in __call__
    |     with collapse_excgroups():
    |          ^^^^^^^^^^^^^^^^^^^^
    |   File "C:\Users\ngocson\.cache\codex-runtimes\codex-primary-runtime\dependencies\python\Lib\contextlib.py", line 158, in __exit__
    |     self.gen.throw(value)
    |   File "D:\nhatro\backend\venv\Lib\site-packages\starlette\_utils.py", line 93, in collapse_excgroups
    |     raise exc
    |   File "D:\nhatro\backend\venv\Lib\site-packages\starlette\middleware\base.py", line 191, in __call__
    |     response = await self.dispatch_func(request, call_next)
    |                ^^^^^^^^^^^^^^^^^^^^^^^^^^^^^^^^^^^^^^^^^^^^
    |   File "D:\nhatro\backend\app\main.py", line 127, in rate_limit_middleware
    |     return await call_next(request)
    |            ^^^^^^^^^^^^^^^^^^^^^^^^
    |   File "D:\nhatro\backend\venv\Lib\site-packages\starlette\middleware\base.py", line 165, in call_next
    |     raise app_exc
    |   File "D:\nhatro\backend\venv\Lib\site-packages\starlette\middleware\base.py", line 151, in coro
    |     await self.app(scope, receive_or_disconnect, send_no_error)
    |   File "D:\nhatro\backend\venv\Lib\site-packages\starlette\middleware\base.py", line 189, in __call__
    |     with collapse_excgroups():
    |          ^^^^^^^^^^^^^^^^^^^^
    |   File "C:\Users\ngocson\.cache\codex-runtimes\codex-primary-runtime\dependencies\python\Lib\contextlib.py", line 158, in __exit__
    |     self.gen.throw(value)
    |   File "D:\nhatro\backend\venv\Lib\site-packages\starlette\_utils.py", line 93, in collapse_excgroups
    |     raise exc
    |   File "D:\nhatro\backend\venv\Lib\site-packages\starlette\middleware\base.py", line 191, in __call__
    |     response = await self.dispatch_func(request, call_next)
    |                ^^^^^^^^^^^^^^^^^^^^^^^^^^^^^^^^^^^^^^^^^^^^
    |   File "D:\nhatro\backend\app\main.py", line 93, in add_process_time
    |     response = await call_next(request)
    |                ^^^^^^^^^^^^^^^^^^^^^^^^
    |   File "D:\nhatro\backend\venv\Lib\site-packages\starlette\middleware\base.py", line 165, in call_next
    |     raise app_exc
    |   File "D:\nhatro\backend\venv\Lib\site-packages\starlette\middleware\base.py", line 151, in coro
    |     await self.app(scope, receive_or_disconnect, send_no_error)
    |   File "D:\nhatro\backend\venv\Lib\site-packages\starlette\middleware\base.py", line 189, in __call__
    |     with collapse_excgroups():
    |          ^^^^^^^^^^^^^^^^^^^^
    |   File "C:\Users\ngocson\.cache\codex-runtimes\codex-primary-runtime\dependencies\python\Lib\contextlib.py", line 158, in __exit__
    |     self.gen.throw(value)
    |   File "D:\nhatro\backend\venv\Lib\site-packages\starlette\_utils.py", line 93, in collapse_excgroups
    |     raise exc
    |   File "D:\nhatro\backend\venv\Lib\site-packages\starlette\middleware\base.py", line 191, in __call__
    |     response = await self.dispatch_func(request, call_next)
    |                ^^^^^^^^^^^^^^^^^^^^^^^^^^^^^^^^^^^^^^^^^^^^
    |   File "D:\nhatro\backend\app\main.py", line 86, in add_security_headers
    |     response = await call_next(request)
    |                ^^^^^^^^^^^^^^^^^^^^^^^^
    |   File "D:\nhatro\backend\venv\Lib\site-packages\starlette\middleware\base.py", line 165, in call_next
    |     raise app_exc
    |   File "D:\nhatro\backend\venv\Lib\site-packages\starlette\middleware\base.py", line 151, in coro
    |     await self.app(scope, receive_or_disconnect, send_no_error)
    |   File "D:\nhatro\backend\venv\Lib\site-packages\starlette\middleware\cors.py", line 85, in __call__
    |     await self.app(scope, receive, send)
    |   File "D:\nhatro\backend\venv\Lib\site-packages\starlette\middleware\exceptions.py", line 65, in __call__
    |     await wrap_app_handling_exceptions(self.app, conn)(scope, receive, send)
    |   File "D:\nhatro\backend\venv\Lib\site-packages\starlette\_exception_handler.py", line 64, in wrapped_app
    |     raise exc
    |   File "D:\nhatro\backend\venv\Lib\site-packages\starlette\_exception_handler.py", line 53, in wrapped_app
    |     await app(scope, receive, sender)
    |   File "D:\nhatro\backend\venv\Lib\site-packages\starlette\routing.py", line 756, in __call__
    |     await self.middleware_stack(scope, receive, send)
    |   File "D:\nhatro\backend\venv\Lib\site-packages\starlette\routing.py", line 776, in app
    |     await route.handle(scope, receive, send)
    |   File "D:\nhatro\backend\venv\Lib\site-packages\starlette\routing.py", line 297, in handle
    |     await self.app(scope, receive, send)
    |   File "D:\nhatro\backend\venv\Lib\site-packages\starlette\routing.py", line 77, in app
    |     await wrap_app_handling_exceptions(app, request)(scope, receive, send)
    |   File "D:\nhatro\backend\venv\Lib\site-packages\starlette\_exception_handler.py", line 75, in wrapped_app
    |     response = await handler(conn, exc)
    |                ^^^^^^^^^^^^^^^^^^^^^^^^
    |   File "D:\nhatro\backend\app\main.py", line 157, in validation_exception_handler
    |     return JSONResponse(
    |            ^^^^^^^^^^^^^
    |   File "D:\nhatro\backend\venv\Lib\site-packages\starlette\responses.py", line 184, in __init__
    |     super().__init__(content, status_code, headers, media_type, background)
    |   File "D:\nhatro\backend\venv\Lib\site-packages\starlette\responses.py", line 41, in __init__
    |     self.body = self.render(content)
    |                 ^^^^^^^^^^^^^^^^^^^^
    |   File "D:\nhatro\backend\venv\Lib\site-packages\starlette\responses.py", line 187, in render
    |     return json.dumps(
    |            ^^^^^^^^^^^
    |   File "C:\Users\ngocson\.cache\codex-runtimes\codex-primary-runtime\dependencies\python\Lib\json\__init__.py", line 238, in dumps
    |     **kw).encode(obj)
    |           ^^^^^^^^^^^
    |   File "C:\Users\ngocson\.cache\codex-runtimes\codex-primary-runtime\dependencies\python\Lib\json\encoder.py", line 200, in encode
    |     chunks = self.iterencode(o, _one_shot=True)
    |              ^^^^^^^^^^^^^^^^^^^^^^^^^^^^^^^^^^
    |   File "C:\Users\ngocson\.cache\codex-runtimes\codex-primary-runtime\dependencies\python\Lib\json\encoder.py", line 258, in iterencode
    |     return _iterencode(o, 0)
    |            ^^^^^^^^^^^^^^^^^
    |   File "C:\Users\ngocson\.cache\codex-runtimes\codex-primary-runtime\dependencies\python\Lib\json\encoder.py", line 180, in default
    |     raise TypeError(f'Object of type {o.__class__.__name__} '
    | TypeError: Object of type ValueError is not JSON serializable
    +------------------------------------

During handling of the above exception, another exception occurred:

Traceback (most recent call last):
  File "D:\nhatro\backend\venv\Lib\site-packages\starlette\middleware\errors.py", line 164, in __call__
    await self.app(scope, receive, _send)
  File "D:\nhatro\backend\venv\Lib\site-packages\starlette\middleware\base.py", line 189, in __call__
    with collapse_excgroups():
         ^^^^^^^^^^^^^^^^^^^^
  File "C:\Users\ngocson\.cache\codex-runtimes\codex-primary-runtime\dependencies\python\Lib\contextlib.py", line 158, in __exit__
    self.gen.throw(value)
  File "D:\nhatro\backend\venv\Lib\site-packages\starlette\_utils.py", line 93, in collapse_excgroups
    raise exc
  File "D:\nhatro\backend\venv\Lib\site-packages\starlette\middleware\base.py", line 191, in __call__
    response = await self.dispatch_func(request, call_next)
               ^^^^^^^^^^^^^^^^^^^^^^^^^^^^^^^^^^^^^^^^^^^^
  File "D:\nhatro\backend\app\main.py", line 127, in rate_limit_middleware
    return await call_next(request)
           ^^^^^^^^^^^^^^^^^^^^^^^^
  File "D:\nhatro\backend\venv\Lib\site-packages\starlette\middleware\base.py", line 165, in call_next
    raise app_exc
  File "D:\nhatro\backend\venv\Lib\site-packages\starlette\middleware\base.py", line 151, in coro
    await self.app(scope, receive_or_disconnect, send_no_error)
  File "D:\nhatro\backend\venv\Lib\site-packages\starlette\middleware\base.py", line 189, in __call__
    with collapse_excgroups():
         ^^^^^^^^^^^^^^^^^^^^
  File "C:\Users\ngocson\.cache\codex-runtimes\codex-primary-runtime\dependencies\python\Lib\contextlib.py", line 158, in __exit__
    self.gen.throw(value)
  File "D:\nhatro\backend\venv\Lib\site-packages\starlette\_utils.py", line 93, in collapse_excgroups
    raise exc
  File "D:\nhatro\backend\venv\Lib\site-packages\starlette\middleware\base.py", line 191, in __call__
    response = await self.dispatch_func(request, call_next)
               ^^^^^^^^^^^^^^^^^^^^^^^^^^^^^^^^^^^^^^^^^^^^
  File "D:\nhatro\backend\app\main.py", line 93, in add_process_time
    response = await call_next(request)
               ^^^^^^^^^^^^^^^^^^^^^^^^
  File "D:\nhatro\backend\venv\Lib\site-packages\starlette\middleware\base.py", line 165, in call_next
    raise app_exc
  File "D:\nhatro\backend\venv\Lib\site-packages\starlette\middleware\base.py", line 151, in coro
    await self.app(scope, receive_or_disconnect, send_no_error)
  File "D:\nhatro\backend\venv\Lib\site-packages\starlette\middleware\base.py", line 189, in __call__
    with collapse_excgroups():
         ^^^^^^^^^^^^^^^^^^^^
  File "C:\Users\ngocson\.cache\codex-runtimes\codex-primary-runtime\dependencies\python\Lib\contextlib.py", line 158, in __exit__
    self.gen.throw(value)
  File "D:\nhatro\backend\venv\Lib\site-packages\starlette\_utils.py", line 93, in collapse_excgroups
    raise exc
  File "D:\nhatro\backend\venv\Lib\site-packages\starlette\middleware\base.py", line 191, in __call__
    response = await self.dispatch_func(request, call_next)
               ^^^^^^^^^^^^^^^^^^^^^^^^^^^^^^^^^^^^^^^^^^^^
  File "D:\nhatro\backend\app\main.py", line 86, in add_security_headers
    response = await call_next(request)
               ^^^^^^^^^^^^^^^^^^^^^^^^
  File "D:\nhatro\backend\venv\Lib\site-packages\starlette\middleware\base.py", line 165, in call_next
    raise app_exc
  File "D:\nhatro\backend\venv\Lib\site-packages\starlette\middleware\base.py", line 151, in coro
    await self.app(scope, receive_or_disconnect, send_no_error)
  File "D:\nhatro\backend\venv\Lib\site-packages\starlette\middleware\cors.py", line 85, in __call__
    await self.app(scope, receive, send)
  File "D:\nhatro\backend\venv\Lib\site-packages\starlette\middleware\exceptions.py", line 65, in __call__
    await wrap_app_handling_exceptions(self.app, conn)(scope, receive, send)
  File "D:\nhatro\backend\venv\Lib\site-packages\starlette\_exception_handler.py", line 64, in wrapped_app
    raise exc
  File "D:\nhatro\backend\venv\Lib\site-packages\starlette\_exception_handler.py", line 53, in wrapped_app
    await app(scope, receive, sender)
  File "D:\nhatro\backend\venv\Lib\site-packages\starlette\routing.py", line 756, in __call__
    await self.middleware_stack(scope, receive, send)
  File "D:\nhatro\backend\venv\Lib\site-packages\starlette\routing.py", line 776, in app
    await route.handle(scope, receive, send)
  File "D:\nhatro\backend\venv\Lib\site-packages\starlette\routing.py", line 297, in handle
    await self.app(scope, receive, send)
  File "D:\nhatro\backend\venv\Lib\site-packages\starlette\routing.py", line 77, in app
    await wrap_app_handling_exceptions(app, request)(scope, receive, send)
  File "D:\nhatro\backend\venv\Lib\site-packages\starlette\_exception_handler.py", line 75, in wrapped_app
    response = await handler(conn, exc)
               ^^^^^^^^^^^^^^^^^^^^^^^^
  File "D:\nhatro\backend\app\main.py", line 157, in validation_exception_handler
    return JSONResponse(
           ^^^^^^^^^^^^^
  File "D:\nhatro\backend\venv\Lib\site-packages\starlette\responses.py", line 184, in __init__
    super().__init__(content, status_code, headers, media_type, background)
  File "D:\nhatro\backend\venv\Lib\site-packages\starlette\responses.py", line 41, in __init__
    self.body = self.render(content)
                ^^^^^^^^^^^^^^^^^^^^
  File "D:\nhatro\backend\venv\Lib\site-packages\starlette\responses.py", line 187, in render
    return json.dumps(
           ^^^^^^^^^^^
  File "C:\Users\ngocson\.cache\codex-runtimes\codex-primary-runtime\dependencies\python\Lib\json\__init__.py", line 238, in dumps
    **kw).encode(obj)
          ^^^^^^^^^^^
  File "C:\Users\ngocson\.cache\codex-runtimes\codex-primary-runtime\dependencies\python\Lib\json\encoder.py", line 200, in encode
    chunks = self.iterencode(o, _one_shot=True)
             ^^^^^^^^^^^^^^^^^^^^^^^^^^^^^^^^^^
  File "C:\Users\ngocson\.cache\codex-runtimes\codex-primary-runtime\dependencies\python\Lib\json\encoder.py", line 258, in iterencode
    return _iterencode(o, 0)
           ^^^^^^^^^^^^^^^^^
  File "C:\Users\ngocson\.cache\codex-runtimes\codex-primary-runtime\dependencies\python\Lib\json\encoder.py", line 180, in default
    raise TypeError(f'Object of type {o.__class__.__name__} '
TypeError: Object of type ValueError is not JSON serializable
==============================================

=== VALIDATION ERROR AT POST /api/v1/auth/forgot-password ===
[{'type': 'value_error', 'loc': ('body', 'email'), 'msg': 'value is not a valid email address: The part after the @-sign contains invalid characters: "\'", "\\", \'%\', \'&\', SPACE.', 'input': "zaproxy@example.com'&type %SYSTEMROOT%\\win.ini&'", 'ctx': {'reason': 'The part after the @-sign contains invalid characters: "\'", "\\", \'%\', \'&\', SPACE.'}}]
==============================================

=== VALIDATION ERROR AT POST /api/v1/auth/login ===
[{'type': 'value_error', 'loc': ('body', 'email'), 'msg': 'value is not a valid email address: The part after the @-sign contains invalid characters: "\'", "\\", \'%\', \'&\', SPACE.', 'input': "zaproxy@example.com'&type %SYSTEMROOT%\\win.ini&'", 'ctx': {'reason': 'The part after the @-sign contains invalid characters: "\'", "\\", \'%\', \'&\', SPACE.'}}]
==============================================

=== VALIDATION ERROR AT POST /api/v1/auth/register/send-otp ===
[{'type': 'value_error', 'loc': ('body', 'email'), 'msg': 'value is not a valid email address: The part after the @-sign contains invalid characters: "\'", "\\", \'%\', \'&\', SPACE.', 'input': "zaproxy@example.com'&type %SYSTEMROOT%\\win.ini&'", 'ctx': {'reason': 'The part after the @-sign contains invalid characters: "\'", "\\", \'%\', \'&\', SPACE.'}}]
==============================================

=== VALIDATION ERROR AT PATCH /api/v1/boarding-houses/bh_id;get-help ===
[{'type': 'json_invalid', 'loc': ('body', 8), 'msg': 'JSON decode error', 'input': {}, 'ctx': {'error': 'Expecting value'}}]
==============================================

=== VALIDATION ERROR AT PATCH /api/v1/maintenance/request_id;get-help ===
[{'type': 'json_invalid', 'loc': ('body', 34), 'msg': 'JSON decode error', 'input': {}, 'ctx': {'error': 'Expecting value'}}]
==============================================

=== VALIDATION ERROR AT POST /api/v1/auth/register ===
[{'type': 'value_error', 'loc': ('body', 'email'), 'msg': 'value is not a valid email address: The part after the @-sign contains invalid characters: "\'", "\\", \'%\', \'&\', SPACE.', 'input': "zaproxy@example.com'&type %SYSTEMROOT%\\win.ini&'", 'ctx': {'reason': 'The part after the @-sign contains invalid characters: "\'", "\\", \'%\', \'&\', SPACE.'}}, {'type': 'value_error', 'loc': ('body', 'password'), 'msg': 'Value error, Password must be at least 8 characters', 'input': 'ZAP', 'ctx': {'error': ValueError('Password must be at least 8 characters')}}, {'type': 'string_type', 'loc': ('body', 'phone'), 'msg': 'Input should be a valid string', 'input': 9999999999}, {'type': 'value_error', 'loc': ('body', 'otp_code'), 'msg': 'Value error, OTP code must be 6 digits', 'input': 'John Doe', 'ctx': {'error': ValueError('OTP code must be 6 digits')}}]
==============================================

=== GLOBAL EXCEPTION HANDLER AT POST /api/v1/auth/register ===
  + Exception Group Traceback (most recent call last):
  |   File "D:\nhatro\backend\venv\Lib\site-packages\starlette\_utils.py", line 87, in collapse_excgroups
  |     yield
  |   File "D:\nhatro\backend\venv\Lib\site-packages\starlette\middleware\base.py", line 190, in __call__
  |     async with anyio.create_task_group() as task_group:
  |                ^^^^^^^^^^^^^^^^^^^^^^^^^
  |   File "D:\nhatro\backend\venv\Lib\site-packages\anyio\_backends\_asyncio.py", line 799, in __aexit__
  |     raise BaseExceptionGroup(
  | ExceptionGroup: unhandled errors in a TaskGroup (1 sub-exception)
  +-+---------------- 1 ----------------
    | Traceback (most recent call last):
    |   File "D:\nhatro\backend\venv\Lib\site-packages\starlette\middleware\errors.py", line 164, in __call__
    |     await self.app(scope, receive, _send)
    |   File "D:\nhatro\backend\venv\Lib\site-packages\starlette\middleware\base.py", line 189, in __call__
    |     with collapse_excgroups():
    |          ^^^^^^^^^^^^^^^^^^^^
    |   File "C:\Users\ngocson\.cache\codex-runtimes\codex-primary-runtime\dependencies\python\Lib\contextlib.py", line 158, in __exit__
    |     self.gen.throw(value)
    |   File "D:\nhatro\backend\venv\Lib\site-packages\starlette\_utils.py", line 93, in collapse_excgroups
    |     raise exc
    |   File "D:\nhatro\backend\venv\Lib\site-packages\starlette\middleware\base.py", line 191, in __call__
    |     response = await self.dispatch_func(request, call_next)
    |                ^^^^^^^^^^^^^^^^^^^^^^^^^^^^^^^^^^^^^^^^^^^^
    |   File "D:\nhatro\backend\app\main.py", line 127, in rate_limit_middleware
    |     return await call_next(request)
    |            ^^^^^^^^^^^^^^^^^^^^^^^^
    |   File "D:\nhatro\backend\venv\Lib\site-packages\starlette\middleware\base.py", line 165, in call_next
    |     raise app_exc
    |   File "D:\nhatro\backend\venv\Lib\site-packages\starlette\middleware\base.py", line 151, in coro
    |     await self.app(scope, receive_or_disconnect, send_no_error)
    |   File "D:\nhatro\backend\venv\Lib\site-packages\starlette\middleware\base.py", line 189, in __call__
    |     with collapse_excgroups():
    |          ^^^^^^^^^^^^^^^^^^^^
    |   File "C:\Users\ngocson\.cache\codex-runtimes\codex-primary-runtime\dependencies\python\Lib\contextlib.py", line 158, in __exit__
    |     self.gen.throw(value)
    |   File "D:\nhatro\backend\venv\Lib\site-packages\starlette\_utils.py", line 93, in collapse_excgroups
    |     raise exc
    |   File "D:\nhatro\backend\venv\Lib\site-packages\starlette\middleware\base.py", line 191, in __call__
    |     response = await self.dispatch_func(request, call_next)
    |                ^^^^^^^^^^^^^^^^^^^^^^^^^^^^^^^^^^^^^^^^^^^^
    |   File "D:\nhatro\backend\app\main.py", line 93, in add_process_time
    |     response = await call_next(request)
    |                ^^^^^^^^^^^^^^^^^^^^^^^^
    |   File "D:\nhatro\backend\venv\Lib\site-packages\starlette\middleware\base.py", line 165, in call_next
    |     raise app_exc
    |   File "D:\nhatro\backend\venv\Lib\site-packages\starlette\middleware\base.py", line 151, in coro
    |     await self.app(scope, receive_or_disconnect, send_no_error)
    |   File "D:\nhatro\backend\venv\Lib\site-packages\starlette\middleware\base.py", line 189, in __call__
    |     with collapse_excgroups():
    |          ^^^^^^^^^^^^^^^^^^^^
    |   File "C:\Users\ngocson\.cache\codex-runtimes\codex-primary-runtime\dependencies\python\Lib\contextlib.py", line 158, in __exit__
    |     self.gen.throw(value)
    |   File "D:\nhatro\backend\venv\Lib\site-packages\starlette\_utils.py", line 93, in collapse_excgroups
    |     raise exc
    |   File "D:\nhatro\backend\venv\Lib\site-packages\starlette\middleware\base.py", line 191, in __call__
    |     response = await self.dispatch_func(request, call_next)
    |                ^^^^^^^^^^^^^^^^^^^^^^^^^^^^^^^^^^^^^^^^^^^^
    |   File "D:\nhatro\backend\app\main.py", line 86, in add_security_headers
    |     response = await call_next(request)
    |                ^^^^^^^^^^^^^^^^^^^^^^^^
    |   File "D:\nhatro\backend\venv\Lib\site-packages\starlette\middleware\base.py", line 165, in call_next
    |     raise app_exc
    |   File "D:\nhatro\backend\venv\Lib\site-packages\starlette\middleware\base.py", line 151, in coro
    |     await self.app(scope, receive_or_disconnect, send_no_error)
    |   File "D:\nhatro\backend\venv\Lib\site-packages\starlette\middleware\cors.py", line 85, in __call__
    |     await self.app(scope, receive, send)
    |   File "D:\nhatro\backend\venv\Lib\site-packages\starlette\middleware\exceptions.py", line 65, in __call__
    |     await wrap_app_handling_exceptions(self.app, conn)(scope, receive, send)
    |   File "D:\nhatro\backend\venv\Lib\site-packages\starlette\_exception_handler.py", line 64, in wrapped_app
    |     raise exc
    |   File "D:\nhatro\backend\venv\Lib\site-packages\starlette\_exception_handler.py", line 53, in wrapped_app
    |     await app(scope, receive, sender)
    |   File "D:\nhatro\backend\venv\Lib\site-packages\starlette\routing.py", line 756, in __call__
    |     await self.middleware_stack(scope, receive, send)
    |   File "D:\nhatro\backend\venv\Lib\site-packages\starlette\routing.py", line 776, in app
    |     await route.handle(scope, receive, send)
    |   File "D:\nhatro\backend\venv\Lib\site-packages\starlette\routing.py", line 297, in handle
    |     await self.app(scope, receive, send)
    |   File "D:\nhatro\backend\venv\Lib\site-packages\starlette\routing.py", line 77, in app
    |     await wrap_app_handling_exceptions(app, request)(scope, receive, send)
    |   File "D:\nhatro\backend\venv\Lib\site-packages\starlette\_exception_handler.py", line 75, in wrapped_app
    |     response = await handler(conn, exc)
    |                ^^^^^^^^^^^^^^^^^^^^^^^^
    |   File "D:\nhatro\backend\app\main.py", line 157, in validation_exception_handler
    |     return JSONResponse(
    |            ^^^^^^^^^^^^^
    |   File "D:\nhatro\backend\venv\Lib\site-packages\starlette\responses.py", line 184, in __init__
    |     super().__init__(content, status_code, headers, media_type, background)
    |   File "D:\nhatro\backend\venv\Lib\site-packages\starlette\responses.py", line 41, in __init__
    |     self.body = self.render(content)
    |                 ^^^^^^^^^^^^^^^^^^^^
    |   File "D:\nhatro\backend\venv\Lib\site-packages\starlette\responses.py", line 187, in render
    |     return json.dumps(
    |            ^^^^^^^^^^^
    |   File "C:\Users\ngocson\.cache\codex-runtimes\codex-primary-runtime\dependencies\python\Lib\json\__init__.py", line 238, in dumps
    |     **kw).encode(obj)
    |           ^^^^^^^^^^^
    |   File "C:\Users\ngocson\.cache\codex-runtimes\codex-primary-runtime\dependencies\python\Lib\json\encoder.py", line 200, in encode
    |     chunks = self.iterencode(o, _one_shot=True)
    |              ^^^^^^^^^^^^^^^^^^^^^^^^^^^^^^^^^^
    |   File "C:\Users\ngocson\.cache\codex-runtimes\codex-primary-runtime\dependencies\python\Lib\json\encoder.py", line 258, in iterencode
    |     return _iterencode(o, 0)
    |            ^^^^^^^^^^^^^^^^^
    |   File "C:\Users\ngocson\.cache\codex-runtimes\codex-primary-runtime\dependencies\python\Lib\json\encoder.py", line 180, in default
    |     raise TypeError(f'Object of type {o.__class__.__name__} '
    | TypeError: Object of type ValueError is not JSON serializable
    +------------------------------------

During handling of the above exception, another exception occurred:

Traceback (most recent call last):
  File "D:\nhatro\backend\venv\Lib\site-packages\starlette\middleware\errors.py", line 164, in __call__
    await self.app(scope, receive, _send)
  File "D:\nhatro\backend\venv\Lib\site-packages\starlette\middleware\base.py", line 189, in __call__
    with collapse_excgroups():
         ^^^^^^^^^^^^^^^^^^^^
  File "C:\Users\ngocson\.cache\codex-runtimes\codex-primary-runtime\dependencies\python\Lib\contextlib.py", line 158, in __exit__
    self.gen.throw(value)
  File "D:\nhatro\backend\venv\Lib\site-packages\starlette\_utils.py", line 93, in collapse_excgroups
    raise exc
  File "D:\nhatro\backend\venv\Lib\site-packages\starlette\middleware\base.py", line 191, in __call__
    response = await self.dispatch_func(request, call_next)
               ^^^^^^^^^^^^^^^^^^^^^^^^^^^^^^^^^^^^^^^^^^^^
  File "D:\nhatro\backend\app\main.py", line 127, in rate_limit_middleware
    return await call_next(request)
           ^^^^^^^^^^^^^^^^^^^^^^^^
  File "D:\nhatro\backend\venv\Lib\site-packages\starlette\middleware\base.py", line 165, in call_next
    raise app_exc
  File "D:\nhatro\backend\venv\Lib\site-packages\starlette\middleware\base.py", line 151, in coro
    await self.app(scope, receive_or_disconnect, send_no_error)
  File "D:\nhatro\backend\venv\Lib\site-packages\starlette\middleware\base.py", line 189, in __call__
    with collapse_excgroups():
         ^^^^^^^^^^^^^^^^^^^^
  File "C:\Users\ngocson\.cache\codex-runtimes\codex-primary-runtime\dependencies\python\Lib\contextlib.py", line 158, in __exit__
    self.gen.throw(value)
  File "D:\nhatro\backend\venv\Lib\site-packages\starlette\_utils.py", line 93, in collapse_excgroups
    raise exc
  File "D:\nhatro\backend\venv\Lib\site-packages\starlette\middleware\base.py", line 191, in __call__
    response = await self.dispatch_func(request, call_next)
               ^^^^^^^^^^^^^^^^^^^^^^^^^^^^^^^^^^^^^^^^^^^^
  File "D:\nhatro\backend\app\main.py", line 93, in add_process_time
    response = await call_next(request)
               ^^^^^^^^^^^^^^^^^^^^^^^^
  File "D:\nhatro\backend\venv\Lib\site-packages\starlette\middleware\base.py", line 165, in call_next
    raise app_exc
  File "D:\nhatro\backend\venv\Lib\site-packages\starlette\middleware\base.py", line 151, in coro
    await self.app(scope, receive_or_disconnect, send_no_error)
  File "D:\nhatro\backend\venv\Lib\site-packages\starlette\middleware\base.py", line 189, in __call__
    with collapse_excgroups():
         ^^^^^^^^^^^^^^^^^^^^
  File "C:\Users\ngocson\.cache\codex-runtimes\codex-primary-runtime\dependencies\python\Lib\contextlib.py", line 158, in __exit__
    self.gen.throw(value)
  File "D:\nhatro\backend\venv\Lib\site-packages\starlette\_utils.py", line 93, in collapse_excgroups
    raise exc
  File "D:\nhatro\backend\venv\Lib\site-packages\starlette\middleware\base.py", line 191, in __call__
    response = await self.dispatch_func(request, call_next)
               ^^^^^^^^^^^^^^^^^^^^^^^^^^^^^^^^^^^^^^^^^^^^
  File "D:\nhatro\backend\app\main.py", line 86, in add_security_headers
    response = await call_next(request)
               ^^^^^^^^^^^^^^^^^^^^^^^^
  File "D:\nhatro\backend\venv\Lib\site-packages\starlette\middleware\base.py", line 165, in call_next
    raise app_exc
  File "D:\nhatro\backend\venv\Lib\site-packages\starlette\middleware\base.py", line 151, in coro
    await self.app(scope, receive_or_disconnect, send_no_error)
  File "D:\nhatro\backend\venv\Lib\site-packages\starlette\middleware\cors.py", line 85, in __call__
    await self.app(scope, receive, send)
  File "D:\nhatro\backend\venv\Lib\site-packages\starlette\middleware\exceptions.py", line 65, in __call__
    await wrap_app_handling_exceptions(self.app, conn)(scope, receive, send)
  File "D:\nhatro\backend\venv\Lib\site-packages\starlette\_exception_handler.py", line 64, in wrapped_app
    raise exc
  File "D:\nhatro\backend\venv\Lib\site-packages\starlette\_exception_handler.py", line 53, in wrapped_app
    await app(scope, receive, sender)
  File "D:\nhatro\backend\venv\Lib\site-packages\starlette\routing.py", line 756, in __call__
    await self.middleware_stack(scope, receive, send)
  File "D:\nhatro\backend\venv\Lib\site-packages\starlette\routing.py", line 776, in app
    await route.handle(scope, receive, send)
  File "D:\nhatro\backend\venv\Lib\site-packages\starlette\routing.py", line 297, in handle
    await self.app(scope, receive, send)
  File "D:\nhatro\backend\venv\Lib\site-packages\starlette\routing.py", line 77, in app
    await wrap_app_handling_exceptions(app, request)(scope, receive, send)
  File "D:\nhatro\backend\venv\Lib\site-packages\starlette\_exception_handler.py", line 75, in wrapped_app
    response = await handler(conn, exc)
               ^^^^^^^^^^^^^^^^^^^^^^^^
  File "D:\nhatro\backend\app\main.py", line 157, in validation_exception_handler
    return JSONResponse(
           ^^^^^^^^^^^^^
  File "D:\nhatro\backend\venv\Lib\site-packages\starlette\responses.py", line 184, in __init__
    super().__init__(content, status_code, headers, media_type, background)
  File "D:\nhatro\backend\venv\Lib\site-packages\starlette\responses.py", line 41, in __init__
    self.body = self.render(content)
                ^^^^^^^^^^^^^^^^^^^^
  File "D:\nhatro\backend\venv\Lib\site-packages\starlette\responses.py", line 187, in render
    return json.dumps(
           ^^^^^^^^^^^
  File "C:\Users\ngocson\.cache\codex-runtimes\codex-primary-runtime\dependencies\python\Lib\json\__init__.py", line 238, in dumps
    **kw).encode(obj)
          ^^^^^^^^^^^
  File "C:\Users\ngocson\.cache\codex-runtimes\codex-primary-runtime\dependencies\python\Lib\json\encoder.py", line 200, in encode
    chunks = self.iterencode(o, _one_shot=True)
             ^^^^^^^^^^^^^^^^^^^^^^^^^^^^^^^^^^
  File "C:\Users\ngocson\.cache\codex-runtimes\codex-primary-runtime\dependencies\python\Lib\json\encoder.py", line 258, in iterencode
    return _iterencode(o, 0)
           ^^^^^^^^^^^^^^^^^
  File "C:\Users\ngocson\.cache\codex-runtimes\codex-primary-runtime\dependencies\python\Lib\json\encoder.py", line 180, in default
    raise TypeError(f'Object of type {o.__class__.__name__} '
TypeError: Object of type ValueError is not JSON serializable
==============================================

=== VALIDATION ERROR AT POST /api/v1/auth/forgot-password ===
[{'type': 'value_error', 'loc': ('body', 'email'), 'msg': 'value is not a valid email address: The part after the @-sign contains invalid characters: "\'", "\\", \'%\', \'|\', SPACE.', 'input': "zaproxy@example.com'|type %SYSTEMROOT%\\win.ini", 'ctx': {'reason': 'The part after the @-sign contains invalid characters: "\'", "\\", \'%\', \'|\', SPACE.'}}]
==============================================

=== VALIDATION ERROR AT POST /api/v1/auth/login ===
[{'type': 'value_error', 'loc': ('body', 'email'), 'msg': 'value is not a valid email address: The part after the @-sign contains invalid characters: "\'", "\\", \'%\', \'|\', SPACE.', 'input': "zaproxy@example.com'|type %SYSTEMROOT%\\win.ini", 'ctx': {'reason': 'The part after the @-sign contains invalid characters: "\'", "\\", \'%\', \'|\', SPACE.'}}]
==============================================

=== VALIDATION ERROR AT POST /api/v1/auth/register/send-otp ===
[{'type': 'value_error', 'loc': ('body', 'email'), 'msg': 'value is not a valid email address: The part after the @-sign contains invalid characters: "\'", "\\", \'%\', \'|\', SPACE.', 'input': "zaproxy@example.com'|type %SYSTEMROOT%\\win.ini", 'ctx': {'reason': 'The part after the @-sign contains invalid characters: "\'", "\\", \'%\', \'|\', SPACE.'}}]
==============================================

=== VALIDATION ERROR AT PATCH /api/v1/boarding-houses/bh_id";get-help ===
[{'type': 'json_invalid', 'loc': ('body', 8), 'msg': 'JSON decode error', 'input': {}, 'ctx': {'error': 'Expecting value'}}]
==============================================

=== VALIDATION ERROR AT PATCH /api/v1/maintenance/request_id";get-help ===
[{'type': 'json_invalid', 'loc': ('body', 34), 'msg': 'JSON decode error', 'input': {}, 'ctx': {'error': 'Expecting value'}}]
==============================================

=== VALIDATION ERROR AT POST /api/v1/auth/register ===
[{'type': 'value_error', 'loc': ('body', 'email'), 'msg': 'value is not a valid email address: The part after the @-sign contains invalid characters: "\'", "\\", \'%\', \'|\', SPACE.', 'input': "zaproxy@example.com'|type %SYSTEMROOT%\\win.ini", 'ctx': {'reason': 'The part after the @-sign contains invalid characters: "\'", "\\", \'%\', \'|\', SPACE.'}}, {'type': 'value_error', 'loc': ('body', 'password'), 'msg': 'Value error, Password must be at least 8 characters', 'input': 'ZAP', 'ctx': {'error': ValueError('Password must be at least 8 characters')}}, {'type': 'string_type', 'loc': ('body', 'phone'), 'msg': 'Input should be a valid string', 'input': 9999999999}, {'type': 'value_error', 'loc': ('body', 'otp_code'), 'msg': 'Value error, OTP code must be 6 digits', 'input': 'John Doe', 'ctx': {'error': ValueError('OTP code must be 6 digits')}}]
==============================================

=== GLOBAL EXCEPTION HANDLER AT POST /api/v1/auth/register ===
  + Exception Group Traceback (most recent call last):
  |   File "D:\nhatro\backend\venv\Lib\site-packages\starlette\_utils.py", line 87, in collapse_excgroups
  |     yield
  |   File "D:\nhatro\backend\venv\Lib\site-packages\starlette\middleware\base.py", line 190, in __call__
  |     async with anyio.create_task_group() as task_group:
  |                ^^^^^^^^^^^^^^^^^^^^^^^^^
  |   File "D:\nhatro\backend\venv\Lib\site-packages\anyio\_backends\_asyncio.py", line 799, in __aexit__
  |     raise BaseExceptionGroup(
  | ExceptionGroup: unhandled errors in a TaskGroup (1 sub-exception)
  +-+---------------- 1 ----------------
    | Traceback (most recent call last):
    |   File "D:\nhatro\backend\venv\Lib\site-packages\starlette\middleware\errors.py", line 164, in __call__
    |     await self.app(scope, receive, _send)
    |   File "D:\nhatro\backend\venv\Lib\site-packages\starlette\middleware\base.py", line 189, in __call__
    |     with collapse_excgroups():
    |          ^^^^^^^^^^^^^^^^^^^^
    |   File "C:\Users\ngocson\.cache\codex-runtimes\codex-primary-runtime\dependencies\python\Lib\contextlib.py", line 158, in __exit__
    |     self.gen.throw(value)
    |   File "D:\nhatro\backend\venv\Lib\site-packages\starlette\_utils.py", line 93, in collapse_excgroups
    |     raise exc
    |   File "D:\nhatro\backend\venv\Lib\site-packages\starlette\middleware\base.py", line 191, in __call__
    |     response = await self.dispatch_func(request, call_next)
    |                ^^^^^^^^^^^^^^^^^^^^^^^^^^^^^^^^^^^^^^^^^^^^
    |   File "D:\nhatro\backend\app\main.py", line 127, in rate_limit_middleware
    |     return await call_next(request)
    |            ^^^^^^^^^^^^^^^^^^^^^^^^
    |   File "D:\nhatro\backend\venv\Lib\site-packages\starlette\middleware\base.py", line 165, in call_next
    |     raise app_exc
    |   File "D:\nhatro\backend\venv\Lib\site-packages\starlette\middleware\base.py", line 151, in coro
    |     await self.app(scope, receive_or_disconnect, send_no_error)
    |   File "D:\nhatro\backend\venv\Lib\site-packages\starlette\middleware\base.py", line 189, in __call__
    |     with collapse_excgroups():
    |          ^^^^^^^^^^^^^^^^^^^^
    |   File "C:\Users\ngocson\.cache\codex-runtimes\codex-primary-runtime\dependencies\python\Lib\contextlib.py", line 158, in __exit__
    |     self.gen.throw(value)
    |   File "D:\nhatro\backend\venv\Lib\site-packages\starlette\_utils.py", line 93, in collapse_excgroups
    |     raise exc
    |   File "D:\nhatro\backend\venv\Lib\site-packages\starlette\middleware\base.py", line 191, in __call__
    |     response = await self.dispatch_func(request, call_next)
    |                ^^^^^^^^^^^^^^^^^^^^^^^^^^^^^^^^^^^^^^^^^^^^
    |   File "D:\nhatro\backend\app\main.py", line 93, in add_process_time
    |     response = await call_next(request)
    |                ^^^^^^^^^^^^^^^^^^^^^^^^
    |   File "D:\nhatro\backend\venv\Lib\site-packages\starlette\middleware\base.py", line 165, in call_next
    |     raise app_exc
    |   File "D:\nhatro\backend\venv\Lib\site-packages\starlette\middleware\base.py", line 151, in coro
    |     await self.app(scope, receive_or_disconnect, send_no_error)
    |   File "D:\nhatro\backend\venv\Lib\site-packages\starlette\middleware\base.py", line 189, in __call__
    |     with collapse_excgroups():
    |          ^^^^^^^^^^^^^^^^^^^^
    |   File "C:\Users\ngocson\.cache\codex-runtimes\codex-primary-runtime\dependencies\python\Lib\contextlib.py", line 158, in __exit__
    |     self.gen.throw(value)
    |   File "D:\nhatro\backend\venv\Lib\site-packages\starlette\_utils.py", line 93, in collapse_excgroups
    |     raise exc
    |   File "D:\nhatro\backend\venv\Lib\site-packages\starlette\middleware\base.py", line 191, in __call__
    |     response = await self.dispatch_func(request, call_next)
    |                ^^^^^^^^^^^^^^^^^^^^^^^^^^^^^^^^^^^^^^^^^^^^
    |   File "D:\nhatro\backend\app\main.py", line 86, in add_security_headers
    |     response = await call_next(request)
    |                ^^^^^^^^^^^^^^^^^^^^^^^^
    |   File "D:\nhatro\backend\venv\Lib\site-packages\starlette\middleware\base.py", line 165, in call_next
    |     raise app_exc
    |   File "D:\nhatro\backend\venv\Lib\site-packages\starlette\middleware\base.py", line 151, in coro
    |     await self.app(scope, receive_or_disconnect, send_no_error)
    |   File "D:\nhatro\backend\venv\Lib\site-packages\starlette\middleware\cors.py", line 85, in __call__
    |     await self.app(scope, receive, send)
    |   File "D:\nhatro\backend\venv\Lib\site-packages\starlette\middleware\exceptions.py", line 65, in __call__
    |     await wrap_app_handling_exceptions(self.app, conn)(scope, receive, send)
    |   File "D:\nhatro\backend\venv\Lib\site-packages\starlette\_exception_handler.py", line 64, in wrapped_app
    |     raise exc
    |   File "D:\nhatro\backend\venv\Lib\site-packages\starlette\_exception_handler.py", line 53, in wrapped_app
    |     await app(scope, receive, sender)
    |   File "D:\nhatro\backend\venv\Lib\site-packages\starlette\routing.py", line 756, in __call__
    |     await self.middleware_stack(scope, receive, send)
    |   File "D:\nhatro\backend\venv\Lib\site-packages\starlette\routing.py", line 776, in app
    |     await route.handle(scope, receive, send)
    |   File "D:\nhatro\backend\venv\Lib\site-packages\starlette\routing.py", line 297, in handle
    |     await self.app(scope, receive, send)
    |   File "D:\nhatro\backend\venv\Lib\site-packages\starlette\routing.py", line 77, in app
    |     await wrap_app_handling_exceptions(app, request)(scope, receive, send)
    |   File "D:\nhatro\backend\venv\Lib\site-packages\starlette\_exception_handler.py", line 75, in wrapped_app
    |     response = await handler(conn, exc)
    |                ^^^^^^^^^^^^^^^^^^^^^^^^
    |   File "D:\nhatro\backend\app\main.py", line 157, in validation_exception_handler
    |     return JSONResponse(
    |            ^^^^^^^^^^^^^
    |   File "D:\nhatro\backend\venv\Lib\site-packages\starlette\responses.py", line 184, in __init__
    |     super().__init__(content, status_code, headers, media_type, background)
    |   File "D:\nhatro\backend\venv\Lib\site-packages\starlette\responses.py", line 41, in __init__
    |     self.body = self.render(content)
    |                 ^^^^^^^^^^^^^^^^^^^^
    |   File "D:\nhatro\backend\venv\Lib\site-packages\starlette\responses.py", line 187, in render
    |     return json.dumps(
    |            ^^^^^^^^^^^
    |   File "C:\Users\ngocson\.cache\codex-runtimes\codex-primary-runtime\dependencies\python\Lib\json\__init__.py", line 238, in dumps
    |     **kw).encode(obj)
    |           ^^^^^^^^^^^
    |   File "C:\Users\ngocson\.cache\codex-runtimes\codex-primary-runtime\dependencies\python\Lib\json\encoder.py", line 200, in encode
    |     chunks = self.iterencode(o, _one_shot=True)
    |              ^^^^^^^^^^^^^^^^^^^^^^^^^^^^^^^^^^
    |   File "C:\Users\ngocson\.cache\codex-runtimes\codex-primary-runtime\dependencies\python\Lib\json\encoder.py", line 258, in iterencode
    |     return _iterencode(o, 0)
    |            ^^^^^^^^^^^^^^^^^
    |   File "C:\Users\ngocson\.cache\codex-runtimes\codex-primary-runtime\dependencies\python\Lib\json\encoder.py", line 180, in default
    |     raise TypeError(f'Object of type {o.__class__.__name__} '
    | TypeError: Object of type ValueError is not JSON serializable
    +------------------------------------

During handling of the above exception, another exception occurred:

Traceback (most recent call last):
  File "D:\nhatro\backend\venv\Lib\site-packages\starlette\middleware\errors.py", line 164, in __call__
    await self.app(scope, receive, _send)
  File "D:\nhatro\backend\venv\Lib\site-packages\starlette\middleware\base.py", line 189, in __call__
    with collapse_excgroups():
         ^^^^^^^^^^^^^^^^^^^^
  File "C:\Users\ngocson\.cache\codex-runtimes\codex-primary-runtime\dependencies\python\Lib\contextlib.py", line 158, in __exit__
    self.gen.throw(value)
  File "D:\nhatro\backend\venv\Lib\site-packages\starlette\_utils.py", line 93, in collapse_excgroups
    raise exc
  File "D:\nhatro\backend\venv\Lib\site-packages\starlette\middleware\base.py", line 191, in __call__
    response = await self.dispatch_func(request, call_next)
               ^^^^^^^^^^^^^^^^^^^^^^^^^^^^^^^^^^^^^^^^^^^^
  File "D:\nhatro\backend\app\main.py", line 127, in rate_limit_middleware
    return await call_next(request)
           ^^^^^^^^^^^^^^^^^^^^^^^^
  File "D:\nhatro\backend\venv\Lib\site-packages\starlette\middleware\base.py", line 165, in call_next
    raise app_exc
  File "D:\nhatro\backend\venv\Lib\site-packages\starlette\middleware\base.py", line 151, in coro
    await self.app(scope, receive_or_disconnect, send_no_error)
  File "D:\nhatro\backend\venv\Lib\site-packages\starlette\middleware\base.py", line 189, in __call__
    with collapse_excgroups():
         ^^^^^^^^^^^^^^^^^^^^
  File "C:\Users\ngocson\.cache\codex-runtimes\codex-primary-runtime\dependencies\python\Lib\contextlib.py", line 158, in __exit__
    self.gen.throw(value)
  File "D:\nhatro\backend\venv\Lib\site-packages\starlette\_utils.py", line 93, in collapse_excgroups
    raise exc
  File "D:\nhatro\backend\venv\Lib\site-packages\starlette\middleware\base.py", line 191, in __call__
    response = await self.dispatch_func(request, call_next)
               ^^^^^^^^^^^^^^^^^^^^^^^^^^^^^^^^^^^^^^^^^^^^
  File "D:\nhatro\backend\app\main.py", line 93, in add_process_time
    response = await call_next(request)
               ^^^^^^^^^^^^^^^^^^^^^^^^
  File "D:\nhatro\backend\venv\Lib\site-packages\starlette\middleware\base.py", line 165, in call_next
    raise app_exc
  File "D:\nhatro\backend\venv\Lib\site-packages\starlette\middleware\base.py", line 151, in coro
    await self.app(scope, receive_or_disconnect, send_no_error)
  File "D:\nhatro\backend\venv\Lib\site-packages\starlette\middleware\base.py", line 189, in __call__
    with collapse_excgroups():
         ^^^^^^^^^^^^^^^^^^^^
  File "C:\Users\ngocson\.cache\codex-runtimes\codex-primary-runtime\dependencies\python\Lib\contextlib.py", line 158, in __exit__
    self.gen.throw(value)
  File "D:\nhatro\backend\venv\Lib\site-packages\starlette\_utils.py", line 93, in collapse_excgroups
    raise exc
  File "D:\nhatro\backend\venv\Lib\site-packages\starlette\middleware\base.py", line 191, in __call__
    response = await self.dispatch_func(request, call_next)
               ^^^^^^^^^^^^^^^^^^^^^^^^^^^^^^^^^^^^^^^^^^^^
  File "D:\nhatro\backend\app\main.py", line 86, in add_security_headers
    response = await call_next(request)
               ^^^^^^^^^^^^^^^^^^^^^^^^
  File "D:\nhatro\backend\venv\Lib\site-packages\starlette\middleware\base.py", line 165, in call_next
    raise app_exc
  File "D:\nhatro\backend\venv\Lib\site-packages\starlette\middleware\base.py", line 151, in coro
    await self.app(scope, receive_or_disconnect, send_no_error)
  File "D:\nhatro\backend\venv\Lib\site-packages\starlette\middleware\cors.py", line 85, in __call__
    await self.app(scope, receive, send)
  File "D:\nhatro\backend\venv\Lib\site-packages\starlette\middleware\exceptions.py", line 65, in __call__
    await wrap_app_handling_exceptions(self.app, conn)(scope, receive, send)
  File "D:\nhatro\backend\venv\Lib\site-packages\starlette\_exception_handler.py", line 64, in wrapped_app
    raise exc
  File "D:\nhatro\backend\venv\Lib\site-packages\starlette\_exception_handler.py", line 53, in wrapped_app
    await app(scope, receive, sender)
  File "D:\nhatro\backend\venv\Lib\site-packages\starlette\routing.py", line 756, in __call__
    await self.middleware_stack(scope, receive, send)
  File "D:\nhatro\backend\venv\Lib\site-packages\starlette\routing.py", line 776, in app
    await route.handle(scope, receive, send)
  File "D:\nhatro\backend\venv\Lib\site-packages\starlette\routing.py", line 297, in handle
    await self.app(scope, receive, send)
  File "D:\nhatro\backend\venv\Lib\site-packages\starlette\routing.py", line 77, in app
    await wrap_app_handling_exceptions(app, request)(scope, receive, send)
  File "D:\nhatro\backend\venv\Lib\site-packages\starlette\_exception_handler.py", line 75, in wrapped_app
    response = await handler(conn, exc)
               ^^^^^^^^^^^^^^^^^^^^^^^^
  File "D:\nhatro\backend\app\main.py", line 157, in validation_exception_handler
    return JSONResponse(
           ^^^^^^^^^^^^^
  File "D:\nhatro\backend\venv\Lib\site-packages\starlette\responses.py", line 184, in __init__
    super().__init__(content, status_code, headers, media_type, background)
  File "D:\nhatro\backend\venv\Lib\site-packages\starlette\responses.py", line 41, in __init__
    self.body = self.render(content)
                ^^^^^^^^^^^^^^^^^^^^
  File "D:\nhatro\backend\venv\Lib\site-packages\starlette\responses.py", line 187, in render
    return json.dumps(
           ^^^^^^^^^^^
  File "C:\Users\ngocson\.cache\codex-runtimes\codex-primary-runtime\dependencies\python\Lib\json\__init__.py", line 238, in dumps
    **kw).encode(obj)
          ^^^^^^^^^^^
  File "C:\Users\ngocson\.cache\codex-runtimes\codex-primary-runtime\dependencies\python\Lib\json\encoder.py", line 200, in encode
    chunks = self.iterencode(o, _one_shot=True)
             ^^^^^^^^^^^^^^^^^^^^^^^^^^^^^^^^^^
  File "C:\Users\ngocson\.cache\codex-runtimes\codex-primary-runtime\dependencies\python\Lib\json\encoder.py", line 258, in iterencode
    return _iterencode(o, 0)
           ^^^^^^^^^^^^^^^^^
  File "C:\Users\ngocson\.cache\codex-runtimes\codex-primary-runtime\dependencies\python\Lib\json\encoder.py", line 180, in default
    raise TypeError(f'Object of type {o.__class__.__name__} '
TypeError: Object of type ValueError is not JSON serializable
==============================================

=== VALIDATION ERROR AT POST /api/v1/auth/forgot-password ===
[{'type': 'value_error', 'loc': ('body', 'email'), 'msg': 'value is not a valid email address: An email address must have an @-sign.', 'input': 'get-help', 'ctx': {'reason': 'An email address must have an @-sign.'}}]
==============================================

=== VALIDATION ERROR AT POST /api/v1/auth/login ===
[{'type': 'value_error', 'loc': ('body', 'email'), 'msg': 'value is not a valid email address: An email address must have an @-sign.', 'input': 'get-help', 'ctx': {'reason': 'An email address must have an @-sign.'}}]
==============================================

=== VALIDATION ERROR AT PATCH /api/v1/boarding-houses/bh_id';get-help ===
[{'type': 'json_invalid', 'loc': ('body', 8), 'msg': 'JSON decode error', 'input': {}, 'ctx': {'error': 'Expecting value'}}]
==============================================

=== VALIDATION ERROR AT POST /api/v1/auth/register/send-otp ===
[{'type': 'value_error', 'loc': ('body', 'email'), 'msg': 'value is not a valid email address: An email address must have an @-sign.', 'input': 'get-help', 'ctx': {'reason': 'An email address must have an @-sign.'}}]
==============================================

=== VALIDATION ERROR AT PATCH /api/v1/maintenance/request_id';get-help ===
[{'type': 'json_invalid', 'loc': ('body', 34), 'msg': 'JSON decode error', 'input': {}, 'ctx': {'error': 'Expecting value'}}]
==============================================

=== VALIDATION ERROR AT POST /api/v1/auth/register ===
[{'type': 'value_error', 'loc': ('body', 'email'), 'msg': 'value is not a valid email address: An email address must have an @-sign.', 'input': 'get-help', 'ctx': {'reason': 'An email address must have an @-sign.'}}, {'type': 'value_error', 'loc': ('body', 'password'), 'msg': 'Value error, Password must be at least 8 characters', 'input': 'ZAP', 'ctx': {'error': ValueError('Password must be at least 8 characters')}}, {'type': 'string_type', 'loc': ('body', 'phone'), 'msg': 'Input should be a valid string', 'input': 9999999999}, {'type': 'value_error', 'loc': ('body', 'otp_code'), 'msg': 'Value error, OTP code must be 6 digits', 'input': 'John Doe', 'ctx': {'error': ValueError('OTP code must be 6 digits')}}]
==============================================

=== GLOBAL EXCEPTION HANDLER AT POST /api/v1/auth/register ===
  + Exception Group Traceback (most recent call last):
  |   File "D:\nhatro\backend\venv\Lib\site-packages\starlette\_utils.py", line 87, in collapse_excgroups
  |     yield
  |   File "D:\nhatro\backend\venv\Lib\site-packages\starlette\middleware\base.py", line 190, in __call__
  |     async with anyio.create_task_group() as task_group:
  |                ^^^^^^^^^^^^^^^^^^^^^^^^^
  |   File "D:\nhatro\backend\venv\Lib\site-packages\anyio\_backends\_asyncio.py", line 799, in __aexit__
  |     raise BaseExceptionGroup(
  | ExceptionGroup: unhandled errors in a TaskGroup (1 sub-exception)
  +-+---------------- 1 ----------------
    | Traceback (most recent call last):
    |   File "D:\nhatro\backend\venv\Lib\site-packages\starlette\middleware\errors.py", line 164, in __call__
    |     await self.app(scope, receive, _send)
    |   File "D:\nhatro\backend\venv\Lib\site-packages\starlette\middleware\base.py", line 189, in __call__
    |     with collapse_excgroups():
    |          ^^^^^^^^^^^^^^^^^^^^
    |   File "C:\Users\ngocson\.cache\codex-runtimes\codex-primary-runtime\dependencies\python\Lib\contextlib.py", line 158, in __exit__
    |     self.gen.throw(value)
    |   File "D:\nhatro\backend\venv\Lib\site-packages\starlette\_utils.py", line 93, in collapse_excgroups
    |     raise exc
    |   File "D:\nhatro\backend\venv\Lib\site-packages\starlette\middleware\base.py", line 191, in __call__
    |     response = await self.dispatch_func(request, call_next)
    |                ^^^^^^^^^^^^^^^^^^^^^^^^^^^^^^^^^^^^^^^^^^^^
    |   File "D:\nhatro\backend\app\main.py", line 127, in rate_limit_middleware
    |     return await call_next(request)
    |            ^^^^^^^^^^^^^^^^^^^^^^^^
    |   File "D:\nhatro\backend\venv\Lib\site-packages\starlette\middleware\base.py", line 165, in call_next
    |     raise app_exc
    |   File "D:\nhatro\backend\venv\Lib\site-packages\starlette\middleware\base.py", line 151, in coro
    |     await self.app(scope, receive_or_disconnect, send_no_error)
    |   File "D:\nhatro\backend\venv\Lib\site-packages\starlette\middleware\base.py", line 189, in __call__
    |     with collapse_excgroups():
    |          ^^^^^^^^^^^^^^^^^^^^
    |   File "C:\Users\ngocson\.cache\codex-runtimes\codex-primary-runtime\dependencies\python\Lib\contextlib.py", line 158, in __exit__
    |     self.gen.throw(value)
    |   File "D:\nhatro\backend\venv\Lib\site-packages\starlette\_utils.py", line 93, in collapse_excgroups
    |     raise exc
    |   File "D:\nhatro\backend\venv\Lib\site-packages\starlette\middleware\base.py", line 191, in __call__
    |     response = await self.dispatch_func(request, call_next)
    |                ^^^^^^^^^^^^^^^^^^^^^^^^^^^^^^^^^^^^^^^^^^^^
    |   File "D:\nhatro\backend\app\main.py", line 93, in add_process_time
    |     response = await call_next(request)
    |                ^^^^^^^^^^^^^^^^^^^^^^^^
    |   File "D:\nhatro\backend\venv\Lib\site-packages\starlette\middleware\base.py", line 165, in call_next
    |     raise app_exc
    |   File "D:\nhatro\backend\venv\Lib\site-packages\starlette\middleware\base.py", line 151, in coro
    |     await self.app(scope, receive_or_disconnect, send_no_error)
    |   File "D:\nhatro\backend\venv\Lib\site-packages\starlette\middleware\base.py", line 189, in __call__
    |     with collapse_excgroups():
    |          ^^^^^^^^^^^^^^^^^^^^
    |   File "C:\Users\ngocson\.cache\codex-runtimes\codex-primary-runtime\dependencies\python\Lib\contextlib.py", line 158, in __exit__
    |     self.gen.throw(value)
    |   File "D:\nhatro\backend\venv\Lib\site-packages\starlette\_utils.py", line 93, in collapse_excgroups
    |     raise exc
    |   File "D:\nhatro\backend\venv\Lib\site-packages\starlette\middleware\base.py", line 191, in __call__
    |     response = await self.dispatch_func(request, call_next)
    |                ^^^^^^^^^^^^^^^^^^^^^^^^^^^^^^^^^^^^^^^^^^^^
    |   File "D:\nhatro\backend\app\main.py", line 86, in add_security_headers
    |     response = await call_next(request)
    |                ^^^^^^^^^^^^^^^^^^^^^^^^
    |   File "D:\nhatro\backend\venv\Lib\site-packages\starlette\middleware\base.py", line 165, in call_next
    |     raise app_exc
    |   File "D:\nhatro\backend\venv\Lib\site-packages\starlette\middleware\base.py", line 151, in coro
    |     await self.app(scope, receive_or_disconnect, send_no_error)
    |   File "D:\nhatro\backend\venv\Lib\site-packages\starlette\middleware\cors.py", line 85, in __call__
    |     await self.app(scope, receive, send)
    |   File "D:\nhatro\backend\venv\Lib\site-packages\starlette\middleware\exceptions.py", line 65, in __call__
    |     await wrap_app_handling_exceptions(self.app, conn)(scope, receive, send)
    |   File "D:\nhatro\backend\venv\Lib\site-packages\starlette\_exception_handler.py", line 64, in wrapped_app
    |     raise exc
    |   File "D:\nhatro\backend\venv\Lib\site-packages\starlette\_exception_handler.py", line 53, in wrapped_app
    |     await app(scope, receive, sender)
    |   File "D:\nhatro\backend\venv\Lib\site-packages\starlette\routing.py", line 756, in __call__
    |     await self.middleware_stack(scope, receive, send)
    |   File "D:\nhatro\backend\venv\Lib\site-packages\starlette\routing.py", line 776, in app
    |     await route.handle(scope, receive, send)
    |   File "D:\nhatro\backend\venv\Lib\site-packages\starlette\routing.py", line 297, in handle
    |     await self.app(scope, receive, send)
    |   File "D:\nhatro\backend\venv\Lib\site-packages\starlette\routing.py", line 77, in app
    |     await wrap_app_handling_exceptions(app, request)(scope, receive, send)
    |   File "D:\nhatro\backend\venv\Lib\site-packages\starlette\_exception_handler.py", line 75, in wrapped_app
    |     response = await handler(conn, exc)
    |                ^^^^^^^^^^^^^^^^^^^^^^^^
    |   File "D:\nhatro\backend\app\main.py", line 157, in validation_exception_handler
    |     return JSONResponse(
    |            ^^^^^^^^^^^^^
    |   File "D:\nhatro\backend\venv\Lib\site-packages\starlette\responses.py", line 184, in __init__
    |     super().__init__(content, status_code, headers, media_type, background)
    |   File "D:\nhatro\backend\venv\Lib\site-packages\starlette\responses.py", line 41, in __init__
    |     self.body = self.render(content)
    |                 ^^^^^^^^^^^^^^^^^^^^
    |   File "D:\nhatro\backend\venv\Lib\site-packages\starlette\responses.py", line 187, in render
    |     return json.dumps(
    |            ^^^^^^^^^^^
    |   File "C:\Users\ngocson\.cache\codex-runtimes\codex-primary-runtime\dependencies\python\Lib\json\__init__.py", line 238, in dumps
    |     **kw).encode(obj)
    |           ^^^^^^^^^^^
    |   File "C:\Users\ngocson\.cache\codex-runtimes\codex-primary-runtime\dependencies\python\Lib\json\encoder.py", line 200, in encode
    |     chunks = self.iterencode(o, _one_shot=True)
    |              ^^^^^^^^^^^^^^^^^^^^^^^^^^^^^^^^^^
    |   File "C:\Users\ngocson\.cache\codex-runtimes\codex-primary-runtime\dependencies\python\Lib\json\encoder.py", line 258, in iterencode
    |     return _iterencode(o, 0)
    |            ^^^^^^^^^^^^^^^^^
    |   File "C:\Users\ngocson\.cache\codex-runtimes\codex-primary-runtime\dependencies\python\Lib\json\encoder.py", line 180, in default
    |     raise TypeError(f'Object of type {o.__class__.__name__} '
    | TypeError: Object of type ValueError is not JSON serializable
    +------------------------------------

During handling of the above exception, another exception occurred:

Traceback (most recent call last):
  File "D:\nhatro\backend\venv\Lib\site-packages\starlette\middleware\errors.py", line 164, in __call__
    await self.app(scope, receive, _send)
  File "D:\nhatro\backend\venv\Lib\site-packages\starlette\middleware\base.py", line 189, in __call__
    with collapse_excgroups():
         ^^^^^^^^^^^^^^^^^^^^
  File "C:\Users\ngocson\.cache\codex-runtimes\codex-primary-runtime\dependencies\python\Lib\contextlib.py", line 158, in __exit__
    self.gen.throw(value)
  File "D:\nhatro\backend\venv\Lib\site-packages\starlette\_utils.py", line 93, in collapse_excgroups
    raise exc
  File "D:\nhatro\backend\venv\Lib\site-packages\starlette\middleware\base.py", line 191, in __call__
    response = await self.dispatch_func(request, call_next)
               ^^^^^^^^^^^^^^^^^^^^^^^^^^^^^^^^^^^^^^^^^^^^
  File "D:\nhatro\backend\app\main.py", line 127, in rate_limit_middleware
    return await call_next(request)
           ^^^^^^^^^^^^^^^^^^^^^^^^
  File "D:\nhatro\backend\venv\Lib\site-packages\starlette\middleware\base.py", line 165, in call_next
    raise app_exc
  File "D:\nhatro\backend\venv\Lib\site-packages\starlette\middleware\base.py", line 151, in coro
    await self.app(scope, receive_or_disconnect, send_no_error)
  File "D:\nhatro\backend\venv\Lib\site-packages\starlette\middleware\base.py", line 189, in __call__
    with collapse_excgroups():
         ^^^^^^^^^^^^^^^^^^^^
  File "C:\Users\ngocson\.cache\codex-runtimes\codex-primary-runtime\dependencies\python\Lib\contextlib.py", line 158, in __exit__
    self.gen.throw(value)
  File "D:\nhatro\backend\venv\Lib\site-packages\starlette\_utils.py", line 93, in collapse_excgroups
    raise exc
  File "D:\nhatro\backend\venv\Lib\site-packages\starlette\middleware\base.py", line 191, in __call__
    response = await self.dispatch_func(request, call_next)
               ^^^^^^^^^^^^^^^^^^^^^^^^^^^^^^^^^^^^^^^^^^^^
  File "D:\nhatro\backend\app\main.py", line 93, in add_process_time
    response = await call_next(request)
               ^^^^^^^^^^^^^^^^^^^^^^^^
  File "D:\nhatro\backend\venv\Lib\site-packages\starlette\middleware\base.py", line 165, in call_next
    raise app_exc
  File "D:\nhatro\backend\venv\Lib\site-packages\starlette\middleware\base.py", line 151, in coro
    await self.app(scope, receive_or_disconnect, send_no_error)
  File "D:\nhatro\backend\venv\Lib\site-packages\starlette\middleware\base.py", line 189, in __call__
    with collapse_excgroups():
         ^^^^^^^^^^^^^^^^^^^^
  File "C:\Users\ngocson\.cache\codex-runtimes\codex-primary-runtime\dependencies\python\Lib\contextlib.py", line 158, in __exit__
    self.gen.throw(value)
  File "D:\nhatro\backend\venv\Lib\site-packages\starlette\_utils.py", line 93, in collapse_excgroups
    raise exc
  File "D:\nhatro\backend\venv\Lib\site-packages\starlette\middleware\base.py", line 191, in __call__
    response = await self.dispatch_func(request, call_next)
               ^^^^^^^^^^^^^^^^^^^^^^^^^^^^^^^^^^^^^^^^^^^^
  File "D:\nhatro\backend\app\main.py", line 86, in add_security_headers
    response = await call_next(request)
               ^^^^^^^^^^^^^^^^^^^^^^^^
  File "D:\nhatro\backend\venv\Lib\site-packages\starlette\middleware\base.py", line 165, in call_next
    raise app_exc
  File "D:\nhatro\backend\venv\Lib\site-packages\starlette\middleware\base.py", line 151, in coro
    await self.app(scope, receive_or_disconnect, send_no_error)
  File "D:\nhatro\backend\venv\Lib\site-packages\starlette\middleware\cors.py", line 85, in __call__
    await self.app(scope, receive, send)
  File "D:\nhatro\backend\venv\Lib\site-packages\starlette\middleware\exceptions.py", line 65, in __call__
    await wrap_app_handling_exceptions(self.app, conn)(scope, receive, send)
  File "D:\nhatro\backend\venv\Lib\site-packages\starlette\_exception_handler.py", line 64, in wrapped_app
    raise exc
  File "D:\nhatro\backend\venv\Lib\site-packages\starlette\_exception_handler.py", line 53, in wrapped_app
    await app(scope, receive, sender)
  File "D:\nhatro\backend\venv\Lib\site-packages\starlette\routing.py", line 756, in __call__
    await self.middleware_stack(scope, receive, send)
  File "D:\nhatro\backend\venv\Lib\site-packages\starlette\routing.py", line 776, in app
    await route.handle(scope, receive, send)
  File "D:\nhatro\backend\venv\Lib\site-packages\starlette\routing.py", line 297, in handle
    await self.app(scope, receive, send)
  File "D:\nhatro\backend\venv\Lib\site-packages\starlette\routing.py", line 77, in app
    await wrap_app_handling_exceptions(app, request)(scope, receive, send)
  File "D:\nhatro\backend\venv\Lib\site-packages\starlette\_exception_handler.py", line 75, in wrapped_app
    response = await handler(conn, exc)
               ^^^^^^^^^^^^^^^^^^^^^^^^
  File "D:\nhatro\backend\app\main.py", line 157, in validation_exception_handler
    return JSONResponse(
           ^^^^^^^^^^^^^
  File "D:\nhatro\backend\venv\Lib\site-packages\starlette\responses.py", line 184, in __init__
    super().__init__(content, status_code, headers, media_type, background)
  File "D:\nhatro\backend\venv\Lib\site-packages\starlette\responses.py", line 41, in __init__
    self.body = self.render(content)
                ^^^^^^^^^^^^^^^^^^^^
  File "D:\nhatro\backend\venv\Lib\site-packages\starlette\responses.py", line 187, in render
    return json.dumps(
           ^^^^^^^^^^^
  File "C:\Users\ngocson\.cache\codex-runtimes\codex-primary-runtime\dependencies\python\Lib\json\__init__.py", line 238, in dumps
    **kw).encode(obj)
          ^^^^^^^^^^^
  File "C:\Users\ngocson\.cache\codex-runtimes\codex-primary-runtime\dependencies\python\Lib\json\encoder.py", line 200, in encode
    chunks = self.iterencode(o, _one_shot=True)
             ^^^^^^^^^^^^^^^^^^^^^^^^^^^^^^^^^^
  File "C:\Users\ngocson\.cache\codex-runtimes\codex-primary-runtime\dependencies\python\Lib\json\encoder.py", line 258, in iterencode
    return _iterencode(o, 0)
           ^^^^^^^^^^^^^^^^^
  File "C:\Users\ngocson\.cache\codex-runtimes\codex-primary-runtime\dependencies\python\Lib\json\encoder.py", line 180, in default
    raise TypeError(f'Object of type {o.__class__.__name__} '
TypeError: Object of type ValueError is not JSON serializable
==============================================

=== VALIDATION ERROR AT PATCH /api/v1/boarding-houses/bh_id;get-help+ ===
[{'type': 'json_invalid', 'loc': ('body', 8), 'msg': 'JSON decode error', 'input': {}, 'ctx': {'error': 'Expecting value'}}]
==============================================

=== VALIDATION ERROR AT PATCH /api/v1/maintenance/request_id;get-help+ ===
[{'type': 'json_invalid', 'loc': ('body', 34), 'msg': 'JSON decode error', 'input': {}, 'ctx': {'error': 'Expecting value'}}]
==============================================

=== VALIDATION ERROR AT PATCH /api/v1/tenants/type+%SYSTEMROOT%\win.ini ===
[{'type': 'json_invalid', 'loc': ('body', 51), 'msg': 'JSON decode error', 'input': {}, 'ctx': {'error': 'Expecting value'}}]
==============================================

=== VALIDATION ERROR AT PATCH /api/v1/tenants/tenant_id&type+%SYSTEMROOT%\win.ini ===
[{'type': 'json_invalid', 'loc': ('body', 51), 'msg': 'JSON decode error', 'input': {}, 'ctx': {'error': 'Expecting value'}}]
==============================================

=== VALIDATION ERROR AT PATCH /api/v1/tenants/tenant_id|type+%SYSTEMROOT%\win.ini ===
[{'type': 'json_invalid', 'loc': ('body', 51), 'msg': 'JSON decode error', 'input': {}, 'ctx': {'error': 'Expecting value'}}]
==============================================

=== VALIDATION ERROR AT PATCH /api/v1/tenants/tenant_id"&type+%SYSTEMROOT%\win.ini&" ===
[{'type': 'json_invalid', 'loc': ('body', 51), 'msg': 'JSON decode error', 'input': {}, 'ctx': {'error': 'Expecting value'}}]
==============================================

=== VALIDATION ERROR AT PATCH /api/v1/tenants/tenant_id"|type+%SYSTEMROOT%\win.ini ===
[{'type': 'json_invalid', 'loc': ('body', 51), 'msg': 'JSON decode error', 'input': {}, 'ctx': {'error': 'Expecting value'}}]
==============================================

=== VALIDATION ERROR AT PATCH /api/v1/tenants/tenant_id'&type+%SYSTEMROOT%\win.ini&' ===
[{'type': 'json_invalid', 'loc': ('body', 51), 'msg': 'JSON decode error', 'input': {}, 'ctx': {'error': 'Expecting value'}}]
==============================================

=== VALIDATION ERROR AT PATCH /api/v1/tenants/tenant_id'|type+%SYSTEMROOT%\win.ini ===
[{'type': 'json_invalid', 'loc': ('body', 51), 'msg': 'JSON decode error', 'input': {}, 'ctx': {'error': 'Expecting value'}}]
==============================================

=== VALIDATION ERROR AT PATCH /api/v1/tenants/get-help ===
[{'type': 'json_invalid', 'loc': ('body', 51), 'msg': 'JSON decode error', 'input': {}, 'ctx': {'error': 'Expecting value'}}]
==============================================

=== VALIDATION ERROR AT PATCH /api/v1/tenants/tenant_id;get-help ===
[{'type': 'json_invalid', 'loc': ('body', 51), 'msg': 'JSON decode error', 'input': {}, 'ctx': {'error': 'Expecting value'}}]
==============================================

=== VALIDATION ERROR AT PATCH /api/v1/tenants/tenant_id";get-help ===
[{'type': 'json_invalid', 'loc': ('body', 51), 'msg': 'JSON decode error', 'input': {}, 'ctx': {'error': 'Expecting value'}}]
==============================================

=== VALIDATION ERROR AT PATCH /api/v1/tenants/tenant_id';get-help ===
[{'type': 'json_invalid', 'loc': ('body', 51), 'msg': 'JSON decode error', 'input': {}, 'ctx': {'error': 'Expecting value'}}]
==============================================

=== VALIDATION ERROR AT PATCH /api/v1/tenants/tenant_id;get-help+ ===
[{'type': 'json_invalid', 'loc': ('body', 51), 'msg': 'JSON decode error', 'input': {}, 'ctx': {'error': 'Expecting value'}}]
==============================================

=== VALIDATION ERROR AT GET /api/v1/webhooks/payos/check/type+%SYSTEMROOT%\win.ini ===
[{'type': 'int_parsing', 'loc': ('path', 'order_code'), 'msg': 'Input should be a valid integer, unable to parse string as an integer', 'input': 'type+%SYSTEMROOT%\\win.ini'}]
==============================================

=== VALIDATION ERROR AT GET /api/v1/webhooks/payos/check/10&type+%SYSTEMROOT%\win.ini ===
[{'type': 'int_parsing', 'loc': ('path', 'order_code'), 'msg': 'Input should be a valid integer, unable to parse string as an integer', 'input': '10&type+%SYSTEMROOT%\\win.ini'}]
==============================================

=== VALIDATION ERROR AT GET /api/v1/webhooks/payos/check/10|type+%SYSTEMROOT%\win.ini ===
[{'type': 'int_parsing', 'loc': ('path', 'order_code'), 'msg': 'Input should be a valid integer, unable to parse string as an integer', 'input': '10|type+%SYSTEMROOT%\\win.ini'}]
==============================================

=== VALIDATION ERROR AT GET /api/v1/webhooks/payos/check/10"&type+%SYSTEMROOT%\win.ini&" ===
[{'type': 'int_parsing', 'loc': ('path', 'order_code'), 'msg': 'Input should be a valid integer, unable to parse string as an integer', 'input': '10"&type+%SYSTEMROOT%\\win.ini&"'}]
==============================================

=== VALIDATION ERROR AT GET /api/v1/webhooks/payos/check/10"|type+%SYSTEMROOT%\win.ini ===
[{'type': 'int_parsing', 'loc': ('path', 'order_code'), 'msg': 'Input should be a valid integer, unable to parse string as an integer', 'input': '10"|type+%SYSTEMROOT%\\win.ini'}]
==============================================

=== VALIDATION ERROR AT GET /api/v1/webhooks/payos/check/10'&type+%SYSTEMROOT%\win.ini&' ===
[{'type': 'int_parsing', 'loc': ('path', 'order_code'), 'msg': 'Input should be a valid integer, unable to parse string as an integer', 'input': "10'&type+%SYSTEMROOT%\\win.ini&'"}]
==============================================

=== VALIDATION ERROR AT GET /api/v1/webhooks/payos/check/10'|type+%SYSTEMROOT%\win.ini ===
[{'type': 'int_parsing', 'loc': ('path', 'order_code'), 'msg': 'Input should be a valid integer, unable to parse string as an integer', 'input': "10'|type+%SYSTEMROOT%\\win.ini"}]
==============================================

=== VALIDATION ERROR AT GET /api/v1/webhooks/payos/check/get-help ===
[{'type': 'int_parsing', 'loc': ('path', 'order_code'), 'msg': 'Input should be a valid integer, unable to parse string as an integer', 'input': 'get-help'}]
==============================================

=== VALIDATION ERROR AT GET /api/v1/webhooks/payos/check/10;get-help ===
[{'type': 'int_parsing', 'loc': ('path', 'order_code'), 'msg': 'Input should be a valid integer, unable to parse string as an integer', 'input': '10;get-help'}]
==============================================

=== VALIDATION ERROR AT GET /api/v1/webhooks/payos/check/10";get-help ===
[{'type': 'int_parsing', 'loc': ('path', 'order_code'), 'msg': 'Input should be a valid integer, unable to parse string as an integer', 'input': '10";get-help'}]
==============================================

=== VALIDATION ERROR AT GET /api/v1/webhooks/payos/check/10';get-help ===
[{'type': 'int_parsing', 'loc': ('path', 'order_code'), 'msg': 'Input should be a valid integer, unable to parse string as an integer', 'input': "10';get-help"}]
==============================================

=== VALIDATION ERROR AT GET /api/v1/webhooks/payos/check/10;get-help+ ===
[{'type': 'int_parsing', 'loc': ('path', 'order_code'), 'msg': 'Input should be a valid integer, unable to parse string as an integer', 'input': '10;get-help+#'}]
==============================================

=== VALIDATION ERROR AT PATCH /api/v1/boarding-houses/"' ===
[{'type': 'json_invalid', 'loc': ('body', 8), 'msg': 'JSON decode error', 'input': {}, 'ctx': {'error': 'Expecting value'}}]
==============================================

=== VALIDATION ERROR AT PATCH /api/v1/maintenance/"' ===
[{'type': 'json_invalid', 'loc': ('body', 34), 'msg': 'JSON decode error', 'input': {}, 'ctx': {'error': 'Expecting value'}}]
==============================================

=== VALIDATION ERROR AT PATCH /api/v1/boarding-houses/<!-- ===
[{'type': 'json_invalid', 'loc': ('body', 8), 'msg': 'JSON decode error', 'input': {}, 'ctx': {'error': 'Expecting value'}}]
==============================================

=== VALIDATION ERROR AT PATCH /api/v1/maintenance/<!-- ===
[{'type': 'json_invalid', 'loc': ('body', 34), 'msg': 'JSON decode error', 'input': {}, 'ctx': {'error': 'Expecting value'}}]
==============================================

=== VALIDATION ERROR AT PATCH /api/v1/boarding-houses/]]> ===
[{'type': 'json_invalid', 'loc': ('body', 8), 'msg': 'JSON decode error', 'input': {}, 'ctx': {'error': 'Expecting value'}}]
==============================================

=== VALIDATION ERROR AT PATCH /api/v1/maintenance/]]> ===
[{'type': 'json_invalid', 'loc': ('body', 34), 'msg': 'JSON decode error', 'input': {}, 'ctx': {'error': 'Expecting value'}}]
==============================================

=== VALIDATION ERROR AT PATCH /api/v1/tenants/"' ===
[{'type': 'json_invalid', 'loc': ('body', 51), 'msg': 'JSON decode error', 'input': {}, 'ctx': {'error': 'Expecting value'}}]
==============================================

=== VALIDATION ERROR AT PATCH /api/v1/tenants/<!-- ===
[{'type': 'json_invalid', 'loc': ('body', 51), 'msg': 'JSON decode error', 'input': {}, 'ctx': {'error': 'Expecting value'}}]
==============================================

=== VALIDATION ERROR AT PATCH /api/v1/tenants/]]> ===
[{'type': 'json_invalid', 'loc': ('body', 51), 'msg': 'JSON decode error', 'input': {}, 'ctx': {'error': 'Expecting value'}}]
==============================================

=== VALIDATION ERROR AT GET /api/v1/webhooks/payos/check/"' ===
[{'type': 'int_parsing', 'loc': ('path', 'order_code'), 'msg': 'Input should be a valid integer, unable to parse string as an integer', 'input': '"\''}]
==============================================

=== VALIDATION ERROR AT GET /api/v1/webhooks/payos/check/<!-- ===
[{'type': 'int_parsing', 'loc': ('path', 'order_code'), 'msg': 'Input should be a valid integer, unable to parse string as an integer', 'input': '<!--'}]
==============================================

=== VALIDATION ERROR AT GET /api/v1/webhooks/payos/check/]]> ===
[{'type': 'int_parsing', 'loc': ('path', 'order_code'), 'msg': 'Input should be a valid integer, unable to parse string as an integer', 'input': ']]>'}]
==============================================

=== VALIDATION ERROR AT PATCH /api/v1/maintenance/zj+2128*5118+zj ===
[{'type': 'json_invalid', 'loc': ('body', 34), 'msg': 'JSON decode error', 'input': {}, 'ctx': {'error': 'Expecting value'}}]
==============================================

=== VALIDATION ERROR AT PATCH /api/v1/boarding-houses/zj+1438*7114+zj ===
[{'type': 'json_invalid', 'loc': ('body', 8), 'msg': 'JSON decode error', 'input': {}, 'ctx': {'error': 'Expecting value'}}]
==============================================

=== VALIDATION ERROR AT PATCH /api/v1/maintenance/zj{9527*8063}zj ===
[{'type': 'json_invalid', 'loc': ('body', 34), 'msg': 'JSON decode error', 'input': {}, 'ctx': {'error': 'Expecting value'}}]
==============================================

=== VALIDATION ERROR AT PATCH /api/v1/boarding-houses/zj{8146*8192}zj ===
[{'type': 'json_invalid', 'loc': ('body', 8), 'msg': 'JSON decode error', 'input': {}, 'ctx': {'error': 'Expecting value'}}]
==============================================

=== VALIDATION ERROR AT PATCH /api/v1/maintenance/zj${2710*5816}zj ===
[{'type': 'json_invalid', 'loc': ('body', 34), 'msg': 'JSON decode error', 'input': {}, 'ctx': {'error': 'Expecting value'}}]
==============================================

=== VALIDATION ERROR AT PATCH /api/v1/boarding-houses/zj${9569*8647}zj ===
[{'type': 'json_invalid', 'loc': ('body', 8), 'msg': 'JSON decode error', 'input': {}, 'ctx': {'error': 'Expecting value'}}]
==============================================

=== VALIDATION ERROR AT PATCH /api/v1/maintenance/zj ===
[{'type': 'json_invalid', 'loc': ('body', 34), 'msg': 'JSON decode error', 'input': {}, 'ctx': {'error': 'Expecting value'}}]
==============================================

=== VALIDATION ERROR AT PATCH /api/v1/boarding-houses/zj ===
[{'type': 'json_invalid', 'loc': ('body', 8), 'msg': 'JSON decode error', 'input': {}, 'ctx': {'error': 'Expecting value'}}]
==============================================

=== VALIDATION ERROR AT PATCH /api/v1/maintenance/zj{ ===
[{'type': 'json_invalid', 'loc': ('body', 34), 'msg': 'JSON decode error', 'input': {}, 'ctx': {'error': 'Expecting value'}}]
==============================================

=== VALIDATION ERROR AT PATCH /api/v1/boarding-houses/zj{ ===
[{'type': 'json_invalid', 'loc': ('body', 8), 'msg': 'JSON decode error', 'input': {}, 'ctx': {'error': 'Expecting value'}}]
==============================================

=== VALIDATION ERROR AT PATCH /api/v1/maintenance/zj{@2046*2283}zj ===
[{'type': 'json_invalid', 'loc': ('body', 34), 'msg': 'JSON decode error', 'input': {}, 'ctx': {'error': 'Expecting value'}}]
==============================================

=== VALIDATION ERROR AT PATCH /api/v1/boarding-houses/zj{@7168*2152}zj ===
[{'type': 'json_invalid', 'loc': ('body', 8), 'msg': 'JSON decode error', 'input': {}, 'ctx': {'error': 'Expecting value'}}]
==============================================

=== VALIDATION ERROR AT PATCH /api/v1/maintenance/zj{{2340*2937}}zj ===
[{'type': 'json_invalid', 'loc': ('body', 34), 'msg': 'JSON decode error', 'input': {}, 'ctx': {'error': 'Expecting value'}}]
==============================================

=== VALIDATION ERROR AT PATCH /api/v1/boarding-houses/zj{{1238*3433}}zj ===
[{'type': 'json_invalid', 'loc': ('body', 8), 'msg': 'JSON decode error', 'input': {}, 'ctx': {'error': 'Expecting value'}}]
==============================================

=== VALIDATION ERROR AT PATCH /api/v1/maintenance/zj{{=2209*3117}}zj ===
[{'type': 'json_invalid', 'loc': ('body', 34), 'msg': 'JSON decode error', 'input': {}, 'ctx': {'error': 'Expecting value'}}]
==============================================

=== VALIDATION ERROR AT PATCH /api/v1/boarding-houses/zj{{=4313*9511}}zj ===
[{'type': 'json_invalid', 'loc': ('body', 8), 'msg': 'JSON decode error', 'input': {}, 'ctx': {'error': 'Expecting value'}}]
==============================================

=== VALIDATION ERROR AT PATCH /api/v1/maintenance/zj<%=2021*8933%>zj ===
[{'type': 'json_invalid', 'loc': ('body', 34), 'msg': 'JSON decode error', 'input': {}, 'ctx': {'error': 'Expecting value'}}]
==============================================

=== VALIDATION ERROR AT PATCH /api/v1/boarding-houses/zj<%=4723*1636%>zj ===
[{'type': 'json_invalid', 'loc': ('body', 8), 'msg': 'JSON decode error', 'input': {}, 'ctx': {'error': 'Expecting value'}}]
==============================================

=== VALIDATION ERROR AT PATCH /api/v1/maintenance/zj ===
[{'type': 'json_invalid', 'loc': ('body', 34), 'msg': 'JSON decode error', 'input': {}, 'ctx': {'error': 'Expecting value'}}]
==============================================

=== VALIDATION ERROR AT PATCH /api/v1/boarding-houses/zj ===
[{'type': 'json_invalid', 'loc': ('body', 8), 'msg': 'JSON decode error', 'input': {}, 'ctx': {'error': 'Expecting value'}}]
==============================================

=== VALIDATION ERROR AT PATCH /api/v1/maintenance/zj{{50940|add:27110}}zj ===
[{'type': 'json_invalid', 'loc': ('body', 34), 'msg': 'JSON decode error', 'input': {}, 'ctx': {'error': 'Expecting value'}}]
==============================================

=== VALIDATION ERROR AT PATCH /api/v1/boarding-houses/zj{{20630|add:69570}}zj ===
[{'type': 'json_invalid', 'loc': ('body', 8), 'msg': 'JSON decode error', 'input': {}, 'ctx': {'error': 'Expecting value'}}]
==============================================

=== VALIDATION ERROR AT PATCH /api/v1/tenants/zj+9114*5142+zj ===
[{'type': 'json_invalid', 'loc': ('body', 51), 'msg': 'JSON decode error', 'input': {}, 'ctx': {'error': 'Expecting value'}}]
==============================================

=== VALIDATION ERROR AT PATCH /api/v1/maintenance/zj{{print+"3095"+"2822"}}zj ===
[{'type': 'json_invalid', 'loc': ('body', 34), 'msg': 'JSON decode error', 'input': {}, 'ctx': {'error': 'Expecting value'}}]
==============================================

=== VALIDATION ERROR AT PATCH /api/v1/boarding-houses/zj{{print+"3512"+"8740"}}zj ===
[{'type': 'json_invalid', 'loc': ('body', 8), 'msg': 'JSON decode error', 'input': {}, 'ctx': {'error': 'Expecting value'}}]
==============================================

=== VALIDATION ERROR AT PATCH /api/v1/tenants/zj{2657*7762}zj ===
[{'type': 'json_invalid', 'loc': ('body', 51), 'msg': 'JSON decode error', 'input': {}, 'ctx': {'error': 'Expecting value'}}]
==============================================

=== VALIDATION ERROR AT PATCH /api/v1/tenants/zj${7692*5508}zj ===
[{'type': 'json_invalid', 'loc': ('body', 51), 'msg': 'JSON decode error', 'input': {}, 'ctx': {'error': 'Expecting value'}}]
==============================================

=== VALIDATION ERROR AT PATCH /api/v1/tenants/zj ===
[{'type': 'json_invalid', 'loc': ('body', 51), 'msg': 'JSON decode error', 'input': {}, 'ctx': {'error': 'Expecting value'}}]
==============================================

=== VALIDATION ERROR AT PATCH /api/v1/tenants/zj{ ===
[{'type': 'json_invalid', 'loc': ('body', 51), 'msg': 'JSON decode error', 'input': {}, 'ctx': {'error': 'Expecting value'}}]
==============================================

=== VALIDATION ERROR AT PATCH /api/v1/tenants/zj{@7588*1433}zj ===
[{'type': 'json_invalid', 'loc': ('body', 51), 'msg': 'JSON decode error', 'input': {}, 'ctx': {'error': 'Expecting value'}}]
==============================================

=== VALIDATION ERROR AT PATCH /api/v1/tenants/zj{{7939*4883}}zj ===
[{'type': 'json_invalid', 'loc': ('body', 51), 'msg': 'JSON decode error', 'input': {}, 'ctx': {'error': 'Expecting value'}}]
==============================================

=== VALIDATION ERROR AT PATCH /api/v1/tenants/zj{{=7157*6018}}zj ===
[{'type': 'json_invalid', 'loc': ('body', 51), 'msg': 'JSON decode error', 'input': {}, 'ctx': {'error': 'Expecting value'}}]
==============================================

=== VALIDATION ERROR AT POST /api/v1/auth/register ===
[{'type': 'value_error', 'loc': ('body', 'password'), 'msg': 'Value error, Password must be at least 8 characters', 'input': 'ZAP', 'ctx': {'error': ValueError('Password must be at least 8 characters')}}, {'type': 'value_error', 'loc': ('body', 'otp_code'), 'msg': 'Value error, OTP code must be 6 digits', 'input': 'John Doe', 'ctx': {'error': ValueError('OTP code must be 6 digits')}}]
==============================================

=== GLOBAL EXCEPTION HANDLER AT POST /api/v1/auth/register ===
  + Exception Group Traceback (most recent call last):
  |   File "D:\nhatro\backend\venv\Lib\site-packages\starlette\_utils.py", line 87, in collapse_excgroups
  |     yield
  |   File "D:\nhatro\backend\venv\Lib\site-packages\starlette\middleware\base.py", line 190, in __call__
  |     async with anyio.create_task_group() as task_group:
  |                ^^^^^^^^^^^^^^^^^^^^^^^^^
  |   File "D:\nhatro\backend\venv\Lib\site-packages\anyio\_backends\_asyncio.py", line 799, in __aexit__
  |     raise BaseExceptionGroup(
  | ExceptionGroup: unhandled errors in a TaskGroup (1 sub-exception)
  +-+---------------- 1 ----------------
    | Traceback (most recent call last):
    |   File "D:\nhatro\backend\venv\Lib\site-packages\starlette\middleware\errors.py", line 164, in __call__
    |     await self.app(scope, receive, _send)
    |   File "D:\nhatro\backend\venv\Lib\site-packages\starlette\middleware\base.py", line 189, in __call__
    |     with collapse_excgroups():
    |          ^^^^^^^^^^^^^^^^^^^^
    |   File "C:\Users\ngocson\.cache\codex-runtimes\codex-primary-runtime\dependencies\python\Lib\contextlib.py", line 158, in __exit__
    |     self.gen.throw(value)
    |   File "D:\nhatro\backend\venv\Lib\site-packages\starlette\_utils.py", line 93, in collapse_excgroups
    |     raise exc
    |   File "D:\nhatro\backend\venv\Lib\site-packages\starlette\middleware\base.py", line 191, in __call__
    |     response = await self.dispatch_func(request, call_next)
    |                ^^^^^^^^^^^^^^^^^^^^^^^^^^^^^^^^^^^^^^^^^^^^
    |   File "D:\nhatro\backend\app\main.py", line 127, in rate_limit_middleware
    |     return await call_next(request)
    |            ^^^^^^^^^^^^^^^^^^^^^^^^
    |   File "D:\nhatro\backend\venv\Lib\site-packages\starlette\middleware\base.py", line 165, in call_next
    |     raise app_exc
    |   File "D:\nhatro\backend\venv\Lib\site-packages\starlette\middleware\base.py", line 151, in coro
    |     await self.app(scope, receive_or_disconnect, send_no_error)
    |   File "D:\nhatro\backend\venv\Lib\site-packages\starlette\middleware\base.py", line 189, in __call__
    |     with collapse_excgroups():
    |          ^^^^^^^^^^^^^^^^^^^^
    |   File "C:\Users\ngocson\.cache\codex-runtimes\codex-primary-runtime\dependencies\python\Lib\contextlib.py", line 158, in __exit__
    |     self.gen.throw(value)
    |   File "D:\nhatro\backend\venv\Lib\site-packages\starlette\_utils.py", line 93, in collapse_excgroups
    |     raise exc
    |   File "D:\nhatro\backend\venv\Lib\site-packages\starlette\middleware\base.py", line 191, in __call__
    |     response = await self.dispatch_func(request, call_next)
    |                ^^^^^^^^^^^^^^^^^^^^^^^^^^^^^^^^^^^^^^^^^^^^
    |   File "D:\nhatro\backend\app\main.py", line 93, in add_process_time
    |     response = await call_next(request)
    |                ^^^^^^^^^^^^^^^^^^^^^^^^
    |   File "D:\nhatro\backend\venv\Lib\site-packages\starlette\middleware\base.py", line 165, in call_next
    |     raise app_exc
    |   File "D:\nhatro\backend\venv\Lib\site-packages\starlette\middleware\base.py", line 151, in coro
    |     await self.app(scope, receive_or_disconnect, send_no_error)
    |   File "D:\nhatro\backend\venv\Lib\site-packages\starlette\middleware\base.py", line 189, in __call__
    |     with collapse_excgroups():
    |          ^^^^^^^^^^^^^^^^^^^^
    |   File "C:\Users\ngocson\.cache\codex-runtimes\codex-primary-runtime\dependencies\python\Lib\contextlib.py", line 158, in __exit__
    |     self.gen.throw(value)
    |   File "D:\nhatro\backend\venv\Lib\site-packages\starlette\_utils.py", line 93, in collapse_excgroups
    |     raise exc
    |   File "D:\nhatro\backend\venv\Lib\site-packages\starlette\middleware\base.py", line 191, in __call__
    |     response = await self.dispatch_func(request, call_next)
    |                ^^^^^^^^^^^^^^^^^^^^^^^^^^^^^^^^^^^^^^^^^^^^
    |   File "D:\nhatro\backend\app\main.py", line 86, in add_security_headers
    |     response = await call_next(request)
    |                ^^^^^^^^^^^^^^^^^^^^^^^^
    |   File "D:\nhatro\backend\venv\Lib\site-packages\starlette\middleware\base.py", line 165, in call_next
    |     raise app_exc
    |   File "D:\nhatro\backend\venv\Lib\site-packages\starlette\middleware\base.py", line 151, in coro
    |     await self.app(scope, receive_or_disconnect, send_no_error)
    |   File "D:\nhatro\backend\venv\Lib\site-packages\starlette\middleware\cors.py", line 85, in __call__
    |     await self.app(scope, receive, send)
    |   File "D:\nhatro\backend\venv\Lib\site-packages\starlette\middleware\exceptions.py", line 65, in __call__
    |     await wrap_app_handling_exceptions(self.app, conn)(scope, receive, send)
    |   File "D:\nhatro\backend\venv\Lib\site-packages\starlette\_exception_handler.py", line 64, in wrapped_app
    |     raise exc
    |   File "D:\nhatro\backend\venv\Lib\site-packages\starlette\_exception_handler.py", line 53, in wrapped_app
    |     await app(scope, receive, sender)
    |   File "D:\nhatro\backend\venv\Lib\site-packages\starlette\routing.py", line 756, in __call__
    |     await self.middleware_stack(scope, receive, send)
    |   File "D:\nhatro\backend\venv\Lib\site-packages\starlette\routing.py", line 776, in app
    |     await route.handle(scope, receive, send)
    |   File "D:\nhatro\backend\venv\Lib\site-packages\starlette\routing.py", line 297, in handle
    |     await self.app(scope, receive, send)
    |   File "D:\nhatro\backend\venv\Lib\site-packages\starlette\routing.py", line 77, in app
    |     await wrap_app_handling_exceptions(app, request)(scope, receive, send)
    |   File "D:\nhatro\backend\venv\Lib\site-packages\starlette\_exception_handler.py", line 75, in wrapped_app
    |     response = await handler(conn, exc)
    |                ^^^^^^^^^^^^^^^^^^^^^^^^
    |   File "D:\nhatro\backend\app\main.py", line 157, in validation_exception_handler
    |     return JSONResponse(
    |            ^^^^^^^^^^^^^
    |   File "D:\nhatro\backend\venv\Lib\site-packages\starlette\responses.py", line 184, in __init__
    |     super().__init__(content, status_code, headers, media_type, background)
    |   File "D:\nhatro\backend\venv\Lib\site-packages\starlette\responses.py", line 41, in __init__
    |     self.body = self.render(content)
    |                 ^^^^^^^^^^^^^^^^^^^^
    |   File "D:\nhatro\backend\venv\Lib\site-packages\starlette\responses.py", line 187, in render
    |     return json.dumps(
    |            ^^^^^^^^^^^
    |   File "C:\Users\ngocson\.cache\codex-runtimes\codex-primary-runtime\dependencies\python\Lib\json\__init__.py", line 238, in dumps
    |     **kw).encode(obj)
    |           ^^^^^^^^^^^
    |   File "C:\Users\ngocson\.cache\codex-runtimes\codex-primary-runtime\dependencies\python\Lib\json\encoder.py", line 200, in encode
    |     chunks = self.iterencode(o, _one_shot=True)
    |              ^^^^^^^^^^^^^^^^^^^^^^^^^^^^^^^^^^
    |   File "C:\Users\ngocson\.cache\codex-runtimes\codex-primary-runtime\dependencies\python\Lib\json\encoder.py", line 258, in iterencode
    |     return _iterencode(o, 0)
    |            ^^^^^^^^^^^^^^^^^
    |   File "C:\Users\ngocson\.cache\codex-runtimes\codex-primary-runtime\dependencies\python\Lib\json\encoder.py", line 180, in default
    |     raise TypeError(f'Object of type {o.__class__.__name__} '
    | TypeError: Object of type ValueError is not JSON serializable
    +------------------------------------

During handling of the above exception, another exception occurred:

Traceback (most recent call last):
  File "D:\nhatro\backend\venv\Lib\site-packages\starlette\middleware\errors.py", line 164, in __call__
    await self.app(scope, receive, _send)
  File "D:\nhatro\backend\venv\Lib\site-packages\starlette\middleware\base.py", line 189, in __call__
    with collapse_excgroups():
         ^^^^^^^^^^^^^^^^^^^^
  File "C:\Users\ngocson\.cache\codex-runtimes\codex-primary-runtime\dependencies\python\Lib\contextlib.py", line 158, in __exit__
    self.gen.throw(value)
  File "D:\nhatro\backend\venv\Lib\site-packages\starlette\_utils.py", line 93, in collapse_excgroups
    raise exc
  File "D:\nhatro\backend\venv\Lib\site-packages\starlette\middleware\base.py", line 191, in __call__
    response = await self.dispatch_func(request, call_next)
               ^^^^^^^^^^^^^^^^^^^^^^^^^^^^^^^^^^^^^^^^^^^^
  File "D:\nhatro\backend\app\main.py", line 127, in rate_limit_middleware
    return await call_next(request)
           ^^^^^^^^^^^^^^^^^^^^^^^^
  File "D:\nhatro\backend\venv\Lib\site-packages\starlette\middleware\base.py", line 165, in call_next
    raise app_exc
  File "D:\nhatro\backend\venv\Lib\site-packages\starlette\middleware\base.py", line 151, in coro
    await self.app(scope, receive_or_disconnect, send_no_error)
  File "D:\nhatro\backend\venv\Lib\site-packages\starlette\middleware\base.py", line 189, in __call__
    with collapse_excgroups():
         ^^^^^^^^^^^^^^^^^^^^
  File "C:\Users\ngocson\.cache\codex-runtimes\codex-primary-runtime\dependencies\python\Lib\contextlib.py", line 158, in __exit__
    self.gen.throw(value)
  File "D:\nhatro\backend\venv\Lib\site-packages\starlette\_utils.py", line 93, in collapse_excgroups
    raise exc
  File "D:\nhatro\backend\venv\Lib\site-packages\starlette\middleware\base.py", line 191, in __call__
    response = await self.dispatch_func(request, call_next)
               ^^^^^^^^^^^^^^^^^^^^^^^^^^^^^^^^^^^^^^^^^^^^
  File "D:\nhatro\backend\app\main.py", line 93, in add_process_time
    response = await call_next(request)
               ^^^^^^^^^^^^^^^^^^^^^^^^
  File "D:\nhatro\backend\venv\Lib\site-packages\starlette\middleware\base.py", line 165, in call_next
    raise app_exc
  File "D:\nhatro\backend\venv\Lib\site-packages\starlette\middleware\base.py", line 151, in coro
    await self.app(scope, receive_or_disconnect, send_no_error)
  File "D:\nhatro\backend\venv\Lib\site-packages\starlette\middleware\base.py", line 189, in __call__
    with collapse_excgroups():
         ^^^^^^^^^^^^^^^^^^^^
  File "C:\Users\ngocson\.cache\codex-runtimes\codex-primary-runtime\dependencies\python\Lib\contextlib.py", line 158, in __exit__
    self.gen.throw(value)
  File "D:\nhatro\backend\venv\Lib\site-packages\starlette\_utils.py", line 93, in collapse_excgroups
    raise exc
  File "D:\nhatro\backend\venv\Lib\site-packages\starlette\middleware\base.py", line 191, in __call__
    response = await self.dispatch_func(request, call_next)
               ^^^^^^^^^^^^^^^^^^^^^^^^^^^^^^^^^^^^^^^^^^^^
  File "D:\nhatro\backend\app\main.py", line 86, in add_security_headers
    response = await call_next(request)
               ^^^^^^^^^^^^^^^^^^^^^^^^
  File "D:\nhatro\backend\venv\Lib\site-packages\starlette\middleware\base.py", line 165, in call_next
    raise app_exc
  File "D:\nhatro\backend\venv\Lib\site-packages\starlette\middleware\base.py", line 151, in coro
    await self.app(scope, receive_or_disconnect, send_no_error)
  File "D:\nhatro\backend\venv\Lib\site-packages\starlette\middleware\cors.py", line 85, in __call__
    await self.app(scope, receive, send)
  File "D:\nhatro\backend\venv\Lib\site-packages\starlette\middleware\exceptions.py", line 65, in __call__
    await wrap_app_handling_exceptions(self.app, conn)(scope, receive, send)
  File "D:\nhatro\backend\venv\Lib\site-packages\starlette\_exception_handler.py", line 64, in wrapped_app
    raise exc
  File "D:\nhatro\backend\venv\Lib\site-packages\starlette\_exception_handler.py", line 53, in wrapped_app
    await app(scope, receive, sender)
  File "D:\nhatro\backend\venv\Lib\site-packages\starlette\routing.py", line 756, in __call__
    await self.middleware_stack(scope, receive, send)
  File "D:\nhatro\backend\venv\Lib\site-packages\starlette\routing.py", line 776, in app
    await route.handle(scope, receive, send)
  File "D:\nhatro\backend\venv\Lib\site-packages\starlette\routing.py", line 297, in handle
    await self.app(scope, receive, send)
  File "D:\nhatro\backend\venv\Lib\site-packages\starlette\routing.py", line 77, in app
    await wrap_app_handling_exceptions(app, request)(scope, receive, send)
  File "D:\nhatro\backend\venv\Lib\site-packages\starlette\_exception_handler.py", line 75, in wrapped_app
    response = await handler(conn, exc)
               ^^^^^^^^^^^^^^^^^^^^^^^^
  File "D:\nhatro\backend\app\main.py", line 157, in validation_exception_handler
    return JSONResponse(
           ^^^^^^^^^^^^^
  File "D:\nhatro\backend\venv\Lib\site-packages\starlette\responses.py", line 184, in __init__
    super().__init__(content, status_code, headers, media_type, background)
  File "D:\nhatro\backend\venv\Lib\site-packages\starlette\responses.py", line 41, in __init__
    self.body = self.render(content)
                ^^^^^^^^^^^^^^^^^^^^
  File "D:\nhatro\backend\venv\Lib\site-packages\starlette\responses.py", line 187, in render
    return json.dumps(
           ^^^^^^^^^^^
  File "C:\Users\ngocson\.cache\codex-runtimes\codex-primary-runtime\dependencies\python\Lib\json\__init__.py", line 238, in dumps
    **kw).encode(obj)
          ^^^^^^^^^^^
  File "C:\Users\ngocson\.cache\codex-runtimes\codex-primary-runtime\dependencies\python\Lib\json\encoder.py", line 200, in encode
    chunks = self.iterencode(o, _one_shot=True)
             ^^^^^^^^^^^^^^^^^^^^^^^^^^^^^^^^^^
  File "C:\Users\ngocson\.cache\codex-runtimes\codex-primary-runtime\dependencies\python\Lib\json\encoder.py", line 258, in iterencode
    return _iterencode(o, 0)
           ^^^^^^^^^^^^^^^^^
  File "C:\Users\ngocson\.cache\codex-runtimes\codex-primary-runtime\dependencies\python\Lib\json\encoder.py", line 180, in default
    raise TypeError(f'Object of type {o.__class__.__name__} '
TypeError: Object of type ValueError is not JSON serializable
==============================================

=== VALIDATION ERROR AT PATCH /api/v1/tenants/zj<%=4730*1652%>zj ===
[{'type': 'json_invalid', 'loc': ('body', 51), 'msg': 'JSON decode error', 'input': {}, 'ctx': {'error': 'Expecting value'}}]
==============================================

=== VALIDATION ERROR AT POST /api/v1/auth/register ===
[{'type': 'value_error', 'loc': ('body', 'password'), 'msg': 'Value error, Password must be at least 8 characters', 'input': 'ZAP', 'ctx': {'error': ValueError('Password must be at least 8 characters')}}, {'type': 'string_type', 'loc': ('body', 'phone'), 'msg': 'Input should be a valid string', 'input': 9999999999}, {'type': 'value_error', 'loc': ('body', 'otp_code'), 'msg': 'Value error, OTP code must be 6 digits', 'input': 'John Doe', 'ctx': {'error': ValueError('OTP code must be 6 digits')}}]
==============================================

=== VALIDATION ERROR AT PATCH /api/v1/tenants/zj ===
[{'type': 'json_invalid', 'loc': ('body', 51), 'msg': 'JSON decode error', 'input': {}, 'ctx': {'error': 'Expecting value'}}]
==============================================

=== GLOBAL EXCEPTION HANDLER AT POST /api/v1/auth/register ===
  + Exception Group Traceback (most recent call last):
  |   File "D:\nhatro\backend\venv\Lib\site-packages\starlette\_utils.py", line 87, in collapse_excgroups
  |     yield
  |   File "D:\nhatro\backend\venv\Lib\site-packages\starlette\middleware\base.py", line 190, in __call__
  |     async with anyio.create_task_group() as task_group:
  |                ^^^^^^^^^^^^^^^^^^^^^^^^^
  |   File "D:\nhatro\backend\venv\Lib\site-packages\anyio\_backends\_asyncio.py", line 799, in __aexit__
  |     raise BaseExceptionGroup(
  | ExceptionGroup: unhandled errors in a TaskGroup (1 sub-exception)
  +-+---------------- 1 ----------------
    | Traceback (most recent call last):
    |   File "D:\nhatro\backend\venv\Lib\site-packages\starlette\middleware\errors.py", line 164, in __call__
    |     await self.app(scope, receive, _send)
    |   File "D:\nhatro\backend\venv\Lib\site-packages\starlette\middleware\base.py", line 189, in __call__
    |     with collapse_excgroups():
    |          ^^^^^^^^^^^^^^^^^^^^
    |   File "C:\Users\ngocson\.cache\codex-runtimes\codex-primary-runtime\dependencies\python\Lib\contextlib.py", line 158, in __exit__
    |     self.gen.throw(value)
    |   File "D:\nhatro\backend\venv\Lib\site-packages\starlette\_utils.py", line 93, in collapse_excgroups
    |     raise exc
    |   File "D:\nhatro\backend\venv\Lib\site-packages\starlette\middleware\base.py", line 191, in __call__
    |     response = await self.dispatch_func(request, call_next)
    |                ^^^^^^^^^^^^^^^^^^^^^^^^^^^^^^^^^^^^^^^^^^^^
    |   File "D:\nhatro\backend\app\main.py", line 127, in rate_limit_middleware
    |     return await call_next(request)
    |            ^^^^^^^^^^^^^^^^^^^^^^^^
    |   File "D:\nhatro\backend\venv\Lib\site-packages\starlette\middleware\base.py", line 165, in call_next
    |     raise app_exc
    |   File "D:\nhatro\backend\venv\Lib\site-packages\starlette\middleware\base.py", line 151, in coro
    |     await self.app(scope, receive_or_disconnect, send_no_error)
    |   File "D:\nhatro\backend\venv\Lib\site-packages\starlette\middleware\base.py", line 189, in __call__
    |     with collapse_excgroups():
    |          ^^^^^^^^^^^^^^^^^^^^
    |   File "C:\Users\ngocson\.cache\codex-runtimes\codex-primary-runtime\dependencies\python\Lib\contextlib.py", line 158, in __exit__
    |     self.gen.throw(value)
    |   File "D:\nhatro\backend\venv\Lib\site-packages\starlette\_utils.py", line 93, in collapse_excgroups
    |     raise exc
    |   File "D:\nhatro\backend\venv\Lib\site-packages\starlette\middleware\base.py", line 191, in __call__
    |     response = await self.dispatch_func(request, call_next)
    |                ^^^^^^^^^^^^^^^^^^^^^^^^^^^^^^^^^^^^^^^^^^^^
    |   File "D:\nhatro\backend\app\main.py", line 93, in add_process_time
    |     response = await call_next(request)
    |                ^^^^^^^^^^^^^^^^^^^^^^^^
    |   File "D:\nhatro\backend\venv\Lib\site-packages\starlette\middleware\base.py", line 165, in call_next
    |     raise app_exc
    |   File "D:\nhatro\backend\venv\Lib\site-packages\starlette\middleware\base.py", line 151, in coro
    |     await self.app(scope, receive_or_disconnect, send_no_error)
    |   File "D:\nhatro\backend\venv\Lib\site-packages\starlette\middleware\base.py", line 189, in __call__
    |     with collapse_excgroups():
    |          ^^^^^^^^^^^^^^^^^^^^
    |   File "C:\Users\ngocson\.cache\codex-runtimes\codex-primary-runtime\dependencies\python\Lib\contextlib.py", line 158, in __exit__
    |     self.gen.throw(value)
    |   File "D:\nhatro\backend\venv\Lib\site-packages\starlette\_utils.py", line 93, in collapse_excgroups
    |     raise exc
    |   File "D:\nhatro\backend\venv\Lib\site-packages\starlette\middleware\base.py", line 191, in __call__
    |     response = await self.dispatch_func(request, call_next)
    |                ^^^^^^^^^^^^^^^^^^^^^^^^^^^^^^^^^^^^^^^^^^^^
    |   File "D:\nhatro\backend\app\main.py", line 86, in add_security_headers
    |     response = await call_next(request)
    |                ^^^^^^^^^^^^^^^^^^^^^^^^
    |   File "D:\nhatro\backend\venv\Lib\site-packages\starlette\middleware\base.py", line 165, in call_next
    |     raise app_exc
    |   File "D:\nhatro\backend\venv\Lib\site-packages\starlette\middleware\base.py", line 151, in coro
    |     await self.app(scope, receive_or_disconnect, send_no_error)
    |   File "D:\nhatro\backend\venv\Lib\site-packages\starlette\middleware\cors.py", line 85, in __call__
    |     await self.app(scope, receive, send)
    |   File "D:\nhatro\backend\venv\Lib\site-packages\starlette\middleware\exceptions.py", line 65, in __call__
    |     await wrap_app_handling_exceptions(self.app, conn)(scope, receive, send)
    |   File "D:\nhatro\backend\venv\Lib\site-packages\starlette\_exception_handler.py", line 64, in wrapped_app
    |     raise exc
    |   File "D:\nhatro\backend\venv\Lib\site-packages\starlette\_exception_handler.py", line 53, in wrapped_app
    |     await app(scope, receive, sender)
    |   File "D:\nhatro\backend\venv\Lib\site-packages\starlette\routing.py", line 756, in __call__
    |     await self.middleware_stack(scope, receive, send)
    |   File "D:\nhatro\backend\venv\Lib\site-packages\starlette\routing.py", line 776, in app
    |     await route.handle(scope, receive, send)
    |   File "D:\nhatro\backend\venv\Lib\site-packages\starlette\routing.py", line 297, in handle
    |     await self.app(scope, receive, send)
    |   File "D:\nhatro\backend\venv\Lib\site-packages\starlette\routing.py", line 77, in app
    |     await wrap_app_handling_exceptions(app, request)(scope, receive, send)
    |   File "D:\nhatro\backend\venv\Lib\site-packages\starlette\_exception_handler.py", line 75, in wrapped_app
    |     response = await handler(conn, exc)
    |                ^^^^^^^^^^^^^^^^^^^^^^^^
    |   File "D:\nhatro\backend\app\main.py", line 157, in validation_exception_handler
    |     return JSONResponse(
    |            ^^^^^^^^^^^^^
    |   File "D:\nhatro\backend\venv\Lib\site-packages\starlette\responses.py", line 184, in __init__
    |     super().__init__(content, status_code, headers, media_type, background)
    |   File "D:\nhatro\backend\venv\Lib\site-packages\starlette\responses.py", line 41, in __init__
    |     self.body = self.render(content)
    |                 ^^^^^^^^^^^^^^^^^^^^
    |   File "D:\nhatro\backend\venv\Lib\site-packages\starlette\responses.py", line 187, in render
    |     return json.dumps(
    |            ^^^^^^^^^^^
    |   File "C:\Users\ngocson\.cache\codex-runtimes\codex-primary-runtime\dependencies\python\Lib\json\__init__.py", line 238, in dumps
    |     **kw).encode(obj)
    |           ^^^^^^^^^^^
    |   File "C:\Users\ngocson\.cache\codex-runtimes\codex-primary-runtime\dependencies\python\Lib\json\encoder.py", line 200, in encode
    |     chunks = self.iterencode(o, _one_shot=True)
    |              ^^^^^^^^^^^^^^^^^^^^^^^^^^^^^^^^^^
    |   File "C:\Users\ngocson\.cache\codex-runtimes\codex-primary-runtime\dependencies\python\Lib\json\encoder.py", line 258, in iterencode
    |     return _iterencode(o, 0)
    |            ^^^^^^^^^^^^^^^^^
    |   File "C:\Users\ngocson\.cache\codex-runtimes\codex-primary-runtime\dependencies\python\Lib\json\encoder.py", line 180, in default
    |     raise TypeError(f'Object of type {o.__class__.__name__} '
    | TypeError: Object of type ValueError is not JSON serializable
    +------------------------------------

During handling of the above exception, another exception occurred:

Traceback (most recent call last):
  File "D:\nhatro\backend\venv\Lib\site-packages\starlette\middleware\errors.py", line 164, in __call__
    await self.app(scope, receive, _send)
  File "D:\nhatro\backend\venv\Lib\site-packages\starlette\middleware\base.py", line 189, in __call__
    with collapse_excgroups():
         ^^^^^^^^^^^^^^^^^^^^
  File "C:\Users\ngocson\.cache\codex-runtimes\codex-primary-runtime\dependencies\python\Lib\contextlib.py", line 158, in __exit__
    self.gen.throw(value)
  File "D:\nhatro\backend\venv\Lib\site-packages\starlette\_utils.py", line 93, in collapse_excgroups
    raise exc
  File "D:\nhatro\backend\venv\Lib\site-packages\starlette\middleware\base.py", line 191, in __call__
    response = await self.dispatch_func(request, call_next)
               ^^^^^^^^^^^^^^^^^^^^^^^^^^^^^^^^^^^^^^^^^^^^
  File "D:\nhatro\backend\app\main.py", line 127, in rate_limit_middleware
    return await call_next(request)
           ^^^^^^^^^^^^^^^^^^^^^^^^
  File "D:\nhatro\backend\venv\Lib\site-packages\starlette\middleware\base.py", line 165, in call_next
    raise app_exc
  File "D:\nhatro\backend\venv\Lib\site-packages\starlette\middleware\base.py", line 151, in coro
    await self.app(scope, receive_or_disconnect, send_no_error)
  File "D:\nhatro\backend\venv\Lib\site-packages\starlette\middleware\base.py", line 189, in __call__
    with collapse_excgroups():
         ^^^^^^^^^^^^^^^^^^^^
  File "C:\Users\ngocson\.cache\codex-runtimes\codex-primary-runtime\dependencies\python\Lib\contextlib.py", line 158, in __exit__
    self.gen.throw(value)
  File "D:\nhatro\backend\venv\Lib\site-packages\starlette\_utils.py", line 93, in collapse_excgroups
    raise exc
  File "D:\nhatro\backend\venv\Lib\site-packages\starlette\middleware\base.py", line 191, in __call__
    response = await self.dispatch_func(request, call_next)
               ^^^^^^^^^^^^^^^^^^^^^^^^^^^^^^^^^^^^^^^^^^^^
  File "D:\nhatro\backend\app\main.py", line 93, in add_process_time
    response = await call_next(request)
               ^^^^^^^^^^^^^^^^^^^^^^^^
  File "D:\nhatro\backend\venv\Lib\site-packages\starlette\middleware\base.py", line 165, in call_next
    raise app_exc
  File "D:\nhatro\backend\venv\Lib\site-packages\starlette\middleware\base.py", line 151, in coro
    await self.app(scope, receive_or_disconnect, send_no_error)
  File "D:\nhatro\backend\venv\Lib\site-packages\starlette\middleware\base.py", line 189, in __call__
    with collapse_excgroups():
         ^^^^^^^^^^^^^^^^^^^^
  File "C:\Users\ngocson\.cache\codex-runtimes\codex-primary-runtime\dependencies\python\Lib\contextlib.py", line 158, in __exit__
    self.gen.throw(value)
  File "D:\nhatro\backend\venv\Lib\site-packages\starlette\_utils.py", line 93, in collapse_excgroups
    raise exc
  File "D:\nhatro\backend\venv\Lib\site-packages\starlette\middleware\base.py", line 191, in __call__
    response = await self.dispatch_func(request, call_next)
               ^^^^^^^^^^^^^^^^^^^^^^^^^^^^^^^^^^^^^^^^^^^^
  File "D:\nhatro\backend\app\main.py", line 86, in add_security_headers
    response = await call_next(request)
               ^^^^^^^^^^^^^^^^^^^^^^^^
  File "D:\nhatro\backend\venv\Lib\site-packages\starlette\middleware\base.py", line 165, in call_next
    raise app_exc
  File "D:\nhatro\backend\venv\Lib\site-packages\starlette\middleware\base.py", line 151, in coro
    await self.app(scope, receive_or_disconnect, send_no_error)
  File "D:\nhatro\backend\venv\Lib\site-packages\starlette\middleware\cors.py", line 85, in __call__
    await self.app(scope, receive, send)
  File "D:\nhatro\backend\venv\Lib\site-packages\starlette\middleware\exceptions.py", line 65, in __call__
    await wrap_app_handling_exceptions(self.app, conn)(scope, receive, send)
  File "D:\nhatro\backend\venv\Lib\site-packages\starlette\_exception_handler.py", line 64, in wrapped_app
    raise exc
  File "D:\nhatro\backend\venv\Lib\site-packages\starlette\_exception_handler.py", line 53, in wrapped_app
    await app(scope, receive, sender)
  File "D:\nhatro\backend\venv\Lib\site-packages\starlette\routing.py", line 756, in __call__
    await self.middleware_stack(scope, receive, send)
  File "D:\nhatro\backend\venv\Lib\site-packages\starlette\routing.py", line 776, in app
    await route.handle(scope, receive, send)
  File "D:\nhatro\backend\venv\Lib\site-packages\starlette\routing.py", line 297, in handle
    await self.app(scope, receive, send)
  File "D:\nhatro\backend\venv\Lib\site-packages\starlette\routing.py", line 77, in app
    await wrap_app_handling_exceptions(app, request)(scope, receive, send)
  File "D:\nhatro\backend\venv\Lib\site-packages\starlette\_exception_handler.py", line 75, in wrapped_app
    response = await handler(conn, exc)
               ^^^^^^^^^^^^^^^^^^^^^^^^
  File "D:\nhatro\backend\app\main.py", line 157, in validation_exception_handler
    return JSONResponse(
           ^^^^^^^^^^^^^
  File "D:\nhatro\backend\venv\Lib\site-packages\starlette\responses.py", line 184, in __init__
    super().__init__(content, status_code, headers, media_type, background)
  File "D:\nhatro\backend\venv\Lib\site-packages\starlette\responses.py", line 41, in __init__
    self.body = self.render(content)
                ^^^^^^^^^^^^^^^^^^^^
  File "D:\nhatro\backend\venv\Lib\site-packages\starlette\responses.py", line 187, in render
    return json.dumps(
           ^^^^^^^^^^^
  File "C:\Users\ngocson\.cache\codex-runtimes\codex-primary-runtime\dependencies\python\Lib\json\__init__.py", line 238, in dumps
    **kw).encode(obj)
          ^^^^^^^^^^^
  File "C:\Users\ngocson\.cache\codex-runtimes\codex-primary-runtime\dependencies\python\Lib\json\encoder.py", line 200, in encode
    chunks = self.iterencode(o, _one_shot=True)
             ^^^^^^^^^^^^^^^^^^^^^^^^^^^^^^^^^^
  File "C:\Users\ngocson\.cache\codex-runtimes\codex-primary-runtime\dependencies\python\Lib\json\encoder.py", line 258, in iterencode
    return _iterencode(o, 0)
           ^^^^^^^^^^^^^^^^^
  File "C:\Users\ngocson\.cache\codex-runtimes\codex-primary-runtime\dependencies\python\Lib\json\encoder.py", line 180, in default
    raise TypeError(f'Object of type {o.__class__.__name__} '
TypeError: Object of type ValueError is not JSON serializable
==============================================

=== VALIDATION ERROR AT POST /api/v1/auth/register ===
[{'type': 'value_error', 'loc': ('body', 'password'), 'msg': 'Value error, Password must be at least 8 characters', 'input': 'ZAP', 'ctx': {'error': ValueError('Password must be at least 8 characters')}}, {'type': 'string_type', 'loc': ('body', 'phone'), 'msg': 'Input should be a valid string', 'input': 9999999999}, {'type': 'value_error', 'loc': ('body', 'otp_code'), 'msg': 'Value error, OTP code must be 6 digits', 'input': 'John Doe', 'ctx': {'error': ValueError('OTP code must be 6 digits')}}]
==============================================

=== GLOBAL EXCEPTION HANDLER AT POST /api/v1/auth/register ===
  + Exception Group Traceback (most recent call last):
  |   File "D:\nhatro\backend\venv\Lib\site-packages\starlette\_utils.py", line 87, in collapse_excgroups
  |     yield
  |   File "D:\nhatro\backend\venv\Lib\site-packages\starlette\middleware\base.py", line 190, in __call__
  |     async with anyio.create_task_group() as task_group:
  |                ^^^^^^^^^^^^^^^^^^^^^^^^^
  |   File "D:\nhatro\backend\venv\Lib\site-packages\anyio\_backends\_asyncio.py", line 799, in __aexit__
  |     raise BaseExceptionGroup(
  | ExceptionGroup: unhandled errors in a TaskGroup (1 sub-exception)
  +-+---------------- 1 ----------------
    | Traceback (most recent call last):
    |   File "D:\nhatro\backend\venv\Lib\site-packages\starlette\middleware\errors.py", line 164, in __call__
    |     await self.app(scope, receive, _send)
    |   File "D:\nhatro\backend\venv\Lib\site-packages\starlette\middleware\base.py", line 189, in __call__
    |     with collapse_excgroups():
    |          ^^^^^^^^^^^^^^^^^^^^
    |   File "C:\Users\ngocson\.cache\codex-runtimes\codex-primary-runtime\dependencies\python\Lib\contextlib.py", line 158, in __exit__
    |     self.gen.throw(value)
    |   File "D:\nhatro\backend\venv\Lib\site-packages\starlette\_utils.py", line 93, in collapse_excgroups
    |     raise exc
    |   File "D:\nhatro\backend\venv\Lib\site-packages\starlette\middleware\base.py", line 191, in __call__
    |     response = await self.dispatch_func(request, call_next)
    |                ^^^^^^^^^^^^^^^^^^^^^^^^^^^^^^^^^^^^^^^^^^^^
    |   File "D:\nhatro\backend\app\main.py", line 127, in rate_limit_middleware
    |     return await call_next(request)
    |            ^^^^^^^^^^^^^^^^^^^^^^^^
    |   File "D:\nhatro\backend\venv\Lib\site-packages\starlette\middleware\base.py", line 165, in call_next
    |     raise app_exc
    |   File "D:\nhatro\backend\venv\Lib\site-packages\starlette\middleware\base.py", line 151, in coro
    |     await self.app(scope, receive_or_disconnect, send_no_error)
    |   File "D:\nhatro\backend\venv\Lib\site-packages\starlette\middleware\base.py", line 189, in __call__
    |     with collapse_excgroups():
    |          ^^^^^^^^^^^^^^^^^^^^
    |   File "C:\Users\ngocson\.cache\codex-runtimes\codex-primary-runtime\dependencies\python\Lib\contextlib.py", line 158, in __exit__
    |     self.gen.throw(value)
    |   File "D:\nhatro\backend\venv\Lib\site-packages\starlette\_utils.py", line 93, in collapse_excgroups
    |     raise exc
    |   File "D:\nhatro\backend\venv\Lib\site-packages\starlette\middleware\base.py", line 191, in __call__
    |     response = await self.dispatch_func(request, call_next)
    |                ^^^^^^^^^^^^^^^^^^^^^^^^^^^^^^^^^^^^^^^^^^^^
    |   File "D:\nhatro\backend\app\main.py", line 93, in add_process_time
    |     response = await call_next(request)
    |                ^^^^^^^^^^^^^^^^^^^^^^^^
    |   File "D:\nhatro\backend\venv\Lib\site-packages\starlette\middleware\base.py", line 165, in call_next
    |     raise app_exc
    |   File "D:\nhatro\backend\venv\Lib\site-packages\starlette\middleware\base.py", line 151, in coro
    |     await self.app(scope, receive_or_disconnect, send_no_error)
    |   File "D:\nhatro\backend\venv\Lib\site-packages\starlette\middleware\base.py", line 189, in __call__
    |     with collapse_excgroups():
    |          ^^^^^^^^^^^^^^^^^^^^
    |   File "C:\Users\ngocson\.cache\codex-runtimes\codex-primary-runtime\dependencies\python\Lib\contextlib.py", line 158, in __exit__
    |     self.gen.throw(value)
    |   File "D:\nhatro\backend\venv\Lib\site-packages\starlette\_utils.py", line 93, in collapse_excgroups
    |     raise exc
    |   File "D:\nhatro\backend\venv\Lib\site-packages\starlette\middleware\base.py", line 191, in __call__
    |     response = await self.dispatch_func(request, call_next)
    |                ^^^^^^^^^^^^^^^^^^^^^^^^^^^^^^^^^^^^^^^^^^^^
    |   File "D:\nhatro\backend\app\main.py", line 86, in add_security_headers
    |     response = await call_next(request)
    |                ^^^^^^^^^^^^^^^^^^^^^^^^
    |   File "D:\nhatro\backend\venv\Lib\site-packages\starlette\middleware\base.py", line 165, in call_next
    |     raise app_exc
    |   File "D:\nhatro\backend\venv\Lib\site-packages\starlette\middleware\base.py", line 151, in coro
    |     await self.app(scope, receive_or_disconnect, send_no_error)
    |   File "D:\nhatro\backend\venv\Lib\site-packages\starlette\middleware\cors.py", line 85, in __call__
    |     await self.app(scope, receive, send)
    |   File "D:\nhatro\backend\venv\Lib\site-packages\starlette\middleware\exceptions.py", line 65, in __call__
    |     await wrap_app_handling_exceptions(self.app, conn)(scope, receive, send)
    |   File "D:\nhatro\backend\venv\Lib\site-packages\starlette\_exception_handler.py", line 64, in wrapped_app
    |     raise exc
    |   File "D:\nhatro\backend\venv\Lib\site-packages\starlette\_exception_handler.py", line 53, in wrapped_app
    |     await app(scope, receive, sender)
    |   File "D:\nhatro\backend\venv\Lib\site-packages\starlette\routing.py", line 756, in __call__
    |     await self.middleware_stack(scope, receive, send)
    |   File "D:\nhatro\backend\venv\Lib\site-packages\starlette\routing.py", line 776, in app
    |     await route.handle(scope, receive, send)
    |   File "D:\nhatro\backend\venv\Lib\site-packages\starlette\routing.py", line 297, in handle
    |     await self.app(scope, receive, send)
    |   File "D:\nhatro\backend\venv\Lib\site-packages\starlette\routing.py", line 77, in app
    |     await wrap_app_handling_exceptions(app, request)(scope, receive, send)
    |   File "D:\nhatro\backend\venv\Lib\site-packages\starlette\_exception_handler.py", line 75, in wrapped_app
    |     response = await handler(conn, exc)
    |                ^^^^^^^^^^^^^^^^^^^^^^^^
    |   File "D:\nhatro\backend\app\main.py", line 157, in validation_exception_handler
    |     return JSONResponse(
    |            ^^^^^^^^^^^^^
    |   File "D:\nhatro\backend\venv\Lib\site-packages\starlette\responses.py", line 184, in __init__
    |     super().__init__(content, status_code, headers, media_type, background)
    |   File "D:\nhatro\backend\venv\Lib\site-packages\starlette\responses.py", line 41, in __init__
    |     self.body = self.render(content)
    |                 ^^^^^^^^^^^^^^^^^^^^
    |   File "D:\nhatro\backend\venv\Lib\site-packages\starlette\responses.py", line 187, in render
    |     return json.dumps(
    |            ^^^^^^^^^^^
    |   File "C:\Users\ngocson\.cache\codex-runtimes\codex-primary-runtime\dependencies\python\Lib\json\__init__.py", line 238, in dumps
    |     **kw).encode(obj)
    |           ^^^^^^^^^^^
    |   File "C:\Users\ngocson\.cache\codex-runtimes\codex-primary-runtime\dependencies\python\Lib\json\encoder.py", line 200, in encode
    |     chunks = self.iterencode(o, _one_shot=True)
    |              ^^^^^^^^^^^^^^^^^^^^^^^^^^^^^^^^^^
    |   File "C:\Users\ngocson\.cache\codex-runtimes\codex-primary-runtime\dependencies\python\Lib\json\encoder.py", line 258, in iterencode
    |     return _iterencode(o, 0)
    |            ^^^^^^^^^^^^^^^^^
    |   File "C:\Users\ngocson\.cache\codex-runtimes\codex-primary-runtime\dependencies\python\Lib\json\encoder.py", line 180, in default
    |     raise TypeError(f'Object of type {o.__class__.__name__} '
    | TypeError: Object of type ValueError is not JSON serializable
    +------------------------------------

During handling of the above exception, another exception occurred:

Traceback (most recent call last):
  File "D:\nhatro\backend\venv\Lib\site-packages\starlette\middleware\errors.py", line 164, in __call__
    await self.app(scope, receive, _send)
  File "D:\nhatro\backend\venv\Lib\site-packages\starlette\middleware\base.py", line 189, in __call__
    with collapse_excgroups():
         ^^^^^^^^^^^^^^^^^^^^
  File "C:\Users\ngocson\.cache\codex-runtimes\codex-primary-runtime\dependencies\python\Lib\contextlib.py", line 158, in __exit__
    self.gen.throw(value)
  File "D:\nhatro\backend\venv\Lib\site-packages\starlette\_utils.py", line 93, in collapse_excgroups
    raise exc
  File "D:\nhatro\backend\venv\Lib\site-packages\starlette\middleware\base.py", line 191, in __call__
    response = await self.dispatch_func(request, call_next)
               ^^^^^^^^^^^^^^^^^^^^^^^^^^^^^^^^^^^^^^^^^^^^
  File "D:\nhatro\backend\app\main.py", line 127, in rate_limit_middleware
    return await call_next(request)
           ^^^^^^^^^^^^^^^^^^^^^^^^
  File "D:\nhatro\backend\venv\Lib\site-packages\starlette\middleware\base.py", line 165, in call_next
    raise app_exc
  File "D:\nhatro\backend\venv\Lib\site-packages\starlette\middleware\base.py", line 151, in coro
    await self.app(scope, receive_or_disconnect, send_no_error)
  File "D:\nhatro\backend\venv\Lib\site-packages\starlette\middleware\base.py", line 189, in __call__
    with collapse_excgroups():
         ^^^^^^^^^^^^^^^^^^^^
  File "C:\Users\ngocson\.cache\codex-runtimes\codex-primary-runtime\dependencies\python\Lib\contextlib.py", line 158, in __exit__
    self.gen.throw(value)
  File "D:\nhatro\backend\venv\Lib\site-packages\starlette\_utils.py", line 93, in collapse_excgroups
    raise exc
  File "D:\nhatro\backend\venv\Lib\site-packages\starlette\middleware\base.py", line 191, in __call__
    response = await self.dispatch_func(request, call_next)
               ^^^^^^^^^^^^^^^^^^^^^^^^^^^^^^^^^^^^^^^^^^^^
  File "D:\nhatro\backend\app\main.py", line 93, in add_process_time
    response = await call_next(request)
               ^^^^^^^^^^^^^^^^^^^^^^^^
  File "D:\nhatro\backend\venv\Lib\site-packages\starlette\middleware\base.py", line 165, in call_next
    raise app_exc
  File "D:\nhatro\backend\venv\Lib\site-packages\starlette\middleware\base.py", line 151, in coro
    await self.app(scope, receive_or_disconnect, send_no_error)
  File "D:\nhatro\backend\venv\Lib\site-packages\starlette\middleware\base.py", line 189, in __call__
    with collapse_excgroups():
         ^^^^^^^^^^^^^^^^^^^^
  File "C:\Users\ngocson\.cache\codex-runtimes\codex-primary-runtime\dependencies\python\Lib\contextlib.py", line 158, in __exit__
    self.gen.throw(value)
  File "D:\nhatro\backend\venv\Lib\site-packages\starlette\_utils.py", line 93, in collapse_excgroups
    raise exc
  File "D:\nhatro\backend\venv\Lib\site-packages\starlette\middleware\base.py", line 191, in __call__
    response = await self.dispatch_func(request, call_next)
               ^^^^^^^^^^^^^^^^^^^^^^^^^^^^^^^^^^^^^^^^^^^^
  File "D:\nhatro\backend\app\main.py", line 86, in add_security_headers
    response = await call_next(request)
               ^^^^^^^^^^^^^^^^^^^^^^^^
  File "D:\nhatro\backend\venv\Lib\site-packages\starlette\middleware\base.py", line 165, in call_next
    raise app_exc
  File "D:\nhatro\backend\venv\Lib\site-packages\starlette\middleware\base.py", line 151, in coro
    await self.app(scope, receive_or_disconnect, send_no_error)
  File "D:\nhatro\backend\venv\Lib\site-packages\starlette\middleware\cors.py", line 85, in __call__
    await self.app(scope, receive, send)
  File "D:\nhatro\backend\venv\Lib\site-packages\starlette\middleware\exceptions.py", line 65, in __call__
    await wrap_app_handling_exceptions(self.app, conn)(scope, receive, send)
  File "D:\nhatro\backend\venv\Lib\site-packages\starlette\_exception_handler.py", line 64, in wrapped_app
    raise exc
  File "D:\nhatro\backend\venv\Lib\site-packages\starlette\_exception_handler.py", line 53, in wrapped_app
    await app(scope, receive, sender)
  File "D:\nhatro\backend\venv\Lib\site-packages\starlette\routing.py", line 756, in __call__
    await self.middleware_stack(scope, receive, send)
  File "D:\nhatro\backend\venv\Lib\site-packages\starlette\routing.py", line 776, in app
    await route.handle(scope, receive, send)
  File "D:\nhatro\backend\venv\Lib\site-packages\starlette\routing.py", line 297, in handle
    await self.app(scope, receive, send)
  File "D:\nhatro\backend\venv\Lib\site-packages\starlette\routing.py", line 77, in app
    await wrap_app_handling_exceptions(app, request)(scope, receive, send)
  File "D:\nhatro\backend\venv\Lib\site-packages\starlette\_exception_handler.py", line 75, in wrapped_app
    response = await handler(conn, exc)
               ^^^^^^^^^^^^^^^^^^^^^^^^
  File "D:\nhatro\backend\app\main.py", line 157, in validation_exception_handler
    return JSONResponse(
           ^^^^^^^^^^^^^
  File "D:\nhatro\backend\venv\Lib\site-packages\starlette\responses.py", line 184, in __init__
    super().__init__(content, status_code, headers, media_type, background)
  File "D:\nhatro\backend\venv\Lib\site-packages\starlette\responses.py", line 41, in __init__
    self.body = self.render(content)
                ^^^^^^^^^^^^^^^^^^^^
  File "D:\nhatro\backend\venv\Lib\site-packages\starlette\responses.py", line 187, in render
    return json.dumps(
           ^^^^^^^^^^^
  File "C:\Users\ngocson\.cache\codex-runtimes\codex-primary-runtime\dependencies\python\Lib\json\__init__.py", line 238, in dumps
    **kw).encode(obj)
          ^^^^^^^^^^^
  File "C:\Users\ngocson\.cache\codex-runtimes\codex-primary-runtime\dependencies\python\Lib\json\encoder.py", line 200, in encode
    chunks = self.iterencode(o, _one_shot=True)
             ^^^^^^^^^^^^^^^^^^^^^^^^^^^^^^^^^^
  File "C:\Users\ngocson\.cache\codex-runtimes\codex-primary-runtime\dependencies\python\Lib\json\encoder.py", line 258, in iterencode
    return _iterencode(o, 0)
           ^^^^^^^^^^^^^^^^^
  File "C:\Users\ngocson\.cache\codex-runtimes\codex-primary-runtime\dependencies\python\Lib\json\encoder.py", line 180, in default
    raise TypeError(f'Object of type {o.__class__.__name__} '
TypeError: Object of type ValueError is not JSON serializable
==============================================

=== VALIDATION ERROR AT POST /api/v1/auth/register ===
[{'type': 'value_error', 'loc': ('body', 'password'), 'msg': 'Value error, Password must be at least 8 characters', 'input': 'ZAP', 'ctx': {'error': ValueError('Password must be at least 8 characters')}}, {'type': 'string_type', 'loc': ('body', 'phone'), 'msg': 'Input should be a valid string', 'input': 9999999999}, {'type': 'value_error', 'loc': ('body', 'otp_code'), 'msg': 'Value error, OTP code must be 6 digits', 'input': 'John Doe', 'ctx': {'error': ValueError('OTP code must be 6 digits')}}]
==============================================

=== GLOBAL EXCEPTION HANDLER AT POST /api/v1/auth/register ===
  + Exception Group Traceback (most recent call last):
  |   File "D:\nhatro\backend\venv\Lib\site-packages\starlette\_utils.py", line 87, in collapse_excgroups
  |     yield
  |   File "D:\nhatro\backend\venv\Lib\site-packages\starlette\middleware\base.py", line 190, in __call__
  |     async with anyio.create_task_group() as task_group:
  |                ^^^^^^^^^^^^^^^^^^^^^^^^^
  |   File "D:\nhatro\backend\venv\Lib\site-packages\anyio\_backends\_asyncio.py", line 799, in __aexit__
  |     raise BaseExceptionGroup(
  | ExceptionGroup: unhandled errors in a TaskGroup (1 sub-exception)
  +-+---------------- 1 ----------------
    | Traceback (most recent call last):
    |   File "D:\nhatro\backend\venv\Lib\site-packages\starlette\middleware\errors.py", line 164, in __call__
    |     await self.app(scope, receive, _send)
    |   File "D:\nhatro\backend\venv\Lib\site-packages\starlette\middleware\base.py", line 189, in __call__
    |     with collapse_excgroups():
    |          ^^^^^^^^^^^^^^^^^^^^
    |   File "C:\Users\ngocson\.cache\codex-runtimes\codex-primary-runtime\dependencies\python\Lib\contextlib.py", line 158, in __exit__
    |     self.gen.throw(value)
    |   File "D:\nhatro\backend\venv\Lib\site-packages\starlette\_utils.py", line 93, in collapse_excgroups
    |     raise exc
    |   File "D:\nhatro\backend\venv\Lib\site-packages\starlette\middleware\base.py", line 191, in __call__
    |     response = await self.dispatch_func(request, call_next)
    |                ^^^^^^^^^^^^^^^^^^^^^^^^^^^^^^^^^^^^^^^^^^^^
    |   File "D:\nhatro\backend\app\main.py", line 127, in rate_limit_middleware
    |     return await call_next(request)
    |            ^^^^^^^^^^^^^^^^^^^^^^^^
    |   File "D:\nhatro\backend\venv\Lib\site-packages\starlette\middleware\base.py", line 165, in call_next
    |     raise app_exc
    |   File "D:\nhatro\backend\venv\Lib\site-packages\starlette\middleware\base.py", line 151, in coro
    |     await self.app(scope, receive_or_disconnect, send_no_error)
    |   File "D:\nhatro\backend\venv\Lib\site-packages\starlette\middleware\base.py", line 189, in __call__
    |     with collapse_excgroups():
    |          ^^^^^^^^^^^^^^^^^^^^
    |   File "C:\Users\ngocson\.cache\codex-runtimes\codex-primary-runtime\dependencies\python\Lib\contextlib.py", line 158, in __exit__
    |     self.gen.throw(value)
    |   File "D:\nhatro\backend\venv\Lib\site-packages\starlette\_utils.py", line 93, in collapse_excgroups
    |     raise exc
    |   File "D:\nhatro\backend\venv\Lib\site-packages\starlette\middleware\base.py", line 191, in __call__
    |     response = await self.dispatch_func(request, call_next)
    |                ^^^^^^^^^^^^^^^^^^^^^^^^^^^^^^^^^^^^^^^^^^^^
    |   File "D:\nhatro\backend\app\main.py", line 93, in add_process_time
    |     response = await call_next(request)
    |                ^^^^^^^^^^^^^^^^^^^^^^^^
    |   File "D:\nhatro\backend\venv\Lib\site-packages\starlette\middleware\base.py", line 165, in call_next
    |     raise app_exc
    |   File "D:\nhatro\backend\venv\Lib\site-packages\starlette\middleware\base.py", line 151, in coro
    |     await self.app(scope, receive_or_disconnect, send_no_error)
    |   File "D:\nhatro\backend\venv\Lib\site-packages\starlette\middleware\base.py", line 189, in __call__
    |     with collapse_excgroups():
    |          ^^^^^^^^^^^^^^^^^^^^
    |   File "C:\Users\ngocson\.cache\codex-runtimes\codex-primary-runtime\dependencies\python\Lib\contextlib.py", line 158, in __exit__
    |     self.gen.throw(value)
    |   File "D:\nhatro\backend\venv\Lib\site-packages\starlette\_utils.py", line 93, in collapse_excgroups
    |     raise exc
    |   File "D:\nhatro\backend\venv\Lib\site-packages\starlette\middleware\base.py", line 191, in __call__
    |     response = await self.dispatch_func(request, call_next)
    |                ^^^^^^^^^^^^^^^^^^^^^^^^^^^^^^^^^^^^^^^^^^^^
    |   File "D:\nhatro\backend\app\main.py", line 86, in add_security_headers
    |     response = await call_next(request)
    |                ^^^^^^^^^^^^^^^^^^^^^^^^
    |   File "D:\nhatro\backend\venv\Lib\site-packages\starlette\middleware\base.py", line 165, in call_next
    |     raise app_exc
    |   File "D:\nhatro\backend\venv\Lib\site-packages\starlette\middleware\base.py", line 151, in coro
    |     await self.app(scope, receive_or_disconnect, send_no_error)
    |   File "D:\nhatro\backend\venv\Lib\site-packages\starlette\middleware\cors.py", line 85, in __call__
    |     await self.app(scope, receive, send)
    |   File "D:\nhatro\backend\venv\Lib\site-packages\starlette\middleware\exceptions.py", line 65, in __call__
    |     await wrap_app_handling_exceptions(self.app, conn)(scope, receive, send)
    |   File "D:\nhatro\backend\venv\Lib\site-packages\starlette\_exception_handler.py", line 64, in wrapped_app
    |     raise exc
    |   File "D:\nhatro\backend\venv\Lib\site-packages\starlette\_exception_handler.py", line 53, in wrapped_app
    |     await app(scope, receive, sender)
    |   File "D:\nhatro\backend\venv\Lib\site-packages\starlette\routing.py", line 756, in __call__
    |     await self.middleware_stack(scope, receive, send)
    |   File "D:\nhatro\backend\venv\Lib\site-packages\starlette\routing.py", line 776, in app
    |     await route.handle(scope, receive, send)
    |   File "D:\nhatro\backend\venv\Lib\site-packages\starlette\routing.py", line 297, in handle
    |     await self.app(scope, receive, send)
    |   File "D:\nhatro\backend\venv\Lib\site-packages\starlette\routing.py", line 77, in app
    |     await wrap_app_handling_exceptions(app, request)(scope, receive, send)
    |   File "D:\nhatro\backend\venv\Lib\site-packages\starlette\_exception_handler.py", line 75, in wrapped_app
    |     response = await handler(conn, exc)
    |                ^^^^^^^^^^^^^^^^^^^^^^^^
    |   File "D:\nhatro\backend\app\main.py", line 157, in validation_exception_handler
    |     return JSONResponse(
    |            ^^^^^^^^^^^^^
    |   File "D:\nhatro\backend\venv\Lib\site-packages\starlette\responses.py", line 184, in __init__
    |     super().__init__(content, status_code, headers, media_type, background)
    |   File "D:\nhatro\backend\venv\Lib\site-packages\starlette\responses.py", line 41, in __init__
    |     self.body = self.render(content)
    |                 ^^^^^^^^^^^^^^^^^^^^
    |   File "D:\nhatro\backend\venv\Lib\site-packages\starlette\responses.py", line 187, in render
    |     return json.dumps(
    |            ^^^^^^^^^^^
    |   File "C:\Users\ngocson\.cache\codex-runtimes\codex-primary-runtime\dependencies\python\Lib\json\__init__.py", line 238, in dumps
    |     **kw).encode(obj)
    |           ^^^^^^^^^^^
    |   File "C:\Users\ngocson\.cache\codex-runtimes\codex-primary-runtime\dependencies\python\Lib\json\encoder.py", line 200, in encode
    |     chunks = self.iterencode(o, _one_shot=True)
    |              ^^^^^^^^^^^^^^^^^^^^^^^^^^^^^^^^^^
    |   File "C:\Users\ngocson\.cache\codex-runtimes\codex-primary-runtime\dependencies\python\Lib\json\encoder.py", line 258, in iterencode
    |     return _iterencode(o, 0)
    |            ^^^^^^^^^^^^^^^^^
    |   File "C:\Users\ngocson\.cache\codex-runtimes\codex-primary-runtime\dependencies\python\Lib\json\encoder.py", line 180, in default
    |     raise TypeError(f'Object of type {o.__class__.__name__} '
    | TypeError: Object of type ValueError is not JSON serializable
    +------------------------------------

During handling of the above exception, another exception occurred:

Traceback (most recent call last):
  File "D:\nhatro\backend\venv\Lib\site-packages\starlette\middleware\errors.py", line 164, in __call__
    await self.app(scope, receive, _send)
  File "D:\nhatro\backend\venv\Lib\site-packages\starlette\middleware\base.py", line 189, in __call__
    with collapse_excgroups():
         ^^^^^^^^^^^^^^^^^^^^
  File "C:\Users\ngocson\.cache\codex-runtimes\codex-primary-runtime\dependencies\python\Lib\contextlib.py", line 158, in __exit__
    self.gen.throw(value)
  File "D:\nhatro\backend\venv\Lib\site-packages\starlette\_utils.py", line 93, in collapse_excgroups
    raise exc
  File "D:\nhatro\backend\venv\Lib\site-packages\starlette\middleware\base.py", line 191, in __call__
    response = await self.dispatch_func(request, call_next)
               ^^^^^^^^^^^^^^^^^^^^^^^^^^^^^^^^^^^^^^^^^^^^
  File "D:\nhatro\backend\app\main.py", line 127, in rate_limit_middleware
    return await call_next(request)
           ^^^^^^^^^^^^^^^^^^^^^^^^
  File "D:\nhatro\backend\venv\Lib\site-packages\starlette\middleware\base.py", line 165, in call_next
    raise app_exc
  File "D:\nhatro\backend\venv\Lib\site-packages\starlette\middleware\base.py", line 151, in coro
    await self.app(scope, receive_or_disconnect, send_no_error)
  File "D:\nhatro\backend\venv\Lib\site-packages\starlette\middleware\base.py", line 189, in __call__
    with collapse_excgroups():
         ^^^^^^^^^^^^^^^^^^^^
  File "C:\Users\ngocson\.cache\codex-runtimes\codex-primary-runtime\dependencies\python\Lib\contextlib.py", line 158, in __exit__
    self.gen.throw(value)
  File "D:\nhatro\backend\venv\Lib\site-packages\starlette\_utils.py", line 93, in collapse_excgroups
    raise exc
  File "D:\nhatro\backend\venv\Lib\site-packages\starlette\middleware\base.py", line 191, in __call__
    response = await self.dispatch_func(request, call_next)
               ^^^^^^^^^^^^^^^^^^^^^^^^^^^^^^^^^^^^^^^^^^^^
  File "D:\nhatro\backend\app\main.py", line 93, in add_process_time
    response = await call_next(request)
               ^^^^^^^^^^^^^^^^^^^^^^^^
  File "D:\nhatro\backend\venv\Lib\site-packages\starlette\middleware\base.py", line 165, in call_next
    raise app_exc
  File "D:\nhatro\backend\venv\Lib\site-packages\starlette\middleware\base.py", line 151, in coro
    await self.app(scope, receive_or_disconnect, send_no_error)
  File "D:\nhatro\backend\venv\Lib\site-packages\starlette\middleware\base.py", line 189, in __call__
    with collapse_excgroups():
         ^^^^^^^^^^^^^^^^^^^^
  File "C:\Users\ngocson\.cache\codex-runtimes\codex-primary-runtime\dependencies\python\Lib\contextlib.py", line 158, in __exit__
    self.gen.throw(value)
  File "D:\nhatro\backend\venv\Lib\site-packages\starlette\_utils.py", line 93, in collapse_excgroups
    raise exc
  File "D:\nhatro\backend\venv\Lib\site-packages\starlette\middleware\base.py", line 191, in __call__
    response = await self.dispatch_func(request, call_next)
               ^^^^^^^^^^^^^^^^^^^^^^^^^^^^^^^^^^^^^^^^^^^^
  File "D:\nhatro\backend\app\main.py", line 86, in add_security_headers
    response = await call_next(request)
               ^^^^^^^^^^^^^^^^^^^^^^^^
  File "D:\nhatro\backend\venv\Lib\site-packages\starlette\middleware\base.py", line 165, in call_next
    raise app_exc
  File "D:\nhatro\backend\venv\Lib\site-packages\starlette\middleware\base.py", line 151, in coro
    await self.app(scope, receive_or_disconnect, send_no_error)
  File "D:\nhatro\backend\venv\Lib\site-packages\starlette\middleware\cors.py", line 85, in __call__
    await self.app(scope, receive, send)
  File "D:\nhatro\backend\venv\Lib\site-packages\starlette\middleware\exceptions.py", line 65, in __call__
    await wrap_app_handling_exceptions(self.app, conn)(scope, receive, send)
  File "D:\nhatro\backend\venv\Lib\site-packages\starlette\_exception_handler.py", line 64, in wrapped_app
    raise exc
  File "D:\nhatro\backend\venv\Lib\site-packages\starlette\_exception_handler.py", line 53, in wrapped_app
    await app(scope, receive, sender)
  File "D:\nhatro\backend\venv\Lib\site-packages\starlette\routing.py", line 756, in __call__
    await self.middleware_stack(scope, receive, send)
  File "D:\nhatro\backend\venv\Lib\site-packages\starlette\routing.py", line 776, in app
    await route.handle(scope, receive, send)
  File "D:\nhatro\backend\venv\Lib\site-packages\starlette\routing.py", line 297, in handle
    await self.app(scope, receive, send)
  File "D:\nhatro\backend\venv\Lib\site-packages\starlette\routing.py", line 77, in app
    await wrap_app_handling_exceptions(app, request)(scope, receive, send)
  File "D:\nhatro\backend\venv\Lib\site-packages\starlette\_exception_handler.py", line 75, in wrapped_app
    response = await handler(conn, exc)
               ^^^^^^^^^^^^^^^^^^^^^^^^
  File "D:\nhatro\backend\app\main.py", line 157, in validation_exception_handler
    return JSONResponse(
           ^^^^^^^^^^^^^
  File "D:\nhatro\backend\venv\Lib\site-packages\starlette\responses.py", line 184, in __init__
    super().__init__(content, status_code, headers, media_type, background)
  File "D:\nhatro\backend\venv\Lib\site-packages\starlette\responses.py", line 41, in __init__
    self.body = self.render(content)
                ^^^^^^^^^^^^^^^^^^^^
  File "D:\nhatro\backend\venv\Lib\site-packages\starlette\responses.py", line 187, in render
    return json.dumps(
           ^^^^^^^^^^^
  File "C:\Users\ngocson\.cache\codex-runtimes\codex-primary-runtime\dependencies\python\Lib\json\__init__.py", line 238, in dumps
    **kw).encode(obj)
          ^^^^^^^^^^^
  File "C:\Users\ngocson\.cache\codex-runtimes\codex-primary-runtime\dependencies\python\Lib\json\encoder.py", line 200, in encode
    chunks = self.iterencode(o, _one_shot=True)
             ^^^^^^^^^^^^^^^^^^^^^^^^^^^^^^^^^^
  File "C:\Users\ngocson\.cache\codex-runtimes\codex-primary-runtime\dependencies\python\Lib\json\encoder.py", line 258, in iterencode
    return _iterencode(o, 0)
           ^^^^^^^^^^^^^^^^^
  File "C:\Users\ngocson\.cache\codex-runtimes\codex-primary-runtime\dependencies\python\Lib\json\encoder.py", line 180, in default
    raise TypeError(f'Object of type {o.__class__.__name__} '
TypeError: Object of type ValueError is not JSON serializable
==============================================

=== VALIDATION ERROR AT PATCH /api/v1/tenants/zj{{55030|add:48890}}zj ===
[{'type': 'json_invalid', 'loc': ('body', 51), 'msg': 'JSON decode error', 'input': {}, 'ctx': {'error': 'Expecting value'}}]
==============================================

=== VALIDATION ERROR AT POST /api/v1/auth/register ===
[{'type': 'value_error', 'loc': ('body', 'password'), 'msg': 'Value error, Password must be at least 8 characters', 'input': 'ZAP', 'ctx': {'error': ValueError('Password must be at least 8 characters')}}, {'type': 'string_type', 'loc': ('body', 'phone'), 'msg': 'Input should be a valid string', 'input': 9999999999}, {'type': 'value_error', 'loc': ('body', 'otp_code'), 'msg': 'Value error, OTP code must be 6 digits', 'input': 'John Doe', 'ctx': {'error': ValueError('OTP code must be 6 digits')}}]
==============================================

=== GLOBAL EXCEPTION HANDLER AT POST /api/v1/auth/register ===
  + Exception Group Traceback (most recent call last):
  |   File "D:\nhatro\backend\venv\Lib\site-packages\starlette\_utils.py", line 87, in collapse_excgroups
  |     yield
  |   File "D:\nhatro\backend\venv\Lib\site-packages\starlette\middleware\base.py", line 190, in __call__
  |     async with anyio.create_task_group() as task_group:
  |                ^^^^^^^^^^^^^^^^^^^^^^^^^
  |   File "D:\nhatro\backend\venv\Lib\site-packages\anyio\_backends\_asyncio.py", line 799, in __aexit__
  |     raise BaseExceptionGroup(
  | ExceptionGroup: unhandled errors in a TaskGroup (1 sub-exception)
  +-+---------------- 1 ----------------
    | Traceback (most recent call last):
    |   File "D:\nhatro\backend\venv\Lib\site-packages\starlette\middleware\errors.py", line 164, in __call__
    |     await self.app(scope, receive, _send)
    |   File "D:\nhatro\backend\venv\Lib\site-packages\starlette\middleware\base.py", line 189, in __call__
    |     with collapse_excgroups():
    |          ^^^^^^^^^^^^^^^^^^^^
    |   File "C:\Users\ngocson\.cache\codex-runtimes\codex-primary-runtime\dependencies\python\Lib\contextlib.py", line 158, in __exit__
    |     self.gen.throw(value)
    |   File "D:\nhatro\backend\venv\Lib\site-packages\starlette\_utils.py", line 93, in collapse_excgroups
    |     raise exc
    |   File "D:\nhatro\backend\venv\Lib\site-packages\starlette\middleware\base.py", line 191, in __call__
    |     response = await self.dispatch_func(request, call_next)
    |                ^^^^^^^^^^^^^^^^^^^^^^^^^^^^^^^^^^^^^^^^^^^^
    |   File "D:\nhatro\backend\app\main.py", line 127, in rate_limit_middleware
    |     return await call_next(request)
    |            ^^^^^^^^^^^^^^^^^^^^^^^^
    |   File "D:\nhatro\backend\venv\Lib\site-packages\starlette\middleware\base.py", line 165, in call_next
    |     raise app_exc
    |   File "D:\nhatro\backend\venv\Lib\site-packages\starlette\middleware\base.py", line 151, in coro
    |     await self.app(scope, receive_or_disconnect, send_no_error)
    |   File "D:\nhatro\backend\venv\Lib\site-packages\starlette\middleware\base.py", line 189, in __call__
    |     with collapse_excgroups():
    |          ^^^^^^^^^^^^^^^^^^^^
    |   File "C:\Users\ngocson\.cache\codex-runtimes\codex-primary-runtime\dependencies\python\Lib\contextlib.py", line 158, in __exit__
    |     self.gen.throw(value)
    |   File "D:\nhatro\backend\venv\Lib\site-packages\starlette\_utils.py", line 93, in collapse_excgroups
    |     raise exc
    |   File "D:\nhatro\backend\venv\Lib\site-packages\starlette\middleware\base.py", line 191, in __call__
    |     response = await self.dispatch_func(request, call_next)
    |                ^^^^^^^^^^^^^^^^^^^^^^^^^^^^^^^^^^^^^^^^^^^^
    |   File "D:\nhatro\backend\app\main.py", line 93, in add_process_time
    |     response = await call_next(request)
    |                ^^^^^^^^^^^^^^^^^^^^^^^^
    |   File "D:\nhatro\backend\venv\Lib\site-packages\starlette\middleware\base.py", line 165, in call_next
    |     raise app_exc
    |   File "D:\nhatro\backend\venv\Lib\site-packages\starlette\middleware\base.py", line 151, in coro
    |     await self.app(scope, receive_or_disconnect, send_no_error)
    |   File "D:\nhatro\backend\venv\Lib\site-packages\starlette\middleware\base.py", line 189, in __call__
    |     with collapse_excgroups():
    |          ^^^^^^^^^^^^^^^^^^^^
    |   File "C:\Users\ngocson\.cache\codex-runtimes\codex-primary-runtime\dependencies\python\Lib\contextlib.py", line 158, in __exit__
    |     self.gen.throw(value)
    |   File "D:\nhatro\backend\venv\Lib\site-packages\starlette\_utils.py", line 93, in collapse_excgroups
    |     raise exc
    |   File "D:\nhatro\backend\venv\Lib\site-packages\starlette\middleware\base.py", line 191, in __call__
    |     response = await self.dispatch_func(request, call_next)
    |                ^^^^^^^^^^^^^^^^^^^^^^^^^^^^^^^^^^^^^^^^^^^^
    |   File "D:\nhatro\backend\app\main.py", line 86, in add_security_headers
    |     response = await call_next(request)
    |                ^^^^^^^^^^^^^^^^^^^^^^^^
    |   File "D:\nhatro\backend\venv\Lib\site-packages\starlette\middleware\base.py", line 165, in call_next
    |     raise app_exc
    |   File "D:\nhatro\backend\venv\Lib\site-packages\starlette\middleware\base.py", line 151, in coro
    |     await self.app(scope, receive_or_disconnect, send_no_error)
    |   File "D:\nhatro\backend\venv\Lib\site-packages\starlette\middleware\cors.py", line 85, in __call__
    |     await self.app(scope, receive, send)
    |   File "D:\nhatro\backend\venv\Lib\site-packages\starlette\middleware\exceptions.py", line 65, in __call__
    |     await wrap_app_handling_exceptions(self.app, conn)(scope, receive, send)
    |   File "D:\nhatro\backend\venv\Lib\site-packages\starlette\_exception_handler.py", line 64, in wrapped_app
    |     raise exc
    |   File "D:\nhatro\backend\venv\Lib\site-packages\starlette\_exception_handler.py", line 53, in wrapped_app
    |     await app(scope, receive, sender)
    |   File "D:\nhatro\backend\venv\Lib\site-packages\starlette\routing.py", line 756, in __call__
    |     await self.middleware_stack(scope, receive, send)
    |   File "D:\nhatro\backend\venv\Lib\site-packages\starlette\routing.py", line 776, in app
    |     await route.handle(scope, receive, send)
    |   File "D:\nhatro\backend\venv\Lib\site-packages\starlette\routing.py", line 297, in handle
    |     await self.app(scope, receive, send)
    |   File "D:\nhatro\backend\venv\Lib\site-packages\starlette\routing.py", line 77, in app
    |     await wrap_app_handling_exceptions(app, request)(scope, receive, send)
    |   File "D:\nhatro\backend\venv\Lib\site-packages\starlette\_exception_handler.py", line 75, in wrapped_app
    |     response = await handler(conn, exc)
    |                ^^^^^^^^^^^^^^^^^^^^^^^^
    |   File "D:\nhatro\backend\app\main.py", line 157, in validation_exception_handler
    |     return JSONResponse(
    |            ^^^^^^^^^^^^^
    |   File "D:\nhatro\backend\venv\Lib\site-packages\starlette\responses.py", line 184, in __init__
    |     super().__init__(content, status_code, headers, media_type, background)
    |   File "D:\nhatro\backend\venv\Lib\site-packages\starlette\responses.py", line 41, in __init__
    |     self.body = self.render(content)
    |                 ^^^^^^^^^^^^^^^^^^^^
    |   File "D:\nhatro\backend\venv\Lib\site-packages\starlette\responses.py", line 187, in render
    |     return json.dumps(
    |            ^^^^^^^^^^^
    |   File "C:\Users\ngocson\.cache\codex-runtimes\codex-primary-runtime\dependencies\python\Lib\json\__init__.py", line 238, in dumps
    |     **kw).encode(obj)
    |           ^^^^^^^^^^^
    |   File "C:\Users\ngocson\.cache\codex-runtimes\codex-primary-runtime\dependencies\python\Lib\json\encoder.py", line 200, in encode
    |     chunks = self.iterencode(o, _one_shot=True)
    |              ^^^^^^^^^^^^^^^^^^^^^^^^^^^^^^^^^^
    |   File "C:\Users\ngocson\.cache\codex-runtimes\codex-primary-runtime\dependencies\python\Lib\json\encoder.py", line 258, in iterencode
    |     return _iterencode(o, 0)
    |            ^^^^^^^^^^^^^^^^^
    |   File "C:\Users\ngocson\.cache\codex-runtimes\codex-primary-runtime\dependencies\python\Lib\json\encoder.py", line 180, in default
    |     raise TypeError(f'Object of type {o.__class__.__name__} '
    | TypeError: Object of type ValueError is not JSON serializable
    +------------------------------------

During handling of the above exception, another exception occurred:

Traceback (most recent call last):
  File "D:\nhatro\backend\venv\Lib\site-packages\starlette\middleware\errors.py", line 164, in __call__
    await self.app(scope, receive, _send)
  File "D:\nhatro\backend\venv\Lib\site-packages\starlette\middleware\base.py", line 189, in __call__
    with collapse_excgroups():
         ^^^^^^^^^^^^^^^^^^^^
  File "C:\Users\ngocson\.cache\codex-runtimes\codex-primary-runtime\dependencies\python\Lib\contextlib.py", line 158, in __exit__
    self.gen.throw(value)
  File "D:\nhatro\backend\venv\Lib\site-packages\starlette\_utils.py", line 93, in collapse_excgroups
    raise exc
  File "D:\nhatro\backend\venv\Lib\site-packages\starlette\middleware\base.py", line 191, in __call__
    response = await self.dispatch_func(request, call_next)
               ^^^^^^^^^^^^^^^^^^^^^^^^^^^^^^^^^^^^^^^^^^^^
  File "D:\nhatro\backend\app\main.py", line 127, in rate_limit_middleware
    return await call_next(request)
           ^^^^^^^^^^^^^^^^^^^^^^^^
  File "D:\nhatro\backend\venv\Lib\site-packages\starlette\middleware\base.py", line 165, in call_next
    raise app_exc
  File "D:\nhatro\backend\venv\Lib\site-packages\starlette\middleware\base.py", line 151, in coro
    await self.app(scope, receive_or_disconnect, send_no_error)
  File "D:\nhatro\backend\venv\Lib\site-packages\starlette\middleware\base.py", line 189, in __call__
    with collapse_excgroups():
         ^^^^^^^^^^^^^^^^^^^^
  File "C:\Users\ngocson\.cache\codex-runtimes\codex-primary-runtime\dependencies\python\Lib\contextlib.py", line 158, in __exit__
    self.gen.throw(value)
  File "D:\nhatro\backend\venv\Lib\site-packages\starlette\_utils.py", line 93, in collapse_excgroups
    raise exc
  File "D:\nhatro\backend\venv\Lib\site-packages\starlette\middleware\base.py", line 191, in __call__
    response = await self.dispatch_func(request, call_next)
               ^^^^^^^^^^^^^^^^^^^^^^^^^^^^^^^^^^^^^^^^^^^^
  File "D:\nhatro\backend\app\main.py", line 93, in add_process_time
    response = await call_next(request)
               ^^^^^^^^^^^^^^^^^^^^^^^^
  File "D:\nhatro\backend\venv\Lib\site-packages\starlette\middleware\base.py", line 165, in call_next
    raise app_exc
  File "D:\nhatro\backend\venv\Lib\site-packages\starlette\middleware\base.py", line 151, in coro
    await self.app(scope, receive_or_disconnect, send_no_error)
  File "D:\nhatro\backend\venv\Lib\site-packages\starlette\middleware\base.py", line 189, in __call__
    with collapse_excgroups():
         ^^^^^^^^^^^^^^^^^^^^
  File "C:\Users\ngocson\.cache\codex-runtimes\codex-primary-runtime\dependencies\python\Lib\contextlib.py", line 158, in __exit__
    self.gen.throw(value)
  File "D:\nhatro\backend\venv\Lib\site-packages\starlette\_utils.py", line 93, in collapse_excgroups
    raise exc
  File "D:\nhatro\backend\venv\Lib\site-packages\starlette\middleware\base.py", line 191, in __call__
    response = await self.dispatch_func(request, call_next)
               ^^^^^^^^^^^^^^^^^^^^^^^^^^^^^^^^^^^^^^^^^^^^
  File "D:\nhatro\backend\app\main.py", line 86, in add_security_headers
    response = await call_next(request)
               ^^^^^^^^^^^^^^^^^^^^^^^^
  File "D:\nhatro\backend\venv\Lib\site-packages\starlette\middleware\base.py", line 165, in call_next
    raise app_exc
  File "D:\nhatro\backend\venv\Lib\site-packages\starlette\middleware\base.py", line 151, in coro
    await self.app(scope, receive_or_disconnect, send_no_error)
  File "D:\nhatro\backend\venv\Lib\site-packages\starlette\middleware\cors.py", line 85, in __call__
    await self.app(scope, receive, send)
  File "D:\nhatro\backend\venv\Lib\site-packages\starlette\middleware\exceptions.py", line 65, in __call__
    await wrap_app_handling_exceptions(self.app, conn)(scope, receive, send)
  File "D:\nhatro\backend\venv\Lib\site-packages\starlette\_exception_handler.py", line 64, in wrapped_app
    raise exc
  File "D:\nhatro\backend\venv\Lib\site-packages\starlette\_exception_handler.py", line 53, in wrapped_app
    await app(scope, receive, sender)
  File "D:\nhatro\backend\venv\Lib\site-packages\starlette\routing.py", line 756, in __call__
    await self.middleware_stack(scope, receive, send)
  File "D:\nhatro\backend\venv\Lib\site-packages\starlette\routing.py", line 776, in app
    await route.handle(scope, receive, send)
  File "D:\nhatro\backend\venv\Lib\site-packages\starlette\routing.py", line 297, in handle
    await self.app(scope, receive, send)
  File "D:\nhatro\backend\venv\Lib\site-packages\starlette\routing.py", line 77, in app
    await wrap_app_handling_exceptions(app, request)(scope, receive, send)
  File "D:\nhatro\backend\venv\Lib\site-packages\starlette\_exception_handler.py", line 75, in wrapped_app
    response = await handler(conn, exc)
               ^^^^^^^^^^^^^^^^^^^^^^^^
  File "D:\nhatro\backend\app\main.py", line 157, in validation_exception_handler
    return JSONResponse(
           ^^^^^^^^^^^^^
  File "D:\nhatro\backend\venv\Lib\site-packages\starlette\responses.py", line 184, in __init__
    super().__init__(content, status_code, headers, media_type, background)
  File "D:\nhatro\backend\venv\Lib\site-packages\starlette\responses.py", line 41, in __init__
    self.body = self.render(content)
                ^^^^^^^^^^^^^^^^^^^^
  File "D:\nhatro\backend\venv\Lib\site-packages\starlette\responses.py", line 187, in render
    return json.dumps(
           ^^^^^^^^^^^
  File "C:\Users\ngocson\.cache\codex-runtimes\codex-primary-runtime\dependencies\python\Lib\json\__init__.py", line 238, in dumps
    **kw).encode(obj)
          ^^^^^^^^^^^
  File "C:\Users\ngocson\.cache\codex-runtimes\codex-primary-runtime\dependencies\python\Lib\json\encoder.py", line 200, in encode
    chunks = self.iterencode(o, _one_shot=True)
             ^^^^^^^^^^^^^^^^^^^^^^^^^^^^^^^^^^
  File "C:\Users\ngocson\.cache\codex-runtimes\codex-primary-runtime\dependencies\python\Lib\json\encoder.py", line 258, in iterencode
    return _iterencode(o, 0)
           ^^^^^^^^^^^^^^^^^
  File "C:\Users\ngocson\.cache\codex-runtimes\codex-primary-runtime\dependencies\python\Lib\json\encoder.py", line 180, in default
    raise TypeError(f'Object of type {o.__class__.__name__} '
TypeError: Object of type ValueError is not JSON serializable
==============================================

=== VALIDATION ERROR AT PATCH /api/v1/tenants/zj{{print+"3607"+"3240"}}zj ===
[{'type': 'json_invalid', 'loc': ('body', 51), 'msg': 'JSON decode error', 'input': {}, 'ctx': {'error': 'Expecting value'}}]
==============================================

=== VALIDATION ERROR AT POST /api/v1/auth/register ===
[{'type': 'value_error', 'loc': ('body', 'password'), 'msg': 'Value error, Password must be at least 8 characters', 'input': 'ZAP', 'ctx': {'error': ValueError('Password must be at least 8 characters')}}, {'type': 'string_type', 'loc': ('body', 'phone'), 'msg': 'Input should be a valid string', 'input': 9999999999}, {'type': 'value_error', 'loc': ('body', 'otp_code'), 'msg': 'Value error, OTP code must be 6 digits', 'input': 'John Doe', 'ctx': {'error': ValueError('OTP code must be 6 digits')}}]
==============================================

=== GLOBAL EXCEPTION HANDLER AT POST /api/v1/auth/register ===
  + Exception Group Traceback (most recent call last):
  |   File "D:\nhatro\backend\venv\Lib\site-packages\starlette\_utils.py", line 87, in collapse_excgroups
  |     yield
  |   File "D:\nhatro\backend\venv\Lib\site-packages\starlette\middleware\base.py", line 190, in __call__
  |     async with anyio.create_task_group() as task_group:
  |                ^^^^^^^^^^^^^^^^^^^^^^^^^
  |   File "D:\nhatro\backend\venv\Lib\site-packages\anyio\_backends\_asyncio.py", line 799, in __aexit__
  |     raise BaseExceptionGroup(
  | ExceptionGroup: unhandled errors in a TaskGroup (1 sub-exception)
  +-+---------------- 1 ----------------
    | Traceback (most recent call last):
    |   File "D:\nhatro\backend\venv\Lib\site-packages\starlette\middleware\errors.py", line 164, in __call__
    |     await self.app(scope, receive, _send)
    |   File "D:\nhatro\backend\venv\Lib\site-packages\starlette\middleware\base.py", line 189, in __call__
    |     with collapse_excgroups():
    |          ^^^^^^^^^^^^^^^^^^^^
    |   File "C:\Users\ngocson\.cache\codex-runtimes\codex-primary-runtime\dependencies\python\Lib\contextlib.py", line 158, in __exit__
    |     self.gen.throw(value)
    |   File "D:\nhatro\backend\venv\Lib\site-packages\starlette\_utils.py", line 93, in collapse_excgroups
    |     raise exc
    |   File "D:\nhatro\backend\venv\Lib\site-packages\starlette\middleware\base.py", line 191, in __call__
    |     response = await self.dispatch_func(request, call_next)
    |                ^^^^^^^^^^^^^^^^^^^^^^^^^^^^^^^^^^^^^^^^^^^^
    |   File "D:\nhatro\backend\app\main.py", line 127, in rate_limit_middleware
    |     return await call_next(request)
    |            ^^^^^^^^^^^^^^^^^^^^^^^^
    |   File "D:\nhatro\backend\venv\Lib\site-packages\starlette\middleware\base.py", line 165, in call_next
    |     raise app_exc
    |   File "D:\nhatro\backend\venv\Lib\site-packages\starlette\middleware\base.py", line 151, in coro
    |     await self.app(scope, receive_or_disconnect, send_no_error)
    |   File "D:\nhatro\backend\venv\Lib\site-packages\starlette\middleware\base.py", line 189, in __call__
    |     with collapse_excgroups():
    |          ^^^^^^^^^^^^^^^^^^^^
    |   File "C:\Users\ngocson\.cache\codex-runtimes\codex-primary-runtime\dependencies\python\Lib\contextlib.py", line 158, in __exit__
    |     self.gen.throw(value)
    |   File "D:\nhatro\backend\venv\Lib\site-packages\starlette\_utils.py", line 93, in collapse_excgroups
    |     raise exc
    |   File "D:\nhatro\backend\venv\Lib\site-packages\starlette\middleware\base.py", line 191, in __call__
    |     response = await self.dispatch_func(request, call_next)
    |                ^^^^^^^^^^^^^^^^^^^^^^^^^^^^^^^^^^^^^^^^^^^^
    |   File "D:\nhatro\backend\app\main.py", line 93, in add_process_time
    |     response = await call_next(request)
    |                ^^^^^^^^^^^^^^^^^^^^^^^^
    |   File "D:\nhatro\backend\venv\Lib\site-packages\starlette\middleware\base.py", line 165, in call_next
    |     raise app_exc
    |   File "D:\nhatro\backend\venv\Lib\site-packages\starlette\middleware\base.py", line 151, in coro
    |     await self.app(scope, receive_or_disconnect, send_no_error)
    |   File "D:\nhatro\backend\venv\Lib\site-packages\starlette\middleware\base.py", line 189, in __call__
    |     with collapse_excgroups():
    |          ^^^^^^^^^^^^^^^^^^^^
    |   File "C:\Users\ngocson\.cache\codex-runtimes\codex-primary-runtime\dependencies\python\Lib\contextlib.py", line 158, in __exit__
    |     self.gen.throw(value)
    |   File "D:\nhatro\backend\venv\Lib\site-packages\starlette\_utils.py", line 93, in collapse_excgroups
    |     raise exc
    |   File "D:\nhatro\backend\venv\Lib\site-packages\starlette\middleware\base.py", line 191, in __call__
    |     response = await self.dispatch_func(request, call_next)
    |                ^^^^^^^^^^^^^^^^^^^^^^^^^^^^^^^^^^^^^^^^^^^^
    |   File "D:\nhatro\backend\app\main.py", line 86, in add_security_headers
    |     response = await call_next(request)
    |                ^^^^^^^^^^^^^^^^^^^^^^^^
    |   File "D:\nhatro\backend\venv\Lib\site-packages\starlette\middleware\base.py", line 165, in call_next
    |     raise app_exc
    |   File "D:\nhatro\backend\venv\Lib\site-packages\starlette\middleware\base.py", line 151, in coro
    |     await self.app(scope, receive_or_disconnect, send_no_error)
    |   File "D:\nhatro\backend\venv\Lib\site-packages\starlette\middleware\cors.py", line 85, in __call__
    |     await self.app(scope, receive, send)
    |   File "D:\nhatro\backend\venv\Lib\site-packages\starlette\middleware\exceptions.py", line 65, in __call__
    |     await wrap_app_handling_exceptions(self.app, conn)(scope, receive, send)
    |   File "D:\nhatro\backend\venv\Lib\site-packages\starlette\_exception_handler.py", line 64, in wrapped_app
    |     raise exc
    |   File "D:\nhatro\backend\venv\Lib\site-packages\starlette\_exception_handler.py", line 53, in wrapped_app
    |     await app(scope, receive, sender)
    |   File "D:\nhatro\backend\venv\Lib\site-packages\starlette\routing.py", line 756, in __call__
    |     await self.middleware_stack(scope, receive, send)
    |   File "D:\nhatro\backend\venv\Lib\site-packages\starlette\routing.py", line 776, in app
    |     await route.handle(scope, receive, send)
    |   File "D:\nhatro\backend\venv\Lib\site-packages\starlette\routing.py", line 297, in handle
    |     await self.app(scope, receive, send)
    |   File "D:\nhatro\backend\venv\Lib\site-packages\starlette\routing.py", line 77, in app
    |     await wrap_app_handling_exceptions(app, request)(scope, receive, send)
    |   File "D:\nhatro\backend\venv\Lib\site-packages\starlette\_exception_handler.py", line 75, in wrapped_app
    |     response = await handler(conn, exc)
    |                ^^^^^^^^^^^^^^^^^^^^^^^^
    |   File "D:\nhatro\backend\app\main.py", line 157, in validation_exception_handler
    |     return JSONResponse(
    |            ^^^^^^^^^^^^^
    |   File "D:\nhatro\backend\venv\Lib\site-packages\starlette\responses.py", line 184, in __init__
    |     super().__init__(content, status_code, headers, media_type, background)
    |   File "D:\nhatro\backend\venv\Lib\site-packages\starlette\responses.py", line 41, in __init__
    |     self.body = self.render(content)
    |                 ^^^^^^^^^^^^^^^^^^^^
    |   File "D:\nhatro\backend\venv\Lib\site-packages\starlette\responses.py", line 187, in render
    |     return json.dumps(
    |            ^^^^^^^^^^^
    |   File "C:\Users\ngocson\.cache\codex-runtimes\codex-primary-runtime\dependencies\python\Lib\json\__init__.py", line 238, in dumps
    |     **kw).encode(obj)
    |           ^^^^^^^^^^^
    |   File "C:\Users\ngocson\.cache\codex-runtimes\codex-primary-runtime\dependencies\python\Lib\json\encoder.py", line 200, in encode
    |     chunks = self.iterencode(o, _one_shot=True)
    |              ^^^^^^^^^^^^^^^^^^^^^^^^^^^^^^^^^^
    |   File "C:\Users\ngocson\.cache\codex-runtimes\codex-primary-runtime\dependencies\python\Lib\json\encoder.py", line 258, in iterencode
    |     return _iterencode(o, 0)
    |            ^^^^^^^^^^^^^^^^^
    |   File "C:\Users\ngocson\.cache\codex-runtimes\codex-primary-runtime\dependencies\python\Lib\json\encoder.py", line 180, in default
    |     raise TypeError(f'Object of type {o.__class__.__name__} '
    | TypeError: Object of type ValueError is not JSON serializable
    +------------------------------------

During handling of the above exception, another exception occurred:

Traceback (most recent call last):
  File "D:\nhatro\backend\venv\Lib\site-packages\starlette\middleware\errors.py", line 164, in __call__
    await self.app(scope, receive, _send)
  File "D:\nhatro\backend\venv\Lib\site-packages\starlette\middleware\base.py", line 189, in __call__
    with collapse_excgroups():
         ^^^^^^^^^^^^^^^^^^^^
  File "C:\Users\ngocson\.cache\codex-runtimes\codex-primary-runtime\dependencies\python\Lib\contextlib.py", line 158, in __exit__
    self.gen.throw(value)
  File "D:\nhatro\backend\venv\Lib\site-packages\starlette\_utils.py", line 93, in collapse_excgroups
    raise exc
  File "D:\nhatro\backend\venv\Lib\site-packages\starlette\middleware\base.py", line 191, in __call__
    response = await self.dispatch_func(request, call_next)
               ^^^^^^^^^^^^^^^^^^^^^^^^^^^^^^^^^^^^^^^^^^^^
  File "D:\nhatro\backend\app\main.py", line 127, in rate_limit_middleware
    return await call_next(request)
           ^^^^^^^^^^^^^^^^^^^^^^^^
  File "D:\nhatro\backend\venv\Lib\site-packages\starlette\middleware\base.py", line 165, in call_next
    raise app_exc
  File "D:\nhatro\backend\venv\Lib\site-packages\starlette\middleware\base.py", line 151, in coro
    await self.app(scope, receive_or_disconnect, send_no_error)
  File "D:\nhatro\backend\venv\Lib\site-packages\starlette\middleware\base.py", line 189, in __call__
    with collapse_excgroups():
         ^^^^^^^^^^^^^^^^^^^^
  File "C:\Users\ngocson\.cache\codex-runtimes\codex-primary-runtime\dependencies\python\Lib\contextlib.py", line 158, in __exit__
    self.gen.throw(value)
  File "D:\nhatro\backend\venv\Lib\site-packages\starlette\_utils.py", line 93, in collapse_excgroups
    raise exc
  File "D:\nhatro\backend\venv\Lib\site-packages\starlette\middleware\base.py", line 191, in __call__
    response = await self.dispatch_func(request, call_next)
               ^^^^^^^^^^^^^^^^^^^^^^^^^^^^^^^^^^^^^^^^^^^^
  File "D:\nhatro\backend\app\main.py", line 93, in add_process_time
    response = await call_next(request)
               ^^^^^^^^^^^^^^^^^^^^^^^^
  File "D:\nhatro\backend\venv\Lib\site-packages\starlette\middleware\base.py", line 165, in call_next
    raise app_exc
  File "D:\nhatro\backend\venv\Lib\site-packages\starlette\middleware\base.py", line 151, in coro
    await self.app(scope, receive_or_disconnect, send_no_error)
  File "D:\nhatro\backend\venv\Lib\site-packages\starlette\middleware\base.py", line 189, in __call__
    with collapse_excgroups():
         ^^^^^^^^^^^^^^^^^^^^
  File "C:\Users\ngocson\.cache\codex-runtimes\codex-primary-runtime\dependencies\python\Lib\contextlib.py", line 158, in __exit__
    self.gen.throw(value)
  File "D:\nhatro\backend\venv\Lib\site-packages\starlette\_utils.py", line 93, in collapse_excgroups
    raise exc
  File "D:\nhatro\backend\venv\Lib\site-packages\starlette\middleware\base.py", line 191, in __call__
    response = await self.dispatch_func(request, call_next)
               ^^^^^^^^^^^^^^^^^^^^^^^^^^^^^^^^^^^^^^^^^^^^
  File "D:\nhatro\backend\app\main.py", line 86, in add_security_headers
    response = await call_next(request)
               ^^^^^^^^^^^^^^^^^^^^^^^^
  File "D:\nhatro\backend\venv\Lib\site-packages\starlette\middleware\base.py", line 165, in call_next
    raise app_exc
  File "D:\nhatro\backend\venv\Lib\site-packages\starlette\middleware\base.py", line 151, in coro
    await self.app(scope, receive_or_disconnect, send_no_error)
  File "D:\nhatro\backend\venv\Lib\site-packages\starlette\middleware\cors.py", line 85, in __call__
    await self.app(scope, receive, send)
  File "D:\nhatro\backend\venv\Lib\site-packages\starlette\middleware\exceptions.py", line 65, in __call__
    await wrap_app_handling_exceptions(self.app, conn)(scope, receive, send)
  File "D:\nhatro\backend\venv\Lib\site-packages\starlette\_exception_handler.py", line 64, in wrapped_app
    raise exc
  File "D:\nhatro\backend\venv\Lib\site-packages\starlette\_exception_handler.py", line 53, in wrapped_app
    await app(scope, receive, sender)
  File "D:\nhatro\backend\venv\Lib\site-packages\starlette\routing.py", line 756, in __call__
    await self.middleware_stack(scope, receive, send)
  File "D:\nhatro\backend\venv\Lib\site-packages\starlette\routing.py", line 776, in app
    await route.handle(scope, receive, send)
  File "D:\nhatro\backend\venv\Lib\site-packages\starlette\routing.py", line 297, in handle
    await self.app(scope, receive, send)
  File "D:\nhatro\backend\venv\Lib\site-packages\starlette\routing.py", line 77, in app
    await wrap_app_handling_exceptions(app, request)(scope, receive, send)
  File "D:\nhatro\backend\venv\Lib\site-packages\starlette\_exception_handler.py", line 75, in wrapped_app
    response = await handler(conn, exc)
               ^^^^^^^^^^^^^^^^^^^^^^^^
  File "D:\nhatro\backend\app\main.py", line 157, in validation_exception_handler
    return JSONResponse(
           ^^^^^^^^^^^^^
  File "D:\nhatro\backend\venv\Lib\site-packages\starlette\responses.py", line 184, in __init__
    super().__init__(content, status_code, headers, media_type, background)
  File "D:\nhatro\backend\venv\Lib\site-packages\starlette\responses.py", line 41, in __init__
    self.body = self.render(content)
                ^^^^^^^^^^^^^^^^^^^^
  File "D:\nhatro\backend\venv\Lib\site-packages\starlette\responses.py", line 187, in render
    return json.dumps(
           ^^^^^^^^^^^
  File "C:\Users\ngocson\.cache\codex-runtimes\codex-primary-runtime\dependencies\python\Lib\json\__init__.py", line 238, in dumps
    **kw).encode(obj)
          ^^^^^^^^^^^
  File "C:\Users\ngocson\.cache\codex-runtimes\codex-primary-runtime\dependencies\python\Lib\json\encoder.py", line 200, in encode
    chunks = self.iterencode(o, _one_shot=True)
             ^^^^^^^^^^^^^^^^^^^^^^^^^^^^^^^^^^
  File "C:\Users\ngocson\.cache\codex-runtimes\codex-primary-runtime\dependencies\python\Lib\json\encoder.py", line 258, in iterencode
    return _iterencode(o, 0)
           ^^^^^^^^^^^^^^^^^
  File "C:\Users\ngocson\.cache\codex-runtimes\codex-primary-runtime\dependencies\python\Lib\json\encoder.py", line 180, in default
    raise TypeError(f'Object of type {o.__class__.__name__} '
TypeError: Object of type ValueError is not JSON serializable
==============================================

=== VALIDATION ERROR AT POST /api/v1/auth/register ===
[{'type': 'value_error', 'loc': ('body', 'password'), 'msg': 'Value error, Password must be at least 8 characters', 'input': 'ZAP', 'ctx': {'error': ValueError('Password must be at least 8 characters')}}, {'type': 'string_type', 'loc': ('body', 'phone'), 'msg': 'Input should be a valid string', 'input': 9999999999}, {'type': 'value_error', 'loc': ('body', 'otp_code'), 'msg': 'Value error, OTP code must be 6 digits', 'input': 'John Doe', 'ctx': {'error': ValueError('OTP code must be 6 digits')}}]
==============================================

=== GLOBAL EXCEPTION HANDLER AT POST /api/v1/auth/register ===
  + Exception Group Traceback (most recent call last):
  |   File "D:\nhatro\backend\venv\Lib\site-packages\starlette\_utils.py", line 87, in collapse_excgroups
  |     yield
  |   File "D:\nhatro\backend\venv\Lib\site-packages\starlette\middleware\base.py", line 190, in __call__
  |     async with anyio.create_task_group() as task_group:
  |                ^^^^^^^^^^^^^^^^^^^^^^^^^
  |   File "D:\nhatro\backend\venv\Lib\site-packages\anyio\_backends\_asyncio.py", line 799, in __aexit__
  |     raise BaseExceptionGroup(
  | ExceptionGroup: unhandled errors in a TaskGroup (1 sub-exception)
  +-+---------------- 1 ----------------
    | Traceback (most recent call last):
    |   File "D:\nhatro\backend\venv\Lib\site-packages\starlette\middleware\errors.py", line 164, in __call__
    |     await self.app(scope, receive, _send)
    |   File "D:\nhatro\backend\venv\Lib\site-packages\starlette\middleware\base.py", line 189, in __call__
    |     with collapse_excgroups():
    |          ^^^^^^^^^^^^^^^^^^^^
    |   File "C:\Users\ngocson\.cache\codex-runtimes\codex-primary-runtime\dependencies\python\Lib\contextlib.py", line 158, in __exit__
    |     self.gen.throw(value)
    |   File "D:\nhatro\backend\venv\Lib\site-packages\starlette\_utils.py", line 93, in collapse_excgroups
    |     raise exc
    |   File "D:\nhatro\backend\venv\Lib\site-packages\starlette\middleware\base.py", line 191, in __call__
    |     response = await self.dispatch_func(request, call_next)
    |                ^^^^^^^^^^^^^^^^^^^^^^^^^^^^^^^^^^^^^^^^^^^^
    |   File "D:\nhatro\backend\app\main.py", line 127, in rate_limit_middleware
    |     return await call_next(request)
    |            ^^^^^^^^^^^^^^^^^^^^^^^^
    |   File "D:\nhatro\backend\venv\Lib\site-packages\starlette\middleware\base.py", line 165, in call_next
    |     raise app_exc
    |   File "D:\nhatro\backend\venv\Lib\site-packages\starlette\middleware\base.py", line 151, in coro
    |     await self.app(scope, receive_or_disconnect, send_no_error)
    |   File "D:\nhatro\backend\venv\Lib\site-packages\starlette\middleware\base.py", line 189, in __call__
    |     with collapse_excgroups():
    |          ^^^^^^^^^^^^^^^^^^^^
    |   File "C:\Users\ngocson\.cache\codex-runtimes\codex-primary-runtime\dependencies\python\Lib\contextlib.py", line 158, in __exit__
    |     self.gen.throw(value)
    |   File "D:\nhatro\backend\venv\Lib\site-packages\starlette\_utils.py", line 93, in collapse_excgroups
    |     raise exc
    |   File "D:\nhatro\backend\venv\Lib\site-packages\starlette\middleware\base.py", line 191, in __call__
    |     response = await self.dispatch_func(request, call_next)
    |                ^^^^^^^^^^^^^^^^^^^^^^^^^^^^^^^^^^^^^^^^^^^^
    |   File "D:\nhatro\backend\app\main.py", line 93, in add_process_time
    |     response = await call_next(request)
    |                ^^^^^^^^^^^^^^^^^^^^^^^^
    |   File "D:\nhatro\backend\venv\Lib\site-packages\starlette\middleware\base.py", line 165, in call_next
    |     raise app_exc
    |   File "D:\nhatro\backend\venv\Lib\site-packages\starlette\middleware\base.py", line 151, in coro
    |     await self.app(scope, receive_or_disconnect, send_no_error)
    |   File "D:\nhatro\backend\venv\Lib\site-packages\starlette\middleware\base.py", line 189, in __call__
    |     with collapse_excgroups():
    |          ^^^^^^^^^^^^^^^^^^^^
    |   File "C:\Users\ngocson\.cache\codex-runtimes\codex-primary-runtime\dependencies\python\Lib\contextlib.py", line 158, in __exit__
    |     self.gen.throw(value)
    |   File "D:\nhatro\backend\venv\Lib\site-packages\starlette\_utils.py", line 93, in collapse_excgroups
    |     raise exc
    |   File "D:\nhatro\backend\venv\Lib\site-packages\starlette\middleware\base.py", line 191, in __call__
    |     response = await self.dispatch_func(request, call_next)
    |                ^^^^^^^^^^^^^^^^^^^^^^^^^^^^^^^^^^^^^^^^^^^^
    |   File "D:\nhatro\backend\app\main.py", line 86, in add_security_headers
    |     response = await call_next(request)
    |                ^^^^^^^^^^^^^^^^^^^^^^^^
    |   File "D:\nhatro\backend\venv\Lib\site-packages\starlette\middleware\base.py", line 165, in call_next
    |     raise app_exc
    |   File "D:\nhatro\backend\venv\Lib\site-packages\starlette\middleware\base.py", line 151, in coro
    |     await self.app(scope, receive_or_disconnect, send_no_error)
    |   File "D:\nhatro\backend\venv\Lib\site-packages\starlette\middleware\cors.py", line 85, in __call__
    |     await self.app(scope, receive, send)
    |   File "D:\nhatro\backend\venv\Lib\site-packages\starlette\middleware\exceptions.py", line 65, in __call__
    |     await wrap_app_handling_exceptions(self.app, conn)(scope, receive, send)
    |   File "D:\nhatro\backend\venv\Lib\site-packages\starlette\_exception_handler.py", line 64, in wrapped_app
    |     raise exc
    |   File "D:\nhatro\backend\venv\Lib\site-packages\starlette\_exception_handler.py", line 53, in wrapped_app
    |     await app(scope, receive, sender)
    |   File "D:\nhatro\backend\venv\Lib\site-packages\starlette\routing.py", line 756, in __call__
    |     await self.middleware_stack(scope, receive, send)
    |   File "D:\nhatro\backend\venv\Lib\site-packages\starlette\routing.py", line 776, in app
    |     await route.handle(scope, receive, send)
    |   File "D:\nhatro\backend\venv\Lib\site-packages\starlette\routing.py", line 297, in handle
    |     await self.app(scope, receive, send)
    |   File "D:\nhatro\backend\venv\Lib\site-packages\starlette\routing.py", line 77, in app
    |     await wrap_app_handling_exceptions(app, request)(scope, receive, send)
    |   File "D:\nhatro\backend\venv\Lib\site-packages\starlette\_exception_handler.py", line 75, in wrapped_app
    |     response = await handler(conn, exc)
    |                ^^^^^^^^^^^^^^^^^^^^^^^^
    |   File "D:\nhatro\backend\app\main.py", line 157, in validation_exception_handler
    |     return JSONResponse(
    |            ^^^^^^^^^^^^^
    |   File "D:\nhatro\backend\venv\Lib\site-packages\starlette\responses.py", line 184, in __init__
    |     super().__init__(content, status_code, headers, media_type, background)
    |   File "D:\nhatro\backend\venv\Lib\site-packages\starlette\responses.py", line 41, in __init__
    |     self.body = self.render(content)
    |                 ^^^^^^^^^^^^^^^^^^^^
    |   File "D:\nhatro\backend\venv\Lib\site-packages\starlette\responses.py", line 187, in render
    |     return json.dumps(
    |            ^^^^^^^^^^^
    |   File "C:\Users\ngocson\.cache\codex-runtimes\codex-primary-runtime\dependencies\python\Lib\json\__init__.py", line 238, in dumps
    |     **kw).encode(obj)
    |           ^^^^^^^^^^^
    |   File "C:\Users\ngocson\.cache\codex-runtimes\codex-primary-runtime\dependencies\python\Lib\json\encoder.py", line 200, in encode
    |     chunks = self.iterencode(o, _one_shot=True)
    |              ^^^^^^^^^^^^^^^^^^^^^^^^^^^^^^^^^^
    |   File "C:\Users\ngocson\.cache\codex-runtimes\codex-primary-runtime\dependencies\python\Lib\json\encoder.py", line 258, in iterencode
    |     return _iterencode(o, 0)
    |            ^^^^^^^^^^^^^^^^^
    |   File "C:\Users\ngocson\.cache\codex-runtimes\codex-primary-runtime\dependencies\python\Lib\json\encoder.py", line 180, in default
    |     raise TypeError(f'Object of type {o.__class__.__name__} '
    | TypeError: Object of type ValueError is not JSON serializable
    +------------------------------------

During handling of the above exception, another exception occurred:

Traceback (most recent call last):
  File "D:\nhatro\backend\venv\Lib\site-packages\starlette\middleware\errors.py", line 164, in __call__
    await self.app(scope, receive, _send)
  File "D:\nhatro\backend\venv\Lib\site-packages\starlette\middleware\base.py", line 189, in __call__
    with collapse_excgroups():
         ^^^^^^^^^^^^^^^^^^^^
  File "C:\Users\ngocson\.cache\codex-runtimes\codex-primary-runtime\dependencies\python\Lib\contextlib.py", line 158, in __exit__
    self.gen.throw(value)
  File "D:\nhatro\backend\venv\Lib\site-packages\starlette\_utils.py", line 93, in collapse_excgroups
    raise exc
  File "D:\nhatro\backend\venv\Lib\site-packages\starlette\middleware\base.py", line 191, in __call__
    response = await self.dispatch_func(request, call_next)
               ^^^^^^^^^^^^^^^^^^^^^^^^^^^^^^^^^^^^^^^^^^^^
  File "D:\nhatro\backend\app\main.py", line 127, in rate_limit_middleware
    return await call_next(request)
           ^^^^^^^^^^^^^^^^^^^^^^^^
  File "D:\nhatro\backend\venv\Lib\site-packages\starlette\middleware\base.py", line 165, in call_next
    raise app_exc
  File "D:\nhatro\backend\venv\Lib\site-packages\starlette\middleware\base.py", line 151, in coro
    await self.app(scope, receive_or_disconnect, send_no_error)
  File "D:\nhatro\backend\venv\Lib\site-packages\starlette\middleware\base.py", line 189, in __call__
    with collapse_excgroups():
         ^^^^^^^^^^^^^^^^^^^^
  File "C:\Users\ngocson\.cache\codex-runtimes\codex-primary-runtime\dependencies\python\Lib\contextlib.py", line 158, in __exit__
    self.gen.throw(value)
  File "D:\nhatro\backend\venv\Lib\site-packages\starlette\_utils.py", line 93, in collapse_excgroups
    raise exc
  File "D:\nhatro\backend\venv\Lib\site-packages\starlette\middleware\base.py", line 191, in __call__
    response = await self.dispatch_func(request, call_next)
               ^^^^^^^^^^^^^^^^^^^^^^^^^^^^^^^^^^^^^^^^^^^^
  File "D:\nhatro\backend\app\main.py", line 93, in add_process_time
    response = await call_next(request)
               ^^^^^^^^^^^^^^^^^^^^^^^^
  File "D:\nhatro\backend\venv\Lib\site-packages\starlette\middleware\base.py", line 165, in call_next
    raise app_exc
  File "D:\nhatro\backend\venv\Lib\site-packages\starlette\middleware\base.py", line 151, in coro
    await self.app(scope, receive_or_disconnect, send_no_error)
  File "D:\nhatro\backend\venv\Lib\site-packages\starlette\middleware\base.py", line 189, in __call__
    with collapse_excgroups():
         ^^^^^^^^^^^^^^^^^^^^
  File "C:\Users\ngocson\.cache\codex-runtimes\codex-primary-runtime\dependencies\python\Lib\contextlib.py", line 158, in __exit__
    self.gen.throw(value)
  File "D:\nhatro\backend\venv\Lib\site-packages\starlette\_utils.py", line 93, in collapse_excgroups
    raise exc
  File "D:\nhatro\backend\venv\Lib\site-packages\starlette\middleware\base.py", line 191, in __call__
    response = await self.dispatch_func(request, call_next)
               ^^^^^^^^^^^^^^^^^^^^^^^^^^^^^^^^^^^^^^^^^^^^
  File "D:\nhatro\backend\app\main.py", line 86, in add_security_headers
    response = await call_next(request)
               ^^^^^^^^^^^^^^^^^^^^^^^^
  File "D:\nhatro\backend\venv\Lib\site-packages\starlette\middleware\base.py", line 165, in call_next
    raise app_exc
  File "D:\nhatro\backend\venv\Lib\site-packages\starlette\middleware\base.py", line 151, in coro
    await self.app(scope, receive_or_disconnect, send_no_error)
  File "D:\nhatro\backend\venv\Lib\site-packages\starlette\middleware\cors.py", line 85, in __call__
    await self.app(scope, receive, send)
  File "D:\nhatro\backend\venv\Lib\site-packages\starlette\middleware\exceptions.py", line 65, in __call__
    await wrap_app_handling_exceptions(self.app, conn)(scope, receive, send)
  File "D:\nhatro\backend\venv\Lib\site-packages\starlette\_exception_handler.py", line 64, in wrapped_app
    raise exc
  File "D:\nhatro\backend\venv\Lib\site-packages\starlette\_exception_handler.py", line 53, in wrapped_app
    await app(scope, receive, sender)
  File "D:\nhatro\backend\venv\Lib\site-packages\starlette\routing.py", line 756, in __call__
    await self.middleware_stack(scope, receive, send)
  File "D:\nhatro\backend\venv\Lib\site-packages\starlette\routing.py", line 776, in app
    await route.handle(scope, receive, send)
  File "D:\nhatro\backend\venv\Lib\site-packages\starlette\routing.py", line 297, in handle
    await self.app(scope, receive, send)
  File "D:\nhatro\backend\venv\Lib\site-packages\starlette\routing.py", line 77, in app
    await wrap_app_handling_exceptions(app, request)(scope, receive, send)
  File "D:\nhatro\backend\venv\Lib\site-packages\starlette\_exception_handler.py", line 75, in wrapped_app
    response = await handler(conn, exc)
               ^^^^^^^^^^^^^^^^^^^^^^^^
  File "D:\nhatro\backend\app\main.py", line 157, in validation_exception_handler
    return JSONResponse(
           ^^^^^^^^^^^^^
  File "D:\nhatro\backend\venv\Lib\site-packages\starlette\responses.py", line 184, in __init__
    super().__init__(content, status_code, headers, media_type, background)
  File "D:\nhatro\backend\venv\Lib\site-packages\starlette\responses.py", line 41, in __init__
    self.body = self.render(content)
                ^^^^^^^^^^^^^^^^^^^^
  File "D:\nhatro\backend\venv\Lib\site-packages\starlette\responses.py", line 187, in render
    return json.dumps(
           ^^^^^^^^^^^
  File "C:\Users\ngocson\.cache\codex-runtimes\codex-primary-runtime\dependencies\python\Lib\json\__init__.py", line 238, in dumps
    **kw).encode(obj)
          ^^^^^^^^^^^
  File "C:\Users\ngocson\.cache\codex-runtimes\codex-primary-runtime\dependencies\python\Lib\json\encoder.py", line 200, in encode
    chunks = self.iterencode(o, _one_shot=True)
             ^^^^^^^^^^^^^^^^^^^^^^^^^^^^^^^^^^
  File "C:\Users\ngocson\.cache\codex-runtimes\codex-primary-runtime\dependencies\python\Lib\json\encoder.py", line 258, in iterencode
    return _iterencode(o, 0)
           ^^^^^^^^^^^^^^^^^
  File "C:\Users\ngocson\.cache\codex-runtimes\codex-primary-runtime\dependencies\python\Lib\json\encoder.py", line 180, in default
    raise TypeError(f'Object of type {o.__class__.__name__} '
TypeError: Object of type ValueError is not JSON serializable
==============================================

=== VALIDATION ERROR AT POST /api/v1/auth/register ===
[{'type': 'value_error', 'loc': ('body', 'password'), 'msg': 'Value error, Password must be at least 8 characters', 'input': 'ZAP', 'ctx': {'error': ValueError('Password must be at least 8 characters')}}, {'type': 'string_type', 'loc': ('body', 'phone'), 'msg': 'Input should be a valid string', 'input': 9999999999}, {'type': 'value_error', 'loc': ('body', 'otp_code'), 'msg': 'Value error, OTP code must be 6 digits', 'input': 'John Doe', 'ctx': {'error': ValueError('OTP code must be 6 digits')}}]
==============================================

=== GLOBAL EXCEPTION HANDLER AT POST /api/v1/auth/register ===
  + Exception Group Traceback (most recent call last):
  |   File "D:\nhatro\backend\venv\Lib\site-packages\starlette\_utils.py", line 87, in collapse_excgroups
  |     yield
  |   File "D:\nhatro\backend\venv\Lib\site-packages\starlette\middleware\base.py", line 190, in __call__
  |     async with anyio.create_task_group() as task_group:
  |                ^^^^^^^^^^^^^^^^^^^^^^^^^
  |   File "D:\nhatro\backend\venv\Lib\site-packages\anyio\_backends\_asyncio.py", line 799, in __aexit__
  |     raise BaseExceptionGroup(
  | ExceptionGroup: unhandled errors in a TaskGroup (1 sub-exception)
  +-+---------------- 1 ----------------
    | Traceback (most recent call last):
    |   File "D:\nhatro\backend\venv\Lib\site-packages\starlette\middleware\errors.py", line 164, in __call__
    |     await self.app(scope, receive, _send)
    |   File "D:\nhatro\backend\venv\Lib\site-packages\starlette\middleware\base.py", line 189, in __call__
    |     with collapse_excgroups():
    |          ^^^^^^^^^^^^^^^^^^^^
    |   File "C:\Users\ngocson\.cache\codex-runtimes\codex-primary-runtime\dependencies\python\Lib\contextlib.py", line 158, in __exit__
    |     self.gen.throw(value)
    |   File "D:\nhatro\backend\venv\Lib\site-packages\starlette\_utils.py", line 93, in collapse_excgroups
    |     raise exc
    |   File "D:\nhatro\backend\venv\Lib\site-packages\starlette\middleware\base.py", line 191, in __call__
    |     response = await self.dispatch_func(request, call_next)
    |                ^^^^^^^^^^^^^^^^^^^^^^^^^^^^^^^^^^^^^^^^^^^^
    |   File "D:\nhatro\backend\app\main.py", line 127, in rate_limit_middleware
    |     return await call_next(request)
    |            ^^^^^^^^^^^^^^^^^^^^^^^^
    |   File "D:\nhatro\backend\venv\Lib\site-packages\starlette\middleware\base.py", line 165, in call_next
    |     raise app_exc
    |   File "D:\nhatro\backend\venv\Lib\site-packages\starlette\middleware\base.py", line 151, in coro
    |     await self.app(scope, receive_or_disconnect, send_no_error)
    |   File "D:\nhatro\backend\venv\Lib\site-packages\starlette\middleware\base.py", line 189, in __call__
    |     with collapse_excgroups():
    |          ^^^^^^^^^^^^^^^^^^^^
    |   File "C:\Users\ngocson\.cache\codex-runtimes\codex-primary-runtime\dependencies\python\Lib\contextlib.py", line 158, in __exit__
    |     self.gen.throw(value)
    |   File "D:\nhatro\backend\venv\Lib\site-packages\starlette\_utils.py", line 93, in collapse_excgroups
    |     raise exc
    |   File "D:\nhatro\backend\venv\Lib\site-packages\starlette\middleware\base.py", line 191, in __call__
    |     response = await self.dispatch_func(request, call_next)
    |                ^^^^^^^^^^^^^^^^^^^^^^^^^^^^^^^^^^^^^^^^^^^^
    |   File "D:\nhatro\backend\app\main.py", line 93, in add_process_time
    |     response = await call_next(request)
    |                ^^^^^^^^^^^^^^^^^^^^^^^^
    |   File "D:\nhatro\backend\venv\Lib\site-packages\starlette\middleware\base.py", line 165, in call_next
    |     raise app_exc
    |   File "D:\nhatro\backend\venv\Lib\site-packages\starlette\middleware\base.py", line 151, in coro
    |     await self.app(scope, receive_or_disconnect, send_no_error)
    |   File "D:\nhatro\backend\venv\Lib\site-packages\starlette\middleware\base.py", line 189, in __call__
    |     with collapse_excgroups():
    |          ^^^^^^^^^^^^^^^^^^^^
    |   File "C:\Users\ngocson\.cache\codex-runtimes\codex-primary-runtime\dependencies\python\Lib\contextlib.py", line 158, in __exit__
    |     self.gen.throw(value)
    |   File "D:\nhatro\backend\venv\Lib\site-packages\starlette\_utils.py", line 93, in collapse_excgroups
    |     raise exc
    |   File "D:\nhatro\backend\venv\Lib\site-packages\starlette\middleware\base.py", line 191, in __call__
    |     response = await self.dispatch_func(request, call_next)
    |                ^^^^^^^^^^^^^^^^^^^^^^^^^^^^^^^^^^^^^^^^^^^^
    |   File "D:\nhatro\backend\app\main.py", line 86, in add_security_headers
    |     response = await call_next(request)
    |                ^^^^^^^^^^^^^^^^^^^^^^^^
    |   File "D:\nhatro\backend\venv\Lib\site-packages\starlette\middleware\base.py", line 165, in call_next
    |     raise app_exc
    |   File "D:\nhatro\backend\venv\Lib\site-packages\starlette\middleware\base.py", line 151, in coro
    |     await self.app(scope, receive_or_disconnect, send_no_error)
    |   File "D:\nhatro\backend\venv\Lib\site-packages\starlette\middleware\cors.py", line 85, in __call__
    |     await self.app(scope, receive, send)
    |   File "D:\nhatro\backend\venv\Lib\site-packages\starlette\middleware\exceptions.py", line 65, in __call__
    |     await wrap_app_handling_exceptions(self.app, conn)(scope, receive, send)
    |   File "D:\nhatro\backend\venv\Lib\site-packages\starlette\_exception_handler.py", line 64, in wrapped_app
    |     raise exc
    |   File "D:\nhatro\backend\venv\Lib\site-packages\starlette\_exception_handler.py", line 53, in wrapped_app
    |     await app(scope, receive, sender)
    |   File "D:\nhatro\backend\venv\Lib\site-packages\starlette\routing.py", line 756, in __call__
    |     await self.middleware_stack(scope, receive, send)
    |   File "D:\nhatro\backend\venv\Lib\site-packages\starlette\routing.py", line 776, in app
    |     await route.handle(scope, receive, send)
    |   File "D:\nhatro\backend\venv\Lib\site-packages\starlette\routing.py", line 297, in handle
    |     await self.app(scope, receive, send)
    |   File "D:\nhatro\backend\venv\Lib\site-packages\starlette\routing.py", line 77, in app
    |     await wrap_app_handling_exceptions(app, request)(scope, receive, send)
    |   File "D:\nhatro\backend\venv\Lib\site-packages\starlette\_exception_handler.py", line 75, in wrapped_app
    |     response = await handler(conn, exc)
    |                ^^^^^^^^^^^^^^^^^^^^^^^^
    |   File "D:\nhatro\backend\app\main.py", line 157, in validation_exception_handler
    |     return JSONResponse(
    |            ^^^^^^^^^^^^^
    |   File "D:\nhatro\backend\venv\Lib\site-packages\starlette\responses.py", line 184, in __init__
    |     super().__init__(content, status_code, headers, media_type, background)
    |   File "D:\nhatro\backend\venv\Lib\site-packages\starlette\responses.py", line 41, in __init__
    |     self.body = self.render(content)
    |                 ^^^^^^^^^^^^^^^^^^^^
    |   File "D:\nhatro\backend\venv\Lib\site-packages\starlette\responses.py", line 187, in render
    |     return json.dumps(
    |            ^^^^^^^^^^^
    |   File "C:\Users\ngocson\.cache\codex-runtimes\codex-primary-runtime\dependencies\python\Lib\json\__init__.py", line 238, in dumps
    |     **kw).encode(obj)
    |           ^^^^^^^^^^^
    |   File "C:\Users\ngocson\.cache\codex-runtimes\codex-primary-runtime\dependencies\python\Lib\json\encoder.py", line 200, in encode
    |     chunks = self.iterencode(o, _one_shot=True)
    |              ^^^^^^^^^^^^^^^^^^^^^^^^^^^^^^^^^^
    |   File "C:\Users\ngocson\.cache\codex-runtimes\codex-primary-runtime\dependencies\python\Lib\json\encoder.py", line 258, in iterencode
    |     return _iterencode(o, 0)
    |            ^^^^^^^^^^^^^^^^^
    |   File "C:\Users\ngocson\.cache\codex-runtimes\codex-primary-runtime\dependencies\python\Lib\json\encoder.py", line 180, in default
    |     raise TypeError(f'Object of type {o.__class__.__name__} '
    | TypeError: Object of type ValueError is not JSON serializable
    +------------------------------------

During handling of the above exception, another exception occurred:

Traceback (most recent call last):
  File "D:\nhatro\backend\venv\Lib\site-packages\starlette\middleware\errors.py", line 164, in __call__
    await self.app(scope, receive, _send)
  File "D:\nhatro\backend\venv\Lib\site-packages\starlette\middleware\base.py", line 189, in __call__
    with collapse_excgroups():
         ^^^^^^^^^^^^^^^^^^^^
  File "C:\Users\ngocson\.cache\codex-runtimes\codex-primary-runtime\dependencies\python\Lib\contextlib.py", line 158, in __exit__
    self.gen.throw(value)
  File "D:\nhatro\backend\venv\Lib\site-packages\starlette\_utils.py", line 93, in collapse_excgroups
    raise exc
  File "D:\nhatro\backend\venv\Lib\site-packages\starlette\middleware\base.py", line 191, in __call__
    response = await self.dispatch_func(request, call_next)
               ^^^^^^^^^^^^^^^^^^^^^^^^^^^^^^^^^^^^^^^^^^^^
  File "D:\nhatro\backend\app\main.py", line 127, in rate_limit_middleware
    return await call_next(request)
           ^^^^^^^^^^^^^^^^^^^^^^^^
  File "D:\nhatro\backend\venv\Lib\site-packages\starlette\middleware\base.py", line 165, in call_next
    raise app_exc
  File "D:\nhatro\backend\venv\Lib\site-packages\starlette\middleware\base.py", line 151, in coro
    await self.app(scope, receive_or_disconnect, send_no_error)
  File "D:\nhatro\backend\venv\Lib\site-packages\starlette\middleware\base.py", line 189, in __call__
    with collapse_excgroups():
         ^^^^^^^^^^^^^^^^^^^^
  File "C:\Users\ngocson\.cache\codex-runtimes\codex-primary-runtime\dependencies\python\Lib\contextlib.py", line 158, in __exit__
    self.gen.throw(value)
  File "D:\nhatro\backend\venv\Lib\site-packages\starlette\_utils.py", line 93, in collapse_excgroups
    raise exc
  File "D:\nhatro\backend\venv\Lib\site-packages\starlette\middleware\base.py", line 191, in __call__
    response = await self.dispatch_func(request, call_next)
               ^^^^^^^^^^^^^^^^^^^^^^^^^^^^^^^^^^^^^^^^^^^^
  File "D:\nhatro\backend\app\main.py", line 93, in add_process_time
    response = await call_next(request)
               ^^^^^^^^^^^^^^^^^^^^^^^^
  File "D:\nhatro\backend\venv\Lib\site-packages\starlette\middleware\base.py", line 165, in call_next
    raise app_exc
  File "D:\nhatro\backend\venv\Lib\site-packages\starlette\middleware\base.py", line 151, in coro
    await self.app(scope, receive_or_disconnect, send_no_error)
  File "D:\nhatro\backend\venv\Lib\site-packages\starlette\middleware\base.py", line 189, in __call__
    with collapse_excgroups():
         ^^^^^^^^^^^^^^^^^^^^
  File "C:\Users\ngocson\.cache\codex-runtimes\codex-primary-runtime\dependencies\python\Lib\contextlib.py", line 158, in __exit__
    self.gen.throw(value)
  File "D:\nhatro\backend\venv\Lib\site-packages\starlette\_utils.py", line 93, in collapse_excgroups
    raise exc
  File "D:\nhatro\backend\venv\Lib\site-packages\starlette\middleware\base.py", line 191, in __call__
    response = await self.dispatch_func(request, call_next)
               ^^^^^^^^^^^^^^^^^^^^^^^^^^^^^^^^^^^^^^^^^^^^
  File "D:\nhatro\backend\app\main.py", line 86, in add_security_headers
    response = await call_next(request)
               ^^^^^^^^^^^^^^^^^^^^^^^^
  File "D:\nhatro\backend\venv\Lib\site-packages\starlette\middleware\base.py", line 165, in call_next
    raise app_exc
  File "D:\nhatro\backend\venv\Lib\site-packages\starlette\middleware\base.py", line 151, in coro
    await self.app(scope, receive_or_disconnect, send_no_error)
  File "D:\nhatro\backend\venv\Lib\site-packages\starlette\middleware\cors.py", line 85, in __call__
    await self.app(scope, receive, send)
  File "D:\nhatro\backend\venv\Lib\site-packages\starlette\middleware\exceptions.py", line 65, in __call__
    await wrap_app_handling_exceptions(self.app, conn)(scope, receive, send)
  File "D:\nhatro\backend\venv\Lib\site-packages\starlette\_exception_handler.py", line 64, in wrapped_app
    raise exc
  File "D:\nhatro\backend\venv\Lib\site-packages\starlette\_exception_handler.py", line 53, in wrapped_app
    await app(scope, receive, sender)
  File "D:\nhatro\backend\venv\Lib\site-packages\starlette\routing.py", line 756, in __call__
    await self.middleware_stack(scope, receive, send)
  File "D:\nhatro\backend\venv\Lib\site-packages\starlette\routing.py", line 776, in app
    await route.handle(scope, receive, send)
  File "D:\nhatro\backend\venv\Lib\site-packages\starlette\routing.py", line 297, in handle
    await self.app(scope, receive, send)
  File "D:\nhatro\backend\venv\Lib\site-packages\starlette\routing.py", line 77, in app
    await wrap_app_handling_exceptions(app, request)(scope, receive, send)
  File "D:\nhatro\backend\venv\Lib\site-packages\starlette\_exception_handler.py", line 75, in wrapped_app
    response = await handler(conn, exc)
               ^^^^^^^^^^^^^^^^^^^^^^^^
  File "D:\nhatro\backend\app\main.py", line 157, in validation_exception_handler
    return JSONResponse(
           ^^^^^^^^^^^^^
  File "D:\nhatro\backend\venv\Lib\site-packages\starlette\responses.py", line 184, in __init__
    super().__init__(content, status_code, headers, media_type, background)
  File "D:\nhatro\backend\venv\Lib\site-packages\starlette\responses.py", line 41, in __init__
    self.body = self.render(content)
                ^^^^^^^^^^^^^^^^^^^^
  File "D:\nhatro\backend\venv\Lib\site-packages\starlette\responses.py", line 187, in render
    return json.dumps(
           ^^^^^^^^^^^
  File "C:\Users\ngocson\.cache\codex-runtimes\codex-primary-runtime\dependencies\python\Lib\json\__init__.py", line 238, in dumps
    **kw).encode(obj)
          ^^^^^^^^^^^
  File "C:\Users\ngocson\.cache\codex-runtimes\codex-primary-runtime\dependencies\python\Lib\json\encoder.py", line 200, in encode
    chunks = self.iterencode(o, _one_shot=True)
             ^^^^^^^^^^^^^^^^^^^^^^^^^^^^^^^^^^
  File "C:\Users\ngocson\.cache\codex-runtimes\codex-primary-runtime\dependencies\python\Lib\json\encoder.py", line 258, in iterencode
    return _iterencode(o, 0)
           ^^^^^^^^^^^^^^^^^
  File "C:\Users\ngocson\.cache\codex-runtimes\codex-primary-runtime\dependencies\python\Lib\json\encoder.py", line 180, in default
    raise TypeError(f'Object of type {o.__class__.__name__} '
TypeError: Object of type ValueError is not JSON serializable
==============================================

=== VALIDATION ERROR AT POST /api/v1/auth/register ===
[{'type': 'value_error', 'loc': ('body', 'password'), 'msg': 'Value error, Password must be at least 8 characters', 'input': 'ZAP', 'ctx': {'error': ValueError('Password must be at least 8 characters')}}, {'type': 'string_type', 'loc': ('body', 'phone'), 'msg': 'Input should be a valid string', 'input': 9999999999}, {'type': 'value_error', 'loc': ('body', 'otp_code'), 'msg': 'Value error, OTP code must be 6 digits', 'input': 'John Doe', 'ctx': {'error': ValueError('OTP code must be 6 digits')}}]
==============================================

=== GLOBAL EXCEPTION HANDLER AT POST /api/v1/auth/register ===
  + Exception Group Traceback (most recent call last):
  |   File "D:\nhatro\backend\venv\Lib\site-packages\starlette\_utils.py", line 87, in collapse_excgroups
  |     yield
  |   File "D:\nhatro\backend\venv\Lib\site-packages\starlette\middleware\base.py", line 190, in __call__
  |     async with anyio.create_task_group() as task_group:
  |                ^^^^^^^^^^^^^^^^^^^^^^^^^
  |   File "D:\nhatro\backend\venv\Lib\site-packages\anyio\_backends\_asyncio.py", line 799, in __aexit__
  |     raise BaseExceptionGroup(
  | ExceptionGroup: unhandled errors in a TaskGroup (1 sub-exception)
  +-+---------------- 1 ----------------
    | Traceback (most recent call last):
    |   File "D:\nhatro\backend\venv\Lib\site-packages\starlette\middleware\errors.py", line 164, in __call__
    |     await self.app(scope, receive, _send)
    |   File "D:\nhatro\backend\venv\Lib\site-packages\starlette\middleware\base.py", line 189, in __call__
    |     with collapse_excgroups():
    |          ^^^^^^^^^^^^^^^^^^^^
    |   File "C:\Users\ngocson\.cache\codex-runtimes\codex-primary-runtime\dependencies\python\Lib\contextlib.py", line 158, in __exit__
    |     self.gen.throw(value)
    |   File "D:\nhatro\backend\venv\Lib\site-packages\starlette\_utils.py", line 93, in collapse_excgroups
    |     raise exc
    |   File "D:\nhatro\backend\venv\Lib\site-packages\starlette\middleware\base.py", line 191, in __call__
    |     response = await self.dispatch_func(request, call_next)
    |                ^^^^^^^^^^^^^^^^^^^^^^^^^^^^^^^^^^^^^^^^^^^^
    |   File "D:\nhatro\backend\app\main.py", line 127, in rate_limit_middleware
    |     return await call_next(request)
    |            ^^^^^^^^^^^^^^^^^^^^^^^^
    |   File "D:\nhatro\backend\venv\Lib\site-packages\starlette\middleware\base.py", line 165, in call_next
    |     raise app_exc
    |   File "D:\nhatro\backend\venv\Lib\site-packages\starlette\middleware\base.py", line 151, in coro
    |     await self.app(scope, receive_or_disconnect, send_no_error)
    |   File "D:\nhatro\backend\venv\Lib\site-packages\starlette\middleware\base.py", line 189, in __call__
    |     with collapse_excgroups():
    |          ^^^^^^^^^^^^^^^^^^^^
    |   File "C:\Users\ngocson\.cache\codex-runtimes\codex-primary-runtime\dependencies\python\Lib\contextlib.py", line 158, in __exit__
    |     self.gen.throw(value)
    |   File "D:\nhatro\backend\venv\Lib\site-packages\starlette\_utils.py", line 93, in collapse_excgroups
    |     raise exc
    |   File "D:\nhatro\backend\venv\Lib\site-packages\starlette\middleware\base.py", line 191, in __call__
    |     response = await self.dispatch_func(request, call_next)
    |                ^^^^^^^^^^^^^^^^^^^^^^^^^^^^^^^^^^^^^^^^^^^^
    |   File "D:\nhatro\backend\app\main.py", line 93, in add_process_time
    |     response = await call_next(request)
    |                ^^^^^^^^^^^^^^^^^^^^^^^^
    |   File "D:\nhatro\backend\venv\Lib\site-packages\starlette\middleware\base.py", line 165, in call_next
    |     raise app_exc
    |   File "D:\nhatro\backend\venv\Lib\site-packages\starlette\middleware\base.py", line 151, in coro
    |     await self.app(scope, receive_or_disconnect, send_no_error)
    |   File "D:\nhatro\backend\venv\Lib\site-packages\starlette\middleware\base.py", line 189, in __call__
    |     with collapse_excgroups():
    |          ^^^^^^^^^^^^^^^^^^^^
    |   File "C:\Users\ngocson\.cache\codex-runtimes\codex-primary-runtime\dependencies\python\Lib\contextlib.py", line 158, in __exit__
    |     self.gen.throw(value)
    |   File "D:\nhatro\backend\venv\Lib\site-packages\starlette\_utils.py", line 93, in collapse_excgroups
    |     raise exc
    |   File "D:\nhatro\backend\venv\Lib\site-packages\starlette\middleware\base.py", line 191, in __call__
    |     response = await self.dispatch_func(request, call_next)
    |                ^^^^^^^^^^^^^^^^^^^^^^^^^^^^^^^^^^^^^^^^^^^^
    |   File "D:\nhatro\backend\app\main.py", line 86, in add_security_headers
    |     response = await call_next(request)
    |                ^^^^^^^^^^^^^^^^^^^^^^^^
    |   File "D:\nhatro\backend\venv\Lib\site-packages\starlette\middleware\base.py", line 165, in call_next
    |     raise app_exc
    |   File "D:\nhatro\backend\venv\Lib\site-packages\starlette\middleware\base.py", line 151, in coro
    |     await self.app(scope, receive_or_disconnect, send_no_error)
    |   File "D:\nhatro\backend\venv\Lib\site-packages\starlette\middleware\cors.py", line 85, in __call__
    |     await self.app(scope, receive, send)
    |   File "D:\nhatro\backend\venv\Lib\site-packages\starlette\middleware\exceptions.py", line 65, in __call__
    |     await wrap_app_handling_exceptions(self.app, conn)(scope, receive, send)
    |   File "D:\nhatro\backend\venv\Lib\site-packages\starlette\_exception_handler.py", line 64, in wrapped_app
    |     raise exc
    |   File "D:\nhatro\backend\venv\Lib\site-packages\starlette\_exception_handler.py", line 53, in wrapped_app
    |     await app(scope, receive, sender)
    |   File "D:\nhatro\backend\venv\Lib\site-packages\starlette\routing.py", line 756, in __call__
    |     await self.middleware_stack(scope, receive, send)
    |   File "D:\nhatro\backend\venv\Lib\site-packages\starlette\routing.py", line 776, in app
    |     await route.handle(scope, receive, send)
    |   File "D:\nhatro\backend\venv\Lib\site-packages\starlette\routing.py", line 297, in handle
    |     await self.app(scope, receive, send)
    |   File "D:\nhatro\backend\venv\Lib\site-packages\starlette\routing.py", line 77, in app
    |     await wrap_app_handling_exceptions(app, request)(scope, receive, send)
    |   File "D:\nhatro\backend\venv\Lib\site-packages\starlette\_exception_handler.py", line 75, in wrapped_app
    |     response = await handler(conn, exc)
    |                ^^^^^^^^^^^^^^^^^^^^^^^^
    |   File "D:\nhatro\backend\app\main.py", line 157, in validation_exception_handler
    |     return JSONResponse(
    |            ^^^^^^^^^^^^^
    |   File "D:\nhatro\backend\venv\Lib\site-packages\starlette\responses.py", line 184, in __init__
    |     super().__init__(content, status_code, headers, media_type, background)
    |   File "D:\nhatro\backend\venv\Lib\site-packages\starlette\responses.py", line 41, in __init__
    |     self.body = self.render(content)
    |                 ^^^^^^^^^^^^^^^^^^^^
    |   File "D:\nhatro\backend\venv\Lib\site-packages\starlette\responses.py", line 187, in render
    |     return json.dumps(
    |            ^^^^^^^^^^^
    |   File "C:\Users\ngocson\.cache\codex-runtimes\codex-primary-runtime\dependencies\python\Lib\json\__init__.py", line 238, in dumps
    |     **kw).encode(obj)
    |           ^^^^^^^^^^^
    |   File "C:\Users\ngocson\.cache\codex-runtimes\codex-primary-runtime\dependencies\python\Lib\json\encoder.py", line 200, in encode
    |     chunks = self.iterencode(o, _one_shot=True)
    |              ^^^^^^^^^^^^^^^^^^^^^^^^^^^^^^^^^^
    |   File "C:\Users\ngocson\.cache\codex-runtimes\codex-primary-runtime\dependencies\python\Lib\json\encoder.py", line 258, in iterencode
    |     return _iterencode(o, 0)
    |            ^^^^^^^^^^^^^^^^^
    |   File "C:\Users\ngocson\.cache\codex-runtimes\codex-primary-runtime\dependencies\python\Lib\json\encoder.py", line 180, in default
    |     raise TypeError(f'Object of type {o.__class__.__name__} '
    | TypeError: Object of type ValueError is not JSON serializable
    +------------------------------------

During handling of the above exception, another exception occurred:

Traceback (most recent call last):
  File "D:\nhatro\backend\venv\Lib\site-packages\starlette\middleware\errors.py", line 164, in __call__
    await self.app(scope, receive, _send)
  File "D:\nhatro\backend\venv\Lib\site-packages\starlette\middleware\base.py", line 189, in __call__
    with collapse_excgroups():
         ^^^^^^^^^^^^^^^^^^^^
  File "C:\Users\ngocson\.cache\codex-runtimes\codex-primary-runtime\dependencies\python\Lib\contextlib.py", line 158, in __exit__
    self.gen.throw(value)
  File "D:\nhatro\backend\venv\Lib\site-packages\starlette\_utils.py", line 93, in collapse_excgroups
    raise exc
  File "D:\nhatro\backend\venv\Lib\site-packages\starlette\middleware\base.py", line 191, in __call__
    response = await self.dispatch_func(request, call_next)
               ^^^^^^^^^^^^^^^^^^^^^^^^^^^^^^^^^^^^^^^^^^^^
  File "D:\nhatro\backend\app\main.py", line 127, in rate_limit_middleware
    return await call_next(request)
           ^^^^^^^^^^^^^^^^^^^^^^^^
  File "D:\nhatro\backend\venv\Lib\site-packages\starlette\middleware\base.py", line 165, in call_next
    raise app_exc
  File "D:\nhatro\backend\venv\Lib\site-packages\starlette\middleware\base.py", line 151, in coro
    await self.app(scope, receive_or_disconnect, send_no_error)
  File "D:\nhatro\backend\venv\Lib\site-packages\starlette\middleware\base.py", line 189, in __call__
    with collapse_excgroups():
         ^^^^^^^^^^^^^^^^^^^^
  File "C:\Users\ngocson\.cache\codex-runtimes\codex-primary-runtime\dependencies\python\Lib\contextlib.py", line 158, in __exit__
    self.gen.throw(value)
  File "D:\nhatro\backend\venv\Lib\site-packages\starlette\_utils.py", line 93, in collapse_excgroups
    raise exc
  File "D:\nhatro\backend\venv\Lib\site-packages\starlette\middleware\base.py", line 191, in __call__
    response = await self.dispatch_func(request, call_next)
               ^^^^^^^^^^^^^^^^^^^^^^^^^^^^^^^^^^^^^^^^^^^^
  File "D:\nhatro\backend\app\main.py", line 93, in add_process_time
    response = await call_next(request)
               ^^^^^^^^^^^^^^^^^^^^^^^^
  File "D:\nhatro\backend\venv\Lib\site-packages\starlette\middleware\base.py", line 165, in call_next
    raise app_exc
  File "D:\nhatro\backend\venv\Lib\site-packages\starlette\middleware\base.py", line 151, in coro
    await self.app(scope, receive_or_disconnect, send_no_error)
  File "D:\nhatro\backend\venv\Lib\site-packages\starlette\middleware\base.py", line 189, in __call__
    with collapse_excgroups():
         ^^^^^^^^^^^^^^^^^^^^
  File "C:\Users\ngocson\.cache\codex-runtimes\codex-primary-runtime\dependencies\python\Lib\contextlib.py", line 158, in __exit__
    self.gen.throw(value)
  File "D:\nhatro\backend\venv\Lib\site-packages\starlette\_utils.py", line 93, in collapse_excgroups
    raise exc
  File "D:\nhatro\backend\venv\Lib\site-packages\starlette\middleware\base.py", line 191, in __call__
    response = await self.dispatch_func(request, call_next)
               ^^^^^^^^^^^^^^^^^^^^^^^^^^^^^^^^^^^^^^^^^^^^
  File "D:\nhatro\backend\app\main.py", line 86, in add_security_headers
    response = await call_next(request)
               ^^^^^^^^^^^^^^^^^^^^^^^^
  File "D:\nhatro\backend\venv\Lib\site-packages\starlette\middleware\base.py", line 165, in call_next
    raise app_exc
  File "D:\nhatro\backend\venv\Lib\site-packages\starlette\middleware\base.py", line 151, in coro
    await self.app(scope, receive_or_disconnect, send_no_error)
  File "D:\nhatro\backend\venv\Lib\site-packages\starlette\middleware\cors.py", line 85, in __call__
    await self.app(scope, receive, send)
  File "D:\nhatro\backend\venv\Lib\site-packages\starlette\middleware\exceptions.py", line 65, in __call__
    await wrap_app_handling_exceptions(self.app, conn)(scope, receive, send)
  File "D:\nhatro\backend\venv\Lib\site-packages\starlette\_exception_handler.py", line 64, in wrapped_app
    raise exc
  File "D:\nhatro\backend\venv\Lib\site-packages\starlette\_exception_handler.py", line 53, in wrapped_app
    await app(scope, receive, sender)
  File "D:\nhatro\backend\venv\Lib\site-packages\starlette\routing.py", line 756, in __call__
    await self.middleware_stack(scope, receive, send)
  File "D:\nhatro\backend\venv\Lib\site-packages\starlette\routing.py", line 776, in app
    await route.handle(scope, receive, send)
  File "D:\nhatro\backend\venv\Lib\site-packages\starlette\routing.py", line 297, in handle
    await self.app(scope, receive, send)
  File "D:\nhatro\backend\venv\Lib\site-packages\starlette\routing.py", line 77, in app
    await wrap_app_handling_exceptions(app, request)(scope, receive, send)
  File "D:\nhatro\backend\venv\Lib\site-packages\starlette\_exception_handler.py", line 75, in wrapped_app
    response = await handler(conn, exc)
               ^^^^^^^^^^^^^^^^^^^^^^^^
  File "D:\nhatro\backend\app\main.py", line 157, in validation_exception_handler
    return JSONResponse(
           ^^^^^^^^^^^^^
  File "D:\nhatro\backend\venv\Lib\site-packages\starlette\responses.py", line 184, in __init__
    super().__init__(content, status_code, headers, media_type, background)
  File "D:\nhatro\backend\venv\Lib\site-packages\starlette\responses.py", line 41, in __init__
    self.body = self.render(content)
                ^^^^^^^^^^^^^^^^^^^^
  File "D:\nhatro\backend\venv\Lib\site-packages\starlette\responses.py", line 187, in render
    return json.dumps(
           ^^^^^^^^^^^
  File "C:\Users\ngocson\.cache\codex-runtimes\codex-primary-runtime\dependencies\python\Lib\json\__init__.py", line 238, in dumps
    **kw).encode(obj)
          ^^^^^^^^^^^
  File "C:\Users\ngocson\.cache\codex-runtimes\codex-primary-runtime\dependencies\python\Lib\json\encoder.py", line 200, in encode
    chunks = self.iterencode(o, _one_shot=True)
             ^^^^^^^^^^^^^^^^^^^^^^^^^^^^^^^^^^
  File "C:\Users\ngocson\.cache\codex-runtimes\codex-primary-runtime\dependencies\python\Lib\json\encoder.py", line 258, in iterencode
    return _iterencode(o, 0)
           ^^^^^^^^^^^^^^^^^
  File "C:\Users\ngocson\.cache\codex-runtimes\codex-primary-runtime\dependencies\python\Lib\json\encoder.py", line 180, in default
    raise TypeError(f'Object of type {o.__class__.__name__} '
TypeError: Object of type ValueError is not JSON serializable
==============================================

=== VALIDATION ERROR AT POST /api/v1/auth/register ===
[{'type': 'value_error', 'loc': ('body', 'password'), 'msg': 'Value error, Password must be at least 8 characters', 'input': 'ZAP', 'ctx': {'error': ValueError('Password must be at least 8 characters')}}, {'type': 'string_type', 'loc': ('body', 'phone'), 'msg': 'Input should be a valid string', 'input': 9999999999}, {'type': 'value_error', 'loc': ('body', 'otp_code'), 'msg': 'Value error, OTP code must be 6 digits', 'input': 'John Doe', 'ctx': {'error': ValueError('OTP code must be 6 digits')}}]
==============================================

=== GLOBAL EXCEPTION HANDLER AT POST /api/v1/auth/register ===
  + Exception Group Traceback (most recent call last):
  |   File "D:\nhatro\backend\venv\Lib\site-packages\starlette\_utils.py", line 87, in collapse_excgroups
  |     yield
  |   File "D:\nhatro\backend\venv\Lib\site-packages\starlette\middleware\base.py", line 190, in __call__
  |     async with anyio.create_task_group() as task_group:
  |                ^^^^^^^^^^^^^^^^^^^^^^^^^
  |   File "D:\nhatro\backend\venv\Lib\site-packages\anyio\_backends\_asyncio.py", line 799, in __aexit__
  |     raise BaseExceptionGroup(
  | ExceptionGroup: unhandled errors in a TaskGroup (1 sub-exception)
  +-+---------------- 1 ----------------
    | Traceback (most recent call last):
    |   File "D:\nhatro\backend\venv\Lib\site-packages\starlette\middleware\errors.py", line 164, in __call__
    |     await self.app(scope, receive, _send)
    |   File "D:\nhatro\backend\venv\Lib\site-packages\starlette\middleware\base.py", line 189, in __call__
    |     with collapse_excgroups():
    |          ^^^^^^^^^^^^^^^^^^^^
    |   File "C:\Users\ngocson\.cache\codex-runtimes\codex-primary-runtime\dependencies\python\Lib\contextlib.py", line 158, in __exit__
    |     self.gen.throw(value)
    |   File "D:\nhatro\backend\venv\Lib\site-packages\starlette\_utils.py", line 93, in collapse_excgroups
    |     raise exc
    |   File "D:\nhatro\backend\venv\Lib\site-packages\starlette\middleware\base.py", line 191, in __call__
    |     response = await self.dispatch_func(request, call_next)
    |                ^^^^^^^^^^^^^^^^^^^^^^^^^^^^^^^^^^^^^^^^^^^^
    |   File "D:\nhatro\backend\app\main.py", line 127, in rate_limit_middleware
    |     return await call_next(request)
    |            ^^^^^^^^^^^^^^^^^^^^^^^^
    |   File "D:\nhatro\backend\venv\Lib\site-packages\starlette\middleware\base.py", line 165, in call_next
    |     raise app_exc
    |   File "D:\nhatro\backend\venv\Lib\site-packages\starlette\middleware\base.py", line 151, in coro
    |     await self.app(scope, receive_or_disconnect, send_no_error)
    |   File "D:\nhatro\backend\venv\Lib\site-packages\starlette\middleware\base.py", line 189, in __call__
    |     with collapse_excgroups():
    |          ^^^^^^^^^^^^^^^^^^^^
    |   File "C:\Users\ngocson\.cache\codex-runtimes\codex-primary-runtime\dependencies\python\Lib\contextlib.py", line 158, in __exit__
    |     self.gen.throw(value)
    |   File "D:\nhatro\backend\venv\Lib\site-packages\starlette\_utils.py", line 93, in collapse_excgroups
    |     raise exc
    |   File "D:\nhatro\backend\venv\Lib\site-packages\starlette\middleware\base.py", line 191, in __call__
    |     response = await self.dispatch_func(request, call_next)
    |                ^^^^^^^^^^^^^^^^^^^^^^^^^^^^^^^^^^^^^^^^^^^^
    |   File "D:\nhatro\backend\app\main.py", line 93, in add_process_time
    |     response = await call_next(request)
    |                ^^^^^^^^^^^^^^^^^^^^^^^^
    |   File "D:\nhatro\backend\venv\Lib\site-packages\starlette\middleware\base.py", line 165, in call_next
    |     raise app_exc
    |   File "D:\nhatro\backend\venv\Lib\site-packages\starlette\middleware\base.py", line 151, in coro
    |     await self.app(scope, receive_or_disconnect, send_no_error)
    |   File "D:\nhatro\backend\venv\Lib\site-packages\starlette\middleware\base.py", line 189, in __call__
    |     with collapse_excgroups():
    |          ^^^^^^^^^^^^^^^^^^^^
    |   File "C:\Users\ngocson\.cache\codex-runtimes\codex-primary-runtime\dependencies\python\Lib\contextlib.py", line 158, in __exit__
    |     self.gen.throw(value)
    |   File "D:\nhatro\backend\venv\Lib\site-packages\starlette\_utils.py", line 93, in collapse_excgroups
    |     raise exc
    |   File "D:\nhatro\backend\venv\Lib\site-packages\starlette\middleware\base.py", line 191, in __call__
    |     response = await self.dispatch_func(request, call_next)
    |                ^^^^^^^^^^^^^^^^^^^^^^^^^^^^^^^^^^^^^^^^^^^^
    |   File "D:\nhatro\backend\app\main.py", line 86, in add_security_headers
    |     response = await call_next(request)
    |                ^^^^^^^^^^^^^^^^^^^^^^^^
    |   File "D:\nhatro\backend\venv\Lib\site-packages\starlette\middleware\base.py", line 165, in call_next
    |     raise app_exc
    |   File "D:\nhatro\backend\venv\Lib\site-packages\starlette\middleware\base.py", line 151, in coro
    |     await self.app(scope, receive_or_disconnect, send_no_error)
    |   File "D:\nhatro\backend\venv\Lib\site-packages\starlette\middleware\cors.py", line 85, in __call__
    |     await self.app(scope, receive, send)
    |   File "D:\nhatro\backend\venv\Lib\site-packages\starlette\middleware\exceptions.py", line 65, in __call__
    |     await wrap_app_handling_exceptions(self.app, conn)(scope, receive, send)
    |   File "D:\nhatro\backend\venv\Lib\site-packages\starlette\_exception_handler.py", line 64, in wrapped_app
    |     raise exc
    |   File "D:\nhatro\backend\venv\Lib\site-packages\starlette\_exception_handler.py", line 53, in wrapped_app
    |     await app(scope, receive, sender)
    |   File "D:\nhatro\backend\venv\Lib\site-packages\starlette\routing.py", line 756, in __call__
    |     await self.middleware_stack(scope, receive, send)
    |   File "D:\nhatro\backend\venv\Lib\site-packages\starlette\routing.py", line 776, in app
    |     await route.handle(scope, receive, send)
    |   File "D:\nhatro\backend\venv\Lib\site-packages\starlette\routing.py", line 297, in handle
    |     await self.app(scope, receive, send)
    |   File "D:\nhatro\backend\venv\Lib\site-packages\starlette\routing.py", line 77, in app
    |     await wrap_app_handling_exceptions(app, request)(scope, receive, send)
    |   File "D:\nhatro\backend\venv\Lib\site-packages\starlette\_exception_handler.py", line 75, in wrapped_app
    |     response = await handler(conn, exc)
    |                ^^^^^^^^^^^^^^^^^^^^^^^^
    |   File "D:\nhatro\backend\app\main.py", line 157, in validation_exception_handler
    |     return JSONResponse(
    |            ^^^^^^^^^^^^^
    |   File "D:\nhatro\backend\venv\Lib\site-packages\starlette\responses.py", line 184, in __init__
    |     super().__init__(content, status_code, headers, media_type, background)
    |   File "D:\nhatro\backend\venv\Lib\site-packages\starlette\responses.py", line 41, in __init__
    |     self.body = self.render(content)
    |                 ^^^^^^^^^^^^^^^^^^^^
    |   File "D:\nhatro\backend\venv\Lib\site-packages\starlette\responses.py", line 187, in render
    |     return json.dumps(
    |            ^^^^^^^^^^^
    |   File "C:\Users\ngocson\.cache\codex-runtimes\codex-primary-runtime\dependencies\python\Lib\json\__init__.py", line 238, in dumps
    |     **kw).encode(obj)
    |           ^^^^^^^^^^^
    |   File "C:\Users\ngocson\.cache\codex-runtimes\codex-primary-runtime\dependencies\python\Lib\json\encoder.py", line 200, in encode
    |     chunks = self.iterencode(o, _one_shot=True)
    |              ^^^^^^^^^^^^^^^^^^^^^^^^^^^^^^^^^^
    |   File "C:\Users\ngocson\.cache\codex-runtimes\codex-primary-runtime\dependencies\python\Lib\json\encoder.py", line 258, in iterencode
    |     return _iterencode(o, 0)
    |            ^^^^^^^^^^^^^^^^^
    |   File "C:\Users\ngocson\.cache\codex-runtimes\codex-primary-runtime\dependencies\python\Lib\json\encoder.py", line 180, in default
    |     raise TypeError(f'Object of type {o.__class__.__name__} '
    | TypeError: Object of type ValueError is not JSON serializable
    +------------------------------------

During handling of the above exception, another exception occurred:

Traceback (most recent call last):
  File "D:\nhatro\backend\venv\Lib\site-packages\starlette\middleware\errors.py", line 164, in __call__
    await self.app(scope, receive, _send)
  File "D:\nhatro\backend\venv\Lib\site-packages\starlette\middleware\base.py", line 189, in __call__
    with collapse_excgroups():
         ^^^^^^^^^^^^^^^^^^^^
  File "C:\Users\ngocson\.cache\codex-runtimes\codex-primary-runtime\dependencies\python\Lib\contextlib.py", line 158, in __exit__
    self.gen.throw(value)
  File "D:\nhatro\backend\venv\Lib\site-packages\starlette\_utils.py", line 93, in collapse_excgroups
    raise exc
  File "D:\nhatro\backend\venv\Lib\site-packages\starlette\middleware\base.py", line 191, in __call__
    response = await self.dispatch_func(request, call_next)
               ^^^^^^^^^^^^^^^^^^^^^^^^^^^^^^^^^^^^^^^^^^^^
  File "D:\nhatro\backend\app\main.py", line 127, in rate_limit_middleware
    return await call_next(request)
           ^^^^^^^^^^^^^^^^^^^^^^^^
  File "D:\nhatro\backend\venv\Lib\site-packages\starlette\middleware\base.py", line 165, in call_next
    raise app_exc
  File "D:\nhatro\backend\venv\Lib\site-packages\starlette\middleware\base.py", line 151, in coro
    await self.app(scope, receive_or_disconnect, send_no_error)
  File "D:\nhatro\backend\venv\Lib\site-packages\starlette\middleware\base.py", line 189, in __call__
    with collapse_excgroups():
         ^^^^^^^^^^^^^^^^^^^^
  File "C:\Users\ngocson\.cache\codex-runtimes\codex-primary-runtime\dependencies\python\Lib\contextlib.py", line 158, in __exit__
    self.gen.throw(value)
  File "D:\nhatro\backend\venv\Lib\site-packages\starlette\_utils.py", line 93, in collapse_excgroups
    raise exc
  File "D:\nhatro\backend\venv\Lib\site-packages\starlette\middleware\base.py", line 191, in __call__
    response = await self.dispatch_func(request, call_next)
               ^^^^^^^^^^^^^^^^^^^^^^^^^^^^^^^^^^^^^^^^^^^^
  File "D:\nhatro\backend\app\main.py", line 93, in add_process_time
    response = await call_next(request)
               ^^^^^^^^^^^^^^^^^^^^^^^^
  File "D:\nhatro\backend\venv\Lib\site-packages\starlette\middleware\base.py", line 165, in call_next
    raise app_exc
  File "D:\nhatro\backend\venv\Lib\site-packages\starlette\middleware\base.py", line 151, in coro
    await self.app(scope, receive_or_disconnect, send_no_error)
  File "D:\nhatro\backend\venv\Lib\site-packages\starlette\middleware\base.py", line 189, in __call__
    with collapse_excgroups():
         ^^^^^^^^^^^^^^^^^^^^
  File "C:\Users\ngocson\.cache\codex-runtimes\codex-primary-runtime\dependencies\python\Lib\contextlib.py", line 158, in __exit__
    self.gen.throw(value)
  File "D:\nhatro\backend\venv\Lib\site-packages\starlette\_utils.py", line 93, in collapse_excgroups
    raise exc
  File "D:\nhatro\backend\venv\Lib\site-packages\starlette\middleware\base.py", line 191, in __call__
    response = await self.dispatch_func(request, call_next)
               ^^^^^^^^^^^^^^^^^^^^^^^^^^^^^^^^^^^^^^^^^^^^
  File "D:\nhatro\backend\app\main.py", line 86, in add_security_headers
    response = await call_next(request)
               ^^^^^^^^^^^^^^^^^^^^^^^^
  File "D:\nhatro\backend\venv\Lib\site-packages\starlette\middleware\base.py", line 165, in call_next
    raise app_exc
  File "D:\nhatro\backend\venv\Lib\site-packages\starlette\middleware\base.py", line 151, in coro
    await self.app(scope, receive_or_disconnect, send_no_error)
  File "D:\nhatro\backend\venv\Lib\site-packages\starlette\middleware\cors.py", line 85, in __call__
    await self.app(scope, receive, send)
  File "D:\nhatro\backend\venv\Lib\site-packages\starlette\middleware\exceptions.py", line 65, in __call__
    await wrap_app_handling_exceptions(self.app, conn)(scope, receive, send)
  File "D:\nhatro\backend\venv\Lib\site-packages\starlette\_exception_handler.py", line 64, in wrapped_app
    raise exc
  File "D:\nhatro\backend\venv\Lib\site-packages\starlette\_exception_handler.py", line 53, in wrapped_app
    await app(scope, receive, sender)
  File "D:\nhatro\backend\venv\Lib\site-packages\starlette\routing.py", line 756, in __call__
    await self.middleware_stack(scope, receive, send)
  File "D:\nhatro\backend\venv\Lib\site-packages\starlette\routing.py", line 776, in app
    await route.handle(scope, receive, send)
  File "D:\nhatro\backend\venv\Lib\site-packages\starlette\routing.py", line 297, in handle
    await self.app(scope, receive, send)
  File "D:\nhatro\backend\venv\Lib\site-packages\starlette\routing.py", line 77, in app
    await wrap_app_handling_exceptions(app, request)(scope, receive, send)
  File "D:\nhatro\backend\venv\Lib\site-packages\starlette\_exception_handler.py", line 75, in wrapped_app
    response = await handler(conn, exc)
               ^^^^^^^^^^^^^^^^^^^^^^^^
  File "D:\nhatro\backend\app\main.py", line 157, in validation_exception_handler
    return JSONResponse(
           ^^^^^^^^^^^^^
  File "D:\nhatro\backend\venv\Lib\site-packages\starlette\responses.py", line 184, in __init__
    super().__init__(content, status_code, headers, media_type, background)
  File "D:\nhatro\backend\venv\Lib\site-packages\starlette\responses.py", line 41, in __init__
    self.body = self.render(content)
                ^^^^^^^^^^^^^^^^^^^^
  File "D:\nhatro\backend\venv\Lib\site-packages\starlette\responses.py", line 187, in render
    return json.dumps(
           ^^^^^^^^^^^
  File "C:\Users\ngocson\.cache\codex-runtimes\codex-primary-runtime\dependencies\python\Lib\json\__init__.py", line 238, in dumps
    **kw).encode(obj)
          ^^^^^^^^^^^
  File "C:\Users\ngocson\.cache\codex-runtimes\codex-primary-runtime\dependencies\python\Lib\json\encoder.py", line 200, in encode
    chunks = self.iterencode(o, _one_shot=True)
             ^^^^^^^^^^^^^^^^^^^^^^^^^^^^^^^^^^
  File "C:\Users\ngocson\.cache\codex-runtimes\codex-primary-runtime\dependencies\python\Lib\json\encoder.py", line 258, in iterencode
    return _iterencode(o, 0)
           ^^^^^^^^^^^^^^^^^
  File "C:\Users\ngocson\.cache\codex-runtimes\codex-primary-runtime\dependencies\python\Lib\json\encoder.py", line 180, in default
    raise TypeError(f'Object of type {o.__class__.__name__} '
TypeError: Object of type ValueError is not JSON serializable
==============================================

=== VALIDATION ERROR AT POST /api/v1/auth/register ===
[{'type': 'value_error', 'loc': ('body', 'password'), 'msg': 'Value error, Password must be at least 8 characters', 'input': 'ZAP', 'ctx': {'error': ValueError('Password must be at least 8 characters')}}, {'type': 'string_type', 'loc': ('body', 'phone'), 'msg': 'Input should be a valid string', 'input': 9999999999}, {'type': 'value_error', 'loc': ('body', 'otp_code'), 'msg': 'Value error, OTP code must be 6 digits', 'input': 'John Doe', 'ctx': {'error': ValueError('OTP code must be 6 digits')}}]
==============================================

=== VALIDATION ERROR AT POST /api/v1/auth/login ===
[{'type': 'enum', 'loc': ('body', 'policy'), 'msg': "Input should be 'reject_new_login', 'revoke_oldest_session' or 'revoke_all_old_sessions'", 'input': 'zj 3942*5877 zj', 'ctx': {'expected': "'reject_new_login', 'revoke_oldest_session' or 'revoke_all_old_sessions'"}}]
==============================================

=== GLOBAL EXCEPTION HANDLER AT POST /api/v1/auth/register ===
  + Exception Group Traceback (most recent call last):
  |   File "D:\nhatro\backend\venv\Lib\site-packages\starlette\_utils.py", line 87, in collapse_excgroups
  |     yield
  |   File "D:\nhatro\backend\venv\Lib\site-packages\starlette\middleware\base.py", line 190, in __call__
  |     async with anyio.create_task_group() as task_group:
  |                ^^^^^^^^^^^^^^^^^^^^^^^^^
  |   File "D:\nhatro\backend\venv\Lib\site-packages\anyio\_backends\_asyncio.py", line 799, in __aexit__
  |     raise BaseExceptionGroup(
  | ExceptionGroup: unhandled errors in a TaskGroup (1 sub-exception)
  +-+---------------- 1 ----------------
    | Traceback (most recent call last):
    |   File "D:\nhatro\backend\venv\Lib\site-packages\starlette\middleware\errors.py", line 164, in __call__
    |     await self.app(scope, receive, _send)
    |   File "D:\nhatro\backend\venv\Lib\site-packages\starlette\middleware\base.py", line 189, in __call__
    |     with collapse_excgroups():
    |          ^^^^^^^^^^^^^^^^^^^^
    |   File "C:\Users\ngocson\.cache\codex-runtimes\codex-primary-runtime\dependencies\python\Lib\contextlib.py", line 158, in __exit__
    |     self.gen.throw(value)
    |   File "D:\nhatro\backend\venv\Lib\site-packages\starlette\_utils.py", line 93, in collapse_excgroups
    |     raise exc
    |   File "D:\nhatro\backend\venv\Lib\site-packages\starlette\middleware\base.py", line 191, in __call__
    |     response = await self.dispatch_func(request, call_next)
    |                ^^^^^^^^^^^^^^^^^^^^^^^^^^^^^^^^^^^^^^^^^^^^
    |   File "D:\nhatro\backend\app\main.py", line 127, in rate_limit_middleware
    |     return await call_next(request)
    |            ^^^^^^^^^^^^^^^^^^^^^^^^
    |   File "D:\nhatro\backend\venv\Lib\site-packages\starlette\middleware\base.py", line 165, in call_next
    |     raise app_exc
    |   File "D:\nhatro\backend\venv\Lib\site-packages\starlette\middleware\base.py", line 151, in coro
    |     await self.app(scope, receive_or_disconnect, send_no_error)
    |   File "D:\nhatro\backend\venv\Lib\site-packages\starlette\middleware\base.py", line 189, in __call__
    |     with collapse_excgroups():
    |          ^^^^^^^^^^^^^^^^^^^^
    |   File "C:\Users\ngocson\.cache\codex-runtimes\codex-primary-runtime\dependencies\python\Lib\contextlib.py", line 158, in __exit__
    |     self.gen.throw(value)
    |   File "D:\nhatro\backend\venv\Lib\site-packages\starlette\_utils.py", line 93, in collapse_excgroups
    |     raise exc
    |   File "D:\nhatro\backend\venv\Lib\site-packages\starlette\middleware\base.py", line 191, in __call__
    |     response = await self.dispatch_func(request, call_next)
    |                ^^^^^^^^^^^^^^^^^^^^^^^^^^^^^^^^^^^^^^^^^^^^
    |   File "D:\nhatro\backend\app\main.py", line 93, in add_process_time
    |     response = await call_next(request)
    |                ^^^^^^^^^^^^^^^^^^^^^^^^
    |   File "D:\nhatro\backend\venv\Lib\site-packages\starlette\middleware\base.py", line 165, in call_next
    |     raise app_exc
    |   File "D:\nhatro\backend\venv\Lib\site-packages\starlette\middleware\base.py", line 151, in coro
    |     await self.app(scope, receive_or_disconnect, send_no_error)
    |   File "D:\nhatro\backend\venv\Lib\site-packages\starlette\middleware\base.py", line 189, in __call__
    |     with collapse_excgroups():
    |          ^^^^^^^^^^^^^^^^^^^^
    |   File "C:\Users\ngocson\.cache\codex-runtimes\codex-primary-runtime\dependencies\python\Lib\contextlib.py", line 158, in __exit__
    |     self.gen.throw(value)
    |   File "D:\nhatro\backend\venv\Lib\site-packages\starlette\_utils.py", line 93, in collapse_excgroups
    |     raise exc
    |   File "D:\nhatro\backend\venv\Lib\site-packages\starlette\middleware\base.py", line 191, in __call__
    |     response = await self.dispatch_func(request, call_next)
    |                ^^^^^^^^^^^^^^^^^^^^^^^^^^^^^^^^^^^^^^^^^^^^
    |   File "D:\nhatro\backend\app\main.py", line 86, in add_security_headers
    |     response = await call_next(request)
    |                ^^^^^^^^^^^^^^^^^^^^^^^^
    |   File "D:\nhatro\backend\venv\Lib\site-packages\starlette\middleware\base.py", line 165, in call_next
    |     raise app_exc
    |   File "D:\nhatro\backend\venv\Lib\site-packages\starlette\middleware\base.py", line 151, in coro
    |     await self.app(scope, receive_or_disconnect, send_no_error)
    |   File "D:\nhatro\backend\venv\Lib\site-packages\starlette\middleware\cors.py", line 85, in __call__
    |     await self.app(scope, receive, send)
    |   File "D:\nhatro\backend\venv\Lib\site-packages\starlette\middleware\exceptions.py", line 65, in __call__
    |     await wrap_app_handling_exceptions(self.app, conn)(scope, receive, send)
    |   File "D:\nhatro\backend\venv\Lib\site-packages\starlette\_exception_handler.py", line 64, in wrapped_app
    |     raise exc
    |   File "D:\nhatro\backend\venv\Lib\site-packages\starlette\_exception_handler.py", line 53, in wrapped_app
    |     await app(scope, receive, sender)
    |   File "D:\nhatro\backend\venv\Lib\site-packages\starlette\routing.py", line 756, in __call__
    |     await self.middleware_stack(scope, receive, send)
    |   File "D:\nhatro\backend\venv\Lib\site-packages\starlette\routing.py", line 776, in app
    |     await route.handle(scope, receive, send)
    |   File "D:\nhatro\backend\venv\Lib\site-packages\starlette\routing.py", line 297, in handle
    |     await self.app(scope, receive, send)
    |   File "D:\nhatro\backend\venv\Lib\site-packages\starlette\routing.py", line 77, in app
    |     await wrap_app_handling_exceptions(app, request)(scope, receive, send)
    |   File "D:\nhatro\backend\venv\Lib\site-packages\starlette\_exception_handler.py", line 75, in wrapped_app
    |     response = await handler(conn, exc)
    |                ^^^^^^^^^^^^^^^^^^^^^^^^
    |   File "D:\nhatro\backend\app\main.py", line 157, in validation_exception_handler
    |     return JSONResponse(
    |            ^^^^^^^^^^^^^
    |   File "D:\nhatro\backend\venv\Lib\site-packages\starlette\responses.py", line 184, in __init__
    |     super().__init__(content, status_code, headers, media_type, background)
    |   File "D:\nhatro\backend\venv\Lib\site-packages\starlette\responses.py", line 41, in __init__
    |     self.body = self.render(content)
    |                 ^^^^^^^^^^^^^^^^^^^^
    |   File "D:\nhatro\backend\venv\Lib\site-packages\starlette\responses.py", line 187, in render
    |     return json.dumps(
    |            ^^^^^^^^^^^
    |   File "C:\Users\ngocson\.cache\codex-runtimes\codex-primary-runtime\dependencies\python\Lib\json\__init__.py", line 238, in dumps
    |     **kw).encode(obj)
    |           ^^^^^^^^^^^
    |   File "C:\Users\ngocson\.cache\codex-runtimes\codex-primary-runtime\dependencies\python\Lib\json\encoder.py", line 200, in encode
    |     chunks = self.iterencode(o, _one_shot=True)
    |              ^^^^^^^^^^^^^^^^^^^^^^^^^^^^^^^^^^
    |   File "C:\Users\ngocson\.cache\codex-runtimes\codex-primary-runtime\dependencies\python\Lib\json\encoder.py", line 258, in iterencode
    |     return _iterencode(o, 0)
    |            ^^^^^^^^^^^^^^^^^
    |   File "C:\Users\ngocson\.cache\codex-runtimes\codex-primary-runtime\dependencies\python\Lib\json\encoder.py", line 180, in default
    |     raise TypeError(f'Object of type {o.__class__.__name__} '
    | TypeError: Object of type ValueError is not JSON serializable
    +------------------------------------

During handling of the above exception, another exception occurred:

Traceback (most recent call last):
  File "D:\nhatro\backend\venv\Lib\site-packages\starlette\middleware\errors.py", line 164, in __call__
    await self.app(scope, receive, _send)
  File "D:\nhatro\backend\venv\Lib\site-packages\starlette\middleware\base.py", line 189, in __call__
    with collapse_excgroups():
         ^^^^^^^^^^^^^^^^^^^^
  File "C:\Users\ngocson\.cache\codex-runtimes\codex-primary-runtime\dependencies\python\Lib\contextlib.py", line 158, in __exit__
    self.gen.throw(value)
  File "D:\nhatro\backend\venv\Lib\site-packages\starlette\_utils.py", line 93, in collapse_excgroups
    raise exc
  File "D:\nhatro\backend\venv\Lib\site-packages\starlette\middleware\base.py", line 191, in __call__
    response = await self.dispatch_func(request, call_next)
               ^^^^^^^^^^^^^^^^^^^^^^^^^^^^^^^^^^^^^^^^^^^^
  File "D:\nhatro\backend\app\main.py", line 127, in rate_limit_middleware
    return await call_next(request)
           ^^^^^^^^^^^^^^^^^^^^^^^^
  File "D:\nhatro\backend\venv\Lib\site-packages\starlette\middleware\base.py", line 165, in call_next
    raise app_exc
  File "D:\nhatro\backend\venv\Lib\site-packages\starlette\middleware\base.py", line 151, in coro
    await self.app(scope, receive_or_disconnect, send_no_error)
  File "D:\nhatro\backend\venv\Lib\site-packages\starlette\middleware\base.py", line 189, in __call__
    with collapse_excgroups():
         ^^^^^^^^^^^^^^^^^^^^
  File "C:\Users\ngocson\.cache\codex-runtimes\codex-primary-runtime\dependencies\python\Lib\contextlib.py", line 158, in __exit__
    self.gen.throw(value)
  File "D:\nhatro\backend\venv\Lib\site-packages\starlette\_utils.py", line 93, in collapse_excgroups
    raise exc
  File "D:\nhatro\backend\venv\Lib\site-packages\starlette\middleware\base.py", line 191, in __call__
    response = await self.dispatch_func(request, call_next)
               ^^^^^^^^^^^^^^^^^^^^^^^^^^^^^^^^^^^^^^^^^^^^
  File "D:\nhatro\backend\app\main.py", line 93, in add_process_time
    response = await call_next(request)
               ^^^^^^^^^^^^^^^^^^^^^^^^
  File "D:\nhatro\backend\venv\Lib\site-packages\starlette\middleware\base.py", line 165, in call_next
    raise app_exc
  File "D:\nhatro\backend\venv\Lib\site-packages\starlette\middleware\base.py", line 151, in coro
    await self.app(scope, receive_or_disconnect, send_no_error)
  File "D:\nhatro\backend\venv\Lib\site-packages\starlette\middleware\base.py", line 189, in __call__
    with collapse_excgroups():
         ^^^^^^^^^^^^^^^^^^^^
  File "C:\Users\ngocson\.cache\codex-runtimes\codex-primary-runtime\dependencies\python\Lib\contextlib.py", line 158, in __exit__
    self.gen.throw(value)
  File "D:\nhatro\backend\venv\Lib\site-packages\starlette\_utils.py", line 93, in collapse_excgroups
    raise exc
  File "D:\nhatro\backend\venv\Lib\site-packages\starlette\middleware\base.py", line 191, in __call__
    response = await self.dispatch_func(request, call_next)
               ^^^^^^^^^^^^^^^^^^^^^^^^^^^^^^^^^^^^^^^^^^^^
  File "D:\nhatro\backend\app\main.py", line 86, in add_security_headers
    response = await call_next(request)
               ^^^^^^^^^^^^^^^^^^^^^^^^
  File "D:\nhatro\backend\venv\Lib\site-packages\starlette\middleware\base.py", line 165, in call_next
    raise app_exc
  File "D:\nhatro\backend\venv\Lib\site-packages\starlette\middleware\base.py", line 151, in coro
    await self.app(scope, receive_or_disconnect, send_no_error)
  File "D:\nhatro\backend\venv\Lib\site-packages\starlette\middleware\cors.py", line 85, in __call__
    await self.app(scope, receive, send)
  File "D:\nhatro\backend\venv\Lib\site-packages\starlette\middleware\exceptions.py", line 65, in __call__
    await wrap_app_handling_exceptions(self.app, conn)(scope, receive, send)
  File "D:\nhatro\backend\venv\Lib\site-packages\starlette\_exception_handler.py", line 64, in wrapped_app
    raise exc
  File "D:\nhatro\backend\venv\Lib\site-packages\starlette\_exception_handler.py", line 53, in wrapped_app
    await app(scope, receive, sender)
  File "D:\nhatro\backend\venv\Lib\site-packages\starlette\routing.py", line 756, in __call__
    await self.middleware_stack(scope, receive, send)
  File "D:\nhatro\backend\venv\Lib\site-packages\starlette\routing.py", line 776, in app
    await route.handle(scope, receive, send)
  File "D:\nhatro\backend\venv\Lib\site-packages\starlette\routing.py", line 297, in handle
    await self.app(scope, receive, send)
  File "D:\nhatro\backend\venv\Lib\site-packages\starlette\routing.py", line 77, in app
    await wrap_app_handling_exceptions(app, request)(scope, receive, send)
  File "D:\nhatro\backend\venv\Lib\site-packages\starlette\_exception_handler.py", line 75, in wrapped_app
    response = await handler(conn, exc)
               ^^^^^^^^^^^^^^^^^^^^^^^^
  File "D:\nhatro\backend\app\main.py", line 157, in validation_exception_handler
    return JSONResponse(
           ^^^^^^^^^^^^^
  File "D:\nhatro\backend\venv\Lib\site-packages\starlette\responses.py", line 184, in __init__
    super().__init__(content, status_code, headers, media_type, background)
  File "D:\nhatro\backend\venv\Lib\site-packages\starlette\responses.py", line 41, in __init__
    self.body = self.render(content)
                ^^^^^^^^^^^^^^^^^^^^
  File "D:\nhatro\backend\venv\Lib\site-packages\starlette\responses.py", line 187, in render
    return json.dumps(
           ^^^^^^^^^^^
  File "C:\Users\ngocson\.cache\codex-runtimes\codex-primary-runtime\dependencies\python\Lib\json\__init__.py", line 238, in dumps
    **kw).encode(obj)
          ^^^^^^^^^^^
  File "C:\Users\ngocson\.cache\codex-runtimes\codex-primary-runtime\dependencies\python\Lib\json\encoder.py", line 200, in encode
    chunks = self.iterencode(o, _one_shot=True)
             ^^^^^^^^^^^^^^^^^^^^^^^^^^^^^^^^^^
  File "C:\Users\ngocson\.cache\codex-runtimes\codex-primary-runtime\dependencies\python\Lib\json\encoder.py", line 258, in iterencode
    return _iterencode(o, 0)
           ^^^^^^^^^^^^^^^^^
  File "C:\Users\ngocson\.cache\codex-runtimes\codex-primary-runtime\dependencies\python\Lib\json\encoder.py", line 180, in default
    raise TypeError(f'Object of type {o.__class__.__name__} '
TypeError: Object of type ValueError is not JSON serializable
==============================================

=== VALIDATION ERROR AT POST /api/v1/auth/register ===
[{'type': 'value_error', 'loc': ('body', 'password'), 'msg': 'Value error, Password must be at least 8 characters', 'input': 'ZAP', 'ctx': {'error': ValueError('Password must be at least 8 characters')}}, {'type': 'string_type', 'loc': ('body', 'phone'), 'msg': 'Input should be a valid string', 'input': 9999999999}, {'type': 'value_error', 'loc': ('body', 'otp_code'), 'msg': 'Value error, OTP code must be 6 digits', 'input': 'John Doe', 'ctx': {'error': ValueError('OTP code must be 6 digits')}}]
==============================================

=== VALIDATION ERROR AT POST /api/v1/auth/login ===
[{'type': 'enum', 'loc': ('body', 'policy'), 'msg': "Input should be 'reject_new_login', 'revoke_oldest_session' or 'revoke_all_old_sessions'", 'input': 'zj{9576*9698}zj', 'ctx': {'expected': "'reject_new_login', 'revoke_oldest_session' or 'revoke_all_old_sessions'"}}]
==============================================

=== GLOBAL EXCEPTION HANDLER AT POST /api/v1/auth/register ===
  + Exception Group Traceback (most recent call last):
  |   File "D:\nhatro\backend\venv\Lib\site-packages\starlette\_utils.py", line 87, in collapse_excgroups
  |     yield
  |   File "D:\nhatro\backend\venv\Lib\site-packages\starlette\middleware\base.py", line 190, in __call__
  |     async with anyio.create_task_group() as task_group:
  |                ^^^^^^^^^^^^^^^^^^^^^^^^^
  |   File "D:\nhatro\backend\venv\Lib\site-packages\anyio\_backends\_asyncio.py", line 799, in __aexit__
  |     raise BaseExceptionGroup(
  | ExceptionGroup: unhandled errors in a TaskGroup (1 sub-exception)
  +-+---------------- 1 ----------------
    | Traceback (most recent call last):
    |   File "D:\nhatro\backend\venv\Lib\site-packages\starlette\middleware\errors.py", line 164, in __call__
    |     await self.app(scope, receive, _send)
    |   File "D:\nhatro\backend\venv\Lib\site-packages\starlette\middleware\base.py", line 189, in __call__
    |     with collapse_excgroups():
    |          ^^^^^^^^^^^^^^^^^^^^
    |   File "C:\Users\ngocson\.cache\codex-runtimes\codex-primary-runtime\dependencies\python\Lib\contextlib.py", line 158, in __exit__
    |     self.gen.throw(value)
    |   File "D:\nhatro\backend\venv\Lib\site-packages\starlette\_utils.py", line 93, in collapse_excgroups
    |     raise exc
    |   File "D:\nhatro\backend\venv\Lib\site-packages\starlette\middleware\base.py", line 191, in __call__
    |     response = await self.dispatch_func(request, call_next)
    |                ^^^^^^^^^^^^^^^^^^^^^^^^^^^^^^^^^^^^^^^^^^^^
    |   File "D:\nhatro\backend\app\main.py", line 127, in rate_limit_middleware
    |     return await call_next(request)
    |            ^^^^^^^^^^^^^^^^^^^^^^^^
    |   File "D:\nhatro\backend\venv\Lib\site-packages\starlette\middleware\base.py", line 165, in call_next
    |     raise app_exc
    |   File "D:\nhatro\backend\venv\Lib\site-packages\starlette\middleware\base.py", line 151, in coro
    |     await self.app(scope, receive_or_disconnect, send_no_error)
    |   File "D:\nhatro\backend\venv\Lib\site-packages\starlette\middleware\base.py", line 189, in __call__
    |     with collapse_excgroups():
    |          ^^^^^^^^^^^^^^^^^^^^
    |   File "C:\Users\ngocson\.cache\codex-runtimes\codex-primary-runtime\dependencies\python\Lib\contextlib.py", line 158, in __exit__
    |     self.gen.throw(value)
    |   File "D:\nhatro\backend\venv\Lib\site-packages\starlette\_utils.py", line 93, in collapse_excgroups
    |     raise exc
    |   File "D:\nhatro\backend\venv\Lib\site-packages\starlette\middleware\base.py", line 191, in __call__
    |     response = await self.dispatch_func(request, call_next)
    |                ^^^^^^^^^^^^^^^^^^^^^^^^^^^^^^^^^^^^^^^^^^^^
    |   File "D:\nhatro\backend\app\main.py", line 93, in add_process_time
    |     response = await call_next(request)
    |                ^^^^^^^^^^^^^^^^^^^^^^^^
    |   File "D:\nhatro\backend\venv\Lib\site-packages\starlette\middleware\base.py", line 165, in call_next
    |     raise app_exc
    |   File "D:\nhatro\backend\venv\Lib\site-packages\starlette\middleware\base.py", line 151, in coro
    |     await self.app(scope, receive_or_disconnect, send_no_error)
    |   File "D:\nhatro\backend\venv\Lib\site-packages\starlette\middleware\base.py", line 189, in __call__
    |     with collapse_excgroups():
    |          ^^^^^^^^^^^^^^^^^^^^
    |   File "C:\Users\ngocson\.cache\codex-runtimes\codex-primary-runtime\dependencies\python\Lib\contextlib.py", line 158, in __exit__
    |     self.gen.throw(value)
    |   File "D:\nhatro\backend\venv\Lib\site-packages\starlette\_utils.py", line 93, in collapse_excgroups
    |     raise exc
    |   File "D:\nhatro\backend\venv\Lib\site-packages\starlette\middleware\base.py", line 191, in __call__
    |     response = await self.dispatch_func(request, call_next)
    |                ^^^^^^^^^^^^^^^^^^^^^^^^^^^^^^^^^^^^^^^^^^^^
    |   File "D:\nhatro\backend\app\main.py", line 86, in add_security_headers
    |     response = await call_next(request)
    |                ^^^^^^^^^^^^^^^^^^^^^^^^
    |   File "D:\nhatro\backend\venv\Lib\site-packages\starlette\middleware\base.py", line 165, in call_next
    |     raise app_exc
    |   File "D:\nhatro\backend\venv\Lib\site-packages\starlette\middleware\base.py", line 151, in coro
    |     await self.app(scope, receive_or_disconnect, send_no_error)
    |   File "D:\nhatro\backend\venv\Lib\site-packages\starlette\middleware\cors.py", line 85, in __call__
    |     await self.app(scope, receive, send)
    |   File "D:\nhatro\backend\venv\Lib\site-packages\starlette\middleware\exceptions.py", line 65, in __call__
    |     await wrap_app_handling_exceptions(self.app, conn)(scope, receive, send)
    |   File "D:\nhatro\backend\venv\Lib\site-packages\starlette\_exception_handler.py", line 64, in wrapped_app
    |     raise exc
    |   File "D:\nhatro\backend\venv\Lib\site-packages\starlette\_exception_handler.py", line 53, in wrapped_app
    |     await app(scope, receive, sender)
    |   File "D:\nhatro\backend\venv\Lib\site-packages\starlette\routing.py", line 756, in __call__
    |     await self.middleware_stack(scope, receive, send)
    |   File "D:\nhatro\backend\venv\Lib\site-packages\starlette\routing.py", line 776, in app
    |     await route.handle(scope, receive, send)
    |   File "D:\nhatro\backend\venv\Lib\site-packages\starlette\routing.py", line 297, in handle
    |     await self.app(scope, receive, send)
    |   File "D:\nhatro\backend\venv\Lib\site-packages\starlette\routing.py", line 77, in app
    |     await wrap_app_handling_exceptions(app, request)(scope, receive, send)
    |   File "D:\nhatro\backend\venv\Lib\site-packages\starlette\_exception_handler.py", line 75, in wrapped_app
    |     response = await handler(conn, exc)
    |                ^^^^^^^^^^^^^^^^^^^^^^^^
    |   File "D:\nhatro\backend\app\main.py", line 157, in validation_exception_handler
    |     return JSONResponse(
    |            ^^^^^^^^^^^^^
    |   File "D:\nhatro\backend\venv\Lib\site-packages\starlette\responses.py", line 184, in __init__
    |     super().__init__(content, status_code, headers, media_type, background)
    |   File "D:\nhatro\backend\venv\Lib\site-packages\starlette\responses.py", line 41, in __init__
    |     self.body = self.render(content)
    |                 ^^^^^^^^^^^^^^^^^^^^
    |   File "D:\nhatro\backend\venv\Lib\site-packages\starlette\responses.py", line 187, in render
    |     return json.dumps(
    |            ^^^^^^^^^^^
    |   File "C:\Users\ngocson\.cache\codex-runtimes\codex-primary-runtime\dependencies\python\Lib\json\__init__.py", line 238, in dumps
    |     **kw).encode(obj)
    |           ^^^^^^^^^^^
    |   File "C:\Users\ngocson\.cache\codex-runtimes\codex-primary-runtime\dependencies\python\Lib\json\encoder.py", line 200, in encode
    |     chunks = self.iterencode(o, _one_shot=True)
    |              ^^^^^^^^^^^^^^^^^^^^^^^^^^^^^^^^^^
    |   File "C:\Users\ngocson\.cache\codex-runtimes\codex-primary-runtime\dependencies\python\Lib\json\encoder.py", line 258, in iterencode
    |     return _iterencode(o, 0)
    |            ^^^^^^^^^^^^^^^^^
    |   File "C:\Users\ngocson\.cache\codex-runtimes\codex-primary-runtime\dependencies\python\Lib\json\encoder.py", line 180, in default
    |     raise TypeError(f'Object of type {o.__class__.__name__} '
    | TypeError: Object of type ValueError is not JSON serializable
    +------------------------------------

During handling of the above exception, another exception occurred:

Traceback (most recent call last):
  File "D:\nhatro\backend\venv\Lib\site-packages\starlette\middleware\errors.py", line 164, in __call__
    await self.app(scope, receive, _send)
  File "D:\nhatro\backend\venv\Lib\site-packages\starlette\middleware\base.py", line 189, in __call__
    with collapse_excgroups():
         ^^^^^^^^^^^^^^^^^^^^
  File "C:\Users\ngocson\.cache\codex-runtimes\codex-primary-runtime\dependencies\python\Lib\contextlib.py", line 158, in __exit__
    self.gen.throw(value)
  File "D:\nhatro\backend\venv\Lib\site-packages\starlette\_utils.py", line 93, in collapse_excgroups
    raise exc
  File "D:\nhatro\backend\venv\Lib\site-packages\starlette\middleware\base.py", line 191, in __call__
    response = await self.dispatch_func(request, call_next)
               ^^^^^^^^^^^^^^^^^^^^^^^^^^^^^^^^^^^^^^^^^^^^
  File "D:\nhatro\backend\app\main.py", line 127, in rate_limit_middleware
    return await call_next(request)
           ^^^^^^^^^^^^^^^^^^^^^^^^
  File "D:\nhatro\backend\venv\Lib\site-packages\starlette\middleware\base.py", line 165, in call_next
    raise app_exc
  File "D:\nhatro\backend\venv\Lib\site-packages\starlette\middleware\base.py", line 151, in coro
    await self.app(scope, receive_or_disconnect, send_no_error)
  File "D:\nhatro\backend\venv\Lib\site-packages\starlette\middleware\base.py", line 189, in __call__
    with collapse_excgroups():
         ^^^^^^^^^^^^^^^^^^^^
  File "C:\Users\ngocson\.cache\codex-runtimes\codex-primary-runtime\dependencies\python\Lib\contextlib.py", line 158, in __exit__
    self.gen.throw(value)
  File "D:\nhatro\backend\venv\Lib\site-packages\starlette\_utils.py", line 93, in collapse_excgroups
    raise exc
  File "D:\nhatro\backend\venv\Lib\site-packages\starlette\middleware\base.py", line 191, in __call__
    response = await self.dispatch_func(request, call_next)
               ^^^^^^^^^^^^^^^^^^^^^^^^^^^^^^^^^^^^^^^^^^^^
  File "D:\nhatro\backend\app\main.py", line 93, in add_process_time
    response = await call_next(request)
               ^^^^^^^^^^^^^^^^^^^^^^^^
  File "D:\nhatro\backend\venv\Lib\site-packages\starlette\middleware\base.py", line 165, in call_next
    raise app_exc
  File "D:\nhatro\backend\venv\Lib\site-packages\starlette\middleware\base.py", line 151, in coro
    await self.app(scope, receive_or_disconnect, send_no_error)
  File "D:\nhatro\backend\venv\Lib\site-packages\starlette\middleware\base.py", line 189, in __call__
    with collapse_excgroups():
         ^^^^^^^^^^^^^^^^^^^^
  File "C:\Users\ngocson\.cache\codex-runtimes\codex-primary-runtime\dependencies\python\Lib\contextlib.py", line 158, in __exit__
    self.gen.throw(value)
  File "D:\nhatro\backend\venv\Lib\site-packages\starlette\_utils.py", line 93, in collapse_excgroups
    raise exc
  File "D:\nhatro\backend\venv\Lib\site-packages\starlette\middleware\base.py", line 191, in __call__
    response = await self.dispatch_func(request, call_next)
               ^^^^^^^^^^^^^^^^^^^^^^^^^^^^^^^^^^^^^^^^^^^^
  File "D:\nhatro\backend\app\main.py", line 86, in add_security_headers
    response = await call_next(request)
               ^^^^^^^^^^^^^^^^^^^^^^^^
  File "D:\nhatro\backend\venv\Lib\site-packages\starlette\middleware\base.py", line 165, in call_next
    raise app_exc
  File "D:\nhatro\backend\venv\Lib\site-packages\starlette\middleware\base.py", line 151, in coro
    await self.app(scope, receive_or_disconnect, send_no_error)
  File "D:\nhatro\backend\venv\Lib\site-packages\starlette\middleware\cors.py", line 85, in __call__
    await self.app(scope, receive, send)
  File "D:\nhatro\backend\venv\Lib\site-packages\starlette\middleware\exceptions.py", line 65, in __call__
    await wrap_app_handling_exceptions(self.app, conn)(scope, receive, send)
  File "D:\nhatro\backend\venv\Lib\site-packages\starlette\_exception_handler.py", line 64, in wrapped_app
    raise exc
  File "D:\nhatro\backend\venv\Lib\site-packages\starlette\_exception_handler.py", line 53, in wrapped_app
    await app(scope, receive, sender)
  File "D:\nhatro\backend\venv\Lib\site-packages\starlette\routing.py", line 756, in __call__
    await self.middleware_stack(scope, receive, send)
  File "D:\nhatro\backend\venv\Lib\site-packages\starlette\routing.py", line 776, in app
    await route.handle(scope, receive, send)
  File "D:\nhatro\backend\venv\Lib\site-packages\starlette\routing.py", line 297, in handle
    await self.app(scope, receive, send)
  File "D:\nhatro\backend\venv\Lib\site-packages\starlette\routing.py", line 77, in app
    await wrap_app_handling_exceptions(app, request)(scope, receive, send)
  File "D:\nhatro\backend\venv\Lib\site-packages\starlette\_exception_handler.py", line 75, in wrapped_app
    response = await handler(conn, exc)
               ^^^^^^^^^^^^^^^^^^^^^^^^
  File "D:\nhatro\backend\app\main.py", line 157, in validation_exception_handler
    return JSONResponse(
           ^^^^^^^^^^^^^
  File "D:\nhatro\backend\venv\Lib\site-packages\starlette\responses.py", line 184, in __init__
    super().__init__(content, status_code, headers, media_type, background)
  File "D:\nhatro\backend\venv\Lib\site-packages\starlette\responses.py", line 41, in __init__
    self.body = self.render(content)
                ^^^^^^^^^^^^^^^^^^^^
  File "D:\nhatro\backend\venv\Lib\site-packages\starlette\responses.py", line 187, in render
    return json.dumps(
           ^^^^^^^^^^^
  File "C:\Users\ngocson\.cache\codex-runtimes\codex-primary-runtime\dependencies\python\Lib\json\__init__.py", line 238, in dumps
    **kw).encode(obj)
          ^^^^^^^^^^^
  File "C:\Users\ngocson\.cache\codex-runtimes\codex-primary-runtime\dependencies\python\Lib\json\encoder.py", line 200, in encode
    chunks = self.iterencode(o, _one_shot=True)
             ^^^^^^^^^^^^^^^^^^^^^^^^^^^^^^^^^^
  File "C:\Users\ngocson\.cache\codex-runtimes\codex-primary-runtime\dependencies\python\Lib\json\encoder.py", line 258, in iterencode
    return _iterencode(o, 0)
           ^^^^^^^^^^^^^^^^^
  File "C:\Users\ngocson\.cache\codex-runtimes\codex-primary-runtime\dependencies\python\Lib\json\encoder.py", line 180, in default
    raise TypeError(f'Object of type {o.__class__.__name__} '
TypeError: Object of type ValueError is not JSON serializable
==============================================

=== VALIDATION ERROR AT POST /api/v1/auth/register ===
[{'type': 'value_error', 'loc': ('body', 'password'), 'msg': 'Value error, Password must be at least 8 characters', 'input': 'ZAP', 'ctx': {'error': ValueError('Password must be at least 8 characters')}}, {'type': 'string_type', 'loc': ('body', 'phone'), 'msg': 'Input should be a valid string', 'input': 9999999999}, {'type': 'value_error', 'loc': ('body', 'otp_code'), 'msg': 'Value error, OTP code must be 6 digits', 'input': 'John Doe', 'ctx': {'error': ValueError('OTP code must be 6 digits')}}]
==============================================

=== VALIDATION ERROR AT POST /api/v1/auth/login ===
[{'type': 'enum', 'loc': ('body', 'policy'), 'msg': "Input should be 'reject_new_login', 'revoke_oldest_session' or 'revoke_all_old_sessions'", 'input': 'zj${9714*1278}zj', 'ctx': {'expected': "'reject_new_login', 'revoke_oldest_session' or 'revoke_all_old_sessions'"}}]
==============================================

=== GLOBAL EXCEPTION HANDLER AT POST /api/v1/auth/register ===
  + Exception Group Traceback (most recent call last):
  |   File "D:\nhatro\backend\venv\Lib\site-packages\starlette\_utils.py", line 87, in collapse_excgroups
  |     yield
  |   File "D:\nhatro\backend\venv\Lib\site-packages\starlette\middleware\base.py", line 190, in __call__
  |     async with anyio.create_task_group() as task_group:
  |                ^^^^^^^^^^^^^^^^^^^^^^^^^
  |   File "D:\nhatro\backend\venv\Lib\site-packages\anyio\_backends\_asyncio.py", line 799, in __aexit__
  |     raise BaseExceptionGroup(
  | ExceptionGroup: unhandled errors in a TaskGroup (1 sub-exception)
  +-+---------------- 1 ----------------
    | Traceback (most recent call last):
    |   File "D:\nhatro\backend\venv\Lib\site-packages\starlette\middleware\errors.py", line 164, in __call__
    |     await self.app(scope, receive, _send)
    |   File "D:\nhatro\backend\venv\Lib\site-packages\starlette\middleware\base.py", line 189, in __call__
    |     with collapse_excgroups():
    |          ^^^^^^^^^^^^^^^^^^^^
    |   File "C:\Users\ngocson\.cache\codex-runtimes\codex-primary-runtime\dependencies\python\Lib\contextlib.py", line 158, in __exit__
    |     self.gen.throw(value)
    |   File "D:\nhatro\backend\venv\Lib\site-packages\starlette\_utils.py", line 93, in collapse_excgroups
    |     raise exc
    |   File "D:\nhatro\backend\venv\Lib\site-packages\starlette\middleware\base.py", line 191, in __call__
    |     response = await self.dispatch_func(request, call_next)
    |                ^^^^^^^^^^^^^^^^^^^^^^^^^^^^^^^^^^^^^^^^^^^^
    |   File "D:\nhatro\backend\app\main.py", line 127, in rate_limit_middleware
    |     return await call_next(request)
    |            ^^^^^^^^^^^^^^^^^^^^^^^^
    |   File "D:\nhatro\backend\venv\Lib\site-packages\starlette\middleware\base.py", line 165, in call_next
    |     raise app_exc
    |   File "D:\nhatro\backend\venv\Lib\site-packages\starlette\middleware\base.py", line 151, in coro
    |     await self.app(scope, receive_or_disconnect, send_no_error)
    |   File "D:\nhatro\backend\venv\Lib\site-packages\starlette\middleware\base.py", line 189, in __call__
    |     with collapse_excgroups():
    |          ^^^^^^^^^^^^^^^^^^^^
    |   File "C:\Users\ngocson\.cache\codex-runtimes\codex-primary-runtime\dependencies\python\Lib\contextlib.py", line 158, in __exit__
    |     self.gen.throw(value)
    |   File "D:\nhatro\backend\venv\Lib\site-packages\starlette\_utils.py", line 93, in collapse_excgroups
    |     raise exc
    |   File "D:\nhatro\backend\venv\Lib\site-packages\starlette\middleware\base.py", line 191, in __call__
    |     response = await self.dispatch_func(request, call_next)
    |                ^^^^^^^^^^^^^^^^^^^^^^^^^^^^^^^^^^^^^^^^^^^^
    |   File "D:\nhatro\backend\app\main.py", line 93, in add_process_time
    |     response = await call_next(request)
    |                ^^^^^^^^^^^^^^^^^^^^^^^^
    |   File "D:\nhatro\backend\venv\Lib\site-packages\starlette\middleware\base.py", line 165, in call_next
    |     raise app_exc
    |   File "D:\nhatro\backend\venv\Lib\site-packages\starlette\middleware\base.py", line 151, in coro
    |     await self.app(scope, receive_or_disconnect, send_no_error)
    |   File "D:\nhatro\backend\venv\Lib\site-packages\starlette\middleware\base.py", line 189, in __call__
    |     with collapse_excgroups():
    |          ^^^^^^^^^^^^^^^^^^^^
    |   File "C:\Users\ngocson\.cache\codex-runtimes\codex-primary-runtime\dependencies\python\Lib\contextlib.py", line 158, in __exit__
    |     self.gen.throw(value)
    |   File "D:\nhatro\backend\venv\Lib\site-packages\starlette\_utils.py", line 93, in collapse_excgroups
    |     raise exc
    |   File "D:\nhatro\backend\venv\Lib\site-packages\starlette\middleware\base.py", line 191, in __call__
    |     response = await self.dispatch_func(request, call_next)
    |                ^^^^^^^^^^^^^^^^^^^^^^^^^^^^^^^^^^^^^^^^^^^^
    |   File "D:\nhatro\backend\app\main.py", line 86, in add_security_headers
    |     response = await call_next(request)
    |                ^^^^^^^^^^^^^^^^^^^^^^^^
    |   File "D:\nhatro\backend\venv\Lib\site-packages\starlette\middleware\base.py", line 165, in call_next
    |     raise app_exc
    |   File "D:\nhatro\backend\venv\Lib\site-packages\starlette\middleware\base.py", line 151, in coro
    |     await self.app(scope, receive_or_disconnect, send_no_error)
    |   File "D:\nhatro\backend\venv\Lib\site-packages\starlette\middleware\cors.py", line 85, in __call__
    |     await self.app(scope, receive, send)
    |   File "D:\nhatro\backend\venv\Lib\site-packages\starlette\middleware\exceptions.py", line 65, in __call__
    |     await wrap_app_handling_exceptions(self.app, conn)(scope, receive, send)
    |   File "D:\nhatro\backend\venv\Lib\site-packages\starlette\_exception_handler.py", line 64, in wrapped_app
    |     raise exc
    |   File "D:\nhatro\backend\venv\Lib\site-packages\starlette\_exception_handler.py", line 53, in wrapped_app
    |     await app(scope, receive, sender)
    |   File "D:\nhatro\backend\venv\Lib\site-packages\starlette\routing.py", line 756, in __call__
    |     await self.middleware_stack(scope, receive, send)
    |   File "D:\nhatro\backend\venv\Lib\site-packages\starlette\routing.py", line 776, in app
    |     await route.handle(scope, receive, send)
    |   File "D:\nhatro\backend\venv\Lib\site-packages\starlette\routing.py", line 297, in handle
    |     await self.app(scope, receive, send)
    |   File "D:\nhatro\backend\venv\Lib\site-packages\starlette\routing.py", line 77, in app
    |     await wrap_app_handling_exceptions(app, request)(scope, receive, send)
    |   File "D:\nhatro\backend\venv\Lib\site-packages\starlette\_exception_handler.py", line 75, in wrapped_app
    |     response = await handler(conn, exc)
    |                ^^^^^^^^^^^^^^^^^^^^^^^^
    |   File "D:\nhatro\backend\app\main.py", line 157, in validation_exception_handler
    |     return JSONResponse(
    |            ^^^^^^^^^^^^^
    |   File "D:\nhatro\backend\venv\Lib\site-packages\starlette\responses.py", line 184, in __init__
    |     super().__init__(content, status_code, headers, media_type, background)
    |   File "D:\nhatro\backend\venv\Lib\site-packages\starlette\responses.py", line 41, in __init__
    |     self.body = self.render(content)
    |                 ^^^^^^^^^^^^^^^^^^^^
    |   File "D:\nhatro\backend\venv\Lib\site-packages\starlette\responses.py", line 187, in render
    |     return json.dumps(
    |            ^^^^^^^^^^^
    |   File "C:\Users\ngocson\.cache\codex-runtimes\codex-primary-runtime\dependencies\python\Lib\json\__init__.py", line 238, in dumps
    |     **kw).encode(obj)
    |           ^^^^^^^^^^^
    |   File "C:\Users\ngocson\.cache\codex-runtimes\codex-primary-runtime\dependencies\python\Lib\json\encoder.py", line 200, in encode
    |     chunks = self.iterencode(o, _one_shot=True)
    |              ^^^^^^^^^^^^^^^^^^^^^^^^^^^^^^^^^^
    |   File "C:\Users\ngocson\.cache\codex-runtimes\codex-primary-runtime\dependencies\python\Lib\json\encoder.py", line 258, in iterencode
    |     return _iterencode(o, 0)
    |            ^^^^^^^^^^^^^^^^^
    |   File "C:\Users\ngocson\.cache\codex-runtimes\codex-primary-runtime\dependencies\python\Lib\json\encoder.py", line 180, in default
    |     raise TypeError(f'Object of type {o.__class__.__name__} '
    | TypeError: Object of type ValueError is not JSON serializable
    +------------------------------------

During handling of the above exception, another exception occurred:

Traceback (most recent call last):
  File "D:\nhatro\backend\venv\Lib\site-packages\starlette\middleware\errors.py", line 164, in __call__
    await self.app(scope, receive, _send)
  File "D:\nhatro\backend\venv\Lib\site-packages\starlette\middleware\base.py", line 189, in __call__
    with collapse_excgroups():
         ^^^^^^^^^^^^^^^^^^^^
  File "C:\Users\ngocson\.cache\codex-runtimes\codex-primary-runtime\dependencies\python\Lib\contextlib.py", line 158, in __exit__
    self.gen.throw(value)
  File "D:\nhatro\backend\venv\Lib\site-packages\starlette\_utils.py", line 93, in collapse_excgroups
    raise exc
  File "D:\nhatro\backend\venv\Lib\site-packages\starlette\middleware\base.py", line 191, in __call__
    response = await self.dispatch_func(request, call_next)
               ^^^^^^^^^^^^^^^^^^^^^^^^^^^^^^^^^^^^^^^^^^^^
  File "D:\nhatro\backend\app\main.py", line 127, in rate_limit_middleware
    return await call_next(request)
           ^^^^^^^^^^^^^^^^^^^^^^^^
  File "D:\nhatro\backend\venv\Lib\site-packages\starlette\middleware\base.py", line 165, in call_next
    raise app_exc
  File "D:\nhatro\backend\venv\Lib\site-packages\starlette\middleware\base.py", line 151, in coro
    await self.app(scope, receive_or_disconnect, send_no_error)
  File "D:\nhatro\backend\venv\Lib\site-packages\starlette\middleware\base.py", line 189, in __call__
    with collapse_excgroups():
         ^^^^^^^^^^^^^^^^^^^^
  File "C:\Users\ngocson\.cache\codex-runtimes\codex-primary-runtime\dependencies\python\Lib\contextlib.py", line 158, in __exit__
    self.gen.throw(value)
  File "D:\nhatro\backend\venv\Lib\site-packages\starlette\_utils.py", line 93, in collapse_excgroups
    raise exc
  File "D:\nhatro\backend\venv\Lib\site-packages\starlette\middleware\base.py", line 191, in __call__
    response = await self.dispatch_func(request, call_next)
               ^^^^^^^^^^^^^^^^^^^^^^^^^^^^^^^^^^^^^^^^^^^^
  File "D:\nhatro\backend\app\main.py", line 93, in add_process_time
    response = await call_next(request)
               ^^^^^^^^^^^^^^^^^^^^^^^^
  File "D:\nhatro\backend\venv\Lib\site-packages\starlette\middleware\base.py", line 165, in call_next
    raise app_exc
  File "D:\nhatro\backend\venv\Lib\site-packages\starlette\middleware\base.py", line 151, in coro
    await self.app(scope, receive_or_disconnect, send_no_error)
  File "D:\nhatro\backend\venv\Lib\site-packages\starlette\middleware\base.py", line 189, in __call__
    with collapse_excgroups():
         ^^^^^^^^^^^^^^^^^^^^
  File "C:\Users\ngocson\.cache\codex-runtimes\codex-primary-runtime\dependencies\python\Lib\contextlib.py", line 158, in __exit__
    self.gen.throw(value)
  File "D:\nhatro\backend\venv\Lib\site-packages\starlette\_utils.py", line 93, in collapse_excgroups
    raise exc
  File "D:\nhatro\backend\venv\Lib\site-packages\starlette\middleware\base.py", line 191, in __call__
    response = await self.dispatch_func(request, call_next)
               ^^^^^^^^^^^^^^^^^^^^^^^^^^^^^^^^^^^^^^^^^^^^
  File "D:\nhatro\backend\app\main.py", line 86, in add_security_headers
    response = await call_next(request)
               ^^^^^^^^^^^^^^^^^^^^^^^^
  File "D:\nhatro\backend\venv\Lib\site-packages\starlette\middleware\base.py", line 165, in call_next
    raise app_exc
  File "D:\nhatro\backend\venv\Lib\site-packages\starlette\middleware\base.py", line 151, in coro
    await self.app(scope, receive_or_disconnect, send_no_error)
  File "D:\nhatro\backend\venv\Lib\site-packages\starlette\middleware\cors.py", line 85, in __call__
    await self.app(scope, receive, send)
  File "D:\nhatro\backend\venv\Lib\site-packages\starlette\middleware\exceptions.py", line 65, in __call__
    await wrap_app_handling_exceptions(self.app, conn)(scope, receive, send)
  File "D:\nhatro\backend\venv\Lib\site-packages\starlette\_exception_handler.py", line 64, in wrapped_app
    raise exc
  File "D:\nhatro\backend\venv\Lib\site-packages\starlette\_exception_handler.py", line 53, in wrapped_app
    await app(scope, receive, sender)
  File "D:\nhatro\backend\venv\Lib\site-packages\starlette\routing.py", line 756, in __call__
    await self.middleware_stack(scope, receive, send)
  File "D:\nhatro\backend\venv\Lib\site-packages\starlette\routing.py", line 776, in app
    await route.handle(scope, receive, send)
  File "D:\nhatro\backend\venv\Lib\site-packages\starlette\routing.py", line 297, in handle
    await self.app(scope, receive, send)
  File "D:\nhatro\backend\venv\Lib\site-packages\starlette\routing.py", line 77, in app
    await wrap_app_handling_exceptions(app, request)(scope, receive, send)
  File "D:\nhatro\backend\venv\Lib\site-packages\starlette\_exception_handler.py", line 75, in wrapped_app
    response = await handler(conn, exc)
               ^^^^^^^^^^^^^^^^^^^^^^^^
  File "D:\nhatro\backend\app\main.py", line 157, in validation_exception_handler
    return JSONResponse(
           ^^^^^^^^^^^^^
  File "D:\nhatro\backend\venv\Lib\site-packages\starlette\responses.py", line 184, in __init__
    super().__init__(content, status_code, headers, media_type, background)
  File "D:\nhatro\backend\venv\Lib\site-packages\starlette\responses.py", line 41, in __init__
    self.body = self.render(content)
                ^^^^^^^^^^^^^^^^^^^^
  File "D:\nhatro\backend\venv\Lib\site-packages\starlette\responses.py", line 187, in render
    return json.dumps(
           ^^^^^^^^^^^
  File "C:\Users\ngocson\.cache\codex-runtimes\codex-primary-runtime\dependencies\python\Lib\json\__init__.py", line 238, in dumps
    **kw).encode(obj)
          ^^^^^^^^^^^
  File "C:\Users\ngocson\.cache\codex-runtimes\codex-primary-runtime\dependencies\python\Lib\json\encoder.py", line 200, in encode
    chunks = self.iterencode(o, _one_shot=True)
             ^^^^^^^^^^^^^^^^^^^^^^^^^^^^^^^^^^
  File "C:\Users\ngocson\.cache\codex-runtimes\codex-primary-runtime\dependencies\python\Lib\json\encoder.py", line 258, in iterencode
    return _iterencode(o, 0)
           ^^^^^^^^^^^^^^^^^
  File "C:\Users\ngocson\.cache\codex-runtimes\codex-primary-runtime\dependencies\python\Lib\json\encoder.py", line 180, in default
    raise TypeError(f'Object of type {o.__class__.__name__} '
TypeError: Object of type ValueError is not JSON serializable
==============================================

=== VALIDATION ERROR AT GET /api/v1/webhooks/payos/check/zj+5455*2775+zj ===
[{'type': 'int_parsing', 'loc': ('path', 'order_code'), 'msg': 'Input should be a valid integer, unable to parse string as an integer', 'input': 'zj+5455*2775+zj'}]
==============================================

=== VALIDATION ERROR AT POST /api/v1/auth/register ===
[{'type': 'value_error', 'loc': ('body', 'password'), 'msg': 'Value error, Password must be at least 8 characters', 'input': 'ZAP', 'ctx': {'error': ValueError('Password must be at least 8 characters')}}, {'type': 'string_type', 'loc': ('body', 'phone'), 'msg': 'Input should be a valid string', 'input': 9999999999}, {'type': 'value_error', 'loc': ('body', 'otp_code'), 'msg': 'Value error, OTP code must be 6 digits', 'input': 'John Doe', 'ctx': {'error': ValueError('OTP code must be 6 digits')}}]
==============================================

=== VALIDATION ERROR AT POST /api/v1/auth/login ===
[{'type': 'enum', 'loc': ('body', 'policy'), 'msg': "Input should be 'reject_new_login', 'revoke_oldest_session' or 'revoke_all_old_sessions'", 'input': 'zj#{4598*8082}zj', 'ctx': {'expected': "'reject_new_login', 'revoke_oldest_session' or 'revoke_all_old_sessions'"}}]
==============================================

=== VALIDATION ERROR AT GET /api/v1/webhooks/payos/check/zj{5504*6203}zj ===
[{'type': 'int_parsing', 'loc': ('path', 'order_code'), 'msg': 'Input should be a valid integer, unable to parse string as an integer', 'input': 'zj{5504*6203}zj'}]
==============================================

=== GLOBAL EXCEPTION HANDLER AT POST /api/v1/auth/register ===
  + Exception Group Traceback (most recent call last):
  |   File "D:\nhatro\backend\venv\Lib\site-packages\starlette\_utils.py", line 87, in collapse_excgroups
  |     yield
  |   File "D:\nhatro\backend\venv\Lib\site-packages\starlette\middleware\base.py", line 190, in __call__
  |     async with anyio.create_task_group() as task_group:
  |                ^^^^^^^^^^^^^^^^^^^^^^^^^
  |   File "D:\nhatro\backend\venv\Lib\site-packages\anyio\_backends\_asyncio.py", line 799, in __aexit__
  |     raise BaseExceptionGroup(
  | ExceptionGroup: unhandled errors in a TaskGroup (1 sub-exception)
  +-+---------------- 1 ----------------
    | Traceback (most recent call last):
    |   File "D:\nhatro\backend\venv\Lib\site-packages\starlette\middleware\errors.py", line 164, in __call__
    |     await self.app(scope, receive, _send)
    |   File "D:\nhatro\backend\venv\Lib\site-packages\starlette\middleware\base.py", line 189, in __call__
    |     with collapse_excgroups():
    |          ^^^^^^^^^^^^^^^^^^^^
    |   File "C:\Users\ngocson\.cache\codex-runtimes\codex-primary-runtime\dependencies\python\Lib\contextlib.py", line 158, in __exit__
    |     self.gen.throw(value)
    |   File "D:\nhatro\backend\venv\Lib\site-packages\starlette\_utils.py", line 93, in collapse_excgroups
    |     raise exc
    |   File "D:\nhatro\backend\venv\Lib\site-packages\starlette\middleware\base.py", line 191, in __call__
    |     response = await self.dispatch_func(request, call_next)
    |                ^^^^^^^^^^^^^^^^^^^^^^^^^^^^^^^^^^^^^^^^^^^^
    |   File "D:\nhatro\backend\app\main.py", line 127, in rate_limit_middleware
    |     return await call_next(request)
    |            ^^^^^^^^^^^^^^^^^^^^^^^^
    |   File "D:\nhatro\backend\venv\Lib\site-packages\starlette\middleware\base.py", line 165, in call_next
    |     raise app_exc
    |   File "D:\nhatro\backend\venv\Lib\site-packages\starlette\middleware\base.py", line 151, in coro
    |     await self.app(scope, receive_or_disconnect, send_no_error)
    |   File "D:\nhatro\backend\venv\Lib\site-packages\starlette\middleware\base.py", line 189, in __call__
    |     with collapse_excgroups():
    |          ^^^^^^^^^^^^^^^^^^^^
    |   File "C:\Users\ngocson\.cache\codex-runtimes\codex-primary-runtime\dependencies\python\Lib\contextlib.py", line 158, in __exit__
    |     self.gen.throw(value)
    |   File "D:\nhatro\backend\venv\Lib\site-packages\starlette\_utils.py", line 93, in collapse_excgroups
    |     raise exc
    |   File "D:\nhatro\backend\venv\Lib\site-packages\starlette\middleware\base.py", line 191, in __call__
    |     response = await self.dispatch_func(request, call_next)
    |                ^^^^^^^^^^^^^^^^^^^^^^^^^^^^^^^^^^^^^^^^^^^^
    |   File "D:\nhatro\backend\app\main.py", line 93, in add_process_time
    |     response = await call_next(request)
    |                ^^^^^^^^^^^^^^^^^^^^^^^^
    |   File "D:\nhatro\backend\venv\Lib\site-packages\starlette\middleware\base.py", line 165, in call_next
    |     raise app_exc
    |   File "D:\nhatro\backend\venv\Lib\site-packages\starlette\middleware\base.py", line 151, in coro
    |     await self.app(scope, receive_or_disconnect, send_no_error)
    |   File "D:\nhatro\backend\venv\Lib\site-packages\starlette\middleware\base.py", line 189, in __call__
    |     with collapse_excgroups():
    |          ^^^^^^^^^^^^^^^^^^^^
    |   File "C:\Users\ngocson\.cache\codex-runtimes\codex-primary-runtime\dependencies\python\Lib\contextlib.py", line 158, in __exit__
    |     self.gen.throw(value)
    |   File "D:\nhatro\backend\venv\Lib\site-packages\starlette\_utils.py", line 93, in collapse_excgroups
    |     raise exc
    |   File "D:\nhatro\backend\venv\Lib\site-packages\starlette\middleware\base.py", line 191, in __call__
    |     response = await self.dispatch_func(request, call_next)
    |                ^^^^^^^^^^^^^^^^^^^^^^^^^^^^^^^^^^^^^^^^^^^^
    |   File "D:\nhatro\backend\app\main.py", line 86, in add_security_headers
    |     response = await call_next(request)
    |                ^^^^^^^^^^^^^^^^^^^^^^^^
    |   File "D:\nhatro\backend\venv\Lib\site-packages\starlette\middleware\base.py", line 165, in call_next
    |     raise app_exc
    |   File "D:\nhatro\backend\venv\Lib\site-packages\starlette\middleware\base.py", line 151, in coro
    |     await self.app(scope, receive_or_disconnect, send_no_error)
    |   File "D:\nhatro\backend\venv\Lib\site-packages\starlette\middleware\cors.py", line 85, in __call__
    |     await self.app(scope, receive, send)
    |   File "D:\nhatro\backend\venv\Lib\site-packages\starlette\middleware\exceptions.py", line 65, in __call__
    |     await wrap_app_handling_exceptions(self.app, conn)(scope, receive, send)
    |   File "D:\nhatro\backend\venv\Lib\site-packages\starlette\_exception_handler.py", line 64, in wrapped_app
    |     raise exc
    |   File "D:\nhatro\backend\venv\Lib\site-packages\starlette\_exception_handler.py", line 53, in wrapped_app
    |     await app(scope, receive, sender)
    |   File "D:\nhatro\backend\venv\Lib\site-packages\starlette\routing.py", line 756, in __call__
    |     await self.middleware_stack(scope, receive, send)
    |   File "D:\nhatro\backend\venv\Lib\site-packages\starlette\routing.py", line 776, in app
    |     await route.handle(scope, receive, send)
    |   File "D:\nhatro\backend\venv\Lib\site-packages\starlette\routing.py", line 297, in handle
    |     await self.app(scope, receive, send)
    |   File "D:\nhatro\backend\venv\Lib\site-packages\starlette\routing.py", line 77, in app
    |     await wrap_app_handling_exceptions(app, request)(scope, receive, send)
    |   File "D:\nhatro\backend\venv\Lib\site-packages\starlette\_exception_handler.py", line 75, in wrapped_app
    |     response = await handler(conn, exc)
    |                ^^^^^^^^^^^^^^^^^^^^^^^^
    |   File "D:\nhatro\backend\app\main.py", line 157, in validation_exception_handler
    |     return JSONResponse(
    |            ^^^^^^^^^^^^^
    |   File "D:\nhatro\backend\venv\Lib\site-packages\starlette\responses.py", line 184, in __init__
    |     super().__init__(content, status_code, headers, media_type, background)
    |   File "D:\nhatro\backend\venv\Lib\site-packages\starlette\responses.py", line 41, in __init__
    |     self.body = self.render(content)
    |                 ^^^^^^^^^^^^^^^^^^^^
    |   File "D:\nhatro\backend\venv\Lib\site-packages\starlette\responses.py", line 187, in render
    |     return json.dumps(
    |            ^^^^^^^^^^^
    |   File "C:\Users\ngocson\.cache\codex-runtimes\codex-primary-runtime\dependencies\python\Lib\json\__init__.py", line 238, in dumps
    |     **kw).encode(obj)
    |           ^^^^^^^^^^^
    |   File "C:\Users\ngocson\.cache\codex-runtimes\codex-primary-runtime\dependencies\python\Lib\json\encoder.py", line 200, in encode
    |     chunks = self.iterencode(o, _one_shot=True)
    |              ^^^^^^^^^^^^^^^^^^^^^^^^^^^^^^^^^^
    |   File "C:\Users\ngocson\.cache\codex-runtimes\codex-primary-runtime\dependencies\python\Lib\json\encoder.py", line 258, in iterencode
    |     return _iterencode(o, 0)
    |            ^^^^^^^^^^^^^^^^^
    |   File "C:\Users\ngocson\.cache\codex-runtimes\codex-primary-runtime\dependencies\python\Lib\json\encoder.py", line 180, in default
    |     raise TypeError(f'Object of type {o.__class__.__name__} '
    | TypeError: Object of type ValueError is not JSON serializable
    +------------------------------------

During handling of the above exception, another exception occurred:

Traceback (most recent call last):
  File "D:\nhatro\backend\venv\Lib\site-packages\starlette\middleware\errors.py", line 164, in __call__
    await self.app(scope, receive, _send)
  File "D:\nhatro\backend\venv\Lib\site-packages\starlette\middleware\base.py", line 189, in __call__
    with collapse_excgroups():
         ^^^^^^^^^^^^^^^^^^^^
  File "C:\Users\ngocson\.cache\codex-runtimes\codex-primary-runtime\dependencies\python\Lib\contextlib.py", line 158, in __exit__
    self.gen.throw(value)
  File "D:\nhatro\backend\venv\Lib\site-packages\starlette\_utils.py", line 93, in collapse_excgroups
    raise exc
  File "D:\nhatro\backend\venv\Lib\site-packages\starlette\middleware\base.py", line 191, in __call__
    response = await self.dispatch_func(request, call_next)
               ^^^^^^^^^^^^^^^^^^^^^^^^^^^^^^^^^^^^^^^^^^^^
  File "D:\nhatro\backend\app\main.py", line 127, in rate_limit_middleware
    return await call_next(request)
           ^^^^^^^^^^^^^^^^^^^^^^^^
  File "D:\nhatro\backend\venv\Lib\site-packages\starlette\middleware\base.py", line 165, in call_next
    raise app_exc
  File "D:\nhatro\backend\venv\Lib\site-packages\starlette\middleware\base.py", line 151, in coro
    await self.app(scope, receive_or_disconnect, send_no_error)
  File "D:\nhatro\backend\venv\Lib\site-packages\starlette\middleware\base.py", line 189, in __call__
    with collapse_excgroups():
         ^^^^^^^^^^^^^^^^^^^^
  File "C:\Users\ngocson\.cache\codex-runtimes\codex-primary-runtime\dependencies\python\Lib\contextlib.py", line 158, in __exit__
    self.gen.throw(value)
  File "D:\nhatro\backend\venv\Lib\site-packages\starlette\_utils.py", line 93, in collapse_excgroups
    raise exc
  File "D:\nhatro\backend\venv\Lib\site-packages\starlette\middleware\base.py", line 191, in __call__
    response = await self.dispatch_func(request, call_next)
               ^^^^^^^^^^^^^^^^^^^^^^^^^^^^^^^^^^^^^^^^^^^^
  File "D:\nhatro\backend\app\main.py", line 93, in add_process_time
    response = await call_next(request)
               ^^^^^^^^^^^^^^^^^^^^^^^^
  File "D:\nhatro\backend\venv\Lib\site-packages\starlette\middleware\base.py", line 165, in call_next
    raise app_exc
  File "D:\nhatro\backend\venv\Lib\site-packages\starlette\middleware\base.py", line 151, in coro
    await self.app(scope, receive_or_disconnect, send_no_error)
  File "D:\nhatro\backend\venv\Lib\site-packages\starlette\middleware\base.py", line 189, in __call__
    with collapse_excgroups():
         ^^^^^^^^^^^^^^^^^^^^
  File "C:\Users\ngocson\.cache\codex-runtimes\codex-primary-runtime\dependencies\python\Lib\contextlib.py", line 158, in __exit__
    self.gen.throw(value)
  File "D:\nhatro\backend\venv\Lib\site-packages\starlette\_utils.py", line 93, in collapse_excgroups
    raise exc
  File "D:\nhatro\backend\venv\Lib\site-packages\starlette\middleware\base.py", line 191, in __call__
    response = await self.dispatch_func(request, call_next)
               ^^^^^^^^^^^^^^^^^^^^^^^^^^^^^^^^^^^^^^^^^^^^
  File "D:\nhatro\backend\app\main.py", line 86, in add_security_headers
    response = await call_next(request)
               ^^^^^^^^^^^^^^^^^^^^^^^^
  File "D:\nhatro\backend\venv\Lib\site-packages\starlette\middleware\base.py", line 165, in call_next
    raise app_exc
  File "D:\nhatro\backend\venv\Lib\site-packages\starlette\middleware\base.py", line 151, in coro
    await self.app(scope, receive_or_disconnect, send_no_error)
  File "D:\nhatro\backend\venv\Lib\site-packages\starlette\middleware\cors.py", line 85, in __call__
    await self.app(scope, receive, send)
  File "D:\nhatro\backend\venv\Lib\site-packages\starlette\middleware\exceptions.py", line 65, in __call__
    await wrap_app_handling_exceptions(self.app, conn)(scope, receive, send)
  File "D:\nhatro\backend\venv\Lib\site-packages\starlette\_exception_handler.py", line 64, in wrapped_app
    raise exc
  File "D:\nhatro\backend\venv\Lib\site-packages\starlette\_exception_handler.py", line 53, in wrapped_app
    await app(scope, receive, sender)
  File "D:\nhatro\backend\venv\Lib\site-packages\starlette\routing.py", line 756, in __call__
    await self.middleware_stack(scope, receive, send)
  File "D:\nhatro\backend\venv\Lib\site-packages\starlette\routing.py", line 776, in app
    await route.handle(scope, receive, send)
  File "D:\nhatro\backend\venv\Lib\site-packages\starlette\routing.py", line 297, in handle
    await self.app(scope, receive, send)
  File "D:\nhatro\backend\venv\Lib\site-packages\starlette\routing.py", line 77, in app
    await wrap_app_handling_exceptions(app, request)(scope, receive, send)
  File "D:\nhatro\backend\venv\Lib\site-packages\starlette\_exception_handler.py", line 75, in wrapped_app
    response = await handler(conn, exc)
               ^^^^^^^^^^^^^^^^^^^^^^^^
  File "D:\nhatro\backend\app\main.py", line 157, in validation_exception_handler
    return JSONResponse(
           ^^^^^^^^^^^^^
  File "D:\nhatro\backend\venv\Lib\site-packages\starlette\responses.py", line 184, in __init__
    super().__init__(content, status_code, headers, media_type, background)
  File "D:\nhatro\backend\venv\Lib\site-packages\starlette\responses.py", line 41, in __init__
    self.body = self.render(content)
                ^^^^^^^^^^^^^^^^^^^^
  File "D:\nhatro\backend\venv\Lib\site-packages\starlette\responses.py", line 187, in render
    return json.dumps(
           ^^^^^^^^^^^
  File "C:\Users\ngocson\.cache\codex-runtimes\codex-primary-runtime\dependencies\python\Lib\json\__init__.py", line 238, in dumps
    **kw).encode(obj)
          ^^^^^^^^^^^
  File "C:\Users\ngocson\.cache\codex-runtimes\codex-primary-runtime\dependencies\python\Lib\json\encoder.py", line 200, in encode
    chunks = self.iterencode(o, _one_shot=True)
             ^^^^^^^^^^^^^^^^^^^^^^^^^^^^^^^^^^
  File "C:\Users\ngocson\.cache\codex-runtimes\codex-primary-runtime\dependencies\python\Lib\json\encoder.py", line 258, in iterencode
    return _iterencode(o, 0)
           ^^^^^^^^^^^^^^^^^
  File "C:\Users\ngocson\.cache\codex-runtimes\codex-primary-runtime\dependencies\python\Lib\json\encoder.py", line 180, in default
    raise TypeError(f'Object of type {o.__class__.__name__} '
TypeError: Object of type ValueError is not JSON serializable
==============================================

=== VALIDATION ERROR AT POST /api/v1/auth/register ===
[{'type': 'value_error', 'loc': ('body', 'password'), 'msg': 'Value error, Password must be at least 8 characters', 'input': 'ZAP', 'ctx': {'error': ValueError('Password must be at least 8 characters')}}, {'type': 'string_type', 'loc': ('body', 'phone'), 'msg': 'Input should be a valid string', 'input': 9999999999}, {'type': 'value_error', 'loc': ('body', 'otp_code'), 'msg': 'Value error, OTP code must be 6 digits', 'input': 'John Doe', 'ctx': {'error': ValueError('OTP code must be 6 digits')}}]
==============================================

=== VALIDATION ERROR AT GET /api/v1/webhooks/payos/check/zj${8597*5448}zj ===
[{'type': 'int_parsing', 'loc': ('path', 'order_code'), 'msg': 'Input should be a valid integer, unable to parse string as an integer', 'input': 'zj${8597*5448}zj'}]
==============================================

=== VALIDATION ERROR AT POST /api/v1/auth/login ===
[{'type': 'enum', 'loc': ('body', 'policy'), 'msg': "Input should be 'reject_new_login', 'revoke_oldest_session' or 'revoke_all_old_sessions'", 'input': 'zj{#3950*6970}zj', 'ctx': {'expected': "'reject_new_login', 'revoke_oldest_session' or 'revoke_all_old_sessions'"}}]
==============================================

=== GLOBAL EXCEPTION HANDLER AT POST /api/v1/auth/register ===
  + Exception Group Traceback (most recent call last):
  |   File "D:\nhatro\backend\venv\Lib\site-packages\starlette\_utils.py", line 87, in collapse_excgroups
  |     yield
  |   File "D:\nhatro\backend\venv\Lib\site-packages\starlette\middleware\base.py", line 190, in __call__
  |     async with anyio.create_task_group() as task_group:
  |                ^^^^^^^^^^^^^^^^^^^^^^^^^
  |   File "D:\nhatro\backend\venv\Lib\site-packages\anyio\_backends\_asyncio.py", line 799, in __aexit__
  |     raise BaseExceptionGroup(
  | ExceptionGroup: unhandled errors in a TaskGroup (1 sub-exception)
  +-+---------------- 1 ----------------
    | Traceback (most recent call last):
    |   File "D:\nhatro\backend\venv\Lib\site-packages\starlette\middleware\errors.py", line 164, in __call__
    |     await self.app(scope, receive, _send)
    |   File "D:\nhatro\backend\venv\Lib\site-packages\starlette\middleware\base.py", line 189, in __call__
    |     with collapse_excgroups():
    |          ^^^^^^^^^^^^^^^^^^^^
    |   File "C:\Users\ngocson\.cache\codex-runtimes\codex-primary-runtime\dependencies\python\Lib\contextlib.py", line 158, in __exit__
    |     self.gen.throw(value)
    |   File "D:\nhatro\backend\venv\Lib\site-packages\starlette\_utils.py", line 93, in collapse_excgroups
    |     raise exc
    |   File "D:\nhatro\backend\venv\Lib\site-packages\starlette\middleware\base.py", line 191, in __call__
    |     response = await self.dispatch_func(request, call_next)
    |                ^^^^^^^^^^^^^^^^^^^^^^^^^^^^^^^^^^^^^^^^^^^^
    |   File "D:\nhatro\backend\app\main.py", line 127, in rate_limit_middleware
    |     return await call_next(request)
    |            ^^^^^^^^^^^^^^^^^^^^^^^^
    |   File "D:\nhatro\backend\venv\Lib\site-packages\starlette\middleware\base.py", line 165, in call_next
    |     raise app_exc
    |   File "D:\nhatro\backend\venv\Lib\site-packages\starlette\middleware\base.py", line 151, in coro
    |     await self.app(scope, receive_or_disconnect, send_no_error)
    |   File "D:\nhatro\backend\venv\Lib\site-packages\starlette\middleware\base.py", line 189, in __call__
    |     with collapse_excgroups():
    |          ^^^^^^^^^^^^^^^^^^^^
    |   File "C:\Users\ngocson\.cache\codex-runtimes\codex-primary-runtime\dependencies\python\Lib\contextlib.py", line 158, in __exit__
    |     self.gen.throw(value)
    |   File "D:\nhatro\backend\venv\Lib\site-packages\starlette\_utils.py", line 93, in collapse_excgroups
    |     raise exc
    |   File "D:\nhatro\backend\venv\Lib\site-packages\starlette\middleware\base.py", line 191, in __call__
    |     response = await self.dispatch_func(request, call_next)
    |                ^^^^^^^^^^^^^^^^^^^^^^^^^^^^^^^^^^^^^^^^^^^^
    |   File "D:\nhatro\backend\app\main.py", line 93, in add_process_time
    |     response = await call_next(request)
    |                ^^^^^^^^^^^^^^^^^^^^^^^^
    |   File "D:\nhatro\backend\venv\Lib\site-packages\starlette\middleware\base.py", line 165, in call_next
    |     raise app_exc
    |   File "D:\nhatro\backend\venv\Lib\site-packages\starlette\middleware\base.py", line 151, in coro
    |     await self.app(scope, receive_or_disconnect, send_no_error)
    |   File "D:\nhatro\backend\venv\Lib\site-packages\starlette\middleware\base.py", line 189, in __call__
    |     with collapse_excgroups():
    |          ^^^^^^^^^^^^^^^^^^^^
    |   File "C:\Users\ngocson\.cache\codex-runtimes\codex-primary-runtime\dependencies\python\Lib\contextlib.py", line 158, in __exit__
    |     self.gen.throw(value)
    |   File "D:\nhatro\backend\venv\Lib\site-packages\starlette\_utils.py", line 93, in collapse_excgroups
    |     raise exc
    |   File "D:\nhatro\backend\venv\Lib\site-packages\starlette\middleware\base.py", line 191, in __call__
    |     response = await self.dispatch_func(request, call_next)
    |                ^^^^^^^^^^^^^^^^^^^^^^^^^^^^^^^^^^^^^^^^^^^^
    |   File "D:\nhatro\backend\app\main.py", line 86, in add_security_headers
    |     response = await call_next(request)
    |                ^^^^^^^^^^^^^^^^^^^^^^^^
    |   File "D:\nhatro\backend\venv\Lib\site-packages\starlette\middleware\base.py", line 165, in call_next
    |     raise app_exc
    |   File "D:\nhatro\backend\venv\Lib\site-packages\starlette\middleware\base.py", line 151, in coro
    |     await self.app(scope, receive_or_disconnect, send_no_error)
    |   File "D:\nhatro\backend\venv\Lib\site-packages\starlette\middleware\cors.py", line 85, in __call__
    |     await self.app(scope, receive, send)
    |   File "D:\nhatro\backend\venv\Lib\site-packages\starlette\middleware\exceptions.py", line 65, in __call__
    |     await wrap_app_handling_exceptions(self.app, conn)(scope, receive, send)
    |   File "D:\nhatro\backend\venv\Lib\site-packages\starlette\_exception_handler.py", line 64, in wrapped_app
    |     raise exc
    |   File "D:\nhatro\backend\venv\Lib\site-packages\starlette\_exception_handler.py", line 53, in wrapped_app
    |     await app(scope, receive, sender)
    |   File "D:\nhatro\backend\venv\Lib\site-packages\starlette\routing.py", line 756, in __call__
    |     await self.middleware_stack(scope, receive, send)
    |   File "D:\nhatro\backend\venv\Lib\site-packages\starlette\routing.py", line 776, in app
    |     await route.handle(scope, receive, send)
    |   File "D:\nhatro\backend\venv\Lib\site-packages\starlette\routing.py", line 297, in handle
    |     await self.app(scope, receive, send)
    |   File "D:\nhatro\backend\venv\Lib\site-packages\starlette\routing.py", line 77, in app
    |     await wrap_app_handling_exceptions(app, request)(scope, receive, send)
    |   File "D:\nhatro\backend\venv\Lib\site-packages\starlette\_exception_handler.py", line 75, in wrapped_app
    |     response = await handler(conn, exc)
    |                ^^^^^^^^^^^^^^^^^^^^^^^^
    |   File "D:\nhatro\backend\app\main.py", line 157, in validation_exception_handler
    |     return JSONResponse(
    |            ^^^^^^^^^^^^^
    |   File "D:\nhatro\backend\venv\Lib\site-packages\starlette\responses.py", line 184, in __init__
    |     super().__init__(content, status_code, headers, media_type, background)
    |   File "D:\nhatro\backend\venv\Lib\site-packages\starlette\responses.py", line 41, in __init__
    |     self.body = self.render(content)
    |                 ^^^^^^^^^^^^^^^^^^^^
    |   File "D:\nhatro\backend\venv\Lib\site-packages\starlette\responses.py", line 187, in render
    |     return json.dumps(
    |            ^^^^^^^^^^^
    |   File "C:\Users\ngocson\.cache\codex-runtimes\codex-primary-runtime\dependencies\python\Lib\json\__init__.py", line 238, in dumps
    |     **kw).encode(obj)
    |           ^^^^^^^^^^^
    |   File "C:\Users\ngocson\.cache\codex-runtimes\codex-primary-runtime\dependencies\python\Lib\json\encoder.py", line 200, in encode
    |     chunks = self.iterencode(o, _one_shot=True)
    |              ^^^^^^^^^^^^^^^^^^^^^^^^^^^^^^^^^^
    |   File "C:\Users\ngocson\.cache\codex-runtimes\codex-primary-runtime\dependencies\python\Lib\json\encoder.py", line 258, in iterencode
    |     return _iterencode(o, 0)
    |            ^^^^^^^^^^^^^^^^^
    |   File "C:\Users\ngocson\.cache\codex-runtimes\codex-primary-runtime\dependencies\python\Lib\json\encoder.py", line 180, in default
    |     raise TypeError(f'Object of type {o.__class__.__name__} '
    | TypeError: Object of type ValueError is not JSON serializable
    +------------------------------------

During handling of the above exception, another exception occurred:

Traceback (most recent call last):
  File "D:\nhatro\backend\venv\Lib\site-packages\starlette\middleware\errors.py", line 164, in __call__
    await self.app(scope, receive, _send)
  File "D:\nhatro\backend\venv\Lib\site-packages\starlette\middleware\base.py", line 189, in __call__
    with collapse_excgroups():
         ^^^^^^^^^^^^^^^^^^^^
  File "C:\Users\ngocson\.cache\codex-runtimes\codex-primary-runtime\dependencies\python\Lib\contextlib.py", line 158, in __exit__
    self.gen.throw(value)
  File "D:\nhatro\backend\venv\Lib\site-packages\starlette\_utils.py", line 93, in collapse_excgroups
    raise exc
  File "D:\nhatro\backend\venv\Lib\site-packages\starlette\middleware\base.py", line 191, in __call__
    response = await self.dispatch_func(request, call_next)
               ^^^^^^^^^^^^^^^^^^^^^^^^^^^^^^^^^^^^^^^^^^^^
  File "D:\nhatro\backend\app\main.py", line 127, in rate_limit_middleware
    return await call_next(request)
           ^^^^^^^^^^^^^^^^^^^^^^^^
  File "D:\nhatro\backend\venv\Lib\site-packages\starlette\middleware\base.py", line 165, in call_next
    raise app_exc
  File "D:\nhatro\backend\venv\Lib\site-packages\starlette\middleware\base.py", line 151, in coro
    await self.app(scope, receive_or_disconnect, send_no_error)
  File "D:\nhatro\backend\venv\Lib\site-packages\starlette\middleware\base.py", line 189, in __call__
    with collapse_excgroups():
         ^^^^^^^^^^^^^^^^^^^^
  File "C:\Users\ngocson\.cache\codex-runtimes\codex-primary-runtime\dependencies\python\Lib\contextlib.py", line 158, in __exit__
    self.gen.throw(value)
  File "D:\nhatro\backend\venv\Lib\site-packages\starlette\_utils.py", line 93, in collapse_excgroups
    raise exc
  File "D:\nhatro\backend\venv\Lib\site-packages\starlette\middleware\base.py", line 191, in __call__
    response = await self.dispatch_func(request, call_next)
               ^^^^^^^^^^^^^^^^^^^^^^^^^^^^^^^^^^^^^^^^^^^^
  File "D:\nhatro\backend\app\main.py", line 93, in add_process_time
    response = await call_next(request)
               ^^^^^^^^^^^^^^^^^^^^^^^^
  File "D:\nhatro\backend\venv\Lib\site-packages\starlette\middleware\base.py", line 165, in call_next
    raise app_exc
  File "D:\nhatro\backend\venv\Lib\site-packages\starlette\middleware\base.py", line 151, in coro
    await self.app(scope, receive_or_disconnect, send_no_error)
  File "D:\nhatro\backend\venv\Lib\site-packages\starlette\middleware\base.py", line 189, in __call__
    with collapse_excgroups():
         ^^^^^^^^^^^^^^^^^^^^
  File "C:\Users\ngocson\.cache\codex-runtimes\codex-primary-runtime\dependencies\python\Lib\contextlib.py", line 158, in __exit__
    self.gen.throw(value)
  File "D:\nhatro\backend\venv\Lib\site-packages\starlette\_utils.py", line 93, in collapse_excgroups
    raise exc
  File "D:\nhatro\backend\venv\Lib\site-packages\starlette\middleware\base.py", line 191, in __call__
    response = await self.dispatch_func(request, call_next)
               ^^^^^^^^^^^^^^^^^^^^^^^^^^^^^^^^^^^^^^^^^^^^
  File "D:\nhatro\backend\app\main.py", line 86, in add_security_headers
    response = await call_next(request)
               ^^^^^^^^^^^^^^^^^^^^^^^^
  File "D:\nhatro\backend\venv\Lib\site-packages\starlette\middleware\base.py", line 165, in call_next
    raise app_exc
  File "D:\nhatro\backend\venv\Lib\site-packages\starlette\middleware\base.py", line 151, in coro
    await self.app(scope, receive_or_disconnect, send_no_error)
  File "D:\nhatro\backend\venv\Lib\site-packages\starlette\middleware\cors.py", line 85, in __call__
    await self.app(scope, receive, send)
  File "D:\nhatro\backend\venv\Lib\site-packages\starlette\middleware\exceptions.py", line 65, in __call__
    await wrap_app_handling_exceptions(self.app, conn)(scope, receive, send)
  File "D:\nhatro\backend\venv\Lib\site-packages\starlette\_exception_handler.py", line 64, in wrapped_app
    raise exc
  File "D:\nhatro\backend\venv\Lib\site-packages\starlette\_exception_handler.py", line 53, in wrapped_app
    await app(scope, receive, sender)
  File "D:\nhatro\backend\venv\Lib\site-packages\starlette\routing.py", line 756, in __call__
    await self.middleware_stack(scope, receive, send)
  File "D:\nhatro\backend\venv\Lib\site-packages\starlette\routing.py", line 776, in app
    await route.handle(scope, receive, send)
  File "D:\nhatro\backend\venv\Lib\site-packages\starlette\routing.py", line 297, in handle
    await self.app(scope, receive, send)
  File "D:\nhatro\backend\venv\Lib\site-packages\starlette\routing.py", line 77, in app
    await wrap_app_handling_exceptions(app, request)(scope, receive, send)
  File "D:\nhatro\backend\venv\Lib\site-packages\starlette\_exception_handler.py", line 75, in wrapped_app
    response = await handler(conn, exc)
               ^^^^^^^^^^^^^^^^^^^^^^^^
  File "D:\nhatro\backend\app\main.py", line 157, in validation_exception_handler
    return JSONResponse(
           ^^^^^^^^^^^^^
  File "D:\nhatro\backend\venv\Lib\site-packages\starlette\responses.py", line 184, in __init__
    super().__init__(content, status_code, headers, media_type, background)
  File "D:\nhatro\backend\venv\Lib\site-packages\starlette\responses.py", line 41, in __init__
    self.body = self.render(content)
                ^^^^^^^^^^^^^^^^^^^^
  File "D:\nhatro\backend\venv\Lib\site-packages\starlette\responses.py", line 187, in render
    return json.dumps(
           ^^^^^^^^^^^
  File "C:\Users\ngocson\.cache\codex-runtimes\codex-primary-runtime\dependencies\python\Lib\json\__init__.py", line 238, in dumps
    **kw).encode(obj)
          ^^^^^^^^^^^
  File "C:\Users\ngocson\.cache\codex-runtimes\codex-primary-runtime\dependencies\python\Lib\json\encoder.py", line 200, in encode
    chunks = self.iterencode(o, _one_shot=True)
             ^^^^^^^^^^^^^^^^^^^^^^^^^^^^^^^^^^
  File "C:\Users\ngocson\.cache\codex-runtimes\codex-primary-runtime\dependencies\python\Lib\json\encoder.py", line 258, in iterencode
    return _iterencode(o, 0)
           ^^^^^^^^^^^^^^^^^
  File "C:\Users\ngocson\.cache\codex-runtimes\codex-primary-runtime\dependencies\python\Lib\json\encoder.py", line 180, in default
    raise TypeError(f'Object of type {o.__class__.__name__} '
TypeError: Object of type ValueError is not JSON serializable
==============================================

=== VALIDATION ERROR AT GET /api/v1/webhooks/payos/check/zj ===
[{'type': 'int_parsing', 'loc': ('path', 'order_code'), 'msg': 'Input should be a valid integer, unable to parse string as an integer', 'input': 'zj#{1528*6770}zj'}]
==============================================

=== VALIDATION ERROR AT POST /api/v1/auth/login ===
[{'type': 'enum', 'loc': ('body', 'policy'), 'msg': "Input should be 'reject_new_login', 'revoke_oldest_session' or 'revoke_all_old_sessions'", 'input': 'zj{@4043*7833}zj', 'ctx': {'expected': "'reject_new_login', 'revoke_oldest_session' or 'revoke_all_old_sessions'"}}]
==============================================

=== VALIDATION ERROR AT GET /api/v1/webhooks/payos/check/zj{ ===
[{'type': 'int_parsing', 'loc': ('path', 'order_code'), 'msg': 'Input should be a valid integer, unable to parse string as an integer', 'input': 'zj{#2039*7256}zj'}]
==============================================

=== VALIDATION ERROR AT POST /api/v1/auth/login ===
[{'type': 'enum', 'loc': ('body', 'policy'), 'msg': "Input should be 'reject_new_login', 'revoke_oldest_session' or 'revoke_all_old_sessions'", 'input': 'zj{{2771*7276}}zj', 'ctx': {'expected': "'reject_new_login', 'revoke_oldest_session' or 'revoke_all_old_sessions'"}}]
==============================================

=== VALIDATION ERROR AT GET /api/v1/webhooks/payos/check/zj{@2164*4379}zj ===
[{'type': 'int_parsing', 'loc': ('path', 'order_code'), 'msg': 'Input should be a valid integer, unable to parse string as an integer', 'input': 'zj{@2164*4379}zj'}]
==============================================

=== VALIDATION ERROR AT POST /api/v1/auth/login ===
[{'type': 'enum', 'loc': ('body', 'policy'), 'msg': "Input should be 'reject_new_login', 'revoke_oldest_session' or 'revoke_all_old_sessions'", 'input': 'zj{{=8168*3218}}zj', 'ctx': {'expected': "'reject_new_login', 'revoke_oldest_session' or 'revoke_all_old_sessions'"}}]
==============================================

=== VALIDATION ERROR AT GET /api/v1/webhooks/payos/check/zj{{2794*5611}}zj ===
[{'type': 'int_parsing', 'loc': ('path', 'order_code'), 'msg': 'Input should be a valid integer, unable to parse string as an integer', 'input': 'zj{{2794*5611}}zj'}]
==============================================

=== VALIDATION ERROR AT GET /api/v1/webhooks/payos/check/zj{{=9367*5937}}zj ===
[{'type': 'int_parsing', 'loc': ('path', 'order_code'), 'msg': 'Input should be a valid integer, unable to parse string as an integer', 'input': 'zj{{=9367*5937}}zj'}]
==============================================

=== VALIDATION ERROR AT POST /api/v1/auth/login ===
[{'type': 'enum', 'loc': ('body', 'policy'), 'msg': "Input should be 'reject_new_login', 'revoke_oldest_session' or 'revoke_all_old_sessions'", 'input': 'zj<%=7264*3715%>zj', 'ctx': {'expected': "'reject_new_login', 'revoke_oldest_session' or 'revoke_all_old_sessions'"}}]
==============================================

=== VALIDATION ERROR AT GET /api/v1/webhooks/payos/check/zj<%=6505*6843%>zj ===
[{'type': 'int_parsing', 'loc': ('path', 'order_code'), 'msg': 'Input should be a valid integer, unable to parse string as an integer', 'input': 'zj<%=6505*6843%>zj'}]
==============================================

=== VALIDATION ERROR AT POST /api/v1/auth/login ===
[{'type': 'enum', 'loc': ('body', 'policy'), 'msg': "Input should be 'reject_new_login', 'revoke_oldest_session' or 'revoke_all_old_sessions'", 'input': 'zj#set($x=6934*2029)${x}zj', 'ctx': {'expected': "'reject_new_login', 'revoke_oldest_session' or 'revoke_all_old_sessions'"}}]
==============================================

=== VALIDATION ERROR AT GET /api/v1/webhooks/payos/check/zj ===
[{'type': 'int_parsing', 'loc': ('path', 'order_code'), 'msg': 'Input should be a valid integer, unable to parse string as an integer', 'input': 'zj#set($x=4280*5913)${x}zj'}]
==============================================

=== VALIDATION ERROR AT POST /api/v1/auth/login ===
[{'type': 'enum', 'loc': ('body', 'policy'), 'msg': "Input should be 'reject_new_login', 'revoke_oldest_session' or 'revoke_all_old_sessions'", 'input': 'zj<p th:text="${3657*5395}"></p>zj', 'ctx': {'expected': "'reject_new_login', 'revoke_oldest_session' or 'revoke_all_old_sessions'"}}]
==============================================

=== VALIDATION ERROR AT POST /api/v1/auth/login ===
[{'type': 'enum', 'loc': ('body', 'policy'), 'msg': "Input should be 'reject_new_login', 'revoke_oldest_session' or 'revoke_all_old_sessions'", 'input': 'zj{@math key="1780" method="multiply" operand="3247"/}zj', 'ctx': {'expected': "'reject_new_login', 'revoke_oldest_session' or 'revoke_all_old_sessions'"}}]
==============================================

=== VALIDATION ERROR AT GET /api/v1/webhooks/payos/check/zj{{78470|add:89760}}zj ===
[{'type': 'int_parsing', 'loc': ('path', 'order_code'), 'msg': 'Input should be a valid integer, unable to parse string as an integer', 'input': 'zj{{78470|add:89760}}zj'}]
==============================================

=== VALIDATION ERROR AT GET /api/v1/webhooks/payos/check/zj{{print+"7296"+"2923"}}zj ===
[{'type': 'int_parsing', 'loc': ('path', 'order_code'), 'msg': 'Input should be a valid integer, unable to parse string as an integer', 'input': 'zj{{print+"7296"+"2923"}}zj'}]
==============================================

=== VALIDATION ERROR AT POST /api/v1/auth/forgot-password ===
[{'type': 'value_error', 'loc': ('body', 'email'), 'msg': "value is not a valid email address: The part after the @-sign contains invalid characters: '&', SPACE.", 'input': 'zaproxy@example.com&sleep 15.0&', 'ctx': {'reason': "The part after the @-sign contains invalid characters: '&', SPACE."}}]
==============================================

=== VALIDATION ERROR AT POST /api/v1/auth/register/send-otp ===
[{'type': 'value_error', 'loc': ('body', 'email'), 'msg': "value is not a valid email address: The part after the @-sign contains invalid characters: '&', SPACE.", 'input': 'zaproxy@example.com&sleep 15.0&', 'ctx': {'reason': "The part after the @-sign contains invalid characters: '&', SPACE."}}]
==============================================

=== VALIDATION ERROR AT PATCH /api/v1/maintenance/request_id&sleep+15.0& ===
[{'type': 'json_invalid', 'loc': ('body', 34), 'msg': 'JSON decode error', 'input': {}, 'ctx': {'error': 'Expecting value'}}]
==============================================

=== VALIDATION ERROR AT PATCH /api/v1/boarding-houses/bh_id&sleep+15.0& ===
[{'type': 'json_invalid', 'loc': ('body', 8), 'msg': 'JSON decode error', 'input': {}, 'ctx': {'error': 'Expecting value'}}]
==============================================

=== VALIDATION ERROR AT POST /api/v1/auth/forgot-password ===
[{'type': 'value_error', 'loc': ('body', 'email'), 'msg': "value is not a valid email address: The part after the @-sign contains invalid characters: ';', SPACE.", 'input': 'zaproxy@example.com;sleep 15.0;', 'ctx': {'reason': "The part after the @-sign contains invalid characters: ';', SPACE."}}]
==============================================

=== VALIDATION ERROR AT POST /api/v1/auth/register/send-otp ===
[{'type': 'value_error', 'loc': ('body', 'email'), 'msg': "value is not a valid email address: The part after the @-sign contains invalid characters: ';', SPACE.", 'input': 'zaproxy@example.com;sleep 15.0;', 'ctx': {'reason': "The part after the @-sign contains invalid characters: ';', SPACE."}}]
==============================================

=== VALIDATION ERROR AT PATCH /api/v1/boarding-houses/bh_id;sleep+15.0; ===
[{'type': 'json_invalid', 'loc': ('body', 8), 'msg': 'JSON decode error', 'input': {}, 'ctx': {'error': 'Expecting value'}}]
==============================================

=== VALIDATION ERROR AT PATCH /api/v1/maintenance/request_id;sleep+15.0; ===
[{'type': 'json_invalid', 'loc': ('body', 34), 'msg': 'JSON decode error', 'input': {}, 'ctx': {'error': 'Expecting value'}}]
==============================================

=== VALIDATION ERROR AT POST /api/v1/auth/register/send-otp ===
[{'type': 'value_error', 'loc': ('body', 'email'), 'msg': 'value is not a valid email address: The part after the @-sign contains invalid characters: \'"\', \'&\', SPACE.', 'input': 'zaproxy@example.com"&sleep 15.0&"', 'ctx': {'reason': 'The part after the @-sign contains invalid characters: \'"\', \'&\', SPACE.'}}]
==============================================

=== VALIDATION ERROR AT POST /api/v1/auth/forgot-password ===
[{'type': 'value_error', 'loc': ('body', 'email'), 'msg': 'value is not a valid email address: The part after the @-sign contains invalid characters: \'"\', \'&\', SPACE.', 'input': 'zaproxy@example.com"&sleep 15.0&"', 'ctx': {'reason': 'The part after the @-sign contains invalid characters: \'"\', \'&\', SPACE.'}}]
==============================================

=== VALIDATION ERROR AT PATCH /api/v1/maintenance/request_id"&sleep+15.0&" ===
[{'type': 'json_invalid', 'loc': ('body', 34), 'msg': 'JSON decode error', 'input': {}, 'ctx': {'error': 'Expecting value'}}]
==============================================

=== VALIDATION ERROR AT PATCH /api/v1/boarding-houses/bh_id"&sleep+15.0&" ===
[{'type': 'json_invalid', 'loc': ('body', 8), 'msg': 'JSON decode error', 'input': {}, 'ctx': {'error': 'Expecting value'}}]
==============================================

=== VALIDATION ERROR AT POST /api/v1/auth/forgot-password ===
[{'type': 'value_error', 'loc': ('body', 'email'), 'msg': 'value is not a valid email address: The part after the @-sign contains invalid characters: \'"\', \';\', SPACE.', 'input': 'zaproxy@example.com";sleep 15.0;"', 'ctx': {'reason': 'The part after the @-sign contains invalid characters: \'"\', \';\', SPACE.'}}]
==============================================

=== VALIDATION ERROR AT POST /api/v1/auth/register/send-otp ===
[{'type': 'value_error', 'loc': ('body', 'email'), 'msg': 'value is not a valid email address: The part after the @-sign contains invalid characters: \'"\', \';\', SPACE.', 'input': 'zaproxy@example.com";sleep 15.0;"', 'ctx': {'reason': 'The part after the @-sign contains invalid characters: \'"\', \';\', SPACE.'}}]
==============================================

=== VALIDATION ERROR AT PATCH /api/v1/maintenance/request_id";sleep+15.0;" ===
[{'type': 'json_invalid', 'loc': ('body', 34), 'msg': 'JSON decode error', 'input': {}, 'ctx': {'error': 'Expecting value'}}]
==============================================

=== VALIDATION ERROR AT PATCH /api/v1/boarding-houses/bh_id";sleep+15.0;" ===
[{'type': 'json_invalid', 'loc': ('body', 8), 'msg': 'JSON decode error', 'input': {}, 'ctx': {'error': 'Expecting value'}}]
==============================================

=== VALIDATION ERROR AT PATCH /api/v1/maintenance/request_id'&sleep+15.0&' ===
[{'type': 'json_invalid', 'loc': ('body', 34), 'msg': 'JSON decode error', 'input': {}, 'ctx': {'error': 'Expecting value'}}]
==============================================

=== VALIDATION ERROR AT PATCH /api/v1/boarding-houses/bh_id'&sleep+15.0&' ===
[{'type': 'json_invalid', 'loc': ('body', 8), 'msg': 'JSON decode error', 'input': {}, 'ctx': {'error': 'Expecting value'}}]
==============================================

=== VALIDATION ERROR AT POST /api/v1/auth/register/send-otp ===
[{'type': 'value_error', 'loc': ('body', 'email'), 'msg': 'value is not a valid email address: The part after the @-sign contains invalid characters: "\'", \'&\', SPACE.', 'input': "zaproxy@example.com'&sleep 15.0&'", 'ctx': {'reason': 'The part after the @-sign contains invalid characters: "\'", \'&\', SPACE.'}}]
==============================================

=== VALIDATION ERROR AT POST /api/v1/auth/forgot-password ===
[{'type': 'value_error', 'loc': ('body', 'email'), 'msg': 'value is not a valid email address: The part after the @-sign contains invalid characters: "\'", \'&\', SPACE.', 'input': "zaproxy@example.com'&sleep 15.0&'", 'ctx': {'reason': 'The part after the @-sign contains invalid characters: "\'", \'&\', SPACE.'}}]
==============================================

=== VALIDATION ERROR AT PATCH /api/v1/boarding-houses/bh_id';sleep+15.0;' ===
[{'type': 'json_invalid', 'loc': ('body', 8), 'msg': 'JSON decode error', 'input': {}, 'ctx': {'error': 'Expecting value'}}]
==============================================

=== VALIDATION ERROR AT PATCH /api/v1/maintenance/request_id';sleep+15.0;' ===
[{'type': 'json_invalid', 'loc': ('body', 34), 'msg': 'JSON decode error', 'input': {}, 'ctx': {'error': 'Expecting value'}}]
==============================================

=== VALIDATION ERROR AT POST /api/v1/auth/forgot-password ===
[{'type': 'value_error', 'loc': ('body', 'email'), 'msg': 'value is not a valid email address: The part after the @-sign contains invalid characters: "\'", \';\', SPACE.', 'input': "zaproxy@example.com';sleep 15.0;'", 'ctx': {'reason': 'The part after the @-sign contains invalid characters: "\'", \';\', SPACE.'}}]
==============================================

=== VALIDATION ERROR AT POST /api/v1/auth/register/send-otp ===
[{'type': 'value_error', 'loc': ('body', 'email'), 'msg': 'value is not a valid email address: The part after the @-sign contains invalid characters: "\'", \';\', SPACE.', 'input': "zaproxy@example.com';sleep 15.0;'", 'ctx': {'reason': 'The part after the @-sign contains invalid characters: "\'", \';\', SPACE.'}}]
==============================================

=== VALIDATION ERROR AT POST /api/v1/auth/forgot-password ===
[{'type': 'value_error', 'loc': ('body', 'email'), 'msg': "value is not a valid email address: The part after the @-sign contains invalid characters: '&', '/', SPACE.", 'input': 'zaproxy@example.com&timeout /T 15.0', 'ctx': {'reason': "The part after the @-sign contains invalid characters: '&', '/', SPACE."}}]
==============================================

=== VALIDATION ERROR AT POST /api/v1/auth/register/send-otp ===
[{'type': 'value_error', 'loc': ('body', 'email'), 'msg': "value is not a valid email address: The part after the @-sign contains invalid characters: '&', '/', SPACE.", 'input': 'zaproxy@example.com&timeout /T 15.0', 'ctx': {'reason': "The part after the @-sign contains invalid characters: '&', '/', SPACE."}}]
==============================================

=== VALIDATION ERROR AT POST /api/v1/auth/forgot-password ===
[{'type': 'value_error', 'loc': ('body', 'email'), 'msg': "value is not a valid email address: The part after the @-sign contains invalid characters: '/', '|', SPACE.", 'input': 'zaproxy@example.com|timeout /T 15.0', 'ctx': {'reason': "The part after the @-sign contains invalid characters: '/', '|', SPACE."}}]
==============================================

=== VALIDATION ERROR AT POST /api/v1/auth/register/send-otp ===
[{'type': 'value_error', 'loc': ('body', 'email'), 'msg': "value is not a valid email address: The part after the @-sign contains invalid characters: '/', '|', SPACE.", 'input': 'zaproxy@example.com|timeout /T 15.0', 'ctx': {'reason': "The part after the @-sign contains invalid characters: '/', '|', SPACE."}}]
==============================================

=== VALIDATION ERROR AT POST /api/v1/auth/forgot-password ===
[{'type': 'value_error', 'loc': ('body', 'email'), 'msg': 'value is not a valid email address: The part after the @-sign contains invalid characters: \'"\', \'&\', \'/\', SPACE.', 'input': 'zaproxy@example.com"&timeout /T 15.0&"', 'ctx': {'reason': 'The part after the @-sign contains invalid characters: \'"\', \'&\', \'/\', SPACE.'}}]
==============================================

=== VALIDATION ERROR AT POST /api/v1/auth/register/send-otp ===
[{'type': 'value_error', 'loc': ('body', 'email'), 'msg': 'value is not a valid email address: The part after the @-sign contains invalid characters: \'"\', \'&\', \'/\', SPACE.', 'input': 'zaproxy@example.com"&timeout /T 15.0&"', 'ctx': {'reason': 'The part after the @-sign contains invalid characters: \'"\', \'&\', \'/\', SPACE.'}}]
==============================================

=== VALIDATION ERROR AT POST /api/v1/auth/forgot-password ===
[{'type': 'value_error', 'loc': ('body', 'email'), 'msg': 'value is not a valid email address: The part after the @-sign contains invalid characters: \'"\', \'/\', \'|\', SPACE.', 'input': 'zaproxy@example.com"|timeout /T 15.0', 'ctx': {'reason': 'The part after the @-sign contains invalid characters: \'"\', \'/\', \'|\', SPACE.'}}]
==============================================

=== VALIDATION ERROR AT POST /api/v1/auth/register/send-otp ===
[{'type': 'value_error', 'loc': ('body', 'email'), 'msg': 'value is not a valid email address: The part after the @-sign contains invalid characters: \'"\', \'/\', \'|\', SPACE.', 'input': 'zaproxy@example.com"|timeout /T 15.0', 'ctx': {'reason': 'The part after the @-sign contains invalid characters: \'"\', \'/\', \'|\', SPACE.'}}]
==============================================

=== VALIDATION ERROR AT POST /api/v1/auth/forgot-password ===
[{'type': 'value_error', 'loc': ('body', 'email'), 'msg': 'value is not a valid email address: The part after the @-sign contains invalid characters: "\'", \'&\', \'/\', SPACE.', 'input': "zaproxy@example.com'&timeout /T 15.0&'", 'ctx': {'reason': 'The part after the @-sign contains invalid characters: "\'", \'&\', \'/\', SPACE.'}}]
==============================================

=== VALIDATION ERROR AT PATCH /api/v1/boarding-houses/bh_id;start-sleep+-s+15.0 ===
[{'type': 'json_invalid', 'loc': ('body', 8), 'msg': 'JSON decode error', 'input': {}, 'ctx': {'error': 'Expecting value'}}]
==============================================

=== VALIDATION ERROR AT POST /api/v1/auth/register/send-otp ===
[{'type': 'value_error', 'loc': ('body', 'email'), 'msg': 'value is not a valid email address: The part after the @-sign contains invalid characters: "\'", \'&\', \'/\', SPACE.', 'input': "zaproxy@example.com'&timeout /T 15.0&'", 'ctx': {'reason': 'The part after the @-sign contains invalid characters: "\'", \'&\', \'/\', SPACE.'}}]
==============================================

=== VALIDATION ERROR AT PATCH /api/v1/maintenance/request_id;start-sleep+-s+15.0 ===
[{'type': 'json_invalid', 'loc': ('body', 34), 'msg': 'JSON decode error', 'input': {}, 'ctx': {'error': 'Expecting value'}}]
==============================================

=== VALIDATION ERROR AT POST /api/v1/auth/forgot-password ===
[{'type': 'value_error', 'loc': ('body', 'email'), 'msg': 'value is not a valid email address: The part after the @-sign contains invalid characters: "\'", \'/\', \'|\', SPACE.', 'input': "zaproxy@example.com'|timeout /T 15.0", 'ctx': {'reason': 'The part after the @-sign contains invalid characters: "\'", \'/\', \'|\', SPACE.'}}]
==============================================

=== VALIDATION ERROR AT PATCH /api/v1/boarding-houses/bh_id";start-sleep+-s+15.0 ===
[{'type': 'json_invalid', 'loc': ('body', 8), 'msg': 'JSON decode error', 'input': {}, 'ctx': {'error': 'Expecting value'}}]
==============================================

=== VALIDATION ERROR AT PATCH /api/v1/maintenance/request_id";start-sleep+-s+15.0 ===
[{'type': 'json_invalid', 'loc': ('body', 34), 'msg': 'JSON decode error', 'input': {}, 'ctx': {'error': 'Expecting value'}}]
==============================================

=== VALIDATION ERROR AT POST /api/v1/auth/register/send-otp ===
[{'type': 'value_error', 'loc': ('body', 'email'), 'msg': 'value is not a valid email address: The part after the @-sign contains invalid characters: "\'", \'/\', \'|\', SPACE.', 'input': "zaproxy@example.com'|timeout /T 15.0", 'ctx': {'reason': 'The part after the @-sign contains invalid characters: "\'", \'/\', \'|\', SPACE.'}}]
==============================================

=== VALIDATION ERROR AT PATCH /api/v1/boarding-houses/bh_id';start-sleep+-s+15.0 ===
[{'type': 'json_invalid', 'loc': ('body', 8), 'msg': 'JSON decode error', 'input': {}, 'ctx': {'error': 'Expecting value'}}]
==============================================

=== VALIDATION ERROR AT PATCH /api/v1/maintenance/request_id';start-sleep+-s+15.0 ===
[{'type': 'json_invalid', 'loc': ('body', 34), 'msg': 'JSON decode error', 'input': {}, 'ctx': {'error': 'Expecting value'}}]
==============================================

=== VALIDATION ERROR AT POST /api/v1/auth/forgot-password ===
[{'type': 'value_error', 'loc': ('body', 'email'), 'msg': "value is not a valid email address: The part after the @-sign contains invalid characters: ';', SPACE.", 'input': 'zaproxy@example.com;start-sleep -s 15.0', 'ctx': {'reason': "The part after the @-sign contains invalid characters: ';', SPACE."}}]
==============================================

=== VALIDATION ERROR AT POST /api/v1/auth/register/send-otp ===
[{'type': 'value_error', 'loc': ('body', 'email'), 'msg': "value is not a valid email address: The part after the @-sign contains invalid characters: ';', SPACE.", 'input': 'zaproxy@example.com;start-sleep -s 15.0', 'ctx': {'reason': "The part after the @-sign contains invalid characters: ';', SPACE."}}]
==============================================

=== VALIDATION ERROR AT PATCH /api/v1/boarding-houses/bh_id;start-sleep+-s+15.0+ ===
[{'type': 'json_invalid', 'loc': ('body', 8), 'msg': 'JSON decode error', 'input': {}, 'ctx': {'error': 'Expecting value'}}]
==============================================

=== VALIDATION ERROR AT PATCH /api/v1/maintenance/request_id;start-sleep+-s+15.0+ ===
[{'type': 'json_invalid', 'loc': ('body', 34), 'msg': 'JSON decode error', 'input': {}, 'ctx': {'error': 'Expecting value'}}]
==============================================

=== VALIDATION ERROR AT POST /api/v1/auth/forgot-password ===
[{'type': 'value_error', 'loc': ('body', 'email'), 'msg': 'value is not a valid email address: The part after the @-sign contains invalid characters: \'"\', \';\', SPACE.', 'input': 'zaproxy@example.com";start-sleep -s 15.0', 'ctx': {'reason': 'The part after the @-sign contains invalid characters: \'"\', \';\', SPACE.'}}]
==============================================

=== VALIDATION ERROR AT POST /api/v1/auth/register/send-otp ===
[{'type': 'value_error', 'loc': ('body', 'email'), 'msg': 'value is not a valid email address: The part after the @-sign contains invalid characters: \'"\', \';\', SPACE.', 'input': 'zaproxy@example.com";start-sleep -s 15.0', 'ctx': {'reason': 'The part after the @-sign contains invalid characters: \'"\', \';\', SPACE.'}}]
==============================================

=== VALIDATION ERROR AT PATCH /api/v1/tenants/tenant_id&sleep+15.0& ===
[{'type': 'json_invalid', 'loc': ('body', 51), 'msg': 'JSON decode error', 'input': {}, 'ctx': {'error': 'Expecting value'}}]
==============================================

=== VALIDATION ERROR AT POST /api/v1/auth/forgot-password ===
[{'type': 'value_error', 'loc': ('body', 'email'), 'msg': 'value is not a valid email address: The part after the @-sign contains invalid characters: "\'", \';\', SPACE.', 'input': "zaproxy@example.com';start-sleep -s 15.0", 'ctx': {'reason': 'The part after the @-sign contains invalid characters: "\'", \';\', SPACE.'}}]
==============================================

=== VALIDATION ERROR AT POST /api/v1/auth/register/send-otp ===
[{'type': 'value_error', 'loc': ('body', 'email'), 'msg': 'value is not a valid email address: The part after the @-sign contains invalid characters: "\'", \';\', SPACE.', 'input': "zaproxy@example.com';start-sleep -s 15.0", 'ctx': {'reason': 'The part after the @-sign contains invalid characters: "\'", \';\', SPACE.'}}]
==============================================

=== VALIDATION ERROR AT PATCH /api/v1/tenants/tenant_id;sleep+15.0; ===
[{'type': 'json_invalid', 'loc': ('body', 51), 'msg': 'JSON decode error', 'input': {}, 'ctx': {'error': 'Expecting value'}}]
==============================================

=== VALIDATION ERROR AT PATCH /api/v1/tenants/tenant_id"&sleep+15.0&" ===
[{'type': 'json_invalid', 'loc': ('body', 51), 'msg': 'JSON decode error', 'input': {}, 'ctx': {'error': 'Expecting value'}}]
==============================================

=== VALIDATION ERROR AT PATCH /api/v1/tenants/tenant_id";sleep+15.0;" ===
[{'type': 'json_invalid', 'loc': ('body', 51), 'msg': 'JSON decode error', 'input': {}, 'ctx': {'error': 'Expecting value'}}]
==============================================

=== VALIDATION ERROR AT PATCH /api/v1/tenants/tenant_id'&sleep+15.0&' ===
[{'type': 'json_invalid', 'loc': ('body', 51), 'msg': 'JSON decode error', 'input': {}, 'ctx': {'error': 'Expecting value'}}]
==============================================

=== VALIDATION ERROR AT PATCH /api/v1/tenants/tenant_id';sleep+15.0;' ===
[{'type': 'json_invalid', 'loc': ('body', 51), 'msg': 'JSON decode error', 'input': {}, 'ctx': {'error': 'Expecting value'}}]
==============================================

=== VALIDATION ERROR AT PATCH /api/v1/tenants/tenant_id;start-sleep+-s+15.0 ===
[{'type': 'json_invalid', 'loc': ('body', 51), 'msg': 'JSON decode error', 'input': {}, 'ctx': {'error': 'Expecting value'}}]
==============================================

=== VALIDATION ERROR AT PATCH /api/v1/tenants/tenant_id";start-sleep+-s+15.0 ===
[{'type': 'json_invalid', 'loc': ('body', 51), 'msg': 'JSON decode error', 'input': {}, 'ctx': {'error': 'Expecting value'}}]
==============================================

=== VALIDATION ERROR AT PATCH /api/v1/tenants/tenant_id';start-sleep+-s+15.0 ===
[{'type': 'json_invalid', 'loc': ('body', 51), 'msg': 'JSON decode error', 'input': {}, 'ctx': {'error': 'Expecting value'}}]
==============================================

=== VALIDATION ERROR AT PATCH /api/v1/tenants/tenant_id;start-sleep+-s+15.0+ ===
[{'type': 'json_invalid', 'loc': ('body', 51), 'msg': 'JSON decode error', 'input': {}, 'ctx': {'error': 'Expecting value'}}]
==============================================

=== VALIDATION ERROR AT GET /api/v1/webhooks/payos/check/10&sleep+15.0& ===
[{'type': 'int_parsing', 'loc': ('path', 'order_code'), 'msg': 'Input should be a valid integer, unable to parse string as an integer', 'input': '10&sleep+15.0&'}]
==============================================

=== VALIDATION ERROR AT GET /api/v1/webhooks/payos/check/10;sleep+15.0; ===
[{'type': 'int_parsing', 'loc': ('path', 'order_code'), 'msg': 'Input should be a valid integer, unable to parse string as an integer', 'input': '10;sleep+15.0;'}]
==============================================

=== VALIDATION ERROR AT GET /api/v1/webhooks/payos/check/10"&sleep+15.0&" ===
[{'type': 'int_parsing', 'loc': ('path', 'order_code'), 'msg': 'Input should be a valid integer, unable to parse string as an integer', 'input': '10"&sleep+15.0&"'}]
==============================================

=== VALIDATION ERROR AT GET /api/v1/webhooks/payos/check/10";sleep+15.0;" ===
[{'type': 'int_parsing', 'loc': ('path', 'order_code'), 'msg': 'Input should be a valid integer, unable to parse string as an integer', 'input': '10";sleep+15.0;"'}]
==============================================

=== VALIDATION ERROR AT GET /api/v1/webhooks/payos/check/10'&sleep+15.0&' ===
[{'type': 'int_parsing', 'loc': ('path', 'order_code'), 'msg': 'Input should be a valid integer, unable to parse string as an integer', 'input': "10'&sleep+15.0&'"}]
==============================================

=== VALIDATION ERROR AT GET /api/v1/webhooks/payos/check/10';sleep+15.0;' ===
[{'type': 'int_parsing', 'loc': ('path', 'order_code'), 'msg': 'Input should be a valid integer, unable to parse string as an integer', 'input': "10';sleep+15.0;'"}]
==============================================

=== VALIDATION ERROR AT GET /api/v1/webhooks/payos/check/10;start-sleep+-s+15.0 ===
[{'type': 'int_parsing', 'loc': ('path', 'order_code'), 'msg': 'Input should be a valid integer, unable to parse string as an integer', 'input': '10;start-sleep+-s+15.0'}]
==============================================

=== VALIDATION ERROR AT GET /api/v1/webhooks/payos/check/10";start-sleep+-s+15.0 ===
[{'type': 'int_parsing', 'loc': ('path', 'order_code'), 'msg': 'Input should be a valid integer, unable to parse string as an integer', 'input': '10";start-sleep+-s+15.0'}]
==============================================

=== VALIDATION ERROR AT GET /api/v1/webhooks/payos/check/10';start-sleep+-s+15.0 ===
[{'type': 'int_parsing', 'loc': ('path', 'order_code'), 'msg': 'Input should be a valid integer, unable to parse string as an integer', 'input': "10';start-sleep+-s+15.0"}]
==============================================

=== VALIDATION ERROR AT GET /api/v1/webhooks/payos/check/10;start-sleep+-s+15.0+ ===
[{'type': 'int_parsing', 'loc': ('path', 'order_code'), 'msg': 'Input should be a valid integer, unable to parse string as an integer', 'input': '10;start-sleep+-s+15.0+#'}]
==============================================

=== VALIDATION ERROR AT POST /api/v1/auth/login ===
[{'type': 'value_error', 'loc': ('body', 'email'), 'msg': 'value is not a valid email address: An open angle bracket at the start of the email address has to be followed by a close angle bracket at the end.', 'input': '<', 'ctx': {'reason': 'An open angle bracket at the start of the email address has to be followed by a close angle bracket at the end.'}}]
==============================================

=== VALIDATION ERROR AT POST /api/v1/auth/register ===
[{'type': 'value_error', 'loc': ('body', 'email'), 'msg': 'value is not a valid email address: An open angle bracket at the start of the email address has to be followed by a close angle bracket at the end.', 'input': '<', 'ctx': {'reason': 'An open angle bracket at the start of the email address has to be followed by a close angle bracket at the end.'}}, {'type': 'value_error', 'loc': ('body', 'password'), 'msg': 'Value error, Password must be at least 8 characters', 'input': 'ZAP', 'ctx': {'error': ValueError('Password must be at least 8 characters')}}, {'type': 'string_type', 'loc': ('body', 'phone'), 'msg': 'Input should be a valid string', 'input': 9999999999}, {'type': 'value_error', 'loc': ('body', 'otp_code'), 'msg': 'Value error, OTP code must be 6 digits', 'input': 'John Doe', 'ctx': {'error': ValueError('OTP code must be 6 digits')}}]
==============================================

=== GLOBAL EXCEPTION HANDLER AT POST /api/v1/auth/register ===
  + Exception Group Traceback (most recent call last):
  |   File "D:\nhatro\backend\venv\Lib\site-packages\starlette\_utils.py", line 87, in collapse_excgroups
  |     yield
  |   File "D:\nhatro\backend\venv\Lib\site-packages\starlette\middleware\base.py", line 190, in __call__
  |     async with anyio.create_task_group() as task_group:
  |                ^^^^^^^^^^^^^^^^^^^^^^^^^
  |   File "D:\nhatro\backend\venv\Lib\site-packages\anyio\_backends\_asyncio.py", line 799, in __aexit__
  |     raise BaseExceptionGroup(
  | ExceptionGroup: unhandled errors in a TaskGroup (1 sub-exception)
  +-+---------------- 1 ----------------
    | Traceback (most recent call last):
    |   File "D:\nhatro\backend\venv\Lib\site-packages\starlette\middleware\errors.py", line 164, in __call__
    |     await self.app(scope, receive, _send)
    |   File "D:\nhatro\backend\venv\Lib\site-packages\starlette\middleware\base.py", line 189, in __call__
    |     with collapse_excgroups():
    |          ^^^^^^^^^^^^^^^^^^^^
    |   File "C:\Users\ngocson\.cache\codex-runtimes\codex-primary-runtime\dependencies\python\Lib\contextlib.py", line 158, in __exit__
    |     self.gen.throw(value)
    |   File "D:\nhatro\backend\venv\Lib\site-packages\starlette\_utils.py", line 93, in collapse_excgroups
    |     raise exc
    |   File "D:\nhatro\backend\venv\Lib\site-packages\starlette\middleware\base.py", line 191, in __call__
    |     response = await self.dispatch_func(request, call_next)
    |                ^^^^^^^^^^^^^^^^^^^^^^^^^^^^^^^^^^^^^^^^^^^^
    |   File "D:\nhatro\backend\app\main.py", line 127, in rate_limit_middleware
    |     return await call_next(request)
    |            ^^^^^^^^^^^^^^^^^^^^^^^^
    |   File "D:\nhatro\backend\venv\Lib\site-packages\starlette\middleware\base.py", line 165, in call_next
    |     raise app_exc
    |   File "D:\nhatro\backend\venv\Lib\site-packages\starlette\middleware\base.py", line 151, in coro
    |     await self.app(scope, receive_or_disconnect, send_no_error)
    |   File "D:\nhatro\backend\venv\Lib\site-packages\starlette\middleware\base.py", line 189, in __call__
    |     with collapse_excgroups():
    |          ^^^^^^^^^^^^^^^^^^^^
    |   File "C:\Users\ngocson\.cache\codex-runtimes\codex-primary-runtime\dependencies\python\Lib\contextlib.py", line 158, in __exit__
    |     self.gen.throw(value)
    |   File "D:\nhatro\backend\venv\Lib\site-packages\starlette\_utils.py", line 93, in collapse_excgroups
    |     raise exc
    |   File "D:\nhatro\backend\venv\Lib\site-packages\starlette\middleware\base.py", line 191, in __call__
    |     response = await self.dispatch_func(request, call_next)
    |                ^^^^^^^^^^^^^^^^^^^^^^^^^^^^^^^^^^^^^^^^^^^^
    |   File "D:\nhatro\backend\app\main.py", line 93, in add_process_time
    |     response = await call_next(request)
    |                ^^^^^^^^^^^^^^^^^^^^^^^^
    |   File "D:\nhatro\backend\venv\Lib\site-packages\starlette\middleware\base.py", line 165, in call_next
    |     raise app_exc
    |   File "D:\nhatro\backend\venv\Lib\site-packages\starlette\middleware\base.py", line 151, in coro
    |     await self.app(scope, receive_or_disconnect, send_no_error)
    |   File "D:\nhatro\backend\venv\Lib\site-packages\starlette\middleware\base.py", line 189, in __call__
    |     with collapse_excgroups():
    |          ^^^^^^^^^^^^^^^^^^^^
    |   File "C:\Users\ngocson\.cache\codex-runtimes\codex-primary-runtime\dependencies\python\Lib\contextlib.py", line 158, in __exit__
    |     self.gen.throw(value)
    |   File "D:\nhatro\backend\venv\Lib\site-packages\starlette\_utils.py", line 93, in collapse_excgroups
    |     raise exc
    |   File "D:\nhatro\backend\venv\Lib\site-packages\starlette\middleware\base.py", line 191, in __call__
    |     response = await self.dispatch_func(request, call_next)
    |                ^^^^^^^^^^^^^^^^^^^^^^^^^^^^^^^^^^^^^^^^^^^^
    |   File "D:\nhatro\backend\app\main.py", line 86, in add_security_headers
    |     response = await call_next(request)
    |                ^^^^^^^^^^^^^^^^^^^^^^^^
    |   File "D:\nhatro\backend\venv\Lib\site-packages\starlette\middleware\base.py", line 165, in call_next
    |     raise app_exc
    |   File "D:\nhatro\backend\venv\Lib\site-packages\starlette\middleware\base.py", line 151, in coro
    |     await self.app(scope, receive_or_disconnect, send_no_error)
    |   File "D:\nhatro\backend\venv\Lib\site-packages\starlette\middleware\cors.py", line 85, in __call__
    |     await self.app(scope, receive, send)
    |   File "D:\nhatro\backend\venv\Lib\site-packages\starlette\middleware\exceptions.py", line 65, in __call__
    |     await wrap_app_handling_exceptions(self.app, conn)(scope, receive, send)
    |   File "D:\nhatro\backend\venv\Lib\site-packages\starlette\_exception_handler.py", line 64, in wrapped_app
    |     raise exc
    |   File "D:\nhatro\backend\venv\Lib\site-packages\starlette\_exception_handler.py", line 53, in wrapped_app
    |     await app(scope, receive, sender)
    |   File "D:\nhatro\backend\venv\Lib\site-packages\starlette\routing.py", line 756, in __call__
    |     await self.middleware_stack(scope, receive, send)
    |   File "D:\nhatro\backend\venv\Lib\site-packages\starlette\routing.py", line 776, in app
    |     await route.handle(scope, receive, send)
    |   File "D:\nhatro\backend\venv\Lib\site-packages\starlette\routing.py", line 297, in handle
    |     await self.app(scope, receive, send)
    |   File "D:\nhatro\backend\venv\Lib\site-packages\starlette\routing.py", line 77, in app
    |     await wrap_app_handling_exceptions(app, request)(scope, receive, send)
    |   File "D:\nhatro\backend\venv\Lib\site-packages\starlette\_exception_handler.py", line 75, in wrapped_app
    |     response = await handler(conn, exc)
    |                ^^^^^^^^^^^^^^^^^^^^^^^^
    |   File "D:\nhatro\backend\app\main.py", line 157, in validation_exception_handler
    |     return JSONResponse(
    |            ^^^^^^^^^^^^^
    |   File "D:\nhatro\backend\venv\Lib\site-packages\starlette\responses.py", line 184, in __init__
    |     super().__init__(content, status_code, headers, media_type, background)
    |   File "D:\nhatro\backend\venv\Lib\site-packages\starlette\responses.py", line 41, in __init__
    |     self.body = self.render(content)
    |                 ^^^^^^^^^^^^^^^^^^^^
    |   File "D:\nhatro\backend\venv\Lib\site-packages\starlette\responses.py", line 187, in render
    |     return json.dumps(
    |            ^^^^^^^^^^^
    |   File "C:\Users\ngocson\.cache\codex-runtimes\codex-primary-runtime\dependencies\python\Lib\json\__init__.py", line 238, in dumps
    |     **kw).encode(obj)
    |           ^^^^^^^^^^^
    |   File "C:\Users\ngocson\.cache\codex-runtimes\codex-primary-runtime\dependencies\python\Lib\json\encoder.py", line 200, in encode
    |     chunks = self.iterencode(o, _one_shot=True)
    |              ^^^^^^^^^^^^^^^^^^^^^^^^^^^^^^^^^^
    |   File "C:\Users\ngocson\.cache\codex-runtimes\codex-primary-runtime\dependencies\python\Lib\json\encoder.py", line 258, in iterencode
    |     return _iterencode(o, 0)
    |            ^^^^^^^^^^^^^^^^^
    |   File "C:\Users\ngocson\.cache\codex-runtimes\codex-primary-runtime\dependencies\python\Lib\json\encoder.py", line 180, in default
    |     raise TypeError(f'Object of type {o.__class__.__name__} '
    | TypeError: Object of type ValueError is not JSON serializable
    +------------------------------------

During handling of the above exception, another exception occurred:

Traceback (most recent call last):
  File "D:\nhatro\backend\venv\Lib\site-packages\starlette\middleware\errors.py", line 164, in __call__
    await self.app(scope, receive, _send)
  File "D:\nhatro\backend\venv\Lib\site-packages\starlette\middleware\base.py", line 189, in __call__
    with collapse_excgroups():
         ^^^^^^^^^^^^^^^^^^^^
  File "C:\Users\ngocson\.cache\codex-runtimes\codex-primary-runtime\dependencies\python\Lib\contextlib.py", line 158, in __exit__
    self.gen.throw(value)
  File "D:\nhatro\backend\venv\Lib\site-packages\starlette\_utils.py", line 93, in collapse_excgroups
    raise exc
  File "D:\nhatro\backend\venv\Lib\site-packages\starlette\middleware\base.py", line 191, in __call__
    response = await self.dispatch_func(request, call_next)
               ^^^^^^^^^^^^^^^^^^^^^^^^^^^^^^^^^^^^^^^^^^^^
  File "D:\nhatro\backend\app\main.py", line 127, in rate_limit_middleware
    return await call_next(request)
           ^^^^^^^^^^^^^^^^^^^^^^^^
  File "D:\nhatro\backend\venv\Lib\site-packages\starlette\middleware\base.py", line 165, in call_next
    raise app_exc
  File "D:\nhatro\backend\venv\Lib\site-packages\starlette\middleware\base.py", line 151, in coro
    await self.app(scope, receive_or_disconnect, send_no_error)
  File "D:\nhatro\backend\venv\Lib\site-packages\starlette\middleware\base.py", line 189, in __call__
    with collapse_excgroups():
         ^^^^^^^^^^^^^^^^^^^^
  File "C:\Users\ngocson\.cache\codex-runtimes\codex-primary-runtime\dependencies\python\Lib\contextlib.py", line 158, in __exit__
    self.gen.throw(value)
  File "D:\nhatro\backend\venv\Lib\site-packages\starlette\_utils.py", line 93, in collapse_excgroups
    raise exc
  File "D:\nhatro\backend\venv\Lib\site-packages\starlette\middleware\base.py", line 191, in __call__
    response = await self.dispatch_func(request, call_next)
               ^^^^^^^^^^^^^^^^^^^^^^^^^^^^^^^^^^^^^^^^^^^^
  File "D:\nhatro\backend\app\main.py", line 93, in add_process_time
    response = await call_next(request)
               ^^^^^^^^^^^^^^^^^^^^^^^^
  File "D:\nhatro\backend\venv\Lib\site-packages\starlette\middleware\base.py", line 165, in call_next
    raise app_exc
  File "D:\nhatro\backend\venv\Lib\site-packages\starlette\middleware\base.py", line 151, in coro
    await self.app(scope, receive_or_disconnect, send_no_error)
  File "D:\nhatro\backend\venv\Lib\site-packages\starlette\middleware\base.py", line 189, in __call__
    with collapse_excgroups():
         ^^^^^^^^^^^^^^^^^^^^
  File "C:\Users\ngocson\.cache\codex-runtimes\codex-primary-runtime\dependencies\python\Lib\contextlib.py", line 158, in __exit__
    self.gen.throw(value)
  File "D:\nhatro\backend\venv\Lib\site-packages\starlette\_utils.py", line 93, in collapse_excgroups
    raise exc
  File "D:\nhatro\backend\venv\Lib\site-packages\starlette\middleware\base.py", line 191, in __call__
    response = await self.dispatch_func(request, call_next)
               ^^^^^^^^^^^^^^^^^^^^^^^^^^^^^^^^^^^^^^^^^^^^
  File "D:\nhatro\backend\app\main.py", line 86, in add_security_headers
    response = await call_next(request)
               ^^^^^^^^^^^^^^^^^^^^^^^^
  File "D:\nhatro\backend\venv\Lib\site-packages\starlette\middleware\base.py", line 165, in call_next
    raise app_exc
  File "D:\nhatro\backend\venv\Lib\site-packages\starlette\middleware\base.py", line 151, in coro
    await self.app(scope, receive_or_disconnect, send_no_error)
  File "D:\nhatro\backend\venv\Lib\site-packages\starlette\middleware\cors.py", line 85, in __call__
    await self.app(scope, receive, send)
  File "D:\nhatro\backend\venv\Lib\site-packages\starlette\middleware\exceptions.py", line 65, in __call__
    await wrap_app_handling_exceptions(self.app, conn)(scope, receive, send)
  File "D:\nhatro\backend\venv\Lib\site-packages\starlette\_exception_handler.py", line 64, in wrapped_app
    raise exc
  File "D:\nhatro\backend\venv\Lib\site-packages\starlette\_exception_handler.py", line 53, in wrapped_app
    await app(scope, receive, sender)
  File "D:\nhatro\backend\venv\Lib\site-packages\starlette\routing.py", line 756, in __call__
    await self.middleware_stack(scope, receive, send)
  File "D:\nhatro\backend\venv\Lib\site-packages\starlette\routing.py", line 776, in app
    await route.handle(scope, receive, send)
  File "D:\nhatro\backend\venv\Lib\site-packages\starlette\routing.py", line 297, in handle
    await self.app(scope, receive, send)
  File "D:\nhatro\backend\venv\Lib\site-packages\starlette\routing.py", line 77, in app
    await wrap_app_handling_exceptions(app, request)(scope, receive, send)
  File "D:\nhatro\backend\venv\Lib\site-packages\starlette\_exception_handler.py", line 75, in wrapped_app
    response = await handler(conn, exc)
               ^^^^^^^^^^^^^^^^^^^^^^^^
  File "D:\nhatro\backend\app\main.py", line 157, in validation_exception_handler
    return JSONResponse(
           ^^^^^^^^^^^^^
  File "D:\nhatro\backend\venv\Lib\site-packages\starlette\responses.py", line 184, in __init__
    super().__init__(content, status_code, headers, media_type, background)
  File "D:\nhatro\backend\venv\Lib\site-packages\starlette\responses.py", line 41, in __init__
    self.body = self.render(content)
                ^^^^^^^^^^^^^^^^^^^^
  File "D:\nhatro\backend\venv\Lib\site-packages\starlette\responses.py", line 187, in render
    return json.dumps(
           ^^^^^^^^^^^
  File "C:\Users\ngocson\.cache\codex-runtimes\codex-primary-runtime\dependencies\python\Lib\json\__init__.py", line 238, in dumps
    **kw).encode(obj)
          ^^^^^^^^^^^
  File "C:\Users\ngocson\.cache\codex-runtimes\codex-primary-runtime\dependencies\python\Lib\json\encoder.py", line 200, in encode
    chunks = self.iterencode(o, _one_shot=True)
             ^^^^^^^^^^^^^^^^^^^^^^^^^^^^^^^^^^
  File "C:\Users\ngocson\.cache\codex-runtimes\codex-primary-runtime\dependencies\python\Lib\json\encoder.py", line 258, in iterencode
    return _iterencode(o, 0)
           ^^^^^^^^^^^^^^^^^
  File "C:\Users\ngocson\.cache\codex-runtimes\codex-primary-runtime\dependencies\python\Lib\json\encoder.py", line 180, in default
    raise TypeError(f'Object of type {o.__class__.__name__} '
TypeError: Object of type ValueError is not JSON serializable
==============================================

=== VALIDATION ERROR AT PATCH /api/v1/maintenance/< ===
[{'type': 'json_invalid', 'loc': ('body', 34), 'msg': 'JSON decode error', 'input': {}, 'ctx': {'error': 'Expecting value'}}]
==============================================

=== VALIDATION ERROR AT PATCH /api/v1/boarding-houses/< ===
[{'type': 'json_invalid', 'loc': ('body', 8), 'msg': 'JSON decode error', 'input': {}, 'ctx': {'error': 'Expecting value'}}]
==============================================

=== VALIDATION ERROR AT POST /api/v1/auth/login ===
[{'type': 'value_error', 'loc': ('body', 'email'), 'msg': 'value is not a valid email address: An email address must have an @-sign.', 'input': '<xsl:value-of select="system-property(\'xsl:vendor\')"/>', 'ctx': {'reason': 'An email address must have an @-sign.'}}]
==============================================

=== VALIDATION ERROR AT POST /api/v1/auth/register ===
[{'type': 'value_error', 'loc': ('body', 'email'), 'msg': 'value is not a valid email address: An email address must have an @-sign.', 'input': '<xsl:value-of select="system-property(\'xsl:vendor\')"/>', 'ctx': {'reason': 'An email address must have an @-sign.'}}, {'type': 'value_error', 'loc': ('body', 'password'), 'msg': 'Value error, Password must be at least 8 characters', 'input': 'ZAP', 'ctx': {'error': ValueError('Password must be at least 8 characters')}}, {'type': 'string_type', 'loc': ('body', 'phone'), 'msg': 'Input should be a valid string', 'input': 9999999999}, {'type': 'value_error', 'loc': ('body', 'otp_code'), 'msg': 'Value error, OTP code must be 6 digits', 'input': 'John Doe', 'ctx': {'error': ValueError('OTP code must be 6 digits')}}]
==============================================

=== GLOBAL EXCEPTION HANDLER AT POST /api/v1/auth/register ===
  + Exception Group Traceback (most recent call last):
  |   File "D:\nhatro\backend\venv\Lib\site-packages\starlette\_utils.py", line 87, in collapse_excgroups
  |     yield
  |   File "D:\nhatro\backend\venv\Lib\site-packages\starlette\middleware\base.py", line 190, in __call__
  |     async with anyio.create_task_group() as task_group:
  |                ^^^^^^^^^^^^^^^^^^^^^^^^^
  |   File "D:\nhatro\backend\venv\Lib\site-packages\anyio\_backends\_asyncio.py", line 799, in __aexit__
  |     raise BaseExceptionGroup(
  | ExceptionGroup: unhandled errors in a TaskGroup (1 sub-exception)
  +-+---------------- 1 ----------------
    | Traceback (most recent call last):
    |   File "D:\nhatro\backend\venv\Lib\site-packages\starlette\middleware\errors.py", line 164, in __call__
    |     await self.app(scope, receive, _send)
    |   File "D:\nhatro\backend\venv\Lib\site-packages\starlette\middleware\base.py", line 189, in __call__
    |     with collapse_excgroups():
    |          ^^^^^^^^^^^^^^^^^^^^
    |   File "C:\Users\ngocson\.cache\codex-runtimes\codex-primary-runtime\dependencies\python\Lib\contextlib.py", line 158, in __exit__
    |     self.gen.throw(value)
    |   File "D:\nhatro\backend\venv\Lib\site-packages\starlette\_utils.py", line 93, in collapse_excgroups
    |     raise exc
    |   File "D:\nhatro\backend\venv\Lib\site-packages\starlette\middleware\base.py", line 191, in __call__
    |     response = await self.dispatch_func(request, call_next)
    |                ^^^^^^^^^^^^^^^^^^^^^^^^^^^^^^^^^^^^^^^^^^^^
    |   File "D:\nhatro\backend\app\main.py", line 127, in rate_limit_middleware
    |     return await call_next(request)
    |            ^^^^^^^^^^^^^^^^^^^^^^^^
    |   File "D:\nhatro\backend\venv\Lib\site-packages\starlette\middleware\base.py", line 165, in call_next
    |     raise app_exc
    |   File "D:\nhatro\backend\venv\Lib\site-packages\starlette\middleware\base.py", line 151, in coro
    |     await self.app(scope, receive_or_disconnect, send_no_error)
    |   File "D:\nhatro\backend\venv\Lib\site-packages\starlette\middleware\base.py", line 189, in __call__
    |     with collapse_excgroups():
    |          ^^^^^^^^^^^^^^^^^^^^
    |   File "C:\Users\ngocson\.cache\codex-runtimes\codex-primary-runtime\dependencies\python\Lib\contextlib.py", line 158, in __exit__
    |     self.gen.throw(value)
    |   File "D:\nhatro\backend\venv\Lib\site-packages\starlette\_utils.py", line 93, in collapse_excgroups
    |     raise exc
    |   File "D:\nhatro\backend\venv\Lib\site-packages\starlette\middleware\base.py", line 191, in __call__
    |     response = await self.dispatch_func(request, call_next)
    |                ^^^^^^^^^^^^^^^^^^^^^^^^^^^^^^^^^^^^^^^^^^^^
    |   File "D:\nhatro\backend\app\main.py", line 93, in add_process_time
    |     response = await call_next(request)
    |                ^^^^^^^^^^^^^^^^^^^^^^^^
    |   File "D:\nhatro\backend\venv\Lib\site-packages\starlette\middleware\base.py", line 165, in call_next
    |     raise app_exc
    |   File "D:\nhatro\backend\venv\Lib\site-packages\starlette\middleware\base.py", line 151, in coro
    |     await self.app(scope, receive_or_disconnect, send_no_error)
    |   File "D:\nhatro\backend\venv\Lib\site-packages\starlette\middleware\base.py", line 189, in __call__
    |     with collapse_excgroups():
    |          ^^^^^^^^^^^^^^^^^^^^
    |   File "C:\Users\ngocson\.cache\codex-runtimes\codex-primary-runtime\dependencies\python\Lib\contextlib.py", line 158, in __exit__
    |     self.gen.throw(value)
    |   File "D:\nhatro\backend\venv\Lib\site-packages\starlette\_utils.py", line 93, in collapse_excgroups
    |     raise exc
    |   File "D:\nhatro\backend\venv\Lib\site-packages\starlette\middleware\base.py", line 191, in __call__
    |     response = await self.dispatch_func(request, call_next)
    |                ^^^^^^^^^^^^^^^^^^^^^^^^^^^^^^^^^^^^^^^^^^^^
    |   File "D:\nhatro\backend\app\main.py", line 86, in add_security_headers
    |     response = await call_next(request)
    |                ^^^^^^^^^^^^^^^^^^^^^^^^
    |   File "D:\nhatro\backend\venv\Lib\site-packages\starlette\middleware\base.py", line 165, in call_next
    |     raise app_exc
    |   File "D:\nhatro\backend\venv\Lib\site-packages\starlette\middleware\base.py", line 151, in coro
    |     await self.app(scope, receive_or_disconnect, send_no_error)
    |   File "D:\nhatro\backend\venv\Lib\site-packages\starlette\middleware\cors.py", line 85, in __call__
    |     await self.app(scope, receive, send)
    |   File "D:\nhatro\backend\venv\Lib\site-packages\starlette\middleware\exceptions.py", line 65, in __call__
    |     await wrap_app_handling_exceptions(self.app, conn)(scope, receive, send)
    |   File "D:\nhatro\backend\venv\Lib\site-packages\starlette\_exception_handler.py", line 64, in wrapped_app
    |     raise exc
    |   File "D:\nhatro\backend\venv\Lib\site-packages\starlette\_exception_handler.py", line 53, in wrapped_app
    |     await app(scope, receive, sender)
    |   File "D:\nhatro\backend\venv\Lib\site-packages\starlette\routing.py", line 756, in __call__
    |     await self.middleware_stack(scope, receive, send)
    |   File "D:\nhatro\backend\venv\Lib\site-packages\starlette\routing.py", line 776, in app
    |     await route.handle(scope, receive, send)
    |   File "D:\nhatro\backend\venv\Lib\site-packages\starlette\routing.py", line 297, in handle
    |     await self.app(scope, receive, send)
    |   File "D:\nhatro\backend\venv\Lib\site-packages\starlette\routing.py", line 77, in app
    |     await wrap_app_handling_exceptions(app, request)(scope, receive, send)
    |   File "D:\nhatro\backend\venv\Lib\site-packages\starlette\_exception_handler.py", line 75, in wrapped_app
    |     response = await handler(conn, exc)
    |                ^^^^^^^^^^^^^^^^^^^^^^^^
    |   File "D:\nhatro\backend\app\main.py", line 157, in validation_exception_handler
    |     return JSONResponse(
    |            ^^^^^^^^^^^^^
    |   File "D:\nhatro\backend\venv\Lib\site-packages\starlette\responses.py", line 184, in __init__
    |     super().__init__(content, status_code, headers, media_type, background)
    |   File "D:\nhatro\backend\venv\Lib\site-packages\starlette\responses.py", line 41, in __init__
    |     self.body = self.render(content)
    |                 ^^^^^^^^^^^^^^^^^^^^
    |   File "D:\nhatro\backend\venv\Lib\site-packages\starlette\responses.py", line 187, in render
    |     return json.dumps(
    |            ^^^^^^^^^^^
    |   File "C:\Users\ngocson\.cache\codex-runtimes\codex-primary-runtime\dependencies\python\Lib\json\__init__.py", line 238, in dumps
    |     **kw).encode(obj)
    |           ^^^^^^^^^^^
    |   File "C:\Users\ngocson\.cache\codex-runtimes\codex-primary-runtime\dependencies\python\Lib\json\encoder.py", line 200, in encode
    |     chunks = self.iterencode(o, _one_shot=True)
    |              ^^^^^^^^^^^^^^^^^^^^^^^^^^^^^^^^^^
    |   File "C:\Users\ngocson\.cache\codex-runtimes\codex-primary-runtime\dependencies\python\Lib\json\encoder.py", line 258, in iterencode
    |     return _iterencode(o, 0)
    |            ^^^^^^^^^^^^^^^^^
    |   File "C:\Users\ngocson\.cache\codex-runtimes\codex-primary-runtime\dependencies\python\Lib\json\encoder.py", line 180, in default
    |     raise TypeError(f'Object of type {o.__class__.__name__} '
    | TypeError: Object of type ValueError is not JSON serializable
    +------------------------------------

During handling of the above exception, another exception occurred:

Traceback (most recent call last):
  File "D:\nhatro\backend\venv\Lib\site-packages\starlette\middleware\errors.py", line 164, in __call__
    await self.app(scope, receive, _send)
  File "D:\nhatro\backend\venv\Lib\site-packages\starlette\middleware\base.py", line 189, in __call__
    with collapse_excgroups():
         ^^^^^^^^^^^^^^^^^^^^
  File "C:\Users\ngocson\.cache\codex-runtimes\codex-primary-runtime\dependencies\python\Lib\contextlib.py", line 158, in __exit__
    self.gen.throw(value)
  File "D:\nhatro\backend\venv\Lib\site-packages\starlette\_utils.py", line 93, in collapse_excgroups
    raise exc
  File "D:\nhatro\backend\venv\Lib\site-packages\starlette\middleware\base.py", line 191, in __call__
    response = await self.dispatch_func(request, call_next)
               ^^^^^^^^^^^^^^^^^^^^^^^^^^^^^^^^^^^^^^^^^^^^
  File "D:\nhatro\backend\app\main.py", line 127, in rate_limit_middleware
    return await call_next(request)
           ^^^^^^^^^^^^^^^^^^^^^^^^
  File "D:\nhatro\backend\venv\Lib\site-packages\starlette\middleware\base.py", line 165, in call_next
    raise app_exc
  File "D:\nhatro\backend\venv\Lib\site-packages\starlette\middleware\base.py", line 151, in coro
    await self.app(scope, receive_or_disconnect, send_no_error)
  File "D:\nhatro\backend\venv\Lib\site-packages\starlette\middleware\base.py", line 189, in __call__
    with collapse_excgroups():
         ^^^^^^^^^^^^^^^^^^^^
  File "C:\Users\ngocson\.cache\codex-runtimes\codex-primary-runtime\dependencies\python\Lib\contextlib.py", line 158, in __exit__
    self.gen.throw(value)
  File "D:\nhatro\backend\venv\Lib\site-packages\starlette\_utils.py", line 93, in collapse_excgroups
    raise exc
  File "D:\nhatro\backend\venv\Lib\site-packages\starlette\middleware\base.py", line 191, in __call__
    response = await self.dispatch_func(request, call_next)
               ^^^^^^^^^^^^^^^^^^^^^^^^^^^^^^^^^^^^^^^^^^^^
  File "D:\nhatro\backend\app\main.py", line 93, in add_process_time
    response = await call_next(request)
               ^^^^^^^^^^^^^^^^^^^^^^^^
  File "D:\nhatro\backend\venv\Lib\site-packages\starlette\middleware\base.py", line 165, in call_next
    raise app_exc
  File "D:\nhatro\backend\venv\Lib\site-packages\starlette\middleware\base.py", line 151, in coro
    await self.app(scope, receive_or_disconnect, send_no_error)
  File "D:\nhatro\backend\venv\Lib\site-packages\starlette\middleware\base.py", line 189, in __call__
    with collapse_excgroups():
         ^^^^^^^^^^^^^^^^^^^^
  File "C:\Users\ngocson\.cache\codex-runtimes\codex-primary-runtime\dependencies\python\Lib\contextlib.py", line 158, in __exit__
    self.gen.throw(value)
  File "D:\nhatro\backend\venv\Lib\site-packages\starlette\_utils.py", line 93, in collapse_excgroups
    raise exc
  File "D:\nhatro\backend\venv\Lib\site-packages\starlette\middleware\base.py", line 191, in __call__
    response = await self.dispatch_func(request, call_next)
               ^^^^^^^^^^^^^^^^^^^^^^^^^^^^^^^^^^^^^^^^^^^^
  File "D:\nhatro\backend\app\main.py", line 86, in add_security_headers
    response = await call_next(request)
               ^^^^^^^^^^^^^^^^^^^^^^^^
  File "D:\nhatro\backend\venv\Lib\site-packages\starlette\middleware\base.py", line 165, in call_next
    raise app_exc
  File "D:\nhatro\backend\venv\Lib\site-packages\starlette\middleware\base.py", line 151, in coro
    await self.app(scope, receive_or_disconnect, send_no_error)
  File "D:\nhatro\backend\venv\Lib\site-packages\starlette\middleware\cors.py", line 85, in __call__
    await self.app(scope, receive, send)
  File "D:\nhatro\backend\venv\Lib\site-packages\starlette\middleware\exceptions.py", line 65, in __call__
    await wrap_app_handling_exceptions(self.app, conn)(scope, receive, send)
  File "D:\nhatro\backend\venv\Lib\site-packages\starlette\_exception_handler.py", line 64, in wrapped_app
    raise exc
  File "D:\nhatro\backend\venv\Lib\site-packages\starlette\_exception_handler.py", line 53, in wrapped_app
    await app(scope, receive, sender)
  File "D:\nhatro\backend\venv\Lib\site-packages\starlette\routing.py", line 756, in __call__
    await self.middleware_stack(scope, receive, send)
  File "D:\nhatro\backend\venv\Lib\site-packages\starlette\routing.py", line 776, in app
    await route.handle(scope, receive, send)
  File "D:\nhatro\backend\venv\Lib\site-packages\starlette\routing.py", line 297, in handle
    await self.app(scope, receive, send)
  File "D:\nhatro\backend\venv\Lib\site-packages\starlette\routing.py", line 77, in app
    await wrap_app_handling_exceptions(app, request)(scope, receive, send)
  File "D:\nhatro\backend\venv\Lib\site-packages\starlette\_exception_handler.py", line 75, in wrapped_app
    response = await handler(conn, exc)
               ^^^^^^^^^^^^^^^^^^^^^^^^
  File "D:\nhatro\backend\app\main.py", line 157, in validation_exception_handler
    return JSONResponse(
           ^^^^^^^^^^^^^
  File "D:\nhatro\backend\venv\Lib\site-packages\starlette\responses.py", line 184, in __init__
    super().__init__(content, status_code, headers, media_type, background)
  File "D:\nhatro\backend\venv\Lib\site-packages\starlette\responses.py", line 41, in __init__
    self.body = self.render(content)
                ^^^^^^^^^^^^^^^^^^^^
  File "D:\nhatro\backend\venv\Lib\site-packages\starlette\responses.py", line 187, in render
    return json.dumps(
           ^^^^^^^^^^^
  File "C:\Users\ngocson\.cache\codex-runtimes\codex-primary-runtime\dependencies\python\Lib\json\__init__.py", line 238, in dumps
    **kw).encode(obj)
          ^^^^^^^^^^^
  File "C:\Users\ngocson\.cache\codex-runtimes\codex-primary-runtime\dependencies\python\Lib\json\encoder.py", line 200, in encode
    chunks = self.iterencode(o, _one_shot=True)
             ^^^^^^^^^^^^^^^^^^^^^^^^^^^^^^^^^^
  File "C:\Users\ngocson\.cache\codex-runtimes\codex-primary-runtime\dependencies\python\Lib\json\encoder.py", line 258, in iterencode
    return _iterencode(o, 0)
           ^^^^^^^^^^^^^^^^^
  File "C:\Users\ngocson\.cache\codex-runtimes\codex-primary-runtime\dependencies\python\Lib\json\encoder.py", line 180, in default
    raise TypeError(f'Object of type {o.__class__.__name__} '
TypeError: Object of type ValueError is not JSON serializable
==============================================

=== VALIDATION ERROR AT POST /api/v1/auth/login ===
[{'type': 'value_error', 'loc': ('body', 'email'), 'msg': 'value is not a valid email address: An email address must have an @-sign.', 'input': "system-property('xsl:vendor')/>", 'ctx': {'reason': 'An email address must have an @-sign.'}}]
==============================================

=== VALIDATION ERROR AT POST /api/v1/auth/register ===
[{'type': 'value_error', 'loc': ('body', 'email'), 'msg': 'value is not a valid email address: An email address must have an @-sign.', 'input': "system-property('xsl:vendor')/>", 'ctx': {'reason': 'An email address must have an @-sign.'}}, {'type': 'value_error', 'loc': ('body', 'password'), 'msg': 'Value error, Password must be at least 8 characters', 'input': 'ZAP', 'ctx': {'error': ValueError('Password must be at least 8 characters')}}, {'type': 'string_type', 'loc': ('body', 'phone'), 'msg': 'Input should be a valid string', 'input': 9999999999}, {'type': 'value_error', 'loc': ('body', 'otp_code'), 'msg': 'Value error, OTP code must be 6 digits', 'input': 'John Doe', 'ctx': {'error': ValueError('OTP code must be 6 digits')}}]
==============================================

=== GLOBAL EXCEPTION HANDLER AT POST /api/v1/auth/register ===
  + Exception Group Traceback (most recent call last):
  |   File "D:\nhatro\backend\venv\Lib\site-packages\starlette\_utils.py", line 87, in collapse_excgroups
  |     yield
  |   File "D:\nhatro\backend\venv\Lib\site-packages\starlette\middleware\base.py", line 190, in __call__
  |     async with anyio.create_task_group() as task_group:
  |                ^^^^^^^^^^^^^^^^^^^^^^^^^
  |   File "D:\nhatro\backend\venv\Lib\site-packages\anyio\_backends\_asyncio.py", line 799, in __aexit__
  |     raise BaseExceptionGroup(
  | ExceptionGroup: unhandled errors in a TaskGroup (1 sub-exception)
  +-+---------------- 1 ----------------
    | Traceback (most recent call last):
    |   File "D:\nhatro\backend\venv\Lib\site-packages\starlette\middleware\errors.py", line 164, in __call__
    |     await self.app(scope, receive, _send)
    |   File "D:\nhatro\backend\venv\Lib\site-packages\starlette\middleware\base.py", line 189, in __call__
    |     with collapse_excgroups():
    |          ^^^^^^^^^^^^^^^^^^^^
    |   File "C:\Users\ngocson\.cache\codex-runtimes\codex-primary-runtime\dependencies\python\Lib\contextlib.py", line 158, in __exit__
    |     self.gen.throw(value)
    |   File "D:\nhatro\backend\venv\Lib\site-packages\starlette\_utils.py", line 93, in collapse_excgroups
    |     raise exc
    |   File "D:\nhatro\backend\venv\Lib\site-packages\starlette\middleware\base.py", line 191, in __call__
    |     response = await self.dispatch_func(request, call_next)
    |                ^^^^^^^^^^^^^^^^^^^^^^^^^^^^^^^^^^^^^^^^^^^^
    |   File "D:\nhatro\backend\app\main.py", line 127, in rate_limit_middleware
    |     return await call_next(request)
    |            ^^^^^^^^^^^^^^^^^^^^^^^^
    |   File "D:\nhatro\backend\venv\Lib\site-packages\starlette\middleware\base.py", line 165, in call_next
    |     raise app_exc
    |   File "D:\nhatro\backend\venv\Lib\site-packages\starlette\middleware\base.py", line 151, in coro
    |     await self.app(scope, receive_or_disconnect, send_no_error)
    |   File "D:\nhatro\backend\venv\Lib\site-packages\starlette\middleware\base.py", line 189, in __call__
    |     with collapse_excgroups():
    |          ^^^^^^^^^^^^^^^^^^^^
    |   File "C:\Users\ngocson\.cache\codex-runtimes\codex-primary-runtime\dependencies\python\Lib\contextlib.py", line 158, in __exit__
    |     self.gen.throw(value)
    |   File "D:\nhatro\backend\venv\Lib\site-packages\starlette\_utils.py", line 93, in collapse_excgroups
    |     raise exc
    |   File "D:\nhatro\backend\venv\Lib\site-packages\starlette\middleware\base.py", line 191, in __call__
    |     response = await self.dispatch_func(request, call_next)
    |                ^^^^^^^^^^^^^^^^^^^^^^^^^^^^^^^^^^^^^^^^^^^^
    |   File "D:\nhatro\backend\app\main.py", line 93, in add_process_time
    |     response = await call_next(request)
    |                ^^^^^^^^^^^^^^^^^^^^^^^^
    |   File "D:\nhatro\backend\venv\Lib\site-packages\starlette\middleware\base.py", line 165, in call_next
    |     raise app_exc
    |   File "D:\nhatro\backend\venv\Lib\site-packages\starlette\middleware\base.py", line 151, in coro
    |     await self.app(scope, receive_or_disconnect, send_no_error)
    |   File "D:\nhatro\backend\venv\Lib\site-packages\starlette\middleware\base.py", line 189, in __call__
    |     with collapse_excgroups():
    |          ^^^^^^^^^^^^^^^^^^^^
    |   File "C:\Users\ngocson\.cache\codex-runtimes\codex-primary-runtime\dependencies\python\Lib\contextlib.py", line 158, in __exit__
    |     self.gen.throw(value)
    |   File "D:\nhatro\backend\venv\Lib\site-packages\starlette\_utils.py", line 93, in collapse_excgroups
    |     raise exc
    |   File "D:\nhatro\backend\venv\Lib\site-packages\starlette\middleware\base.py", line 191, in __call__
    |     response = await self.dispatch_func(request, call_next)
    |                ^^^^^^^^^^^^^^^^^^^^^^^^^^^^^^^^^^^^^^^^^^^^
    |   File "D:\nhatro\backend\app\main.py", line 86, in add_security_headers
    |     response = await call_next(request)
    |                ^^^^^^^^^^^^^^^^^^^^^^^^
    |   File "D:\nhatro\backend\venv\Lib\site-packages\starlette\middleware\base.py", line 165, in call_next
    |     raise app_exc
    |   File "D:\nhatro\backend\venv\Lib\site-packages\starlette\middleware\base.py", line 151, in coro
    |     await self.app(scope, receive_or_disconnect, send_no_error)
    |   File "D:\nhatro\backend\venv\Lib\site-packages\starlette\middleware\cors.py", line 85, in __call__
    |     await self.app(scope, receive, send)
    |   File "D:\nhatro\backend\venv\Lib\site-packages\starlette\middleware\exceptions.py", line 65, in __call__
    |     await wrap_app_handling_exceptions(self.app, conn)(scope, receive, send)
    |   File "D:\nhatro\backend\venv\Lib\site-packages\starlette\_exception_handler.py", line 64, in wrapped_app
    |     raise exc
    |   File "D:\nhatro\backend\venv\Lib\site-packages\starlette\_exception_handler.py", line 53, in wrapped_app
    |     await app(scope, receive, sender)
    |   File "D:\nhatro\backend\venv\Lib\site-packages\starlette\routing.py", line 756, in __call__
    |     await self.middleware_stack(scope, receive, send)
    |   File "D:\nhatro\backend\venv\Lib\site-packages\starlette\routing.py", line 776, in app
    |     await route.handle(scope, receive, send)
    |   File "D:\nhatro\backend\venv\Lib\site-packages\starlette\routing.py", line 297, in handle
    |     await self.app(scope, receive, send)
    |   File "D:\nhatro\backend\venv\Lib\site-packages\starlette\routing.py", line 77, in app
    |     await wrap_app_handling_exceptions(app, request)(scope, receive, send)
    |   File "D:\nhatro\backend\venv\Lib\site-packages\starlette\_exception_handler.py", line 75, in wrapped_app
    |     response = await handler(conn, exc)
    |                ^^^^^^^^^^^^^^^^^^^^^^^^
    |   File "D:\nhatro\backend\app\main.py", line 157, in validation_exception_handler
    |     return JSONResponse(
    |            ^^^^^^^^^^^^^
    |   File "D:\nhatro\backend\venv\Lib\site-packages\starlette\responses.py", line 184, in __init__
    |     super().__init__(content, status_code, headers, media_type, background)
    |   File "D:\nhatro\backend\venv\Lib\site-packages\starlette\responses.py", line 41, in __init__
    |     self.body = self.render(content)
    |                 ^^^^^^^^^^^^^^^^^^^^
    |   File "D:\nhatro\backend\venv\Lib\site-packages\starlette\responses.py", line 187, in render
    |     return json.dumps(
    |            ^^^^^^^^^^^
    |   File "C:\Users\ngocson\.cache\codex-runtimes\codex-primary-runtime\dependencies\python\Lib\json\__init__.py", line 238, in dumps
    |     **kw).encode(obj)
    |           ^^^^^^^^^^^
    |   File "C:\Users\ngocson\.cache\codex-runtimes\codex-primary-runtime\dependencies\python\Lib\json\encoder.py", line 200, in encode
    |     chunks = self.iterencode(o, _one_shot=True)
    |              ^^^^^^^^^^^^^^^^^^^^^^^^^^^^^^^^^^
    |   File "C:\Users\ngocson\.cache\codex-runtimes\codex-primary-runtime\dependencies\python\Lib\json\encoder.py", line 258, in iterencode
    |     return _iterencode(o, 0)
    |            ^^^^^^^^^^^^^^^^^
    |   File "C:\Users\ngocson\.cache\codex-runtimes\codex-primary-runtime\dependencies\python\Lib\json\encoder.py", line 180, in default
    |     raise TypeError(f'Object of type {o.__class__.__name__} '
    | TypeError: Object of type ValueError is not JSON serializable
    +------------------------------------

During handling of the above exception, another exception occurred:

Traceback (most recent call last):
  File "D:\nhatro\backend\venv\Lib\site-packages\starlette\middleware\errors.py", line 164, in __call__
    await self.app(scope, receive, _send)
  File "D:\nhatro\backend\venv\Lib\site-packages\starlette\middleware\base.py", line 189, in __call__
    with collapse_excgroups():
         ^^^^^^^^^^^^^^^^^^^^
  File "C:\Users\ngocson\.cache\codex-runtimes\codex-primary-runtime\dependencies\python\Lib\contextlib.py", line 158, in __exit__
    self.gen.throw(value)
  File "D:\nhatro\backend\venv\Lib\site-packages\starlette\_utils.py", line 93, in collapse_excgroups
    raise exc
  File "D:\nhatro\backend\venv\Lib\site-packages\starlette\middleware\base.py", line 191, in __call__
    response = await self.dispatch_func(request, call_next)
               ^^^^^^^^^^^^^^^^^^^^^^^^^^^^^^^^^^^^^^^^^^^^
  File "D:\nhatro\backend\app\main.py", line 127, in rate_limit_middleware
    return await call_next(request)
           ^^^^^^^^^^^^^^^^^^^^^^^^
  File "D:\nhatro\backend\venv\Lib\site-packages\starlette\middleware\base.py", line 165, in call_next
    raise app_exc
  File "D:\nhatro\backend\venv\Lib\site-packages\starlette\middleware\base.py", line 151, in coro
    await self.app(scope, receive_or_disconnect, send_no_error)
  File "D:\nhatro\backend\venv\Lib\site-packages\starlette\middleware\base.py", line 189, in __call__
    with collapse_excgroups():
         ^^^^^^^^^^^^^^^^^^^^
  File "C:\Users\ngocson\.cache\codex-runtimes\codex-primary-runtime\dependencies\python\Lib\contextlib.py", line 158, in __exit__
    self.gen.throw(value)
  File "D:\nhatro\backend\venv\Lib\site-packages\starlette\_utils.py", line 93, in collapse_excgroups
    raise exc
  File "D:\nhatro\backend\venv\Lib\site-packages\starlette\middleware\base.py", line 191, in __call__
    response = await self.dispatch_func(request, call_next)
               ^^^^^^^^^^^^^^^^^^^^^^^^^^^^^^^^^^^^^^^^^^^^
  File "D:\nhatro\backend\app\main.py", line 93, in add_process_time
    response = await call_next(request)
               ^^^^^^^^^^^^^^^^^^^^^^^^
  File "D:\nhatro\backend\venv\Lib\site-packages\starlette\middleware\base.py", line 165, in call_next
    raise app_exc
  File "D:\nhatro\backend\venv\Lib\site-packages\starlette\middleware\base.py", line 151, in coro
    await self.app(scope, receive_or_disconnect, send_no_error)
  File "D:\nhatro\backend\venv\Lib\site-packages\starlette\middleware\base.py", line 189, in __call__
    with collapse_excgroups():
         ^^^^^^^^^^^^^^^^^^^^
  File "C:\Users\ngocson\.cache\codex-runtimes\codex-primary-runtime\dependencies\python\Lib\contextlib.py", line 158, in __exit__
    self.gen.throw(value)
  File "D:\nhatro\backend\venv\Lib\site-packages\starlette\_utils.py", line 93, in collapse_excgroups
    raise exc
  File "D:\nhatro\backend\venv\Lib\site-packages\starlette\middleware\base.py", line 191, in __call__
    response = await self.dispatch_func(request, call_next)
               ^^^^^^^^^^^^^^^^^^^^^^^^^^^^^^^^^^^^^^^^^^^^
  File "D:\nhatro\backend\app\main.py", line 86, in add_security_headers
    response = await call_next(request)
               ^^^^^^^^^^^^^^^^^^^^^^^^
  File "D:\nhatro\backend\venv\Lib\site-packages\starlette\middleware\base.py", line 165, in call_next
    raise app_exc
  File "D:\nhatro\backend\venv\Lib\site-packages\starlette\middleware\base.py", line 151, in coro
    await self.app(scope, receive_or_disconnect, send_no_error)
  File "D:\nhatro\backend\venv\Lib\site-packages\starlette\middleware\cors.py", line 85, in __call__
    await self.app(scope, receive, send)
  File "D:\nhatro\backend\venv\Lib\site-packages\starlette\middleware\exceptions.py", line 65, in __call__
    await wrap_app_handling_exceptions(self.app, conn)(scope, receive, send)
  File "D:\nhatro\backend\venv\Lib\site-packages\starlette\_exception_handler.py", line 64, in wrapped_app
    raise exc
  File "D:\nhatro\backend\venv\Lib\site-packages\starlette\_exception_handler.py", line 53, in wrapped_app
    await app(scope, receive, sender)
  File "D:\nhatro\backend\venv\Lib\site-packages\starlette\routing.py", line 756, in __call__
    await self.middleware_stack(scope, receive, send)
  File "D:\nhatro\backend\venv\Lib\site-packages\starlette\routing.py", line 776, in app
    await route.handle(scope, receive, send)
  File "D:\nhatro\backend\venv\Lib\site-packages\starlette\routing.py", line 297, in handle
    await self.app(scope, receive, send)
  File "D:\nhatro\backend\venv\Lib\site-packages\starlette\routing.py", line 77, in app
    await wrap_app_handling_exceptions(app, request)(scope, receive, send)
  File "D:\nhatro\backend\venv\Lib\site-packages\starlette\_exception_handler.py", line 75, in wrapped_app
    response = await handler(conn, exc)
               ^^^^^^^^^^^^^^^^^^^^^^^^
  File "D:\nhatro\backend\app\main.py", line 157, in validation_exception_handler
    return JSONResponse(
           ^^^^^^^^^^^^^
  File "D:\nhatro\backend\venv\Lib\site-packages\starlette\responses.py", line 184, in __init__
    super().__init__(content, status_code, headers, media_type, background)
  File "D:\nhatro\backend\venv\Lib\site-packages\starlette\responses.py", line 41, in __init__
    self.body = self.render(content)
                ^^^^^^^^^^^^^^^^^^^^
  File "D:\nhatro\backend\venv\Lib\site-packages\starlette\responses.py", line 187, in render
    return json.dumps(
           ^^^^^^^^^^^
  File "C:\Users\ngocson\.cache\codex-runtimes\codex-primary-runtime\dependencies\python\Lib\json\__init__.py", line 238, in dumps
    **kw).encode(obj)
          ^^^^^^^^^^^
  File "C:\Users\ngocson\.cache\codex-runtimes\codex-primary-runtime\dependencies\python\Lib\json\encoder.py", line 200, in encode
    chunks = self.iterencode(o, _one_shot=True)
             ^^^^^^^^^^^^^^^^^^^^^^^^^^^^^^^^^^
  File "C:\Users\ngocson\.cache\codex-runtimes\codex-primary-runtime\dependencies\python\Lib\json\encoder.py", line 258, in iterencode
    return _iterencode(o, 0)
           ^^^^^^^^^^^^^^^^^
  File "C:\Users\ngocson\.cache\codex-runtimes\codex-primary-runtime\dependencies\python\Lib\json\encoder.py", line 180, in default
    raise TypeError(f'Object of type {o.__class__.__name__} '
TypeError: Object of type ValueError is not JSON serializable
==============================================

=== VALIDATION ERROR AT POST /api/v1/auth/login ===
[{'type': 'value_error', 'loc': ('body', 'email'), 'msg': 'value is not a valid email address: An email address must have an @-sign.', 'input': '"/><xsl:value-of select="system-property(\'xsl:vendor\')"/><!--', 'ctx': {'reason': 'An email address must have an @-sign.'}}]
==============================================

=== VALIDATION ERROR AT POST /api/v1/auth/register ===
[{'type': 'value_error', 'loc': ('body', 'email'), 'msg': 'value is not a valid email address: An email address must have an @-sign.', 'input': '"/><xsl:value-of select="system-property(\'xsl:vendor\')"/><!--', 'ctx': {'reason': 'An email address must have an @-sign.'}}, {'type': 'value_error', 'loc': ('body', 'password'), 'msg': 'Value error, Password must be at least 8 characters', 'input': 'ZAP', 'ctx': {'error': ValueError('Password must be at least 8 characters')}}, {'type': 'string_type', 'loc': ('body', 'phone'), 'msg': 'Input should be a valid string', 'input': 9999999999}, {'type': 'value_error', 'loc': ('body', 'otp_code'), 'msg': 'Value error, OTP code must be 6 digits', 'input': 'John Doe', 'ctx': {'error': ValueError('OTP code must be 6 digits')}}]
==============================================

=== GLOBAL EXCEPTION HANDLER AT POST /api/v1/auth/register ===
  + Exception Group Traceback (most recent call last):
  |   File "D:\nhatro\backend\venv\Lib\site-packages\starlette\_utils.py", line 87, in collapse_excgroups
  |     yield
  |   File "D:\nhatro\backend\venv\Lib\site-packages\starlette\middleware\base.py", line 190, in __call__
  |     async with anyio.create_task_group() as task_group:
  |                ^^^^^^^^^^^^^^^^^^^^^^^^^
  |   File "D:\nhatro\backend\venv\Lib\site-packages\anyio\_backends\_asyncio.py", line 799, in __aexit__
  |     raise BaseExceptionGroup(
  | ExceptionGroup: unhandled errors in a TaskGroup (1 sub-exception)
  +-+---------------- 1 ----------------
    | Traceback (most recent call last):
    |   File "D:\nhatro\backend\venv\Lib\site-packages\starlette\middleware\errors.py", line 164, in __call__
    |     await self.app(scope, receive, _send)
    |   File "D:\nhatro\backend\venv\Lib\site-packages\starlette\middleware\base.py", line 189, in __call__
    |     with collapse_excgroups():
    |          ^^^^^^^^^^^^^^^^^^^^
    |   File "C:\Users\ngocson\.cache\codex-runtimes\codex-primary-runtime\dependencies\python\Lib\contextlib.py", line 158, in __exit__
    |     self.gen.throw(value)
    |   File "D:\nhatro\backend\venv\Lib\site-packages\starlette\_utils.py", line 93, in collapse_excgroups
    |     raise exc
    |   File "D:\nhatro\backend\venv\Lib\site-packages\starlette\middleware\base.py", line 191, in __call__
    |     response = await self.dispatch_func(request, call_next)
    |                ^^^^^^^^^^^^^^^^^^^^^^^^^^^^^^^^^^^^^^^^^^^^
    |   File "D:\nhatro\backend\app\main.py", line 127, in rate_limit_middleware
    |     return await call_next(request)
    |            ^^^^^^^^^^^^^^^^^^^^^^^^
    |   File "D:\nhatro\backend\venv\Lib\site-packages\starlette\middleware\base.py", line 165, in call_next
    |     raise app_exc
    |   File "D:\nhatro\backend\venv\Lib\site-packages\starlette\middleware\base.py", line 151, in coro
    |     await self.app(scope, receive_or_disconnect, send_no_error)
    |   File "D:\nhatro\backend\venv\Lib\site-packages\starlette\middleware\base.py", line 189, in __call__
    |     with collapse_excgroups():
    |          ^^^^^^^^^^^^^^^^^^^^
    |   File "C:\Users\ngocson\.cache\codex-runtimes\codex-primary-runtime\dependencies\python\Lib\contextlib.py", line 158, in __exit__
    |     self.gen.throw(value)
    |   File "D:\nhatro\backend\venv\Lib\site-packages\starlette\_utils.py", line 93, in collapse_excgroups
    |     raise exc
    |   File "D:\nhatro\backend\venv\Lib\site-packages\starlette\middleware\base.py", line 191, in __call__
    |     response = await self.dispatch_func(request, call_next)
    |                ^^^^^^^^^^^^^^^^^^^^^^^^^^^^^^^^^^^^^^^^^^^^
    |   File "D:\nhatro\backend\app\main.py", line 93, in add_process_time
    |     response = await call_next(request)
    |                ^^^^^^^^^^^^^^^^^^^^^^^^
    |   File "D:\nhatro\backend\venv\Lib\site-packages\starlette\middleware\base.py", line 165, in call_next
    |     raise app_exc
    |   File "D:\nhatro\backend\venv\Lib\site-packages\starlette\middleware\base.py", line 151, in coro
    |     await self.app(scope, receive_or_disconnect, send_no_error)
    |   File "D:\nhatro\backend\venv\Lib\site-packages\starlette\middleware\base.py", line 189, in __call__
    |     with collapse_excgroups():
    |          ^^^^^^^^^^^^^^^^^^^^
    |   File "C:\Users\ngocson\.cache\codex-runtimes\codex-primary-runtime\dependencies\python\Lib\contextlib.py", line 158, in __exit__
    |     self.gen.throw(value)
    |   File "D:\nhatro\backend\venv\Lib\site-packages\starlette\_utils.py", line 93, in collapse_excgroups
    |     raise exc
    |   File "D:\nhatro\backend\venv\Lib\site-packages\starlette\middleware\base.py", line 191, in __call__
    |     response = await self.dispatch_func(request, call_next)
    |                ^^^^^^^^^^^^^^^^^^^^^^^^^^^^^^^^^^^^^^^^^^^^
    |   File "D:\nhatro\backend\app\main.py", line 86, in add_security_headers
    |     response = await call_next(request)
    |                ^^^^^^^^^^^^^^^^^^^^^^^^
    |   File "D:\nhatro\backend\venv\Lib\site-packages\starlette\middleware\base.py", line 165, in call_next
    |     raise app_exc
    |   File "D:\nhatro\backend\venv\Lib\site-packages\starlette\middleware\base.py", line 151, in coro
    |     await self.app(scope, receive_or_disconnect, send_no_error)
    |   File "D:\nhatro\backend\venv\Lib\site-packages\starlette\middleware\cors.py", line 85, in __call__
    |     await self.app(scope, receive, send)
    |   File "D:\nhatro\backend\venv\Lib\site-packages\starlette\middleware\exceptions.py", line 65, in __call__
    |     await wrap_app_handling_exceptions(self.app, conn)(scope, receive, send)
    |   File "D:\nhatro\backend\venv\Lib\site-packages\starlette\_exception_handler.py", line 64, in wrapped_app
    |     raise exc
    |   File "D:\nhatro\backend\venv\Lib\site-packages\starlette\_exception_handler.py", line 53, in wrapped_app
    |     await app(scope, receive, sender)
    |   File "D:\nhatro\backend\venv\Lib\site-packages\starlette\routing.py", line 756, in __call__
    |     await self.middleware_stack(scope, receive, send)
    |   File "D:\nhatro\backend\venv\Lib\site-packages\starlette\routing.py", line 776, in app
    |     await route.handle(scope, receive, send)
    |   File "D:\nhatro\backend\venv\Lib\site-packages\starlette\routing.py", line 297, in handle
    |     await self.app(scope, receive, send)
    |   File "D:\nhatro\backend\venv\Lib\site-packages\starlette\routing.py", line 77, in app
    |     await wrap_app_handling_exceptions(app, request)(scope, receive, send)
    |   File "D:\nhatro\backend\venv\Lib\site-packages\starlette\_exception_handler.py", line 75, in wrapped_app
    |     response = await handler(conn, exc)
    |                ^^^^^^^^^^^^^^^^^^^^^^^^
    |   File "D:\nhatro\backend\app\main.py", line 157, in validation_exception_handler
    |     return JSONResponse(
    |            ^^^^^^^^^^^^^
    |   File "D:\nhatro\backend\venv\Lib\site-packages\starlette\responses.py", line 184, in __init__
    |     super().__init__(content, status_code, headers, media_type, background)
    |   File "D:\nhatro\backend\venv\Lib\site-packages\starlette\responses.py", line 41, in __init__
    |     self.body = self.render(content)
    |                 ^^^^^^^^^^^^^^^^^^^^
    |   File "D:\nhatro\backend\venv\Lib\site-packages\starlette\responses.py", line 187, in render
    |     return json.dumps(
    |            ^^^^^^^^^^^
    |   File "C:\Users\ngocson\.cache\codex-runtimes\codex-primary-runtime\dependencies\python\Lib\json\__init__.py", line 238, in dumps
    |     **kw).encode(obj)
    |           ^^^^^^^^^^^
    |   File "C:\Users\ngocson\.cache\codex-runtimes\codex-primary-runtime\dependencies\python\Lib\json\encoder.py", line 200, in encode
    |     chunks = self.iterencode(o, _one_shot=True)
    |              ^^^^^^^^^^^^^^^^^^^^^^^^^^^^^^^^^^
    |   File "C:\Users\ngocson\.cache\codex-runtimes\codex-primary-runtime\dependencies\python\Lib\json\encoder.py", line 258, in iterencode
    |     return _iterencode(o, 0)
    |            ^^^^^^^^^^^^^^^^^
    |   File "C:\Users\ngocson\.cache\codex-runtimes\codex-primary-runtime\dependencies\python\Lib\json\encoder.py", line 180, in default
    |     raise TypeError(f'Object of type {o.__class__.__name__} '
    | TypeError: Object of type ValueError is not JSON serializable
    +------------------------------------

During handling of the above exception, another exception occurred:

Traceback (most recent call last):
  File "D:\nhatro\backend\venv\Lib\site-packages\starlette\middleware\errors.py", line 164, in __call__
    await self.app(scope, receive, _send)
  File "D:\nhatro\backend\venv\Lib\site-packages\starlette\middleware\base.py", line 189, in __call__
    with collapse_excgroups():
         ^^^^^^^^^^^^^^^^^^^^
  File "C:\Users\ngocson\.cache\codex-runtimes\codex-primary-runtime\dependencies\python\Lib\contextlib.py", line 158, in __exit__
    self.gen.throw(value)
  File "D:\nhatro\backend\venv\Lib\site-packages\starlette\_utils.py", line 93, in collapse_excgroups
    raise exc
  File "D:\nhatro\backend\venv\Lib\site-packages\starlette\middleware\base.py", line 191, in __call__
    response = await self.dispatch_func(request, call_next)
               ^^^^^^^^^^^^^^^^^^^^^^^^^^^^^^^^^^^^^^^^^^^^
  File "D:\nhatro\backend\app\main.py", line 127, in rate_limit_middleware
    return await call_next(request)
           ^^^^^^^^^^^^^^^^^^^^^^^^
  File "D:\nhatro\backend\venv\Lib\site-packages\starlette\middleware\base.py", line 165, in call_next
    raise app_exc
  File "D:\nhatro\backend\venv\Lib\site-packages\starlette\middleware\base.py", line 151, in coro
    await self.app(scope, receive_or_disconnect, send_no_error)
  File "D:\nhatro\backend\venv\Lib\site-packages\starlette\middleware\base.py", line 189, in __call__
    with collapse_excgroups():
         ^^^^^^^^^^^^^^^^^^^^
  File "C:\Users\ngocson\.cache\codex-runtimes\codex-primary-runtime\dependencies\python\Lib\contextlib.py", line 158, in __exit__
    self.gen.throw(value)
  File "D:\nhatro\backend\venv\Lib\site-packages\starlette\_utils.py", line 93, in collapse_excgroups
    raise exc
  File "D:\nhatro\backend\venv\Lib\site-packages\starlette\middleware\base.py", line 191, in __call__
    response = await self.dispatch_func(request, call_next)
               ^^^^^^^^^^^^^^^^^^^^^^^^^^^^^^^^^^^^^^^^^^^^
  File "D:\nhatro\backend\app\main.py", line 93, in add_process_time
    response = await call_next(request)
               ^^^^^^^^^^^^^^^^^^^^^^^^
  File "D:\nhatro\backend\venv\Lib\site-packages\starlette\middleware\base.py", line 165, in call_next
    raise app_exc
  File "D:\nhatro\backend\venv\Lib\site-packages\starlette\middleware\base.py", line 151, in coro
    await self.app(scope, receive_or_disconnect, send_no_error)
  File "D:\nhatro\backend\venv\Lib\site-packages\starlette\middleware\base.py", line 189, in __call__
    with collapse_excgroups():
         ^^^^^^^^^^^^^^^^^^^^
  File "C:\Users\ngocson\.cache\codex-runtimes\codex-primary-runtime\dependencies\python\Lib\contextlib.py", line 158, in __exit__
    self.gen.throw(value)
  File "D:\nhatro\backend\venv\Lib\site-packages\starlette\_utils.py", line 93, in collapse_excgroups
    raise exc
  File "D:\nhatro\backend\venv\Lib\site-packages\starlette\middleware\base.py", line 191, in __call__
    response = await self.dispatch_func(request, call_next)
               ^^^^^^^^^^^^^^^^^^^^^^^^^^^^^^^^^^^^^^^^^^^^
  File "D:\nhatro\backend\app\main.py", line 86, in add_security_headers
    response = await call_next(request)
               ^^^^^^^^^^^^^^^^^^^^^^^^
  File "D:\nhatro\backend\venv\Lib\site-packages\starlette\middleware\base.py", line 165, in call_next
    raise app_exc
  File "D:\nhatro\backend\venv\Lib\site-packages\starlette\middleware\base.py", line 151, in coro
    await self.app(scope, receive_or_disconnect, send_no_error)
  File "D:\nhatro\backend\venv\Lib\site-packages\starlette\middleware\cors.py", line 85, in __call__
    await self.app(scope, receive, send)
  File "D:\nhatro\backend\venv\Lib\site-packages\starlette\middleware\exceptions.py", line 65, in __call__
    await wrap_app_handling_exceptions(self.app, conn)(scope, receive, send)
  File "D:\nhatro\backend\venv\Lib\site-packages\starlette\_exception_handler.py", line 64, in wrapped_app
    raise exc
  File "D:\nhatro\backend\venv\Lib\site-packages\starlette\_exception_handler.py", line 53, in wrapped_app
    await app(scope, receive, sender)
  File "D:\nhatro\backend\venv\Lib\site-packages\starlette\routing.py", line 756, in __call__
    await self.middleware_stack(scope, receive, send)
  File "D:\nhatro\backend\venv\Lib\site-packages\starlette\routing.py", line 776, in app
    await route.handle(scope, receive, send)
  File "D:\nhatro\backend\venv\Lib\site-packages\starlette\routing.py", line 297, in handle
    await self.app(scope, receive, send)
  File "D:\nhatro\backend\venv\Lib\site-packages\starlette\routing.py", line 77, in app
    await wrap_app_handling_exceptions(app, request)(scope, receive, send)
  File "D:\nhatro\backend\venv\Lib\site-packages\starlette\_exception_handler.py", line 75, in wrapped_app
    response = await handler(conn, exc)
               ^^^^^^^^^^^^^^^^^^^^^^^^
  File "D:\nhatro\backend\app\main.py", line 157, in validation_exception_handler
    return JSONResponse(
           ^^^^^^^^^^^^^
  File "D:\nhatro\backend\venv\Lib\site-packages\starlette\responses.py", line 184, in __init__
    super().__init__(content, status_code, headers, media_type, background)
  File "D:\nhatro\backend\venv\Lib\site-packages\starlette\responses.py", line 41, in __init__
    self.body = self.render(content)
                ^^^^^^^^^^^^^^^^^^^^
  File "D:\nhatro\backend\venv\Lib\site-packages\starlette\responses.py", line 187, in render
    return json.dumps(
           ^^^^^^^^^^^
  File "C:\Users\ngocson\.cache\codex-runtimes\codex-primary-runtime\dependencies\python\Lib\json\__init__.py", line 238, in dumps
    **kw).encode(obj)
          ^^^^^^^^^^^
  File "C:\Users\ngocson\.cache\codex-runtimes\codex-primary-runtime\dependencies\python\Lib\json\encoder.py", line 200, in encode
    chunks = self.iterencode(o, _one_shot=True)
             ^^^^^^^^^^^^^^^^^^^^^^^^^^^^^^^^^^
  File "C:\Users\ngocson\.cache\codex-runtimes\codex-primary-runtime\dependencies\python\Lib\json\encoder.py", line 258, in iterencode
    return _iterencode(o, 0)
           ^^^^^^^^^^^^^^^^^
  File "C:\Users\ngocson\.cache\codex-runtimes\codex-primary-runtime\dependencies\python\Lib\json\encoder.py", line 180, in default
    raise TypeError(f'Object of type {o.__class__.__name__} '
TypeError: Object of type ValueError is not JSON serializable
==============================================

=== VALIDATION ERROR AT POST /api/v1/auth/login ===
[{'type': 'value_error', 'loc': ('body', 'email'), 'msg': "value is not a valid email address: There can't be anything after the email address.", 'input': '<xsl:value-of select="system-property(\'xsl:vendor\')"/><!--', 'ctx': {'reason': "There can't be anything after the email address."}}]
==============================================

=== VALIDATION ERROR AT POST /api/v1/auth/register ===
[{'type': 'value_error', 'loc': ('body', 'email'), 'msg': "value is not a valid email address: There can't be anything after the email address.", 'input': '<xsl:value-of select="system-property(\'xsl:vendor\')"/><!--', 'ctx': {'reason': "There can't be anything after the email address."}}, {'type': 'value_error', 'loc': ('body', 'password'), 'msg': 'Value error, Password must be at least 8 characters', 'input': 'ZAP', 'ctx': {'error': ValueError('Password must be at least 8 characters')}}, {'type': 'string_type', 'loc': ('body', 'phone'), 'msg': 'Input should be a valid string', 'input': 9999999999}, {'type': 'value_error', 'loc': ('body', 'otp_code'), 'msg': 'Value error, OTP code must be 6 digits', 'input': 'John Doe', 'ctx': {'error': ValueError('OTP code must be 6 digits')}}]
==============================================

=== GLOBAL EXCEPTION HANDLER AT POST /api/v1/auth/register ===
  + Exception Group Traceback (most recent call last):
  |   File "D:\nhatro\backend\venv\Lib\site-packages\starlette\_utils.py", line 87, in collapse_excgroups
  |     yield
  |   File "D:\nhatro\backend\venv\Lib\site-packages\starlette\middleware\base.py", line 190, in __call__
  |     async with anyio.create_task_group() as task_group:
  |                ^^^^^^^^^^^^^^^^^^^^^^^^^
  |   File "D:\nhatro\backend\venv\Lib\site-packages\anyio\_backends\_asyncio.py", line 799, in __aexit__
  |     raise BaseExceptionGroup(
  | ExceptionGroup: unhandled errors in a TaskGroup (1 sub-exception)
  +-+---------------- 1 ----------------
    | Traceback (most recent call last):
    |   File "D:\nhatro\backend\venv\Lib\site-packages\starlette\middleware\errors.py", line 164, in __call__
    |     await self.app(scope, receive, _send)
    |   File "D:\nhatro\backend\venv\Lib\site-packages\starlette\middleware\base.py", line 189, in __call__
    |     with collapse_excgroups():
    |          ^^^^^^^^^^^^^^^^^^^^
    |   File "C:\Users\ngocson\.cache\codex-runtimes\codex-primary-runtime\dependencies\python\Lib\contextlib.py", line 158, in __exit__
    |     self.gen.throw(value)
    |   File "D:\nhatro\backend\venv\Lib\site-packages\starlette\_utils.py", line 93, in collapse_excgroups
    |     raise exc
    |   File "D:\nhatro\backend\venv\Lib\site-packages\starlette\middleware\base.py", line 191, in __call__
    |     response = await self.dispatch_func(request, call_next)
    |                ^^^^^^^^^^^^^^^^^^^^^^^^^^^^^^^^^^^^^^^^^^^^
    |   File "D:\nhatro\backend\app\main.py", line 127, in rate_limit_middleware
    |     return await call_next(request)
    |            ^^^^^^^^^^^^^^^^^^^^^^^^
    |   File "D:\nhatro\backend\venv\Lib\site-packages\starlette\middleware\base.py", line 165, in call_next
    |     raise app_exc
    |   File "D:\nhatro\backend\venv\Lib\site-packages\starlette\middleware\base.py", line 151, in coro
    |     await self.app(scope, receive_or_disconnect, send_no_error)
    |   File "D:\nhatro\backend\venv\Lib\site-packages\starlette\middleware\base.py", line 189, in __call__
    |     with collapse_excgroups():
    |          ^^^^^^^^^^^^^^^^^^^^
    |   File "C:\Users\ngocson\.cache\codex-runtimes\codex-primary-runtime\dependencies\python\Lib\contextlib.py", line 158, in __exit__
    |     self.gen.throw(value)
    |   File "D:\nhatro\backend\venv\Lib\site-packages\starlette\_utils.py", line 93, in collapse_excgroups
    |     raise exc
    |   File "D:\nhatro\backend\venv\Lib\site-packages\starlette\middleware\base.py", line 191, in __call__
    |     response = await self.dispatch_func(request, call_next)
    |                ^^^^^^^^^^^^^^^^^^^^^^^^^^^^^^^^^^^^^^^^^^^^
    |   File "D:\nhatro\backend\app\main.py", line 93, in add_process_time
    |     response = await call_next(request)
    |                ^^^^^^^^^^^^^^^^^^^^^^^^
    |   File "D:\nhatro\backend\venv\Lib\site-packages\starlette\middleware\base.py", line 165, in call_next
    |     raise app_exc
    |   File "D:\nhatro\backend\venv\Lib\site-packages\starlette\middleware\base.py", line 151, in coro
    |     await self.app(scope, receive_or_disconnect, send_no_error)
    |   File "D:\nhatro\backend\venv\Lib\site-packages\starlette\middleware\base.py", line 189, in __call__
    |     with collapse_excgroups():
    |          ^^^^^^^^^^^^^^^^^^^^
    |   File "C:\Users\ngocson\.cache\codex-runtimes\codex-primary-runtime\dependencies\python\Lib\contextlib.py", line 158, in __exit__
    |     self.gen.throw(value)
    |   File "D:\nhatro\backend\venv\Lib\site-packages\starlette\_utils.py", line 93, in collapse_excgroups
    |     raise exc
    |   File "D:\nhatro\backend\venv\Lib\site-packages\starlette\middleware\base.py", line 191, in __call__
    |     response = await self.dispatch_func(request, call_next)
    |                ^^^^^^^^^^^^^^^^^^^^^^^^^^^^^^^^^^^^^^^^^^^^
    |   File "D:\nhatro\backend\app\main.py", line 86, in add_security_headers
    |     response = await call_next(request)
    |                ^^^^^^^^^^^^^^^^^^^^^^^^
    |   File "D:\nhatro\backend\venv\Lib\site-packages\starlette\middleware\base.py", line 165, in call_next
    |     raise app_exc
    |   File "D:\nhatro\backend\venv\Lib\site-packages\starlette\middleware\base.py", line 151, in coro
    |     await self.app(scope, receive_or_disconnect, send_no_error)
    |   File "D:\nhatro\backend\venv\Lib\site-packages\starlette\middleware\cors.py", line 85, in __call__
    |     await self.app(scope, receive, send)
    |   File "D:\nhatro\backend\venv\Lib\site-packages\starlette\middleware\exceptions.py", line 65, in __call__
    |     await wrap_app_handling_exceptions(self.app, conn)(scope, receive, send)
    |   File "D:\nhatro\backend\venv\Lib\site-packages\starlette\_exception_handler.py", line 64, in wrapped_app
    |     raise exc
    |   File "D:\nhatro\backend\venv\Lib\site-packages\starlette\_exception_handler.py", line 53, in wrapped_app
    |     await app(scope, receive, sender)
    |   File "D:\nhatro\backend\venv\Lib\site-packages\starlette\routing.py", line 756, in __call__
    |     await self.middleware_stack(scope, receive, send)
    |   File "D:\nhatro\backend\venv\Lib\site-packages\starlette\routing.py", line 776, in app
    |     await route.handle(scope, receive, send)
    |   File "D:\nhatro\backend\venv\Lib\site-packages\starlette\routing.py", line 297, in handle
    |     await self.app(scope, receive, send)
    |   File "D:\nhatro\backend\venv\Lib\site-packages\starlette\routing.py", line 77, in app
    |     await wrap_app_handling_exceptions(app, request)(scope, receive, send)
    |   File "D:\nhatro\backend\venv\Lib\site-packages\starlette\_exception_handler.py", line 75, in wrapped_app
    |     response = await handler(conn, exc)
    |                ^^^^^^^^^^^^^^^^^^^^^^^^
    |   File "D:\nhatro\backend\app\main.py", line 157, in validation_exception_handler
    |     return JSONResponse(
    |            ^^^^^^^^^^^^^
    |   File "D:\nhatro\backend\venv\Lib\site-packages\starlette\responses.py", line 184, in __init__
    |     super().__init__(content, status_code, headers, media_type, background)
    |   File "D:\nhatro\backend\venv\Lib\site-packages\starlette\responses.py", line 41, in __init__
    |     self.body = self.render(content)
    |                 ^^^^^^^^^^^^^^^^^^^^
    |   File "D:\nhatro\backend\venv\Lib\site-packages\starlette\responses.py", line 187, in render
    |     return json.dumps(
    |            ^^^^^^^^^^^
    |   File "C:\Users\ngocson\.cache\codex-runtimes\codex-primary-runtime\dependencies\python\Lib\json\__init__.py", line 238, in dumps
    |     **kw).encode(obj)
    |           ^^^^^^^^^^^
    |   File "C:\Users\ngocson\.cache\codex-runtimes\codex-primary-runtime\dependencies\python\Lib\json\encoder.py", line 200, in encode
    |     chunks = self.iterencode(o, _one_shot=True)
    |              ^^^^^^^^^^^^^^^^^^^^^^^^^^^^^^^^^^
    |   File "C:\Users\ngocson\.cache\codex-runtimes\codex-primary-runtime\dependencies\python\Lib\json\encoder.py", line 258, in iterencode
    |     return _iterencode(o, 0)
    |            ^^^^^^^^^^^^^^^^^
    |   File "C:\Users\ngocson\.cache\codex-runtimes\codex-primary-runtime\dependencies\python\Lib\json\encoder.py", line 180, in default
    |     raise TypeError(f'Object of type {o.__class__.__name__} '
    | TypeError: Object of type ValueError is not JSON serializable
    +------------------------------------

During handling of the above exception, another exception occurred:

Traceback (most recent call last):
  File "D:\nhatro\backend\venv\Lib\site-packages\starlette\middleware\errors.py", line 164, in __call__
    await self.app(scope, receive, _send)
  File "D:\nhatro\backend\venv\Lib\site-packages\starlette\middleware\base.py", line 189, in __call__
    with collapse_excgroups():
         ^^^^^^^^^^^^^^^^^^^^
  File "C:\Users\ngocson\.cache\codex-runtimes\codex-primary-runtime\dependencies\python\Lib\contextlib.py", line 158, in __exit__
    self.gen.throw(value)
  File "D:\nhatro\backend\venv\Lib\site-packages\starlette\_utils.py", line 93, in collapse_excgroups
    raise exc
  File "D:\nhatro\backend\venv\Lib\site-packages\starlette\middleware\base.py", line 191, in __call__
    response = await self.dispatch_func(request, call_next)
               ^^^^^^^^^^^^^^^^^^^^^^^^^^^^^^^^^^^^^^^^^^^^
  File "D:\nhatro\backend\app\main.py", line 127, in rate_limit_middleware
    return await call_next(request)
           ^^^^^^^^^^^^^^^^^^^^^^^^
  File "D:\nhatro\backend\venv\Lib\site-packages\starlette\middleware\base.py", line 165, in call_next
    raise app_exc
  File "D:\nhatro\backend\venv\Lib\site-packages\starlette\middleware\base.py", line 151, in coro
    await self.app(scope, receive_or_disconnect, send_no_error)
  File "D:\nhatro\backend\venv\Lib\site-packages\starlette\middleware\base.py", line 189, in __call__
    with collapse_excgroups():
         ^^^^^^^^^^^^^^^^^^^^
  File "C:\Users\ngocson\.cache\codex-runtimes\codex-primary-runtime\dependencies\python\Lib\contextlib.py", line 158, in __exit__
    self.gen.throw(value)
  File "D:\nhatro\backend\venv\Lib\site-packages\starlette\_utils.py", line 93, in collapse_excgroups
    raise exc
  File "D:\nhatro\backend\venv\Lib\site-packages\starlette\middleware\base.py", line 191, in __call__
    response = await self.dispatch_func(request, call_next)
               ^^^^^^^^^^^^^^^^^^^^^^^^^^^^^^^^^^^^^^^^^^^^
  File "D:\nhatro\backend\app\main.py", line 93, in add_process_time
    response = await call_next(request)
               ^^^^^^^^^^^^^^^^^^^^^^^^
  File "D:\nhatro\backend\venv\Lib\site-packages\starlette\middleware\base.py", line 165, in call_next
    raise app_exc
  File "D:\nhatro\backend\venv\Lib\site-packages\starlette\middleware\base.py", line 151, in coro
    await self.app(scope, receive_or_disconnect, send_no_error)
  File "D:\nhatro\backend\venv\Lib\site-packages\starlette\middleware\base.py", line 189, in __call__
    with collapse_excgroups():
         ^^^^^^^^^^^^^^^^^^^^
  File "C:\Users\ngocson\.cache\codex-runtimes\codex-primary-runtime\dependencies\python\Lib\contextlib.py", line 158, in __exit__
    self.gen.throw(value)
  File "D:\nhatro\backend\venv\Lib\site-packages\starlette\_utils.py", line 93, in collapse_excgroups
    raise exc
  File "D:\nhatro\backend\venv\Lib\site-packages\starlette\middleware\base.py", line 191, in __call__
    response = await self.dispatch_func(request, call_next)
               ^^^^^^^^^^^^^^^^^^^^^^^^^^^^^^^^^^^^^^^^^^^^
  File "D:\nhatro\backend\app\main.py", line 86, in add_security_headers
    response = await call_next(request)
               ^^^^^^^^^^^^^^^^^^^^^^^^
  File "D:\nhatro\backend\venv\Lib\site-packages\starlette\middleware\base.py", line 165, in call_next
    raise app_exc
  File "D:\nhatro\backend\venv\Lib\site-packages\starlette\middleware\base.py", line 151, in coro
    await self.app(scope, receive_or_disconnect, send_no_error)
  File "D:\nhatro\backend\venv\Lib\site-packages\starlette\middleware\cors.py", line 85, in __call__
    await self.app(scope, receive, send)
  File "D:\nhatro\backend\venv\Lib\site-packages\starlette\middleware\exceptions.py", line 65, in __call__
    await wrap_app_handling_exceptions(self.app, conn)(scope, receive, send)
  File "D:\nhatro\backend\venv\Lib\site-packages\starlette\_exception_handler.py", line 64, in wrapped_app
    raise exc
  File "D:\nhatro\backend\venv\Lib\site-packages\starlette\_exception_handler.py", line 53, in wrapped_app
    await app(scope, receive, sender)
  File "D:\nhatro\backend\venv\Lib\site-packages\starlette\routing.py", line 756, in __call__
    await self.middleware_stack(scope, receive, send)
  File "D:\nhatro\backend\venv\Lib\site-packages\starlette\routing.py", line 776, in app
    await route.handle(scope, receive, send)
  File "D:\nhatro\backend\venv\Lib\site-packages\starlette\routing.py", line 297, in handle
    await self.app(scope, receive, send)
  File "D:\nhatro\backend\venv\Lib\site-packages\starlette\routing.py", line 77, in app
    await wrap_app_handling_exceptions(app, request)(scope, receive, send)
  File "D:\nhatro\backend\venv\Lib\site-packages\starlette\_exception_handler.py", line 75, in wrapped_app
    response = await handler(conn, exc)
               ^^^^^^^^^^^^^^^^^^^^^^^^
  File "D:\nhatro\backend\app\main.py", line 157, in validation_exception_handler
    return JSONResponse(
           ^^^^^^^^^^^^^
  File "D:\nhatro\backend\venv\Lib\site-packages\starlette\responses.py", line 184, in __init__
    super().__init__(content, status_code, headers, media_type, background)
  File "D:\nhatro\backend\venv\Lib\site-packages\starlette\responses.py", line 41, in __init__
    self.body = self.render(content)
                ^^^^^^^^^^^^^^^^^^^^
  File "D:\nhatro\backend\venv\Lib\site-packages\starlette\responses.py", line 187, in render
    return json.dumps(
           ^^^^^^^^^^^
  File "C:\Users\ngocson\.cache\codex-runtimes\codex-primary-runtime\dependencies\python\Lib\json\__init__.py", line 238, in dumps
    **kw).encode(obj)
          ^^^^^^^^^^^
  File "C:\Users\ngocson\.cache\codex-runtimes\codex-primary-runtime\dependencies\python\Lib\json\encoder.py", line 200, in encode
    chunks = self.iterencode(o, _one_shot=True)
             ^^^^^^^^^^^^^^^^^^^^^^^^^^^^^^^^^^
  File "C:\Users\ngocson\.cache\codex-runtimes\codex-primary-runtime\dependencies\python\Lib\json\encoder.py", line 258, in iterencode
    return _iterencode(o, 0)
           ^^^^^^^^^^^^^^^^^
  File "C:\Users\ngocson\.cache\codex-runtimes\codex-primary-runtime\dependencies\python\Lib\json\encoder.py", line 180, in default
    raise TypeError(f'Object of type {o.__class__.__name__} '
TypeError: Object of type ValueError is not JSON serializable
==============================================

=== VALIDATION ERROR AT POST /api/v1/auth/login ===
[{'type': 'value_error', 'loc': ('body', 'email'), 'msg': 'value is not a valid email address: An email address must have an @-sign.', 'input': '<xsl:value-of select="document(\'http://192.168.1.18:22\')"/>', 'ctx': {'reason': 'An email address must have an @-sign.'}}]
==============================================

=== VALIDATION ERROR AT POST /api/v1/auth/register ===
[{'type': 'value_error', 'loc': ('body', 'email'), 'msg': 'value is not a valid email address: An email address must have an @-sign.', 'input': '<xsl:value-of select="document(\'http://192.168.1.18:22\')"/>', 'ctx': {'reason': 'An email address must have an @-sign.'}}, {'type': 'value_error', 'loc': ('body', 'password'), 'msg': 'Value error, Password must be at least 8 characters', 'input': 'ZAP', 'ctx': {'error': ValueError('Password must be at least 8 characters')}}, {'type': 'string_type', 'loc': ('body', 'phone'), 'msg': 'Input should be a valid string', 'input': 9999999999}, {'type': 'value_error', 'loc': ('body', 'otp_code'), 'msg': 'Value error, OTP code must be 6 digits', 'input': 'John Doe', 'ctx': {'error': ValueError('OTP code must be 6 digits')}}]
==============================================

=== GLOBAL EXCEPTION HANDLER AT POST /api/v1/auth/register ===
  + Exception Group Traceback (most recent call last):
  |   File "D:\nhatro\backend\venv\Lib\site-packages\starlette\_utils.py", line 87, in collapse_excgroups
  |     yield
  |   File "D:\nhatro\backend\venv\Lib\site-packages\starlette\middleware\base.py", line 190, in __call__
  |     async with anyio.create_task_group() as task_group:
  |                ^^^^^^^^^^^^^^^^^^^^^^^^^
  |   File "D:\nhatro\backend\venv\Lib\site-packages\anyio\_backends\_asyncio.py", line 799, in __aexit__
  |     raise BaseExceptionGroup(
  | ExceptionGroup: unhandled errors in a TaskGroup (1 sub-exception)
  +-+---------------- 1 ----------------
    | Traceback (most recent call last):
    |   File "D:\nhatro\backend\venv\Lib\site-packages\starlette\middleware\errors.py", line 164, in __call__
    |     await self.app(scope, receive, _send)
    |   File "D:\nhatro\backend\venv\Lib\site-packages\starlette\middleware\base.py", line 189, in __call__
    |     with collapse_excgroups():
    |          ^^^^^^^^^^^^^^^^^^^^
    |   File "C:\Users\ngocson\.cache\codex-runtimes\codex-primary-runtime\dependencies\python\Lib\contextlib.py", line 158, in __exit__
    |     self.gen.throw(value)
    |   File "D:\nhatro\backend\venv\Lib\site-packages\starlette\_utils.py", line 93, in collapse_excgroups
    |     raise exc
    |   File "D:\nhatro\backend\venv\Lib\site-packages\starlette\middleware\base.py", line 191, in __call__
    |     response = await self.dispatch_func(request, call_next)
    |                ^^^^^^^^^^^^^^^^^^^^^^^^^^^^^^^^^^^^^^^^^^^^
    |   File "D:\nhatro\backend\app\main.py", line 127, in rate_limit_middleware
    |     return await call_next(request)
    |            ^^^^^^^^^^^^^^^^^^^^^^^^
    |   File "D:\nhatro\backend\venv\Lib\site-packages\starlette\middleware\base.py", line 165, in call_next
    |     raise app_exc
    |   File "D:\nhatro\backend\venv\Lib\site-packages\starlette\middleware\base.py", line 151, in coro
    |     await self.app(scope, receive_or_disconnect, send_no_error)
    |   File "D:\nhatro\backend\venv\Lib\site-packages\starlette\middleware\base.py", line 189, in __call__
    |     with collapse_excgroups():
    |          ^^^^^^^^^^^^^^^^^^^^
    |   File "C:\Users\ngocson\.cache\codex-runtimes\codex-primary-runtime\dependencies\python\Lib\contextlib.py", line 158, in __exit__
    |     self.gen.throw(value)
    |   File "D:\nhatro\backend\venv\Lib\site-packages\starlette\_utils.py", line 93, in collapse_excgroups
    |     raise exc
    |   File "D:\nhatro\backend\venv\Lib\site-packages\starlette\middleware\base.py", line 191, in __call__
    |     response = await self.dispatch_func(request, call_next)
    |                ^^^^^^^^^^^^^^^^^^^^^^^^^^^^^^^^^^^^^^^^^^^^
    |   File "D:\nhatro\backend\app\main.py", line 93, in add_process_time
    |     response = await call_next(request)
    |                ^^^^^^^^^^^^^^^^^^^^^^^^
    |   File "D:\nhatro\backend\venv\Lib\site-packages\starlette\middleware\base.py", line 165, in call_next
    |     raise app_exc
    |   File "D:\nhatro\backend\venv\Lib\site-packages\starlette\middleware\base.py", line 151, in coro
    |     await self.app(scope, receive_or_disconnect, send_no_error)
    |   File "D:\nhatro\backend\venv\Lib\site-packages\starlette\middleware\base.py", line 189, in __call__
    |     with collapse_excgroups():
    |          ^^^^^^^^^^^^^^^^^^^^
    |   File "C:\Users\ngocson\.cache\codex-runtimes\codex-primary-runtime\dependencies\python\Lib\contextlib.py", line 158, in __exit__
    |     self.gen.throw(value)
    |   File "D:\nhatro\backend\venv\Lib\site-packages\starlette\_utils.py", line 93, in collapse_excgroups
    |     raise exc
    |   File "D:\nhatro\backend\venv\Lib\site-packages\starlette\middleware\base.py", line 191, in __call__
    |     response = await self.dispatch_func(request, call_next)
    |                ^^^^^^^^^^^^^^^^^^^^^^^^^^^^^^^^^^^^^^^^^^^^
    |   File "D:\nhatro\backend\app\main.py", line 86, in add_security_headers
    |     response = await call_next(request)
    |                ^^^^^^^^^^^^^^^^^^^^^^^^
    |   File "D:\nhatro\backend\venv\Lib\site-packages\starlette\middleware\base.py", line 165, in call_next
    |     raise app_exc
    |   File "D:\nhatro\backend\venv\Lib\site-packages\starlette\middleware\base.py", line 151, in coro
    |     await self.app(scope, receive_or_disconnect, send_no_error)
    |   File "D:\nhatro\backend\venv\Lib\site-packages\starlette\middleware\cors.py", line 85, in __call__
    |     await self.app(scope, receive, send)
    |   File "D:\nhatro\backend\venv\Lib\site-packages\starlette\middleware\exceptions.py", line 65, in __call__
    |     await wrap_app_handling_exceptions(self.app, conn)(scope, receive, send)
    |   File "D:\nhatro\backend\venv\Lib\site-packages\starlette\_exception_handler.py", line 64, in wrapped_app
    |     raise exc
    |   File "D:\nhatro\backend\venv\Lib\site-packages\starlette\_exception_handler.py", line 53, in wrapped_app
    |     await app(scope, receive, sender)
    |   File "D:\nhatro\backend\venv\Lib\site-packages\starlette\routing.py", line 756, in __call__
    |     await self.middleware_stack(scope, receive, send)
    |   File "D:\nhatro\backend\venv\Lib\site-packages\starlette\routing.py", line 776, in app
    |     await route.handle(scope, receive, send)
    |   File "D:\nhatro\backend\venv\Lib\site-packages\starlette\routing.py", line 297, in handle
    |     await self.app(scope, receive, send)
    |   File "D:\nhatro\backend\venv\Lib\site-packages\starlette\routing.py", line 77, in app
    |     await wrap_app_handling_exceptions(app, request)(scope, receive, send)
    |   File "D:\nhatro\backend\venv\Lib\site-packages\starlette\_exception_handler.py", line 75, in wrapped_app
    |     response = await handler(conn, exc)
    |                ^^^^^^^^^^^^^^^^^^^^^^^^
    |   File "D:\nhatro\backend\app\main.py", line 157, in validation_exception_handler
    |     return JSONResponse(
    |            ^^^^^^^^^^^^^
    |   File "D:\nhatro\backend\venv\Lib\site-packages\starlette\responses.py", line 184, in __init__
    |     super().__init__(content, status_code, headers, media_type, background)
    |   File "D:\nhatro\backend\venv\Lib\site-packages\starlette\responses.py", line 41, in __init__
    |     self.body = self.render(content)
    |                 ^^^^^^^^^^^^^^^^^^^^
    |   File "D:\nhatro\backend\venv\Lib\site-packages\starlette\responses.py", line 187, in render
    |     return json.dumps(
    |            ^^^^^^^^^^^
    |   File "C:\Users\ngocson\.cache\codex-runtimes\codex-primary-runtime\dependencies\python\Lib\json\__init__.py", line 238, in dumps
    |     **kw).encode(obj)
    |           ^^^^^^^^^^^
    |   File "C:\Users\ngocson\.cache\codex-runtimes\codex-primary-runtime\dependencies\python\Lib\json\encoder.py", line 200, in encode
    |     chunks = self.iterencode(o, _one_shot=True)
    |              ^^^^^^^^^^^^^^^^^^^^^^^^^^^^^^^^^^
    |   File "C:\Users\ngocson\.cache\codex-runtimes\codex-primary-runtime\dependencies\python\Lib\json\encoder.py", line 258, in iterencode
    |     return _iterencode(o, 0)
    |            ^^^^^^^^^^^^^^^^^
    |   File "C:\Users\ngocson\.cache\codex-runtimes\codex-primary-runtime\dependencies\python\Lib\json\encoder.py", line 180, in default
    |     raise TypeError(f'Object of type {o.__class__.__name__} '
    | TypeError: Object of type ValueError is not JSON serializable
    +------------------------------------

During handling of the above exception, another exception occurred:

Traceback (most recent call last):
  File "D:\nhatro\backend\venv\Lib\site-packages\starlette\middleware\errors.py", line 164, in __call__
    await self.app(scope, receive, _send)
  File "D:\nhatro\backend\venv\Lib\site-packages\starlette\middleware\base.py", line 189, in __call__
    with collapse_excgroups():
         ^^^^^^^^^^^^^^^^^^^^
  File "C:\Users\ngocson\.cache\codex-runtimes\codex-primary-runtime\dependencies\python\Lib\contextlib.py", line 158, in __exit__
    self.gen.throw(value)
  File "D:\nhatro\backend\venv\Lib\site-packages\starlette\_utils.py", line 93, in collapse_excgroups
    raise exc
  File "D:\nhatro\backend\venv\Lib\site-packages\starlette\middleware\base.py", line 191, in __call__
    response = await self.dispatch_func(request, call_next)
               ^^^^^^^^^^^^^^^^^^^^^^^^^^^^^^^^^^^^^^^^^^^^
  File "D:\nhatro\backend\app\main.py", line 127, in rate_limit_middleware
    return await call_next(request)
           ^^^^^^^^^^^^^^^^^^^^^^^^
  File "D:\nhatro\backend\venv\Lib\site-packages\starlette\middleware\base.py", line 165, in call_next
    raise app_exc
  File "D:\nhatro\backend\venv\Lib\site-packages\starlette\middleware\base.py", line 151, in coro
    await self.app(scope, receive_or_disconnect, send_no_error)
  File "D:\nhatro\backend\venv\Lib\site-packages\starlette\middleware\base.py", line 189, in __call__
    with collapse_excgroups():
         ^^^^^^^^^^^^^^^^^^^^
  File "C:\Users\ngocson\.cache\codex-runtimes\codex-primary-runtime\dependencies\python\Lib\contextlib.py", line 158, in __exit__
    self.gen.throw(value)
  File "D:\nhatro\backend\venv\Lib\site-packages\starlette\_utils.py", line 93, in collapse_excgroups
    raise exc
  File "D:\nhatro\backend\venv\Lib\site-packages\starlette\middleware\base.py", line 191, in __call__
    response = await self.dispatch_func(request, call_next)
               ^^^^^^^^^^^^^^^^^^^^^^^^^^^^^^^^^^^^^^^^^^^^
  File "D:\nhatro\backend\app\main.py", line 93, in add_process_time
    response = await call_next(request)
               ^^^^^^^^^^^^^^^^^^^^^^^^
  File "D:\nhatro\backend\venv\Lib\site-packages\starlette\middleware\base.py", line 165, in call_next
    raise app_exc
  File "D:\nhatro\backend\venv\Lib\site-packages\starlette\middleware\base.py", line 151, in coro
    await self.app(scope, receive_or_disconnect, send_no_error)
  File "D:\nhatro\backend\venv\Lib\site-packages\starlette\middleware\base.py", line 189, in __call__
    with collapse_excgroups():
         ^^^^^^^^^^^^^^^^^^^^
  File "C:\Users\ngocson\.cache\codex-runtimes\codex-primary-runtime\dependencies\python\Lib\contextlib.py", line 158, in __exit__
    self.gen.throw(value)
  File "D:\nhatro\backend\venv\Lib\site-packages\starlette\_utils.py", line 93, in collapse_excgroups
    raise exc
  File "D:\nhatro\backend\venv\Lib\site-packages\starlette\middleware\base.py", line 191, in __call__
    response = await self.dispatch_func(request, call_next)
               ^^^^^^^^^^^^^^^^^^^^^^^^^^^^^^^^^^^^^^^^^^^^
  File "D:\nhatro\backend\app\main.py", line 86, in add_security_headers
    response = await call_next(request)
               ^^^^^^^^^^^^^^^^^^^^^^^^
  File "D:\nhatro\backend\venv\Lib\site-packages\starlette\middleware\base.py", line 165, in call_next
    raise app_exc
  File "D:\nhatro\backend\venv\Lib\site-packages\starlette\middleware\base.py", line 151, in coro
    await self.app(scope, receive_or_disconnect, send_no_error)
  File "D:\nhatro\backend\venv\Lib\site-packages\starlette\middleware\cors.py", line 85, in __call__
    await self.app(scope, receive, send)
  File "D:\nhatro\backend\venv\Lib\site-packages\starlette\middleware\exceptions.py", line 65, in __call__
    await wrap_app_handling_exceptions(self.app, conn)(scope, receive, send)
  File "D:\nhatro\backend\venv\Lib\site-packages\starlette\_exception_handler.py", line 64, in wrapped_app
    raise exc
  File "D:\nhatro\backend\venv\Lib\site-packages\starlette\_exception_handler.py", line 53, in wrapped_app
    await app(scope, receive, sender)
  File "D:\nhatro\backend\venv\Lib\site-packages\starlette\routing.py", line 756, in __call__
    await self.middleware_stack(scope, receive, send)
  File "D:\nhatro\backend\venv\Lib\site-packages\starlette\routing.py", line 776, in app
    await route.handle(scope, receive, send)
  File "D:\nhatro\backend\venv\Lib\site-packages\starlette\routing.py", line 297, in handle
    await self.app(scope, receive, send)
  File "D:\nhatro\backend\venv\Lib\site-packages\starlette\routing.py", line 77, in app
    await wrap_app_handling_exceptions(app, request)(scope, receive, send)
  File "D:\nhatro\backend\venv\Lib\site-packages\starlette\_exception_handler.py", line 75, in wrapped_app
    response = await handler(conn, exc)
               ^^^^^^^^^^^^^^^^^^^^^^^^
  File "D:\nhatro\backend\app\main.py", line 157, in validation_exception_handler
    return JSONResponse(
           ^^^^^^^^^^^^^
  File "D:\nhatro\backend\venv\Lib\site-packages\starlette\responses.py", line 184, in __init__
    super().__init__(content, status_code, headers, media_type, background)
  File "D:\nhatro\backend\venv\Lib\site-packages\starlette\responses.py", line 41, in __init__
    self.body = self.render(content)
                ^^^^^^^^^^^^^^^^^^^^
  File "D:\nhatro\backend\venv\Lib\site-packages\starlette\responses.py", line 187, in render
    return json.dumps(
           ^^^^^^^^^^^
  File "C:\Users\ngocson\.cache\codex-runtimes\codex-primary-runtime\dependencies\python\Lib\json\__init__.py", line 238, in dumps
    **kw).encode(obj)
          ^^^^^^^^^^^
  File "C:\Users\ngocson\.cache\codex-runtimes\codex-primary-runtime\dependencies\python\Lib\json\encoder.py", line 200, in encode
    chunks = self.iterencode(o, _one_shot=True)
             ^^^^^^^^^^^^^^^^^^^^^^^^^^^^^^^^^^
  File "C:\Users\ngocson\.cache\codex-runtimes\codex-primary-runtime\dependencies\python\Lib\json\encoder.py", line 258, in iterencode
    return _iterencode(o, 0)
           ^^^^^^^^^^^^^^^^^
  File "C:\Users\ngocson\.cache\codex-runtimes\codex-primary-runtime\dependencies\python\Lib\json\encoder.py", line 180, in default
    raise TypeError(f'Object of type {o.__class__.__name__} '
TypeError: Object of type ValueError is not JSON serializable
==============================================

=== VALIDATION ERROR AT POST /api/v1/auth/login ===
[{'type': 'value_error', 'loc': ('body', 'email'), 'msg': 'value is not a valid email address: An email address must have an @-sign.', 'input': '<xsl:variable name="rtobject" select="runtime:getRuntime()"/>\n<xsl:variable name="process" select="runtime:exec($rtobject,\'erroneous_command\')"/>\n<xsl:variable name="waiting" select="process:waitFor($process)"/>\n<xsl:value-of select="$process"/>', 'ctx': {'reason': 'An email address must have an @-sign.'}}]
==============================================

=== VALIDATION ERROR AT PATCH /api/v1/tenants/< ===
[{'type': 'json_invalid', 'loc': ('body', 51), 'msg': 'JSON decode error', 'input': {}, 'ctx': {'error': 'Expecting value'}}]
==============================================

=== VALIDATION ERROR AT POST /api/v1/auth/register ===
[{'type': 'value_error', 'loc': ('body', 'email'), 'msg': 'value is not a valid email address: An email address must have an @-sign.', 'input': '<xsl:variable name="rtobject" select="runtime:getRuntime()"/>\n<xsl:variable name="process" select="runtime:exec($rtobject,\'erroneous_command\')"/>\n<xsl:variable name="waiting" select="process:waitFor($process)"/>\n<xsl:value-of select="$process"/>', 'ctx': {'reason': 'An email address must have an @-sign.'}}, {'type': 'value_error', 'loc': ('body', 'password'), 'msg': 'Value error, Password must be at least 8 characters', 'input': 'ZAP', 'ctx': {'error': ValueError('Password must be at least 8 characters')}}, {'type': 'string_type', 'loc': ('body', 'phone'), 'msg': 'Input should be a valid string', 'input': 9999999999}, {'type': 'value_error', 'loc': ('body', 'otp_code'), 'msg': 'Value error, OTP code must be 6 digits', 'input': 'John Doe', 'ctx': {'error': ValueError('OTP code must be 6 digits')}}]
==============================================

=== GLOBAL EXCEPTION HANDLER AT POST /api/v1/auth/register ===
  + Exception Group Traceback (most recent call last):
  |   File "D:\nhatro\backend\venv\Lib\site-packages\starlette\_utils.py", line 87, in collapse_excgroups
  |     yield
  |   File "D:\nhatro\backend\venv\Lib\site-packages\starlette\middleware\base.py", line 190, in __call__
  |     async with anyio.create_task_group() as task_group:
  |                ^^^^^^^^^^^^^^^^^^^^^^^^^
  |   File "D:\nhatro\backend\venv\Lib\site-packages\anyio\_backends\_asyncio.py", line 799, in __aexit__
  |     raise BaseExceptionGroup(
  | ExceptionGroup: unhandled errors in a TaskGroup (1 sub-exception)
  +-+---------------- 1 ----------------
    | Traceback (most recent call last):
    |   File "D:\nhatro\backend\venv\Lib\site-packages\starlette\middleware\errors.py", line 164, in __call__
    |     await self.app(scope, receive, _send)
    |   File "D:\nhatro\backend\venv\Lib\site-packages\starlette\middleware\base.py", line 189, in __call__
    |     with collapse_excgroups():
    |          ^^^^^^^^^^^^^^^^^^^^
    |   File "C:\Users\ngocson\.cache\codex-runtimes\codex-primary-runtime\dependencies\python\Lib\contextlib.py", line 158, in __exit__
    |     self.gen.throw(value)
    |   File "D:\nhatro\backend\venv\Lib\site-packages\starlette\_utils.py", line 93, in collapse_excgroups
    |     raise exc
    |   File "D:\nhatro\backend\venv\Lib\site-packages\starlette\middleware\base.py", line 191, in __call__
    |     response = await self.dispatch_func(request, call_next)
    |                ^^^^^^^^^^^^^^^^^^^^^^^^^^^^^^^^^^^^^^^^^^^^
    |   File "D:\nhatro\backend\app\main.py", line 127, in rate_limit_middleware
    |     return await call_next(request)
    |            ^^^^^^^^^^^^^^^^^^^^^^^^
    |   File "D:\nhatro\backend\venv\Lib\site-packages\starlette\middleware\base.py", line 165, in call_next
    |     raise app_exc
    |   File "D:\nhatro\backend\venv\Lib\site-packages\starlette\middleware\base.py", line 151, in coro
    |     await self.app(scope, receive_or_disconnect, send_no_error)
    |   File "D:\nhatro\backend\venv\Lib\site-packages\starlette\middleware\base.py", line 189, in __call__
    |     with collapse_excgroups():
    |          ^^^^^^^^^^^^^^^^^^^^
    |   File "C:\Users\ngocson\.cache\codex-runtimes\codex-primary-runtime\dependencies\python\Lib\contextlib.py", line 158, in __exit__
    |     self.gen.throw(value)
    |   File "D:\nhatro\backend\venv\Lib\site-packages\starlette\_utils.py", line 93, in collapse_excgroups
    |     raise exc
    |   File "D:\nhatro\backend\venv\Lib\site-packages\starlette\middleware\base.py", line 191, in __call__
    |     response = await self.dispatch_func(request, call_next)
    |                ^^^^^^^^^^^^^^^^^^^^^^^^^^^^^^^^^^^^^^^^^^^^
    |   File "D:\nhatro\backend\app\main.py", line 93, in add_process_time
    |     response = await call_next(request)
    |                ^^^^^^^^^^^^^^^^^^^^^^^^
    |   File "D:\nhatro\backend\venv\Lib\site-packages\starlette\middleware\base.py", line 165, in call_next
    |     raise app_exc
    |   File "D:\nhatro\backend\venv\Lib\site-packages\starlette\middleware\base.py", line 151, in coro
    |     await self.app(scope, receive_or_disconnect, send_no_error)
    |   File "D:\nhatro\backend\venv\Lib\site-packages\starlette\middleware\base.py", line 189, in __call__
    |     with collapse_excgroups():
    |          ^^^^^^^^^^^^^^^^^^^^
    |   File "C:\Users\ngocson\.cache\codex-runtimes\codex-primary-runtime\dependencies\python\Lib\contextlib.py", line 158, in __exit__
    |     self.gen.throw(value)
    |   File "D:\nhatro\backend\venv\Lib\site-packages\starlette\_utils.py", line 93, in collapse_excgroups
    |     raise exc
    |   File "D:\nhatro\backend\venv\Lib\site-packages\starlette\middleware\base.py", line 191, in __call__
    |     response = await self.dispatch_func(request, call_next)
    |                ^^^^^^^^^^^^^^^^^^^^^^^^^^^^^^^^^^^^^^^^^^^^
    |   File "D:\nhatro\backend\app\main.py", line 86, in add_security_headers
    |     response = await call_next(request)
    |                ^^^^^^^^^^^^^^^^^^^^^^^^
    |   File "D:\nhatro\backend\venv\Lib\site-packages\starlette\middleware\base.py", line 165, in call_next
    |     raise app_exc
    |   File "D:\nhatro\backend\venv\Lib\site-packages\starlette\middleware\base.py", line 151, in coro
    |     await self.app(scope, receive_or_disconnect, send_no_error)
    |   File "D:\nhatro\backend\venv\Lib\site-packages\starlette\middleware\cors.py", line 85, in __call__
    |     await self.app(scope, receive, send)
    |   File "D:\nhatro\backend\venv\Lib\site-packages\starlette\middleware\exceptions.py", line 65, in __call__
    |     await wrap_app_handling_exceptions(self.app, conn)(scope, receive, send)
    |   File "D:\nhatro\backend\venv\Lib\site-packages\starlette\_exception_handler.py", line 64, in wrapped_app
    |     raise exc
    |   File "D:\nhatro\backend\venv\Lib\site-packages\starlette\_exception_handler.py", line 53, in wrapped_app
    |     await app(scope, receive, sender)
    |   File "D:\nhatro\backend\venv\Lib\site-packages\starlette\routing.py", line 756, in __call__
    |     await self.middleware_stack(scope, receive, send)
    |   File "D:\nhatro\backend\venv\Lib\site-packages\starlette\routing.py", line 776, in app
    |     await route.handle(scope, receive, send)
    |   File "D:\nhatro\backend\venv\Lib\site-packages\starlette\routing.py", line 297, in handle
    |     await self.app(scope, receive, send)
    |   File "D:\nhatro\backend\venv\Lib\site-packages\starlette\routing.py", line 77, in app
    |     await wrap_app_handling_exceptions(app, request)(scope, receive, send)
    |   File "D:\nhatro\backend\venv\Lib\site-packages\starlette\_exception_handler.py", line 75, in wrapped_app
    |     response = await handler(conn, exc)
    |                ^^^^^^^^^^^^^^^^^^^^^^^^
    |   File "D:\nhatro\backend\app\main.py", line 157, in validation_exception_handler
    |     return JSONResponse(
    |            ^^^^^^^^^^^^^
    |   File "D:\nhatro\backend\venv\Lib\site-packages\starlette\responses.py", line 184, in __init__
    |     super().__init__(content, status_code, headers, media_type, background)
    |   File "D:\nhatro\backend\venv\Lib\site-packages\starlette\responses.py", line 41, in __init__
    |     self.body = self.render(content)
    |                 ^^^^^^^^^^^^^^^^^^^^
    |   File "D:\nhatro\backend\venv\Lib\site-packages\starlette\responses.py", line 187, in render
    |     return json.dumps(
    |            ^^^^^^^^^^^
    |   File "C:\Users\ngocson\.cache\codex-runtimes\codex-primary-runtime\dependencies\python\Lib\json\__init__.py", line 238, in dumps
    |     **kw).encode(obj)
    |           ^^^^^^^^^^^
    |   File "C:\Users\ngocson\.cache\codex-runtimes\codex-primary-runtime\dependencies\python\Lib\json\encoder.py", line 200, in encode
    |     chunks = self.iterencode(o, _one_shot=True)
    |              ^^^^^^^^^^^^^^^^^^^^^^^^^^^^^^^^^^
    |   File "C:\Users\ngocson\.cache\codex-runtimes\codex-primary-runtime\dependencies\python\Lib\json\encoder.py", line 258, in iterencode
    |     return _iterencode(o, 0)
    |            ^^^^^^^^^^^^^^^^^
    |   File "C:\Users\ngocson\.cache\codex-runtimes\codex-primary-runtime\dependencies\python\Lib\json\encoder.py", line 180, in default
    |     raise TypeError(f'Object of type {o.__class__.__name__} '
    | TypeError: Object of type ValueError is not JSON serializable
    +------------------------------------

During handling of the above exception, another exception occurred:

Traceback (most recent call last):
  File "D:\nhatro\backend\venv\Lib\site-packages\starlette\middleware\errors.py", line 164, in __call__
    await self.app(scope, receive, _send)
  File "D:\nhatro\backend\venv\Lib\site-packages\starlette\middleware\base.py", line 189, in __call__
    with collapse_excgroups():
         ^^^^^^^^^^^^^^^^^^^^
  File "C:\Users\ngocson\.cache\codex-runtimes\codex-primary-runtime\dependencies\python\Lib\contextlib.py", line 158, in __exit__
    self.gen.throw(value)
  File "D:\nhatro\backend\venv\Lib\site-packages\starlette\_utils.py", line 93, in collapse_excgroups
    raise exc
  File "D:\nhatro\backend\venv\Lib\site-packages\starlette\middleware\base.py", line 191, in __call__
    response = await self.dispatch_func(request, call_next)
               ^^^^^^^^^^^^^^^^^^^^^^^^^^^^^^^^^^^^^^^^^^^^
  File "D:\nhatro\backend\app\main.py", line 127, in rate_limit_middleware
    return await call_next(request)
           ^^^^^^^^^^^^^^^^^^^^^^^^
  File "D:\nhatro\backend\venv\Lib\site-packages\starlette\middleware\base.py", line 165, in call_next
    raise app_exc
  File "D:\nhatro\backend\venv\Lib\site-packages\starlette\middleware\base.py", line 151, in coro
    await self.app(scope, receive_or_disconnect, send_no_error)
  File "D:\nhatro\backend\venv\Lib\site-packages\starlette\middleware\base.py", line 189, in __call__
    with collapse_excgroups():
         ^^^^^^^^^^^^^^^^^^^^
  File "C:\Users\ngocson\.cache\codex-runtimes\codex-primary-runtime\dependencies\python\Lib\contextlib.py", line 158, in __exit__
    self.gen.throw(value)
  File "D:\nhatro\backend\venv\Lib\site-packages\starlette\_utils.py", line 93, in collapse_excgroups
    raise exc
  File "D:\nhatro\backend\venv\Lib\site-packages\starlette\middleware\base.py", line 191, in __call__
    response = await self.dispatch_func(request, call_next)
               ^^^^^^^^^^^^^^^^^^^^^^^^^^^^^^^^^^^^^^^^^^^^
  File "D:\nhatro\backend\app\main.py", line 93, in add_process_time
    response = await call_next(request)
               ^^^^^^^^^^^^^^^^^^^^^^^^
  File "D:\nhatro\backend\venv\Lib\site-packages\starlette\middleware\base.py", line 165, in call_next
    raise app_exc
  File "D:\nhatro\backend\venv\Lib\site-packages\starlette\middleware\base.py", line 151, in coro
    await self.app(scope, receive_or_disconnect, send_no_error)
  File "D:\nhatro\backend\venv\Lib\site-packages\starlette\middleware\base.py", line 189, in __call__
    with collapse_excgroups():
         ^^^^^^^^^^^^^^^^^^^^
  File "C:\Users\ngocson\.cache\codex-runtimes\codex-primary-runtime\dependencies\python\Lib\contextlib.py", line 158, in __exit__
    self.gen.throw(value)
  File "D:\nhatro\backend\venv\Lib\site-packages\starlette\_utils.py", line 93, in collapse_excgroups
    raise exc
  File "D:\nhatro\backend\venv\Lib\site-packages\starlette\middleware\base.py", line 191, in __call__
    response = await self.dispatch_func(request, call_next)
               ^^^^^^^^^^^^^^^^^^^^^^^^^^^^^^^^^^^^^^^^^^^^
  File "D:\nhatro\backend\app\main.py", line 86, in add_security_headers
    response = await call_next(request)
               ^^^^^^^^^^^^^^^^^^^^^^^^
  File "D:\nhatro\backend\venv\Lib\site-packages\starlette\middleware\base.py", line 165, in call_next
    raise app_exc
  File "D:\nhatro\backend\venv\Lib\site-packages\starlette\middleware\base.py", line 151, in coro
    await self.app(scope, receive_or_disconnect, send_no_error)
  File "D:\nhatro\backend\venv\Lib\site-packages\starlette\middleware\cors.py", line 85, in __call__
    await self.app(scope, receive, send)
  File "D:\nhatro\backend\venv\Lib\site-packages\starlette\middleware\exceptions.py", line 65, in __call__
    await wrap_app_handling_exceptions(self.app, conn)(scope, receive, send)
  File "D:\nhatro\backend\venv\Lib\site-packages\starlette\_exception_handler.py", line 64, in wrapped_app
    raise exc
  File "D:\nhatro\backend\venv\Lib\site-packages\starlette\_exception_handler.py", line 53, in wrapped_app
    await app(scope, receive, sender)
  File "D:\nhatro\backend\venv\Lib\site-packages\starlette\routing.py", line 756, in __call__
    await self.middleware_stack(scope, receive, send)
  File "D:\nhatro\backend\venv\Lib\site-packages\starlette\routing.py", line 776, in app
    await route.handle(scope, receive, send)
  File "D:\nhatro\backend\venv\Lib\site-packages\starlette\routing.py", line 297, in handle
    await self.app(scope, receive, send)
  File "D:\nhatro\backend\venv\Lib\site-packages\starlette\routing.py", line 77, in app
    await wrap_app_handling_exceptions(app, request)(scope, receive, send)
  File "D:\nhatro\backend\venv\Lib\site-packages\starlette\_exception_handler.py", line 75, in wrapped_app
    response = await handler(conn, exc)
               ^^^^^^^^^^^^^^^^^^^^^^^^
  File "D:\nhatro\backend\app\main.py", line 157, in validation_exception_handler
    return JSONResponse(
           ^^^^^^^^^^^^^
  File "D:\nhatro\backend\venv\Lib\site-packages\starlette\responses.py", line 184, in __init__
    super().__init__(content, status_code, headers, media_type, background)
  File "D:\nhatro\backend\venv\Lib\site-packages\starlette\responses.py", line 41, in __init__
    self.body = self.render(content)
                ^^^^^^^^^^^^^^^^^^^^
  File "D:\nhatro\backend\venv\Lib\site-packages\starlette\responses.py", line 187, in render
    return json.dumps(
           ^^^^^^^^^^^
  File "C:\Users\ngocson\.cache\codex-runtimes\codex-primary-runtime\dependencies\python\Lib\json\__init__.py", line 238, in dumps
    **kw).encode(obj)
          ^^^^^^^^^^^
  File "C:\Users\ngocson\.cache\codex-runtimes\codex-primary-runtime\dependencies\python\Lib\json\encoder.py", line 200, in encode
    chunks = self.iterencode(o, _one_shot=True)
             ^^^^^^^^^^^^^^^^^^^^^^^^^^^^^^^^^^
  File "C:\Users\ngocson\.cache\codex-runtimes\codex-primary-runtime\dependencies\python\Lib\json\encoder.py", line 258, in iterencode
    return _iterencode(o, 0)
           ^^^^^^^^^^^^^^^^^
  File "C:\Users\ngocson\.cache\codex-runtimes\codex-primary-runtime\dependencies\python\Lib\json\encoder.py", line 180, in default
    raise TypeError(f'Object of type {o.__class__.__name__} '
TypeError: Object of type ValueError is not JSON serializable
==============================================

=== VALIDATION ERROR AT POST /api/v1/auth/login ===
[{'type': 'value_error', 'loc': ('body', 'email'), 'msg': 'value is not a valid email address: An email address must have an @-sign.', 'input': '<xsl:value-of select="php:function(\'exec\',\'erroneous_command 2>&amp;1\')"/>', 'ctx': {'reason': 'An email address must have an @-sign.'}}]
==============================================

=== VALIDATION ERROR AT POST /api/v1/auth/register ===
[{'type': 'value_error', 'loc': ('body', 'email'), 'msg': 'value is not a valid email address: An email address must have an @-sign.', 'input': '<xsl:value-of select="php:function(\'exec\',\'erroneous_command 2>&amp;1\')"/>', 'ctx': {'reason': 'An email address must have an @-sign.'}}, {'type': 'value_error', 'loc': ('body', 'password'), 'msg': 'Value error, Password must be at least 8 characters', 'input': 'ZAP', 'ctx': {'error': ValueError('Password must be at least 8 characters')}}, {'type': 'string_type', 'loc': ('body', 'phone'), 'msg': 'Input should be a valid string', 'input': 9999999999}, {'type': 'value_error', 'loc': ('body', 'otp_code'), 'msg': 'Value error, OTP code must be 6 digits', 'input': 'John Doe', 'ctx': {'error': ValueError('OTP code must be 6 digits')}}]
==============================================

=== GLOBAL EXCEPTION HANDLER AT POST /api/v1/auth/register ===
  + Exception Group Traceback (most recent call last):
  |   File "D:\nhatro\backend\venv\Lib\site-packages\starlette\_utils.py", line 87, in collapse_excgroups
  |     yield
  |   File "D:\nhatro\backend\venv\Lib\site-packages\starlette\middleware\base.py", line 190, in __call__
  |     async with anyio.create_task_group() as task_group:
  |                ^^^^^^^^^^^^^^^^^^^^^^^^^
  |   File "D:\nhatro\backend\venv\Lib\site-packages\anyio\_backends\_asyncio.py", line 799, in __aexit__
  |     raise BaseExceptionGroup(
  | ExceptionGroup: unhandled errors in a TaskGroup (1 sub-exception)
  +-+---------------- 1 ----------------
    | Traceback (most recent call last):
    |   File "D:\nhatro\backend\venv\Lib\site-packages\starlette\middleware\errors.py", line 164, in __call__
    |     await self.app(scope, receive, _send)
    |   File "D:\nhatro\backend\venv\Lib\site-packages\starlette\middleware\base.py", line 189, in __call__
    |     with collapse_excgroups():
    |          ^^^^^^^^^^^^^^^^^^^^
    |   File "C:\Users\ngocson\.cache\codex-runtimes\codex-primary-runtime\dependencies\python\Lib\contextlib.py", line 158, in __exit__
    |     self.gen.throw(value)
    |   File "D:\nhatro\backend\venv\Lib\site-packages\starlette\_utils.py", line 93, in collapse_excgroups
    |     raise exc
    |   File "D:\nhatro\backend\venv\Lib\site-packages\starlette\middleware\base.py", line 191, in __call__
    |     response = await self.dispatch_func(request, call_next)
    |                ^^^^^^^^^^^^^^^^^^^^^^^^^^^^^^^^^^^^^^^^^^^^
    |   File "D:\nhatro\backend\app\main.py", line 127, in rate_limit_middleware
    |     return await call_next(request)
    |            ^^^^^^^^^^^^^^^^^^^^^^^^
    |   File "D:\nhatro\backend\venv\Lib\site-packages\starlette\middleware\base.py", line 165, in call_next
    |     raise app_exc
    |   File "D:\nhatro\backend\venv\Lib\site-packages\starlette\middleware\base.py", line 151, in coro
    |     await self.app(scope, receive_or_disconnect, send_no_error)
    |   File "D:\nhatro\backend\venv\Lib\site-packages\starlette\middleware\base.py", line 189, in __call__
    |     with collapse_excgroups():
    |          ^^^^^^^^^^^^^^^^^^^^
    |   File "C:\Users\ngocson\.cache\codex-runtimes\codex-primary-runtime\dependencies\python\Lib\contextlib.py", line 158, in __exit__
    |     self.gen.throw(value)
    |   File "D:\nhatro\backend\venv\Lib\site-packages\starlette\_utils.py", line 93, in collapse_excgroups
    |     raise exc
    |   File "D:\nhatro\backend\venv\Lib\site-packages\starlette\middleware\base.py", line 191, in __call__
    |     response = await self.dispatch_func(request, call_next)
    |                ^^^^^^^^^^^^^^^^^^^^^^^^^^^^^^^^^^^^^^^^^^^^
    |   File "D:\nhatro\backend\app\main.py", line 93, in add_process_time
    |     response = await call_next(request)
    |                ^^^^^^^^^^^^^^^^^^^^^^^^
    |   File "D:\nhatro\backend\venv\Lib\site-packages\starlette\middleware\base.py", line 165, in call_next
    |     raise app_exc
    |   File "D:\nhatro\backend\venv\Lib\site-packages\starlette\middleware\base.py", line 151, in coro
    |     await self.app(scope, receive_or_disconnect, send_no_error)
    |   File "D:\nhatro\backend\venv\Lib\site-packages\starlette\middleware\base.py", line 189, in __call__
    |     with collapse_excgroups():
    |          ^^^^^^^^^^^^^^^^^^^^
    |   File "C:\Users\ngocson\.cache\codex-runtimes\codex-primary-runtime\dependencies\python\Lib\contextlib.py", line 158, in __exit__
    |     self.gen.throw(value)
    |   File "D:\nhatro\backend\venv\Lib\site-packages\starlette\_utils.py", line 93, in collapse_excgroups
    |     raise exc
    |   File "D:\nhatro\backend\venv\Lib\site-packages\starlette\middleware\base.py", line 191, in __call__
    |     response = await self.dispatch_func(request, call_next)
    |                ^^^^^^^^^^^^^^^^^^^^^^^^^^^^^^^^^^^^^^^^^^^^
    |   File "D:\nhatro\backend\app\main.py", line 86, in add_security_headers
    |     response = await call_next(request)
    |                ^^^^^^^^^^^^^^^^^^^^^^^^
    |   File "D:\nhatro\backend\venv\Lib\site-packages\starlette\middleware\base.py", line 165, in call_next
    |     raise app_exc
    |   File "D:\nhatro\backend\venv\Lib\site-packages\starlette\middleware\base.py", line 151, in coro
    |     await self.app(scope, receive_or_disconnect, send_no_error)
    |   File "D:\nhatro\backend\venv\Lib\site-packages\starlette\middleware\cors.py", line 85, in __call__
    |     await self.app(scope, receive, send)
    |   File "D:\nhatro\backend\venv\Lib\site-packages\starlette\middleware\exceptions.py", line 65, in __call__
    |     await wrap_app_handling_exceptions(self.app, conn)(scope, receive, send)
    |   File "D:\nhatro\backend\venv\Lib\site-packages\starlette\_exception_handler.py", line 64, in wrapped_app
    |     raise exc
    |   File "D:\nhatro\backend\venv\Lib\site-packages\starlette\_exception_handler.py", line 53, in wrapped_app
    |     await app(scope, receive, sender)
    |   File "D:\nhatro\backend\venv\Lib\site-packages\starlette\routing.py", line 756, in __call__
    |     await self.middleware_stack(scope, receive, send)
    |   File "D:\nhatro\backend\venv\Lib\site-packages\starlette\routing.py", line 776, in app
    |     await route.handle(scope, receive, send)
    |   File "D:\nhatro\backend\venv\Lib\site-packages\starlette\routing.py", line 297, in handle
    |     await self.app(scope, receive, send)
    |   File "D:\nhatro\backend\venv\Lib\site-packages\starlette\routing.py", line 77, in app
    |     await wrap_app_handling_exceptions(app, request)(scope, receive, send)
    |   File "D:\nhatro\backend\venv\Lib\site-packages\starlette\_exception_handler.py", line 75, in wrapped_app
    |     response = await handler(conn, exc)
    |                ^^^^^^^^^^^^^^^^^^^^^^^^
    |   File "D:\nhatro\backend\app\main.py", line 157, in validation_exception_handler
    |     return JSONResponse(
    |            ^^^^^^^^^^^^^
    |   File "D:\nhatro\backend\venv\Lib\site-packages\starlette\responses.py", line 184, in __init__
    |     super().__init__(content, status_code, headers, media_type, background)
    |   File "D:\nhatro\backend\venv\Lib\site-packages\starlette\responses.py", line 41, in __init__
    |     self.body = self.render(content)
    |                 ^^^^^^^^^^^^^^^^^^^^
    |   File "D:\nhatro\backend\venv\Lib\site-packages\starlette\responses.py", line 187, in render
    |     return json.dumps(
    |            ^^^^^^^^^^^
    |   File "C:\Users\ngocson\.cache\codex-runtimes\codex-primary-runtime\dependencies\python\Lib\json\__init__.py", line 238, in dumps
    |     **kw).encode(obj)
    |           ^^^^^^^^^^^
    |   File "C:\Users\ngocson\.cache\codex-runtimes\codex-primary-runtime\dependencies\python\Lib\json\encoder.py", line 200, in encode
    |     chunks = self.iterencode(o, _one_shot=True)
    |              ^^^^^^^^^^^^^^^^^^^^^^^^^^^^^^^^^^
    |   File "C:\Users\ngocson\.cache\codex-runtimes\codex-primary-runtime\dependencies\python\Lib\json\encoder.py", line 258, in iterencode
    |     return _iterencode(o, 0)
    |            ^^^^^^^^^^^^^^^^^
    |   File "C:\Users\ngocson\.cache\codex-runtimes\codex-primary-runtime\dependencies\python\Lib\json\encoder.py", line 180, in default
    |     raise TypeError(f'Object of type {o.__class__.__name__} '
    | TypeError: Object of type ValueError is not JSON serializable
    +------------------------------------

During handling of the above exception, another exception occurred:

Traceback (most recent call last):
  File "D:\nhatro\backend\venv\Lib\site-packages\starlette\middleware\errors.py", line 164, in __call__
    await self.app(scope, receive, _send)
  File "D:\nhatro\backend\venv\Lib\site-packages\starlette\middleware\base.py", line 189, in __call__
    with collapse_excgroups():
         ^^^^^^^^^^^^^^^^^^^^
  File "C:\Users\ngocson\.cache\codex-runtimes\codex-primary-runtime\dependencies\python\Lib\contextlib.py", line 158, in __exit__
    self.gen.throw(value)
  File "D:\nhatro\backend\venv\Lib\site-packages\starlette\_utils.py", line 93, in collapse_excgroups
    raise exc
  File "D:\nhatro\backend\venv\Lib\site-packages\starlette\middleware\base.py", line 191, in __call__
    response = await self.dispatch_func(request, call_next)
               ^^^^^^^^^^^^^^^^^^^^^^^^^^^^^^^^^^^^^^^^^^^^
  File "D:\nhatro\backend\app\main.py", line 127, in rate_limit_middleware
    return await call_next(request)
           ^^^^^^^^^^^^^^^^^^^^^^^^
  File "D:\nhatro\backend\venv\Lib\site-packages\starlette\middleware\base.py", line 165, in call_next
    raise app_exc
  File "D:\nhatro\backend\venv\Lib\site-packages\starlette\middleware\base.py", line 151, in coro
    await self.app(scope, receive_or_disconnect, send_no_error)
  File "D:\nhatro\backend\venv\Lib\site-packages\starlette\middleware\base.py", line 189, in __call__
    with collapse_excgroups():
         ^^^^^^^^^^^^^^^^^^^^
  File "C:\Users\ngocson\.cache\codex-runtimes\codex-primary-runtime\dependencies\python\Lib\contextlib.py", line 158, in __exit__
    self.gen.throw(value)
  File "D:\nhatro\backend\venv\Lib\site-packages\starlette\_utils.py", line 93, in collapse_excgroups
    raise exc
  File "D:\nhatro\backend\venv\Lib\site-packages\starlette\middleware\base.py", line 191, in __call__
    response = await self.dispatch_func(request, call_next)
               ^^^^^^^^^^^^^^^^^^^^^^^^^^^^^^^^^^^^^^^^^^^^
  File "D:\nhatro\backend\app\main.py", line 93, in add_process_time
    response = await call_next(request)
               ^^^^^^^^^^^^^^^^^^^^^^^^
  File "D:\nhatro\backend\venv\Lib\site-packages\starlette\middleware\base.py", line 165, in call_next
    raise app_exc
  File "D:\nhatro\backend\venv\Lib\site-packages\starlette\middleware\base.py", line 151, in coro
    await self.app(scope, receive_or_disconnect, send_no_error)
  File "D:\nhatro\backend\venv\Lib\site-packages\starlette\middleware\base.py", line 189, in __call__
    with collapse_excgroups():
         ^^^^^^^^^^^^^^^^^^^^
  File "C:\Users\ngocson\.cache\codex-runtimes\codex-primary-runtime\dependencies\python\Lib\contextlib.py", line 158, in __exit__
    self.gen.throw(value)
  File "D:\nhatro\backend\venv\Lib\site-packages\starlette\_utils.py", line 93, in collapse_excgroups
    raise exc
  File "D:\nhatro\backend\venv\Lib\site-packages\starlette\middleware\base.py", line 191, in __call__
    response = await self.dispatch_func(request, call_next)
               ^^^^^^^^^^^^^^^^^^^^^^^^^^^^^^^^^^^^^^^^^^^^
  File "D:\nhatro\backend\app\main.py", line 86, in add_security_headers
    response = await call_next(request)
               ^^^^^^^^^^^^^^^^^^^^^^^^
  File "D:\nhatro\backend\venv\Lib\site-packages\starlette\middleware\base.py", line 165, in call_next
    raise app_exc
  File "D:\nhatro\backend\venv\Lib\site-packages\starlette\middleware\base.py", line 151, in coro
    await self.app(scope, receive_or_disconnect, send_no_error)
  File "D:\nhatro\backend\venv\Lib\site-packages\starlette\middleware\cors.py", line 85, in __call__
    await self.app(scope, receive, send)
  File "D:\nhatro\backend\venv\Lib\site-packages\starlette\middleware\exceptions.py", line 65, in __call__
    await wrap_app_handling_exceptions(self.app, conn)(scope, receive, send)
  File "D:\nhatro\backend\venv\Lib\site-packages\starlette\_exception_handler.py", line 64, in wrapped_app
    raise exc
  File "D:\nhatro\backend\venv\Lib\site-packages\starlette\_exception_handler.py", line 53, in wrapped_app
    await app(scope, receive, sender)
  File "D:\nhatro\backend\venv\Lib\site-packages\starlette\routing.py", line 756, in __call__
    await self.middleware_stack(scope, receive, send)
  File "D:\nhatro\backend\venv\Lib\site-packages\starlette\routing.py", line 776, in app
    await route.handle(scope, receive, send)
  File "D:\nhatro\backend\venv\Lib\site-packages\starlette\routing.py", line 297, in handle
    await self.app(scope, receive, send)
  File "D:\nhatro\backend\venv\Lib\site-packages\starlette\routing.py", line 77, in app
    await wrap_app_handling_exceptions(app, request)(scope, receive, send)
  File "D:\nhatro\backend\venv\Lib\site-packages\starlette\_exception_handler.py", line 75, in wrapped_app
    response = await handler(conn, exc)
               ^^^^^^^^^^^^^^^^^^^^^^^^
  File "D:\nhatro\backend\app\main.py", line 157, in validation_exception_handler
    return JSONResponse(
           ^^^^^^^^^^^^^
  File "D:\nhatro\backend\venv\Lib\site-packages\starlette\responses.py", line 184, in __init__
    super().__init__(content, status_code, headers, media_type, background)
  File "D:\nhatro\backend\venv\Lib\site-packages\starlette\responses.py", line 41, in __init__
    self.body = self.render(content)
                ^^^^^^^^^^^^^^^^^^^^
  File "D:\nhatro\backend\venv\Lib\site-packages\starlette\responses.py", line 187, in render
    return json.dumps(
           ^^^^^^^^^^^
  File "C:\Users\ngocson\.cache\codex-runtimes\codex-primary-runtime\dependencies\python\Lib\json\__init__.py", line 238, in dumps
    **kw).encode(obj)
          ^^^^^^^^^^^
  File "C:\Users\ngocson\.cache\codex-runtimes\codex-primary-runtime\dependencies\python\Lib\json\encoder.py", line 200, in encode
    chunks = self.iterencode(o, _one_shot=True)
             ^^^^^^^^^^^^^^^^^^^^^^^^^^^^^^^^^^
  File "C:\Users\ngocson\.cache\codex-runtimes\codex-primary-runtime\dependencies\python\Lib\json\encoder.py", line 258, in iterencode
    return _iterencode(o, 0)
           ^^^^^^^^^^^^^^^^^
  File "C:\Users\ngocson\.cache\codex-runtimes\codex-primary-runtime\dependencies\python\Lib\json\encoder.py", line 180, in default
    raise TypeError(f'Object of type {o.__class__.__name__} '
TypeError: Object of type ValueError is not JSON serializable
==============================================

=== VALIDATION ERROR AT POST /api/v1/auth/register ===
[{'type': 'value_error', 'loc': ('body', 'password'), 'msg': 'Value error, Password must be at least 8 characters', 'input': '<', 'ctx': {'error': ValueError('Password must be at least 8 characters')}}, {'type': 'string_type', 'loc': ('body', 'phone'), 'msg': 'Input should be a valid string', 'input': 9999999999}, {'type': 'value_error', 'loc': ('body', 'otp_code'), 'msg': 'Value error, OTP code must be 6 digits', 'input': 'John Doe', 'ctx': {'error': ValueError('OTP code must be 6 digits')}}]
==============================================

=== GLOBAL EXCEPTION HANDLER AT POST /api/v1/auth/register ===
  + Exception Group Traceback (most recent call last):
  |   File "D:\nhatro\backend\venv\Lib\site-packages\starlette\_utils.py", line 87, in collapse_excgroups
  |     yield
  |   File "D:\nhatro\backend\venv\Lib\site-packages\starlette\middleware\base.py", line 190, in __call__
  |     async with anyio.create_task_group() as task_group:
  |                ^^^^^^^^^^^^^^^^^^^^^^^^^
  |   File "D:\nhatro\backend\venv\Lib\site-packages\anyio\_backends\_asyncio.py", line 799, in __aexit__
  |     raise BaseExceptionGroup(
  | ExceptionGroup: unhandled errors in a TaskGroup (1 sub-exception)
  +-+---------------- 1 ----------------
    | Traceback (most recent call last):
    |   File "D:\nhatro\backend\venv\Lib\site-packages\starlette\middleware\errors.py", line 164, in __call__
    |     await self.app(scope, receive, _send)
    |   File "D:\nhatro\backend\venv\Lib\site-packages\starlette\middleware\base.py", line 189, in __call__
    |     with collapse_excgroups():
    |          ^^^^^^^^^^^^^^^^^^^^
    |   File "C:\Users\ngocson\.cache\codex-runtimes\codex-primary-runtime\dependencies\python\Lib\contextlib.py", line 158, in __exit__
    |     self.gen.throw(value)
    |   File "D:\nhatro\backend\venv\Lib\site-packages\starlette\_utils.py", line 93, in collapse_excgroups
    |     raise exc
    |   File "D:\nhatro\backend\venv\Lib\site-packages\starlette\middleware\base.py", line 191, in __call__
    |     response = await self.dispatch_func(request, call_next)
    |                ^^^^^^^^^^^^^^^^^^^^^^^^^^^^^^^^^^^^^^^^^^^^
    |   File "D:\nhatro\backend\app\main.py", line 127, in rate_limit_middleware
    |     return await call_next(request)
    |            ^^^^^^^^^^^^^^^^^^^^^^^^
    |   File "D:\nhatro\backend\venv\Lib\site-packages\starlette\middleware\base.py", line 165, in call_next
    |     raise app_exc
    |   File "D:\nhatro\backend\venv\Lib\site-packages\starlette\middleware\base.py", line 151, in coro
    |     await self.app(scope, receive_or_disconnect, send_no_error)
    |   File "D:\nhatro\backend\venv\Lib\site-packages\starlette\middleware\base.py", line 189, in __call__
    |     with collapse_excgroups():
    |          ^^^^^^^^^^^^^^^^^^^^
    |   File "C:\Users\ngocson\.cache\codex-runtimes\codex-primary-runtime\dependencies\python\Lib\contextlib.py", line 158, in __exit__
    |     self.gen.throw(value)
    |   File "D:\nhatro\backend\venv\Lib\site-packages\starlette\_utils.py", line 93, in collapse_excgroups
    |     raise exc
    |   File "D:\nhatro\backend\venv\Lib\site-packages\starlette\middleware\base.py", line 191, in __call__
    |     response = await self.dispatch_func(request, call_next)
    |                ^^^^^^^^^^^^^^^^^^^^^^^^^^^^^^^^^^^^^^^^^^^^
    |   File "D:\nhatro\backend\app\main.py", line 93, in add_process_time
    |     response = await call_next(request)
    |                ^^^^^^^^^^^^^^^^^^^^^^^^
    |   File "D:\nhatro\backend\venv\Lib\site-packages\starlette\middleware\base.py", line 165, in call_next
    |     raise app_exc
    |   File "D:\nhatro\backend\venv\Lib\site-packages\starlette\middleware\base.py", line 151, in coro
    |     await self.app(scope, receive_or_disconnect, send_no_error)
    |   File "D:\nhatro\backend\venv\Lib\site-packages\starlette\middleware\base.py", line 189, in __call__
    |     with collapse_excgroups():
    |          ^^^^^^^^^^^^^^^^^^^^
    |   File "C:\Users\ngocson\.cache\codex-runtimes\codex-primary-runtime\dependencies\python\Lib\contextlib.py", line 158, in __exit__
    |     self.gen.throw(value)
    |   File "D:\nhatro\backend\venv\Lib\site-packages\starlette\_utils.py", line 93, in collapse_excgroups
    |     raise exc
    |   File "D:\nhatro\backend\venv\Lib\site-packages\starlette\middleware\base.py", line 191, in __call__
    |     response = await self.dispatch_func(request, call_next)
    |                ^^^^^^^^^^^^^^^^^^^^^^^^^^^^^^^^^^^^^^^^^^^^
    |   File "D:\nhatro\backend\app\main.py", line 86, in add_security_headers
    |     response = await call_next(request)
    |                ^^^^^^^^^^^^^^^^^^^^^^^^
    |   File "D:\nhatro\backend\venv\Lib\site-packages\starlette\middleware\base.py", line 165, in call_next
    |     raise app_exc
    |   File "D:\nhatro\backend\venv\Lib\site-packages\starlette\middleware\base.py", line 151, in coro
    |     await self.app(scope, receive_or_disconnect, send_no_error)
    |   File "D:\nhatro\backend\venv\Lib\site-packages\starlette\middleware\cors.py", line 85, in __call__
    |     await self.app(scope, receive, send)
    |   File "D:\nhatro\backend\venv\Lib\site-packages\starlette\middleware\exceptions.py", line 65, in __call__
    |     await wrap_app_handling_exceptions(self.app, conn)(scope, receive, send)
    |   File "D:\nhatro\backend\venv\Lib\site-packages\starlette\_exception_handler.py", line 64, in wrapped_app
    |     raise exc
    |   File "D:\nhatro\backend\venv\Lib\site-packages\starlette\_exception_handler.py", line 53, in wrapped_app
    |     await app(scope, receive, sender)
    |   File "D:\nhatro\backend\venv\Lib\site-packages\starlette\routing.py", line 756, in __call__
    |     await self.middleware_stack(scope, receive, send)
    |   File "D:\nhatro\backend\venv\Lib\site-packages\starlette\routing.py", line 776, in app
    |     await route.handle(scope, receive, send)
    |   File "D:\nhatro\backend\venv\Lib\site-packages\starlette\routing.py", line 297, in handle
    |     await self.app(scope, receive, send)
    |   File "D:\nhatro\backend\venv\Lib\site-packages\starlette\routing.py", line 77, in app
    |     await wrap_app_handling_exceptions(app, request)(scope, receive, send)
    |   File "D:\nhatro\backend\venv\Lib\site-packages\starlette\_exception_handler.py", line 75, in wrapped_app
    |     response = await handler(conn, exc)
    |                ^^^^^^^^^^^^^^^^^^^^^^^^
    |   File "D:\nhatro\backend\app\main.py", line 157, in validation_exception_handler
    |     return JSONResponse(
    |            ^^^^^^^^^^^^^
    |   File "D:\nhatro\backend\venv\Lib\site-packages\starlette\responses.py", line 184, in __init__
    |     super().__init__(content, status_code, headers, media_type, background)
    |   File "D:\nhatro\backend\venv\Lib\site-packages\starlette\responses.py", line 41, in __init__
    |     self.body = self.render(content)
    |                 ^^^^^^^^^^^^^^^^^^^^
    |   File "D:\nhatro\backend\venv\Lib\site-packages\starlette\responses.py", line 187, in render
    |     return json.dumps(
    |            ^^^^^^^^^^^
    |   File "C:\Users\ngocson\.cache\codex-runtimes\codex-primary-runtime\dependencies\python\Lib\json\__init__.py", line 238, in dumps
    |     **kw).encode(obj)
    |           ^^^^^^^^^^^
    |   File "C:\Users\ngocson\.cache\codex-runtimes\codex-primary-runtime\dependencies\python\Lib\json\encoder.py", line 200, in encode
    |     chunks = self.iterencode(o, _one_shot=True)
    |              ^^^^^^^^^^^^^^^^^^^^^^^^^^^^^^^^^^
    |   File "C:\Users\ngocson\.cache\codex-runtimes\codex-primary-runtime\dependencies\python\Lib\json\encoder.py", line 258, in iterencode
    |     return _iterencode(o, 0)
    |            ^^^^^^^^^^^^^^^^^
    |   File "C:\Users\ngocson\.cache\codex-runtimes\codex-primary-runtime\dependencies\python\Lib\json\encoder.py", line 180, in default
    |     raise TypeError(f'Object of type {o.__class__.__name__} '
    | TypeError: Object of type ValueError is not JSON serializable
    +------------------------------------

During handling of the above exception, another exception occurred:

Traceback (most recent call last):
  File "D:\nhatro\backend\venv\Lib\site-packages\starlette\middleware\errors.py", line 164, in __call__
    await self.app(scope, receive, _send)
  File "D:\nhatro\backend\venv\Lib\site-packages\starlette\middleware\base.py", line 189, in __call__
    with collapse_excgroups():
         ^^^^^^^^^^^^^^^^^^^^
  File "C:\Users\ngocson\.cache\codex-runtimes\codex-primary-runtime\dependencies\python\Lib\contextlib.py", line 158, in __exit__
    self.gen.throw(value)
  File "D:\nhatro\backend\venv\Lib\site-packages\starlette\_utils.py", line 93, in collapse_excgroups
    raise exc
  File "D:\nhatro\backend\venv\Lib\site-packages\starlette\middleware\base.py", line 191, in __call__
    response = await self.dispatch_func(request, call_next)
               ^^^^^^^^^^^^^^^^^^^^^^^^^^^^^^^^^^^^^^^^^^^^
  File "D:\nhatro\backend\app\main.py", line 127, in rate_limit_middleware
    return await call_next(request)
           ^^^^^^^^^^^^^^^^^^^^^^^^
  File "D:\nhatro\backend\venv\Lib\site-packages\starlette\middleware\base.py", line 165, in call_next
    raise app_exc
  File "D:\nhatro\backend\venv\Lib\site-packages\starlette\middleware\base.py", line 151, in coro
    await self.app(scope, receive_or_disconnect, send_no_error)
  File "D:\nhatro\backend\venv\Lib\site-packages\starlette\middleware\base.py", line 189, in __call__
    with collapse_excgroups():
         ^^^^^^^^^^^^^^^^^^^^
  File "C:\Users\ngocson\.cache\codex-runtimes\codex-primary-runtime\dependencies\python\Lib\contextlib.py", line 158, in __exit__
    self.gen.throw(value)
  File "D:\nhatro\backend\venv\Lib\site-packages\starlette\_utils.py", line 93, in collapse_excgroups
    raise exc
  File "D:\nhatro\backend\venv\Lib\site-packages\starlette\middleware\base.py", line 191, in __call__
    response = await self.dispatch_func(request, call_next)
               ^^^^^^^^^^^^^^^^^^^^^^^^^^^^^^^^^^^^^^^^^^^^
  File "D:\nhatro\backend\app\main.py", line 93, in add_process_time
    response = await call_next(request)
               ^^^^^^^^^^^^^^^^^^^^^^^^
  File "D:\nhatro\backend\venv\Lib\site-packages\starlette\middleware\base.py", line 165, in call_next
    raise app_exc
  File "D:\nhatro\backend\venv\Lib\site-packages\starlette\middleware\base.py", line 151, in coro
    await self.app(scope, receive_or_disconnect, send_no_error)
  File "D:\nhatro\backend\venv\Lib\site-packages\starlette\middleware\base.py", line 189, in __call__
    with collapse_excgroups():
         ^^^^^^^^^^^^^^^^^^^^
  File "C:\Users\ngocson\.cache\codex-runtimes\codex-primary-runtime\dependencies\python\Lib\contextlib.py", line 158, in __exit__
    self.gen.throw(value)
  File "D:\nhatro\backend\venv\Lib\site-packages\starlette\_utils.py", line 93, in collapse_excgroups
    raise exc
  File "D:\nhatro\backend\venv\Lib\site-packages\starlette\middleware\base.py", line 191, in __call__
    response = await self.dispatch_func(request, call_next)
               ^^^^^^^^^^^^^^^^^^^^^^^^^^^^^^^^^^^^^^^^^^^^
  File "D:\nhatro\backend\app\main.py", line 86, in add_security_headers
    response = await call_next(request)
               ^^^^^^^^^^^^^^^^^^^^^^^^
  File "D:\nhatro\backend\venv\Lib\site-packages\starlette\middleware\base.py", line 165, in call_next
    raise app_exc
  File "D:\nhatro\backend\venv\Lib\site-packages\starlette\middleware\base.py", line 151, in coro
    await self.app(scope, receive_or_disconnect, send_no_error)
  File "D:\nhatro\backend\venv\Lib\site-packages\starlette\middleware\cors.py", line 85, in __call__
    await self.app(scope, receive, send)
  File "D:\nhatro\backend\venv\Lib\site-packages\starlette\middleware\exceptions.py", line 65, in __call__
    await wrap_app_handling_exceptions(self.app, conn)(scope, receive, send)
  File "D:\nhatro\backend\venv\Lib\site-packages\starlette\_exception_handler.py", line 64, in wrapped_app
    raise exc
  File "D:\nhatro\backend\venv\Lib\site-packages\starlette\_exception_handler.py", line 53, in wrapped_app
    await app(scope, receive, sender)
  File "D:\nhatro\backend\venv\Lib\site-packages\starlette\routing.py", line 756, in __call__
    await self.middleware_stack(scope, receive, send)
  File "D:\nhatro\backend\venv\Lib\site-packages\starlette\routing.py", line 776, in app
    await route.handle(scope, receive, send)
  File "D:\nhatro\backend\venv\Lib\site-packages\starlette\routing.py", line 297, in handle
    await self.app(scope, receive, send)
  File "D:\nhatro\backend\venv\Lib\site-packages\starlette\routing.py", line 77, in app
    await wrap_app_handling_exceptions(app, request)(scope, receive, send)
  File "D:\nhatro\backend\venv\Lib\site-packages\starlette\_exception_handler.py", line 75, in wrapped_app
    response = await handler(conn, exc)
               ^^^^^^^^^^^^^^^^^^^^^^^^
  File "D:\nhatro\backend\app\main.py", line 157, in validation_exception_handler
    return JSONResponse(
           ^^^^^^^^^^^^^
  File "D:\nhatro\backend\venv\Lib\site-packages\starlette\responses.py", line 184, in __init__
    super().__init__(content, status_code, headers, media_type, background)
  File "D:\nhatro\backend\venv\Lib\site-packages\starlette\responses.py", line 41, in __init__
    self.body = self.render(content)
                ^^^^^^^^^^^^^^^^^^^^
  File "D:\nhatro\backend\venv\Lib\site-packages\starlette\responses.py", line 187, in render
    return json.dumps(
           ^^^^^^^^^^^
  File "C:\Users\ngocson\.cache\codex-runtimes\codex-primary-runtime\dependencies\python\Lib\json\__init__.py", line 238, in dumps
    **kw).encode(obj)
          ^^^^^^^^^^^
  File "C:\Users\ngocson\.cache\codex-runtimes\codex-primary-runtime\dependencies\python\Lib\json\encoder.py", line 200, in encode
    chunks = self.iterencode(o, _one_shot=True)
             ^^^^^^^^^^^^^^^^^^^^^^^^^^^^^^^^^^
  File "C:\Users\ngocson\.cache\codex-runtimes\codex-primary-runtime\dependencies\python\Lib\json\encoder.py", line 258, in iterencode
    return _iterencode(o, 0)
           ^^^^^^^^^^^^^^^^^
  File "C:\Users\ngocson\.cache\codex-runtimes\codex-primary-runtime\dependencies\python\Lib\json\encoder.py", line 180, in default
    raise TypeError(f'Object of type {o.__class__.__name__} '
TypeError: Object of type ValueError is not JSON serializable
==============================================

=== VALIDATION ERROR AT POST /api/v1/auth/register ===
[{'type': 'string_type', 'loc': ('body', 'phone'), 'msg': 'Input should be a valid string', 'input': 9999999999}, {'type': 'value_error', 'loc': ('body', 'otp_code'), 'msg': 'Value error, OTP code must be 6 digits', 'input': 'John Doe', 'ctx': {'error': ValueError('OTP code must be 6 digits')}}]
==============================================

=== GLOBAL EXCEPTION HANDLER AT POST /api/v1/auth/register ===
  + Exception Group Traceback (most recent call last):
  |   File "D:\nhatro\backend\venv\Lib\site-packages\starlette\_utils.py", line 87, in collapse_excgroups
  |     yield
  |   File "D:\nhatro\backend\venv\Lib\site-packages\starlette\middleware\base.py", line 190, in __call__
  |     async with anyio.create_task_group() as task_group:
  |                ^^^^^^^^^^^^^^^^^^^^^^^^^
  |   File "D:\nhatro\backend\venv\Lib\site-packages\anyio\_backends\_asyncio.py", line 799, in __aexit__
  |     raise BaseExceptionGroup(
  | ExceptionGroup: unhandled errors in a TaskGroup (1 sub-exception)
  +-+---------------- 1 ----------------
    | Traceback (most recent call last):
    |   File "D:\nhatro\backend\venv\Lib\site-packages\starlette\middleware\errors.py", line 164, in __call__
    |     await self.app(scope, receive, _send)
    |   File "D:\nhatro\backend\venv\Lib\site-packages\starlette\middleware\base.py", line 189, in __call__
    |     with collapse_excgroups():
    |          ^^^^^^^^^^^^^^^^^^^^
    |   File "C:\Users\ngocson\.cache\codex-runtimes\codex-primary-runtime\dependencies\python\Lib\contextlib.py", line 158, in __exit__
    |     self.gen.throw(value)
    |   File "D:\nhatro\backend\venv\Lib\site-packages\starlette\_utils.py", line 93, in collapse_excgroups
    |     raise exc
    |   File "D:\nhatro\backend\venv\Lib\site-packages\starlette\middleware\base.py", line 191, in __call__
    |     response = await self.dispatch_func(request, call_next)
    |                ^^^^^^^^^^^^^^^^^^^^^^^^^^^^^^^^^^^^^^^^^^^^
    |   File "D:\nhatro\backend\app\main.py", line 127, in rate_limit_middleware
    |     return await call_next(request)
    |            ^^^^^^^^^^^^^^^^^^^^^^^^
    |   File "D:\nhatro\backend\venv\Lib\site-packages\starlette\middleware\base.py", line 165, in call_next
    |     raise app_exc
    |   File "D:\nhatro\backend\venv\Lib\site-packages\starlette\middleware\base.py", line 151, in coro
    |     await self.app(scope, receive_or_disconnect, send_no_error)
    |   File "D:\nhatro\backend\venv\Lib\site-packages\starlette\middleware\base.py", line 189, in __call__
    |     with collapse_excgroups():
    |          ^^^^^^^^^^^^^^^^^^^^
    |   File "C:\Users\ngocson\.cache\codex-runtimes\codex-primary-runtime\dependencies\python\Lib\contextlib.py", line 158, in __exit__
    |     self.gen.throw(value)
    |   File "D:\nhatro\backend\venv\Lib\site-packages\starlette\_utils.py", line 93, in collapse_excgroups
    |     raise exc
    |   File "D:\nhatro\backend\venv\Lib\site-packages\starlette\middleware\base.py", line 191, in __call__
    |     response = await self.dispatch_func(request, call_next)
    |                ^^^^^^^^^^^^^^^^^^^^^^^^^^^^^^^^^^^^^^^^^^^^
    |   File "D:\nhatro\backend\app\main.py", line 93, in add_process_time
    |     response = await call_next(request)
    |                ^^^^^^^^^^^^^^^^^^^^^^^^
    |   File "D:\nhatro\backend\venv\Lib\site-packages\starlette\middleware\base.py", line 165, in call_next
    |     raise app_exc
    |   File "D:\nhatro\backend\venv\Lib\site-packages\starlette\middleware\base.py", line 151, in coro
    |     await self.app(scope, receive_or_disconnect, send_no_error)
    |   File "D:\nhatro\backend\venv\Lib\site-packages\starlette\middleware\base.py", line 189, in __call__
    |     with collapse_excgroups():
    |          ^^^^^^^^^^^^^^^^^^^^
    |   File "C:\Users\ngocson\.cache\codex-runtimes\codex-primary-runtime\dependencies\python\Lib\contextlib.py", line 158, in __exit__
    |     self.gen.throw(value)
    |   File "D:\nhatro\backend\venv\Lib\site-packages\starlette\_utils.py", line 93, in collapse_excgroups
    |     raise exc
    |   File "D:\nhatro\backend\venv\Lib\site-packages\starlette\middleware\base.py", line 191, in __call__
    |     response = await self.dispatch_func(request, call_next)
    |                ^^^^^^^^^^^^^^^^^^^^^^^^^^^^^^^^^^^^^^^^^^^^
    |   File "D:\nhatro\backend\app\main.py", line 86, in add_security_headers
    |     response = await call_next(request)
    |                ^^^^^^^^^^^^^^^^^^^^^^^^
    |   File "D:\nhatro\backend\venv\Lib\site-packages\starlette\middleware\base.py", line 165, in call_next
    |     raise app_exc
    |   File "D:\nhatro\backend\venv\Lib\site-packages\starlette\middleware\base.py", line 151, in coro
    |     await self.app(scope, receive_or_disconnect, send_no_error)
    |   File "D:\nhatro\backend\venv\Lib\site-packages\starlette\middleware\cors.py", line 85, in __call__
    |     await self.app(scope, receive, send)
    |   File "D:\nhatro\backend\venv\Lib\site-packages\starlette\middleware\exceptions.py", line 65, in __call__
    |     await wrap_app_handling_exceptions(self.app, conn)(scope, receive, send)
    |   File "D:\nhatro\backend\venv\Lib\site-packages\starlette\_exception_handler.py", line 64, in wrapped_app
    |     raise exc
    |   File "D:\nhatro\backend\venv\Lib\site-packages\starlette\_exception_handler.py", line 53, in wrapped_app
    |     await app(scope, receive, sender)
    |   File "D:\nhatro\backend\venv\Lib\site-packages\starlette\routing.py", line 756, in __call__
    |     await self.middleware_stack(scope, receive, send)
    |   File "D:\nhatro\backend\venv\Lib\site-packages\starlette\routing.py", line 776, in app
    |     await route.handle(scope, receive, send)
    |   File "D:\nhatro\backend\venv\Lib\site-packages\starlette\routing.py", line 297, in handle
    |     await self.app(scope, receive, send)
    |   File "D:\nhatro\backend\venv\Lib\site-packages\starlette\routing.py", line 77, in app
    |     await wrap_app_handling_exceptions(app, request)(scope, receive, send)
    |   File "D:\nhatro\backend\venv\Lib\site-packages\starlette\_exception_handler.py", line 75, in wrapped_app
    |     response = await handler(conn, exc)
    |                ^^^^^^^^^^^^^^^^^^^^^^^^
    |   File "D:\nhatro\backend\app\main.py", line 157, in validation_exception_handler
    |     return JSONResponse(
    |            ^^^^^^^^^^^^^
    |   File "D:\nhatro\backend\venv\Lib\site-packages\starlette\responses.py", line 184, in __init__
    |     super().__init__(content, status_code, headers, media_type, background)
    |   File "D:\nhatro\backend\venv\Lib\site-packages\starlette\responses.py", line 41, in __init__
    |     self.body = self.render(content)
    |                 ^^^^^^^^^^^^^^^^^^^^
    |   File "D:\nhatro\backend\venv\Lib\site-packages\starlette\responses.py", line 187, in render
    |     return json.dumps(
    |            ^^^^^^^^^^^
    |   File "C:\Users\ngocson\.cache\codex-runtimes\codex-primary-runtime\dependencies\python\Lib\json\__init__.py", line 238, in dumps
    |     **kw).encode(obj)
    |           ^^^^^^^^^^^
    |   File "C:\Users\ngocson\.cache\codex-runtimes\codex-primary-runtime\dependencies\python\Lib\json\encoder.py", line 200, in encode
    |     chunks = self.iterencode(o, _one_shot=True)
    |              ^^^^^^^^^^^^^^^^^^^^^^^^^^^^^^^^^^
    |   File "C:\Users\ngocson\.cache\codex-runtimes\codex-primary-runtime\dependencies\python\Lib\json\encoder.py", line 258, in iterencode
    |     return _iterencode(o, 0)
    |            ^^^^^^^^^^^^^^^^^
    |   File "C:\Users\ngocson\.cache\codex-runtimes\codex-primary-runtime\dependencies\python\Lib\json\encoder.py", line 180, in default
    |     raise TypeError(f'Object of type {o.__class__.__name__} '
    | TypeError: Object of type ValueError is not JSON serializable
    +------------------------------------

During handling of the above exception, another exception occurred:

Traceback (most recent call last):
  File "D:\nhatro\backend\venv\Lib\site-packages\starlette\middleware\errors.py", line 164, in __call__
    await self.app(scope, receive, _send)
  File "D:\nhatro\backend\venv\Lib\site-packages\starlette\middleware\base.py", line 189, in __call__
    with collapse_excgroups():
         ^^^^^^^^^^^^^^^^^^^^
  File "C:\Users\ngocson\.cache\codex-runtimes\codex-primary-runtime\dependencies\python\Lib\contextlib.py", line 158, in __exit__
    self.gen.throw(value)
  File "D:\nhatro\backend\venv\Lib\site-packages\starlette\_utils.py", line 93, in collapse_excgroups
    raise exc
  File "D:\nhatro\backend\venv\Lib\site-packages\starlette\middleware\base.py", line 191, in __call__
    response = await self.dispatch_func(request, call_next)
               ^^^^^^^^^^^^^^^^^^^^^^^^^^^^^^^^^^^^^^^^^^^^
  File "D:\nhatro\backend\app\main.py", line 127, in rate_limit_middleware
    return await call_next(request)
           ^^^^^^^^^^^^^^^^^^^^^^^^
  File "D:\nhatro\backend\venv\Lib\site-packages\starlette\middleware\base.py", line 165, in call_next
    raise app_exc
  File "D:\nhatro\backend\venv\Lib\site-packages\starlette\middleware\base.py", line 151, in coro
    await self.app(scope, receive_or_disconnect, send_no_error)
  File "D:\nhatro\backend\venv\Lib\site-packages\starlette\middleware\base.py", line 189, in __call__
    with collapse_excgroups():
         ^^^^^^^^^^^^^^^^^^^^
  File "C:\Users\ngocson\.cache\codex-runtimes\codex-primary-runtime\dependencies\python\Lib\contextlib.py", line 158, in __exit__
    self.gen.throw(value)
  File "D:\nhatro\backend\venv\Lib\site-packages\starlette\_utils.py", line 93, in collapse_excgroups
    raise exc
  File "D:\nhatro\backend\venv\Lib\site-packages\starlette\middleware\base.py", line 191, in __call__
    response = await self.dispatch_func(request, call_next)
               ^^^^^^^^^^^^^^^^^^^^^^^^^^^^^^^^^^^^^^^^^^^^
  File "D:\nhatro\backend\app\main.py", line 93, in add_process_time
    response = await call_next(request)
               ^^^^^^^^^^^^^^^^^^^^^^^^
  File "D:\nhatro\backend\venv\Lib\site-packages\starlette\middleware\base.py", line 165, in call_next
    raise app_exc
  File "D:\nhatro\backend\venv\Lib\site-packages\starlette\middleware\base.py", line 151, in coro
    await self.app(scope, receive_or_disconnect, send_no_error)
  File "D:\nhatro\backend\venv\Lib\site-packages\starlette\middleware\base.py", line 189, in __call__
    with collapse_excgroups():
         ^^^^^^^^^^^^^^^^^^^^
  File "C:\Users\ngocson\.cache\codex-runtimes\codex-primary-runtime\dependencies\python\Lib\contextlib.py", line 158, in __exit__
    self.gen.throw(value)
  File "D:\nhatro\backend\venv\Lib\site-packages\starlette\_utils.py", line 93, in collapse_excgroups
    raise exc
  File "D:\nhatro\backend\venv\Lib\site-packages\starlette\middleware\base.py", line 191, in __call__
    response = await self.dispatch_func(request, call_next)
               ^^^^^^^^^^^^^^^^^^^^^^^^^^^^^^^^^^^^^^^^^^^^
  File "D:\nhatro\backend\app\main.py", line 86, in add_security_headers
    response = await call_next(request)
               ^^^^^^^^^^^^^^^^^^^^^^^^
  File "D:\nhatro\backend\venv\Lib\site-packages\starlette\middleware\base.py", line 165, in call_next
    raise app_exc
  File "D:\nhatro\backend\venv\Lib\site-packages\starlette\middleware\base.py", line 151, in coro
    await self.app(scope, receive_or_disconnect, send_no_error)
  File "D:\nhatro\backend\venv\Lib\site-packages\starlette\middleware\cors.py", line 85, in __call__
    await self.app(scope, receive, send)
  File "D:\nhatro\backend\venv\Lib\site-packages\starlette\middleware\exceptions.py", line 65, in __call__
    await wrap_app_handling_exceptions(self.app, conn)(scope, receive, send)
  File "D:\nhatro\backend\venv\Lib\site-packages\starlette\_exception_handler.py", line 64, in wrapped_app
    raise exc
  File "D:\nhatro\backend\venv\Lib\site-packages\starlette\_exception_handler.py", line 53, in wrapped_app
    await app(scope, receive, sender)
  File "D:\nhatro\backend\venv\Lib\site-packages\starlette\routing.py", line 756, in __call__
    await self.middleware_stack(scope, receive, send)
  File "D:\nhatro\backend\venv\Lib\site-packages\starlette\routing.py", line 776, in app
    await route.handle(scope, receive, send)
  File "D:\nhatro\backend\venv\Lib\site-packages\starlette\routing.py", line 297, in handle
    await self.app(scope, receive, send)
  File "D:\nhatro\backend\venv\Lib\site-packages\starlette\routing.py", line 77, in app
    await wrap_app_handling_exceptions(app, request)(scope, receive, send)
  File "D:\nhatro\backend\venv\Lib\site-packages\starlette\_exception_handler.py", line 75, in wrapped_app
    response = await handler(conn, exc)
               ^^^^^^^^^^^^^^^^^^^^^^^^
  File "D:\nhatro\backend\app\main.py", line 157, in validation_exception_handler
    return JSONResponse(
           ^^^^^^^^^^^^^
  File "D:\nhatro\backend\venv\Lib\site-packages\starlette\responses.py", line 184, in __init__
    super().__init__(content, status_code, headers, media_type, background)
  File "D:\nhatro\backend\venv\Lib\site-packages\starlette\responses.py", line 41, in __init__
    self.body = self.render(content)
                ^^^^^^^^^^^^^^^^^^^^
  File "D:\nhatro\backend\venv\Lib\site-packages\starlette\responses.py", line 187, in render
    return json.dumps(
           ^^^^^^^^^^^
  File "C:\Users\ngocson\.cache\codex-runtimes\codex-primary-runtime\dependencies\python\Lib\json\__init__.py", line 238, in dumps
    **kw).encode(obj)
          ^^^^^^^^^^^
  File "C:\Users\ngocson\.cache\codex-runtimes\codex-primary-runtime\dependencies\python\Lib\json\encoder.py", line 200, in encode
    chunks = self.iterencode(o, _one_shot=True)
             ^^^^^^^^^^^^^^^^^^^^^^^^^^^^^^^^^^
  File "C:\Users\ngocson\.cache\codex-runtimes\codex-primary-runtime\dependencies\python\Lib\json\encoder.py", line 258, in iterencode
    return _iterencode(o, 0)
           ^^^^^^^^^^^^^^^^^
  File "C:\Users\ngocson\.cache\codex-runtimes\codex-primary-runtime\dependencies\python\Lib\json\encoder.py", line 180, in default
    raise TypeError(f'Object of type {o.__class__.__name__} '
TypeError: Object of type ValueError is not JSON serializable
==============================================

=== VALIDATION ERROR AT POST /api/v1/auth/register ===
[{'type': 'string_type', 'loc': ('body', 'phone'), 'msg': 'Input should be a valid string', 'input': 9999999999}, {'type': 'value_error', 'loc': ('body', 'otp_code'), 'msg': 'Value error, OTP code must be 6 digits', 'input': 'John Doe', 'ctx': {'error': ValueError('OTP code must be 6 digits')}}]
==============================================

=== GLOBAL EXCEPTION HANDLER AT POST /api/v1/auth/register ===
  + Exception Group Traceback (most recent call last):
  |   File "D:\nhatro\backend\venv\Lib\site-packages\starlette\_utils.py", line 87, in collapse_excgroups
  |     yield
  |   File "D:\nhatro\backend\venv\Lib\site-packages\starlette\middleware\base.py", line 190, in __call__
  |     async with anyio.create_task_group() as task_group:
  |                ^^^^^^^^^^^^^^^^^^^^^^^^^
  |   File "D:\nhatro\backend\venv\Lib\site-packages\anyio\_backends\_asyncio.py", line 799, in __aexit__
  |     raise BaseExceptionGroup(
  | ExceptionGroup: unhandled errors in a TaskGroup (1 sub-exception)
  +-+---------------- 1 ----------------
    | Traceback (most recent call last):
    |   File "D:\nhatro\backend\venv\Lib\site-packages\starlette\middleware\errors.py", line 164, in __call__
    |     await self.app(scope, receive, _send)
    |   File "D:\nhatro\backend\venv\Lib\site-packages\starlette\middleware\base.py", line 189, in __call__
    |     with collapse_excgroups():
    |          ^^^^^^^^^^^^^^^^^^^^
    |   File "C:\Users\ngocson\.cache\codex-runtimes\codex-primary-runtime\dependencies\python\Lib\contextlib.py", line 158, in __exit__
    |     self.gen.throw(value)
    |   File "D:\nhatro\backend\venv\Lib\site-packages\starlette\_utils.py", line 93, in collapse_excgroups
    |     raise exc
    |   File "D:\nhatro\backend\venv\Lib\site-packages\starlette\middleware\base.py", line 191, in __call__
    |     response = await self.dispatch_func(request, call_next)
    |                ^^^^^^^^^^^^^^^^^^^^^^^^^^^^^^^^^^^^^^^^^^^^
    |   File "D:\nhatro\backend\app\main.py", line 127, in rate_limit_middleware
    |     return await call_next(request)
    |            ^^^^^^^^^^^^^^^^^^^^^^^^
    |   File "D:\nhatro\backend\venv\Lib\site-packages\starlette\middleware\base.py", line 165, in call_next
    |     raise app_exc
    |   File "D:\nhatro\backend\venv\Lib\site-packages\starlette\middleware\base.py", line 151, in coro
    |     await self.app(scope, receive_or_disconnect, send_no_error)
    |   File "D:\nhatro\backend\venv\Lib\site-packages\starlette\middleware\base.py", line 189, in __call__
    |     with collapse_excgroups():
    |          ^^^^^^^^^^^^^^^^^^^^
    |   File "C:\Users\ngocson\.cache\codex-runtimes\codex-primary-runtime\dependencies\python\Lib\contextlib.py", line 158, in __exit__
    |     self.gen.throw(value)
    |   File "D:\nhatro\backend\venv\Lib\site-packages\starlette\_utils.py", line 93, in collapse_excgroups
    |     raise exc
    |   File "D:\nhatro\backend\venv\Lib\site-packages\starlette\middleware\base.py", line 191, in __call__
    |     response = await self.dispatch_func(request, call_next)
    |                ^^^^^^^^^^^^^^^^^^^^^^^^^^^^^^^^^^^^^^^^^^^^
    |   File "D:\nhatro\backend\app\main.py", line 93, in add_process_time
    |     response = await call_next(request)
    |                ^^^^^^^^^^^^^^^^^^^^^^^^
    |   File "D:\nhatro\backend\venv\Lib\site-packages\starlette\middleware\base.py", line 165, in call_next
    |     raise app_exc
    |   File "D:\nhatro\backend\venv\Lib\site-packages\starlette\middleware\base.py", line 151, in coro
    |     await self.app(scope, receive_or_disconnect, send_no_error)
    |   File "D:\nhatro\backend\venv\Lib\site-packages\starlette\middleware\base.py", line 189, in __call__
    |     with collapse_excgroups():
    |          ^^^^^^^^^^^^^^^^^^^^
    |   File "C:\Users\ngocson\.cache\codex-runtimes\codex-primary-runtime\dependencies\python\Lib\contextlib.py", line 158, in __exit__
    |     self.gen.throw(value)
    |   File "D:\nhatro\backend\venv\Lib\site-packages\starlette\_utils.py", line 93, in collapse_excgroups
    |     raise exc
    |   File "D:\nhatro\backend\venv\Lib\site-packages\starlette\middleware\base.py", line 191, in __call__
    |     response = await self.dispatch_func(request, call_next)
    |                ^^^^^^^^^^^^^^^^^^^^^^^^^^^^^^^^^^^^^^^^^^^^
    |   File "D:\nhatro\backend\app\main.py", line 86, in add_security_headers
    |     response = await call_next(request)
    |                ^^^^^^^^^^^^^^^^^^^^^^^^
    |   File "D:\nhatro\backend\venv\Lib\site-packages\starlette\middleware\base.py", line 165, in call_next
    |     raise app_exc
    |   File "D:\nhatro\backend\venv\Lib\site-packages\starlette\middleware\base.py", line 151, in coro
    |     await self.app(scope, receive_or_disconnect, send_no_error)
    |   File "D:\nhatro\backend\venv\Lib\site-packages\starlette\middleware\cors.py", line 85, in __call__
    |     await self.app(scope, receive, send)
    |   File "D:\nhatro\backend\venv\Lib\site-packages\starlette\middleware\exceptions.py", line 65, in __call__
    |     await wrap_app_handling_exceptions(self.app, conn)(scope, receive, send)
    |   File "D:\nhatro\backend\venv\Lib\site-packages\starlette\_exception_handler.py", line 64, in wrapped_app
    |     raise exc
    |   File "D:\nhatro\backend\venv\Lib\site-packages\starlette\_exception_handler.py", line 53, in wrapped_app
    |     await app(scope, receive, sender)
    |   File "D:\nhatro\backend\venv\Lib\site-packages\starlette\routing.py", line 756, in __call__
    |     await self.middleware_stack(scope, receive, send)
    |   File "D:\nhatro\backend\venv\Lib\site-packages\starlette\routing.py", line 776, in app
    |     await route.handle(scope, receive, send)
    |   File "D:\nhatro\backend\venv\Lib\site-packages\starlette\routing.py", line 297, in handle
    |     await self.app(scope, receive, send)
    |   File "D:\nhatro\backend\venv\Lib\site-packages\starlette\routing.py", line 77, in app
    |     await wrap_app_handling_exceptions(app, request)(scope, receive, send)
    |   File "D:\nhatro\backend\venv\Lib\site-packages\starlette\_exception_handler.py", line 75, in wrapped_app
    |     response = await handler(conn, exc)
    |                ^^^^^^^^^^^^^^^^^^^^^^^^
    |   File "D:\nhatro\backend\app\main.py", line 157, in validation_exception_handler
    |     return JSONResponse(
    |            ^^^^^^^^^^^^^
    |   File "D:\nhatro\backend\venv\Lib\site-packages\starlette\responses.py", line 184, in __init__
    |     super().__init__(content, status_code, headers, media_type, background)
    |   File "D:\nhatro\backend\venv\Lib\site-packages\starlette\responses.py", line 41, in __init__
    |     self.body = self.render(content)
    |                 ^^^^^^^^^^^^^^^^^^^^
    |   File "D:\nhatro\backend\venv\Lib\site-packages\starlette\responses.py", line 187, in render
    |     return json.dumps(
    |            ^^^^^^^^^^^
    |   File "C:\Users\ngocson\.cache\codex-runtimes\codex-primary-runtime\dependencies\python\Lib\json\__init__.py", line 238, in dumps
    |     **kw).encode(obj)
    |           ^^^^^^^^^^^
    |   File "C:\Users\ngocson\.cache\codex-runtimes\codex-primary-runtime\dependencies\python\Lib\json\encoder.py", line 200, in encode
    |     chunks = self.iterencode(o, _one_shot=True)
    |              ^^^^^^^^^^^^^^^^^^^^^^^^^^^^^^^^^^
    |   File "C:\Users\ngocson\.cache\codex-runtimes\codex-primary-runtime\dependencies\python\Lib\json\encoder.py", line 258, in iterencode
    |     return _iterencode(o, 0)
    |            ^^^^^^^^^^^^^^^^^
    |   File "C:\Users\ngocson\.cache\codex-runtimes\codex-primary-runtime\dependencies\python\Lib\json\encoder.py", line 180, in default
    |     raise TypeError(f'Object of type {o.__class__.__name__} '
    | TypeError: Object of type ValueError is not JSON serializable
    +------------------------------------

During handling of the above exception, another exception occurred:

Traceback (most recent call last):
  File "D:\nhatro\backend\venv\Lib\site-packages\starlette\middleware\errors.py", line 164, in __call__
    await self.app(scope, receive, _send)
  File "D:\nhatro\backend\venv\Lib\site-packages\starlette\middleware\base.py", line 189, in __call__
    with collapse_excgroups():
         ^^^^^^^^^^^^^^^^^^^^
  File "C:\Users\ngocson\.cache\codex-runtimes\codex-primary-runtime\dependencies\python\Lib\contextlib.py", line 158, in __exit__
    self.gen.throw(value)
  File "D:\nhatro\backend\venv\Lib\site-packages\starlette\_utils.py", line 93, in collapse_excgroups
    raise exc
  File "D:\nhatro\backend\venv\Lib\site-packages\starlette\middleware\base.py", line 191, in __call__
    response = await self.dispatch_func(request, call_next)
               ^^^^^^^^^^^^^^^^^^^^^^^^^^^^^^^^^^^^^^^^^^^^
  File "D:\nhatro\backend\app\main.py", line 127, in rate_limit_middleware
    return await call_next(request)
           ^^^^^^^^^^^^^^^^^^^^^^^^
  File "D:\nhatro\backend\venv\Lib\site-packages\starlette\middleware\base.py", line 165, in call_next
    raise app_exc
  File "D:\nhatro\backend\venv\Lib\site-packages\starlette\middleware\base.py", line 151, in coro
    await self.app(scope, receive_or_disconnect, send_no_error)
  File "D:\nhatro\backend\venv\Lib\site-packages\starlette\middleware\base.py", line 189, in __call__
    with collapse_excgroups():
         ^^^^^^^^^^^^^^^^^^^^
  File "C:\Users\ngocson\.cache\codex-runtimes\codex-primary-runtime\dependencies\python\Lib\contextlib.py", line 158, in __exit__
    self.gen.throw(value)
  File "D:\nhatro\backend\venv\Lib\site-packages\starlette\_utils.py", line 93, in collapse_excgroups
    raise exc
  File "D:\nhatro\backend\venv\Lib\site-packages\starlette\middleware\base.py", line 191, in __call__
    response = await self.dispatch_func(request, call_next)
               ^^^^^^^^^^^^^^^^^^^^^^^^^^^^^^^^^^^^^^^^^^^^
  File "D:\nhatro\backend\app\main.py", line 93, in add_process_time
    response = await call_next(request)
               ^^^^^^^^^^^^^^^^^^^^^^^^
  File "D:\nhatro\backend\venv\Lib\site-packages\starlette\middleware\base.py", line 165, in call_next
    raise app_exc
  File "D:\nhatro\backend\venv\Lib\site-packages\starlette\middleware\base.py", line 151, in coro
    await self.app(scope, receive_or_disconnect, send_no_error)
  File "D:\nhatro\backend\venv\Lib\site-packages\starlette\middleware\base.py", line 189, in __call__
    with collapse_excgroups():
         ^^^^^^^^^^^^^^^^^^^^
  File "C:\Users\ngocson\.cache\codex-runtimes\codex-primary-runtime\dependencies\python\Lib\contextlib.py", line 158, in __exit__
    self.gen.throw(value)
  File "D:\nhatro\backend\venv\Lib\site-packages\starlette\_utils.py", line 93, in collapse_excgroups
    raise exc
  File "D:\nhatro\backend\venv\Lib\site-packages\starlette\middleware\base.py", line 191, in __call__
    response = await self.dispatch_func(request, call_next)
               ^^^^^^^^^^^^^^^^^^^^^^^^^^^^^^^^^^^^^^^^^^^^
  File "D:\nhatro\backend\app\main.py", line 86, in add_security_headers
    response = await call_next(request)
               ^^^^^^^^^^^^^^^^^^^^^^^^
  File "D:\nhatro\backend\venv\Lib\site-packages\starlette\middleware\base.py", line 165, in call_next
    raise app_exc
  File "D:\nhatro\backend\venv\Lib\site-packages\starlette\middleware\base.py", line 151, in coro
    await self.app(scope, receive_or_disconnect, send_no_error)
  File "D:\nhatro\backend\venv\Lib\site-packages\starlette\middleware\cors.py", line 85, in __call__
    await self.app(scope, receive, send)
  File "D:\nhatro\backend\venv\Lib\site-packages\starlette\middleware\exceptions.py", line 65, in __call__
    await wrap_app_handling_exceptions(self.app, conn)(scope, receive, send)
  File "D:\nhatro\backend\venv\Lib\site-packages\starlette\_exception_handler.py", line 64, in wrapped_app
    raise exc
  File "D:\nhatro\backend\venv\Lib\site-packages\starlette\_exception_handler.py", line 53, in wrapped_app
    await app(scope, receive, sender)
  File "D:\nhatro\backend\venv\Lib\site-packages\starlette\routing.py", line 756, in __call__
    await self.middleware_stack(scope, receive, send)
  File "D:\nhatro\backend\venv\Lib\site-packages\starlette\routing.py", line 776, in app
    await route.handle(scope, receive, send)
  File "D:\nhatro\backend\venv\Lib\site-packages\starlette\routing.py", line 297, in handle
    await self.app(scope, receive, send)
  File "D:\nhatro\backend\venv\Lib\site-packages\starlette\routing.py", line 77, in app
    await wrap_app_handling_exceptions(app, request)(scope, receive, send)
  File "D:\nhatro\backend\venv\Lib\site-packages\starlette\_exception_handler.py", line 75, in wrapped_app
    response = await handler(conn, exc)
               ^^^^^^^^^^^^^^^^^^^^^^^^
  File "D:\nhatro\backend\app\main.py", line 157, in validation_exception_handler
    return JSONResponse(
           ^^^^^^^^^^^^^
  File "D:\nhatro\backend\venv\Lib\site-packages\starlette\responses.py", line 184, in __init__
    super().__init__(content, status_code, headers, media_type, background)
  File "D:\nhatro\backend\venv\Lib\site-packages\starlette\responses.py", line 41, in __init__
    self.body = self.render(content)
                ^^^^^^^^^^^^^^^^^^^^
  File "D:\nhatro\backend\venv\Lib\site-packages\starlette\responses.py", line 187, in render
    return json.dumps(
           ^^^^^^^^^^^
  File "C:\Users\ngocson\.cache\codex-runtimes\codex-primary-runtime\dependencies\python\Lib\json\__init__.py", line 238, in dumps
    **kw).encode(obj)
          ^^^^^^^^^^^
  File "C:\Users\ngocson\.cache\codex-runtimes\codex-primary-runtime\dependencies\python\Lib\json\encoder.py", line 200, in encode
    chunks = self.iterencode(o, _one_shot=True)
             ^^^^^^^^^^^^^^^^^^^^^^^^^^^^^^^^^^
  File "C:\Users\ngocson\.cache\codex-runtimes\codex-primary-runtime\dependencies\python\Lib\json\encoder.py", line 258, in iterencode
    return _iterencode(o, 0)
           ^^^^^^^^^^^^^^^^^
  File "C:\Users\ngocson\.cache\codex-runtimes\codex-primary-runtime\dependencies\python\Lib\json\encoder.py", line 180, in default
    raise TypeError(f'Object of type {o.__class__.__name__} '
TypeError: Object of type ValueError is not JSON serializable
==============================================

=== VALIDATION ERROR AT POST /api/v1/auth/register ===
[{'type': 'string_type', 'loc': ('body', 'phone'), 'msg': 'Input should be a valid string', 'input': 9999999999}, {'type': 'value_error', 'loc': ('body', 'otp_code'), 'msg': 'Value error, OTP code must be 6 digits', 'input': 'John Doe', 'ctx': {'error': ValueError('OTP code must be 6 digits')}}]
==============================================

=== GLOBAL EXCEPTION HANDLER AT POST /api/v1/auth/register ===
  + Exception Group Traceback (most recent call last):
  |   File "D:\nhatro\backend\venv\Lib\site-packages\starlette\_utils.py", line 87, in collapse_excgroups
  |     yield
  |   File "D:\nhatro\backend\venv\Lib\site-packages\starlette\middleware\base.py", line 190, in __call__
  |     async with anyio.create_task_group() as task_group:
  |                ^^^^^^^^^^^^^^^^^^^^^^^^^
  |   File "D:\nhatro\backend\venv\Lib\site-packages\anyio\_backends\_asyncio.py", line 799, in __aexit__
  |     raise BaseExceptionGroup(
  | ExceptionGroup: unhandled errors in a TaskGroup (1 sub-exception)
  +-+---------------- 1 ----------------
    | Traceback (most recent call last):
    |   File "D:\nhatro\backend\venv\Lib\site-packages\starlette\middleware\errors.py", line 164, in __call__
    |     await self.app(scope, receive, _send)
    |   File "D:\nhatro\backend\venv\Lib\site-packages\starlette\middleware\base.py", line 189, in __call__
    |     with collapse_excgroups():
    |          ^^^^^^^^^^^^^^^^^^^^
    |   File "C:\Users\ngocson\.cache\codex-runtimes\codex-primary-runtime\dependencies\python\Lib\contextlib.py", line 158, in __exit__
    |     self.gen.throw(value)
    |   File "D:\nhatro\backend\venv\Lib\site-packages\starlette\_utils.py", line 93, in collapse_excgroups
    |     raise exc
    |   File "D:\nhatro\backend\venv\Lib\site-packages\starlette\middleware\base.py", line 191, in __call__
    |     response = await self.dispatch_func(request, call_next)
    |                ^^^^^^^^^^^^^^^^^^^^^^^^^^^^^^^^^^^^^^^^^^^^
    |   File "D:\nhatro\backend\app\main.py", line 127, in rate_limit_middleware
    |     return await call_next(request)
    |            ^^^^^^^^^^^^^^^^^^^^^^^^
    |   File "D:\nhatro\backend\venv\Lib\site-packages\starlette\middleware\base.py", line 165, in call_next
    |     raise app_exc
    |   File "D:\nhatro\backend\venv\Lib\site-packages\starlette\middleware\base.py", line 151, in coro
    |     await self.app(scope, receive_or_disconnect, send_no_error)
    |   File "D:\nhatro\backend\venv\Lib\site-packages\starlette\middleware\base.py", line 189, in __call__
    |     with collapse_excgroups():
    |          ^^^^^^^^^^^^^^^^^^^^
    |   File "C:\Users\ngocson\.cache\codex-runtimes\codex-primary-runtime\dependencies\python\Lib\contextlib.py", line 158, in __exit__
    |     self.gen.throw(value)
    |   File "D:\nhatro\backend\venv\Lib\site-packages\starlette\_utils.py", line 93, in collapse_excgroups
    |     raise exc
    |   File "D:\nhatro\backend\venv\Lib\site-packages\starlette\middleware\base.py", line 191, in __call__
    |     response = await self.dispatch_func(request, call_next)
    |                ^^^^^^^^^^^^^^^^^^^^^^^^^^^^^^^^^^^^^^^^^^^^
    |   File "D:\nhatro\backend\app\main.py", line 93, in add_process_time
    |     response = await call_next(request)
    |                ^^^^^^^^^^^^^^^^^^^^^^^^
    |   File "D:\nhatro\backend\venv\Lib\site-packages\starlette\middleware\base.py", line 165, in call_next
    |     raise app_exc
    |   File "D:\nhatro\backend\venv\Lib\site-packages\starlette\middleware\base.py", line 151, in coro
    |     await self.app(scope, receive_or_disconnect, send_no_error)
    |   File "D:\nhatro\backend\venv\Lib\site-packages\starlette\middleware\base.py", line 189, in __call__
    |     with collapse_excgroups():
    |          ^^^^^^^^^^^^^^^^^^^^
    |   File "C:\Users\ngocson\.cache\codex-runtimes\codex-primary-runtime\dependencies\python\Lib\contextlib.py", line 158, in __exit__
    |     self.gen.throw(value)
    |   File "D:\nhatro\backend\venv\Lib\site-packages\starlette\_utils.py", line 93, in collapse_excgroups
    |     raise exc
    |   File "D:\nhatro\backend\venv\Lib\site-packages\starlette\middleware\base.py", line 191, in __call__
    |     response = await self.dispatch_func(request, call_next)
    |                ^^^^^^^^^^^^^^^^^^^^^^^^^^^^^^^^^^^^^^^^^^^^
    |   File "D:\nhatro\backend\app\main.py", line 86, in add_security_headers
    |     response = await call_next(request)
    |                ^^^^^^^^^^^^^^^^^^^^^^^^
    |   File "D:\nhatro\backend\venv\Lib\site-packages\starlette\middleware\base.py", line 165, in call_next
    |     raise app_exc
    |   File "D:\nhatro\backend\venv\Lib\site-packages\starlette\middleware\base.py", line 151, in coro
    |     await self.app(scope, receive_or_disconnect, send_no_error)
    |   File "D:\nhatro\backend\venv\Lib\site-packages\starlette\middleware\cors.py", line 85, in __call__
    |     await self.app(scope, receive, send)
    |   File "D:\nhatro\backend\venv\Lib\site-packages\starlette\middleware\exceptions.py", line 65, in __call__
    |     await wrap_app_handling_exceptions(self.app, conn)(scope, receive, send)
    |   File "D:\nhatro\backend\venv\Lib\site-packages\starlette\_exception_handler.py", line 64, in wrapped_app
    |     raise exc
    |   File "D:\nhatro\backend\venv\Lib\site-packages\starlette\_exception_handler.py", line 53, in wrapped_app
    |     await app(scope, receive, sender)
    |   File "D:\nhatro\backend\venv\Lib\site-packages\starlette\routing.py", line 756, in __call__
    |     await self.middleware_stack(scope, receive, send)
    |   File "D:\nhatro\backend\venv\Lib\site-packages\starlette\routing.py", line 776, in app
    |     await route.handle(scope, receive, send)
    |   File "D:\nhatro\backend\venv\Lib\site-packages\starlette\routing.py", line 297, in handle
    |     await self.app(scope, receive, send)
    |   File "D:\nhatro\backend\venv\Lib\site-packages\starlette\routing.py", line 77, in app
    |     await wrap_app_handling_exceptions(app, request)(scope, receive, send)
    |   File "D:\nhatro\backend\venv\Lib\site-packages\starlette\_exception_handler.py", line 75, in wrapped_app
    |     response = await handler(conn, exc)
    |                ^^^^^^^^^^^^^^^^^^^^^^^^
    |   File "D:\nhatro\backend\app\main.py", line 157, in validation_exception_handler
    |     return JSONResponse(
    |            ^^^^^^^^^^^^^
    |   File "D:\nhatro\backend\venv\Lib\site-packages\starlette\responses.py", line 184, in __init__
    |     super().__init__(content, status_code, headers, media_type, background)
    |   File "D:\nhatro\backend\venv\Lib\site-packages\starlette\responses.py", line 41, in __init__
    |     self.body = self.render(content)
    |                 ^^^^^^^^^^^^^^^^^^^^
    |   File "D:\nhatro\backend\venv\Lib\site-packages\starlette\responses.py", line 187, in render
    |     return json.dumps(
    |            ^^^^^^^^^^^
    |   File "C:\Users\ngocson\.cache\codex-runtimes\codex-primary-runtime\dependencies\python\Lib\json\__init__.py", line 238, in dumps
    |     **kw).encode(obj)
    |           ^^^^^^^^^^^
    |   File "C:\Users\ngocson\.cache\codex-runtimes\codex-primary-runtime\dependencies\python\Lib\json\encoder.py", line 200, in encode
    |     chunks = self.iterencode(o, _one_shot=True)
    |              ^^^^^^^^^^^^^^^^^^^^^^^^^^^^^^^^^^
    |   File "C:\Users\ngocson\.cache\codex-runtimes\codex-primary-runtime\dependencies\python\Lib\json\encoder.py", line 258, in iterencode
    |     return _iterencode(o, 0)
    |            ^^^^^^^^^^^^^^^^^
    |   File "C:\Users\ngocson\.cache\codex-runtimes\codex-primary-runtime\dependencies\python\Lib\json\encoder.py", line 180, in default
    |     raise TypeError(f'Object of type {o.__class__.__name__} '
    | TypeError: Object of type ValueError is not JSON serializable
    +------------------------------------

During handling of the above exception, another exception occurred:

Traceback (most recent call last):
  File "D:\nhatro\backend\venv\Lib\site-packages\starlette\middleware\errors.py", line 164, in __call__
    await self.app(scope, receive, _send)
  File "D:\nhatro\backend\venv\Lib\site-packages\starlette\middleware\base.py", line 189, in __call__
    with collapse_excgroups():
         ^^^^^^^^^^^^^^^^^^^^
  File "C:\Users\ngocson\.cache\codex-runtimes\codex-primary-runtime\dependencies\python\Lib\contextlib.py", line 158, in __exit__
    self.gen.throw(value)
  File "D:\nhatro\backend\venv\Lib\site-packages\starlette\_utils.py", line 93, in collapse_excgroups
    raise exc
  File "D:\nhatro\backend\venv\Lib\site-packages\starlette\middleware\base.py", line 191, in __call__
    response = await self.dispatch_func(request, call_next)
               ^^^^^^^^^^^^^^^^^^^^^^^^^^^^^^^^^^^^^^^^^^^^
  File "D:\nhatro\backend\app\main.py", line 127, in rate_limit_middleware
    return await call_next(request)
           ^^^^^^^^^^^^^^^^^^^^^^^^
  File "D:\nhatro\backend\venv\Lib\site-packages\starlette\middleware\base.py", line 165, in call_next
    raise app_exc
  File "D:\nhatro\backend\venv\Lib\site-packages\starlette\middleware\base.py", line 151, in coro
    await self.app(scope, receive_or_disconnect, send_no_error)
  File "D:\nhatro\backend\venv\Lib\site-packages\starlette\middleware\base.py", line 189, in __call__
    with collapse_excgroups():
         ^^^^^^^^^^^^^^^^^^^^
  File "C:\Users\ngocson\.cache\codex-runtimes\codex-primary-runtime\dependencies\python\Lib\contextlib.py", line 158, in __exit__
    self.gen.throw(value)
  File "D:\nhatro\backend\venv\Lib\site-packages\starlette\_utils.py", line 93, in collapse_excgroups
    raise exc
  File "D:\nhatro\backend\venv\Lib\site-packages\starlette\middleware\base.py", line 191, in __call__
    response = await self.dispatch_func(request, call_next)
               ^^^^^^^^^^^^^^^^^^^^^^^^^^^^^^^^^^^^^^^^^^^^
  File "D:\nhatro\backend\app\main.py", line 93, in add_process_time
    response = await call_next(request)
               ^^^^^^^^^^^^^^^^^^^^^^^^
  File "D:\nhatro\backend\venv\Lib\site-packages\starlette\middleware\base.py", line 165, in call_next
    raise app_exc
  File "D:\nhatro\backend\venv\Lib\site-packages\starlette\middleware\base.py", line 151, in coro
    await self.app(scope, receive_or_disconnect, send_no_error)
  File "D:\nhatro\backend\venv\Lib\site-packages\starlette\middleware\base.py", line 189, in __call__
    with collapse_excgroups():
         ^^^^^^^^^^^^^^^^^^^^
  File "C:\Users\ngocson\.cache\codex-runtimes\codex-primary-runtime\dependencies\python\Lib\contextlib.py", line 158, in __exit__
    self.gen.throw(value)
  File "D:\nhatro\backend\venv\Lib\site-packages\starlette\_utils.py", line 93, in collapse_excgroups
    raise exc
  File "D:\nhatro\backend\venv\Lib\site-packages\starlette\middleware\base.py", line 191, in __call__
    response = await self.dispatch_func(request, call_next)
               ^^^^^^^^^^^^^^^^^^^^^^^^^^^^^^^^^^^^^^^^^^^^
  File "D:\nhatro\backend\app\main.py", line 86, in add_security_headers
    response = await call_next(request)
               ^^^^^^^^^^^^^^^^^^^^^^^^
  File "D:\nhatro\backend\venv\Lib\site-packages\starlette\middleware\base.py", line 165, in call_next
    raise app_exc
  File "D:\nhatro\backend\venv\Lib\site-packages\starlette\middleware\base.py", line 151, in coro
    await self.app(scope, receive_or_disconnect, send_no_error)
  File "D:\nhatro\backend\venv\Lib\site-packages\starlette\middleware\cors.py", line 85, in __call__
    await self.app(scope, receive, send)
  File "D:\nhatro\backend\venv\Lib\site-packages\starlette\middleware\exceptions.py", line 65, in __call__
    await wrap_app_handling_exceptions(self.app, conn)(scope, receive, send)
  File "D:\nhatro\backend\venv\Lib\site-packages\starlette\_exception_handler.py", line 64, in wrapped_app
    raise exc
  File "D:\nhatro\backend\venv\Lib\site-packages\starlette\_exception_handler.py", line 53, in wrapped_app
    await app(scope, receive, sender)
  File "D:\nhatro\backend\venv\Lib\site-packages\starlette\routing.py", line 756, in __call__
    await self.middleware_stack(scope, receive, send)
  File "D:\nhatro\backend\venv\Lib\site-packages\starlette\routing.py", line 776, in app
    await route.handle(scope, receive, send)
  File "D:\nhatro\backend\venv\Lib\site-packages\starlette\routing.py", line 297, in handle
    await self.app(scope, receive, send)
  File "D:\nhatro\backend\venv\Lib\site-packages\starlette\routing.py", line 77, in app
    await wrap_app_handling_exceptions(app, request)(scope, receive, send)
  File "D:\nhatro\backend\venv\Lib\site-packages\starlette\_exception_handler.py", line 75, in wrapped_app
    response = await handler(conn, exc)
               ^^^^^^^^^^^^^^^^^^^^^^^^
  File "D:\nhatro\backend\app\main.py", line 157, in validation_exception_handler
    return JSONResponse(
           ^^^^^^^^^^^^^
  File "D:\nhatro\backend\venv\Lib\site-packages\starlette\responses.py", line 184, in __init__
    super().__init__(content, status_code, headers, media_type, background)
  File "D:\nhatro\backend\venv\Lib\site-packages\starlette\responses.py", line 41, in __init__
    self.body = self.render(content)
                ^^^^^^^^^^^^^^^^^^^^
  File "D:\nhatro\backend\venv\Lib\site-packages\starlette\responses.py", line 187, in render
    return json.dumps(
           ^^^^^^^^^^^
  File "C:\Users\ngocson\.cache\codex-runtimes\codex-primary-runtime\dependencies\python\Lib\json\__init__.py", line 238, in dumps
    **kw).encode(obj)
          ^^^^^^^^^^^
  File "C:\Users\ngocson\.cache\codex-runtimes\codex-primary-runtime\dependencies\python\Lib\json\encoder.py", line 200, in encode
    chunks = self.iterencode(o, _one_shot=True)
             ^^^^^^^^^^^^^^^^^^^^^^^^^^^^^^^^^^
  File "C:\Users\ngocson\.cache\codex-runtimes\codex-primary-runtime\dependencies\python\Lib\json\encoder.py", line 258, in iterencode
    return _iterencode(o, 0)
           ^^^^^^^^^^^^^^^^^
  File "C:\Users\ngocson\.cache\codex-runtimes\codex-primary-runtime\dependencies\python\Lib\json\encoder.py", line 180, in default
    raise TypeError(f'Object of type {o.__class__.__name__} '
TypeError: Object of type ValueError is not JSON serializable
==============================================

=== VALIDATION ERROR AT GET /api/v1/webhooks/payos/check/< ===
[{'type': 'int_parsing', 'loc': ('path', 'order_code'), 'msg': 'Input should be a valid integer, unable to parse string as an integer', 'input': '<'}]
==============================================

=== GLOBAL EXCEPTION HANDLER AT GET /api/v1/auth/me ===
Traceback (most recent call last):
  File "D:\nhatro\backend\venv\Lib\site-packages\sqlalchemy\dialects\postgresql\asyncpg.py", line 514, in _prepare_and_execute
    prepared_stmt, attributes = await adapt_connection._prepare(
                                ^^^^^^^^^^^^^^^^^^^^^^^^^^^^^^^^
  File "D:\nhatro\backend\venv\Lib\site-packages\sqlalchemy\dialects\postgresql\asyncpg.py", line 747, in _prepare
    prepared_stmt = await self._connection.prepare(
                    ^^^^^^^^^^^^^^^^^^^^^^^^^^^^^^^
  File "D:\nhatro\backend\venv\Lib\site-packages\asyncpg\connection.py", line 636, in prepare
    return await self._prepare(
           ^^^^^^^^^^^^^^^^^^^^
  File "D:\nhatro\backend\venv\Lib\site-packages\asyncpg\connection.py", line 654, in _prepare
    stmt = await self._get_statement(
           ^^^^^^^^^^^^^^^^^^^^^^^^^^
  File "D:\nhatro\backend\venv\Lib\site-packages\asyncpg\connection.py", line 433, in _get_statement
    statement = await self._protocol.prepare(
                ^^^^^^^^^^^^^^^^^^^^^^^^^^^^^
  File "asyncpg\protocol\protocol.pyx", line 166, in prepare
asyncpg.exceptions.DuplicatePreparedStatementError: prepared statement "__asyncpg_stmt_37__" already exists
HINT:  
NOTE: pgbouncer with pool_mode set to "transaction" or
"statement" does not support prepared statements properly.
You have two options:

* if you are using pgbouncer for connection pooling to a
  single server, switch to the connection pool functionality
  provided by asyncpg, it is a much better option for this
  purpose;

* if you have no option of avoiding the use of pgbouncer,
  then you can set statement_cache_size to 0 when creating
  the asyncpg connection object.


The above exception was the direct cause of the following exception:

Traceback (most recent call last):
  File "D:\nhatro\backend\venv\Lib\site-packages\sqlalchemy\engine\base.py", line 1967, in _exec_single_context
    self.dialect.do_execute(
  File "D:\nhatro\backend\venv\Lib\site-packages\sqlalchemy\engine\default.py", line 924, in do_execute
    cursor.execute(statement, parameters)
  File "D:\nhatro\backend\venv\Lib\site-packages\sqlalchemy\dialects\postgresql\asyncpg.py", line 572, in execute
    self._adapt_connection.await_(
  File "D:\nhatro\backend\venv\Lib\site-packages\sqlalchemy\util\_concurrency_py3k.py", line 131, in await_only
    return current.driver.switch(awaitable)  # type: ignore[no-any-return]
           ^^^^^^^^^^^^^^^^^^^^^^^^^^^^^^^^
  File "D:\nhatro\backend\venv\Lib\site-packages\sqlalchemy\util\_concurrency_py3k.py", line 196, in greenlet_spawn
    value = await result
            ^^^^^^^^^^^^
  File "D:\nhatro\backend\venv\Lib\site-packages\sqlalchemy\dialects\postgresql\asyncpg.py", line 550, in _prepare_and_execute
    self._handle_exception(error)
  File "D:\nhatro\backend\venv\Lib\site-packages\sqlalchemy\dialects\postgresql\asyncpg.py", line 501, in _handle_exception
    self._adapt_connection._handle_exception(error)
  File "D:\nhatro\backend\venv\Lib\site-packages\sqlalchemy\dialects\postgresql\asyncpg.py", line 789, in _handle_exception
    raise translated_error from error
sqlalchemy.dialects.postgresql.asyncpg.AsyncAdapt_asyncpg_dbapi.ProgrammingError: <class 'asyncpg.exceptions.DuplicatePreparedStatementError'>: prepared statement "__asyncpg_stmt_37__" already exists
HINT:  
NOTE: pgbouncer with pool_mode set to "transaction" or
"statement" does not support prepared statements properly.
You have two options:

* if you are using pgbouncer for connection pooling to a
  single server, switch to the connection pool functionality
  provided by asyncpg, it is a much better option for this
  purpose;

* if you have no option of avoiding the use of pgbouncer,
  then you can set statement_cache_size to 0 when creating
  the asyncpg connection object.


The above exception was the direct cause of the following exception:

Traceback (most recent call last):
  File "D:\nhatro\backend\venv\Lib\site-packages\starlette\middleware\errors.py", line 164, in __call__
    await self.app(scope, receive, _send)
  File "D:\nhatro\backend\venv\Lib\site-packages\starlette\middleware\base.py", line 189, in __call__
    with collapse_excgroups():
         ^^^^^^^^^^^^^^^^^^^^
  File "C:\Users\ngocson\.cache\codex-runtimes\codex-primary-runtime\dependencies\python\Lib\contextlib.py", line 158, in __exit__
    self.gen.throw(value)
  File "D:\nhatro\backend\venv\Lib\site-packages\starlette\_utils.py", line 93, in collapse_excgroups
    raise exc
  File "D:\nhatro\backend\venv\Lib\site-packages\starlette\middleware\base.py", line 191, in __call__
    response = await self.dispatch_func(request, call_next)
               ^^^^^^^^^^^^^^^^^^^^^^^^^^^^^^^^^^^^^^^^^^^^
  File "D:\nhatro\backend\app\main.py", line 149, in rate_limit_middleware
    return await call_next(request)
           ^^^^^^^^^^^^^^^^^^^^^^^^
  File "D:\nhatro\backend\venv\Lib\site-packages\starlette\middleware\base.py", line 165, in call_next
    raise app_exc
  File "D:\nhatro\backend\venv\Lib\site-packages\starlette\middleware\base.py", line 151, in coro
    await self.app(scope, receive_or_disconnect, send_no_error)
  File "D:\nhatro\backend\venv\Lib\site-packages\starlette\middleware\base.py", line 189, in __call__
    with collapse_excgroups():
         ^^^^^^^^^^^^^^^^^^^^
  File "C:\Users\ngocson\.cache\codex-runtimes\codex-primary-runtime\dependencies\python\Lib\contextlib.py", line 158, in __exit__
    self.gen.throw(value)
  File "D:\nhatro\backend\venv\Lib\site-packages\starlette\_utils.py", line 93, in collapse_excgroups
    raise exc
  File "D:\nhatro\backend\venv\Lib\site-packages\starlette\middleware\base.py", line 191, in __call__
    response = await self.dispatch_func(request, call_next)
               ^^^^^^^^^^^^^^^^^^^^^^^^^^^^^^^^^^^^^^^^^^^^
  File "D:\nhatro\backend\app\main.py", line 115, in add_process_time
    response = await call_next(request)
               ^^^^^^^^^^^^^^^^^^^^^^^^
  File "D:\nhatro\backend\venv\Lib\site-packages\starlette\middleware\base.py", line 165, in call_next
    raise app_exc
  File "D:\nhatro\backend\venv\Lib\site-packages\starlette\middleware\base.py", line 151, in coro
    await self.app(scope, receive_or_disconnect, send_no_error)
  File "D:\nhatro\backend\venv\Lib\site-packages\starlette\middleware\base.py", line 189, in __call__
    with collapse_excgroups():
         ^^^^^^^^^^^^^^^^^^^^
  File "C:\Users\ngocson\.cache\codex-runtimes\codex-primary-runtime\dependencies\python\Lib\contextlib.py", line 158, in __exit__
    self.gen.throw(value)
  File "D:\nhatro\backend\venv\Lib\site-packages\starlette\_utils.py", line 93, in collapse_excgroups
    raise exc
  File "D:\nhatro\backend\venv\Lib\site-packages\starlette\middleware\base.py", line 191, in __call__
    response = await self.dispatch_func(request, call_next)
               ^^^^^^^^^^^^^^^^^^^^^^^^^^^^^^^^^^^^^^^^^^^^
  File "D:\nhatro\backend\app\main.py", line 108, in add_security_headers
    response = await call_next(request)
               ^^^^^^^^^^^^^^^^^^^^^^^^
  File "D:\nhatro\backend\venv\Lib\site-packages\starlette\middleware\base.py", line 165, in call_next
    raise app_exc
  File "D:\nhatro\backend\venv\Lib\site-packages\starlette\middleware\base.py", line 151, in coro
    await self.app(scope, receive_or_disconnect, send_no_error)
  File "D:\nhatro\backend\venv\Lib\site-packages\starlette\middleware\cors.py", line 93, in __call__
    await self.simple_response(scope, receive, send, request_headers=headers)
  File "D:\nhatro\backend\venv\Lib\site-packages\starlette\middleware\cors.py", line 148, in simple_response
    await self.app(scope, receive, send)
  File "D:\nhatro\backend\venv\Lib\site-packages\starlette\middleware\exceptions.py", line 65, in __call__
    await wrap_app_handling_exceptions(self.app, conn)(scope, receive, send)
  File "D:\nhatro\backend\venv\Lib\site-packages\starlette\_exception_handler.py", line 64, in wrapped_app
    raise exc
  File "D:\nhatro\backend\venv\Lib\site-packages\starlette\_exception_handler.py", line 53, in wrapped_app
    await app(scope, receive, sender)
  File "D:\nhatro\backend\venv\Lib\site-packages\starlette\routing.py", line 756, in __call__
    await self.middleware_stack(scope, receive, send)
  File "D:\nhatro\backend\venv\Lib\site-packages\starlette\routing.py", line 776, in app
    await route.handle(scope, receive, send)
  File "D:\nhatro\backend\venv\Lib\site-packages\starlette\routing.py", line 297, in handle
    await self.app(scope, receive, send)
  File "D:\nhatro\backend\venv\Lib\site-packages\starlette\routing.py", line 77, in app
    await wrap_app_handling_exceptions(app, request)(scope, receive, send)
  File "D:\nhatro\backend\venv\Lib\site-packages\starlette\_exception_handler.py", line 64, in wrapped_app
    raise exc
  File "D:\nhatro\backend\venv\Lib\site-packages\starlette\_exception_handler.py", line 53, in wrapped_app
    await app(scope, receive, sender)
  File "D:\nhatro\backend\venv\Lib\site-packages\starlette\routing.py", line 72, in app
    response = await func(request)
               ^^^^^^^^^^^^^^^^^^^
  File "D:\nhatro\backend\venv\Lib\site-packages\fastapi\routing.py", line 269, in app
    solved_result = await solve_dependencies(
                    ^^^^^^^^^^^^^^^^^^^^^^^^^
  File "D:\nhatro\backend\venv\Lib\site-packages\fastapi\dependencies\utils.py", line 600, in solve_dependencies
    solved = await call(**sub_values)
             ^^^^^^^^^^^^^^^^^^^^^^^^
  File "D:\nhatro\backend\app\api\deps.py", line 91, in get_current_user
    result = await db.execute(select(User).where(User.id == user_id, User.is_active == True))
             ^^^^^^^^^^^^^^^^^^^^^^^^^^^^^^^^^^^^^^^^^^^^^^^^^^^^^^^^^^^^^^^^^^^^^^^^^^^^^^^^
  File "D:\nhatro\backend\venv\Lib\site-packages\sqlalchemy\ext\asyncio\session.py", line 461, in execute
    result = await greenlet_spawn(
             ^^^^^^^^^^^^^^^^^^^^^
  File "D:\nhatro\backend\venv\Lib\site-packages\sqlalchemy\util\_concurrency_py3k.py", line 201, in greenlet_spawn
    result = context.throw(*sys.exc_info())
             ^^^^^^^^^^^^^^^^^^^^^^^^^^^^^^
  File "D:\nhatro\backend\venv\Lib\site-packages\sqlalchemy\orm\session.py", line 2351, in execute
    return self._execute_internal(
           ^^^^^^^^^^^^^^^^^^^^^^^
  File "D:\nhatro\backend\venv\Lib\site-packages\sqlalchemy\orm\session.py", line 2236, in _execute_internal
    result: Result[Any] = compile_state_cls.orm_execute_statement(
                          ^^^^^^^^^^^^^^^^^^^^^^^^^^^^^^^^^^^^^^^^
  File "D:\nhatro\backend\venv\Lib\site-packages\sqlalchemy\orm\context.py", line 293, in orm_execute_statement
    result = conn.execute(
             ^^^^^^^^^^^^^
  File "D:\nhatro\backend\venv\Lib\site-packages\sqlalchemy\engine\base.py", line 1418, in execute
    return meth(
           ^^^^^
  File "D:\nhatro\backend\venv\Lib\site-packages\sqlalchemy\sql\elements.py", line 515, in _execute_on_connection
    return connection._execute_clauseelement(
           ^^^^^^^^^^^^^^^^^^^^^^^^^^^^^^^^^^
  File "D:\nhatro\backend\venv\Lib\site-packages\sqlalchemy\engine\base.py", line 1640, in _execute_clauseelement
    ret = self._execute_context(
          ^^^^^^^^^^^^^^^^^^^^^^
  File "D:\nhatro\backend\venv\Lib\site-packages\sqlalchemy\engine\base.py", line 1846, in _execute_context
    return self._exec_single_context(
           ^^^^^^^^^^^^^^^^^^^^^^^^^^
  File "D:\nhatro\backend\venv\Lib\site-packages\sqlalchemy\engine\base.py", line 1986, in _exec_single_context
    self._handle_dbapi_exception(
  File "D:\nhatro\backend\venv\Lib\site-packages\sqlalchemy\engine\base.py", line 2353, in _handle_dbapi_exception
    raise sqlalchemy_exception.with_traceback(exc_info[2]) from e
  File "D:\nhatro\backend\venv\Lib\site-packages\sqlalchemy\engine\base.py", line 1967, in _exec_single_context
    self.dialect.do_execute(
  File "D:\nhatro\backend\venv\Lib\site-packages\sqlalchemy\engine\default.py", line 924, in do_execute
    cursor.execute(statement, parameters)
  File "D:\nhatro\backend\venv\Lib\site-packages\sqlalchemy\dialects\postgresql\asyncpg.py", line 572, in execute
    self._adapt_connection.await_(
  File "D:\nhatro\backend\venv\Lib\site-packages\sqlalchemy\util\_concurrency_py3k.py", line 131, in await_only
    return current.driver.switch(awaitable)  # type: ignore[no-any-return]
           ^^^^^^^^^^^^^^^^^^^^^^^^^^^^^^^^
  File "D:\nhatro\backend\venv\Lib\site-packages\sqlalchemy\util\_concurrency_py3k.py", line 196, in greenlet_spawn
    value = await result
            ^^^^^^^^^^^^
  File "D:\nhatro\backend\venv\Lib\site-packages\sqlalchemy\dialects\postgresql\asyncpg.py", line 550, in _prepare_and_execute
    self._handle_exception(error)
  File "D:\nhatro\backend\venv\Lib\site-packages\sqlalchemy\dialects\postgresql\asyncpg.py", line 501, in _handle_exception
    self._adapt_connection._handle_exception(error)
  File "D:\nhatro\backend\venv\Lib\site-packages\sqlalchemy\dialects\postgresql\asyncpg.py", line 789, in _handle_exception
    raise translated_error from error
sqlalchemy.exc.ProgrammingError: (sqlalchemy.dialects.postgresql.asyncpg.ProgrammingError) <class 'asyncpg.exceptions.DuplicatePreparedStatementError'>: prepared statement "__asyncpg_stmt_37__" already exists
HINT:  
NOTE: pgbouncer with pool_mode set to "transaction" or
"statement" does not support prepared statements properly.
You have two options:

* if you are using pgbouncer for connection pooling to a
  single server, switch to the connection pool functionality
  provided by asyncpg, it is a much better option for this
  purpose;

* if you have no option of avoiding the use of pgbouncer,
  then you can set statement_cache_size to 0 when creating
  the asyncpg connection object.

[SQL: SELECT users.id, users.email, users.hashed_password, users.full_name, users.phone, users.avatar_url, users.is_active, users.is_verified, users.role, users.created_at, users.updated_at 
FROM users 
WHERE users.id = $1::UUID AND users.is_active = true]
[parameters: ('fe883956-1f87-44f8-9564-e695d649ec3e',)]
(Background on this error at: https://sqlalche.me/e/20/f405)
==============================================

=== GLOBAL EXCEPTION HANDLER AT GET /api/v1/auth/me ===
Traceback (most recent call last):
  File "D:\nhatro\backend\venv\Lib\site-packages\sqlalchemy\dialects\postgresql\asyncpg.py", line 514, in _prepare_and_execute
    prepared_stmt, attributes = await adapt_connection._prepare(
                                ^^^^^^^^^^^^^^^^^^^^^^^^^^^^^^^^
  File "D:\nhatro\backend\venv\Lib\site-packages\sqlalchemy\dialects\postgresql\asyncpg.py", line 747, in _prepare
    prepared_stmt = await self._connection.prepare(
                    ^^^^^^^^^^^^^^^^^^^^^^^^^^^^^^^
  File "D:\nhatro\backend\venv\Lib\site-packages\asyncpg\connection.py", line 636, in prepare
    return await self._prepare(
           ^^^^^^^^^^^^^^^^^^^^
  File "D:\nhatro\backend\venv\Lib\site-packages\asyncpg\connection.py", line 654, in _prepare
    stmt = await self._get_statement(
           ^^^^^^^^^^^^^^^^^^^^^^^^^^
  File "D:\nhatro\backend\venv\Lib\site-packages\asyncpg\connection.py", line 433, in _get_statement
    statement = await self._protocol.prepare(
                ^^^^^^^^^^^^^^^^^^^^^^^^^^^^^
  File "asyncpg\protocol\protocol.pyx", line 166, in prepare
asyncpg.exceptions.DuplicatePreparedStatementError: prepared statement "__asyncpg_stmt_38__" already exists
HINT:  
NOTE: pgbouncer with pool_mode set to "transaction" or
"statement" does not support prepared statements properly.
You have two options:

* if you are using pgbouncer for connection pooling to a
  single server, switch to the connection pool functionality
  provided by asyncpg, it is a much better option for this
  purpose;

* if you have no option of avoiding the use of pgbouncer,
  then you can set statement_cache_size to 0 when creating
  the asyncpg connection object.


The above exception was the direct cause of the following exception:

Traceback (most recent call last):
  File "D:\nhatro\backend\venv\Lib\site-packages\sqlalchemy\engine\base.py", line 1967, in _exec_single_context
    self.dialect.do_execute(
  File "D:\nhatro\backend\venv\Lib\site-packages\sqlalchemy\engine\default.py", line 924, in do_execute
    cursor.execute(statement, parameters)
  File "D:\nhatro\backend\venv\Lib\site-packages\sqlalchemy\dialects\postgresql\asyncpg.py", line 572, in execute
    self._adapt_connection.await_(
  File "D:\nhatro\backend\venv\Lib\site-packages\sqlalchemy\util\_concurrency_py3k.py", line 131, in await_only
    return current.driver.switch(awaitable)  # type: ignore[no-any-return]
           ^^^^^^^^^^^^^^^^^^^^^^^^^^^^^^^^
  File "D:\nhatro\backend\venv\Lib\site-packages\sqlalchemy\util\_concurrency_py3k.py", line 196, in greenlet_spawn
    value = await result
            ^^^^^^^^^^^^
  File "D:\nhatro\backend\venv\Lib\site-packages\sqlalchemy\dialects\postgresql\asyncpg.py", line 550, in _prepare_and_execute
    self._handle_exception(error)
  File "D:\nhatro\backend\venv\Lib\site-packages\sqlalchemy\dialects\postgresql\asyncpg.py", line 501, in _handle_exception
    self._adapt_connection._handle_exception(error)
  File "D:\nhatro\backend\venv\Lib\site-packages\sqlalchemy\dialects\postgresql\asyncpg.py", line 789, in _handle_exception
    raise translated_error from error
sqlalchemy.dialects.postgresql.asyncpg.AsyncAdapt_asyncpg_dbapi.ProgrammingError: <class 'asyncpg.exceptions.DuplicatePreparedStatementError'>: prepared statement "__asyncpg_stmt_38__" already exists
HINT:  
NOTE: pgbouncer with pool_mode set to "transaction" or
"statement" does not support prepared statements properly.
You have two options:

* if you are using pgbouncer for connection pooling to a
  single server, switch to the connection pool functionality
  provided by asyncpg, it is a much better option for this
  purpose;

* if you have no option of avoiding the use of pgbouncer,
  then you can set statement_cache_size to 0 when creating
  the asyncpg connection object.


The above exception was the direct cause of the following exception:

Traceback (most recent call last):
  File "D:\nhatro\backend\venv\Lib\site-packages\starlette\middleware\errors.py", line 164, in __call__
    await self.app(scope, receive, _send)
  File "D:\nhatro\backend\venv\Lib\site-packages\starlette\middleware\base.py", line 189, in __call__
    with collapse_excgroups():
         ^^^^^^^^^^^^^^^^^^^^
  File "C:\Users\ngocson\.cache\codex-runtimes\codex-primary-runtime\dependencies\python\Lib\contextlib.py", line 158, in __exit__
    self.gen.throw(value)
  File "D:\nhatro\backend\venv\Lib\site-packages\starlette\_utils.py", line 93, in collapse_excgroups
    raise exc
  File "D:\nhatro\backend\venv\Lib\site-packages\starlette\middleware\base.py", line 191, in __call__
    response = await self.dispatch_func(request, call_next)
               ^^^^^^^^^^^^^^^^^^^^^^^^^^^^^^^^^^^^^^^^^^^^
  File "D:\nhatro\backend\app\main.py", line 149, in rate_limit_middleware
    return await call_next(request)
           ^^^^^^^^^^^^^^^^^^^^^^^^
  File "D:\nhatro\backend\venv\Lib\site-packages\starlette\middleware\base.py", line 165, in call_next
    raise app_exc
  File "D:\nhatro\backend\venv\Lib\site-packages\starlette\middleware\base.py", line 151, in coro
    await self.app(scope, receive_or_disconnect, send_no_error)
  File "D:\nhatro\backend\venv\Lib\site-packages\starlette\middleware\base.py", line 189, in __call__
    with collapse_excgroups():
         ^^^^^^^^^^^^^^^^^^^^
  File "C:\Users\ngocson\.cache\codex-runtimes\codex-primary-runtime\dependencies\python\Lib\contextlib.py", line 158, in __exit__
    self.gen.throw(value)
  File "D:\nhatro\backend\venv\Lib\site-packages\starlette\_utils.py", line 93, in collapse_excgroups
    raise exc
  File "D:\nhatro\backend\venv\Lib\site-packages\starlette\middleware\base.py", line 191, in __call__
    response = await self.dispatch_func(request, call_next)
               ^^^^^^^^^^^^^^^^^^^^^^^^^^^^^^^^^^^^^^^^^^^^
  File "D:\nhatro\backend\app\main.py", line 115, in add_process_time
    response = await call_next(request)
               ^^^^^^^^^^^^^^^^^^^^^^^^
  File "D:\nhatro\backend\venv\Lib\site-packages\starlette\middleware\base.py", line 165, in call_next
    raise app_exc
  File "D:\nhatro\backend\venv\Lib\site-packages\starlette\middleware\base.py", line 151, in coro
    await self.app(scope, receive_or_disconnect, send_no_error)
  File "D:\nhatro\backend\venv\Lib\site-packages\starlette\middleware\base.py", line 189, in __call__
    with collapse_excgroups():
         ^^^^^^^^^^^^^^^^^^^^
  File "C:\Users\ngocson\.cache\codex-runtimes\codex-primary-runtime\dependencies\python\Lib\contextlib.py", line 158, in __exit__
    self.gen.throw(value)
  File "D:\nhatro\backend\venv\Lib\site-packages\starlette\_utils.py", line 93, in collapse_excgroups
    raise exc
  File "D:\nhatro\backend\venv\Lib\site-packages\starlette\middleware\base.py", line 191, in __call__
    response = await self.dispatch_func(request, call_next)
               ^^^^^^^^^^^^^^^^^^^^^^^^^^^^^^^^^^^^^^^^^^^^
  File "D:\nhatro\backend\app\main.py", line 108, in add_security_headers
    response = await call_next(request)
               ^^^^^^^^^^^^^^^^^^^^^^^^
  File "D:\nhatro\backend\venv\Lib\site-packages\starlette\middleware\base.py", line 165, in call_next
    raise app_exc
  File "D:\nhatro\backend\venv\Lib\site-packages\starlette\middleware\base.py", line 151, in coro
    await self.app(scope, receive_or_disconnect, send_no_error)
  File "D:\nhatro\backend\venv\Lib\site-packages\starlette\middleware\cors.py", line 93, in __call__
    await self.simple_response(scope, receive, send, request_headers=headers)
  File "D:\nhatro\backend\venv\Lib\site-packages\starlette\middleware\cors.py", line 148, in simple_response
    await self.app(scope, receive, send)
  File "D:\nhatro\backend\venv\Lib\site-packages\starlette\middleware\exceptions.py", line 65, in __call__
    await wrap_app_handling_exceptions(self.app, conn)(scope, receive, send)
  File "D:\nhatro\backend\venv\Lib\site-packages\starlette\_exception_handler.py", line 64, in wrapped_app
    raise exc
  File "D:\nhatro\backend\venv\Lib\site-packages\starlette\_exception_handler.py", line 53, in wrapped_app
    await app(scope, receive, sender)
  File "D:\nhatro\backend\venv\Lib\site-packages\starlette\routing.py", line 756, in __call__
    await self.middleware_stack(scope, receive, send)
  File "D:\nhatro\backend\venv\Lib\site-packages\starlette\routing.py", line 776, in app
    await route.handle(scope, receive, send)
  File "D:\nhatro\backend\venv\Lib\site-packages\starlette\routing.py", line 297, in handle
    await self.app(scope, receive, send)
  File "D:\nhatro\backend\venv\Lib\site-packages\starlette\routing.py", line 77, in app
    await wrap_app_handling_exceptions(app, request)(scope, receive, send)
  File "D:\nhatro\backend\venv\Lib\site-packages\starlette\_exception_handler.py", line 64, in wrapped_app
    raise exc
  File "D:\nhatro\backend\venv\Lib\site-packages\starlette\_exception_handler.py", line 53, in wrapped_app
    await app(scope, receive, sender)
  File "D:\nhatro\backend\venv\Lib\site-packages\starlette\routing.py", line 72, in app
    response = await func(request)
               ^^^^^^^^^^^^^^^^^^^
  File "D:\nhatro\backend\venv\Lib\site-packages\fastapi\routing.py", line 269, in app
    solved_result = await solve_dependencies(
                    ^^^^^^^^^^^^^^^^^^^^^^^^^
  File "D:\nhatro\backend\venv\Lib\site-packages\fastapi\dependencies\utils.py", line 600, in solve_dependencies
    solved = await call(**sub_values)
             ^^^^^^^^^^^^^^^^^^^^^^^^
  File "D:\nhatro\backend\app\api\deps.py", line 91, in get_current_user
    result = await db.execute(select(User).where(User.id == user_id, User.is_active == True))
             ^^^^^^^^^^^^^^^^^^^^^^^^^^^^^^^^^^^^^^^^^^^^^^^^^^^^^^^^^^^^^^^^^^^^^^^^^^^^^^^^
  File "D:\nhatro\backend\venv\Lib\site-packages\sqlalchemy\ext\asyncio\session.py", line 461, in execute
    result = await greenlet_spawn(
             ^^^^^^^^^^^^^^^^^^^^^
  File "D:\nhatro\backend\venv\Lib\site-packages\sqlalchemy\util\_concurrency_py3k.py", line 201, in greenlet_spawn
    result = context.throw(*sys.exc_info())
             ^^^^^^^^^^^^^^^^^^^^^^^^^^^^^^
  File "D:\nhatro\backend\venv\Lib\site-packages\sqlalchemy\orm\session.py", line 2351, in execute
    return self._execute_internal(
           ^^^^^^^^^^^^^^^^^^^^^^^
  File "D:\nhatro\backend\venv\Lib\site-packages\sqlalchemy\orm\session.py", line 2236, in _execute_internal
    result: Result[Any] = compile_state_cls.orm_execute_statement(
                          ^^^^^^^^^^^^^^^^^^^^^^^^^^^^^^^^^^^^^^^^
  File "D:\nhatro\backend\venv\Lib\site-packages\sqlalchemy\orm\context.py", line 293, in orm_execute_statement
    result = conn.execute(
             ^^^^^^^^^^^^^
  File "D:\nhatro\backend\venv\Lib\site-packages\sqlalchemy\engine\base.py", line 1418, in execute
    return meth(
           ^^^^^
  File "D:\nhatro\backend\venv\Lib\site-packages\sqlalchemy\sql\elements.py", line 515, in _execute_on_connection
    return connection._execute_clauseelement(
           ^^^^^^^^^^^^^^^^^^^^^^^^^^^^^^^^^^
  File "D:\nhatro\backend\venv\Lib\site-packages\sqlalchemy\engine\base.py", line 1640, in _execute_clauseelement
    ret = self._execute_context(
          ^^^^^^^^^^^^^^^^^^^^^^
  File "D:\nhatro\backend\venv\Lib\site-packages\sqlalchemy\engine\base.py", line 1846, in _execute_context
    return self._exec_single_context(
           ^^^^^^^^^^^^^^^^^^^^^^^^^^
  File "D:\nhatro\backend\venv\Lib\site-packages\sqlalchemy\engine\base.py", line 1986, in _exec_single_context
    self._handle_dbapi_exception(
  File "D:\nhatro\backend\venv\Lib\site-packages\sqlalchemy\engine\base.py", line 2353, in _handle_dbapi_exception
    raise sqlalchemy_exception.with_traceback(exc_info[2]) from e
  File "D:\nhatro\backend\venv\Lib\site-packages\sqlalchemy\engine\base.py", line 1967, in _exec_single_context
    self.dialect.do_execute(
  File "D:\nhatro\backend\venv\Lib\site-packages\sqlalchemy\engine\default.py", line 924, in do_execute
    cursor.execute(statement, parameters)
  File "D:\nhatro\backend\venv\Lib\site-packages\sqlalchemy\dialects\postgresql\asyncpg.py", line 572, in execute
    self._adapt_connection.await_(
  File "D:\nhatro\backend\venv\Lib\site-packages\sqlalchemy\util\_concurrency_py3k.py", line 131, in await_only
    return current.driver.switch(awaitable)  # type: ignore[no-any-return]
           ^^^^^^^^^^^^^^^^^^^^^^^^^^^^^^^^
  File "D:\nhatro\backend\venv\Lib\site-packages\sqlalchemy\util\_concurrency_py3k.py", line 196, in greenlet_spawn
    value = await result
            ^^^^^^^^^^^^
  File "D:\nhatro\backend\venv\Lib\site-packages\sqlalchemy\dialects\postgresql\asyncpg.py", line 550, in _prepare_and_execute
    self._handle_exception(error)
  File "D:\nhatro\backend\venv\Lib\site-packages\sqlalchemy\dialects\postgresql\asyncpg.py", line 501, in _handle_exception
    self._adapt_connection._handle_exception(error)
  File "D:\nhatro\backend\venv\Lib\site-packages\sqlalchemy\dialects\postgresql\asyncpg.py", line 789, in _handle_exception
    raise translated_error from error
sqlalchemy.exc.ProgrammingError: (sqlalchemy.dialects.postgresql.asyncpg.ProgrammingError) <class 'asyncpg.exceptions.DuplicatePreparedStatementError'>: prepared statement "__asyncpg_stmt_38__" already exists
HINT:  
NOTE: pgbouncer with pool_mode set to "transaction" or
"statement" does not support prepared statements properly.
You have two options:

* if you are using pgbouncer for connection pooling to a
  single server, switch to the connection pool functionality
  provided by asyncpg, it is a much better option for this
  purpose;

* if you have no option of avoiding the use of pgbouncer,
  then you can set statement_cache_size to 0 when creating
  the asyncpg connection object.

[SQL: SELECT users.id, users.email, users.hashed_password, users.full_name, users.phone, users.avatar_url, users.is_active, users.is_verified, users.role, users.created_at, users.updated_at 
FROM users 
WHERE users.id = $1::UUID AND users.is_active = true]
[parameters: ('fe883956-1f87-44f8-9564-e695d649ec3e',)]
(Background on this error at: https://sqlalche.me/e/20/f405)
==============================================

=== GLOBAL EXCEPTION HANDLER AT GET /api/v1/auth/me ===
Traceback (most recent call last):
  File "D:\nhatro\backend\venv\Lib\site-packages\sqlalchemy\dialects\postgresql\asyncpg.py", line 514, in _prepare_and_execute
    prepared_stmt, attributes = await adapt_connection._prepare(
                                ^^^^^^^^^^^^^^^^^^^^^^^^^^^^^^^^
  File "D:\nhatro\backend\venv\Lib\site-packages\sqlalchemy\dialects\postgresql\asyncpg.py", line 747, in _prepare
    prepared_stmt = await self._connection.prepare(
                    ^^^^^^^^^^^^^^^^^^^^^^^^^^^^^^^
  File "D:\nhatro\backend\venv\Lib\site-packages\asyncpg\connection.py", line 636, in prepare
    return await self._prepare(
           ^^^^^^^^^^^^^^^^^^^^
  File "D:\nhatro\backend\venv\Lib\site-packages\asyncpg\connection.py", line 654, in _prepare
    stmt = await self._get_statement(
           ^^^^^^^^^^^^^^^^^^^^^^^^^^
  File "D:\nhatro\backend\venv\Lib\site-packages\asyncpg\connection.py", line 433, in _get_statement
    statement = await self._protocol.prepare(
                ^^^^^^^^^^^^^^^^^^^^^^^^^^^^^
  File "asyncpg\protocol\protocol.pyx", line 166, in prepare
asyncpg.exceptions.DuplicatePreparedStatementError: prepared statement "__asyncpg_stmt_39__" already exists
HINT:  
NOTE: pgbouncer with pool_mode set to "transaction" or
"statement" does not support prepared statements properly.
You have two options:

* if you are using pgbouncer for connection pooling to a
  single server, switch to the connection pool functionality
  provided by asyncpg, it is a much better option for this
  purpose;

* if you have no option of avoiding the use of pgbouncer,
  then you can set statement_cache_size to 0 when creating
  the asyncpg connection object.


The above exception was the direct cause of the following exception:

Traceback (most recent call last):
  File "D:\nhatro\backend\venv\Lib\site-packages\sqlalchemy\engine\base.py", line 1967, in _exec_single_context
    self.dialect.do_execute(
  File "D:\nhatro\backend\venv\Lib\site-packages\sqlalchemy\engine\default.py", line 924, in do_execute
    cursor.execute(statement, parameters)
  File "D:\nhatro\backend\venv\Lib\site-packages\sqlalchemy\dialects\postgresql\asyncpg.py", line 572, in execute
    self._adapt_connection.await_(
  File "D:\nhatro\backend\venv\Lib\site-packages\sqlalchemy\util\_concurrency_py3k.py", line 131, in await_only
    return current.driver.switch(awaitable)  # type: ignore[no-any-return]
           ^^^^^^^^^^^^^^^^^^^^^^^^^^^^^^^^
  File "D:\nhatro\backend\venv\Lib\site-packages\sqlalchemy\util\_concurrency_py3k.py", line 196, in greenlet_spawn
    value = await result
            ^^^^^^^^^^^^
  File "D:\nhatro\backend\venv\Lib\site-packages\sqlalchemy\dialects\postgresql\asyncpg.py", line 550, in _prepare_and_execute
    self._handle_exception(error)
  File "D:\nhatro\backend\venv\Lib\site-packages\sqlalchemy\dialects\postgresql\asyncpg.py", line 501, in _handle_exception
    self._adapt_connection._handle_exception(error)
  File "D:\nhatro\backend\venv\Lib\site-packages\sqlalchemy\dialects\postgresql\asyncpg.py", line 789, in _handle_exception
    raise translated_error from error
sqlalchemy.dialects.postgresql.asyncpg.AsyncAdapt_asyncpg_dbapi.ProgrammingError: <class 'asyncpg.exceptions.DuplicatePreparedStatementError'>: prepared statement "__asyncpg_stmt_39__" already exists
HINT:  
NOTE: pgbouncer with pool_mode set to "transaction" or
"statement" does not support prepared statements properly.
You have two options:

* if you are using pgbouncer for connection pooling to a
  single server, switch to the connection pool functionality
  provided by asyncpg, it is a much better option for this
  purpose;

* if you have no option of avoiding the use of pgbouncer,
  then you can set statement_cache_size to 0 when creating
  the asyncpg connection object.


The above exception was the direct cause of the following exception:

Traceback (most recent call last):
  File "D:\nhatro\backend\venv\Lib\site-packages\starlette\middleware\errors.py", line 164, in __call__
    await self.app(scope, receive, _send)
  File "D:\nhatro\backend\venv\Lib\site-packages\starlette\middleware\base.py", line 189, in __call__
    with collapse_excgroups():
         ^^^^^^^^^^^^^^^^^^^^
  File "C:\Users\ngocson\.cache\codex-runtimes\codex-primary-runtime\dependencies\python\Lib\contextlib.py", line 158, in __exit__
    self.gen.throw(value)
  File "D:\nhatro\backend\venv\Lib\site-packages\starlette\_utils.py", line 93, in collapse_excgroups
    raise exc
  File "D:\nhatro\backend\venv\Lib\site-packages\starlette\middleware\base.py", line 191, in __call__
    response = await self.dispatch_func(request, call_next)
               ^^^^^^^^^^^^^^^^^^^^^^^^^^^^^^^^^^^^^^^^^^^^
  File "D:\nhatro\backend\app\main.py", line 149, in rate_limit_middleware
    return await call_next(request)
           ^^^^^^^^^^^^^^^^^^^^^^^^
  File "D:\nhatro\backend\venv\Lib\site-packages\starlette\middleware\base.py", line 165, in call_next
    raise app_exc
  File "D:\nhatro\backend\venv\Lib\site-packages\starlette\middleware\base.py", line 151, in coro
    await self.app(scope, receive_or_disconnect, send_no_error)
  File "D:\nhatro\backend\venv\Lib\site-packages\starlette\middleware\base.py", line 189, in __call__
    with collapse_excgroups():
         ^^^^^^^^^^^^^^^^^^^^
  File "C:\Users\ngocson\.cache\codex-runtimes\codex-primary-runtime\dependencies\python\Lib\contextlib.py", line 158, in __exit__
    self.gen.throw(value)
  File "D:\nhatro\backend\venv\Lib\site-packages\starlette\_utils.py", line 93, in collapse_excgroups
    raise exc
  File "D:\nhatro\backend\venv\Lib\site-packages\starlette\middleware\base.py", line 191, in __call__
    response = await self.dispatch_func(request, call_next)
               ^^^^^^^^^^^^^^^^^^^^^^^^^^^^^^^^^^^^^^^^^^^^
  File "D:\nhatro\backend\app\main.py", line 115, in add_process_time
    response = await call_next(request)
               ^^^^^^^^^^^^^^^^^^^^^^^^
  File "D:\nhatro\backend\venv\Lib\site-packages\starlette\middleware\base.py", line 165, in call_next
    raise app_exc
  File "D:\nhatro\backend\venv\Lib\site-packages\starlette\middleware\base.py", line 151, in coro
    await self.app(scope, receive_or_disconnect, send_no_error)
  File "D:\nhatro\backend\venv\Lib\site-packages\starlette\middleware\base.py", line 189, in __call__
    with collapse_excgroups():
         ^^^^^^^^^^^^^^^^^^^^
  File "C:\Users\ngocson\.cache\codex-runtimes\codex-primary-runtime\dependencies\python\Lib\contextlib.py", line 158, in __exit__
    self.gen.throw(value)
  File "D:\nhatro\backend\venv\Lib\site-packages\starlette\_utils.py", line 93, in collapse_excgroups
    raise exc
  File "D:\nhatro\backend\venv\Lib\site-packages\starlette\middleware\base.py", line 191, in __call__
    response = await self.dispatch_func(request, call_next)
               ^^^^^^^^^^^^^^^^^^^^^^^^^^^^^^^^^^^^^^^^^^^^
  File "D:\nhatro\backend\app\main.py", line 108, in add_security_headers
    response = await call_next(request)
               ^^^^^^^^^^^^^^^^^^^^^^^^
  File "D:\nhatro\backend\venv\Lib\site-packages\starlette\middleware\base.py", line 165, in call_next
    raise app_exc
  File "D:\nhatro\backend\venv\Lib\site-packages\starlette\middleware\base.py", line 151, in coro
    await self.app(scope, receive_or_disconnect, send_no_error)
  File "D:\nhatro\backend\venv\Lib\site-packages\starlette\middleware\cors.py", line 93, in __call__
    await self.simple_response(scope, receive, send, request_headers=headers)
  File "D:\nhatro\backend\venv\Lib\site-packages\starlette\middleware\cors.py", line 148, in simple_response
    await self.app(scope, receive, send)
  File "D:\nhatro\backend\venv\Lib\site-packages\starlette\middleware\exceptions.py", line 65, in __call__
    await wrap_app_handling_exceptions(self.app, conn)(scope, receive, send)
  File "D:\nhatro\backend\venv\Lib\site-packages\starlette\_exception_handler.py", line 64, in wrapped_app
    raise exc
  File "D:\nhatro\backend\venv\Lib\site-packages\starlette\_exception_handler.py", line 53, in wrapped_app
    await app(scope, receive, sender)
  File "D:\nhatro\backend\venv\Lib\site-packages\starlette\routing.py", line 756, in __call__
    await self.middleware_stack(scope, receive, send)
  File "D:\nhatro\backend\venv\Lib\site-packages\starlette\routing.py", line 776, in app
    await route.handle(scope, receive, send)
  File "D:\nhatro\backend\venv\Lib\site-packages\starlette\routing.py", line 297, in handle
    await self.app(scope, receive, send)
  File "D:\nhatro\backend\venv\Lib\site-packages\starlette\routing.py", line 77, in app
    await wrap_app_handling_exceptions(app, request)(scope, receive, send)
  File "D:\nhatro\backend\venv\Lib\site-packages\starlette\_exception_handler.py", line 64, in wrapped_app
    raise exc
  File "D:\nhatro\backend\venv\Lib\site-packages\starlette\_exception_handler.py", line 53, in wrapped_app
    await app(scope, receive, sender)
  File "D:\nhatro\backend\venv\Lib\site-packages\starlette\routing.py", line 72, in app
    response = await func(request)
               ^^^^^^^^^^^^^^^^^^^
  File "D:\nhatro\backend\venv\Lib\site-packages\fastapi\routing.py", line 269, in app
    solved_result = await solve_dependencies(
                    ^^^^^^^^^^^^^^^^^^^^^^^^^
  File "D:\nhatro\backend\venv\Lib\site-packages\fastapi\dependencies\utils.py", line 600, in solve_dependencies
    solved = await call(**sub_values)
             ^^^^^^^^^^^^^^^^^^^^^^^^
  File "D:\nhatro\backend\app\api\deps.py", line 91, in get_current_user
    result = await db.execute(select(User).where(User.id == user_id, User.is_active == True))
             ^^^^^^^^^^^^^^^^^^^^^^^^^^^^^^^^^^^^^^^^^^^^^^^^^^^^^^^^^^^^^^^^^^^^^^^^^^^^^^^^
  File "D:\nhatro\backend\venv\Lib\site-packages\sqlalchemy\ext\asyncio\session.py", line 461, in execute
    result = await greenlet_spawn(
             ^^^^^^^^^^^^^^^^^^^^^
  File "D:\nhatro\backend\venv\Lib\site-packages\sqlalchemy\util\_concurrency_py3k.py", line 201, in greenlet_spawn
    result = context.throw(*sys.exc_info())
             ^^^^^^^^^^^^^^^^^^^^^^^^^^^^^^
  File "D:\nhatro\backend\venv\Lib\site-packages\sqlalchemy\orm\session.py", line 2351, in execute
    return self._execute_internal(
           ^^^^^^^^^^^^^^^^^^^^^^^
  File "D:\nhatro\backend\venv\Lib\site-packages\sqlalchemy\orm\session.py", line 2236, in _execute_internal
    result: Result[Any] = compile_state_cls.orm_execute_statement(
                          ^^^^^^^^^^^^^^^^^^^^^^^^^^^^^^^^^^^^^^^^
  File "D:\nhatro\backend\venv\Lib\site-packages\sqlalchemy\orm\context.py", line 293, in orm_execute_statement
    result = conn.execute(
             ^^^^^^^^^^^^^
  File "D:\nhatro\backend\venv\Lib\site-packages\sqlalchemy\engine\base.py", line 1418, in execute
    return meth(
           ^^^^^
  File "D:\nhatro\backend\venv\Lib\site-packages\sqlalchemy\sql\elements.py", line 515, in _execute_on_connection
    return connection._execute_clauseelement(
           ^^^^^^^^^^^^^^^^^^^^^^^^^^^^^^^^^^
  File "D:\nhatro\backend\venv\Lib\site-packages\sqlalchemy\engine\base.py", line 1640, in _execute_clauseelement
    ret = self._execute_context(
          ^^^^^^^^^^^^^^^^^^^^^^
  File "D:\nhatro\backend\venv\Lib\site-packages\sqlalchemy\engine\base.py", line 1846, in _execute_context
    return self._exec_single_context(
           ^^^^^^^^^^^^^^^^^^^^^^^^^^
  File "D:\nhatro\backend\venv\Lib\site-packages\sqlalchemy\engine\base.py", line 1986, in _exec_single_context
    self._handle_dbapi_exception(
  File "D:\nhatro\backend\venv\Lib\site-packages\sqlalchemy\engine\base.py", line 2353, in _handle_dbapi_exception
    raise sqlalchemy_exception.with_traceback(exc_info[2]) from e
  File "D:\nhatro\backend\venv\Lib\site-packages\sqlalchemy\engine\base.py", line 1967, in _exec_single_context
    self.dialect.do_execute(
  File "D:\nhatro\backend\venv\Lib\site-packages\sqlalchemy\engine\default.py", line 924, in do_execute
    cursor.execute(statement, parameters)
  File "D:\nhatro\backend\venv\Lib\site-packages\sqlalchemy\dialects\postgresql\asyncpg.py", line 572, in execute
    self._adapt_connection.await_(
  File "D:\nhatro\backend\venv\Lib\site-packages\sqlalchemy\util\_concurrency_py3k.py", line 131, in await_only
    return current.driver.switch(awaitable)  # type: ignore[no-any-return]
           ^^^^^^^^^^^^^^^^^^^^^^^^^^^^^^^^
  File "D:\nhatro\backend\venv\Lib\site-packages\sqlalchemy\util\_concurrency_py3k.py", line 196, in greenlet_spawn
    value = await result
            ^^^^^^^^^^^^
  File "D:\nhatro\backend\venv\Lib\site-packages\sqlalchemy\dialects\postgresql\asyncpg.py", line 550, in _prepare_and_execute
    self._handle_exception(error)
  File "D:\nhatro\backend\venv\Lib\site-packages\sqlalchemy\dialects\postgresql\asyncpg.py", line 501, in _handle_exception
    self._adapt_connection._handle_exception(error)
  File "D:\nhatro\backend\venv\Lib\site-packages\sqlalchemy\dialects\postgresql\asyncpg.py", line 789, in _handle_exception
    raise translated_error from error
sqlalchemy.exc.ProgrammingError: (sqlalchemy.dialects.postgresql.asyncpg.ProgrammingError) <class 'asyncpg.exceptions.DuplicatePreparedStatementError'>: prepared statement "__asyncpg_stmt_39__" already exists
HINT:  
NOTE: pgbouncer with pool_mode set to "transaction" or
"statement" does not support prepared statements properly.
You have two options:

* if you are using pgbouncer for connection pooling to a
  single server, switch to the connection pool functionality
  provided by asyncpg, it is a much better option for this
  purpose;

* if you have no option of avoiding the use of pgbouncer,
  then you can set statement_cache_size to 0 when creating
  the asyncpg connection object.

[SQL: SELECT users.id, users.email, users.hashed_password, users.full_name, users.phone, users.avatar_url, users.is_active, users.is_verified, users.role, users.created_at, users.updated_at 
FROM users 
WHERE users.id = $1::UUID AND users.is_active = true]
[parameters: ('fe883956-1f87-44f8-9564-e695d649ec3e',)]
(Background on this error at: https://sqlalche.me/e/20/f405)
==============================================

=== GLOBAL EXCEPTION HANDLER AT POST /api/v1/contracts/6e5bb4f0-3b77-4a72-aa22-948fa1dbdbc6/terminate-v2 ===
Traceback (most recent call last):
  File "D:\nhatro\backend\venv\Lib\site-packages\sqlalchemy\dialects\postgresql\asyncpg.py", line 514, in _prepare_and_execute
    prepared_stmt, attributes = await adapt_connection._prepare(
                                ^^^^^^^^^^^^^^^^^^^^^^^^^^^^^^^^
  File "D:\nhatro\backend\venv\Lib\site-packages\sqlalchemy\dialects\postgresql\asyncpg.py", line 747, in _prepare
    prepared_stmt = await self._connection.prepare(
                    ^^^^^^^^^^^^^^^^^^^^^^^^^^^^^^^
  File "D:\nhatro\backend\venv\Lib\site-packages\asyncpg\connection.py", line 636, in prepare
    return await self._prepare(
           ^^^^^^^^^^^^^^^^^^^^
  File "D:\nhatro\backend\venv\Lib\site-packages\asyncpg\connection.py", line 654, in _prepare
    stmt = await self._get_statement(
           ^^^^^^^^^^^^^^^^^^^^^^^^^^
  File "D:\nhatro\backend\venv\Lib\site-packages\asyncpg\connection.py", line 433, in _get_statement
    statement = await self._protocol.prepare(
                ^^^^^^^^^^^^^^^^^^^^^^^^^^^^^
  File "asyncpg\protocol\protocol.pyx", line 166, in prepare
asyncpg.exceptions.UndefinedTableError: relation "debt_records" does not exist

The above exception was the direct cause of the following exception:

Traceback (most recent call last):
  File "D:\nhatro\backend\venv\Lib\site-packages\sqlalchemy\engine\base.py", line 1967, in _exec_single_context
    self.dialect.do_execute(
  File "D:\nhatro\backend\venv\Lib\site-packages\sqlalchemy\engine\default.py", line 924, in do_execute
    cursor.execute(statement, parameters)
  File "D:\nhatro\backend\venv\Lib\site-packages\sqlalchemy\dialects\postgresql\asyncpg.py", line 572, in execute
    self._adapt_connection.await_(
  File "D:\nhatro\backend\venv\Lib\site-packages\sqlalchemy\util\_concurrency_py3k.py", line 131, in await_only
    return current.driver.switch(awaitable)  # type: ignore[no-any-return]
           ^^^^^^^^^^^^^^^^^^^^^^^^^^^^^^^^
  File "D:\nhatro\backend\venv\Lib\site-packages\sqlalchemy\util\_concurrency_py3k.py", line 196, in greenlet_spawn
    value = await result
            ^^^^^^^^^^^^
  File "D:\nhatro\backend\venv\Lib\site-packages\sqlalchemy\dialects\postgresql\asyncpg.py", line 550, in _prepare_and_execute
    self._handle_exception(error)
  File "D:\nhatro\backend\venv\Lib\site-packages\sqlalchemy\dialects\postgresql\asyncpg.py", line 501, in _handle_exception
    self._adapt_connection._handle_exception(error)
  File "D:\nhatro\backend\venv\Lib\site-packages\sqlalchemy\dialects\postgresql\asyncpg.py", line 789, in _handle_exception
    raise translated_error from error
sqlalchemy.dialects.postgresql.asyncpg.AsyncAdapt_asyncpg_dbapi.ProgrammingError: <class 'asyncpg.exceptions.UndefinedTableError'>: relation "debt_records" does not exist

The above exception was the direct cause of the following exception:

Traceback (most recent call last):
  File "D:\nhatro\backend\venv\Lib\site-packages\starlette\middleware\errors.py", line 164, in __call__
    await self.app(scope, receive, _send)
  File "D:\nhatro\backend\venv\Lib\site-packages\starlette\middleware\base.py", line 189, in __call__
    with collapse_excgroups():
         ^^^^^^^^^^^^^^^^^^^^
  File "C:\Users\ngocson\.cache\codex-runtimes\codex-primary-runtime\dependencies\python\Lib\contextlib.py", line 158, in __exit__
    self.gen.throw(value)
  File "D:\nhatro\backend\venv\Lib\site-packages\starlette\_utils.py", line 93, in collapse_excgroups
    raise exc
  File "D:\nhatro\backend\venv\Lib\site-packages\starlette\middleware\base.py", line 191, in __call__
    response = await self.dispatch_func(request, call_next)
               ^^^^^^^^^^^^^^^^^^^^^^^^^^^^^^^^^^^^^^^^^^^^
  File "D:\nhatro\backend\app\main.py", line 149, in rate_limit_middleware
    return await call_next(request)
           ^^^^^^^^^^^^^^^^^^^^^^^^
  File "D:\nhatro\backend\venv\Lib\site-packages\starlette\middleware\base.py", line 165, in call_next
    raise app_exc
  File "D:\nhatro\backend\venv\Lib\site-packages\starlette\middleware\base.py", line 151, in coro
    await self.app(scope, receive_or_disconnect, send_no_error)
  File "D:\nhatro\backend\venv\Lib\site-packages\starlette\middleware\base.py", line 189, in __call__
    with collapse_excgroups():
         ^^^^^^^^^^^^^^^^^^^^
  File "C:\Users\ngocson\.cache\codex-runtimes\codex-primary-runtime\dependencies\python\Lib\contextlib.py", line 158, in __exit__
    self.gen.throw(value)
  File "D:\nhatro\backend\venv\Lib\site-packages\starlette\_utils.py", line 93, in collapse_excgroups
    raise exc
  File "D:\nhatro\backend\venv\Lib\site-packages\starlette\middleware\base.py", line 191, in __call__
    response = await self.dispatch_func(request, call_next)
               ^^^^^^^^^^^^^^^^^^^^^^^^^^^^^^^^^^^^^^^^^^^^
  File "D:\nhatro\backend\app\main.py", line 115, in add_process_time
    response = await call_next(request)
               ^^^^^^^^^^^^^^^^^^^^^^^^
  File "D:\nhatro\backend\venv\Lib\site-packages\starlette\middleware\base.py", line 165, in call_next
    raise app_exc
  File "D:\nhatro\backend\venv\Lib\site-packages\starlette\middleware\base.py", line 151, in coro
    await self.app(scope, receive_or_disconnect, send_no_error)
  File "D:\nhatro\backend\venv\Lib\site-packages\starlette\middleware\base.py", line 189, in __call__
    with collapse_excgroups():
         ^^^^^^^^^^^^^^^^^^^^
  File "C:\Users\ngocson\.cache\codex-runtimes\codex-primary-runtime\dependencies\python\Lib\contextlib.py", line 158, in __exit__
    self.gen.throw(value)
  File "D:\nhatro\backend\venv\Lib\site-packages\starlette\_utils.py", line 93, in collapse_excgroups
    raise exc
  File "D:\nhatro\backend\venv\Lib\site-packages\starlette\middleware\base.py", line 191, in __call__
    response = await self.dispatch_func(request, call_next)
               ^^^^^^^^^^^^^^^^^^^^^^^^^^^^^^^^^^^^^^^^^^^^
  File "D:\nhatro\backend\app\main.py", line 108, in add_security_headers
    response = await call_next(request)
               ^^^^^^^^^^^^^^^^^^^^^^^^
  File "D:\nhatro\backend\venv\Lib\site-packages\starlette\middleware\base.py", line 165, in call_next
    raise app_exc
  File "D:\nhatro\backend\venv\Lib\site-packages\starlette\middleware\base.py", line 151, in coro
    await self.app(scope, receive_or_disconnect, send_no_error)
  File "D:\nhatro\backend\venv\Lib\site-packages\starlette\middleware\cors.py", line 93, in __call__
    await self.simple_response(scope, receive, send, request_headers=headers)
  File "D:\nhatro\backend\venv\Lib\site-packages\starlette\middleware\cors.py", line 148, in simple_response
    await self.app(scope, receive, send)
  File "D:\nhatro\backend\venv\Lib\site-packages\starlette\middleware\exceptions.py", line 65, in __call__
    await wrap_app_handling_exceptions(self.app, conn)(scope, receive, send)
  File "D:\nhatro\backend\venv\Lib\site-packages\starlette\_exception_handler.py", line 64, in wrapped_app
    raise exc
  File "D:\nhatro\backend\venv\Lib\site-packages\starlette\_exception_handler.py", line 53, in wrapped_app
    await app(scope, receive, sender)
  File "D:\nhatro\backend\venv\Lib\site-packages\starlette\routing.py", line 756, in __call__
    await self.middleware_stack(scope, receive, send)
  File "D:\nhatro\backend\venv\Lib\site-packages\starlette\routing.py", line 776, in app
    await route.handle(scope, receive, send)
  File "D:\nhatro\backend\venv\Lib\site-packages\starlette\routing.py", line 297, in handle
    await self.app(scope, receive, send)
  File "D:\nhatro\backend\venv\Lib\site-packages\starlette\routing.py", line 77, in app
    await wrap_app_handling_exceptions(app, request)(scope, receive, send)
  File "D:\nhatro\backend\venv\Lib\site-packages\starlette\_exception_handler.py", line 64, in wrapped_app
    raise exc
  File "D:\nhatro\backend\venv\Lib\site-packages\starlette\_exception_handler.py", line 53, in wrapped_app
    await app(scope, receive, sender)
  File "D:\nhatro\backend\venv\Lib\site-packages\starlette\routing.py", line 72, in app
    response = await func(request)
               ^^^^^^^^^^^^^^^^^^^
  File "D:\nhatro\backend\venv\Lib\site-packages\fastapi\routing.py", line 278, in app
    raw_response = await run_endpoint_function(
                   ^^^^^^^^^^^^^^^^^^^^^^^^^^^^
  File "D:\nhatro\backend\venv\Lib\site-packages\fastapi\routing.py", line 191, in run_endpoint_function
    return await dependant.call(**values)
           ^^^^^^^^^^^^^^^^^^^^^^^^^^^^^^
  File "D:\nhatro\backend\app\api\v1\endpoints\contracts.py", line 204, in terminate_contract_v2
    res = await service.execute(
          ^^^^^^^^^^^^^^^^^^^^^^
  File "D:\nhatro\backend\app\services\termination_service.py", line 179, in execute
    history = await self._create_history(
              ^^^^^^^^^^^^^^^^^^^^^^^^^^^
  File "D:\nhatro\backend\app\services\termination_service.py", line 516, in _create_history
    await self.db.flush()
  File "D:\nhatro\backend\venv\Lib\site-packages\sqlalchemy\ext\asyncio\session.py", line 800, in flush
    await greenlet_spawn(self.sync_session.flush, objects=objects)
  File "D:\nhatro\backend\venv\Lib\site-packages\sqlalchemy\util\_concurrency_py3k.py", line 203, in greenlet_spawn
    result = context.switch(value)
             ^^^^^^^^^^^^^^^^^^^^^
  File "D:\nhatro\backend\venv\Lib\site-packages\sqlalchemy\orm\session.py", line 4341, in flush
    self._flush(objects)
  File "D:\nhatro\backend\venv\Lib\site-packages\sqlalchemy\orm\session.py", line 4476, in _flush
    with util.safe_reraise():
         ^^^^^^^^^^^^^^^^^^^
  File "D:\nhatro\backend\venv\Lib\site-packages\sqlalchemy\util\langhelpers.py", line 146, in __exit__
    raise exc_value.with_traceback(exc_tb)
  File "D:\nhatro\backend\venv\Lib\site-packages\sqlalchemy\orm\session.py", line 4437, in _flush
    flush_context.execute()
  File "D:\nhatro\backend\venv\Lib\site-packages\sqlalchemy\orm\unitofwork.py", line 466, in execute
    rec.execute(self)
  File "D:\nhatro\backend\venv\Lib\site-packages\sqlalchemy\orm\unitofwork.py", line 642, in execute
    util.preloaded.orm_persistence.save_obj(
  File "D:\nhatro\backend\venv\Lib\site-packages\sqlalchemy\orm\persistence.py", line 93, in save_obj
    _emit_insert_statements(
  File "D:\nhatro\backend\venv\Lib\site-packages\sqlalchemy\orm\persistence.py", line 1233, in _emit_insert_statements
    result = connection.execute(
             ^^^^^^^^^^^^^^^^^^^
  File "D:\nhatro\backend\venv\Lib\site-packages\sqlalchemy\engine\base.py", line 1418, in execute
    return meth(
           ^^^^^
  File "D:\nhatro\backend\venv\Lib\site-packages\sqlalchemy\sql\elements.py", line 515, in _execute_on_connection
    return connection._execute_clauseelement(
           ^^^^^^^^^^^^^^^^^^^^^^^^^^^^^^^^^^
  File "D:\nhatro\backend\venv\Lib\site-packages\sqlalchemy\engine\base.py", line 1640, in _execute_clauseelement
    ret = self._execute_context(
          ^^^^^^^^^^^^^^^^^^^^^^
  File "D:\nhatro\backend\venv\Lib\site-packages\sqlalchemy\engine\base.py", line 1846, in _execute_context
    return self._exec_single_context(
           ^^^^^^^^^^^^^^^^^^^^^^^^^^
  File "D:\nhatro\backend\venv\Lib\site-packages\sqlalchemy\engine\base.py", line 1986, in _exec_single_context
    self._handle_dbapi_exception(
  File "D:\nhatro\backend\venv\Lib\site-packages\sqlalchemy\engine\base.py", line 2353, in _handle_dbapi_exception
    raise sqlalchemy_exception.with_traceback(exc_info[2]) from e
  File "D:\nhatro\backend\venv\Lib\site-packages\sqlalchemy\engine\base.py", line 1967, in _exec_single_context
    self.dialect.do_execute(
  File "D:\nhatro\backend\venv\Lib\site-packages\sqlalchemy\engine\default.py", line 924, in do_execute
    cursor.execute(statement, parameters)
  File "D:\nhatro\backend\venv\Lib\site-packages\sqlalchemy\dialects\postgresql\asyncpg.py", line 572, in execute
    self._adapt_connection.await_(
  File "D:\nhatro\backend\venv\Lib\site-packages\sqlalchemy\util\_concurrency_py3k.py", line 131, in await_only
    return current.driver.switch(awaitable)  # type: ignore[no-any-return]
           ^^^^^^^^^^^^^^^^^^^^^^^^^^^^^^^^
  File "D:\nhatro\backend\venv\Lib\site-packages\sqlalchemy\util\_concurrency_py3k.py", line 196, in greenlet_spawn
    value = await result
            ^^^^^^^^^^^^
  File "D:\nhatro\backend\venv\Lib\site-packages\sqlalchemy\dialects\postgresql\asyncpg.py", line 550, in _prepare_and_execute
    self._handle_exception(error)
  File "D:\nhatro\backend\venv\Lib\site-packages\sqlalchemy\dialects\postgresql\asyncpg.py", line 501, in _handle_exception
    self._adapt_connection._handle_exception(error)
  File "D:\nhatro\backend\venv\Lib\site-packages\sqlalchemy\dialects\postgresql\asyncpg.py", line 789, in _handle_exception
    raise translated_error from error
sqlalchemy.exc.ProgrammingError: (sqlalchemy.dialects.postgresql.asyncpg.ProgrammingError) <class 'asyncpg.exceptions.UndefinedTableError'>: relation "debt_records" does not exist
[SQL: INSERT INTO debt_records (id, organization_id, contract_id, tenant_id, invoice_id, amount, status, risk_flag, note, updated_at) VALUES ($1::UUID, $2::UUID, $3::UUID, $4::UUID, $5::UUID, $6::BIGINT, $7::debtstatus, $8::BOOLEAN, $9::VARCHAR, $10::TIMESTAMP WITH TIME ZONE) RETURNING debt_records.created_at]
[parameters: ('5290d5d8-c5c5-4f1e-b723-a8cafaf41c7b', 'b9b6fe0a-d0d7-4ac3-9b53-5f8482c293a2', '6e5bb4f0-3b77-4a72-aa22-948fa1dbdbc6', 'd0e33ca2-a97c-45ec-bcdb-c0b44e6c17f8', '72c28b33-03e6-44e5-85d1-b8e253cb6def', 4000000, 'OPEN', False, 'Debt created from termination workflow', None)]
(Background on this error at: https://sqlalche.me/e/20/f405)
==============================================

=== GLOBAL EXCEPTION HANDLER AT POST /api/v1/contracts/6e5bb4f0-3b77-4a72-aa22-948fa1dbdbc6/terminate-v2 ===
Traceback (most recent call last):
  File "D:\nhatro\backend\venv\Lib\site-packages\sqlalchemy\dialects\postgresql\asyncpg.py", line 514, in _prepare_and_execute
    prepared_stmt, attributes = await adapt_connection._prepare(
                                ^^^^^^^^^^^^^^^^^^^^^^^^^^^^^^^^
  File "D:\nhatro\backend\venv\Lib\site-packages\sqlalchemy\dialects\postgresql\asyncpg.py", line 747, in _prepare
    prepared_stmt = await self._connection.prepare(
                    ^^^^^^^^^^^^^^^^^^^^^^^^^^^^^^^
  File "D:\nhatro\backend\venv\Lib\site-packages\asyncpg\connection.py", line 636, in prepare
    return await self._prepare(
           ^^^^^^^^^^^^^^^^^^^^
  File "D:\nhatro\backend\venv\Lib\site-packages\asyncpg\connection.py", line 654, in _prepare
    stmt = await self._get_statement(
           ^^^^^^^^^^^^^^^^^^^^^^^^^^
  File "D:\nhatro\backend\venv\Lib\site-packages\asyncpg\connection.py", line 433, in _get_statement
    statement = await self._protocol.prepare(
                ^^^^^^^^^^^^^^^^^^^^^^^^^^^^^
  File "asyncpg\protocol\protocol.pyx", line 166, in prepare
asyncpg.exceptions.UndefinedTableError: relation "debt_records" does not exist

The above exception was the direct cause of the following exception:

Traceback (most recent call last):
  File "D:\nhatro\backend\venv\Lib\site-packages\sqlalchemy\engine\base.py", line 1967, in _exec_single_context
    self.dialect.do_execute(
  File "D:\nhatro\backend\venv\Lib\site-packages\sqlalchemy\engine\default.py", line 924, in do_execute
    cursor.execute(statement, parameters)
  File "D:\nhatro\backend\venv\Lib\site-packages\sqlalchemy\dialects\postgresql\asyncpg.py", line 572, in execute
    self._adapt_connection.await_(
  File "D:\nhatro\backend\venv\Lib\site-packages\sqlalchemy\util\_concurrency_py3k.py", line 131, in await_only
    return current.driver.switch(awaitable)  # type: ignore[no-any-return]
           ^^^^^^^^^^^^^^^^^^^^^^^^^^^^^^^^
  File "D:\nhatro\backend\venv\Lib\site-packages\sqlalchemy\util\_concurrency_py3k.py", line 196, in greenlet_spawn
    value = await result
            ^^^^^^^^^^^^
  File "D:\nhatro\backend\venv\Lib\site-packages\sqlalchemy\dialects\postgresql\asyncpg.py", line 550, in _prepare_and_execute
    self._handle_exception(error)
  File "D:\nhatro\backend\venv\Lib\site-packages\sqlalchemy\dialects\postgresql\asyncpg.py", line 501, in _handle_exception
    self._adapt_connection._handle_exception(error)
  File "D:\nhatro\backend\venv\Lib\site-packages\sqlalchemy\dialects\postgresql\asyncpg.py", line 789, in _handle_exception
    raise translated_error from error
sqlalchemy.dialects.postgresql.asyncpg.AsyncAdapt_asyncpg_dbapi.ProgrammingError: <class 'asyncpg.exceptions.UndefinedTableError'>: relation "debt_records" does not exist

The above exception was the direct cause of the following exception:

Traceback (most recent call last):
  File "D:\nhatro\backend\venv\Lib\site-packages\starlette\middleware\errors.py", line 164, in __call__
    await self.app(scope, receive, _send)
  File "D:\nhatro\backend\venv\Lib\site-packages\starlette\middleware\base.py", line 189, in __call__
    with collapse_excgroups():
         ^^^^^^^^^^^^^^^^^^^^
  File "C:\Users\ngocson\.cache\codex-runtimes\codex-primary-runtime\dependencies\python\Lib\contextlib.py", line 158, in __exit__
    self.gen.throw(value)
  File "D:\nhatro\backend\venv\Lib\site-packages\starlette\_utils.py", line 93, in collapse_excgroups
    raise exc
  File "D:\nhatro\backend\venv\Lib\site-packages\starlette\middleware\base.py", line 191, in __call__
    response = await self.dispatch_func(request, call_next)
               ^^^^^^^^^^^^^^^^^^^^^^^^^^^^^^^^^^^^^^^^^^^^
  File "D:\nhatro\backend\app\main.py", line 149, in rate_limit_middleware
    return await call_next(request)
           ^^^^^^^^^^^^^^^^^^^^^^^^
  File "D:\nhatro\backend\venv\Lib\site-packages\starlette\middleware\base.py", line 165, in call_next
    raise app_exc
  File "D:\nhatro\backend\venv\Lib\site-packages\starlette\middleware\base.py", line 151, in coro
    await self.app(scope, receive_or_disconnect, send_no_error)
  File "D:\nhatro\backend\venv\Lib\site-packages\starlette\middleware\base.py", line 189, in __call__
    with collapse_excgroups():
         ^^^^^^^^^^^^^^^^^^^^
  File "C:\Users\ngocson\.cache\codex-runtimes\codex-primary-runtime\dependencies\python\Lib\contextlib.py", line 158, in __exit__
    self.gen.throw(value)
  File "D:\nhatro\backend\venv\Lib\site-packages\starlette\_utils.py", line 93, in collapse_excgroups
    raise exc
  File "D:\nhatro\backend\venv\Lib\site-packages\starlette\middleware\base.py", line 191, in __call__
    response = await self.dispatch_func(request, call_next)
               ^^^^^^^^^^^^^^^^^^^^^^^^^^^^^^^^^^^^^^^^^^^^
  File "D:\nhatro\backend\app\main.py", line 115, in add_process_time
    response = await call_next(request)
               ^^^^^^^^^^^^^^^^^^^^^^^^
  File "D:\nhatro\backend\venv\Lib\site-packages\starlette\middleware\base.py", line 165, in call_next
    raise app_exc
  File "D:\nhatro\backend\venv\Lib\site-packages\starlette\middleware\base.py", line 151, in coro
    await self.app(scope, receive_or_disconnect, send_no_error)
  File "D:\nhatro\backend\venv\Lib\site-packages\starlette\middleware\base.py", line 189, in __call__
    with collapse_excgroups():
         ^^^^^^^^^^^^^^^^^^^^
  File "C:\Users\ngocson\.cache\codex-runtimes\codex-primary-runtime\dependencies\python\Lib\contextlib.py", line 158, in __exit__
    self.gen.throw(value)
  File "D:\nhatro\backend\venv\Lib\site-packages\starlette\_utils.py", line 93, in collapse_excgroups
    raise exc
  File "D:\nhatro\backend\venv\Lib\site-packages\starlette\middleware\base.py", line 191, in __call__
    response = await self.dispatch_func(request, call_next)
               ^^^^^^^^^^^^^^^^^^^^^^^^^^^^^^^^^^^^^^^^^^^^
  File "D:\nhatro\backend\app\main.py", line 108, in add_security_headers
    response = await call_next(request)
               ^^^^^^^^^^^^^^^^^^^^^^^^
  File "D:\nhatro\backend\venv\Lib\site-packages\starlette\middleware\base.py", line 165, in call_next
    raise app_exc
  File "D:\nhatro\backend\venv\Lib\site-packages\starlette\middleware\base.py", line 151, in coro
    await self.app(scope, receive_or_disconnect, send_no_error)
  File "D:\nhatro\backend\venv\Lib\site-packages\starlette\middleware\cors.py", line 93, in __call__
    await self.simple_response(scope, receive, send, request_headers=headers)
  File "D:\nhatro\backend\venv\Lib\site-packages\starlette\middleware\cors.py", line 148, in simple_response
    await self.app(scope, receive, send)
  File "D:\nhatro\backend\venv\Lib\site-packages\starlette\middleware\exceptions.py", line 65, in __call__
    await wrap_app_handling_exceptions(self.app, conn)(scope, receive, send)
  File "D:\nhatro\backend\venv\Lib\site-packages\starlette\_exception_handler.py", line 64, in wrapped_app
    raise exc
  File "D:\nhatro\backend\venv\Lib\site-packages\starlette\_exception_handler.py", line 53, in wrapped_app
    await app(scope, receive, sender)
  File "D:\nhatro\backend\venv\Lib\site-packages\starlette\routing.py", line 756, in __call__
    await self.middleware_stack(scope, receive, send)
  File "D:\nhatro\backend\venv\Lib\site-packages\starlette\routing.py", line 776, in app
    await route.handle(scope, receive, send)
  File "D:\nhatro\backend\venv\Lib\site-packages\starlette\routing.py", line 297, in handle
    await self.app(scope, receive, send)
  File "D:\nhatro\backend\venv\Lib\site-packages\starlette\routing.py", line 77, in app
    await wrap_app_handling_exceptions(app, request)(scope, receive, send)
  File "D:\nhatro\backend\venv\Lib\site-packages\starlette\_exception_handler.py", line 64, in wrapped_app
    raise exc
  File "D:\nhatro\backend\venv\Lib\site-packages\starlette\_exception_handler.py", line 53, in wrapped_app
    await app(scope, receive, sender)
  File "D:\nhatro\backend\venv\Lib\site-packages\starlette\routing.py", line 72, in app
    response = await func(request)
               ^^^^^^^^^^^^^^^^^^^
  File "D:\nhatro\backend\venv\Lib\site-packages\fastapi\routing.py", line 278, in app
    raw_response = await run_endpoint_function(
                   ^^^^^^^^^^^^^^^^^^^^^^^^^^^^
  File "D:\nhatro\backend\venv\Lib\site-packages\fastapi\routing.py", line 191, in run_endpoint_function
    return await dependant.call(**values)
           ^^^^^^^^^^^^^^^^^^^^^^^^^^^^^^
  File "D:\nhatro\backend\app\api\v1\endpoints\contracts.py", line 204, in terminate_contract_v2
    res = await service.execute(
          ^^^^^^^^^^^^^^^^^^^^^^
  File "D:\nhatro\backend\app\services\termination_service.py", line 179, in execute
    history = await self._create_history(
              ^^^^^^^^^^^^^^^^^^^^^^^^^^^
  File "D:\nhatro\backend\app\services\termination_service.py", line 516, in _create_history
    await self.db.flush()
  File "D:\nhatro\backend\venv\Lib\site-packages\sqlalchemy\ext\asyncio\session.py", line 800, in flush
    await greenlet_spawn(self.sync_session.flush, objects=objects)
  File "D:\nhatro\backend\venv\Lib\site-packages\sqlalchemy\util\_concurrency_py3k.py", line 203, in greenlet_spawn
    result = context.switch(value)
             ^^^^^^^^^^^^^^^^^^^^^
  File "D:\nhatro\backend\venv\Lib\site-packages\sqlalchemy\orm\session.py", line 4341, in flush
    self._flush(objects)
  File "D:\nhatro\backend\venv\Lib\site-packages\sqlalchemy\orm\session.py", line 4476, in _flush
    with util.safe_reraise():
         ^^^^^^^^^^^^^^^^^^^
  File "D:\nhatro\backend\venv\Lib\site-packages\sqlalchemy\util\langhelpers.py", line 146, in __exit__
    raise exc_value.with_traceback(exc_tb)
  File "D:\nhatro\backend\venv\Lib\site-packages\sqlalchemy\orm\session.py", line 4437, in _flush
    flush_context.execute()
  File "D:\nhatro\backend\venv\Lib\site-packages\sqlalchemy\orm\unitofwork.py", line 466, in execute
    rec.execute(self)
  File "D:\nhatro\backend\venv\Lib\site-packages\sqlalchemy\orm\unitofwork.py", line 642, in execute
    util.preloaded.orm_persistence.save_obj(
  File "D:\nhatro\backend\venv\Lib\site-packages\sqlalchemy\orm\persistence.py", line 93, in save_obj
    _emit_insert_statements(
  File "D:\nhatro\backend\venv\Lib\site-packages\sqlalchemy\orm\persistence.py", line 1233, in _emit_insert_statements
    result = connection.execute(
             ^^^^^^^^^^^^^^^^^^^
  File "D:\nhatro\backend\venv\Lib\site-packages\sqlalchemy\engine\base.py", line 1418, in execute
    return meth(
           ^^^^^
  File "D:\nhatro\backend\venv\Lib\site-packages\sqlalchemy\sql\elements.py", line 515, in _execute_on_connection
    return connection._execute_clauseelement(
           ^^^^^^^^^^^^^^^^^^^^^^^^^^^^^^^^^^
  File "D:\nhatro\backend\venv\Lib\site-packages\sqlalchemy\engine\base.py", line 1640, in _execute_clauseelement
    ret = self._execute_context(
          ^^^^^^^^^^^^^^^^^^^^^^
  File "D:\nhatro\backend\venv\Lib\site-packages\sqlalchemy\engine\base.py", line 1846, in _execute_context
    return self._exec_single_context(
           ^^^^^^^^^^^^^^^^^^^^^^^^^^
  File "D:\nhatro\backend\venv\Lib\site-packages\sqlalchemy\engine\base.py", line 1986, in _exec_single_context
    self._handle_dbapi_exception(
  File "D:\nhatro\backend\venv\Lib\site-packages\sqlalchemy\engine\base.py", line 2353, in _handle_dbapi_exception
    raise sqlalchemy_exception.with_traceback(exc_info[2]) from e
  File "D:\nhatro\backend\venv\Lib\site-packages\sqlalchemy\engine\base.py", line 1967, in _exec_single_context
    self.dialect.do_execute(
  File "D:\nhatro\backend\venv\Lib\site-packages\sqlalchemy\engine\default.py", line 924, in do_execute
    cursor.execute(statement, parameters)
  File "D:\nhatro\backend\venv\Lib\site-packages\sqlalchemy\dialects\postgresql\asyncpg.py", line 572, in execute
    self._adapt_connection.await_(
  File "D:\nhatro\backend\venv\Lib\site-packages\sqlalchemy\util\_concurrency_py3k.py", line 131, in await_only
    return current.driver.switch(awaitable)  # type: ignore[no-any-return]
           ^^^^^^^^^^^^^^^^^^^^^^^^^^^^^^^^
  File "D:\nhatro\backend\venv\Lib\site-packages\sqlalchemy\util\_concurrency_py3k.py", line 196, in greenlet_spawn
    value = await result
            ^^^^^^^^^^^^
  File "D:\nhatro\backend\venv\Lib\site-packages\sqlalchemy\dialects\postgresql\asyncpg.py", line 550, in _prepare_and_execute
    self._handle_exception(error)
  File "D:\nhatro\backend\venv\Lib\site-packages\sqlalchemy\dialects\postgresql\asyncpg.py", line 501, in _handle_exception
    self._adapt_connection._handle_exception(error)
  File "D:\nhatro\backend\venv\Lib\site-packages\sqlalchemy\dialects\postgresql\asyncpg.py", line 789, in _handle_exception
    raise translated_error from error
sqlalchemy.exc.ProgrammingError: (sqlalchemy.dialects.postgresql.asyncpg.ProgrammingError) <class 'asyncpg.exceptions.UndefinedTableError'>: relation "debt_records" does not exist
[SQL: INSERT INTO debt_records (id, organization_id, contract_id, tenant_id, invoice_id, amount, status, risk_flag, note, updated_at) VALUES ($1::UUID, $2::UUID, $3::UUID, $4::UUID, $5::UUID, $6::BIGINT, $7::debtstatus, $8::BOOLEAN, $9::VARCHAR, $10::TIMESTAMP WITH TIME ZONE) RETURNING debt_records.created_at]
[parameters: ('bb9662ba-d6ee-4c2f-9e06-ca7c83cfda5b', 'b9b6fe0a-d0d7-4ac3-9b53-5f8482c293a2', '6e5bb4f0-3b77-4a72-aa22-948fa1dbdbc6', 'd0e33ca2-a97c-45ec-bcdb-c0b44e6c17f8', 'ff2f45c4-45df-40e8-8d9e-d51860ab9746', 4000000, 'OPEN', False, 'Debt created from termination workflow', None)]
(Background on this error at: https://sqlalche.me/e/20/f405)
==============================================

=== GLOBAL EXCEPTION HANDLER AT POST /api/v1/contracts/6e5bb4f0-3b77-4a72-aa22-948fa1dbdbc6/terminate-v2 ===
Traceback (most recent call last):
  File "D:\nhatro\backend\venv\Lib\site-packages\sqlalchemy\dialects\postgresql\asyncpg.py", line 514, in _prepare_and_execute
    prepared_stmt, attributes = await adapt_connection._prepare(
                                ^^^^^^^^^^^^^^^^^^^^^^^^^^^^^^^^
  File "D:\nhatro\backend\venv\Lib\site-packages\sqlalchemy\dialects\postgresql\asyncpg.py", line 747, in _prepare
    prepared_stmt = await self._connection.prepare(
                    ^^^^^^^^^^^^^^^^^^^^^^^^^^^^^^^
  File "D:\nhatro\backend\venv\Lib\site-packages\asyncpg\connection.py", line 636, in prepare
    return await self._prepare(
           ^^^^^^^^^^^^^^^^^^^^
  File "D:\nhatro\backend\venv\Lib\site-packages\asyncpg\connection.py", line 654, in _prepare
    stmt = await self._get_statement(
           ^^^^^^^^^^^^^^^^^^^^^^^^^^
  File "D:\nhatro\backend\venv\Lib\site-packages\asyncpg\connection.py", line 433, in _get_statement
    statement = await self._protocol.prepare(
                ^^^^^^^^^^^^^^^^^^^^^^^^^^^^^
  File "asyncpg\protocol\protocol.pyx", line 166, in prepare
asyncpg.exceptions.UndefinedTableError: relation "debt_records" does not exist

The above exception was the direct cause of the following exception:

Traceback (most recent call last):
  File "D:\nhatro\backend\venv\Lib\site-packages\sqlalchemy\engine\base.py", line 1967, in _exec_single_context
    self.dialect.do_execute(
  File "D:\nhatro\backend\venv\Lib\site-packages\sqlalchemy\engine\default.py", line 924, in do_execute
    cursor.execute(statement, parameters)
  File "D:\nhatro\backend\venv\Lib\site-packages\sqlalchemy\dialects\postgresql\asyncpg.py", line 572, in execute
    self._adapt_connection.await_(
  File "D:\nhatro\backend\venv\Lib\site-packages\sqlalchemy\util\_concurrency_py3k.py", line 131, in await_only
    return current.driver.switch(awaitable)  # type: ignore[no-any-return]
           ^^^^^^^^^^^^^^^^^^^^^^^^^^^^^^^^
  File "D:\nhatro\backend\venv\Lib\site-packages\sqlalchemy\util\_concurrency_py3k.py", line 196, in greenlet_spawn
    value = await result
            ^^^^^^^^^^^^
  File "D:\nhatro\backend\venv\Lib\site-packages\sqlalchemy\dialects\postgresql\asyncpg.py", line 550, in _prepare_and_execute
    self._handle_exception(error)
  File "D:\nhatro\backend\venv\Lib\site-packages\sqlalchemy\dialects\postgresql\asyncpg.py", line 501, in _handle_exception
    self._adapt_connection._handle_exception(error)
  File "D:\nhatro\backend\venv\Lib\site-packages\sqlalchemy\dialects\postgresql\asyncpg.py", line 789, in _handle_exception
    raise translated_error from error
sqlalchemy.dialects.postgresql.asyncpg.AsyncAdapt_asyncpg_dbapi.ProgrammingError: <class 'asyncpg.exceptions.UndefinedTableError'>: relation "debt_records" does not exist

The above exception was the direct cause of the following exception:

Traceback (most recent call last):
  File "D:\nhatro\backend\venv\Lib\site-packages\starlette\middleware\errors.py", line 164, in __call__
    await self.app(scope, receive, _send)
  File "D:\nhatro\backend\venv\Lib\site-packages\starlette\middleware\base.py", line 189, in __call__
    with collapse_excgroups():
         ^^^^^^^^^^^^^^^^^^^^
  File "C:\Users\ngocson\.cache\codex-runtimes\codex-primary-runtime\dependencies\python\Lib\contextlib.py", line 158, in __exit__
    self.gen.throw(value)
  File "D:\nhatro\backend\venv\Lib\site-packages\starlette\_utils.py", line 93, in collapse_excgroups
    raise exc
  File "D:\nhatro\backend\venv\Lib\site-packages\starlette\middleware\base.py", line 191, in __call__
    response = await self.dispatch_func(request, call_next)
               ^^^^^^^^^^^^^^^^^^^^^^^^^^^^^^^^^^^^^^^^^^^^
  File "D:\nhatro\backend\app\main.py", line 149, in rate_limit_middleware
    return await call_next(request)
           ^^^^^^^^^^^^^^^^^^^^^^^^
  File "D:\nhatro\backend\venv\Lib\site-packages\starlette\middleware\base.py", line 165, in call_next
    raise app_exc
  File "D:\nhatro\backend\venv\Lib\site-packages\starlette\middleware\base.py", line 151, in coro
    await self.app(scope, receive_or_disconnect, send_no_error)
  File "D:\nhatro\backend\venv\Lib\site-packages\starlette\middleware\base.py", line 189, in __call__
    with collapse_excgroups():
         ^^^^^^^^^^^^^^^^^^^^
  File "C:\Users\ngocson\.cache\codex-runtimes\codex-primary-runtime\dependencies\python\Lib\contextlib.py", line 158, in __exit__
    self.gen.throw(value)
  File "D:\nhatro\backend\venv\Lib\site-packages\starlette\_utils.py", line 93, in collapse_excgroups
    raise exc
  File "D:\nhatro\backend\venv\Lib\site-packages\starlette\middleware\base.py", line 191, in __call__
    response = await self.dispatch_func(request, call_next)
               ^^^^^^^^^^^^^^^^^^^^^^^^^^^^^^^^^^^^^^^^^^^^
  File "D:\nhatro\backend\app\main.py", line 115, in add_process_time
    response = await call_next(request)
               ^^^^^^^^^^^^^^^^^^^^^^^^
  File "D:\nhatro\backend\venv\Lib\site-packages\starlette\middleware\base.py", line 165, in call_next
    raise app_exc
  File "D:\nhatro\backend\venv\Lib\site-packages\starlette\middleware\base.py", line 151, in coro
    await self.app(scope, receive_or_disconnect, send_no_error)
  File "D:\nhatro\backend\venv\Lib\site-packages\starlette\middleware\base.py", line 189, in __call__
    with collapse_excgroups():
         ^^^^^^^^^^^^^^^^^^^^
  File "C:\Users\ngocson\.cache\codex-runtimes\codex-primary-runtime\dependencies\python\Lib\contextlib.py", line 158, in __exit__
    self.gen.throw(value)
  File "D:\nhatro\backend\venv\Lib\site-packages\starlette\_utils.py", line 93, in collapse_excgroups
    raise exc
  File "D:\nhatro\backend\venv\Lib\site-packages\starlette\middleware\base.py", line 191, in __call__
    response = await self.dispatch_func(request, call_next)
               ^^^^^^^^^^^^^^^^^^^^^^^^^^^^^^^^^^^^^^^^^^^^
  File "D:\nhatro\backend\app\main.py", line 108, in add_security_headers
    response = await call_next(request)
               ^^^^^^^^^^^^^^^^^^^^^^^^
  File "D:\nhatro\backend\venv\Lib\site-packages\starlette\middleware\base.py", line 165, in call_next
    raise app_exc
  File "D:\nhatro\backend\venv\Lib\site-packages\starlette\middleware\base.py", line 151, in coro
    await self.app(scope, receive_or_disconnect, send_no_error)
  File "D:\nhatro\backend\venv\Lib\site-packages\starlette\middleware\cors.py", line 93, in __call__
    await self.simple_response(scope, receive, send, request_headers=headers)
  File "D:\nhatro\backend\venv\Lib\site-packages\starlette\middleware\cors.py", line 148, in simple_response
    await self.app(scope, receive, send)
  File "D:\nhatro\backend\venv\Lib\site-packages\starlette\middleware\exceptions.py", line 65, in __call__
    await wrap_app_handling_exceptions(self.app, conn)(scope, receive, send)
  File "D:\nhatro\backend\venv\Lib\site-packages\starlette\_exception_handler.py", line 64, in wrapped_app
    raise exc
  File "D:\nhatro\backend\venv\Lib\site-packages\starlette\_exception_handler.py", line 53, in wrapped_app
    await app(scope, receive, sender)
  File "D:\nhatro\backend\venv\Lib\site-packages\starlette\routing.py", line 756, in __call__
    await self.middleware_stack(scope, receive, send)
  File "D:\nhatro\backend\venv\Lib\site-packages\starlette\routing.py", line 776, in app
    await route.handle(scope, receive, send)
  File "D:\nhatro\backend\venv\Lib\site-packages\starlette\routing.py", line 297, in handle
    await self.app(scope, receive, send)
  File "D:\nhatro\backend\venv\Lib\site-packages\starlette\routing.py", line 77, in app
    await wrap_app_handling_exceptions(app, request)(scope, receive, send)
  File "D:\nhatro\backend\venv\Lib\site-packages\starlette\_exception_handler.py", line 64, in wrapped_app
    raise exc
  File "D:\nhatro\backend\venv\Lib\site-packages\starlette\_exception_handler.py", line 53, in wrapped_app
    await app(scope, receive, sender)
  File "D:\nhatro\backend\venv\Lib\site-packages\starlette\routing.py", line 72, in app
    response = await func(request)
               ^^^^^^^^^^^^^^^^^^^
  File "D:\nhatro\backend\venv\Lib\site-packages\fastapi\routing.py", line 278, in app
    raw_response = await run_endpoint_function(
                   ^^^^^^^^^^^^^^^^^^^^^^^^^^^^
  File "D:\nhatro\backend\venv\Lib\site-packages\fastapi\routing.py", line 191, in run_endpoint_function
    return await dependant.call(**values)
           ^^^^^^^^^^^^^^^^^^^^^^^^^^^^^^
  File "D:\nhatro\backend\app\api\v1\endpoints\contracts.py", line 204, in terminate_contract_v2
    res = await service.execute(
          ^^^^^^^^^^^^^^^^^^^^^^
  File "D:\nhatro\backend\app\services\termination_service.py", line 179, in execute
    history = await self._create_history(
              ^^^^^^^^^^^^^^^^^^^^^^^^^^^
  File "D:\nhatro\backend\app\services\termination_service.py", line 516, in _create_history
    await self.db.flush()
  File "D:\nhatro\backend\venv\Lib\site-packages\sqlalchemy\ext\asyncio\session.py", line 800, in flush
    await greenlet_spawn(self.sync_session.flush, objects=objects)
  File "D:\nhatro\backend\venv\Lib\site-packages\sqlalchemy\util\_concurrency_py3k.py", line 203, in greenlet_spawn
    result = context.switch(value)
             ^^^^^^^^^^^^^^^^^^^^^
  File "D:\nhatro\backend\venv\Lib\site-packages\sqlalchemy\orm\session.py", line 4341, in flush
    self._flush(objects)
  File "D:\nhatro\backend\venv\Lib\site-packages\sqlalchemy\orm\session.py", line 4476, in _flush
    with util.safe_reraise():
         ^^^^^^^^^^^^^^^^^^^
  File "D:\nhatro\backend\venv\Lib\site-packages\sqlalchemy\util\langhelpers.py", line 146, in __exit__
    raise exc_value.with_traceback(exc_tb)
  File "D:\nhatro\backend\venv\Lib\site-packages\sqlalchemy\orm\session.py", line 4437, in _flush
    flush_context.execute()
  File "D:\nhatro\backend\venv\Lib\site-packages\sqlalchemy\orm\unitofwork.py", line 466, in execute
    rec.execute(self)
  File "D:\nhatro\backend\venv\Lib\site-packages\sqlalchemy\orm\unitofwork.py", line 642, in execute
    util.preloaded.orm_persistence.save_obj(
  File "D:\nhatro\backend\venv\Lib\site-packages\sqlalchemy\orm\persistence.py", line 93, in save_obj
    _emit_insert_statements(
  File "D:\nhatro\backend\venv\Lib\site-packages\sqlalchemy\orm\persistence.py", line 1233, in _emit_insert_statements
    result = connection.execute(
             ^^^^^^^^^^^^^^^^^^^
  File "D:\nhatro\backend\venv\Lib\site-packages\sqlalchemy\engine\base.py", line 1418, in execute
    return meth(
           ^^^^^
  File "D:\nhatro\backend\venv\Lib\site-packages\sqlalchemy\sql\elements.py", line 515, in _execute_on_connection
    return connection._execute_clauseelement(
           ^^^^^^^^^^^^^^^^^^^^^^^^^^^^^^^^^^
  File "D:\nhatro\backend\venv\Lib\site-packages\sqlalchemy\engine\base.py", line 1640, in _execute_clauseelement
    ret = self._execute_context(
          ^^^^^^^^^^^^^^^^^^^^^^
  File "D:\nhatro\backend\venv\Lib\site-packages\sqlalchemy\engine\base.py", line 1846, in _execute_context
    return self._exec_single_context(
           ^^^^^^^^^^^^^^^^^^^^^^^^^^
  File "D:\nhatro\backend\venv\Lib\site-packages\sqlalchemy\engine\base.py", line 1986, in _exec_single_context
    self._handle_dbapi_exception(
  File "D:\nhatro\backend\venv\Lib\site-packages\sqlalchemy\engine\base.py", line 2353, in _handle_dbapi_exception
    raise sqlalchemy_exception.with_traceback(exc_info[2]) from e
  File "D:\nhatro\backend\venv\Lib\site-packages\sqlalchemy\engine\base.py", line 1967, in _exec_single_context
    self.dialect.do_execute(
  File "D:\nhatro\backend\venv\Lib\site-packages\sqlalchemy\engine\default.py", line 924, in do_execute
    cursor.execute(statement, parameters)
  File "D:\nhatro\backend\venv\Lib\site-packages\sqlalchemy\dialects\postgresql\asyncpg.py", line 572, in execute
    self._adapt_connection.await_(
  File "D:\nhatro\backend\venv\Lib\site-packages\sqlalchemy\util\_concurrency_py3k.py", line 131, in await_only
    return current.driver.switch(awaitable)  # type: ignore[no-any-return]
           ^^^^^^^^^^^^^^^^^^^^^^^^^^^^^^^^
  File "D:\nhatro\backend\venv\Lib\site-packages\sqlalchemy\util\_concurrency_py3k.py", line 196, in greenlet_spawn
    value = await result
            ^^^^^^^^^^^^
  File "D:\nhatro\backend\venv\Lib\site-packages\sqlalchemy\dialects\postgresql\asyncpg.py", line 550, in _prepare_and_execute
    self._handle_exception(error)
  File "D:\nhatro\backend\venv\Lib\site-packages\sqlalchemy\dialects\postgresql\asyncpg.py", line 501, in _handle_exception
    self._adapt_connection._handle_exception(error)
  File "D:\nhatro\backend\venv\Lib\site-packages\sqlalchemy\dialects\postgresql\asyncpg.py", line 789, in _handle_exception
    raise translated_error from error
sqlalchemy.exc.ProgrammingError: (sqlalchemy.dialects.postgresql.asyncpg.ProgrammingError) <class 'asyncpg.exceptions.UndefinedTableError'>: relation "debt_records" does not exist
[SQL: INSERT INTO debt_records (id, organization_id, contract_id, tenant_id, invoice_id, amount, status, risk_flag, note, updated_at) VALUES ($1::UUID, $2::UUID, $3::UUID, $4::UUID, $5::UUID, $6::BIGINT, $7::debtstatus, $8::BOOLEAN, $9::VARCHAR, $10::TIMESTAMP WITH TIME ZONE) RETURNING debt_records.created_at]
[parameters: ('624b62fa-7210-4da9-bc32-c158f061298a', 'b9b6fe0a-d0d7-4ac3-9b53-5f8482c293a2', '6e5bb4f0-3b77-4a72-aa22-948fa1dbdbc6', 'd0e33ca2-a97c-45ec-bcdb-c0b44e6c17f8', '17b0f2ca-4f56-449d-a56f-4ebeed09236a', 4000000, 'OPEN', False, 'Debt created from termination workflow', None)]
(Background on this error at: https://sqlalche.me/e/20/f405)
==============================================

=== GLOBAL EXCEPTION HANDLER AT POST /api/v1/contracts/6e5bb4f0-3b77-4a72-aa22-948fa1dbdbc6/terminate-v2 ===
Traceback (most recent call last):
  File "D:\nhatro\backend\venv\Lib\site-packages\sqlalchemy\dialects\postgresql\asyncpg.py", line 514, in _prepare_and_execute
    prepared_stmt, attributes = await adapt_connection._prepare(
                                ^^^^^^^^^^^^^^^^^^^^^^^^^^^^^^^^
  File "D:\nhatro\backend\venv\Lib\site-packages\sqlalchemy\dialects\postgresql\asyncpg.py", line 747, in _prepare
    prepared_stmt = await self._connection.prepare(
                    ^^^^^^^^^^^^^^^^^^^^^^^^^^^^^^^
  File "D:\nhatro\backend\venv\Lib\site-packages\asyncpg\connection.py", line 636, in prepare
    return await self._prepare(
           ^^^^^^^^^^^^^^^^^^^^
  File "D:\nhatro\backend\venv\Lib\site-packages\asyncpg\connection.py", line 654, in _prepare
    stmt = await self._get_statement(
           ^^^^^^^^^^^^^^^^^^^^^^^^^^
  File "D:\nhatro\backend\venv\Lib\site-packages\asyncpg\connection.py", line 433, in _get_statement
    statement = await self._protocol.prepare(
                ^^^^^^^^^^^^^^^^^^^^^^^^^^^^^
  File "asyncpg\protocol\protocol.pyx", line 166, in prepare
asyncpg.exceptions.UndefinedTableError: relation "debt_records" does not exist

The above exception was the direct cause of the following exception:

Traceback (most recent call last):
  File "D:\nhatro\backend\venv\Lib\site-packages\sqlalchemy\engine\base.py", line 1967, in _exec_single_context
    self.dialect.do_execute(
  File "D:\nhatro\backend\venv\Lib\site-packages\sqlalchemy\engine\default.py", line 924, in do_execute
    cursor.execute(statement, parameters)
  File "D:\nhatro\backend\venv\Lib\site-packages\sqlalchemy\dialects\postgresql\asyncpg.py", line 572, in execute
    self._adapt_connection.await_(
  File "D:\nhatro\backend\venv\Lib\site-packages\sqlalchemy\util\_concurrency_py3k.py", line 131, in await_only
    return current.driver.switch(awaitable)  # type: ignore[no-any-return]
           ^^^^^^^^^^^^^^^^^^^^^^^^^^^^^^^^
  File "D:\nhatro\backend\venv\Lib\site-packages\sqlalchemy\util\_concurrency_py3k.py", line 196, in greenlet_spawn
    value = await result
            ^^^^^^^^^^^^
  File "D:\nhatro\backend\venv\Lib\site-packages\sqlalchemy\dialects\postgresql\asyncpg.py", line 550, in _prepare_and_execute
    self._handle_exception(error)
  File "D:\nhatro\backend\venv\Lib\site-packages\sqlalchemy\dialects\postgresql\asyncpg.py", line 501, in _handle_exception
    self._adapt_connection._handle_exception(error)
  File "D:\nhatro\backend\venv\Lib\site-packages\sqlalchemy\dialects\postgresql\asyncpg.py", line 789, in _handle_exception
    raise translated_error from error
sqlalchemy.dialects.postgresql.asyncpg.AsyncAdapt_asyncpg_dbapi.ProgrammingError: <class 'asyncpg.exceptions.UndefinedTableError'>: relation "debt_records" does not exist

The above exception was the direct cause of the following exception:

Traceback (most recent call last):
  File "D:\nhatro\backend\venv\Lib\site-packages\starlette\middleware\errors.py", line 164, in __call__
    await self.app(scope, receive, _send)
  File "D:\nhatro\backend\venv\Lib\site-packages\starlette\middleware\base.py", line 189, in __call__
    with collapse_excgroups():
         ^^^^^^^^^^^^^^^^^^^^
  File "C:\Users\ngocson\.cache\codex-runtimes\codex-primary-runtime\dependencies\python\Lib\contextlib.py", line 158, in __exit__
    self.gen.throw(value)
  File "D:\nhatro\backend\venv\Lib\site-packages\starlette\_utils.py", line 93, in collapse_excgroups
    raise exc
  File "D:\nhatro\backend\venv\Lib\site-packages\starlette\middleware\base.py", line 191, in __call__
    response = await self.dispatch_func(request, call_next)
               ^^^^^^^^^^^^^^^^^^^^^^^^^^^^^^^^^^^^^^^^^^^^
  File "D:\nhatro\backend\app\main.py", line 149, in rate_limit_middleware
    return await call_next(request)
           ^^^^^^^^^^^^^^^^^^^^^^^^
  File "D:\nhatro\backend\venv\Lib\site-packages\starlette\middleware\base.py", line 165, in call_next
    raise app_exc
  File "D:\nhatro\backend\venv\Lib\site-packages\starlette\middleware\base.py", line 151, in coro
    await self.app(scope, receive_or_disconnect, send_no_error)
  File "D:\nhatro\backend\venv\Lib\site-packages\starlette\middleware\base.py", line 189, in __call__
    with collapse_excgroups():
         ^^^^^^^^^^^^^^^^^^^^
  File "C:\Users\ngocson\.cache\codex-runtimes\codex-primary-runtime\dependencies\python\Lib\contextlib.py", line 158, in __exit__
    self.gen.throw(value)
  File "D:\nhatro\backend\venv\Lib\site-packages\starlette\_utils.py", line 93, in collapse_excgroups
    raise exc
  File "D:\nhatro\backend\venv\Lib\site-packages\starlette\middleware\base.py", line 191, in __call__
    response = await self.dispatch_func(request, call_next)
               ^^^^^^^^^^^^^^^^^^^^^^^^^^^^^^^^^^^^^^^^^^^^
  File "D:\nhatro\backend\app\main.py", line 115, in add_process_time
    response = await call_next(request)
               ^^^^^^^^^^^^^^^^^^^^^^^^
  File "D:\nhatro\backend\venv\Lib\site-packages\starlette\middleware\base.py", line 165, in call_next
    raise app_exc
  File "D:\nhatro\backend\venv\Lib\site-packages\starlette\middleware\base.py", line 151, in coro
    await self.app(scope, receive_or_disconnect, send_no_error)
  File "D:\nhatro\backend\venv\Lib\site-packages\starlette\middleware\base.py", line 189, in __call__
    with collapse_excgroups():
         ^^^^^^^^^^^^^^^^^^^^
  File "C:\Users\ngocson\.cache\codex-runtimes\codex-primary-runtime\dependencies\python\Lib\contextlib.py", line 158, in __exit__
    self.gen.throw(value)
  File "D:\nhatro\backend\venv\Lib\site-packages\starlette\_utils.py", line 93, in collapse_excgroups
    raise exc
  File "D:\nhatro\backend\venv\Lib\site-packages\starlette\middleware\base.py", line 191, in __call__
    response = await self.dispatch_func(request, call_next)
               ^^^^^^^^^^^^^^^^^^^^^^^^^^^^^^^^^^^^^^^^^^^^
  File "D:\nhatro\backend\app\main.py", line 108, in add_security_headers
    response = await call_next(request)
               ^^^^^^^^^^^^^^^^^^^^^^^^
  File "D:\nhatro\backend\venv\Lib\site-packages\starlette\middleware\base.py", line 165, in call_next
    raise app_exc
  File "D:\nhatro\backend\venv\Lib\site-packages\starlette\middleware\base.py", line 151, in coro
    await self.app(scope, receive_or_disconnect, send_no_error)
  File "D:\nhatro\backend\venv\Lib\site-packages\starlette\middleware\cors.py", line 93, in __call__
    await self.simple_response(scope, receive, send, request_headers=headers)
  File "D:\nhatro\backend\venv\Lib\site-packages\starlette\middleware\cors.py", line 148, in simple_response
    await self.app(scope, receive, send)
  File "D:\nhatro\backend\venv\Lib\site-packages\starlette\middleware\exceptions.py", line 65, in __call__
    await wrap_app_handling_exceptions(self.app, conn)(scope, receive, send)
  File "D:\nhatro\backend\venv\Lib\site-packages\starlette\_exception_handler.py", line 64, in wrapped_app
    raise exc
  File "D:\nhatro\backend\venv\Lib\site-packages\starlette\_exception_handler.py", line 53, in wrapped_app
    await app(scope, receive, sender)
  File "D:\nhatro\backend\venv\Lib\site-packages\starlette\routing.py", line 756, in __call__
    await self.middleware_stack(scope, receive, send)
  File "D:\nhatro\backend\venv\Lib\site-packages\starlette\routing.py", line 776, in app
    await route.handle(scope, receive, send)
  File "D:\nhatro\backend\venv\Lib\site-packages\starlette\routing.py", line 297, in handle
    await self.app(scope, receive, send)
  File "D:\nhatro\backend\venv\Lib\site-packages\starlette\routing.py", line 77, in app
    await wrap_app_handling_exceptions(app, request)(scope, receive, send)
  File "D:\nhatro\backend\venv\Lib\site-packages\starlette\_exception_handler.py", line 64, in wrapped_app
    raise exc
  File "D:\nhatro\backend\venv\Lib\site-packages\starlette\_exception_handler.py", line 53, in wrapped_app
    await app(scope, receive, sender)
  File "D:\nhatro\backend\venv\Lib\site-packages\starlette\routing.py", line 72, in app
    response = await func(request)
               ^^^^^^^^^^^^^^^^^^^
  File "D:\nhatro\backend\venv\Lib\site-packages\fastapi\routing.py", line 278, in app
    raw_response = await run_endpoint_function(
                   ^^^^^^^^^^^^^^^^^^^^^^^^^^^^
  File "D:\nhatro\backend\venv\Lib\site-packages\fastapi\routing.py", line 191, in run_endpoint_function
    return await dependant.call(**values)
           ^^^^^^^^^^^^^^^^^^^^^^^^^^^^^^
  File "D:\nhatro\backend\app\api\v1\endpoints\contracts.py", line 204, in terminate_contract_v2
    res = await service.execute(
          ^^^^^^^^^^^^^^^^^^^^^^
  File "D:\nhatro\backend\app\services\termination_service.py", line 179, in execute
    history = await self._create_history(
              ^^^^^^^^^^^^^^^^^^^^^^^^^^^
  File "D:\nhatro\backend\app\services\termination_service.py", line 516, in _create_history
    await self.db.flush()
  File "D:\nhatro\backend\venv\Lib\site-packages\sqlalchemy\ext\asyncio\session.py", line 800, in flush
    await greenlet_spawn(self.sync_session.flush, objects=objects)
  File "D:\nhatro\backend\venv\Lib\site-packages\sqlalchemy\util\_concurrency_py3k.py", line 203, in greenlet_spawn
    result = context.switch(value)
             ^^^^^^^^^^^^^^^^^^^^^
  File "D:\nhatro\backend\venv\Lib\site-packages\sqlalchemy\orm\session.py", line 4341, in flush
    self._flush(objects)
  File "D:\nhatro\backend\venv\Lib\site-packages\sqlalchemy\orm\session.py", line 4476, in _flush
    with util.safe_reraise():
         ^^^^^^^^^^^^^^^^^^^
  File "D:\nhatro\backend\venv\Lib\site-packages\sqlalchemy\util\langhelpers.py", line 146, in __exit__
    raise exc_value.with_traceback(exc_tb)
  File "D:\nhatro\backend\venv\Lib\site-packages\sqlalchemy\orm\session.py", line 4437, in _flush
    flush_context.execute()
  File "D:\nhatro\backend\venv\Lib\site-packages\sqlalchemy\orm\unitofwork.py", line 466, in execute
    rec.execute(self)
  File "D:\nhatro\backend\venv\Lib\site-packages\sqlalchemy\orm\unitofwork.py", line 642, in execute
    util.preloaded.orm_persistence.save_obj(
  File "D:\nhatro\backend\venv\Lib\site-packages\sqlalchemy\orm\persistence.py", line 93, in save_obj
    _emit_insert_statements(
  File "D:\nhatro\backend\venv\Lib\site-packages\sqlalchemy\orm\persistence.py", line 1233, in _emit_insert_statements
    result = connection.execute(
             ^^^^^^^^^^^^^^^^^^^
  File "D:\nhatro\backend\venv\Lib\site-packages\sqlalchemy\engine\base.py", line 1418, in execute
    return meth(
           ^^^^^
  File "D:\nhatro\backend\venv\Lib\site-packages\sqlalchemy\sql\elements.py", line 515, in _execute_on_connection
    return connection._execute_clauseelement(
           ^^^^^^^^^^^^^^^^^^^^^^^^^^^^^^^^^^
  File "D:\nhatro\backend\venv\Lib\site-packages\sqlalchemy\engine\base.py", line 1640, in _execute_clauseelement
    ret = self._execute_context(
          ^^^^^^^^^^^^^^^^^^^^^^
  File "D:\nhatro\backend\venv\Lib\site-packages\sqlalchemy\engine\base.py", line 1846, in _execute_context
    return self._exec_single_context(
           ^^^^^^^^^^^^^^^^^^^^^^^^^^
  File "D:\nhatro\backend\venv\Lib\site-packages\sqlalchemy\engine\base.py", line 1986, in _exec_single_context
    self._handle_dbapi_exception(
  File "D:\nhatro\backend\venv\Lib\site-packages\sqlalchemy\engine\base.py", line 2353, in _handle_dbapi_exception
    raise sqlalchemy_exception.with_traceback(exc_info[2]) from e
  File "D:\nhatro\backend\venv\Lib\site-packages\sqlalchemy\engine\base.py", line 1967, in _exec_single_context
    self.dialect.do_execute(
  File "D:\nhatro\backend\venv\Lib\site-packages\sqlalchemy\engine\default.py", line 924, in do_execute
    cursor.execute(statement, parameters)
  File "D:\nhatro\backend\venv\Lib\site-packages\sqlalchemy\dialects\postgresql\asyncpg.py", line 572, in execute
    self._adapt_connection.await_(
  File "D:\nhatro\backend\venv\Lib\site-packages\sqlalchemy\util\_concurrency_py3k.py", line 131, in await_only
    return current.driver.switch(awaitable)  # type: ignore[no-any-return]
           ^^^^^^^^^^^^^^^^^^^^^^^^^^^^^^^^
  File "D:\nhatro\backend\venv\Lib\site-packages\sqlalchemy\util\_concurrency_py3k.py", line 196, in greenlet_spawn
    value = await result
            ^^^^^^^^^^^^
  File "D:\nhatro\backend\venv\Lib\site-packages\sqlalchemy\dialects\postgresql\asyncpg.py", line 550, in _prepare_and_execute
    self._handle_exception(error)
  File "D:\nhatro\backend\venv\Lib\site-packages\sqlalchemy\dialects\postgresql\asyncpg.py", line 501, in _handle_exception
    self._adapt_connection._handle_exception(error)
  File "D:\nhatro\backend\venv\Lib\site-packages\sqlalchemy\dialects\postgresql\asyncpg.py", line 789, in _handle_exception
    raise translated_error from error
sqlalchemy.exc.ProgrammingError: (sqlalchemy.dialects.postgresql.asyncpg.ProgrammingError) <class 'asyncpg.exceptions.UndefinedTableError'>: relation "debt_records" does not exist
[SQL: INSERT INTO debt_records (id, organization_id, contract_id, tenant_id, invoice_id, amount, status, risk_flag, note, updated_at) VALUES ($1::UUID, $2::UUID, $3::UUID, $4::UUID, $5::UUID, $6::BIGINT, $7::debtstatus, $8::BOOLEAN, $9::VARCHAR, $10::TIMESTAMP WITH TIME ZONE) RETURNING debt_records.created_at]
[parameters: ('40c214a7-8289-41eb-a22d-e5cf0bdf95ae', 'b9b6fe0a-d0d7-4ac3-9b53-5f8482c293a2', '6e5bb4f0-3b77-4a72-aa22-948fa1dbdbc6', 'd0e33ca2-a97c-45ec-bcdb-c0b44e6c17f8', 'a117cd7e-9cf4-4953-bb49-c332a0c4f8a3', 4000000, 'OPEN', False, 'Debt created from termination workflow', None)]
(Background on this error at: https://sqlalche.me/e/20/f405)
==============================================

=== GLOBAL EXCEPTION HANDLER AT POST /api/v1/contracts/6e5bb4f0-3b77-4a72-aa22-948fa1dbdbc6/terminate-v2 ===
  + Exception Group Traceback (most recent call last):
  |   File "D:\nhatro\backend\venv\Lib\site-packages\starlette\_utils.py", line 87, in collapse_excgroups
  |     yield
  |   File "D:\nhatro\backend\venv\Lib\site-packages\starlette\middleware\base.py", line 190, in __call__
  |     async with anyio.create_task_group() as task_group:
  |                ^^^^^^^^^^^^^^^^^^^^^^^^^
  |   File "D:\nhatro\backend\venv\Lib\site-packages\anyio\_backends\_asyncio.py", line 799, in __aexit__
  |     raise BaseExceptionGroup(
  | ExceptionGroup: unhandled errors in a TaskGroup (1 sub-exception)
  +-+---------------- 1 ----------------
    | Traceback (most recent call last):
    |   File "D:\nhatro\backend\venv\Lib\site-packages\starlette\middleware\errors.py", line 164, in __call__
    |     await self.app(scope, receive, _send)
    |   File "D:\nhatro\backend\venv\Lib\site-packages\starlette\middleware\base.py", line 189, in __call__
    |     with collapse_excgroups():
    |          ^^^^^^^^^^^^^^^^^^^^
    |   File "C:\Users\ngocson\.cache\codex-runtimes\codex-primary-runtime\dependencies\python\Lib\contextlib.py", line 158, in __exit__
    |     self.gen.throw(value)
    |   File "D:\nhatro\backend\venv\Lib\site-packages\starlette\_utils.py", line 93, in collapse_excgroups
    |     raise exc
    |   File "D:\nhatro\backend\venv\Lib\site-packages\starlette\middleware\base.py", line 191, in __call__
    |     response = await self.dispatch_func(request, call_next)
    |                ^^^^^^^^^^^^^^^^^^^^^^^^^^^^^^^^^^^^^^^^^^^^
    |   File "D:\nhatro\backend\app\main.py", line 149, in rate_limit_middleware
    |     return await call_next(request)
    |            ^^^^^^^^^^^^^^^^^^^^^^^^
    |   File "D:\nhatro\backend\venv\Lib\site-packages\starlette\middleware\base.py", line 165, in call_next
    |     raise app_exc
    |   File "D:\nhatro\backend\venv\Lib\site-packages\starlette\middleware\base.py", line 151, in coro
    |     await self.app(scope, receive_or_disconnect, send_no_error)
    |   File "D:\nhatro\backend\venv\Lib\site-packages\starlette\middleware\base.py", line 189, in __call__
    |     with collapse_excgroups():
    |          ^^^^^^^^^^^^^^^^^^^^
    |   File "C:\Users\ngocson\.cache\codex-runtimes\codex-primary-runtime\dependencies\python\Lib\contextlib.py", line 158, in __exit__
    |     self.gen.throw(value)
    |   File "D:\nhatro\backend\venv\Lib\site-packages\starlette\_utils.py", line 93, in collapse_excgroups
    |     raise exc
    |   File "D:\nhatro\backend\venv\Lib\site-packages\starlette\middleware\base.py", line 191, in __call__
    |     response = await self.dispatch_func(request, call_next)
    |                ^^^^^^^^^^^^^^^^^^^^^^^^^^^^^^^^^^^^^^^^^^^^
    |   File "D:\nhatro\backend\app\main.py", line 115, in add_process_time
    |     response = await call_next(request)
    |                ^^^^^^^^^^^^^^^^^^^^^^^^
    |   File "D:\nhatro\backend\venv\Lib\site-packages\starlette\middleware\base.py", line 165, in call_next
    |     raise app_exc
    |   File "D:\nhatro\backend\venv\Lib\site-packages\starlette\middleware\base.py", line 151, in coro
    |     await self.app(scope, receive_or_disconnect, send_no_error)
    |   File "D:\nhatro\backend\venv\Lib\site-packages\starlette\middleware\base.py", line 189, in __call__
    |     with collapse_excgroups():
    |          ^^^^^^^^^^^^^^^^^^^^
    |   File "C:\Users\ngocson\.cache\codex-runtimes\codex-primary-runtime\dependencies\python\Lib\contextlib.py", line 158, in __exit__
    |     self.gen.throw(value)
    |   File "D:\nhatro\backend\venv\Lib\site-packages\starlette\_utils.py", line 93, in collapse_excgroups
    |     raise exc
    |   File "D:\nhatro\backend\venv\Lib\site-packages\starlette\middleware\base.py", line 191, in __call__
    |     response = await self.dispatch_func(request, call_next)
    |                ^^^^^^^^^^^^^^^^^^^^^^^^^^^^^^^^^^^^^^^^^^^^
    |   File "D:\nhatro\backend\app\main.py", line 108, in add_security_headers
    |     response = await call_next(request)
    |                ^^^^^^^^^^^^^^^^^^^^^^^^
    |   File "D:\nhatro\backend\venv\Lib\site-packages\starlette\middleware\base.py", line 165, in call_next
    |     raise app_exc
    |   File "D:\nhatro\backend\venv\Lib\site-packages\starlette\middleware\base.py", line 151, in coro
    |     await self.app(scope, receive_or_disconnect, send_no_error)
    |   File "D:\nhatro\backend\venv\Lib\site-packages\starlette\middleware\cors.py", line 93, in __call__
    |     await self.simple_response(scope, receive, send, request_headers=headers)
    |   File "D:\nhatro\backend\venv\Lib\site-packages\starlette\middleware\cors.py", line 148, in simple_response
    |     await self.app(scope, receive, send)
    |   File "D:\nhatro\backend\venv\Lib\site-packages\starlette\middleware\exceptions.py", line 65, in __call__
    |     await wrap_app_handling_exceptions(self.app, conn)(scope, receive, send)
    |   File "D:\nhatro\backend\venv\Lib\site-packages\starlette\_exception_handler.py", line 64, in wrapped_app
    |     raise exc
    |   File "D:\nhatro\backend\venv\Lib\site-packages\starlette\_exception_handler.py", line 53, in wrapped_app
    |     await app(scope, receive, sender)
    |   File "D:\nhatro\backend\venv\Lib\site-packages\starlette\routing.py", line 756, in __call__
    |     await self.middleware_stack(scope, receive, send)
    |   File "D:\nhatro\backend\venv\Lib\site-packages\starlette\routing.py", line 776, in app
    |     await route.handle(scope, receive, send)
    |   File "D:\nhatro\backend\venv\Lib\site-packages\starlette\routing.py", line 297, in handle
    |     await self.app(scope, receive, send)
    |   File "D:\nhatro\backend\venv\Lib\site-packages\starlette\routing.py", line 77, in app
    |     await wrap_app_handling_exceptions(app, request)(scope, receive, send)
    |   File "D:\nhatro\backend\venv\Lib\site-packages\starlette\_exception_handler.py", line 64, in wrapped_app
    |     raise exc
    |   File "D:\nhatro\backend\venv\Lib\site-packages\starlette\_exception_handler.py", line 53, in wrapped_app
    |     await app(scope, receive, sender)
    |   File "D:\nhatro\backend\venv\Lib\site-packages\starlette\routing.py", line 72, in app
    |     response = await func(request)
    |                ^^^^^^^^^^^^^^^^^^^
    |   File "D:\nhatro\backend\venv\Lib\site-packages\fastapi\routing.py", line 278, in app
    |     raw_response = await run_endpoint_function(
    |                    ^^^^^^^^^^^^^^^^^^^^^^^^^^^^
    |   File "D:\nhatro\backend\venv\Lib\site-packages\fastapi\routing.py", line 191, in run_endpoint_function
    |     return await dependant.call(**values)
    |            ^^^^^^^^^^^^^^^^^^^^^^^^^^^^^^
    |   File "D:\nhatro\backend\app\api\v1\endpoints\contracts.py", line 224, in terminate_contract_v2
    |     return TerminationExecuteResponse(**res.__dict__)
    |            ^^^^^^^^^^^^^^^^^^^^^^^^^^^^^^^^^^^^^^^^^^
    |   File "D:\nhatro\backend\venv\Lib\site-packages\pydantic\main.py", line 263, in __init__
    |     validated_self = self.__pydantic_validator__.validate_python(data, self_instance=self)
    |                      ^^^^^^^^^^^^^^^^^^^^^^^^^^^^^^^^^^^^^^^^^^^^^^^^^^^^^^^^^^^^^^^^^^^^^
    | pydantic_core._pydantic_core.ValidationError: 14 validation errors for TerminationExecuteResponse
    | contractId
    |   Field required [type=missing, input_value={'contract_id': '6e5bb4f0...d (DEPOSIT_FORFEITURE)'}, input_type=dict]
    |     For further information visit https://errors.pydantic.dev/2.13/v/missing
    | contractStatus
    |   Field required [type=missing, input_value={'contract_id': '6e5bb4f0...d (DEPOSIT_FORFEITURE)'}, input_type=dict]
    |     For further information visit https://errors.pydantic.dev/2.13/v/missing
    | terminationType
    |   Field required [type=missing, input_value={'contract_id': '6e5bb4f0...d (DEPOSIT_FORFEITURE)'}, input_type=dict]
    |     For further information visit https://errors.pydantic.dev/2.13/v/missing
    | terminationReason
    |   Field required [type=missing, input_value={'contract_id': '6e5bb4f0...d (DEPOSIT_FORFEITURE)'}, input_type=dict]
    |     For further information visit https://errors.pydantic.dev/2.13/v/missing
    | usedMoney
    |   Field required [type=missing, input_value={'contract_id': '6e5bb4f0...d (DEPOSIT_FORFEITURE)'}, input_type=dict]
    |     For further information visit https://errors.pydantic.dev/2.13/v/missing
    | utilityFee
    |   Field required [type=missing, input_value={'contract_id': '6e5bb4f0...d (DEPOSIT_FORFEITURE)'}, input_type=dict]
    |     For further information visit https://errors.pydantic.dev/2.13/v/missing
    | penaltyFee
    |   Field required [type=missing, input_value={'contract_id': '6e5bb4f0...d (DEPOSIT_FORFEITURE)'}, input_type=dict]
    |     For further information visit https://errors.pydantic.dev/2.13/v/missing
    | damageFee
    |   Field required [type=missing, input_value={'contract_id': '6e5bb4f0...d (DEPOSIT_FORFEITURE)'}, input_type=dict]
    |     For further information visit https://errors.pydantic.dev/2.13/v/missing
    | depositUsed
    |   Field required [type=missing, input_value={'contract_id': '6e5bb4f0...d (DEPOSIT_FORFEITURE)'}, input_type=dict]
    |     For further information visit https://errors.pydantic.dev/2.13/v/missing
    | refundAmount
    |   Field required [type=missing, input_value={'contract_id': '6e5bb4f0...d (DEPOSIT_FORFEITURE)'}, input_type=dict]
    |     For further information visit https://errors.pydantic.dev/2.13/v/missing
    | remainingDebt
    |   Field required [type=missing, input_value={'contract_id': '6e5bb4f0...d (DEPOSIT_FORFEITURE)'}, input_type=dict]
    |     For further information visit https://errors.pydantic.dev/2.13/v/missing
    | needManualReview
    |   Field required [type=missing, input_value={'contract_id': '6e5bb4f0...d (DEPOSIT_FORFEITURE)'}, input_type=dict]
    |     For further information visit https://errors.pydantic.dev/2.13/v/missing
    | terminatedAt
    |   Field required [type=missing, input_value={'contract_id': '6e5bb4f0...d (DEPOSIT_FORFEITURE)'}, input_type=dict]
    |     For further information visit https://errors.pydantic.dev/2.13/v/missing
    | terminatedBy
    |   Field required [type=missing, input_value={'contract_id': '6e5bb4f0...d (DEPOSIT_FORFEITURE)'}, input_type=dict]
    |     For further information visit https://errors.pydantic.dev/2.13/v/missing
    +------------------------------------

During handling of the above exception, another exception occurred:

Traceback (most recent call last):
  File "D:\nhatro\backend\venv\Lib\site-packages\starlette\middleware\errors.py", line 164, in __call__
    await self.app(scope, receive, _send)
  File "D:\nhatro\backend\venv\Lib\site-packages\starlette\middleware\base.py", line 189, in __call__
    with collapse_excgroups():
         ^^^^^^^^^^^^^^^^^^^^
  File "C:\Users\ngocson\.cache\codex-runtimes\codex-primary-runtime\dependencies\python\Lib\contextlib.py", line 158, in __exit__
    self.gen.throw(value)
  File "D:\nhatro\backend\venv\Lib\site-packages\starlette\_utils.py", line 93, in collapse_excgroups
    raise exc
  File "D:\nhatro\backend\venv\Lib\site-packages\starlette\middleware\base.py", line 191, in __call__
    response = await self.dispatch_func(request, call_next)
               ^^^^^^^^^^^^^^^^^^^^^^^^^^^^^^^^^^^^^^^^^^^^
  File "D:\nhatro\backend\app\main.py", line 149, in rate_limit_middleware
    return await call_next(request)
           ^^^^^^^^^^^^^^^^^^^^^^^^
  File "D:\nhatro\backend\venv\Lib\site-packages\starlette\middleware\base.py", line 165, in call_next
    raise app_exc
  File "D:\nhatro\backend\venv\Lib\site-packages\starlette\middleware\base.py", line 151, in coro
    await self.app(scope, receive_or_disconnect, send_no_error)
  File "D:\nhatro\backend\venv\Lib\site-packages\starlette\middleware\base.py", line 189, in __call__
    with collapse_excgroups():
         ^^^^^^^^^^^^^^^^^^^^
  File "C:\Users\ngocson\.cache\codex-runtimes\codex-primary-runtime\dependencies\python\Lib\contextlib.py", line 158, in __exit__
    self.gen.throw(value)
  File "D:\nhatro\backend\venv\Lib\site-packages\starlette\_utils.py", line 93, in collapse_excgroups
    raise exc
  File "D:\nhatro\backend\venv\Lib\site-packages\starlette\middleware\base.py", line 191, in __call__
    response = await self.dispatch_func(request, call_next)
               ^^^^^^^^^^^^^^^^^^^^^^^^^^^^^^^^^^^^^^^^^^^^
  File "D:\nhatro\backend\app\main.py", line 115, in add_process_time
    response = await call_next(request)
               ^^^^^^^^^^^^^^^^^^^^^^^^
  File "D:\nhatro\backend\venv\Lib\site-packages\starlette\middleware\base.py", line 165, in call_next
    raise app_exc
  File "D:\nhatro\backend\venv\Lib\site-packages\starlette\middleware\base.py", line 151, in coro
    await self.app(scope, receive_or_disconnect, send_no_error)
  File "D:\nhatro\backend\venv\Lib\site-packages\starlette\middleware\base.py", line 189, in __call__
    with collapse_excgroups():
         ^^^^^^^^^^^^^^^^^^^^
  File "C:\Users\ngocson\.cache\codex-runtimes\codex-primary-runtime\dependencies\python\Lib\contextlib.py", line 158, in __exit__
    self.gen.throw(value)
  File "D:\nhatro\backend\venv\Lib\site-packages\starlette\_utils.py", line 93, in collapse_excgroups
    raise exc
  File "D:\nhatro\backend\venv\Lib\site-packages\starlette\middleware\base.py", line 191, in __call__
    response = await self.dispatch_func(request, call_next)
               ^^^^^^^^^^^^^^^^^^^^^^^^^^^^^^^^^^^^^^^^^^^^
  File "D:\nhatro\backend\app\main.py", line 108, in add_security_headers
    response = await call_next(request)
               ^^^^^^^^^^^^^^^^^^^^^^^^
  File "D:\nhatro\backend\venv\Lib\site-packages\starlette\middleware\base.py", line 165, in call_next
    raise app_exc
  File "D:\nhatro\backend\venv\Lib\site-packages\starlette\middleware\base.py", line 151, in coro
    await self.app(scope, receive_or_disconnect, send_no_error)
  File "D:\nhatro\backend\venv\Lib\site-packages\starlette\middleware\cors.py", line 93, in __call__
    await self.simple_response(scope, receive, send, request_headers=headers)
  File "D:\nhatro\backend\venv\Lib\site-packages\starlette\middleware\cors.py", line 148, in simple_response
    await self.app(scope, receive, send)
  File "D:\nhatro\backend\venv\Lib\site-packages\starlette\middleware\exceptions.py", line 65, in __call__
    await wrap_app_handling_exceptions(self.app, conn)(scope, receive, send)
  File "D:\nhatro\backend\venv\Lib\site-packages\starlette\_exception_handler.py", line 64, in wrapped_app
    raise exc
  File "D:\nhatro\backend\venv\Lib\site-packages\starlette\_exception_handler.py", line 53, in wrapped_app
    await app(scope, receive, sender)
  File "D:\nhatro\backend\venv\Lib\site-packages\starlette\routing.py", line 756, in __call__
    await self.middleware_stack(scope, receive, send)
  File "D:\nhatro\backend\venv\Lib\site-packages\starlette\routing.py", line 776, in app
    await route.handle(scope, receive, send)
  File "D:\nhatro\backend\venv\Lib\site-packages\starlette\routing.py", line 297, in handle
    await self.app(scope, receive, send)
  File "D:\nhatro\backend\venv\Lib\site-packages\starlette\routing.py", line 77, in app
    await wrap_app_handling_exceptions(app, request)(scope, receive, send)
  File "D:\nhatro\backend\venv\Lib\site-packages\starlette\_exception_handler.py", line 64, in wrapped_app
    raise exc
  File "D:\nhatro\backend\venv\Lib\site-packages\starlette\_exception_handler.py", line 53, in wrapped_app
    await app(scope, receive, sender)
  File "D:\nhatro\backend\venv\Lib\site-packages\starlette\routing.py", line 72, in app
    response = await func(request)
               ^^^^^^^^^^^^^^^^^^^
  File "D:\nhatro\backend\venv\Lib\site-packages\fastapi\routing.py", line 278, in app
    raw_response = await run_endpoint_function(
                   ^^^^^^^^^^^^^^^^^^^^^^^^^^^^
  File "D:\nhatro\backend\venv\Lib\site-packages\fastapi\routing.py", line 191, in run_endpoint_function
    return await dependant.call(**values)
           ^^^^^^^^^^^^^^^^^^^^^^^^^^^^^^
  File "D:\nhatro\backend\app\api\v1\endpoints\contracts.py", line 224, in terminate_contract_v2
    return TerminationExecuteResponse(**res.__dict__)
           ^^^^^^^^^^^^^^^^^^^^^^^^^^^^^^^^^^^^^^^^^^
  File "D:\nhatro\backend\venv\Lib\site-packages\pydantic\main.py", line 263, in __init__
    validated_self = self.__pydantic_validator__.validate_python(data, self_instance=self)
                     ^^^^^^^^^^^^^^^^^^^^^^^^^^^^^^^^^^^^^^^^^^^^^^^^^^^^^^^^^^^^^^^^^^^^^
pydantic_core._pydantic_core.ValidationError: 14 validation errors for TerminationExecuteResponse
contractId
  Field required [type=missing, input_value={'contract_id': '6e5bb4f0...d (DEPOSIT_FORFEITURE)'}, input_type=dict]
    For further information visit https://errors.pydantic.dev/2.13/v/missing
contractStatus
  Field required [type=missing, input_value={'contract_id': '6e5bb4f0...d (DEPOSIT_FORFEITURE)'}, input_type=dict]
    For further information visit https://errors.pydantic.dev/2.13/v/missing
terminationType
  Field required [type=missing, input_value={'contract_id': '6e5bb4f0...d (DEPOSIT_FORFEITURE)'}, input_type=dict]
    For further information visit https://errors.pydantic.dev/2.13/v/missing
terminationReason
  Field required [type=missing, input_value={'contract_id': '6e5bb4f0...d (DEPOSIT_FORFEITURE)'}, input_type=dict]
    For further information visit https://errors.pydantic.dev/2.13/v/missing
usedMoney
  Field required [type=missing, input_value={'contract_id': '6e5bb4f0...d (DEPOSIT_FORFEITURE)'}, input_type=dict]
    For further information visit https://errors.pydantic.dev/2.13/v/missing
utilityFee
  Field required [type=missing, input_value={'contract_id': '6e5bb4f0...d (DEPOSIT_FORFEITURE)'}, input_type=dict]
    For further information visit https://errors.pydantic.dev/2.13/v/missing
penaltyFee
  Field required [type=missing, input_value={'contract_id': '6e5bb4f0...d (DEPOSIT_FORFEITURE)'}, input_type=dict]
    For further information visit https://errors.pydantic.dev/2.13/v/missing
damageFee
  Field required [type=missing, input_value={'contract_id': '6e5bb4f0...d (DEPOSIT_FORFEITURE)'}, input_type=dict]
    For further information visit https://errors.pydantic.dev/2.13/v/missing
depositUsed
  Field required [type=missing, input_value={'contract_id': '6e5bb4f0...d (DEPOSIT_FORFEITURE)'}, input_type=dict]
    For further information visit https://errors.pydantic.dev/2.13/v/missing
refundAmount
  Field required [type=missing, input_value={'contract_id': '6e5bb4f0...d (DEPOSIT_FORFEITURE)'}, input_type=dict]
    For further information visit https://errors.pydantic.dev/2.13/v/missing
remainingDebt
  Field required [type=missing, input_value={'contract_id': '6e5bb4f0...d (DEPOSIT_FORFEITURE)'}, input_type=dict]
    For further information visit https://errors.pydantic.dev/2.13/v/missing
needManualReview
  Field required [type=missing, input_value={'contract_id': '6e5bb4f0...d (DEPOSIT_FORFEITURE)'}, input_type=dict]
    For further information visit https://errors.pydantic.dev/2.13/v/missing
terminatedAt
  Field required [type=missing, input_value={'contract_id': '6e5bb4f0...d (DEPOSIT_FORFEITURE)'}, input_type=dict]
    For further information visit https://errors.pydantic.dev/2.13/v/missing
terminatedBy
  Field required [type=missing, input_value={'contract_id': '6e5bb4f0...d (DEPOSIT_FORFEITURE)'}, input_type=dict]
    For further information visit https://errors.pydantic.dev/2.13/v/missing
==============================================

=== GLOBAL EXCEPTION HANDLER AT POST /api/v1/contracts/6e5bb4f0-3b77-4a72-aa22-948fa1dbdbc6/terminate-v2 ===
  + Exception Group Traceback (most recent call last):
  |   File "D:\nhatro\backend\venv\Lib\site-packages\starlette\_utils.py", line 87, in collapse_excgroups
  |     yield
  |   File "D:\nhatro\backend\venv\Lib\site-packages\starlette\middleware\base.py", line 190, in __call__
  |     async with anyio.create_task_group() as task_group:
  |                ^^^^^^^^^^^^^^^^^^^^^^^^^
  |   File "D:\nhatro\backend\venv\Lib\site-packages\anyio\_backends\_asyncio.py", line 799, in __aexit__
  |     raise BaseExceptionGroup(
  | ExceptionGroup: unhandled errors in a TaskGroup (1 sub-exception)
  +-+---------------- 1 ----------------
    | Traceback (most recent call last):
    |   File "D:\nhatro\backend\venv\Lib\site-packages\starlette\middleware\errors.py", line 164, in __call__
    |     await self.app(scope, receive, _send)
    |   File "D:\nhatro\backend\venv\Lib\site-packages\starlette\middleware\base.py", line 189, in __call__
    |     with collapse_excgroups():
    |          ^^^^^^^^^^^^^^^^^^^^
    |   File "C:\Users\ngocson\.cache\codex-runtimes\codex-primary-runtime\dependencies\python\Lib\contextlib.py", line 158, in __exit__
    |     self.gen.throw(value)
    |   File "D:\nhatro\backend\venv\Lib\site-packages\starlette\_utils.py", line 93, in collapse_excgroups
    |     raise exc
    |   File "D:\nhatro\backend\venv\Lib\site-packages\starlette\middleware\base.py", line 191, in __call__
    |     response = await self.dispatch_func(request, call_next)
    |                ^^^^^^^^^^^^^^^^^^^^^^^^^^^^^^^^^^^^^^^^^^^^
    |   File "D:\nhatro\backend\app\main.py", line 149, in rate_limit_middleware
    |     return await call_next(request)
    |            ^^^^^^^^^^^^^^^^^^^^^^^^
    |   File "D:\nhatro\backend\venv\Lib\site-packages\starlette\middleware\base.py", line 165, in call_next
    |     raise app_exc
    |   File "D:\nhatro\backend\venv\Lib\site-packages\starlette\middleware\base.py", line 151, in coro
    |     await self.app(scope, receive_or_disconnect, send_no_error)
    |   File "D:\nhatro\backend\venv\Lib\site-packages\starlette\middleware\base.py", line 189, in __call__
    |     with collapse_excgroups():
    |          ^^^^^^^^^^^^^^^^^^^^
    |   File "C:\Users\ngocson\.cache\codex-runtimes\codex-primary-runtime\dependencies\python\Lib\contextlib.py", line 158, in __exit__
    |     self.gen.throw(value)
    |   File "D:\nhatro\backend\venv\Lib\site-packages\starlette\_utils.py", line 93, in collapse_excgroups
    |     raise exc
    |   File "D:\nhatro\backend\venv\Lib\site-packages\starlette\middleware\base.py", line 191, in __call__
    |     response = await self.dispatch_func(request, call_next)
    |                ^^^^^^^^^^^^^^^^^^^^^^^^^^^^^^^^^^^^^^^^^^^^
    |   File "D:\nhatro\backend\app\main.py", line 115, in add_process_time
    |     response = await call_next(request)
    |                ^^^^^^^^^^^^^^^^^^^^^^^^
    |   File "D:\nhatro\backend\venv\Lib\site-packages\starlette\middleware\base.py", line 165, in call_next
    |     raise app_exc
    |   File "D:\nhatro\backend\venv\Lib\site-packages\starlette\middleware\base.py", line 151, in coro
    |     await self.app(scope, receive_or_disconnect, send_no_error)
    |   File "D:\nhatro\backend\venv\Lib\site-packages\starlette\middleware\base.py", line 189, in __call__
    |     with collapse_excgroups():
    |          ^^^^^^^^^^^^^^^^^^^^
    |   File "C:\Users\ngocson\.cache\codex-runtimes\codex-primary-runtime\dependencies\python\Lib\contextlib.py", line 158, in __exit__
    |     self.gen.throw(value)
    |   File "D:\nhatro\backend\venv\Lib\site-packages\starlette\_utils.py", line 93, in collapse_excgroups
    |     raise exc
    |   File "D:\nhatro\backend\venv\Lib\site-packages\starlette\middleware\base.py", line 191, in __call__
    |     response = await self.dispatch_func(request, call_next)
    |                ^^^^^^^^^^^^^^^^^^^^^^^^^^^^^^^^^^^^^^^^^^^^
    |   File "D:\nhatro\backend\app\main.py", line 108, in add_security_headers
    |     response = await call_next(request)
    |                ^^^^^^^^^^^^^^^^^^^^^^^^
    |   File "D:\nhatro\backend\venv\Lib\site-packages\starlette\middleware\base.py", line 165, in call_next
    |     raise app_exc
    |   File "D:\nhatro\backend\venv\Lib\site-packages\starlette\middleware\base.py", line 151, in coro
    |     await self.app(scope, receive_or_disconnect, send_no_error)
    |   File "D:\nhatro\backend\venv\Lib\site-packages\starlette\middleware\cors.py", line 93, in __call__
    |     await self.simple_response(scope, receive, send, request_headers=headers)
    |   File "D:\nhatro\backend\venv\Lib\site-packages\starlette\middleware\cors.py", line 148, in simple_response
    |     await self.app(scope, receive, send)
    |   File "D:\nhatro\backend\venv\Lib\site-packages\starlette\middleware\exceptions.py", line 65, in __call__
    |     await wrap_app_handling_exceptions(self.app, conn)(scope, receive, send)
    |   File "D:\nhatro\backend\venv\Lib\site-packages\starlette\_exception_handler.py", line 64, in wrapped_app
    |     raise exc
    |   File "D:\nhatro\backend\venv\Lib\site-packages\starlette\_exception_handler.py", line 53, in wrapped_app
    |     await app(scope, receive, sender)
    |   File "D:\nhatro\backend\venv\Lib\site-packages\starlette\routing.py", line 756, in __call__
    |     await self.middleware_stack(scope, receive, send)
    |   File "D:\nhatro\backend\venv\Lib\site-packages\starlette\routing.py", line 776, in app
    |     await route.handle(scope, receive, send)
    |   File "D:\nhatro\backend\venv\Lib\site-packages\starlette\routing.py", line 297, in handle
    |     await self.app(scope, receive, send)
    |   File "D:\nhatro\backend\venv\Lib\site-packages\starlette\routing.py", line 77, in app
    |     await wrap_app_handling_exceptions(app, request)(scope, receive, send)
    |   File "D:\nhatro\backend\venv\Lib\site-packages\starlette\_exception_handler.py", line 64, in wrapped_app
    |     raise exc
    |   File "D:\nhatro\backend\venv\Lib\site-packages\starlette\_exception_handler.py", line 53, in wrapped_app
    |     await app(scope, receive, sender)
    |   File "D:\nhatro\backend\venv\Lib\site-packages\starlette\routing.py", line 72, in app
    |     response = await func(request)
    |                ^^^^^^^^^^^^^^^^^^^
    |   File "D:\nhatro\backend\venv\Lib\site-packages\fastapi\routing.py", line 278, in app
    |     raw_response = await run_endpoint_function(
    |                    ^^^^^^^^^^^^^^^^^^^^^^^^^^^^
    |   File "D:\nhatro\backend\venv\Lib\site-packages\fastapi\routing.py", line 191, in run_endpoint_function
    |     return await dependant.call(**values)
    |            ^^^^^^^^^^^^^^^^^^^^^^^^^^^^^^
    |   File "D:\nhatro\backend\app\api\v1\endpoints\contracts.py", line 224, in terminate_contract_v2
    |     return TerminationExecuteResponse(**res.__dict__)
    |            ^^^^^^^^^^^^^^^^^^^^^^^^^^^^^^^^^^^^^^^^^^
    |   File "D:\nhatro\backend\venv\Lib\site-packages\pydantic\main.py", line 263, in __init__
    |     validated_self = self.__pydantic_validator__.validate_python(data, self_instance=self)
    |                      ^^^^^^^^^^^^^^^^^^^^^^^^^^^^^^^^^^^^^^^^^^^^^^^^^^^^^^^^^^^^^^^^^^^^^
    | pydantic_core._pydantic_core.ValidationError: 14 validation errors for TerminationExecuteResponse
    | contractId
    |   Field required [type=missing, input_value={'contract_id': '6e5bb4f0...d (DEPOSIT_FORFEITURE)'}, input_type=dict]
    |     For further information visit https://errors.pydantic.dev/2.13/v/missing
    | contractStatus
    |   Field required [type=missing, input_value={'contract_id': '6e5bb4f0...d (DEPOSIT_FORFEITURE)'}, input_type=dict]
    |     For further information visit https://errors.pydantic.dev/2.13/v/missing
    | terminationType
    |   Field required [type=missing, input_value={'contract_id': '6e5bb4f0...d (DEPOSIT_FORFEITURE)'}, input_type=dict]
    |     For further information visit https://errors.pydantic.dev/2.13/v/missing
    | terminationReason
    |   Field required [type=missing, input_value={'contract_id': '6e5bb4f0...d (DEPOSIT_FORFEITURE)'}, input_type=dict]
    |     For further information visit https://errors.pydantic.dev/2.13/v/missing
    | usedMoney
    |   Field required [type=missing, input_value={'contract_id': '6e5bb4f0...d (DEPOSIT_FORFEITURE)'}, input_type=dict]
    |     For further information visit https://errors.pydantic.dev/2.13/v/missing
    | utilityFee
    |   Field required [type=missing, input_value={'contract_id': '6e5bb4f0...d (DEPOSIT_FORFEITURE)'}, input_type=dict]
    |     For further information visit https://errors.pydantic.dev/2.13/v/missing
    | penaltyFee
    |   Field required [type=missing, input_value={'contract_id': '6e5bb4f0...d (DEPOSIT_FORFEITURE)'}, input_type=dict]
    |     For further information visit https://errors.pydantic.dev/2.13/v/missing
    | damageFee
    |   Field required [type=missing, input_value={'contract_id': '6e5bb4f0...d (DEPOSIT_FORFEITURE)'}, input_type=dict]
    |     For further information visit https://errors.pydantic.dev/2.13/v/missing
    | depositUsed
    |   Field required [type=missing, input_value={'contract_id': '6e5bb4f0...d (DEPOSIT_FORFEITURE)'}, input_type=dict]
    |     For further information visit https://errors.pydantic.dev/2.13/v/missing
    | refundAmount
    |   Field required [type=missing, input_value={'contract_id': '6e5bb4f0...d (DEPOSIT_FORFEITURE)'}, input_type=dict]
    |     For further information visit https://errors.pydantic.dev/2.13/v/missing
    | remainingDebt
    |   Field required [type=missing, input_value={'contract_id': '6e5bb4f0...d (DEPOSIT_FORFEITURE)'}, input_type=dict]
    |     For further information visit https://errors.pydantic.dev/2.13/v/missing
    | needManualReview
    |   Field required [type=missing, input_value={'contract_id': '6e5bb4f0...d (DEPOSIT_FORFEITURE)'}, input_type=dict]
    |     For further information visit https://errors.pydantic.dev/2.13/v/missing
    | terminatedAt
    |   Field required [type=missing, input_value={'contract_id': '6e5bb4f0...d (DEPOSIT_FORFEITURE)'}, input_type=dict]
    |     For further information visit https://errors.pydantic.dev/2.13/v/missing
    | terminatedBy
    |   Field required [type=missing, input_value={'contract_id': '6e5bb4f0...d (DEPOSIT_FORFEITURE)'}, input_type=dict]
    |     For further information visit https://errors.pydantic.dev/2.13/v/missing
    +------------------------------------

During handling of the above exception, another exception occurred:

Traceback (most recent call last):
  File "D:\nhatro\backend\venv\Lib\site-packages\starlette\middleware\errors.py", line 164, in __call__
    await self.app(scope, receive, _send)
  File "D:\nhatro\backend\venv\Lib\site-packages\starlette\middleware\base.py", line 189, in __call__
    with collapse_excgroups():
         ^^^^^^^^^^^^^^^^^^^^
  File "C:\Users\ngocson\.cache\codex-runtimes\codex-primary-runtime\dependencies\python\Lib\contextlib.py", line 158, in __exit__
    self.gen.throw(value)
  File "D:\nhatro\backend\venv\Lib\site-packages\starlette\_utils.py", line 93, in collapse_excgroups
    raise exc
  File "D:\nhatro\backend\venv\Lib\site-packages\starlette\middleware\base.py", line 191, in __call__
    response = await self.dispatch_func(request, call_next)
               ^^^^^^^^^^^^^^^^^^^^^^^^^^^^^^^^^^^^^^^^^^^^
  File "D:\nhatro\backend\app\main.py", line 149, in rate_limit_middleware
    return await call_next(request)
           ^^^^^^^^^^^^^^^^^^^^^^^^
  File "D:\nhatro\backend\venv\Lib\site-packages\starlette\middleware\base.py", line 165, in call_next
    raise app_exc
  File "D:\nhatro\backend\venv\Lib\site-packages\starlette\middleware\base.py", line 151, in coro
    await self.app(scope, receive_or_disconnect, send_no_error)
  File "D:\nhatro\backend\venv\Lib\site-packages\starlette\middleware\base.py", line 189, in __call__
    with collapse_excgroups():
         ^^^^^^^^^^^^^^^^^^^^
  File "C:\Users\ngocson\.cache\codex-runtimes\codex-primary-runtime\dependencies\python\Lib\contextlib.py", line 158, in __exit__
    self.gen.throw(value)
  File "D:\nhatro\backend\venv\Lib\site-packages\starlette\_utils.py", line 93, in collapse_excgroups
    raise exc
  File "D:\nhatro\backend\venv\Lib\site-packages\starlette\middleware\base.py", line 191, in __call__
    response = await self.dispatch_func(request, call_next)
               ^^^^^^^^^^^^^^^^^^^^^^^^^^^^^^^^^^^^^^^^^^^^
  File "D:\nhatro\backend\app\main.py", line 115, in add_process_time
    response = await call_next(request)
               ^^^^^^^^^^^^^^^^^^^^^^^^
  File "D:\nhatro\backend\venv\Lib\site-packages\starlette\middleware\base.py", line 165, in call_next
    raise app_exc
  File "D:\nhatro\backend\venv\Lib\site-packages\starlette\middleware\base.py", line 151, in coro
    await self.app(scope, receive_or_disconnect, send_no_error)
  File "D:\nhatro\backend\venv\Lib\site-packages\starlette\middleware\base.py", line 189, in __call__
    with collapse_excgroups():
         ^^^^^^^^^^^^^^^^^^^^
  File "C:\Users\ngocson\.cache\codex-runtimes\codex-primary-runtime\dependencies\python\Lib\contextlib.py", line 158, in __exit__
    self.gen.throw(value)
  File "D:\nhatro\backend\venv\Lib\site-packages\starlette\_utils.py", line 93, in collapse_excgroups
    raise exc
  File "D:\nhatro\backend\venv\Lib\site-packages\starlette\middleware\base.py", line 191, in __call__
    response = await self.dispatch_func(request, call_next)
               ^^^^^^^^^^^^^^^^^^^^^^^^^^^^^^^^^^^^^^^^^^^^
  File "D:\nhatro\backend\app\main.py", line 108, in add_security_headers
    response = await call_next(request)
               ^^^^^^^^^^^^^^^^^^^^^^^^
  File "D:\nhatro\backend\venv\Lib\site-packages\starlette\middleware\base.py", line 165, in call_next
    raise app_exc
  File "D:\nhatro\backend\venv\Lib\site-packages\starlette\middleware\base.py", line 151, in coro
    await self.app(scope, receive_or_disconnect, send_no_error)
  File "D:\nhatro\backend\venv\Lib\site-packages\starlette\middleware\cors.py", line 93, in __call__
    await self.simple_response(scope, receive, send, request_headers=headers)
  File "D:\nhatro\backend\venv\Lib\site-packages\starlette\middleware\cors.py", line 148, in simple_response
    await self.app(scope, receive, send)
  File "D:\nhatro\backend\venv\Lib\site-packages\starlette\middleware\exceptions.py", line 65, in __call__
    await wrap_app_handling_exceptions(self.app, conn)(scope, receive, send)
  File "D:\nhatro\backend\venv\Lib\site-packages\starlette\_exception_handler.py", line 64, in wrapped_app
    raise exc
  File "D:\nhatro\backend\venv\Lib\site-packages\starlette\_exception_handler.py", line 53, in wrapped_app
    await app(scope, receive, sender)
  File "D:\nhatro\backend\venv\Lib\site-packages\starlette\routing.py", line 756, in __call__
    await self.middleware_stack(scope, receive, send)
  File "D:\nhatro\backend\venv\Lib\site-packages\starlette\routing.py", line 776, in app
    await route.handle(scope, receive, send)
  File "D:\nhatro\backend\venv\Lib\site-packages\starlette\routing.py", line 297, in handle
    await self.app(scope, receive, send)
  File "D:\nhatro\backend\venv\Lib\site-packages\starlette\routing.py", line 77, in app
    await wrap_app_handling_exceptions(app, request)(scope, receive, send)
  File "D:\nhatro\backend\venv\Lib\site-packages\starlette\_exception_handler.py", line 64, in wrapped_app
    raise exc
  File "D:\nhatro\backend\venv\Lib\site-packages\starlette\_exception_handler.py", line 53, in wrapped_app
    await app(scope, receive, sender)
  File "D:\nhatro\backend\venv\Lib\site-packages\starlette\routing.py", line 72, in app
    response = await func(request)
               ^^^^^^^^^^^^^^^^^^^
  File "D:\nhatro\backend\venv\Lib\site-packages\fastapi\routing.py", line 278, in app
    raw_response = await run_endpoint_function(
                   ^^^^^^^^^^^^^^^^^^^^^^^^^^^^
  File "D:\nhatro\backend\venv\Lib\site-packages\fastapi\routing.py", line 191, in run_endpoint_function
    return await dependant.call(**values)
           ^^^^^^^^^^^^^^^^^^^^^^^^^^^^^^
  File "D:\nhatro\backend\app\api\v1\endpoints\contracts.py", line 224, in terminate_contract_v2
    return TerminationExecuteResponse(**res.__dict__)
           ^^^^^^^^^^^^^^^^^^^^^^^^^^^^^^^^^^^^^^^^^^
  File "D:\nhatro\backend\venv\Lib\site-packages\pydantic\main.py", line 263, in __init__
    validated_self = self.__pydantic_validator__.validate_python(data, self_instance=self)
                     ^^^^^^^^^^^^^^^^^^^^^^^^^^^^^^^^^^^^^^^^^^^^^^^^^^^^^^^^^^^^^^^^^^^^^
pydantic_core._pydantic_core.ValidationError: 14 validation errors for TerminationExecuteResponse
contractId
  Field required [type=missing, input_value={'contract_id': '6e5bb4f0...d (DEPOSIT_FORFEITURE)'}, input_type=dict]
    For further information visit https://errors.pydantic.dev/2.13/v/missing
contractStatus
  Field required [type=missing, input_value={'contract_id': '6e5bb4f0...d (DEPOSIT_FORFEITURE)'}, input_type=dict]
    For further information visit https://errors.pydantic.dev/2.13/v/missing
terminationType
  Field required [type=missing, input_value={'contract_id': '6e5bb4f0...d (DEPOSIT_FORFEITURE)'}, input_type=dict]
    For further information visit https://errors.pydantic.dev/2.13/v/missing
terminationReason
  Field required [type=missing, input_value={'contract_id': '6e5bb4f0...d (DEPOSIT_FORFEITURE)'}, input_type=dict]
    For further information visit https://errors.pydantic.dev/2.13/v/missing
usedMoney
  Field required [type=missing, input_value={'contract_id': '6e5bb4f0...d (DEPOSIT_FORFEITURE)'}, input_type=dict]
    For further information visit https://errors.pydantic.dev/2.13/v/missing
utilityFee
  Field required [type=missing, input_value={'contract_id': '6e5bb4f0...d (DEPOSIT_FORFEITURE)'}, input_type=dict]
    For further information visit https://errors.pydantic.dev/2.13/v/missing
penaltyFee
  Field required [type=missing, input_value={'contract_id': '6e5bb4f0...d (DEPOSIT_FORFEITURE)'}, input_type=dict]
    For further information visit https://errors.pydantic.dev/2.13/v/missing
damageFee
  Field required [type=missing, input_value={'contract_id': '6e5bb4f0...d (DEPOSIT_FORFEITURE)'}, input_type=dict]
    For further information visit https://errors.pydantic.dev/2.13/v/missing
depositUsed
  Field required [type=missing, input_value={'contract_id': '6e5bb4f0...d (DEPOSIT_FORFEITURE)'}, input_type=dict]
    For further information visit https://errors.pydantic.dev/2.13/v/missing
refundAmount
  Field required [type=missing, input_value={'contract_id': '6e5bb4f0...d (DEPOSIT_FORFEITURE)'}, input_type=dict]
    For further information visit https://errors.pydantic.dev/2.13/v/missing
remainingDebt
  Field required [type=missing, input_value={'contract_id': '6e5bb4f0...d (DEPOSIT_FORFEITURE)'}, input_type=dict]
    For further information visit https://errors.pydantic.dev/2.13/v/missing
needManualReview
  Field required [type=missing, input_value={'contract_id': '6e5bb4f0...d (DEPOSIT_FORFEITURE)'}, input_type=dict]
    For further information visit https://errors.pydantic.dev/2.13/v/missing
terminatedAt
  Field required [type=missing, input_value={'contract_id': '6e5bb4f0...d (DEPOSIT_FORFEITURE)'}, input_type=dict]
    For further information visit https://errors.pydantic.dev/2.13/v/missing
terminatedBy
  Field required [type=missing, input_value={'contract_id': '6e5bb4f0...d (DEPOSIT_FORFEITURE)'}, input_type=dict]
    For further information visit https://errors.pydantic.dev/2.13/v/missing
==============================================

=== GLOBAL EXCEPTION HANDLER AT POST /api/v1/contracts/6e5bb4f0-3b77-4a72-aa22-948fa1dbdbc6/terminate-v2 ===
  + Exception Group Traceback (most recent call last):
  |   File "D:\nhatro\backend\venv\Lib\site-packages\starlette\_utils.py", line 87, in collapse_excgroups
  |     yield
  |   File "D:\nhatro\backend\venv\Lib\site-packages\starlette\middleware\base.py", line 190, in __call__
  |     async with anyio.create_task_group() as task_group:
  |                ^^^^^^^^^^^^^^^^^^^^^^^^^
  |   File "D:\nhatro\backend\venv\Lib\site-packages\anyio\_backends\_asyncio.py", line 799, in __aexit__
  |     raise BaseExceptionGroup(
  | ExceptionGroup: unhandled errors in a TaskGroup (1 sub-exception)
  +-+---------------- 1 ----------------
    | Traceback (most recent call last):
    |   File "D:\nhatro\backend\venv\Lib\site-packages\starlette\middleware\errors.py", line 164, in __call__
    |     await self.app(scope, receive, _send)
    |   File "D:\nhatro\backend\venv\Lib\site-packages\starlette\middleware\base.py", line 189, in __call__
    |     with collapse_excgroups():
    |          ^^^^^^^^^^^^^^^^^^^^
    |   File "C:\Users\ngocson\.cache\codex-runtimes\codex-primary-runtime\dependencies\python\Lib\contextlib.py", line 158, in __exit__
    |     self.gen.throw(value)
    |   File "D:\nhatro\backend\venv\Lib\site-packages\starlette\_utils.py", line 93, in collapse_excgroups
    |     raise exc
    |   File "D:\nhatro\backend\venv\Lib\site-packages\starlette\middleware\base.py", line 191, in __call__
    |     response = await self.dispatch_func(request, call_next)
    |                ^^^^^^^^^^^^^^^^^^^^^^^^^^^^^^^^^^^^^^^^^^^^
    |   File "D:\nhatro\backend\app\main.py", line 149, in rate_limit_middleware
    |     return await call_next(request)
    |            ^^^^^^^^^^^^^^^^^^^^^^^^
    |   File "D:\nhatro\backend\venv\Lib\site-packages\starlette\middleware\base.py", line 165, in call_next
    |     raise app_exc
    |   File "D:\nhatro\backend\venv\Lib\site-packages\starlette\middleware\base.py", line 151, in coro
    |     await self.app(scope, receive_or_disconnect, send_no_error)
    |   File "D:\nhatro\backend\venv\Lib\site-packages\starlette\middleware\base.py", line 189, in __call__
    |     with collapse_excgroups():
    |          ^^^^^^^^^^^^^^^^^^^^
    |   File "C:\Users\ngocson\.cache\codex-runtimes\codex-primary-runtime\dependencies\python\Lib\contextlib.py", line 158, in __exit__
    |     self.gen.throw(value)
    |   File "D:\nhatro\backend\venv\Lib\site-packages\starlette\_utils.py", line 93, in collapse_excgroups
    |     raise exc
    |   File "D:\nhatro\backend\venv\Lib\site-packages\starlette\middleware\base.py", line 191, in __call__
    |     response = await self.dispatch_func(request, call_next)
    |                ^^^^^^^^^^^^^^^^^^^^^^^^^^^^^^^^^^^^^^^^^^^^
    |   File "D:\nhatro\backend\app\main.py", line 115, in add_process_time
    |     response = await call_next(request)
    |                ^^^^^^^^^^^^^^^^^^^^^^^^
    |   File "D:\nhatro\backend\venv\Lib\site-packages\starlette\middleware\base.py", line 165, in call_next
    |     raise app_exc
    |   File "D:\nhatro\backend\venv\Lib\site-packages\starlette\middleware\base.py", line 151, in coro
    |     await self.app(scope, receive_or_disconnect, send_no_error)
    |   File "D:\nhatro\backend\venv\Lib\site-packages\starlette\middleware\base.py", line 189, in __call__
    |     with collapse_excgroups():
    |          ^^^^^^^^^^^^^^^^^^^^
    |   File "C:\Users\ngocson\.cache\codex-runtimes\codex-primary-runtime\dependencies\python\Lib\contextlib.py", line 158, in __exit__
    |     self.gen.throw(value)
    |   File "D:\nhatro\backend\venv\Lib\site-packages\starlette\_utils.py", line 93, in collapse_excgroups
    |     raise exc
    |   File "D:\nhatro\backend\venv\Lib\site-packages\starlette\middleware\base.py", line 191, in __call__
    |     response = await self.dispatch_func(request, call_next)
    |                ^^^^^^^^^^^^^^^^^^^^^^^^^^^^^^^^^^^^^^^^^^^^
    |   File "D:\nhatro\backend\app\main.py", line 108, in add_security_headers
    |     response = await call_next(request)
    |                ^^^^^^^^^^^^^^^^^^^^^^^^
    |   File "D:\nhatro\backend\venv\Lib\site-packages\starlette\middleware\base.py", line 165, in call_next
    |     raise app_exc
    |   File "D:\nhatro\backend\venv\Lib\site-packages\starlette\middleware\base.py", line 151, in coro
    |     await self.app(scope, receive_or_disconnect, send_no_error)
    |   File "D:\nhatro\backend\venv\Lib\site-packages\starlette\middleware\cors.py", line 93, in __call__
    |     await self.simple_response(scope, receive, send, request_headers=headers)
    |   File "D:\nhatro\backend\venv\Lib\site-packages\starlette\middleware\cors.py", line 148, in simple_response
    |     await self.app(scope, receive, send)
    |   File "D:\nhatro\backend\venv\Lib\site-packages\starlette\middleware\exceptions.py", line 65, in __call__
    |     await wrap_app_handling_exceptions(self.app, conn)(scope, receive, send)
    |   File "D:\nhatro\backend\venv\Lib\site-packages\starlette\_exception_handler.py", line 64, in wrapped_app
    |     raise exc
    |   File "D:\nhatro\backend\venv\Lib\site-packages\starlette\_exception_handler.py", line 53, in wrapped_app
    |     await app(scope, receive, sender)
    |   File "D:\nhatro\backend\venv\Lib\site-packages\starlette\routing.py", line 756, in __call__
    |     await self.middleware_stack(scope, receive, send)
    |   File "D:\nhatro\backend\venv\Lib\site-packages\starlette\routing.py", line 776, in app
    |     await route.handle(scope, receive, send)
    |   File "D:\nhatro\backend\venv\Lib\site-packages\starlette\routing.py", line 297, in handle
    |     await self.app(scope, receive, send)
    |   File "D:\nhatro\backend\venv\Lib\site-packages\starlette\routing.py", line 77, in app
    |     await wrap_app_handling_exceptions(app, request)(scope, receive, send)
    |   File "D:\nhatro\backend\venv\Lib\site-packages\starlette\_exception_handler.py", line 64, in wrapped_app
    |     raise exc
    |   File "D:\nhatro\backend\venv\Lib\site-packages\starlette\_exception_handler.py", line 53, in wrapped_app
    |     await app(scope, receive, sender)
    |   File "D:\nhatro\backend\venv\Lib\site-packages\starlette\routing.py", line 72, in app
    |     response = await func(request)
    |                ^^^^^^^^^^^^^^^^^^^
    |   File "D:\nhatro\backend\venv\Lib\site-packages\fastapi\routing.py", line 278, in app
    |     raw_response = await run_endpoint_function(
    |                    ^^^^^^^^^^^^^^^^^^^^^^^^^^^^
    |   File "D:\nhatro\backend\venv\Lib\site-packages\fastapi\routing.py", line 191, in run_endpoint_function
    |     return await dependant.call(**values)
    |            ^^^^^^^^^^^^^^^^^^^^^^^^^^^^^^
    |   File "D:\nhatro\backend\app\api\v1\endpoints\contracts.py", line 224, in terminate_contract_v2
    |     return TerminationExecuteResponse(**res.__dict__)
    |            ^^^^^^^^^^^^^^^^^^^^^^^^^^^^^^^^^^^^^^^^^^
    |   File "D:\nhatro\backend\venv\Lib\site-packages\pydantic\main.py", line 263, in __init__
    |     validated_self = self.__pydantic_validator__.validate_python(data, self_instance=self)
    |                      ^^^^^^^^^^^^^^^^^^^^^^^^^^^^^^^^^^^^^^^^^^^^^^^^^^^^^^^^^^^^^^^^^^^^^
    | pydantic_core._pydantic_core.ValidationError: 14 validation errors for TerminationExecuteResponse
    | contractId
    |   Field required [type=missing, input_value={'contract_id': '6e5bb4f0...d (DEPOSIT_FORFEITURE)'}, input_type=dict]
    |     For further information visit https://errors.pydantic.dev/2.13/v/missing
    | contractStatus
    |   Field required [type=missing, input_value={'contract_id': '6e5bb4f0...d (DEPOSIT_FORFEITURE)'}, input_type=dict]
    |     For further information visit https://errors.pydantic.dev/2.13/v/missing
    | terminationType
    |   Field required [type=missing, input_value={'contract_id': '6e5bb4f0...d (DEPOSIT_FORFEITURE)'}, input_type=dict]
    |     For further information visit https://errors.pydantic.dev/2.13/v/missing
    | terminationReason
    |   Field required [type=missing, input_value={'contract_id': '6e5bb4f0...d (DEPOSIT_FORFEITURE)'}, input_type=dict]
    |     For further information visit https://errors.pydantic.dev/2.13/v/missing
    | usedMoney
    |   Field required [type=missing, input_value={'contract_id': '6e5bb4f0...d (DEPOSIT_FORFEITURE)'}, input_type=dict]
    |     For further information visit https://errors.pydantic.dev/2.13/v/missing
    | utilityFee
    |   Field required [type=missing, input_value={'contract_id': '6e5bb4f0...d (DEPOSIT_FORFEITURE)'}, input_type=dict]
    |     For further information visit https://errors.pydantic.dev/2.13/v/missing
    | penaltyFee
    |   Field required [type=missing, input_value={'contract_id': '6e5bb4f0...d (DEPOSIT_FORFEITURE)'}, input_type=dict]
    |     For further information visit https://errors.pydantic.dev/2.13/v/missing
    | damageFee
    |   Field required [type=missing, input_value={'contract_id': '6e5bb4f0...d (DEPOSIT_FORFEITURE)'}, input_type=dict]
    |     For further information visit https://errors.pydantic.dev/2.13/v/missing
    | depositUsed
    |   Field required [type=missing, input_value={'contract_id': '6e5bb4f0...d (DEPOSIT_FORFEITURE)'}, input_type=dict]
    |     For further information visit https://errors.pydantic.dev/2.13/v/missing
    | refundAmount
    |   Field required [type=missing, input_value={'contract_id': '6e5bb4f0...d (DEPOSIT_FORFEITURE)'}, input_type=dict]
    |     For further information visit https://errors.pydantic.dev/2.13/v/missing
    | remainingDebt
    |   Field required [type=missing, input_value={'contract_id': '6e5bb4f0...d (DEPOSIT_FORFEITURE)'}, input_type=dict]
    |     For further information visit https://errors.pydantic.dev/2.13/v/missing
    | needManualReview
    |   Field required [type=missing, input_value={'contract_id': '6e5bb4f0...d (DEPOSIT_FORFEITURE)'}, input_type=dict]
    |     For further information visit https://errors.pydantic.dev/2.13/v/missing
    | terminatedAt
    |   Field required [type=missing, input_value={'contract_id': '6e5bb4f0...d (DEPOSIT_FORFEITURE)'}, input_type=dict]
    |     For further information visit https://errors.pydantic.dev/2.13/v/missing
    | terminatedBy
    |   Field required [type=missing, input_value={'contract_id': '6e5bb4f0...d (DEPOSIT_FORFEITURE)'}, input_type=dict]
    |     For further information visit https://errors.pydantic.dev/2.13/v/missing
    +------------------------------------

During handling of the above exception, another exception occurred:

Traceback (most recent call last):
  File "D:\nhatro\backend\venv\Lib\site-packages\starlette\middleware\errors.py", line 164, in __call__
    await self.app(scope, receive, _send)
  File "D:\nhatro\backend\venv\Lib\site-packages\starlette\middleware\base.py", line 189, in __call__
    with collapse_excgroups():
         ^^^^^^^^^^^^^^^^^^^^
  File "C:\Users\ngocson\.cache\codex-runtimes\codex-primary-runtime\dependencies\python\Lib\contextlib.py", line 158, in __exit__
    self.gen.throw(value)
  File "D:\nhatro\backend\venv\Lib\site-packages\starlette\_utils.py", line 93, in collapse_excgroups
    raise exc
  File "D:\nhatro\backend\venv\Lib\site-packages\starlette\middleware\base.py", line 191, in __call__
    response = await self.dispatch_func(request, call_next)
               ^^^^^^^^^^^^^^^^^^^^^^^^^^^^^^^^^^^^^^^^^^^^
  File "D:\nhatro\backend\app\main.py", line 149, in rate_limit_middleware
    return await call_next(request)
           ^^^^^^^^^^^^^^^^^^^^^^^^
  File "D:\nhatro\backend\venv\Lib\site-packages\starlette\middleware\base.py", line 165, in call_next
    raise app_exc
  File "D:\nhatro\backend\venv\Lib\site-packages\starlette\middleware\base.py", line 151, in coro
    await self.app(scope, receive_or_disconnect, send_no_error)
  File "D:\nhatro\backend\venv\Lib\site-packages\starlette\middleware\base.py", line 189, in __call__
    with collapse_excgroups():
         ^^^^^^^^^^^^^^^^^^^^
  File "C:\Users\ngocson\.cache\codex-runtimes\codex-primary-runtime\dependencies\python\Lib\contextlib.py", line 158, in __exit__
    self.gen.throw(value)
  File "D:\nhatro\backend\venv\Lib\site-packages\starlette\_utils.py", line 93, in collapse_excgroups
    raise exc
  File "D:\nhatro\backend\venv\Lib\site-packages\starlette\middleware\base.py", line 191, in __call__
    response = await self.dispatch_func(request, call_next)
               ^^^^^^^^^^^^^^^^^^^^^^^^^^^^^^^^^^^^^^^^^^^^
  File "D:\nhatro\backend\app\main.py", line 115, in add_process_time
    response = await call_next(request)
               ^^^^^^^^^^^^^^^^^^^^^^^^
  File "D:\nhatro\backend\venv\Lib\site-packages\starlette\middleware\base.py", line 165, in call_next
    raise app_exc
  File "D:\nhatro\backend\venv\Lib\site-packages\starlette\middleware\base.py", line 151, in coro
    await self.app(scope, receive_or_disconnect, send_no_error)
  File "D:\nhatro\backend\venv\Lib\site-packages\starlette\middleware\base.py", line 189, in __call__
    with collapse_excgroups():
         ^^^^^^^^^^^^^^^^^^^^
  File "C:\Users\ngocson\.cache\codex-runtimes\codex-primary-runtime\dependencies\python\Lib\contextlib.py", line 158, in __exit__
    self.gen.throw(value)
  File "D:\nhatro\backend\venv\Lib\site-packages\starlette\_utils.py", line 93, in collapse_excgroups
    raise exc
  File "D:\nhatro\backend\venv\Lib\site-packages\starlette\middleware\base.py", line 191, in __call__
    response = await self.dispatch_func(request, call_next)
               ^^^^^^^^^^^^^^^^^^^^^^^^^^^^^^^^^^^^^^^^^^^^
  File "D:\nhatro\backend\app\main.py", line 108, in add_security_headers
    response = await call_next(request)
               ^^^^^^^^^^^^^^^^^^^^^^^^
  File "D:\nhatro\backend\venv\Lib\site-packages\starlette\middleware\base.py", line 165, in call_next
    raise app_exc
  File "D:\nhatro\backend\venv\Lib\site-packages\starlette\middleware\base.py", line 151, in coro
    await self.app(scope, receive_or_disconnect, send_no_error)
  File "D:\nhatro\backend\venv\Lib\site-packages\starlette\middleware\cors.py", line 93, in __call__
    await self.simple_response(scope, receive, send, request_headers=headers)
  File "D:\nhatro\backend\venv\Lib\site-packages\starlette\middleware\cors.py", line 148, in simple_response
    await self.app(scope, receive, send)
  File "D:\nhatro\backend\venv\Lib\site-packages\starlette\middleware\exceptions.py", line 65, in __call__
    await wrap_app_handling_exceptions(self.app, conn)(scope, receive, send)
  File "D:\nhatro\backend\venv\Lib\site-packages\starlette\_exception_handler.py", line 64, in wrapped_app
    raise exc
  File "D:\nhatro\backend\venv\Lib\site-packages\starlette\_exception_handler.py", line 53, in wrapped_app
    await app(scope, receive, sender)
  File "D:\nhatro\backend\venv\Lib\site-packages\starlette\routing.py", line 756, in __call__
    await self.middleware_stack(scope, receive, send)
  File "D:\nhatro\backend\venv\Lib\site-packages\starlette\routing.py", line 776, in app
    await route.handle(scope, receive, send)
  File "D:\nhatro\backend\venv\Lib\site-packages\starlette\routing.py", line 297, in handle
    await self.app(scope, receive, send)
  File "D:\nhatro\backend\venv\Lib\site-packages\starlette\routing.py", line 77, in app
    await wrap_app_handling_exceptions(app, request)(scope, receive, send)
  File "D:\nhatro\backend\venv\Lib\site-packages\starlette\_exception_handler.py", line 64, in wrapped_app
    raise exc
  File "D:\nhatro\backend\venv\Lib\site-packages\starlette\_exception_handler.py", line 53, in wrapped_app
    await app(scope, receive, sender)
  File "D:\nhatro\backend\venv\Lib\site-packages\starlette\routing.py", line 72, in app
    response = await func(request)
               ^^^^^^^^^^^^^^^^^^^
  File "D:\nhatro\backend\venv\Lib\site-packages\fastapi\routing.py", line 278, in app
    raw_response = await run_endpoint_function(
                   ^^^^^^^^^^^^^^^^^^^^^^^^^^^^
  File "D:\nhatro\backend\venv\Lib\site-packages\fastapi\routing.py", line 191, in run_endpoint_function
    return await dependant.call(**values)
           ^^^^^^^^^^^^^^^^^^^^^^^^^^^^^^
  File "D:\nhatro\backend\app\api\v1\endpoints\contracts.py", line 224, in terminate_contract_v2
    return TerminationExecuteResponse(**res.__dict__)
           ^^^^^^^^^^^^^^^^^^^^^^^^^^^^^^^^^^^^^^^^^^
  File "D:\nhatro\backend\venv\Lib\site-packages\pydantic\main.py", line 263, in __init__
    validated_self = self.__pydantic_validator__.validate_python(data, self_instance=self)
                     ^^^^^^^^^^^^^^^^^^^^^^^^^^^^^^^^^^^^^^^^^^^^^^^^^^^^^^^^^^^^^^^^^^^^^
pydantic_core._pydantic_core.ValidationError: 14 validation errors for TerminationExecuteResponse
contractId
  Field required [type=missing, input_value={'contract_id': '6e5bb4f0...d (DEPOSIT_FORFEITURE)'}, input_type=dict]
    For further information visit https://errors.pydantic.dev/2.13/v/missing
contractStatus
  Field required [type=missing, input_value={'contract_id': '6e5bb4f0...d (DEPOSIT_FORFEITURE)'}, input_type=dict]
    For further information visit https://errors.pydantic.dev/2.13/v/missing
terminationType
  Field required [type=missing, input_value={'contract_id': '6e5bb4f0...d (DEPOSIT_FORFEITURE)'}, input_type=dict]
    For further information visit https://errors.pydantic.dev/2.13/v/missing
terminationReason
  Field required [type=missing, input_value={'contract_id': '6e5bb4f0...d (DEPOSIT_FORFEITURE)'}, input_type=dict]
    For further information visit https://errors.pydantic.dev/2.13/v/missing
usedMoney
  Field required [type=missing, input_value={'contract_id': '6e5bb4f0...d (DEPOSIT_FORFEITURE)'}, input_type=dict]
    For further information visit https://errors.pydantic.dev/2.13/v/missing
utilityFee
  Field required [type=missing, input_value={'contract_id': '6e5bb4f0...d (DEPOSIT_FORFEITURE)'}, input_type=dict]
    For further information visit https://errors.pydantic.dev/2.13/v/missing
penaltyFee
  Field required [type=missing, input_value={'contract_id': '6e5bb4f0...d (DEPOSIT_FORFEITURE)'}, input_type=dict]
    For further information visit https://errors.pydantic.dev/2.13/v/missing
damageFee
  Field required [type=missing, input_value={'contract_id': '6e5bb4f0...d (DEPOSIT_FORFEITURE)'}, input_type=dict]
    For further information visit https://errors.pydantic.dev/2.13/v/missing
depositUsed
  Field required [type=missing, input_value={'contract_id': '6e5bb4f0...d (DEPOSIT_FORFEITURE)'}, input_type=dict]
    For further information visit https://errors.pydantic.dev/2.13/v/missing
refundAmount
  Field required [type=missing, input_value={'contract_id': '6e5bb4f0...d (DEPOSIT_FORFEITURE)'}, input_type=dict]
    For further information visit https://errors.pydantic.dev/2.13/v/missing
remainingDebt
  Field required [type=missing, input_value={'contract_id': '6e5bb4f0...d (DEPOSIT_FORFEITURE)'}, input_type=dict]
    For further information visit https://errors.pydantic.dev/2.13/v/missing
needManualReview
  Field required [type=missing, input_value={'contract_id': '6e5bb4f0...d (DEPOSIT_FORFEITURE)'}, input_type=dict]
    For further information visit https://errors.pydantic.dev/2.13/v/missing
terminatedAt
  Field required [type=missing, input_value={'contract_id': '6e5bb4f0...d (DEPOSIT_FORFEITURE)'}, input_type=dict]
    For further information visit https://errors.pydantic.dev/2.13/v/missing
terminatedBy
  Field required [type=missing, input_value={'contract_id': '6e5bb4f0...d (DEPOSIT_FORFEITURE)'}, input_type=dict]
    For further information visit https://errors.pydantic.dev/2.13/v/missing
==============================================

=== GLOBAL EXCEPTION HANDLER AT POST /api/v1/contracts/6e5bb4f0-3b77-4a72-aa22-948fa1dbdbc6/terminate-v2 ===
Traceback (most recent call last):
  File "D:\nhatro\backend\venv\Lib\site-packages\sqlalchemy\dialects\postgresql\asyncpg.py", line 514, in _prepare_and_execute
    prepared_stmt, attributes = await adapt_connection._prepare(
                                ^^^^^^^^^^^^^^^^^^^^^^^^^^^^^^^^
  File "D:\nhatro\backend\venv\Lib\site-packages\sqlalchemy\dialects\postgresql\asyncpg.py", line 747, in _prepare
    prepared_stmt = await self._connection.prepare(
                    ^^^^^^^^^^^^^^^^^^^^^^^^^^^^^^^
  File "D:\nhatro\backend\venv\Lib\site-packages\asyncpg\connection.py", line 636, in prepare
    return await self._prepare(
           ^^^^^^^^^^^^^^^^^^^^
  File "D:\nhatro\backend\venv\Lib\site-packages\asyncpg\connection.py", line 654, in _prepare
    stmt = await self._get_statement(
           ^^^^^^^^^^^^^^^^^^^^^^^^^^
  File "D:\nhatro\backend\venv\Lib\site-packages\asyncpg\connection.py", line 433, in _get_statement
    statement = await self._protocol.prepare(
                ^^^^^^^^^^^^^^^^^^^^^^^^^^^^^
  File "asyncpg\protocol\protocol.pyx", line 166, in prepare
asyncpg.exceptions.DuplicatePreparedStatementError: prepared statement "__asyncpg_stmt_4d__" already exists
HINT:  
NOTE: pgbouncer with pool_mode set to "transaction" or
"statement" does not support prepared statements properly.
You have two options:

* if you are using pgbouncer for connection pooling to a
  single server, switch to the connection pool functionality
  provided by asyncpg, it is a much better option for this
  purpose;

* if you have no option of avoiding the use of pgbouncer,
  then you can set statement_cache_size to 0 when creating
  the asyncpg connection object.


The above exception was the direct cause of the following exception:

Traceback (most recent call last):
  File "D:\nhatro\backend\venv\Lib\site-packages\sqlalchemy\engine\base.py", line 1967, in _exec_single_context
    self.dialect.do_execute(
  File "D:\nhatro\backend\venv\Lib\site-packages\sqlalchemy\engine\default.py", line 924, in do_execute
    cursor.execute(statement, parameters)
  File "D:\nhatro\backend\venv\Lib\site-packages\sqlalchemy\dialects\postgresql\asyncpg.py", line 572, in execute
    self._adapt_connection.await_(
  File "D:\nhatro\backend\venv\Lib\site-packages\sqlalchemy\util\_concurrency_py3k.py", line 131, in await_only
    return current.driver.switch(awaitable)  # type: ignore[no-any-return]
           ^^^^^^^^^^^^^^^^^^^^^^^^^^^^^^^^
  File "D:\nhatro\backend\venv\Lib\site-packages\sqlalchemy\util\_concurrency_py3k.py", line 196, in greenlet_spawn
    value = await result
            ^^^^^^^^^^^^
  File "D:\nhatro\backend\venv\Lib\site-packages\sqlalchemy\dialects\postgresql\asyncpg.py", line 550, in _prepare_and_execute
    self._handle_exception(error)
  File "D:\nhatro\backend\venv\Lib\site-packages\sqlalchemy\dialects\postgresql\asyncpg.py", line 501, in _handle_exception
    self._adapt_connection._handle_exception(error)
  File "D:\nhatro\backend\venv\Lib\site-packages\sqlalchemy\dialects\postgresql\asyncpg.py", line 789, in _handle_exception
    raise translated_error from error
sqlalchemy.dialects.postgresql.asyncpg.AsyncAdapt_asyncpg_dbapi.ProgrammingError: <class 'asyncpg.exceptions.DuplicatePreparedStatementError'>: prepared statement "__asyncpg_stmt_4d__" already exists
HINT:  
NOTE: pgbouncer with pool_mode set to "transaction" or
"statement" does not support prepared statements properly.
You have two options:

* if you are using pgbouncer for connection pooling to a
  single server, switch to the connection pool functionality
  provided by asyncpg, it is a much better option for this
  purpose;

* if you have no option of avoiding the use of pgbouncer,
  then you can set statement_cache_size to 0 when creating
  the asyncpg connection object.


The above exception was the direct cause of the following exception:

Traceback (most recent call last):
  File "D:\nhatro\backend\venv\Lib\site-packages\starlette\middleware\errors.py", line 164, in __call__
    await self.app(scope, receive, _send)
  File "D:\nhatro\backend\venv\Lib\site-packages\starlette\middleware\base.py", line 189, in __call__
    with collapse_excgroups():
         ^^^^^^^^^^^^^^^^^^^^
  File "C:\Users\ngocson\.cache\codex-runtimes\codex-primary-runtime\dependencies\python\Lib\contextlib.py", line 158, in __exit__
    self.gen.throw(value)
  File "D:\nhatro\backend\venv\Lib\site-packages\starlette\_utils.py", line 93, in collapse_excgroups
    raise exc
  File "D:\nhatro\backend\venv\Lib\site-packages\starlette\middleware\base.py", line 191, in __call__
    response = await self.dispatch_func(request, call_next)
               ^^^^^^^^^^^^^^^^^^^^^^^^^^^^^^^^^^^^^^^^^^^^
  File "D:\nhatro\backend\app\main.py", line 149, in rate_limit_middleware
    return await call_next(request)
           ^^^^^^^^^^^^^^^^^^^^^^^^
  File "D:\nhatro\backend\venv\Lib\site-packages\starlette\middleware\base.py", line 165, in call_next
    raise app_exc
  File "D:\nhatro\backend\venv\Lib\site-packages\starlette\middleware\base.py", line 151, in coro
    await self.app(scope, receive_or_disconnect, send_no_error)
  File "D:\nhatro\backend\venv\Lib\site-packages\starlette\middleware\base.py", line 189, in __call__
    with collapse_excgroups():
         ^^^^^^^^^^^^^^^^^^^^
  File "C:\Users\ngocson\.cache\codex-runtimes\codex-primary-runtime\dependencies\python\Lib\contextlib.py", line 158, in __exit__
    self.gen.throw(value)
  File "D:\nhatro\backend\venv\Lib\site-packages\starlette\_utils.py", line 93, in collapse_excgroups
    raise exc
  File "D:\nhatro\backend\venv\Lib\site-packages\starlette\middleware\base.py", line 191, in __call__
    response = await self.dispatch_func(request, call_next)
               ^^^^^^^^^^^^^^^^^^^^^^^^^^^^^^^^^^^^^^^^^^^^
  File "D:\nhatro\backend\app\main.py", line 115, in add_process_time
    response = await call_next(request)
               ^^^^^^^^^^^^^^^^^^^^^^^^
  File "D:\nhatro\backend\venv\Lib\site-packages\starlette\middleware\base.py", line 165, in call_next
    raise app_exc
  File "D:\nhatro\backend\venv\Lib\site-packages\starlette\middleware\base.py", line 151, in coro
    await self.app(scope, receive_or_disconnect, send_no_error)
  File "D:\nhatro\backend\venv\Lib\site-packages\starlette\middleware\base.py", line 189, in __call__
    with collapse_excgroups():
         ^^^^^^^^^^^^^^^^^^^^
  File "C:\Users\ngocson\.cache\codex-runtimes\codex-primary-runtime\dependencies\python\Lib\contextlib.py", line 158, in __exit__
    self.gen.throw(value)
  File "D:\nhatro\backend\venv\Lib\site-packages\starlette\_utils.py", line 93, in collapse_excgroups
    raise exc
  File "D:\nhatro\backend\venv\Lib\site-packages\starlette\middleware\base.py", line 191, in __call__
    response = await self.dispatch_func(request, call_next)
               ^^^^^^^^^^^^^^^^^^^^^^^^^^^^^^^^^^^^^^^^^^^^
  File "D:\nhatro\backend\app\main.py", line 108, in add_security_headers
    response = await call_next(request)
               ^^^^^^^^^^^^^^^^^^^^^^^^
  File "D:\nhatro\backend\venv\Lib\site-packages\starlette\middleware\base.py", line 165, in call_next
    raise app_exc
  File "D:\nhatro\backend\venv\Lib\site-packages\starlette\middleware\base.py", line 151, in coro
    await self.app(scope, receive_or_disconnect, send_no_error)
  File "D:\nhatro\backend\venv\Lib\site-packages\starlette\middleware\cors.py", line 93, in __call__
    await self.simple_response(scope, receive, send, request_headers=headers)
  File "D:\nhatro\backend\venv\Lib\site-packages\starlette\middleware\cors.py", line 148, in simple_response
    await self.app(scope, receive, send)
  File "D:\nhatro\backend\venv\Lib\site-packages\starlette\middleware\exceptions.py", line 65, in __call__
    await wrap_app_handling_exceptions(self.app, conn)(scope, receive, send)
  File "D:\nhatro\backend\venv\Lib\site-packages\starlette\_exception_handler.py", line 64, in wrapped_app
    raise exc
  File "D:\nhatro\backend\venv\Lib\site-packages\starlette\_exception_handler.py", line 53, in wrapped_app
    await app(scope, receive, sender)
  File "D:\nhatro\backend\venv\Lib\site-packages\starlette\routing.py", line 756, in __call__
    await self.middleware_stack(scope, receive, send)
  File "D:\nhatro\backend\venv\Lib\site-packages\starlette\routing.py", line 776, in app
    await route.handle(scope, receive, send)
  File "D:\nhatro\backend\venv\Lib\site-packages\starlette\routing.py", line 297, in handle
    await self.app(scope, receive, send)
  File "D:\nhatro\backend\venv\Lib\site-packages\starlette\routing.py", line 77, in app
    await wrap_app_handling_exceptions(app, request)(scope, receive, send)
  File "D:\nhatro\backend\venv\Lib\site-packages\starlette\_exception_handler.py", line 64, in wrapped_app
    raise exc
  File "D:\nhatro\backend\venv\Lib\site-packages\starlette\_exception_handler.py", line 53, in wrapped_app
    await app(scope, receive, sender)
  File "D:\nhatro\backend\venv\Lib\site-packages\starlette\routing.py", line 72, in app
    response = await func(request)
               ^^^^^^^^^^^^^^^^^^^
  File "D:\nhatro\backend\venv\Lib\site-packages\fastapi\routing.py", line 278, in app
    raw_response = await run_endpoint_function(
                   ^^^^^^^^^^^^^^^^^^^^^^^^^^^^
  File "D:\nhatro\backend\venv\Lib\site-packages\fastapi\routing.py", line 191, in run_endpoint_function
    return await dependant.call(**values)
           ^^^^^^^^^^^^^^^^^^^^^^^^^^^^^^
  File "D:\nhatro\backend\app\api\v1\endpoints\contracts.py", line 204, in terminate_contract_v2
    res = await service.execute(
          ^^^^^^^^^^^^^^^^^^^^^^
  File "D:\nhatro\backend\app\services\termination_service.py", line 179, in execute
    history = await self._create_history(
              ^^^^^^^^^^^^^^^^^^^^^^^^^^^
  File "D:\nhatro\backend\app\services\termination_service.py", line 516, in _create_history
    await self.db.flush()
  File "D:\nhatro\backend\venv\Lib\site-packages\sqlalchemy\ext\asyncio\session.py", line 800, in flush
    await greenlet_spawn(self.sync_session.flush, objects=objects)
  File "D:\nhatro\backend\venv\Lib\site-packages\sqlalchemy\util\_concurrency_py3k.py", line 203, in greenlet_spawn
    result = context.switch(value)
             ^^^^^^^^^^^^^^^^^^^^^
  File "D:\nhatro\backend\venv\Lib\site-packages\sqlalchemy\orm\session.py", line 4341, in flush
    self._flush(objects)
  File "D:\nhatro\backend\venv\Lib\site-packages\sqlalchemy\orm\session.py", line 4476, in _flush
    with util.safe_reraise():
         ^^^^^^^^^^^^^^^^^^^
  File "D:\nhatro\backend\venv\Lib\site-packages\sqlalchemy\util\langhelpers.py", line 146, in __exit__
    raise exc_value.with_traceback(exc_tb)
  File "D:\nhatro\backend\venv\Lib\site-packages\sqlalchemy\orm\session.py", line 4437, in _flush
    flush_context.execute()
  File "D:\nhatro\backend\venv\Lib\site-packages\sqlalchemy\orm\unitofwork.py", line 466, in execute
    rec.execute(self)
  File "D:\nhatro\backend\venv\Lib\site-packages\sqlalchemy\orm\unitofwork.py", line 642, in execute
    util.preloaded.orm_persistence.save_obj(
  File "D:\nhatro\backend\venv\Lib\site-packages\sqlalchemy\orm\persistence.py", line 93, in save_obj
    _emit_insert_statements(
  File "D:\nhatro\backend\venv\Lib\site-packages\sqlalchemy\orm\persistence.py", line 1233, in _emit_insert_statements
    result = connection.execute(
             ^^^^^^^^^^^^^^^^^^^
  File "D:\nhatro\backend\venv\Lib\site-packages\sqlalchemy\engine\base.py", line 1418, in execute
    return meth(
           ^^^^^
  File "D:\nhatro\backend\venv\Lib\site-packages\sqlalchemy\sql\elements.py", line 515, in _execute_on_connection
    return connection._execute_clauseelement(
           ^^^^^^^^^^^^^^^^^^^^^^^^^^^^^^^^^^
  File "D:\nhatro\backend\venv\Lib\site-packages\sqlalchemy\engine\base.py", line 1640, in _execute_clauseelement
    ret = self._execute_context(
          ^^^^^^^^^^^^^^^^^^^^^^
  File "D:\nhatro\backend\venv\Lib\site-packages\sqlalchemy\engine\base.py", line 1846, in _execute_context
    return self._exec_single_context(
           ^^^^^^^^^^^^^^^^^^^^^^^^^^
  File "D:\nhatro\backend\venv\Lib\site-packages\sqlalchemy\engine\base.py", line 1986, in _exec_single_context
    self._handle_dbapi_exception(
  File "D:\nhatro\backend\venv\Lib\site-packages\sqlalchemy\engine\base.py", line 2353, in _handle_dbapi_exception
    raise sqlalchemy_exception.with_traceback(exc_info[2]) from e
  File "D:\nhatro\backend\venv\Lib\site-packages\sqlalchemy\engine\base.py", line 1967, in _exec_single_context
    self.dialect.do_execute(
  File "D:\nhatro\backend\venv\Lib\site-packages\sqlalchemy\engine\default.py", line 924, in do_execute
    cursor.execute(statement, parameters)
  File "D:\nhatro\backend\venv\Lib\site-packages\sqlalchemy\dialects\postgresql\asyncpg.py", line 572, in execute
    self._adapt_connection.await_(
  File "D:\nhatro\backend\venv\Lib\site-packages\sqlalchemy\util\_concurrency_py3k.py", line 131, in await_only
    return current.driver.switch(awaitable)  # type: ignore[no-any-return]
           ^^^^^^^^^^^^^^^^^^^^^^^^^^^^^^^^
  File "D:\nhatro\backend\venv\Lib\site-packages\sqlalchemy\util\_concurrency_py3k.py", line 196, in greenlet_spawn
    value = await result
            ^^^^^^^^^^^^
  File "D:\nhatro\backend\venv\Lib\site-packages\sqlalchemy\dialects\postgresql\asyncpg.py", line 550, in _prepare_and_execute
    self._handle_exception(error)
  File "D:\nhatro\backend\venv\Lib\site-packages\sqlalchemy\dialects\postgresql\asyncpg.py", line 501, in _handle_exception
    self._adapt_connection._handle_exception(error)
  File "D:\nhatro\backend\venv\Lib\site-packages\sqlalchemy\dialects\postgresql\asyncpg.py", line 789, in _handle_exception
    raise translated_error from error
sqlalchemy.exc.ProgrammingError: (sqlalchemy.dialects.postgresql.asyncpg.ProgrammingError) <class 'asyncpg.exceptions.DuplicatePreparedStatementError'>: prepared statement "__asyncpg_stmt_4d__" already exists
HINT:  
NOTE: pgbouncer with pool_mode set to "transaction" or
"statement" does not support prepared statements properly.
You have two options:

* if you are using pgbouncer for connection pooling to a
  single server, switch to the connection pool functionality
  provided by asyncpg, it is a much better option for this
  purpose;

* if you have no option of avoiding the use of pgbouncer,
  then you can set statement_cache_size to 0 when creating
  the asyncpg connection object.

[SQL: INSERT INTO deposit_transactions (id, organization_id, contract_id, amount, type, reason, performed_by) VALUES ($1::UUID, $2::UUID, $3::UUID, $4::BIGINT, $5::depositaction, $6::VARCHAR, $7::UUID) RETURNING deposit_transactions.created_at]
[parameters: ('6c56b053-b0a0-4eb5-9047-41f0fdf0b4dd', 'b9b6fe0a-d0d7-4ac3-9b53-5f8482c293a2', '6e5bb4f0-3b77-4a72-aa22-948fa1dbdbc6', 1000000, 'DEDUCTION', 'Tự động cấn trừ tiền cọc cho hóa đơn chốt (ABANDONED_ROOM)', 'fe883956-1f87-44f8-9564-e695d649ec3e')]
(Background on this error at: https://sqlalche.me/e/20/f405)
==============================================

=== GLOBAL EXCEPTION HANDLER AT GET /api/v1/contracts ===
Traceback (most recent call last):
  File "D:\nhatro\backend\venv\Lib\site-packages\sqlalchemy\dialects\postgresql\asyncpg.py", line 514, in _prepare_and_execute
    prepared_stmt, attributes = await adapt_connection._prepare(
                                ^^^^^^^^^^^^^^^^^^^^^^^^^^^^^^^^
  File "D:\nhatro\backend\venv\Lib\site-packages\sqlalchemy\dialects\postgresql\asyncpg.py", line 747, in _prepare
    prepared_stmt = await self._connection.prepare(
                    ^^^^^^^^^^^^^^^^^^^^^^^^^^^^^^^
  File "D:\nhatro\backend\venv\Lib\site-packages\asyncpg\connection.py", line 636, in prepare
    return await self._prepare(
           ^^^^^^^^^^^^^^^^^^^^
  File "D:\nhatro\backend\venv\Lib\site-packages\asyncpg\connection.py", line 654, in _prepare
    stmt = await self._get_statement(
           ^^^^^^^^^^^^^^^^^^^^^^^^^^
  File "D:\nhatro\backend\venv\Lib\site-packages\asyncpg\connection.py", line 433, in _get_statement
    statement = await self._protocol.prepare(
                ^^^^^^^^^^^^^^^^^^^^^^^^^^^^^
  File "asyncpg\protocol\protocol.pyx", line 166, in prepare
asyncpg.exceptions.DuplicatePreparedStatementError: prepared statement "__asyncpg_stmt_53__" already exists
HINT:  
NOTE: pgbouncer with pool_mode set to "transaction" or
"statement" does not support prepared statements properly.
You have two options:

* if you are using pgbouncer for connection pooling to a
  single server, switch to the connection pool functionality
  provided by asyncpg, it is a much better option for this
  purpose;

* if you have no option of avoiding the use of pgbouncer,
  then you can set statement_cache_size to 0 when creating
  the asyncpg connection object.


The above exception was the direct cause of the following exception:

Traceback (most recent call last):
  File "D:\nhatro\backend\venv\Lib\site-packages\sqlalchemy\engine\base.py", line 1967, in _exec_single_context
    self.dialect.do_execute(
  File "D:\nhatro\backend\venv\Lib\site-packages\sqlalchemy\engine\default.py", line 924, in do_execute
    cursor.execute(statement, parameters)
  File "D:\nhatro\backend\venv\Lib\site-packages\sqlalchemy\dialects\postgresql\asyncpg.py", line 572, in execute
    self._adapt_connection.await_(
  File "D:\nhatro\backend\venv\Lib\site-packages\sqlalchemy\util\_concurrency_py3k.py", line 131, in await_only
    return current.driver.switch(awaitable)  # type: ignore[no-any-return]
           ^^^^^^^^^^^^^^^^^^^^^^^^^^^^^^^^
  File "D:\nhatro\backend\venv\Lib\site-packages\sqlalchemy\util\_concurrency_py3k.py", line 196, in greenlet_spawn
    value = await result
            ^^^^^^^^^^^^
  File "D:\nhatro\backend\venv\Lib\site-packages\sqlalchemy\dialects\postgresql\asyncpg.py", line 550, in _prepare_and_execute
    self._handle_exception(error)
  File "D:\nhatro\backend\venv\Lib\site-packages\sqlalchemy\dialects\postgresql\asyncpg.py", line 501, in _handle_exception
    self._adapt_connection._handle_exception(error)
  File "D:\nhatro\backend\venv\Lib\site-packages\sqlalchemy\dialects\postgresql\asyncpg.py", line 789, in _handle_exception
    raise translated_error from error
sqlalchemy.dialects.postgresql.asyncpg.AsyncAdapt_asyncpg_dbapi.ProgrammingError: <class 'asyncpg.exceptions.DuplicatePreparedStatementError'>: prepared statement "__asyncpg_stmt_53__" already exists
HINT:  
NOTE: pgbouncer with pool_mode set to "transaction" or
"statement" does not support prepared statements properly.
You have two options:

* if you are using pgbouncer for connection pooling to a
  single server, switch to the connection pool functionality
  provided by asyncpg, it is a much better option for this
  purpose;

* if you have no option of avoiding the use of pgbouncer,
  then you can set statement_cache_size to 0 when creating
  the asyncpg connection object.


The above exception was the direct cause of the following exception:

Traceback (most recent call last):
  File "D:\nhatro\backend\venv\Lib\site-packages\starlette\middleware\errors.py", line 164, in __call__
    await self.app(scope, receive, _send)
  File "D:\nhatro\backend\venv\Lib\site-packages\starlette\middleware\base.py", line 189, in __call__
    with collapse_excgroups():
         ^^^^^^^^^^^^^^^^^^^^
  File "C:\Users\ngocson\.cache\codex-runtimes\codex-primary-runtime\dependencies\python\Lib\contextlib.py", line 158, in __exit__
    self.gen.throw(value)
  File "D:\nhatro\backend\venv\Lib\site-packages\starlette\_utils.py", line 93, in collapse_excgroups
    raise exc
  File "D:\nhatro\backend\venv\Lib\site-packages\starlette\middleware\base.py", line 191, in __call__
    response = await self.dispatch_func(request, call_next)
               ^^^^^^^^^^^^^^^^^^^^^^^^^^^^^^^^^^^^^^^^^^^^
  File "D:\nhatro\backend\app\main.py", line 149, in rate_limit_middleware
    return await call_next(request)
           ^^^^^^^^^^^^^^^^^^^^^^^^
  File "D:\nhatro\backend\venv\Lib\site-packages\starlette\middleware\base.py", line 165, in call_next
    raise app_exc
  File "D:\nhatro\backend\venv\Lib\site-packages\starlette\middleware\base.py", line 151, in coro
    await self.app(scope, receive_or_disconnect, send_no_error)
  File "D:\nhatro\backend\venv\Lib\site-packages\starlette\middleware\base.py", line 189, in __call__
    with collapse_excgroups():
         ^^^^^^^^^^^^^^^^^^^^
  File "C:\Users\ngocson\.cache\codex-runtimes\codex-primary-runtime\dependencies\python\Lib\contextlib.py", line 158, in __exit__
    self.gen.throw(value)
  File "D:\nhatro\backend\venv\Lib\site-packages\starlette\_utils.py", line 93, in collapse_excgroups
    raise exc
  File "D:\nhatro\backend\venv\Lib\site-packages\starlette\middleware\base.py", line 191, in __call__
    response = await self.dispatch_func(request, call_next)
               ^^^^^^^^^^^^^^^^^^^^^^^^^^^^^^^^^^^^^^^^^^^^
  File "D:\nhatro\backend\app\main.py", line 115, in add_process_time
    response = await call_next(request)
               ^^^^^^^^^^^^^^^^^^^^^^^^
  File "D:\nhatro\backend\venv\Lib\site-packages\starlette\middleware\base.py", line 165, in call_next
    raise app_exc
  File "D:\nhatro\backend\venv\Lib\site-packages\starlette\middleware\base.py", line 151, in coro
    await self.app(scope, receive_or_disconnect, send_no_error)
  File "D:\nhatro\backend\venv\Lib\site-packages\starlette\middleware\base.py", line 189, in __call__
    with collapse_excgroups():
         ^^^^^^^^^^^^^^^^^^^^
  File "C:\Users\ngocson\.cache\codex-runtimes\codex-primary-runtime\dependencies\python\Lib\contextlib.py", line 158, in __exit__
    self.gen.throw(value)
  File "D:\nhatro\backend\venv\Lib\site-packages\starlette\_utils.py", line 93, in collapse_excgroups
    raise exc
  File "D:\nhatro\backend\venv\Lib\site-packages\starlette\middleware\base.py", line 191, in __call__
    response = await self.dispatch_func(request, call_next)
               ^^^^^^^^^^^^^^^^^^^^^^^^^^^^^^^^^^^^^^^^^^^^
  File "D:\nhatro\backend\app\main.py", line 108, in add_security_headers
    response = await call_next(request)
               ^^^^^^^^^^^^^^^^^^^^^^^^
  File "D:\nhatro\backend\venv\Lib\site-packages\starlette\middleware\base.py", line 165, in call_next
    raise app_exc
  File "D:\nhatro\backend\venv\Lib\site-packages\starlette\middleware\base.py", line 151, in coro
    await self.app(scope, receive_or_disconnect, send_no_error)
  File "D:\nhatro\backend\venv\Lib\site-packages\starlette\middleware\cors.py", line 93, in __call__
    await self.simple_response(scope, receive, send, request_headers=headers)
  File "D:\nhatro\backend\venv\Lib\site-packages\starlette\middleware\cors.py", line 148, in simple_response
    await self.app(scope, receive, send)
  File "D:\nhatro\backend\venv\Lib\site-packages\starlette\middleware\exceptions.py", line 65, in __call__
    await wrap_app_handling_exceptions(self.app, conn)(scope, receive, send)
  File "D:\nhatro\backend\venv\Lib\site-packages\starlette\_exception_handler.py", line 64, in wrapped_app
    raise exc
  File "D:\nhatro\backend\venv\Lib\site-packages\starlette\_exception_handler.py", line 53, in wrapped_app
    await app(scope, receive, sender)
  File "D:\nhatro\backend\venv\Lib\site-packages\starlette\routing.py", line 756, in __call__
    await self.middleware_stack(scope, receive, send)
  File "D:\nhatro\backend\venv\Lib\site-packages\starlette\routing.py", line 776, in app
    await route.handle(scope, receive, send)
  File "D:\nhatro\backend\venv\Lib\site-packages\starlette\routing.py", line 297, in handle
    await self.app(scope, receive, send)
  File "D:\nhatro\backend\venv\Lib\site-packages\starlette\routing.py", line 77, in app
    await wrap_app_handling_exceptions(app, request)(scope, receive, send)
  File "D:\nhatro\backend\venv\Lib\site-packages\starlette\_exception_handler.py", line 64, in wrapped_app
    raise exc
  File "D:\nhatro\backend\venv\Lib\site-packages\starlette\_exception_handler.py", line 53, in wrapped_app
    await app(scope, receive, sender)
  File "D:\nhatro\backend\venv\Lib\site-packages\starlette\routing.py", line 72, in app
    response = await func(request)
               ^^^^^^^^^^^^^^^^^^^
  File "D:\nhatro\backend\venv\Lib\site-packages\fastapi\routing.py", line 269, in app
    solved_result = await solve_dependencies(
                    ^^^^^^^^^^^^^^^^^^^^^^^^^
  File "D:\nhatro\backend\venv\Lib\site-packages\fastapi\dependencies\utils.py", line 572, in solve_dependencies
    solved_result = await solve_dependencies(
                    ^^^^^^^^^^^^^^^^^^^^^^^^^
  File "D:\nhatro\backend\venv\Lib\site-packages\fastapi\dependencies\utils.py", line 600, in solve_dependencies
    solved = await call(**sub_values)
             ^^^^^^^^^^^^^^^^^^^^^^^^
  File "D:\nhatro\backend\app\api\deps.py", line 109, in get_current_organization
    result = await db.execute(
             ^^^^^^^^^^^^^^^^^
  File "D:\nhatro\backend\venv\Lib\site-packages\sqlalchemy\ext\asyncio\session.py", line 461, in execute
    result = await greenlet_spawn(
             ^^^^^^^^^^^^^^^^^^^^^
  File "D:\nhatro\backend\venv\Lib\site-packages\sqlalchemy\util\_concurrency_py3k.py", line 201, in greenlet_spawn
    result = context.throw(*sys.exc_info())
             ^^^^^^^^^^^^^^^^^^^^^^^^^^^^^^
  File "D:\nhatro\backend\venv\Lib\site-packages\sqlalchemy\orm\session.py", line 2351, in execute
    return self._execute_internal(
           ^^^^^^^^^^^^^^^^^^^^^^^
  File "D:\nhatro\backend\venv\Lib\site-packages\sqlalchemy\orm\session.py", line 2236, in _execute_internal
    result: Result[Any] = compile_state_cls.orm_execute_statement(
                          ^^^^^^^^^^^^^^^^^^^^^^^^^^^^^^^^^^^^^^^^
  File "D:\nhatro\backend\venv\Lib\site-packages\sqlalchemy\orm\context.py", line 293, in orm_execute_statement
    result = conn.execute(
             ^^^^^^^^^^^^^
  File "D:\nhatro\backend\venv\Lib\site-packages\sqlalchemy\engine\base.py", line 1418, in execute
    return meth(
           ^^^^^
  File "D:\nhatro\backend\venv\Lib\site-packages\sqlalchemy\sql\elements.py", line 515, in _execute_on_connection
    return connection._execute_clauseelement(
           ^^^^^^^^^^^^^^^^^^^^^^^^^^^^^^^^^^
  File "D:\nhatro\backend\venv\Lib\site-packages\sqlalchemy\engine\base.py", line 1640, in _execute_clauseelement
    ret = self._execute_context(
          ^^^^^^^^^^^^^^^^^^^^^^
  File "D:\nhatro\backend\venv\Lib\site-packages\sqlalchemy\engine\base.py", line 1846, in _execute_context
    return self._exec_single_context(
           ^^^^^^^^^^^^^^^^^^^^^^^^^^
  File "D:\nhatro\backend\venv\Lib\site-packages\sqlalchemy\engine\base.py", line 1986, in _exec_single_context
    self._handle_dbapi_exception(
  File "D:\nhatro\backend\venv\Lib\site-packages\sqlalchemy\engine\base.py", line 2353, in _handle_dbapi_exception
    raise sqlalchemy_exception.with_traceback(exc_info[2]) from e
  File "D:\nhatro\backend\venv\Lib\site-packages\sqlalchemy\engine\base.py", line 1967, in _exec_single_context
    self.dialect.do_execute(
  File "D:\nhatro\backend\venv\Lib\site-packages\sqlalchemy\engine\default.py", line 924, in do_execute
    cursor.execute(statement, parameters)
  File "D:\nhatro\backend\venv\Lib\site-packages\sqlalchemy\dialects\postgresql\asyncpg.py", line 572, in execute
    self._adapt_connection.await_(
  File "D:\nhatro\backend\venv\Lib\site-packages\sqlalchemy\util\_concurrency_py3k.py", line 131, in await_only
    return current.driver.switch(awaitable)  # type: ignore[no-any-return]
           ^^^^^^^^^^^^^^^^^^^^^^^^^^^^^^^^
  File "D:\nhatro\backend\venv\Lib\site-packages\sqlalchemy\util\_concurrency_py3k.py", line 196, in greenlet_spawn
    value = await result
            ^^^^^^^^^^^^
  File "D:\nhatro\backend\venv\Lib\site-packages\sqlalchemy\dialects\postgresql\asyncpg.py", line 550, in _prepare_and_execute
    self._handle_exception(error)
  File "D:\nhatro\backend\venv\Lib\site-packages\sqlalchemy\dialects\postgresql\asyncpg.py", line 501, in _handle_exception
    self._adapt_connection._handle_exception(error)
  File "D:\nhatro\backend\venv\Lib\site-packages\sqlalchemy\dialects\postgresql\asyncpg.py", line 789, in _handle_exception
    raise translated_error from error
sqlalchemy.exc.ProgrammingError: (sqlalchemy.dialects.postgresql.asyncpg.ProgrammingError) <class 'asyncpg.exceptions.DuplicatePreparedStatementError'>: prepared statement "__asyncpg_stmt_53__" already exists
HINT:  
NOTE: pgbouncer with pool_mode set to "transaction" or
"statement" does not support prepared statements properly.
You have two options:

* if you are using pgbouncer for connection pooling to a
  single server, switch to the connection pool functionality
  provided by asyncpg, it is a much better option for this
  purpose;

* if you have no option of avoiding the use of pgbouncer,
  then you can set statement_cache_size to 0 when creating
  the asyncpg connection object.

[SQL: SELECT organizations.id, organizations.name, organizations.slug, organizations.owner_id, organizations.subscription_plan, organizations.logo_url, organizations.address, organizations.phone, organizations.bank_name, organizations.bank_account, organizations.bank_account_name, organizations.settings, organizations.is_active, organizations.created_at, organizations.updated_at 
FROM organizations 
WHERE organizations.owner_id = $1::UUID AND organizations.is_active = true]
[parameters: ('fe883956-1f87-44f8-9564-e695d649ec3e',)]
(Background on this error at: https://sqlalche.me/e/20/f405)
==============================================

=== GLOBAL EXCEPTION HANDLER AT GET /api/v1/organizations/me ===
Traceback (most recent call last):
  File "D:\nhatro\backend\venv\Lib\site-packages\sqlalchemy\dialects\postgresql\asyncpg.py", line 514, in _prepare_and_execute
    prepared_stmt, attributes = await adapt_connection._prepare(
                                ^^^^^^^^^^^^^^^^^^^^^^^^^^^^^^^^
  File "D:\nhatro\backend\venv\Lib\site-packages\sqlalchemy\dialects\postgresql\asyncpg.py", line 747, in _prepare
    prepared_stmt = await self._connection.prepare(
                    ^^^^^^^^^^^^^^^^^^^^^^^^^^^^^^^
  File "D:\nhatro\backend\venv\Lib\site-packages\asyncpg\connection.py", line 636, in prepare
    return await self._prepare(
           ^^^^^^^^^^^^^^^^^^^^
  File "D:\nhatro\backend\venv\Lib\site-packages\asyncpg\connection.py", line 654, in _prepare
    stmt = await self._get_statement(
           ^^^^^^^^^^^^^^^^^^^^^^^^^^
  File "D:\nhatro\backend\venv\Lib\site-packages\asyncpg\connection.py", line 433, in _get_statement
    statement = await self._protocol.prepare(
                ^^^^^^^^^^^^^^^^^^^^^^^^^^^^^
  File "asyncpg\protocol\protocol.pyx", line 166, in prepare
asyncpg.exceptions.DuplicatePreparedStatementError: prepared statement "__asyncpg_stmt_d5__" already exists
HINT:  
NOTE: pgbouncer with pool_mode set to "transaction" or
"statement" does not support prepared statements properly.
You have two options:

* if you are using pgbouncer for connection pooling to a
  single server, switch to the connection pool functionality
  provided by asyncpg, it is a much better option for this
  purpose;

* if you have no option of avoiding the use of pgbouncer,
  then you can set statement_cache_size to 0 when creating
  the asyncpg connection object.


The above exception was the direct cause of the following exception:

Traceback (most recent call last):
  File "D:\nhatro\backend\venv\Lib\site-packages\sqlalchemy\engine\base.py", line 1967, in _exec_single_context
    self.dialect.do_execute(
  File "D:\nhatro\backend\venv\Lib\site-packages\sqlalchemy\engine\default.py", line 924, in do_execute
    cursor.execute(statement, parameters)
  File "D:\nhatro\backend\venv\Lib\site-packages\sqlalchemy\dialects\postgresql\asyncpg.py", line 572, in execute
    self._adapt_connection.await_(
  File "D:\nhatro\backend\venv\Lib\site-packages\sqlalchemy\util\_concurrency_py3k.py", line 131, in await_only
    return current.driver.switch(awaitable)  # type: ignore[no-any-return]
           ^^^^^^^^^^^^^^^^^^^^^^^^^^^^^^^^
  File "D:\nhatro\backend\venv\Lib\site-packages\sqlalchemy\util\_concurrency_py3k.py", line 196, in greenlet_spawn
    value = await result
            ^^^^^^^^^^^^
  File "D:\nhatro\backend\venv\Lib\site-packages\sqlalchemy\dialects\postgresql\asyncpg.py", line 550, in _prepare_and_execute
    self._handle_exception(error)
  File "D:\nhatro\backend\venv\Lib\site-packages\sqlalchemy\dialects\postgresql\asyncpg.py", line 501, in _handle_exception
    self._adapt_connection._handle_exception(error)
  File "D:\nhatro\backend\venv\Lib\site-packages\sqlalchemy\dialects\postgresql\asyncpg.py", line 789, in _handle_exception
    raise translated_error from error
sqlalchemy.dialects.postgresql.asyncpg.AsyncAdapt_asyncpg_dbapi.ProgrammingError: <class 'asyncpg.exceptions.DuplicatePreparedStatementError'>: prepared statement "__asyncpg_stmt_d5__" already exists
HINT:  
NOTE: pgbouncer with pool_mode set to "transaction" or
"statement" does not support prepared statements properly.
You have two options:

* if you are using pgbouncer for connection pooling to a
  single server, switch to the connection pool functionality
  provided by asyncpg, it is a much better option for this
  purpose;

* if you have no option of avoiding the use of pgbouncer,
  then you can set statement_cache_size to 0 when creating
  the asyncpg connection object.


The above exception was the direct cause of the following exception:

Traceback (most recent call last):
  File "D:\nhatro\backend\venv\Lib\site-packages\starlette\middleware\errors.py", line 164, in __call__
    await self.app(scope, receive, _send)
  File "D:\nhatro\backend\venv\Lib\site-packages\starlette\middleware\base.py", line 189, in __call__
    with collapse_excgroups():
         ^^^^^^^^^^^^^^^^^^^^
  File "C:\Users\ngocson\.cache\codex-runtimes\codex-primary-runtime\dependencies\python\Lib\contextlib.py", line 158, in __exit__
    self.gen.throw(value)
  File "D:\nhatro\backend\venv\Lib\site-packages\starlette\_utils.py", line 93, in collapse_excgroups
    raise exc
  File "D:\nhatro\backend\venv\Lib\site-packages\starlette\middleware\base.py", line 191, in __call__
    response = await self.dispatch_func(request, call_next)
               ^^^^^^^^^^^^^^^^^^^^^^^^^^^^^^^^^^^^^^^^^^^^
  File "D:\nhatro\backend\app\main.py", line 149, in rate_limit_middleware
    return await call_next(request)
           ^^^^^^^^^^^^^^^^^^^^^^^^
  File "D:\nhatro\backend\venv\Lib\site-packages\starlette\middleware\base.py", line 165, in call_next
    raise app_exc
  File "D:\nhatro\backend\venv\Lib\site-packages\starlette\middleware\base.py", line 151, in coro
    await self.app(scope, receive_or_disconnect, send_no_error)
  File "D:\nhatro\backend\venv\Lib\site-packages\starlette\middleware\base.py", line 189, in __call__
    with collapse_excgroups():
         ^^^^^^^^^^^^^^^^^^^^
  File "C:\Users\ngocson\.cache\codex-runtimes\codex-primary-runtime\dependencies\python\Lib\contextlib.py", line 158, in __exit__
    self.gen.throw(value)
  File "D:\nhatro\backend\venv\Lib\site-packages\starlette\_utils.py", line 93, in collapse_excgroups
    raise exc
  File "D:\nhatro\backend\venv\Lib\site-packages\starlette\middleware\base.py", line 191, in __call__
    response = await self.dispatch_func(request, call_next)
               ^^^^^^^^^^^^^^^^^^^^^^^^^^^^^^^^^^^^^^^^^^^^
  File "D:\nhatro\backend\app\main.py", line 115, in add_process_time
    response = await call_next(request)
               ^^^^^^^^^^^^^^^^^^^^^^^^
  File "D:\nhatro\backend\venv\Lib\site-packages\starlette\middleware\base.py", line 165, in call_next
    raise app_exc
  File "D:\nhatro\backend\venv\Lib\site-packages\starlette\middleware\base.py", line 151, in coro
    await self.app(scope, receive_or_disconnect, send_no_error)
  File "D:\nhatro\backend\venv\Lib\site-packages\starlette\middleware\base.py", line 189, in __call__
    with collapse_excgroups():
         ^^^^^^^^^^^^^^^^^^^^
  File "C:\Users\ngocson\.cache\codex-runtimes\codex-primary-runtime\dependencies\python\Lib\contextlib.py", line 158, in __exit__
    self.gen.throw(value)
  File "D:\nhatro\backend\venv\Lib\site-packages\starlette\_utils.py", line 93, in collapse_excgroups
    raise exc
  File "D:\nhatro\backend\venv\Lib\site-packages\starlette\middleware\base.py", line 191, in __call__
    response = await self.dispatch_func(request, call_next)
               ^^^^^^^^^^^^^^^^^^^^^^^^^^^^^^^^^^^^^^^^^^^^
  File "D:\nhatro\backend\app\main.py", line 108, in add_security_headers
    response = await call_next(request)
               ^^^^^^^^^^^^^^^^^^^^^^^^
  File "D:\nhatro\backend\venv\Lib\site-packages\starlette\middleware\base.py", line 165, in call_next
    raise app_exc
  File "D:\nhatro\backend\venv\Lib\site-packages\starlette\middleware\base.py", line 151, in coro
    await self.app(scope, receive_or_disconnect, send_no_error)
  File "D:\nhatro\backend\venv\Lib\site-packages\starlette\middleware\cors.py", line 93, in __call__
    await self.simple_response(scope, receive, send, request_headers=headers)
  File "D:\nhatro\backend\venv\Lib\site-packages\starlette\middleware\cors.py", line 148, in simple_response
    await self.app(scope, receive, send)
  File "D:\nhatro\backend\venv\Lib\site-packages\starlette\middleware\exceptions.py", line 65, in __call__
    await wrap_app_handling_exceptions(self.app, conn)(scope, receive, send)
  File "D:\nhatro\backend\venv\Lib\site-packages\starlette\_exception_handler.py", line 64, in wrapped_app
    raise exc
  File "D:\nhatro\backend\venv\Lib\site-packages\starlette\_exception_handler.py", line 53, in wrapped_app
    await app(scope, receive, sender)
  File "D:\nhatro\backend\venv\Lib\site-packages\starlette\routing.py", line 756, in __call__
    await self.middleware_stack(scope, receive, send)
  File "D:\nhatro\backend\venv\Lib\site-packages\starlette\routing.py", line 776, in app
    await route.handle(scope, receive, send)
  File "D:\nhatro\backend\venv\Lib\site-packages\starlette\routing.py", line 297, in handle
    await self.app(scope, receive, send)
  File "D:\nhatro\backend\venv\Lib\site-packages\starlette\routing.py", line 77, in app
    await wrap_app_handling_exceptions(app, request)(scope, receive, send)
  File "D:\nhatro\backend\venv\Lib\site-packages\starlette\_exception_handler.py", line 64, in wrapped_app
    raise exc
  File "D:\nhatro\backend\venv\Lib\site-packages\starlette\_exception_handler.py", line 53, in wrapped_app
    await app(scope, receive, sender)
  File "D:\nhatro\backend\venv\Lib\site-packages\starlette\routing.py", line 72, in app
    response = await func(request)
               ^^^^^^^^^^^^^^^^^^^
  File "D:\nhatro\backend\venv\Lib\site-packages\fastapi\routing.py", line 269, in app
    solved_result = await solve_dependencies(
                    ^^^^^^^^^^^^^^^^^^^^^^^^^
  File "D:\nhatro\backend\venv\Lib\site-packages\fastapi\dependencies\utils.py", line 572, in solve_dependencies
    solved_result = await solve_dependencies(
                    ^^^^^^^^^^^^^^^^^^^^^^^^^
  File "D:\nhatro\backend\venv\Lib\site-packages\fastapi\dependencies\utils.py", line 600, in solve_dependencies
    solved = await call(**sub_values)
             ^^^^^^^^^^^^^^^^^^^^^^^^
  File "D:\nhatro\backend\app\api\deps.py", line 91, in get_current_user
    result = await db.execute(select(User).where(User.id == user_id, User.is_active == True))
             ^^^^^^^^^^^^^^^^^^^^^^^^^^^^^^^^^^^^^^^^^^^^^^^^^^^^^^^^^^^^^^^^^^^^^^^^^^^^^^^^
  File "D:\nhatro\backend\venv\Lib\site-packages\sqlalchemy\ext\asyncio\session.py", line 461, in execute
    result = await greenlet_spawn(
             ^^^^^^^^^^^^^^^^^^^^^
  File "D:\nhatro\backend\venv\Lib\site-packages\sqlalchemy\util\_concurrency_py3k.py", line 201, in greenlet_spawn
    result = context.throw(*sys.exc_info())
             ^^^^^^^^^^^^^^^^^^^^^^^^^^^^^^
  File "D:\nhatro\backend\venv\Lib\site-packages\sqlalchemy\orm\session.py", line 2351, in execute
    return self._execute_internal(
           ^^^^^^^^^^^^^^^^^^^^^^^
  File "D:\nhatro\backend\venv\Lib\site-packages\sqlalchemy\orm\session.py", line 2236, in _execute_internal
    result: Result[Any] = compile_state_cls.orm_execute_statement(
                          ^^^^^^^^^^^^^^^^^^^^^^^^^^^^^^^^^^^^^^^^
  File "D:\nhatro\backend\venv\Lib\site-packages\sqlalchemy\orm\context.py", line 293, in orm_execute_statement
    result = conn.execute(
             ^^^^^^^^^^^^^
  File "D:\nhatro\backend\venv\Lib\site-packages\sqlalchemy\engine\base.py", line 1418, in execute
    return meth(
           ^^^^^
  File "D:\nhatro\backend\venv\Lib\site-packages\sqlalchemy\sql\elements.py", line 515, in _execute_on_connection
    return connection._execute_clauseelement(
           ^^^^^^^^^^^^^^^^^^^^^^^^^^^^^^^^^^
  File "D:\nhatro\backend\venv\Lib\site-packages\sqlalchemy\engine\base.py", line 1640, in _execute_clauseelement
    ret = self._execute_context(
          ^^^^^^^^^^^^^^^^^^^^^^
  File "D:\nhatro\backend\venv\Lib\site-packages\sqlalchemy\engine\base.py", line 1846, in _execute_context
    return self._exec_single_context(
           ^^^^^^^^^^^^^^^^^^^^^^^^^^
  File "D:\nhatro\backend\venv\Lib\site-packages\sqlalchemy\engine\base.py", line 1986, in _exec_single_context
    self._handle_dbapi_exception(
  File "D:\nhatro\backend\venv\Lib\site-packages\sqlalchemy\engine\base.py", line 2353, in _handle_dbapi_exception
    raise sqlalchemy_exception.with_traceback(exc_info[2]) from e
  File "D:\nhatro\backend\venv\Lib\site-packages\sqlalchemy\engine\base.py", line 1967, in _exec_single_context
    self.dialect.do_execute(
  File "D:\nhatro\backend\venv\Lib\site-packages\sqlalchemy\engine\default.py", line 924, in do_execute
    cursor.execute(statement, parameters)
  File "D:\nhatro\backend\venv\Lib\site-packages\sqlalchemy\dialects\postgresql\asyncpg.py", line 572, in execute
    self._adapt_connection.await_(
  File "D:\nhatro\backend\venv\Lib\site-packages\sqlalchemy\util\_concurrency_py3k.py", line 131, in await_only
    return current.driver.switch(awaitable)  # type: ignore[no-any-return]
           ^^^^^^^^^^^^^^^^^^^^^^^^^^^^^^^^
  File "D:\nhatro\backend\venv\Lib\site-packages\sqlalchemy\util\_concurrency_py3k.py", line 196, in greenlet_spawn
    value = await result
            ^^^^^^^^^^^^
  File "D:\nhatro\backend\venv\Lib\site-packages\sqlalchemy\dialects\postgresql\asyncpg.py", line 550, in _prepare_and_execute
    self._handle_exception(error)
  File "D:\nhatro\backend\venv\Lib\site-packages\sqlalchemy\dialects\postgresql\asyncpg.py", line 501, in _handle_exception
    self._adapt_connection._handle_exception(error)
  File "D:\nhatro\backend\venv\Lib\site-packages\sqlalchemy\dialects\postgresql\asyncpg.py", line 789, in _handle_exception
    raise translated_error from error
sqlalchemy.exc.ProgrammingError: (sqlalchemy.dialects.postgresql.asyncpg.ProgrammingError) <class 'asyncpg.exceptions.DuplicatePreparedStatementError'>: prepared statement "__asyncpg_stmt_d5__" already exists
HINT:  
NOTE: pgbouncer with pool_mode set to "transaction" or
"statement" does not support prepared statements properly.
You have two options:

* if you are using pgbouncer for connection pooling to a
  single server, switch to the connection pool functionality
  provided by asyncpg, it is a much better option for this
  purpose;

* if you have no option of avoiding the use of pgbouncer,
  then you can set statement_cache_size to 0 when creating
  the asyncpg connection object.

[SQL: SELECT users.id, users.email, users.hashed_password, users.full_name, users.phone, users.avatar_url, users.is_active, users.is_verified, users.role, users.created_at, users.updated_at 
FROM users 
WHERE users.id = $1::UUID AND users.is_active = true]
[parameters: ('fe883956-1f87-44f8-9564-e695d649ec3e',)]
(Background on this error at: https://sqlalche.me/e/20/f405)
==============================================

=== GLOBAL EXCEPTION HANDLER AT GET /api/v1/boarding-houses ===
Traceback (most recent call last):
  File "D:\nhatro\backend\venv\Lib\site-packages\sqlalchemy\dialects\postgresql\asyncpg.py", line 514, in _prepare_and_execute
    prepared_stmt, attributes = await adapt_connection._prepare(
                                ^^^^^^^^^^^^^^^^^^^^^^^^^^^^^^^^
  File "D:\nhatro\backend\venv\Lib\site-packages\sqlalchemy\dialects\postgresql\asyncpg.py", line 747, in _prepare
    prepared_stmt = await self._connection.prepare(
                    ^^^^^^^^^^^^^^^^^^^^^^^^^^^^^^^
  File "D:\nhatro\backend\venv\Lib\site-packages\asyncpg\connection.py", line 636, in prepare
    return await self._prepare(
           ^^^^^^^^^^^^^^^^^^^^
  File "D:\nhatro\backend\venv\Lib\site-packages\asyncpg\connection.py", line 654, in _prepare
    stmt = await self._get_statement(
           ^^^^^^^^^^^^^^^^^^^^^^^^^^
  File "D:\nhatro\backend\venv\Lib\site-packages\asyncpg\connection.py", line 433, in _get_statement
    statement = await self._protocol.prepare(
                ^^^^^^^^^^^^^^^^^^^^^^^^^^^^^
  File "asyncpg\protocol\protocol.pyx", line 166, in prepare
asyncpg.exceptions.DuplicatePreparedStatementError: prepared statement "__asyncpg_stmt_4e__" already exists
HINT:  
NOTE: pgbouncer with pool_mode set to "transaction" or
"statement" does not support prepared statements properly.
You have two options:

* if you are using pgbouncer for connection pooling to a
  single server, switch to the connection pool functionality
  provided by asyncpg, it is a much better option for this
  purpose;

* if you have no option of avoiding the use of pgbouncer,
  then you can set statement_cache_size to 0 when creating
  the asyncpg connection object.


The above exception was the direct cause of the following exception:

Traceback (most recent call last):
  File "D:\nhatro\backend\venv\Lib\site-packages\sqlalchemy\engine\base.py", line 1967, in _exec_single_context
    self.dialect.do_execute(
  File "D:\nhatro\backend\venv\Lib\site-packages\sqlalchemy\engine\default.py", line 924, in do_execute
    cursor.execute(statement, parameters)
  File "D:\nhatro\backend\venv\Lib\site-packages\sqlalchemy\dialects\postgresql\asyncpg.py", line 572, in execute
    self._adapt_connection.await_(
  File "D:\nhatro\backend\venv\Lib\site-packages\sqlalchemy\util\_concurrency_py3k.py", line 131, in await_only
    return current.driver.switch(awaitable)  # type: ignore[no-any-return]
           ^^^^^^^^^^^^^^^^^^^^^^^^^^^^^^^^
  File "D:\nhatro\backend\venv\Lib\site-packages\sqlalchemy\util\_concurrency_py3k.py", line 196, in greenlet_spawn
    value = await result
            ^^^^^^^^^^^^
  File "D:\nhatro\backend\venv\Lib\site-packages\sqlalchemy\dialects\postgresql\asyncpg.py", line 550, in _prepare_and_execute
    self._handle_exception(error)
  File "D:\nhatro\backend\venv\Lib\site-packages\sqlalchemy\dialects\postgresql\asyncpg.py", line 501, in _handle_exception
    self._adapt_connection._handle_exception(error)
  File "D:\nhatro\backend\venv\Lib\site-packages\sqlalchemy\dialects\postgresql\asyncpg.py", line 789, in _handle_exception
    raise translated_error from error
sqlalchemy.dialects.postgresql.asyncpg.AsyncAdapt_asyncpg_dbapi.ProgrammingError: <class 'asyncpg.exceptions.DuplicatePreparedStatementError'>: prepared statement "__asyncpg_stmt_4e__" already exists
HINT:  
NOTE: pgbouncer with pool_mode set to "transaction" or
"statement" does not support prepared statements properly.
You have two options:

* if you are using pgbouncer for connection pooling to a
  single server, switch to the connection pool functionality
  provided by asyncpg, it is a much better option for this
  purpose;

* if you have no option of avoiding the use of pgbouncer,
  then you can set statement_cache_size to 0 when creating
  the asyncpg connection object.


The above exception was the direct cause of the following exception:

Traceback (most recent call last):
  File "D:\nhatro\backend\venv\Lib\site-packages\starlette\middleware\errors.py", line 164, in __call__
    await self.app(scope, receive, _send)
  File "D:\nhatro\backend\venv\Lib\site-packages\starlette\middleware\base.py", line 189, in __call__
    with collapse_excgroups():
         ^^^^^^^^^^^^^^^^^^^^
  File "C:\Users\ngocson\.cache\codex-runtimes\codex-primary-runtime\dependencies\python\Lib\contextlib.py", line 158, in __exit__
    self.gen.throw(value)
  File "D:\nhatro\backend\venv\Lib\site-packages\starlette\_utils.py", line 93, in collapse_excgroups
    raise exc
  File "D:\nhatro\backend\venv\Lib\site-packages\starlette\middleware\base.py", line 191, in __call__
    response = await self.dispatch_func(request, call_next)
               ^^^^^^^^^^^^^^^^^^^^^^^^^^^^^^^^^^^^^^^^^^^^
  File "D:\nhatro\backend\app\main.py", line 149, in rate_limit_middleware
    return await call_next(request)
           ^^^^^^^^^^^^^^^^^^^^^^^^
  File "D:\nhatro\backend\venv\Lib\site-packages\starlette\middleware\base.py", line 165, in call_next
    raise app_exc
  File "D:\nhatro\backend\venv\Lib\site-packages\starlette\middleware\base.py", line 151, in coro
    await self.app(scope, receive_or_disconnect, send_no_error)
  File "D:\nhatro\backend\venv\Lib\site-packages\starlette\middleware\base.py", line 189, in __call__
    with collapse_excgroups():
         ^^^^^^^^^^^^^^^^^^^^
  File "C:\Users\ngocson\.cache\codex-runtimes\codex-primary-runtime\dependencies\python\Lib\contextlib.py", line 158, in __exit__
    self.gen.throw(value)
  File "D:\nhatro\backend\venv\Lib\site-packages\starlette\_utils.py", line 93, in collapse_excgroups
    raise exc
  File "D:\nhatro\backend\venv\Lib\site-packages\starlette\middleware\base.py", line 191, in __call__
    response = await self.dispatch_func(request, call_next)
               ^^^^^^^^^^^^^^^^^^^^^^^^^^^^^^^^^^^^^^^^^^^^
  File "D:\nhatro\backend\app\main.py", line 115, in add_process_time
    response = await call_next(request)
               ^^^^^^^^^^^^^^^^^^^^^^^^
  File "D:\nhatro\backend\venv\Lib\site-packages\starlette\middleware\base.py", line 165, in call_next
    raise app_exc
  File "D:\nhatro\backend\venv\Lib\site-packages\starlette\middleware\base.py", line 151, in coro
    await self.app(scope, receive_or_disconnect, send_no_error)
  File "D:\nhatro\backend\venv\Lib\site-packages\starlette\middleware\base.py", line 189, in __call__
    with collapse_excgroups():
         ^^^^^^^^^^^^^^^^^^^^
  File "C:\Users\ngocson\.cache\codex-runtimes\codex-primary-runtime\dependencies\python\Lib\contextlib.py", line 158, in __exit__
    self.gen.throw(value)
  File "D:\nhatro\backend\venv\Lib\site-packages\starlette\_utils.py", line 93, in collapse_excgroups
    raise exc
  File "D:\nhatro\backend\venv\Lib\site-packages\starlette\middleware\base.py", line 191, in __call__
    response = await self.dispatch_func(request, call_next)
               ^^^^^^^^^^^^^^^^^^^^^^^^^^^^^^^^^^^^^^^^^^^^
  File "D:\nhatro\backend\app\main.py", line 108, in add_security_headers
    response = await call_next(request)
               ^^^^^^^^^^^^^^^^^^^^^^^^
  File "D:\nhatro\backend\venv\Lib\site-packages\starlette\middleware\base.py", line 165, in call_next
    raise app_exc
  File "D:\nhatro\backend\venv\Lib\site-packages\starlette\middleware\base.py", line 151, in coro
    await self.app(scope, receive_or_disconnect, send_no_error)
  File "D:\nhatro\backend\venv\Lib\site-packages\starlette\middleware\cors.py", line 93, in __call__
    await self.simple_response(scope, receive, send, request_headers=headers)
  File "D:\nhatro\backend\venv\Lib\site-packages\starlette\middleware\cors.py", line 148, in simple_response
    await self.app(scope, receive, send)
  File "D:\nhatro\backend\venv\Lib\site-packages\starlette\middleware\exceptions.py", line 65, in __call__
    await wrap_app_handling_exceptions(self.app, conn)(scope, receive, send)
  File "D:\nhatro\backend\venv\Lib\site-packages\starlette\_exception_handler.py", line 64, in wrapped_app
    raise exc
  File "D:\nhatro\backend\venv\Lib\site-packages\starlette\_exception_handler.py", line 53, in wrapped_app
    await app(scope, receive, sender)
  File "D:\nhatro\backend\venv\Lib\site-packages\starlette\routing.py", line 756, in __call__
    await self.middleware_stack(scope, receive, send)
  File "D:\nhatro\backend\venv\Lib\site-packages\starlette\routing.py", line 776, in app
    await route.handle(scope, receive, send)
  File "D:\nhatro\backend\venv\Lib\site-packages\starlette\routing.py", line 297, in handle
    await self.app(scope, receive, send)
  File "D:\nhatro\backend\venv\Lib\site-packages\starlette\routing.py", line 77, in app
    await wrap_app_handling_exceptions(app, request)(scope, receive, send)
  File "D:\nhatro\backend\venv\Lib\site-packages\starlette\_exception_handler.py", line 64, in wrapped_app
    raise exc
  File "D:\nhatro\backend\venv\Lib\site-packages\starlette\_exception_handler.py", line 53, in wrapped_app
    await app(scope, receive, sender)
  File "D:\nhatro\backend\venv\Lib\site-packages\starlette\routing.py", line 72, in app
    response = await func(request)
               ^^^^^^^^^^^^^^^^^^^
  File "D:\nhatro\backend\venv\Lib\site-packages\fastapi\routing.py", line 269, in app
    solved_result = await solve_dependencies(
                    ^^^^^^^^^^^^^^^^^^^^^^^^^
  File "D:\nhatro\backend\venv\Lib\site-packages\fastapi\dependencies\utils.py", line 572, in solve_dependencies
    solved_result = await solve_dependencies(
                    ^^^^^^^^^^^^^^^^^^^^^^^^^
  File "D:\nhatro\backend\venv\Lib\site-packages\fastapi\dependencies\utils.py", line 600, in solve_dependencies
    solved = await call(**sub_values)
             ^^^^^^^^^^^^^^^^^^^^^^^^
  File "D:\nhatro\backend\app\api\deps.py", line 109, in get_current_organization
    result = await db.execute(
             ^^^^^^^^^^^^^^^^^
  File "D:\nhatro\backend\venv\Lib\site-packages\sqlalchemy\ext\asyncio\session.py", line 461, in execute
    result = await greenlet_spawn(
             ^^^^^^^^^^^^^^^^^^^^^
  File "D:\nhatro\backend\venv\Lib\site-packages\sqlalchemy\util\_concurrency_py3k.py", line 201, in greenlet_spawn
    result = context.throw(*sys.exc_info())
             ^^^^^^^^^^^^^^^^^^^^^^^^^^^^^^
  File "D:\nhatro\backend\venv\Lib\site-packages\sqlalchemy\orm\session.py", line 2351, in execute
    return self._execute_internal(
           ^^^^^^^^^^^^^^^^^^^^^^^
  File "D:\nhatro\backend\venv\Lib\site-packages\sqlalchemy\orm\session.py", line 2236, in _execute_internal
    result: Result[Any] = compile_state_cls.orm_execute_statement(
                          ^^^^^^^^^^^^^^^^^^^^^^^^^^^^^^^^^^^^^^^^
  File "D:\nhatro\backend\venv\Lib\site-packages\sqlalchemy\orm\context.py", line 293, in orm_execute_statement
    result = conn.execute(
             ^^^^^^^^^^^^^
  File "D:\nhatro\backend\venv\Lib\site-packages\sqlalchemy\engine\base.py", line 1418, in execute
    return meth(
           ^^^^^
  File "D:\nhatro\backend\venv\Lib\site-packages\sqlalchemy\sql\elements.py", line 515, in _execute_on_connection
    return connection._execute_clauseelement(
           ^^^^^^^^^^^^^^^^^^^^^^^^^^^^^^^^^^
  File "D:\nhatro\backend\venv\Lib\site-packages\sqlalchemy\engine\base.py", line 1640, in _execute_clauseelement
    ret = self._execute_context(
          ^^^^^^^^^^^^^^^^^^^^^^
  File "D:\nhatro\backend\venv\Lib\site-packages\sqlalchemy\engine\base.py", line 1846, in _execute_context
    return self._exec_single_context(
           ^^^^^^^^^^^^^^^^^^^^^^^^^^
  File "D:\nhatro\backend\venv\Lib\site-packages\sqlalchemy\engine\base.py", line 1986, in _exec_single_context
    self._handle_dbapi_exception(
  File "D:\nhatro\backend\venv\Lib\site-packages\sqlalchemy\engine\base.py", line 2353, in _handle_dbapi_exception
    raise sqlalchemy_exception.with_traceback(exc_info[2]) from e
  File "D:\nhatro\backend\venv\Lib\site-packages\sqlalchemy\engine\base.py", line 1967, in _exec_single_context
    self.dialect.do_execute(
  File "D:\nhatro\backend\venv\Lib\site-packages\sqlalchemy\engine\default.py", line 924, in do_execute
    cursor.execute(statement, parameters)
  File "D:\nhatro\backend\venv\Lib\site-packages\sqlalchemy\dialects\postgresql\asyncpg.py", line 572, in execute
    self._adapt_connection.await_(
  File "D:\nhatro\backend\venv\Lib\site-packages\sqlalchemy\util\_concurrency_py3k.py", line 131, in await_only
    return current.driver.switch(awaitable)  # type: ignore[no-any-return]
           ^^^^^^^^^^^^^^^^^^^^^^^^^^^^^^^^
  File "D:\nhatro\backend\venv\Lib\site-packages\sqlalchemy\util\_concurrency_py3k.py", line 196, in greenlet_spawn
    value = await result
            ^^^^^^^^^^^^
  File "D:\nhatro\backend\venv\Lib\site-packages\sqlalchemy\dialects\postgresql\asyncpg.py", line 550, in _prepare_and_execute
    self._handle_exception(error)
  File "D:\nhatro\backend\venv\Lib\site-packages\sqlalchemy\dialects\postgresql\asyncpg.py", line 501, in _handle_exception
    self._adapt_connection._handle_exception(error)
  File "D:\nhatro\backend\venv\Lib\site-packages\sqlalchemy\dialects\postgresql\asyncpg.py", line 789, in _handle_exception
    raise translated_error from error
sqlalchemy.exc.ProgrammingError: (sqlalchemy.dialects.postgresql.asyncpg.ProgrammingError) <class 'asyncpg.exceptions.DuplicatePreparedStatementError'>: prepared statement "__asyncpg_stmt_4e__" already exists
HINT:  
NOTE: pgbouncer with pool_mode set to "transaction" or
"statement" does not support prepared statements properly.
You have two options:

* if you are using pgbouncer for connection pooling to a
  single server, switch to the connection pool functionality
  provided by asyncpg, it is a much better option for this
  purpose;

* if you have no option of avoiding the use of pgbouncer,
  then you can set statement_cache_size to 0 when creating
  the asyncpg connection object.

[SQL: SELECT organizations.id, organizations.name, organizations.slug, organizations.owner_id, organizations.subscription_plan, organizations.logo_url, organizations.address, organizations.phone, organizations.bank_name, organizations.bank_account, organizations.bank_account_name, organizations.settings, organizations.is_active, organizations.created_at, organizations.updated_at 
FROM organizations 
WHERE organizations.owner_id = $1::UUID AND organizations.is_active = true]
[parameters: ('fe883956-1f87-44f8-9564-e695d649ec3e',)]
(Background on this error at: https://sqlalche.me/e/20/f405)
==============================================

=== GLOBAL EXCEPTION HANDLER AT GET /api/v1/rooms ===
Traceback (most recent call last):
  File "D:\nhatro\backend\venv\Lib\site-packages\sqlalchemy\dialects\postgresql\asyncpg.py", line 514, in _prepare_and_execute
    prepared_stmt, attributes = await adapt_connection._prepare(
                                ^^^^^^^^^^^^^^^^^^^^^^^^^^^^^^^^
  File "D:\nhatro\backend\venv\Lib\site-packages\sqlalchemy\dialects\postgresql\asyncpg.py", line 747, in _prepare
    prepared_stmt = await self._connection.prepare(
                    ^^^^^^^^^^^^^^^^^^^^^^^^^^^^^^^
  File "D:\nhatro\backend\venv\Lib\site-packages\asyncpg\connection.py", line 636, in prepare
    return await self._prepare(
           ^^^^^^^^^^^^^^^^^^^^
  File "D:\nhatro\backend\venv\Lib\site-packages\asyncpg\connection.py", line 654, in _prepare
    stmt = await self._get_statement(
           ^^^^^^^^^^^^^^^^^^^^^^^^^^
  File "D:\nhatro\backend\venv\Lib\site-packages\asyncpg\connection.py", line 433, in _get_statement
    statement = await self._protocol.prepare(
                ^^^^^^^^^^^^^^^^^^^^^^^^^^^^^
  File "asyncpg\protocol\protocol.pyx", line 166, in prepare
asyncpg.exceptions.DuplicatePreparedStatementError: prepared statement "__asyncpg_stmt_3a__" already exists
HINT:  
NOTE: pgbouncer with pool_mode set to "transaction" or
"statement" does not support prepared statements properly.
You have two options:

* if you are using pgbouncer for connection pooling to a
  single server, switch to the connection pool functionality
  provided by asyncpg, it is a much better option for this
  purpose;

* if you have no option of avoiding the use of pgbouncer,
  then you can set statement_cache_size to 0 when creating
  the asyncpg connection object.


The above exception was the direct cause of the following exception:

Traceback (most recent call last):
  File "D:\nhatro\backend\venv\Lib\site-packages\sqlalchemy\engine\base.py", line 1967, in _exec_single_context
    self.dialect.do_execute(
  File "D:\nhatro\backend\venv\Lib\site-packages\sqlalchemy\engine\default.py", line 924, in do_execute
    cursor.execute(statement, parameters)
  File "D:\nhatro\backend\venv\Lib\site-packages\sqlalchemy\dialects\postgresql\asyncpg.py", line 572, in execute
    self._adapt_connection.await_(
  File "D:\nhatro\backend\venv\Lib\site-packages\sqlalchemy\util\_concurrency_py3k.py", line 131, in await_only
    return current.driver.switch(awaitable)  # type: ignore[no-any-return]
           ^^^^^^^^^^^^^^^^^^^^^^^^^^^^^^^^
  File "D:\nhatro\backend\venv\Lib\site-packages\sqlalchemy\util\_concurrency_py3k.py", line 196, in greenlet_spawn
    value = await result
            ^^^^^^^^^^^^
  File "D:\nhatro\backend\venv\Lib\site-packages\sqlalchemy\dialects\postgresql\asyncpg.py", line 550, in _prepare_and_execute
    self._handle_exception(error)
  File "D:\nhatro\backend\venv\Lib\site-packages\sqlalchemy\dialects\postgresql\asyncpg.py", line 501, in _handle_exception
    self._adapt_connection._handle_exception(error)
  File "D:\nhatro\backend\venv\Lib\site-packages\sqlalchemy\dialects\postgresql\asyncpg.py", line 789, in _handle_exception
    raise translated_error from error
sqlalchemy.dialects.postgresql.asyncpg.AsyncAdapt_asyncpg_dbapi.ProgrammingError: <class 'asyncpg.exceptions.DuplicatePreparedStatementError'>: prepared statement "__asyncpg_stmt_3a__" already exists
HINT:  
NOTE: pgbouncer with pool_mode set to "transaction" or
"statement" does not support prepared statements properly.
You have two options:

* if you are using pgbouncer for connection pooling to a
  single server, switch to the connection pool functionality
  provided by asyncpg, it is a much better option for this
  purpose;

* if you have no option of avoiding the use of pgbouncer,
  then you can set statement_cache_size to 0 when creating
  the asyncpg connection object.


The above exception was the direct cause of the following exception:

Traceback (most recent call last):
  File "D:\nhatro\backend\venv\Lib\site-packages\starlette\middleware\errors.py", line 164, in __call__
    await self.app(scope, receive, _send)
  File "D:\nhatro\backend\venv\Lib\site-packages\starlette\middleware\base.py", line 189, in __call__
    with collapse_excgroups():
         ^^^^^^^^^^^^^^^^^^^^
  File "C:\Users\ngocson\.cache\codex-runtimes\codex-primary-runtime\dependencies\python\Lib\contextlib.py", line 158, in __exit__
    self.gen.throw(value)
  File "D:\nhatro\backend\venv\Lib\site-packages\starlette\_utils.py", line 93, in collapse_excgroups
    raise exc
  File "D:\nhatro\backend\venv\Lib\site-packages\starlette\middleware\base.py", line 191, in __call__
    response = await self.dispatch_func(request, call_next)
               ^^^^^^^^^^^^^^^^^^^^^^^^^^^^^^^^^^^^^^^^^^^^
  File "D:\nhatro\backend\app\main.py", line 149, in rate_limit_middleware
    return await call_next(request)
           ^^^^^^^^^^^^^^^^^^^^^^^^
  File "D:\nhatro\backend\venv\Lib\site-packages\starlette\middleware\base.py", line 165, in call_next
    raise app_exc
  File "D:\nhatro\backend\venv\Lib\site-packages\starlette\middleware\base.py", line 151, in coro
    await self.app(scope, receive_or_disconnect, send_no_error)
  File "D:\nhatro\backend\venv\Lib\site-packages\starlette\middleware\base.py", line 189, in __call__
    with collapse_excgroups():
         ^^^^^^^^^^^^^^^^^^^^
  File "C:\Users\ngocson\.cache\codex-runtimes\codex-primary-runtime\dependencies\python\Lib\contextlib.py", line 158, in __exit__
    self.gen.throw(value)
  File "D:\nhatro\backend\venv\Lib\site-packages\starlette\_utils.py", line 93, in collapse_excgroups
    raise exc
  File "D:\nhatro\backend\venv\Lib\site-packages\starlette\middleware\base.py", line 191, in __call__
    response = await self.dispatch_func(request, call_next)
               ^^^^^^^^^^^^^^^^^^^^^^^^^^^^^^^^^^^^^^^^^^^^
  File "D:\nhatro\backend\app\main.py", line 115, in add_process_time
    response = await call_next(request)
               ^^^^^^^^^^^^^^^^^^^^^^^^
  File "D:\nhatro\backend\venv\Lib\site-packages\starlette\middleware\base.py", line 165, in call_next
    raise app_exc
  File "D:\nhatro\backend\venv\Lib\site-packages\starlette\middleware\base.py", line 151, in coro
    await self.app(scope, receive_or_disconnect, send_no_error)
  File "D:\nhatro\backend\venv\Lib\site-packages\starlette\middleware\base.py", line 189, in __call__
    with collapse_excgroups():
         ^^^^^^^^^^^^^^^^^^^^
  File "C:\Users\ngocson\.cache\codex-runtimes\codex-primary-runtime\dependencies\python\Lib\contextlib.py", line 158, in __exit__
    self.gen.throw(value)
  File "D:\nhatro\backend\venv\Lib\site-packages\starlette\_utils.py", line 93, in collapse_excgroups
    raise exc
  File "D:\nhatro\backend\venv\Lib\site-packages\starlette\middleware\base.py", line 191, in __call__
    response = await self.dispatch_func(request, call_next)
               ^^^^^^^^^^^^^^^^^^^^^^^^^^^^^^^^^^^^^^^^^^^^
  File "D:\nhatro\backend\app\main.py", line 108, in add_security_headers
    response = await call_next(request)
               ^^^^^^^^^^^^^^^^^^^^^^^^
  File "D:\nhatro\backend\venv\Lib\site-packages\starlette\middleware\base.py", line 165, in call_next
    raise app_exc
  File "D:\nhatro\backend\venv\Lib\site-packages\starlette\middleware\base.py", line 151, in coro
    await self.app(scope, receive_or_disconnect, send_no_error)
  File "D:\nhatro\backend\venv\Lib\site-packages\starlette\middleware\cors.py", line 93, in __call__
    await self.simple_response(scope, receive, send, request_headers=headers)
  File "D:\nhatro\backend\venv\Lib\site-packages\starlette\middleware\cors.py", line 148, in simple_response
    await self.app(scope, receive, send)
  File "D:\nhatro\backend\venv\Lib\site-packages\starlette\middleware\exceptions.py", line 65, in __call__
    await wrap_app_handling_exceptions(self.app, conn)(scope, receive, send)
  File "D:\nhatro\backend\venv\Lib\site-packages\starlette\_exception_handler.py", line 64, in wrapped_app
    raise exc
  File "D:\nhatro\backend\venv\Lib\site-packages\starlette\_exception_handler.py", line 53, in wrapped_app
    await app(scope, receive, sender)
  File "D:\nhatro\backend\venv\Lib\site-packages\starlette\routing.py", line 756, in __call__
    await self.middleware_stack(scope, receive, send)
  File "D:\nhatro\backend\venv\Lib\site-packages\starlette\routing.py", line 776, in app
    await route.handle(scope, receive, send)
  File "D:\nhatro\backend\venv\Lib\site-packages\starlette\routing.py", line 297, in handle
    await self.app(scope, receive, send)
  File "D:\nhatro\backend\venv\Lib\site-packages\starlette\routing.py", line 77, in app
    await wrap_app_handling_exceptions(app, request)(scope, receive, send)
  File "D:\nhatro\backend\venv\Lib\site-packages\starlette\_exception_handler.py", line 64, in wrapped_app
    raise exc
  File "D:\nhatro\backend\venv\Lib\site-packages\starlette\_exception_handler.py", line 53, in wrapped_app
    await app(scope, receive, sender)
  File "D:\nhatro\backend\venv\Lib\site-packages\starlette\routing.py", line 72, in app
    response = await func(request)
               ^^^^^^^^^^^^^^^^^^^
  File "D:\nhatro\backend\venv\Lib\site-packages\fastapi\routing.py", line 269, in app
    solved_result = await solve_dependencies(
                    ^^^^^^^^^^^^^^^^^^^^^^^^^
  File "D:\nhatro\backend\venv\Lib\site-packages\fastapi\dependencies\utils.py", line 572, in solve_dependencies
    solved_result = await solve_dependencies(
                    ^^^^^^^^^^^^^^^^^^^^^^^^^
  File "D:\nhatro\backend\venv\Lib\site-packages\fastapi\dependencies\utils.py", line 600, in solve_dependencies
    solved = await call(**sub_values)
             ^^^^^^^^^^^^^^^^^^^^^^^^
  File "D:\nhatro\backend\app\api\deps.py", line 91, in get_current_user
    result = await db.execute(select(User).where(User.id == user_id, User.is_active == True))
             ^^^^^^^^^^^^^^^^^^^^^^^^^^^^^^^^^^^^^^^^^^^^^^^^^^^^^^^^^^^^^^^^^^^^^^^^^^^^^^^^
  File "D:\nhatro\backend\venv\Lib\site-packages\sqlalchemy\ext\asyncio\session.py", line 461, in execute
    result = await greenlet_spawn(
             ^^^^^^^^^^^^^^^^^^^^^
  File "D:\nhatro\backend\venv\Lib\site-packages\sqlalchemy\util\_concurrency_py3k.py", line 201, in greenlet_spawn
    result = context.throw(*sys.exc_info())
             ^^^^^^^^^^^^^^^^^^^^^^^^^^^^^^
  File "D:\nhatro\backend\venv\Lib\site-packages\sqlalchemy\orm\session.py", line 2351, in execute
    return self._execute_internal(
           ^^^^^^^^^^^^^^^^^^^^^^^
  File "D:\nhatro\backend\venv\Lib\site-packages\sqlalchemy\orm\session.py", line 2236, in _execute_internal
    result: Result[Any] = compile_state_cls.orm_execute_statement(
                          ^^^^^^^^^^^^^^^^^^^^^^^^^^^^^^^^^^^^^^^^
  File "D:\nhatro\backend\venv\Lib\site-packages\sqlalchemy\orm\context.py", line 293, in orm_execute_statement
    result = conn.execute(
             ^^^^^^^^^^^^^
  File "D:\nhatro\backend\venv\Lib\site-packages\sqlalchemy\engine\base.py", line 1418, in execute
    return meth(
           ^^^^^
  File "D:\nhatro\backend\venv\Lib\site-packages\sqlalchemy\sql\elements.py", line 515, in _execute_on_connection
    return connection._execute_clauseelement(
           ^^^^^^^^^^^^^^^^^^^^^^^^^^^^^^^^^^
  File "D:\nhatro\backend\venv\Lib\site-packages\sqlalchemy\engine\base.py", line 1640, in _execute_clauseelement
    ret = self._execute_context(
          ^^^^^^^^^^^^^^^^^^^^^^
  File "D:\nhatro\backend\venv\Lib\site-packages\sqlalchemy\engine\base.py", line 1846, in _execute_context
    return self._exec_single_context(
           ^^^^^^^^^^^^^^^^^^^^^^^^^^
  File "D:\nhatro\backend\venv\Lib\site-packages\sqlalchemy\engine\base.py", line 1986, in _exec_single_context
    self._handle_dbapi_exception(
  File "D:\nhatro\backend\venv\Lib\site-packages\sqlalchemy\engine\base.py", line 2353, in _handle_dbapi_exception
    raise sqlalchemy_exception.with_traceback(exc_info[2]) from e
  File "D:\nhatro\backend\venv\Lib\site-packages\sqlalchemy\engine\base.py", line 1967, in _exec_single_context
    self.dialect.do_execute(
  File "D:\nhatro\backend\venv\Lib\site-packages\sqlalchemy\engine\default.py", line 924, in do_execute
    cursor.execute(statement, parameters)
  File "D:\nhatro\backend\venv\Lib\site-packages\sqlalchemy\dialects\postgresql\asyncpg.py", line 572, in execute
    self._adapt_connection.await_(
  File "D:\nhatro\backend\venv\Lib\site-packages\sqlalchemy\util\_concurrency_py3k.py", line 131, in await_only
    return current.driver.switch(awaitable)  # type: ignore[no-any-return]
           ^^^^^^^^^^^^^^^^^^^^^^^^^^^^^^^^
  File "D:\nhatro\backend\venv\Lib\site-packages\sqlalchemy\util\_concurrency_py3k.py", line 196, in greenlet_spawn
    value = await result
            ^^^^^^^^^^^^
  File "D:\nhatro\backend\venv\Lib\site-packages\sqlalchemy\dialects\postgresql\asyncpg.py", line 550, in _prepare_and_execute
    self._handle_exception(error)
  File "D:\nhatro\backend\venv\Lib\site-packages\sqlalchemy\dialects\postgresql\asyncpg.py", line 501, in _handle_exception
    self._adapt_connection._handle_exception(error)
  File "D:\nhatro\backend\venv\Lib\site-packages\sqlalchemy\dialects\postgresql\asyncpg.py", line 789, in _handle_exception
    raise translated_error from error
sqlalchemy.exc.ProgrammingError: (sqlalchemy.dialects.postgresql.asyncpg.ProgrammingError) <class 'asyncpg.exceptions.DuplicatePreparedStatementError'>: prepared statement "__asyncpg_stmt_3a__" already exists
HINT:  
NOTE: pgbouncer with pool_mode set to "transaction" or
"statement" does not support prepared statements properly.
You have two options:

* if you are using pgbouncer for connection pooling to a
  single server, switch to the connection pool functionality
  provided by asyncpg, it is a much better option for this
  purpose;

* if you have no option of avoiding the use of pgbouncer,
  then you can set statement_cache_size to 0 when creating
  the asyncpg connection object.

[SQL: SELECT users.id, users.email, users.hashed_password, users.full_name, users.phone, users.avatar_url, users.is_active, users.is_verified, users.role, users.created_at, users.updated_at 
FROM users 
WHERE users.id = $1::UUID AND users.is_active = true]
[parameters: ('fe883956-1f87-44f8-9564-e695d649ec3e',)]
(Background on this error at: https://sqlalche.me/e/20/f405)
==============================================

=== GLOBAL EXCEPTION HANDLER AT GET /api/v1/payments/pending ===
Traceback (most recent call last):
  File "D:\nhatro\backend\venv\Lib\site-packages\sqlalchemy\dialects\postgresql\asyncpg.py", line 514, in _prepare_and_execute
    prepared_stmt, attributes = await adapt_connection._prepare(
                                ^^^^^^^^^^^^^^^^^^^^^^^^^^^^^^^^
  File "D:\nhatro\backend\venv\Lib\site-packages\sqlalchemy\dialects\postgresql\asyncpg.py", line 747, in _prepare
    prepared_stmt = await self._connection.prepare(
                    ^^^^^^^^^^^^^^^^^^^^^^^^^^^^^^^
  File "D:\nhatro\backend\venv\Lib\site-packages\asyncpg\connection.py", line 636, in prepare
    return await self._prepare(
           ^^^^^^^^^^^^^^^^^^^^
  File "D:\nhatro\backend\venv\Lib\site-packages\asyncpg\connection.py", line 654, in _prepare
    stmt = await self._get_statement(
           ^^^^^^^^^^^^^^^^^^^^^^^^^^
  File "D:\nhatro\backend\venv\Lib\site-packages\asyncpg\connection.py", line 433, in _get_statement
    statement = await self._protocol.prepare(
                ^^^^^^^^^^^^^^^^^^^^^^^^^^^^^
  File "asyncpg\protocol\protocol.pyx", line 166, in prepare
asyncpg.exceptions.DuplicatePreparedStatementError: prepared statement "__asyncpg_stmt_3e__" already exists
HINT:  
NOTE: pgbouncer with pool_mode set to "transaction" or
"statement" does not support prepared statements properly.
You have two options:

* if you are using pgbouncer for connection pooling to a
  single server, switch to the connection pool functionality
  provided by asyncpg, it is a much better option for this
  purpose;

* if you have no option of avoiding the use of pgbouncer,
  then you can set statement_cache_size to 0 when creating
  the asyncpg connection object.


The above exception was the direct cause of the following exception:

Traceback (most recent call last):
  File "D:\nhatro\backend\venv\Lib\site-packages\sqlalchemy\engine\base.py", line 1967, in _exec_single_context
    self.dialect.do_execute(
  File "D:\nhatro\backend\venv\Lib\site-packages\sqlalchemy\engine\default.py", line 924, in do_execute
    cursor.execute(statement, parameters)
  File "D:\nhatro\backend\venv\Lib\site-packages\sqlalchemy\dialects\postgresql\asyncpg.py", line 572, in execute
    self._adapt_connection.await_(
  File "D:\nhatro\backend\venv\Lib\site-packages\sqlalchemy\util\_concurrency_py3k.py", line 131, in await_only
    return current.driver.switch(awaitable)  # type: ignore[no-any-return]
           ^^^^^^^^^^^^^^^^^^^^^^^^^^^^^^^^
  File "D:\nhatro\backend\venv\Lib\site-packages\sqlalchemy\util\_concurrency_py3k.py", line 196, in greenlet_spawn
    value = await result
            ^^^^^^^^^^^^
  File "D:\nhatro\backend\venv\Lib\site-packages\sqlalchemy\dialects\postgresql\asyncpg.py", line 550, in _prepare_and_execute
    self._handle_exception(error)
  File "D:\nhatro\backend\venv\Lib\site-packages\sqlalchemy\dialects\postgresql\asyncpg.py", line 501, in _handle_exception
    self._adapt_connection._handle_exception(error)
  File "D:\nhatro\backend\venv\Lib\site-packages\sqlalchemy\dialects\postgresql\asyncpg.py", line 789, in _handle_exception
    raise translated_error from error
sqlalchemy.dialects.postgresql.asyncpg.AsyncAdapt_asyncpg_dbapi.ProgrammingError: <class 'asyncpg.exceptions.DuplicatePreparedStatementError'>: prepared statement "__asyncpg_stmt_3e__" already exists
HINT:  
NOTE: pgbouncer with pool_mode set to "transaction" or
"statement" does not support prepared statements properly.
You have two options:

* if you are using pgbouncer for connection pooling to a
  single server, switch to the connection pool functionality
  provided by asyncpg, it is a much better option for this
  purpose;

* if you have no option of avoiding the use of pgbouncer,
  then you can set statement_cache_size to 0 when creating
  the asyncpg connection object.


The above exception was the direct cause of the following exception:

Traceback (most recent call last):
  File "D:\nhatro\backend\venv\Lib\site-packages\starlette\middleware\errors.py", line 164, in __call__
    await self.app(scope, receive, _send)
  File "D:\nhatro\backend\venv\Lib\site-packages\starlette\middleware\base.py", line 189, in __call__
    with collapse_excgroups():
         ^^^^^^^^^^^^^^^^^^^^
  File "C:\Users\ngocson\.cache\codex-runtimes\codex-primary-runtime\dependencies\python\Lib\contextlib.py", line 158, in __exit__
    self.gen.throw(value)
  File "D:\nhatro\backend\venv\Lib\site-packages\starlette\_utils.py", line 93, in collapse_excgroups
    raise exc
  File "D:\nhatro\backend\venv\Lib\site-packages\starlette\middleware\base.py", line 191, in __call__
    response = await self.dispatch_func(request, call_next)
               ^^^^^^^^^^^^^^^^^^^^^^^^^^^^^^^^^^^^^^^^^^^^
  File "D:\nhatro\backend\app\main.py", line 149, in rate_limit_middleware
    return await call_next(request)
           ^^^^^^^^^^^^^^^^^^^^^^^^
  File "D:\nhatro\backend\venv\Lib\site-packages\starlette\middleware\base.py", line 165, in call_next
    raise app_exc
  File "D:\nhatro\backend\venv\Lib\site-packages\starlette\middleware\base.py", line 151, in coro
    await self.app(scope, receive_or_disconnect, send_no_error)
  File "D:\nhatro\backend\venv\Lib\site-packages\starlette\middleware\base.py", line 189, in __call__
    with collapse_excgroups():
         ^^^^^^^^^^^^^^^^^^^^
  File "C:\Users\ngocson\.cache\codex-runtimes\codex-primary-runtime\dependencies\python\Lib\contextlib.py", line 158, in __exit__
    self.gen.throw(value)
  File "D:\nhatro\backend\venv\Lib\site-packages\starlette\_utils.py", line 93, in collapse_excgroups
    raise exc
  File "D:\nhatro\backend\venv\Lib\site-packages\starlette\middleware\base.py", line 191, in __call__
    response = await self.dispatch_func(request, call_next)
               ^^^^^^^^^^^^^^^^^^^^^^^^^^^^^^^^^^^^^^^^^^^^
  File "D:\nhatro\backend\app\main.py", line 115, in add_process_time
    response = await call_next(request)
               ^^^^^^^^^^^^^^^^^^^^^^^^
  File "D:\nhatro\backend\venv\Lib\site-packages\starlette\middleware\base.py", line 165, in call_next
    raise app_exc
  File "D:\nhatro\backend\venv\Lib\site-packages\starlette\middleware\base.py", line 151, in coro
    await self.app(scope, receive_or_disconnect, send_no_error)
  File "D:\nhatro\backend\venv\Lib\site-packages\starlette\middleware\base.py", line 189, in __call__
    with collapse_excgroups():
         ^^^^^^^^^^^^^^^^^^^^
  File "C:\Users\ngocson\.cache\codex-runtimes\codex-primary-runtime\dependencies\python\Lib\contextlib.py", line 158, in __exit__
    self.gen.throw(value)
  File "D:\nhatro\backend\venv\Lib\site-packages\starlette\_utils.py", line 93, in collapse_excgroups
    raise exc
  File "D:\nhatro\backend\venv\Lib\site-packages\starlette\middleware\base.py", line 191, in __call__
    response = await self.dispatch_func(request, call_next)
               ^^^^^^^^^^^^^^^^^^^^^^^^^^^^^^^^^^^^^^^^^^^^
  File "D:\nhatro\backend\app\main.py", line 108, in add_security_headers
    response = await call_next(request)
               ^^^^^^^^^^^^^^^^^^^^^^^^
  File "D:\nhatro\backend\venv\Lib\site-packages\starlette\middleware\base.py", line 165, in call_next
    raise app_exc
  File "D:\nhatro\backend\venv\Lib\site-packages\starlette\middleware\base.py", line 151, in coro
    await self.app(scope, receive_or_disconnect, send_no_error)
  File "D:\nhatro\backend\venv\Lib\site-packages\starlette\middleware\cors.py", line 93, in __call__
    await self.simple_response(scope, receive, send, request_headers=headers)
  File "D:\nhatro\backend\venv\Lib\site-packages\starlette\middleware\cors.py", line 148, in simple_response
    await self.app(scope, receive, send)
  File "D:\nhatro\backend\venv\Lib\site-packages\starlette\middleware\exceptions.py", line 65, in __call__
    await wrap_app_handling_exceptions(self.app, conn)(scope, receive, send)
  File "D:\nhatro\backend\venv\Lib\site-packages\starlette\_exception_handler.py", line 64, in wrapped_app
    raise exc
  File "D:\nhatro\backend\venv\Lib\site-packages\starlette\_exception_handler.py", line 53, in wrapped_app
    await app(scope, receive, sender)
  File "D:\nhatro\backend\venv\Lib\site-packages\starlette\routing.py", line 756, in __call__
    await self.middleware_stack(scope, receive, send)
  File "D:\nhatro\backend\venv\Lib\site-packages\starlette\routing.py", line 776, in app
    await route.handle(scope, receive, send)
  File "D:\nhatro\backend\venv\Lib\site-packages\starlette\routing.py", line 297, in handle
    await self.app(scope, receive, send)
  File "D:\nhatro\backend\venv\Lib\site-packages\starlette\routing.py", line 77, in app
    await wrap_app_handling_exceptions(app, request)(scope, receive, send)
  File "D:\nhatro\backend\venv\Lib\site-packages\starlette\_exception_handler.py", line 64, in wrapped_app
    raise exc
  File "D:\nhatro\backend\venv\Lib\site-packages\starlette\_exception_handler.py", line 53, in wrapped_app
    await app(scope, receive, sender)
  File "D:\nhatro\backend\venv\Lib\site-packages\starlette\routing.py", line 72, in app
    response = await func(request)
               ^^^^^^^^^^^^^^^^^^^
  File "D:\nhatro\backend\venv\Lib\site-packages\fastapi\routing.py", line 269, in app
    solved_result = await solve_dependencies(
                    ^^^^^^^^^^^^^^^^^^^^^^^^^
  File "D:\nhatro\backend\venv\Lib\site-packages\fastapi\dependencies\utils.py", line 572, in solve_dependencies
    solved_result = await solve_dependencies(
                    ^^^^^^^^^^^^^^^^^^^^^^^^^
  File "D:\nhatro\backend\venv\Lib\site-packages\fastapi\dependencies\utils.py", line 572, in solve_dependencies
    solved_result = await solve_dependencies(
                    ^^^^^^^^^^^^^^^^^^^^^^^^^
  File "D:\nhatro\backend\venv\Lib\site-packages\fastapi\dependencies\utils.py", line 600, in solve_dependencies
    solved = await call(**sub_values)
             ^^^^^^^^^^^^^^^^^^^^^^^^
  File "D:\nhatro\backend\app\api\deps.py", line 91, in get_current_user
    result = await db.execute(select(User).where(User.id == user_id, User.is_active == True))
             ^^^^^^^^^^^^^^^^^^^^^^^^^^^^^^^^^^^^^^^^^^^^^^^^^^^^^^^^^^^^^^^^^^^^^^^^^^^^^^^^
  File "D:\nhatro\backend\venv\Lib\site-packages\sqlalchemy\ext\asyncio\session.py", line 461, in execute
    result = await greenlet_spawn(
             ^^^^^^^^^^^^^^^^^^^^^
  File "D:\nhatro\backend\venv\Lib\site-packages\sqlalchemy\util\_concurrency_py3k.py", line 201, in greenlet_spawn
    result = context.throw(*sys.exc_info())
             ^^^^^^^^^^^^^^^^^^^^^^^^^^^^^^
  File "D:\nhatro\backend\venv\Lib\site-packages\sqlalchemy\orm\session.py", line 2351, in execute
    return self._execute_internal(
           ^^^^^^^^^^^^^^^^^^^^^^^
  File "D:\nhatro\backend\venv\Lib\site-packages\sqlalchemy\orm\session.py", line 2236, in _execute_internal
    result: Result[Any] = compile_state_cls.orm_execute_statement(
                          ^^^^^^^^^^^^^^^^^^^^^^^^^^^^^^^^^^^^^^^^
  File "D:\nhatro\backend\venv\Lib\site-packages\sqlalchemy\orm\context.py", line 293, in orm_execute_statement
    result = conn.execute(
             ^^^^^^^^^^^^^
  File "D:\nhatro\backend\venv\Lib\site-packages\sqlalchemy\engine\base.py", line 1418, in execute
    return meth(
           ^^^^^
  File "D:\nhatro\backend\venv\Lib\site-packages\sqlalchemy\sql\elements.py", line 515, in _execute_on_connection
    return connection._execute_clauseelement(
           ^^^^^^^^^^^^^^^^^^^^^^^^^^^^^^^^^^
  File "D:\nhatro\backend\venv\Lib\site-packages\sqlalchemy\engine\base.py", line 1640, in _execute_clauseelement
    ret = self._execute_context(
          ^^^^^^^^^^^^^^^^^^^^^^
  File "D:\nhatro\backend\venv\Lib\site-packages\sqlalchemy\engine\base.py", line 1846, in _execute_context
    return self._exec_single_context(
           ^^^^^^^^^^^^^^^^^^^^^^^^^^
  File "D:\nhatro\backend\venv\Lib\site-packages\sqlalchemy\engine\base.py", line 1986, in _exec_single_context
    self._handle_dbapi_exception(
  File "D:\nhatro\backend\venv\Lib\site-packages\sqlalchemy\engine\base.py", line 2353, in _handle_dbapi_exception
    raise sqlalchemy_exception.with_traceback(exc_info[2]) from e
  File "D:\nhatro\backend\venv\Lib\site-packages\sqlalchemy\engine\base.py", line 1967, in _exec_single_context
    self.dialect.do_execute(
  File "D:\nhatro\backend\venv\Lib\site-packages\sqlalchemy\engine\default.py", line 924, in do_execute
    cursor.execute(statement, parameters)
  File "D:\nhatro\backend\venv\Lib\site-packages\sqlalchemy\dialects\postgresql\asyncpg.py", line 572, in execute
    self._adapt_connection.await_(
  File "D:\nhatro\backend\venv\Lib\site-packages\sqlalchemy\util\_concurrency_py3k.py", line 131, in await_only
    return current.driver.switch(awaitable)  # type: ignore[no-any-return]
           ^^^^^^^^^^^^^^^^^^^^^^^^^^^^^^^^
  File "D:\nhatro\backend\venv\Lib\site-packages\sqlalchemy\util\_concurrency_py3k.py", line 196, in greenlet_spawn
    value = await result
            ^^^^^^^^^^^^
  File "D:\nhatro\backend\venv\Lib\site-packages\sqlalchemy\dialects\postgresql\asyncpg.py", line 550, in _prepare_and_execute
    self._handle_exception(error)
  File "D:\nhatro\backend\venv\Lib\site-packages\sqlalchemy\dialects\postgresql\asyncpg.py", line 501, in _handle_exception
    self._adapt_connection._handle_exception(error)
  File "D:\nhatro\backend\venv\Lib\site-packages\sqlalchemy\dialects\postgresql\asyncpg.py", line 789, in _handle_exception
    raise translated_error from error
sqlalchemy.exc.ProgrammingError: (sqlalchemy.dialects.postgresql.asyncpg.ProgrammingError) <class 'asyncpg.exceptions.DuplicatePreparedStatementError'>: prepared statement "__asyncpg_stmt_3e__" already exists
HINT:  
NOTE: pgbouncer with pool_mode set to "transaction" or
"statement" does not support prepared statements properly.
You have two options:

* if you are using pgbouncer for connection pooling to a
  single server, switch to the connection pool functionality
  provided by asyncpg, it is a much better option for this
  purpose;

* if you have no option of avoiding the use of pgbouncer,
  then you can set statement_cache_size to 0 when creating
  the asyncpg connection object.

[SQL: SELECT users.id, users.email, users.hashed_password, users.full_name, users.phone, users.avatar_url, users.is_active, users.is_verified, users.role, users.created_at, users.updated_at 
FROM users 
WHERE users.id = $1::UUID AND users.is_active = true]
[parameters: ('fe883956-1f87-44f8-9564-e695d649ec3e',)]
(Background on this error at: https://sqlalche.me/e/20/f405)
==============================================

=== GLOBAL EXCEPTION HANDLER AT GET /api/v1/rooms ===
Traceback (most recent call last):
  File "D:\nhatro\backend\venv\Lib\site-packages\sqlalchemy\dialects\postgresql\asyncpg.py", line 514, in _prepare_and_execute
    prepared_stmt, attributes = await adapt_connection._prepare(
                                ^^^^^^^^^^^^^^^^^^^^^^^^^^^^^^^^
  File "D:\nhatro\backend\venv\Lib\site-packages\sqlalchemy\dialects\postgresql\asyncpg.py", line 747, in _prepare
    prepared_stmt = await self._connection.prepare(
                    ^^^^^^^^^^^^^^^^^^^^^^^^^^^^^^^
  File "D:\nhatro\backend\venv\Lib\site-packages\asyncpg\connection.py", line 636, in prepare
    return await self._prepare(
           ^^^^^^^^^^^^^^^^^^^^
  File "D:\nhatro\backend\venv\Lib\site-packages\asyncpg\connection.py", line 654, in _prepare
    stmt = await self._get_statement(
           ^^^^^^^^^^^^^^^^^^^^^^^^^^
  File "D:\nhatro\backend\venv\Lib\site-packages\asyncpg\connection.py", line 433, in _get_statement
    statement = await self._protocol.prepare(
                ^^^^^^^^^^^^^^^^^^^^^^^^^^^^^
  File "asyncpg\protocol\protocol.pyx", line 166, in prepare
asyncpg.exceptions.DuplicatePreparedStatementError: prepared statement "__asyncpg_stmt_43__" already exists
HINT:  
NOTE: pgbouncer with pool_mode set to "transaction" or
"statement" does not support prepared statements properly.
You have two options:

* if you are using pgbouncer for connection pooling to a
  single server, switch to the connection pool functionality
  provided by asyncpg, it is a much better option for this
  purpose;

* if you have no option of avoiding the use of pgbouncer,
  then you can set statement_cache_size to 0 when creating
  the asyncpg connection object.


The above exception was the direct cause of the following exception:

Traceback (most recent call last):
  File "D:\nhatro\backend\venv\Lib\site-packages\sqlalchemy\engine\base.py", line 1967, in _exec_single_context
    self.dialect.do_execute(
  File "D:\nhatro\backend\venv\Lib\site-packages\sqlalchemy\engine\default.py", line 924, in do_execute
    cursor.execute(statement, parameters)
  File "D:\nhatro\backend\venv\Lib\site-packages\sqlalchemy\dialects\postgresql\asyncpg.py", line 572, in execute
    self._adapt_connection.await_(
  File "D:\nhatro\backend\venv\Lib\site-packages\sqlalchemy\util\_concurrency_py3k.py", line 131, in await_only
    return current.driver.switch(awaitable)  # type: ignore[no-any-return]
           ^^^^^^^^^^^^^^^^^^^^^^^^^^^^^^^^
  File "D:\nhatro\backend\venv\Lib\site-packages\sqlalchemy\util\_concurrency_py3k.py", line 196, in greenlet_spawn
    value = await result
            ^^^^^^^^^^^^
  File "D:\nhatro\backend\venv\Lib\site-packages\sqlalchemy\dialects\postgresql\asyncpg.py", line 550, in _prepare_and_execute
    self._handle_exception(error)
  File "D:\nhatro\backend\venv\Lib\site-packages\sqlalchemy\dialects\postgresql\asyncpg.py", line 501, in _handle_exception
    self._adapt_connection._handle_exception(error)
  File "D:\nhatro\backend\venv\Lib\site-packages\sqlalchemy\dialects\postgresql\asyncpg.py", line 789, in _handle_exception
    raise translated_error from error
sqlalchemy.dialects.postgresql.asyncpg.AsyncAdapt_asyncpg_dbapi.ProgrammingError: <class 'asyncpg.exceptions.DuplicatePreparedStatementError'>: prepared statement "__asyncpg_stmt_43__" already exists
HINT:  
NOTE: pgbouncer with pool_mode set to "transaction" or
"statement" does not support prepared statements properly.
You have two options:

* if you are using pgbouncer for connection pooling to a
  single server, switch to the connection pool functionality
  provided by asyncpg, it is a much better option for this
  purpose;

* if you have no option of avoiding the use of pgbouncer,
  then you can set statement_cache_size to 0 when creating
  the asyncpg connection object.


The above exception was the direct cause of the following exception:

Traceback (most recent call last):
  File "D:\nhatro\backend\venv\Lib\site-packages\starlette\middleware\errors.py", line 164, in __call__
    await self.app(scope, receive, _send)
  File "D:\nhatro\backend\venv\Lib\site-packages\starlette\middleware\base.py", line 189, in __call__
    with collapse_excgroups():
         ^^^^^^^^^^^^^^^^^^^^
  File "C:\Users\ngocson\.cache\codex-runtimes\codex-primary-runtime\dependencies\python\Lib\contextlib.py", line 158, in __exit__
    self.gen.throw(value)
  File "D:\nhatro\backend\venv\Lib\site-packages\starlette\_utils.py", line 93, in collapse_excgroups
    raise exc
  File "D:\nhatro\backend\venv\Lib\site-packages\starlette\middleware\base.py", line 191, in __call__
    response = await self.dispatch_func(request, call_next)
               ^^^^^^^^^^^^^^^^^^^^^^^^^^^^^^^^^^^^^^^^^^^^
  File "D:\nhatro\backend\app\main.py", line 149, in rate_limit_middleware
    return await call_next(request)
           ^^^^^^^^^^^^^^^^^^^^^^^^
  File "D:\nhatro\backend\venv\Lib\site-packages\starlette\middleware\base.py", line 165, in call_next
    raise app_exc
  File "D:\nhatro\backend\venv\Lib\site-packages\starlette\middleware\base.py", line 151, in coro
    await self.app(scope, receive_or_disconnect, send_no_error)
  File "D:\nhatro\backend\venv\Lib\site-packages\starlette\middleware\base.py", line 189, in __call__
    with collapse_excgroups():
         ^^^^^^^^^^^^^^^^^^^^
  File "C:\Users\ngocson\.cache\codex-runtimes\codex-primary-runtime\dependencies\python\Lib\contextlib.py", line 158, in __exit__
    self.gen.throw(value)
  File "D:\nhatro\backend\venv\Lib\site-packages\starlette\_utils.py", line 93, in collapse_excgroups
    raise exc
  File "D:\nhatro\backend\venv\Lib\site-packages\starlette\middleware\base.py", line 191, in __call__
    response = await self.dispatch_func(request, call_next)
               ^^^^^^^^^^^^^^^^^^^^^^^^^^^^^^^^^^^^^^^^^^^^
  File "D:\nhatro\backend\app\main.py", line 115, in add_process_time
    response = await call_next(request)
               ^^^^^^^^^^^^^^^^^^^^^^^^
  File "D:\nhatro\backend\venv\Lib\site-packages\starlette\middleware\base.py", line 165, in call_next
    raise app_exc
  File "D:\nhatro\backend\venv\Lib\site-packages\starlette\middleware\base.py", line 151, in coro
    await self.app(scope, receive_or_disconnect, send_no_error)
  File "D:\nhatro\backend\venv\Lib\site-packages\starlette\middleware\base.py", line 189, in __call__
    with collapse_excgroups():
         ^^^^^^^^^^^^^^^^^^^^
  File "C:\Users\ngocson\.cache\codex-runtimes\codex-primary-runtime\dependencies\python\Lib\contextlib.py", line 158, in __exit__
    self.gen.throw(value)
  File "D:\nhatro\backend\venv\Lib\site-packages\starlette\_utils.py", line 93, in collapse_excgroups
    raise exc
  File "D:\nhatro\backend\venv\Lib\site-packages\starlette\middleware\base.py", line 191, in __call__
    response = await self.dispatch_func(request, call_next)
               ^^^^^^^^^^^^^^^^^^^^^^^^^^^^^^^^^^^^^^^^^^^^
  File "D:\nhatro\backend\app\main.py", line 108, in add_security_headers
    response = await call_next(request)
               ^^^^^^^^^^^^^^^^^^^^^^^^
  File "D:\nhatro\backend\venv\Lib\site-packages\starlette\middleware\base.py", line 165, in call_next
    raise app_exc
  File "D:\nhatro\backend\venv\Lib\site-packages\starlette\middleware\base.py", line 151, in coro
    await self.app(scope, receive_or_disconnect, send_no_error)
  File "D:\nhatro\backend\venv\Lib\site-packages\starlette\middleware\cors.py", line 93, in __call__
    await self.simple_response(scope, receive, send, request_headers=headers)
  File "D:\nhatro\backend\venv\Lib\site-packages\starlette\middleware\cors.py", line 148, in simple_response
    await self.app(scope, receive, send)
  File "D:\nhatro\backend\venv\Lib\site-packages\starlette\middleware\exceptions.py", line 65, in __call__
    await wrap_app_handling_exceptions(self.app, conn)(scope, receive, send)
  File "D:\nhatro\backend\venv\Lib\site-packages\starlette\_exception_handler.py", line 64, in wrapped_app
    raise exc
  File "D:\nhatro\backend\venv\Lib\site-packages\starlette\_exception_handler.py", line 53, in wrapped_app
    await app(scope, receive, sender)
  File "D:\nhatro\backend\venv\Lib\site-packages\starlette\routing.py", line 756, in __call__
    await self.middleware_stack(scope, receive, send)
  File "D:\nhatro\backend\venv\Lib\site-packages\starlette\routing.py", line 776, in app
    await route.handle(scope, receive, send)
  File "D:\nhatro\backend\venv\Lib\site-packages\starlette\routing.py", line 297, in handle
    await self.app(scope, receive, send)
  File "D:\nhatro\backend\venv\Lib\site-packages\starlette\routing.py", line 77, in app
    await wrap_app_handling_exceptions(app, request)(scope, receive, send)
  File "D:\nhatro\backend\venv\Lib\site-packages\starlette\_exception_handler.py", line 64, in wrapped_app
    raise exc
  File "D:\nhatro\backend\venv\Lib\site-packages\starlette\_exception_handler.py", line 53, in wrapped_app
    await app(scope, receive, sender)
  File "D:\nhatro\backend\venv\Lib\site-packages\starlette\routing.py", line 72, in app
    response = await func(request)
               ^^^^^^^^^^^^^^^^^^^
  File "D:\nhatro\backend\venv\Lib\site-packages\fastapi\routing.py", line 269, in app
    solved_result = await solve_dependencies(
                    ^^^^^^^^^^^^^^^^^^^^^^^^^
  File "D:\nhatro\backend\venv\Lib\site-packages\fastapi\dependencies\utils.py", line 572, in solve_dependencies
    solved_result = await solve_dependencies(
                    ^^^^^^^^^^^^^^^^^^^^^^^^^
  File "D:\nhatro\backend\venv\Lib\site-packages\fastapi\dependencies\utils.py", line 600, in solve_dependencies
    solved = await call(**sub_values)
             ^^^^^^^^^^^^^^^^^^^^^^^^
  File "D:\nhatro\backend\app\api\deps.py", line 91, in get_current_user
    result = await db.execute(select(User).where(User.id == user_id, User.is_active == True))
             ^^^^^^^^^^^^^^^^^^^^^^^^^^^^^^^^^^^^^^^^^^^^^^^^^^^^^^^^^^^^^^^^^^^^^^^^^^^^^^^^
  File "D:\nhatro\backend\venv\Lib\site-packages\sqlalchemy\ext\asyncio\session.py", line 461, in execute
    result = await greenlet_spawn(
             ^^^^^^^^^^^^^^^^^^^^^
  File "D:\nhatro\backend\venv\Lib\site-packages\sqlalchemy\util\_concurrency_py3k.py", line 201, in greenlet_spawn
    result = context.throw(*sys.exc_info())
             ^^^^^^^^^^^^^^^^^^^^^^^^^^^^^^
  File "D:\nhatro\backend\venv\Lib\site-packages\sqlalchemy\orm\session.py", line 2351, in execute
    return self._execute_internal(
           ^^^^^^^^^^^^^^^^^^^^^^^
  File "D:\nhatro\backend\venv\Lib\site-packages\sqlalchemy\orm\session.py", line 2236, in _execute_internal
    result: Result[Any] = compile_state_cls.orm_execute_statement(
                          ^^^^^^^^^^^^^^^^^^^^^^^^^^^^^^^^^^^^^^^^
  File "D:\nhatro\backend\venv\Lib\site-packages\sqlalchemy\orm\context.py", line 293, in orm_execute_statement
    result = conn.execute(
             ^^^^^^^^^^^^^
  File "D:\nhatro\backend\venv\Lib\site-packages\sqlalchemy\engine\base.py", line 1418, in execute
    return meth(
           ^^^^^
  File "D:\nhatro\backend\venv\Lib\site-packages\sqlalchemy\sql\elements.py", line 515, in _execute_on_connection
    return connection._execute_clauseelement(
           ^^^^^^^^^^^^^^^^^^^^^^^^^^^^^^^^^^
  File "D:\nhatro\backend\venv\Lib\site-packages\sqlalchemy\engine\base.py", line 1640, in _execute_clauseelement
    ret = self._execute_context(
          ^^^^^^^^^^^^^^^^^^^^^^
  File "D:\nhatro\backend\venv\Lib\site-packages\sqlalchemy\engine\base.py", line 1846, in _execute_context
    return self._exec_single_context(
           ^^^^^^^^^^^^^^^^^^^^^^^^^^
  File "D:\nhatro\backend\venv\Lib\site-packages\sqlalchemy\engine\base.py", line 1986, in _exec_single_context
    self._handle_dbapi_exception(
  File "D:\nhatro\backend\venv\Lib\site-packages\sqlalchemy\engine\base.py", line 2353, in _handle_dbapi_exception
    raise sqlalchemy_exception.with_traceback(exc_info[2]) from e
  File "D:\nhatro\backend\venv\Lib\site-packages\sqlalchemy\engine\base.py", line 1967, in _exec_single_context
    self.dialect.do_execute(
  File "D:\nhatro\backend\venv\Lib\site-packages\sqlalchemy\engine\default.py", line 924, in do_execute
    cursor.execute(statement, parameters)
  File "D:\nhatro\backend\venv\Lib\site-packages\sqlalchemy\dialects\postgresql\asyncpg.py", line 572, in execute
    self._adapt_connection.await_(
  File "D:\nhatro\backend\venv\Lib\site-packages\sqlalchemy\util\_concurrency_py3k.py", line 131, in await_only
    return current.driver.switch(awaitable)  # type: ignore[no-any-return]
           ^^^^^^^^^^^^^^^^^^^^^^^^^^^^^^^^
  File "D:\nhatro\backend\venv\Lib\site-packages\sqlalchemy\util\_concurrency_py3k.py", line 196, in greenlet_spawn
    value = await result
            ^^^^^^^^^^^^
  File "D:\nhatro\backend\venv\Lib\site-packages\sqlalchemy\dialects\postgresql\asyncpg.py", line 550, in _prepare_and_execute
    self._handle_exception(error)
  File "D:\nhatro\backend\venv\Lib\site-packages\sqlalchemy\dialects\postgresql\asyncpg.py", line 501, in _handle_exception
    self._adapt_connection._handle_exception(error)
  File "D:\nhatro\backend\venv\Lib\site-packages\sqlalchemy\dialects\postgresql\asyncpg.py", line 789, in _handle_exception
    raise translated_error from error
sqlalchemy.exc.ProgrammingError: (sqlalchemy.dialects.postgresql.asyncpg.ProgrammingError) <class 'asyncpg.exceptions.DuplicatePreparedStatementError'>: prepared statement "__asyncpg_stmt_43__" already exists
HINT:  
NOTE: pgbouncer with pool_mode set to "transaction" or
"statement" does not support prepared statements properly.
You have two options:

* if you are using pgbouncer for connection pooling to a
  single server, switch to the connection pool functionality
  provided by asyncpg, it is a much better option for this
  purpose;

* if you have no option of avoiding the use of pgbouncer,
  then you can set statement_cache_size to 0 when creating
  the asyncpg connection object.

[SQL: SELECT users.id, users.email, users.hashed_password, users.full_name, users.phone, users.avatar_url, users.is_active, users.is_verified, users.role, users.created_at, users.updated_at 
FROM users 
WHERE users.id = $1::UUID AND users.is_active = true]
[parameters: ('fe883956-1f87-44f8-9564-e695d649ec3e',)]
(Background on this error at: https://sqlalche.me/e/20/f405)
==============================================

=== GLOBAL EXCEPTION HANDLER AT GET /api/v1/invoices ===
Traceback (most recent call last):
  File "D:\nhatro\backend\venv\Lib\site-packages\sqlalchemy\dialects\postgresql\asyncpg.py", line 514, in _prepare_and_execute
    prepared_stmt, attributes = await adapt_connection._prepare(
                                ^^^^^^^^^^^^^^^^^^^^^^^^^^^^^^^^
  File "D:\nhatro\backend\venv\Lib\site-packages\sqlalchemy\dialects\postgresql\asyncpg.py", line 747, in _prepare
    prepared_stmt = await self._connection.prepare(
                    ^^^^^^^^^^^^^^^^^^^^^^^^^^^^^^^
  File "D:\nhatro\backend\venv\Lib\site-packages\asyncpg\connection.py", line 636, in prepare
    return await self._prepare(
           ^^^^^^^^^^^^^^^^^^^^
  File "D:\nhatro\backend\venv\Lib\site-packages\asyncpg\connection.py", line 654, in _prepare
    stmt = await self._get_statement(
           ^^^^^^^^^^^^^^^^^^^^^^^^^^
  File "D:\nhatro\backend\venv\Lib\site-packages\asyncpg\connection.py", line 433, in _get_statement
    statement = await self._protocol.prepare(
                ^^^^^^^^^^^^^^^^^^^^^^^^^^^^^
  File "asyncpg\protocol\protocol.pyx", line 166, in prepare
asyncpg.exceptions.DuplicatePreparedStatementError: prepared statement "__asyncpg_stmt_4f__" already exists
HINT:  
NOTE: pgbouncer with pool_mode set to "transaction" or
"statement" does not support prepared statements properly.
You have two options:

* if you are using pgbouncer for connection pooling to a
  single server, switch to the connection pool functionality
  provided by asyncpg, it is a much better option for this
  purpose;

* if you have no option of avoiding the use of pgbouncer,
  then you can set statement_cache_size to 0 when creating
  the asyncpg connection object.


The above exception was the direct cause of the following exception:

Traceback (most recent call last):
  File "D:\nhatro\backend\venv\Lib\site-packages\sqlalchemy\engine\base.py", line 1967, in _exec_single_context
    self.dialect.do_execute(
  File "D:\nhatro\backend\venv\Lib\site-packages\sqlalchemy\engine\default.py", line 924, in do_execute
    cursor.execute(statement, parameters)
  File "D:\nhatro\backend\venv\Lib\site-packages\sqlalchemy\dialects\postgresql\asyncpg.py", line 572, in execute
    self._adapt_connection.await_(
  File "D:\nhatro\backend\venv\Lib\site-packages\sqlalchemy\util\_concurrency_py3k.py", line 131, in await_only
    return current.driver.switch(awaitable)  # type: ignore[no-any-return]
           ^^^^^^^^^^^^^^^^^^^^^^^^^^^^^^^^
  File "D:\nhatro\backend\venv\Lib\site-packages\sqlalchemy\util\_concurrency_py3k.py", line 196, in greenlet_spawn
    value = await result
            ^^^^^^^^^^^^
  File "D:\nhatro\backend\venv\Lib\site-packages\sqlalchemy\dialects\postgresql\asyncpg.py", line 550, in _prepare_and_execute
    self._handle_exception(error)
  File "D:\nhatro\backend\venv\Lib\site-packages\sqlalchemy\dialects\postgresql\asyncpg.py", line 501, in _handle_exception
    self._adapt_connection._handle_exception(error)
  File "D:\nhatro\backend\venv\Lib\site-packages\sqlalchemy\dialects\postgresql\asyncpg.py", line 789, in _handle_exception
    raise translated_error from error
sqlalchemy.dialects.postgresql.asyncpg.AsyncAdapt_asyncpg_dbapi.ProgrammingError: <class 'asyncpg.exceptions.DuplicatePreparedStatementError'>: prepared statement "__asyncpg_stmt_4f__" already exists
HINT:  
NOTE: pgbouncer with pool_mode set to "transaction" or
"statement" does not support prepared statements properly.
You have two options:

* if you are using pgbouncer for connection pooling to a
  single server, switch to the connection pool functionality
  provided by asyncpg, it is a much better option for this
  purpose;

* if you have no option of avoiding the use of pgbouncer,
  then you can set statement_cache_size to 0 when creating
  the asyncpg connection object.


The above exception was the direct cause of the following exception:

Traceback (most recent call last):
  File "D:\nhatro\backend\venv\Lib\site-packages\starlette\middleware\errors.py", line 164, in __call__
    await self.app(scope, receive, _send)
  File "D:\nhatro\backend\venv\Lib\site-packages\starlette\middleware\base.py", line 189, in __call__
    with collapse_excgroups():
         ^^^^^^^^^^^^^^^^^^^^
  File "C:\Users\ngocson\.cache\codex-runtimes\codex-primary-runtime\dependencies\python\Lib\contextlib.py", line 158, in __exit__
    self.gen.throw(value)
  File "D:\nhatro\backend\venv\Lib\site-packages\starlette\_utils.py", line 93, in collapse_excgroups
    raise exc
  File "D:\nhatro\backend\venv\Lib\site-packages\starlette\middleware\base.py", line 191, in __call__
    response = await self.dispatch_func(request, call_next)
               ^^^^^^^^^^^^^^^^^^^^^^^^^^^^^^^^^^^^^^^^^^^^
  File "D:\nhatro\backend\app\main.py", line 149, in rate_limit_middleware
    return await call_next(request)
           ^^^^^^^^^^^^^^^^^^^^^^^^
  File "D:\nhatro\backend\venv\Lib\site-packages\starlette\middleware\base.py", line 165, in call_next
    raise app_exc
  File "D:\nhatro\backend\venv\Lib\site-packages\starlette\middleware\base.py", line 151, in coro
    await self.app(scope, receive_or_disconnect, send_no_error)
  File "D:\nhatro\backend\venv\Lib\site-packages\starlette\middleware\base.py", line 189, in __call__
    with collapse_excgroups():
         ^^^^^^^^^^^^^^^^^^^^
  File "C:\Users\ngocson\.cache\codex-runtimes\codex-primary-runtime\dependencies\python\Lib\contextlib.py", line 158, in __exit__
    self.gen.throw(value)
  File "D:\nhatro\backend\venv\Lib\site-packages\starlette\_utils.py", line 93, in collapse_excgroups
    raise exc
  File "D:\nhatro\backend\venv\Lib\site-packages\starlette\middleware\base.py", line 191, in __call__
    response = await self.dispatch_func(request, call_next)
               ^^^^^^^^^^^^^^^^^^^^^^^^^^^^^^^^^^^^^^^^^^^^
  File "D:\nhatro\backend\app\main.py", line 115, in add_process_time
    response = await call_next(request)
               ^^^^^^^^^^^^^^^^^^^^^^^^
  File "D:\nhatro\backend\venv\Lib\site-packages\starlette\middleware\base.py", line 165, in call_next
    raise app_exc
  File "D:\nhatro\backend\venv\Lib\site-packages\starlette\middleware\base.py", line 151, in coro
    await self.app(scope, receive_or_disconnect, send_no_error)
  File "D:\nhatro\backend\venv\Lib\site-packages\starlette\middleware\base.py", line 189, in __call__
    with collapse_excgroups():
         ^^^^^^^^^^^^^^^^^^^^
  File "C:\Users\ngocson\.cache\codex-runtimes\codex-primary-runtime\dependencies\python\Lib\contextlib.py", line 158, in __exit__
    self.gen.throw(value)
  File "D:\nhatro\backend\venv\Lib\site-packages\starlette\_utils.py", line 93, in collapse_excgroups
    raise exc
  File "D:\nhatro\backend\venv\Lib\site-packages\starlette\middleware\base.py", line 191, in __call__
    response = await self.dispatch_func(request, call_next)
               ^^^^^^^^^^^^^^^^^^^^^^^^^^^^^^^^^^^^^^^^^^^^
  File "D:\nhatro\backend\app\main.py", line 108, in add_security_headers
    response = await call_next(request)
               ^^^^^^^^^^^^^^^^^^^^^^^^
  File "D:\nhatro\backend\venv\Lib\site-packages\starlette\middleware\base.py", line 165, in call_next
    raise app_exc
  File "D:\nhatro\backend\venv\Lib\site-packages\starlette\middleware\base.py", line 151, in coro
    await self.app(scope, receive_or_disconnect, send_no_error)
  File "D:\nhatro\backend\venv\Lib\site-packages\starlette\middleware\cors.py", line 93, in __call__
    await self.simple_response(scope, receive, send, request_headers=headers)
  File "D:\nhatro\backend\venv\Lib\site-packages\starlette\middleware\cors.py", line 148, in simple_response
    await self.app(scope, receive, send)
  File "D:\nhatro\backend\venv\Lib\site-packages\starlette\middleware\exceptions.py", line 65, in __call__
    await wrap_app_handling_exceptions(self.app, conn)(scope, receive, send)
  File "D:\nhatro\backend\venv\Lib\site-packages\starlette\_exception_handler.py", line 64, in wrapped_app
    raise exc
  File "D:\nhatro\backend\venv\Lib\site-packages\starlette\_exception_handler.py", line 53, in wrapped_app
    await app(scope, receive, sender)
  File "D:\nhatro\backend\venv\Lib\site-packages\starlette\routing.py", line 756, in __call__
    await self.middleware_stack(scope, receive, send)
  File "D:\nhatro\backend\venv\Lib\site-packages\starlette\routing.py", line 776, in app
    await route.handle(scope, receive, send)
  File "D:\nhatro\backend\venv\Lib\site-packages\starlette\routing.py", line 297, in handle
    await self.app(scope, receive, send)
  File "D:\nhatro\backend\venv\Lib\site-packages\starlette\routing.py", line 77, in app
    await wrap_app_handling_exceptions(app, request)(scope, receive, send)
  File "D:\nhatro\backend\venv\Lib\site-packages\starlette\_exception_handler.py", line 64, in wrapped_app
    raise exc
  File "D:\nhatro\backend\venv\Lib\site-packages\starlette\_exception_handler.py", line 53, in wrapped_app
    await app(scope, receive, sender)
  File "D:\nhatro\backend\venv\Lib\site-packages\starlette\routing.py", line 72, in app
    response = await func(request)
               ^^^^^^^^^^^^^^^^^^^
  File "D:\nhatro\backend\venv\Lib\site-packages\fastapi\routing.py", line 278, in app
    raw_response = await run_endpoint_function(
                   ^^^^^^^^^^^^^^^^^^^^^^^^^^^^
  File "D:\nhatro\backend\venv\Lib\site-packages\fastapi\routing.py", line 191, in run_endpoint_function
    return await dependant.call(**values)
           ^^^^^^^^^^^^^^^^^^^^^^^^^^^^^^
  File "D:\nhatro\backend\app\api\v1\endpoints\invoices.py", line 123, in list_invoices
    tenant_result = await db.execute(
                    ^^^^^^^^^^^^^^^^^
  File "D:\nhatro\backend\venv\Lib\site-packages\sqlalchemy\ext\asyncio\session.py", line 461, in execute
    result = await greenlet_spawn(
             ^^^^^^^^^^^^^^^^^^^^^
  File "D:\nhatro\backend\venv\Lib\site-packages\sqlalchemy\util\_concurrency_py3k.py", line 201, in greenlet_spawn
    result = context.throw(*sys.exc_info())
             ^^^^^^^^^^^^^^^^^^^^^^^^^^^^^^
  File "D:\nhatro\backend\venv\Lib\site-packages\sqlalchemy\orm\session.py", line 2351, in execute
    return self._execute_internal(
           ^^^^^^^^^^^^^^^^^^^^^^^
  File "D:\nhatro\backend\venv\Lib\site-packages\sqlalchemy\orm\session.py", line 2236, in _execute_internal
    result: Result[Any] = compile_state_cls.orm_execute_statement(
                          ^^^^^^^^^^^^^^^^^^^^^^^^^^^^^^^^^^^^^^^^
  File "D:\nhatro\backend\venv\Lib\site-packages\sqlalchemy\orm\context.py", line 293, in orm_execute_statement
    result = conn.execute(
             ^^^^^^^^^^^^^
  File "D:\nhatro\backend\venv\Lib\site-packages\sqlalchemy\engine\base.py", line 1418, in execute
    return meth(
           ^^^^^
  File "D:\nhatro\backend\venv\Lib\site-packages\sqlalchemy\sql\elements.py", line 515, in _execute_on_connection
    return connection._execute_clauseelement(
           ^^^^^^^^^^^^^^^^^^^^^^^^^^^^^^^^^^
  File "D:\nhatro\backend\venv\Lib\site-packages\sqlalchemy\engine\base.py", line 1640, in _execute_clauseelement
    ret = self._execute_context(
          ^^^^^^^^^^^^^^^^^^^^^^
  File "D:\nhatro\backend\venv\Lib\site-packages\sqlalchemy\engine\base.py", line 1846, in _execute_context
    return self._exec_single_context(
           ^^^^^^^^^^^^^^^^^^^^^^^^^^
  File "D:\nhatro\backend\venv\Lib\site-packages\sqlalchemy\engine\base.py", line 1986, in _exec_single_context
    self._handle_dbapi_exception(
  File "D:\nhatro\backend\venv\Lib\site-packages\sqlalchemy\engine\base.py", line 2353, in _handle_dbapi_exception
    raise sqlalchemy_exception.with_traceback(exc_info[2]) from e
  File "D:\nhatro\backend\venv\Lib\site-packages\sqlalchemy\engine\base.py", line 1967, in _exec_single_context
    self.dialect.do_execute(
  File "D:\nhatro\backend\venv\Lib\site-packages\sqlalchemy\engine\default.py", line 924, in do_execute
    cursor.execute(statement, parameters)
  File "D:\nhatro\backend\venv\Lib\site-packages\sqlalchemy\dialects\postgresql\asyncpg.py", line 572, in execute
    self._adapt_connection.await_(
  File "D:\nhatro\backend\venv\Lib\site-packages\sqlalchemy\util\_concurrency_py3k.py", line 131, in await_only
    return current.driver.switch(awaitable)  # type: ignore[no-any-return]
           ^^^^^^^^^^^^^^^^^^^^^^^^^^^^^^^^
  File "D:\nhatro\backend\venv\Lib\site-packages\sqlalchemy\util\_concurrency_py3k.py", line 196, in greenlet_spawn
    value = await result
            ^^^^^^^^^^^^
  File "D:\nhatro\backend\venv\Lib\site-packages\sqlalchemy\dialects\postgresql\asyncpg.py", line 550, in _prepare_and_execute
    self._handle_exception(error)
  File "D:\nhatro\backend\venv\Lib\site-packages\sqlalchemy\dialects\postgresql\asyncpg.py", line 501, in _handle_exception
    self._adapt_connection._handle_exception(error)
  File "D:\nhatro\backend\venv\Lib\site-packages\sqlalchemy\dialects\postgresql\asyncpg.py", line 789, in _handle_exception
    raise translated_error from error
sqlalchemy.exc.ProgrammingError: (sqlalchemy.dialects.postgresql.asyncpg.ProgrammingError) <class 'asyncpg.exceptions.DuplicatePreparedStatementError'>: prepared statement "__asyncpg_stmt_4f__" already exists
HINT:  
NOTE: pgbouncer with pool_mode set to "transaction" or
"statement" does not support prepared statements properly.
You have two options:

* if you are using pgbouncer for connection pooling to a
  single server, switch to the connection pool functionality
  provided by asyncpg, it is a much better option for this
  purpose;

* if you have no option of avoiding the use of pgbouncer,
  then you can set statement_cache_size to 0 when creating
  the asyncpg connection object.

[SQL: SELECT tenants.id, tenants.organization_id, tenants.user_id, tenants.full_name, tenants.phone, tenants.email, tenants.id_card, tenants.id_card_images, tenants.date_of_birth, tenants.permanent_address, tenants.avatar_url, tenants.emergency_contact_name, tenants.emergency_contact_phone, tenants.notes, tenants.is_active, tenants.archived_at, tenants.created_at, tenants.updated_at 
FROM tenants 
WHERE tenants.id IN ($1::UUID)]
[parameters: ('c8f88e43-fd43-4ea3-bde8-dea031b767ac',)]
(Background on this error at: https://sqlalche.me/e/20/f405)
==============================================

=== GLOBAL EXCEPTION HANDLER AT POST /api/v1/invoices/5bef6742-cd02-4b26-9c33-00a28c36687c/confirm ===
Traceback (most recent call last):
  File "D:\nhatro\backend\venv\Lib\site-packages\sqlalchemy\dialects\postgresql\asyncpg.py", line 514, in _prepare_and_execute
    prepared_stmt, attributes = await adapt_connection._prepare(
                                ^^^^^^^^^^^^^^^^^^^^^^^^^^^^^^^^
  File "D:\nhatro\backend\venv\Lib\site-packages\sqlalchemy\dialects\postgresql\asyncpg.py", line 747, in _prepare
    prepared_stmt = await self._connection.prepare(
                    ^^^^^^^^^^^^^^^^^^^^^^^^^^^^^^^
  File "D:\nhatro\backend\venv\Lib\site-packages\asyncpg\connection.py", line 636, in prepare
    return await self._prepare(
           ^^^^^^^^^^^^^^^^^^^^
  File "D:\nhatro\backend\venv\Lib\site-packages\asyncpg\connection.py", line 654, in _prepare
    stmt = await self._get_statement(
           ^^^^^^^^^^^^^^^^^^^^^^^^^^
  File "D:\nhatro\backend\venv\Lib\site-packages\asyncpg\connection.py", line 433, in _get_statement
    statement = await self._protocol.prepare(
                ^^^^^^^^^^^^^^^^^^^^^^^^^^^^^
  File "asyncpg\protocol\protocol.pyx", line 166, in prepare
asyncpg.exceptions.DuplicatePreparedStatementError: prepared statement "__asyncpg_stmt_61__" already exists
HINT:  
NOTE: pgbouncer with pool_mode set to "transaction" or
"statement" does not support prepared statements properly.
You have two options:

* if you are using pgbouncer for connection pooling to a
  single server, switch to the connection pool functionality
  provided by asyncpg, it is a much better option for this
  purpose;

* if you have no option of avoiding the use of pgbouncer,
  then you can set statement_cache_size to 0 when creating
  the asyncpg connection object.


The above exception was the direct cause of the following exception:

Traceback (most recent call last):
  File "D:\nhatro\backend\venv\Lib\site-packages\sqlalchemy\engine\base.py", line 1967, in _exec_single_context
    self.dialect.do_execute(
  File "D:\nhatro\backend\venv\Lib\site-packages\sqlalchemy\engine\default.py", line 924, in do_execute
    cursor.execute(statement, parameters)
  File "D:\nhatro\backend\venv\Lib\site-packages\sqlalchemy\dialects\postgresql\asyncpg.py", line 572, in execute
    self._adapt_connection.await_(
  File "D:\nhatro\backend\venv\Lib\site-packages\sqlalchemy\util\_concurrency_py3k.py", line 131, in await_only
    return current.driver.switch(awaitable)  # type: ignore[no-any-return]
           ^^^^^^^^^^^^^^^^^^^^^^^^^^^^^^^^
  File "D:\nhatro\backend\venv\Lib\site-packages\sqlalchemy\util\_concurrency_py3k.py", line 196, in greenlet_spawn
    value = await result
            ^^^^^^^^^^^^
  File "D:\nhatro\backend\venv\Lib\site-packages\sqlalchemy\dialects\postgresql\asyncpg.py", line 550, in _prepare_and_execute
    self._handle_exception(error)
  File "D:\nhatro\backend\venv\Lib\site-packages\sqlalchemy\dialects\postgresql\asyncpg.py", line 501, in _handle_exception
    self._adapt_connection._handle_exception(error)
  File "D:\nhatro\backend\venv\Lib\site-packages\sqlalchemy\dialects\postgresql\asyncpg.py", line 789, in _handle_exception
    raise translated_error from error
sqlalchemy.dialects.postgresql.asyncpg.AsyncAdapt_asyncpg_dbapi.ProgrammingError: <class 'asyncpg.exceptions.DuplicatePreparedStatementError'>: prepared statement "__asyncpg_stmt_61__" already exists
HINT:  
NOTE: pgbouncer with pool_mode set to "transaction" or
"statement" does not support prepared statements properly.
You have two options:

* if you are using pgbouncer for connection pooling to a
  single server, switch to the connection pool functionality
  provided by asyncpg, it is a much better option for this
  purpose;

* if you have no option of avoiding the use of pgbouncer,
  then you can set statement_cache_size to 0 when creating
  the asyncpg connection object.


The above exception was the direct cause of the following exception:

Traceback (most recent call last):
  File "D:\nhatro\backend\venv\Lib\site-packages\starlette\middleware\errors.py", line 164, in __call__
    await self.app(scope, receive, _send)
  File "D:\nhatro\backend\venv\Lib\site-packages\starlette\middleware\base.py", line 189, in __call__
    with collapse_excgroups():
         ^^^^^^^^^^^^^^^^^^^^
  File "C:\Users\ngocson\.cache\codex-runtimes\codex-primary-runtime\dependencies\python\Lib\contextlib.py", line 158, in __exit__
    self.gen.throw(value)
  File "D:\nhatro\backend\venv\Lib\site-packages\starlette\_utils.py", line 93, in collapse_excgroups
    raise exc
  File "D:\nhatro\backend\venv\Lib\site-packages\starlette\middleware\base.py", line 191, in __call__
    response = await self.dispatch_func(request, call_next)
               ^^^^^^^^^^^^^^^^^^^^^^^^^^^^^^^^^^^^^^^^^^^^
  File "D:\nhatro\backend\app\main.py", line 149, in rate_limit_middleware
    return await call_next(request)
           ^^^^^^^^^^^^^^^^^^^^^^^^
  File "D:\nhatro\backend\venv\Lib\site-packages\starlette\middleware\base.py", line 165, in call_next
    raise app_exc
  File "D:\nhatro\backend\venv\Lib\site-packages\starlette\middleware\base.py", line 151, in coro
    await self.app(scope, receive_or_disconnect, send_no_error)
  File "D:\nhatro\backend\venv\Lib\site-packages\starlette\middleware\base.py", line 189, in __call__
    with collapse_excgroups():
         ^^^^^^^^^^^^^^^^^^^^
  File "C:\Users\ngocson\.cache\codex-runtimes\codex-primary-runtime\dependencies\python\Lib\contextlib.py", line 158, in __exit__
    self.gen.throw(value)
  File "D:\nhatro\backend\venv\Lib\site-packages\starlette\_utils.py", line 93, in collapse_excgroups
    raise exc
  File "D:\nhatro\backend\venv\Lib\site-packages\starlette\middleware\base.py", line 191, in __call__
    response = await self.dispatch_func(request, call_next)
               ^^^^^^^^^^^^^^^^^^^^^^^^^^^^^^^^^^^^^^^^^^^^
  File "D:\nhatro\backend\app\main.py", line 115, in add_process_time
    response = await call_next(request)
               ^^^^^^^^^^^^^^^^^^^^^^^^
  File "D:\nhatro\backend\venv\Lib\site-packages\starlette\middleware\base.py", line 165, in call_next
    raise app_exc
  File "D:\nhatro\backend\venv\Lib\site-packages\starlette\middleware\base.py", line 151, in coro
    await self.app(scope, receive_or_disconnect, send_no_error)
  File "D:\nhatro\backend\venv\Lib\site-packages\starlette\middleware\base.py", line 189, in __call__
    with collapse_excgroups():
         ^^^^^^^^^^^^^^^^^^^^
  File "C:\Users\ngocson\.cache\codex-runtimes\codex-primary-runtime\dependencies\python\Lib\contextlib.py", line 158, in __exit__
    self.gen.throw(value)
  File "D:\nhatro\backend\venv\Lib\site-packages\starlette\_utils.py", line 93, in collapse_excgroups
    raise exc
  File "D:\nhatro\backend\venv\Lib\site-packages\starlette\middleware\base.py", line 191, in __call__
    response = await self.dispatch_func(request, call_next)
               ^^^^^^^^^^^^^^^^^^^^^^^^^^^^^^^^^^^^^^^^^^^^
  File "D:\nhatro\backend\app\main.py", line 108, in add_security_headers
    response = await call_next(request)
               ^^^^^^^^^^^^^^^^^^^^^^^^
  File "D:\nhatro\backend\venv\Lib\site-packages\starlette\middleware\base.py", line 165, in call_next
    raise app_exc
  File "D:\nhatro\backend\venv\Lib\site-packages\starlette\middleware\base.py", line 151, in coro
    await self.app(scope, receive_or_disconnect, send_no_error)
  File "D:\nhatro\backend\venv\Lib\site-packages\starlette\middleware\cors.py", line 93, in __call__
    await self.simple_response(scope, receive, send, request_headers=headers)
  File "D:\nhatro\backend\venv\Lib\site-packages\starlette\middleware\cors.py", line 148, in simple_response
    await self.app(scope, receive, send)
  File "D:\nhatro\backend\venv\Lib\site-packages\starlette\middleware\exceptions.py", line 65, in __call__
    await wrap_app_handling_exceptions(self.app, conn)(scope, receive, send)
  File "D:\nhatro\backend\venv\Lib\site-packages\starlette\_exception_handler.py", line 64, in wrapped_app
    raise exc
  File "D:\nhatro\backend\venv\Lib\site-packages\starlette\_exception_handler.py", line 53, in wrapped_app
    await app(scope, receive, sender)
  File "D:\nhatro\backend\venv\Lib\site-packages\starlette\routing.py", line 756, in __call__
    await self.middleware_stack(scope, receive, send)
  File "D:\nhatro\backend\venv\Lib\site-packages\starlette\routing.py", line 776, in app
    await route.handle(scope, receive, send)
  File "D:\nhatro\backend\venv\Lib\site-packages\starlette\routing.py", line 297, in handle
    await self.app(scope, receive, send)
  File "D:\nhatro\backend\venv\Lib\site-packages\starlette\routing.py", line 77, in app
    await wrap_app_handling_exceptions(app, request)(scope, receive, send)
  File "D:\nhatro\backend\venv\Lib\site-packages\starlette\_exception_handler.py", line 64, in wrapped_app
    raise exc
  File "D:\nhatro\backend\venv\Lib\site-packages\starlette\_exception_handler.py", line 53, in wrapped_app
    await app(scope, receive, sender)
  File "D:\nhatro\backend\venv\Lib\site-packages\starlette\routing.py", line 72, in app
    response = await func(request)
               ^^^^^^^^^^^^^^^^^^^
  File "D:\nhatro\backend\venv\Lib\site-packages\fastapi\routing.py", line 269, in app
    solved_result = await solve_dependencies(
                    ^^^^^^^^^^^^^^^^^^^^^^^^^
  File "D:\nhatro\backend\venv\Lib\site-packages\fastapi\dependencies\utils.py", line 572, in solve_dependencies
    solved_result = await solve_dependencies(
                    ^^^^^^^^^^^^^^^^^^^^^^^^^
  File "D:\nhatro\backend\venv\Lib\site-packages\fastapi\dependencies\utils.py", line 600, in solve_dependencies
    solved = await call(**sub_values)
             ^^^^^^^^^^^^^^^^^^^^^^^^
  File "D:\nhatro\backend\app\api\deps.py", line 109, in get_current_organization
    result = await db.execute(
             ^^^^^^^^^^^^^^^^^
  File "D:\nhatro\backend\venv\Lib\site-packages\sqlalchemy\ext\asyncio\session.py", line 461, in execute
    result = await greenlet_spawn(
             ^^^^^^^^^^^^^^^^^^^^^
  File "D:\nhatro\backend\venv\Lib\site-packages\sqlalchemy\util\_concurrency_py3k.py", line 201, in greenlet_spawn
    result = context.throw(*sys.exc_info())
             ^^^^^^^^^^^^^^^^^^^^^^^^^^^^^^
  File "D:\nhatro\backend\venv\Lib\site-packages\sqlalchemy\orm\session.py", line 2351, in execute
    return self._execute_internal(
           ^^^^^^^^^^^^^^^^^^^^^^^
  File "D:\nhatro\backend\venv\Lib\site-packages\sqlalchemy\orm\session.py", line 2236, in _execute_internal
    result: Result[Any] = compile_state_cls.orm_execute_statement(
                          ^^^^^^^^^^^^^^^^^^^^^^^^^^^^^^^^^^^^^^^^
  File "D:\nhatro\backend\venv\Lib\site-packages\sqlalchemy\orm\context.py", line 293, in orm_execute_statement
    result = conn.execute(
             ^^^^^^^^^^^^^
  File "D:\nhatro\backend\venv\Lib\site-packages\sqlalchemy\engine\base.py", line 1418, in execute
    return meth(
           ^^^^^
  File "D:\nhatro\backend\venv\Lib\site-packages\sqlalchemy\sql\elements.py", line 515, in _execute_on_connection
    return connection._execute_clauseelement(
           ^^^^^^^^^^^^^^^^^^^^^^^^^^^^^^^^^^
  File "D:\nhatro\backend\venv\Lib\site-packages\sqlalchemy\engine\base.py", line 1640, in _execute_clauseelement
    ret = self._execute_context(
          ^^^^^^^^^^^^^^^^^^^^^^
  File "D:\nhatro\backend\venv\Lib\site-packages\sqlalchemy\engine\base.py", line 1846, in _execute_context
    return self._exec_single_context(
           ^^^^^^^^^^^^^^^^^^^^^^^^^^
  File "D:\nhatro\backend\venv\Lib\site-packages\sqlalchemy\engine\base.py", line 1986, in _exec_single_context
    self._handle_dbapi_exception(
  File "D:\nhatro\backend\venv\Lib\site-packages\sqlalchemy\engine\base.py", line 2353, in _handle_dbapi_exception
    raise sqlalchemy_exception.with_traceback(exc_info[2]) from e
  File "D:\nhatro\backend\venv\Lib\site-packages\sqlalchemy\engine\base.py", line 1967, in _exec_single_context
    self.dialect.do_execute(
  File "D:\nhatro\backend\venv\Lib\site-packages\sqlalchemy\engine\default.py", line 924, in do_execute
    cursor.execute(statement, parameters)
  File "D:\nhatro\backend\venv\Lib\site-packages\sqlalchemy\dialects\postgresql\asyncpg.py", line 572, in execute
    self._adapt_connection.await_(
  File "D:\nhatro\backend\venv\Lib\site-packages\sqlalchemy\util\_concurrency_py3k.py", line 131, in await_only
    return current.driver.switch(awaitable)  # type: ignore[no-any-return]
           ^^^^^^^^^^^^^^^^^^^^^^^^^^^^^^^^
  File "D:\nhatro\backend\venv\Lib\site-packages\sqlalchemy\util\_concurrency_py3k.py", line 196, in greenlet_spawn
    value = await result
            ^^^^^^^^^^^^
  File "D:\nhatro\backend\venv\Lib\site-packages\sqlalchemy\dialects\postgresql\asyncpg.py", line 550, in _prepare_and_execute
    self._handle_exception(error)
  File "D:\nhatro\backend\venv\Lib\site-packages\sqlalchemy\dialects\postgresql\asyncpg.py", line 501, in _handle_exception
    self._adapt_connection._handle_exception(error)
  File "D:\nhatro\backend\venv\Lib\site-packages\sqlalchemy\dialects\postgresql\asyncpg.py", line 789, in _handle_exception
    raise translated_error from error
sqlalchemy.exc.ProgrammingError: (sqlalchemy.dialects.postgresql.asyncpg.ProgrammingError) <class 'asyncpg.exceptions.DuplicatePreparedStatementError'>: prepared statement "__asyncpg_stmt_61__" already exists
HINT:  
NOTE: pgbouncer with pool_mode set to "transaction" or
"statement" does not support prepared statements properly.
You have two options:

* if you are using pgbouncer for connection pooling to a
  single server, switch to the connection pool functionality
  provided by asyncpg, it is a much better option for this
  purpose;

* if you have no option of avoiding the use of pgbouncer,
  then you can set statement_cache_size to 0 when creating
  the asyncpg connection object.

[SQL: SELECT organizations.id, organizations.name, organizations.slug, organizations.owner_id, organizations.subscription_plan, organizations.logo_url, organizations.address, organizations.phone, organizations.bank_name, organizations.bank_account, organizations.bank_account_name, organizations.settings, organizations.is_active, organizations.created_at, organizations.updated_at 
FROM organizations 
WHERE organizations.owner_id = $1::UUID AND organizations.is_active = true]
[parameters: ('fe883956-1f87-44f8-9564-e695d649ec3e',)]
(Background on this error at: https://sqlalche.me/e/20/f405)
==============================================

=== GLOBAL EXCEPTION HANDLER AT POST /api/v1/invoices/5bef6742-cd02-4b26-9c33-00a28c36687c/confirm ===
Traceback (most recent call last):
  File "D:\nhatro\backend\venv\Lib\site-packages\sqlalchemy\dialects\postgresql\asyncpg.py", line 514, in _prepare_and_execute
    prepared_stmt, attributes = await adapt_connection._prepare(
                                ^^^^^^^^^^^^^^^^^^^^^^^^^^^^^^^^
  File "D:\nhatro\backend\venv\Lib\site-packages\sqlalchemy\dialects\postgresql\asyncpg.py", line 747, in _prepare
    prepared_stmt = await self._connection.prepare(
                    ^^^^^^^^^^^^^^^^^^^^^^^^^^^^^^^
  File "D:\nhatro\backend\venv\Lib\site-packages\asyncpg\connection.py", line 636, in prepare
    return await self._prepare(
           ^^^^^^^^^^^^^^^^^^^^
  File "D:\nhatro\backend\venv\Lib\site-packages\asyncpg\connection.py", line 654, in _prepare
    stmt = await self._get_statement(
           ^^^^^^^^^^^^^^^^^^^^^^^^^^
  File "D:\nhatro\backend\venv\Lib\site-packages\asyncpg\connection.py", line 433, in _get_statement
    statement = await self._protocol.prepare(
                ^^^^^^^^^^^^^^^^^^^^^^^^^^^^^
  File "asyncpg\protocol\protocol.pyx", line 166, in prepare
asyncpg.exceptions.DuplicatePreparedStatementError: prepared statement "__asyncpg_stmt_67__" already exists
HINT:  
NOTE: pgbouncer with pool_mode set to "transaction" or
"statement" does not support prepared statements properly.
You have two options:

* if you are using pgbouncer for connection pooling to a
  single server, switch to the connection pool functionality
  provided by asyncpg, it is a much better option for this
  purpose;

* if you have no option of avoiding the use of pgbouncer,
  then you can set statement_cache_size to 0 when creating
  the asyncpg connection object.


The above exception was the direct cause of the following exception:

Traceback (most recent call last):
  File "D:\nhatro\backend\venv\Lib\site-packages\sqlalchemy\engine\base.py", line 1967, in _exec_single_context
    self.dialect.do_execute(
  File "D:\nhatro\backend\venv\Lib\site-packages\sqlalchemy\engine\default.py", line 924, in do_execute
    cursor.execute(statement, parameters)
  File "D:\nhatro\backend\venv\Lib\site-packages\sqlalchemy\dialects\postgresql\asyncpg.py", line 572, in execute
    self._adapt_connection.await_(
  File "D:\nhatro\backend\venv\Lib\site-packages\sqlalchemy\util\_concurrency_py3k.py", line 131, in await_only
    return current.driver.switch(awaitable)  # type: ignore[no-any-return]
           ^^^^^^^^^^^^^^^^^^^^^^^^^^^^^^^^
  File "D:\nhatro\backend\venv\Lib\site-packages\sqlalchemy\util\_concurrency_py3k.py", line 196, in greenlet_spawn
    value = await result
            ^^^^^^^^^^^^
  File "D:\nhatro\backend\venv\Lib\site-packages\sqlalchemy\dialects\postgresql\asyncpg.py", line 550, in _prepare_and_execute
    self._handle_exception(error)
  File "D:\nhatro\backend\venv\Lib\site-packages\sqlalchemy\dialects\postgresql\asyncpg.py", line 501, in _handle_exception
    self._adapt_connection._handle_exception(error)
  File "D:\nhatro\backend\venv\Lib\site-packages\sqlalchemy\dialects\postgresql\asyncpg.py", line 789, in _handle_exception
    raise translated_error from error
sqlalchemy.dialects.postgresql.asyncpg.AsyncAdapt_asyncpg_dbapi.ProgrammingError: <class 'asyncpg.exceptions.DuplicatePreparedStatementError'>: prepared statement "__asyncpg_stmt_67__" already exists
HINT:  
NOTE: pgbouncer with pool_mode set to "transaction" or
"statement" does not support prepared statements properly.
You have two options:

* if you are using pgbouncer for connection pooling to a
  single server, switch to the connection pool functionality
  provided by asyncpg, it is a much better option for this
  purpose;

* if you have no option of avoiding the use of pgbouncer,
  then you can set statement_cache_size to 0 when creating
  the asyncpg connection object.


The above exception was the direct cause of the following exception:

Traceback (most recent call last):
  File "D:\nhatro\backend\venv\Lib\site-packages\starlette\middleware\errors.py", line 164, in __call__
    await self.app(scope, receive, _send)
  File "D:\nhatro\backend\venv\Lib\site-packages\starlette\middleware\base.py", line 189, in __call__
    with collapse_excgroups():
         ^^^^^^^^^^^^^^^^^^^^
  File "C:\Users\ngocson\.cache\codex-runtimes\codex-primary-runtime\dependencies\python\Lib\contextlib.py", line 158, in __exit__
    self.gen.throw(value)
  File "D:\nhatro\backend\venv\Lib\site-packages\starlette\_utils.py", line 93, in collapse_excgroups
    raise exc
  File "D:\nhatro\backend\venv\Lib\site-packages\starlette\middleware\base.py", line 191, in __call__
    response = await self.dispatch_func(request, call_next)
               ^^^^^^^^^^^^^^^^^^^^^^^^^^^^^^^^^^^^^^^^^^^^
  File "D:\nhatro\backend\app\main.py", line 149, in rate_limit_middleware
    return await call_next(request)
           ^^^^^^^^^^^^^^^^^^^^^^^^
  File "D:\nhatro\backend\venv\Lib\site-packages\starlette\middleware\base.py", line 165, in call_next
    raise app_exc
  File "D:\nhatro\backend\venv\Lib\site-packages\starlette\middleware\base.py", line 151, in coro
    await self.app(scope, receive_or_disconnect, send_no_error)
  File "D:\nhatro\backend\venv\Lib\site-packages\starlette\middleware\base.py", line 189, in __call__
    with collapse_excgroups():
         ^^^^^^^^^^^^^^^^^^^^
  File "C:\Users\ngocson\.cache\codex-runtimes\codex-primary-runtime\dependencies\python\Lib\contextlib.py", line 158, in __exit__
    self.gen.throw(value)
  File "D:\nhatro\backend\venv\Lib\site-packages\starlette\_utils.py", line 93, in collapse_excgroups
    raise exc
  File "D:\nhatro\backend\venv\Lib\site-packages\starlette\middleware\base.py", line 191, in __call__
    response = await self.dispatch_func(request, call_next)
               ^^^^^^^^^^^^^^^^^^^^^^^^^^^^^^^^^^^^^^^^^^^^
  File "D:\nhatro\backend\app\main.py", line 115, in add_process_time
    response = await call_next(request)
               ^^^^^^^^^^^^^^^^^^^^^^^^
  File "D:\nhatro\backend\venv\Lib\site-packages\starlette\middleware\base.py", line 165, in call_next
    raise app_exc
  File "D:\nhatro\backend\venv\Lib\site-packages\starlette\middleware\base.py", line 151, in coro
    await self.app(scope, receive_or_disconnect, send_no_error)
  File "D:\nhatro\backend\venv\Lib\site-packages\starlette\middleware\base.py", line 189, in __call__
    with collapse_excgroups():
         ^^^^^^^^^^^^^^^^^^^^
  File "C:\Users\ngocson\.cache\codex-runtimes\codex-primary-runtime\dependencies\python\Lib\contextlib.py", line 158, in __exit__
    self.gen.throw(value)
  File "D:\nhatro\backend\venv\Lib\site-packages\starlette\_utils.py", line 93, in collapse_excgroups
    raise exc
  File "D:\nhatro\backend\venv\Lib\site-packages\starlette\middleware\base.py", line 191, in __call__
    response = await self.dispatch_func(request, call_next)
               ^^^^^^^^^^^^^^^^^^^^^^^^^^^^^^^^^^^^^^^^^^^^
  File "D:\nhatro\backend\app\main.py", line 108, in add_security_headers
    response = await call_next(request)
               ^^^^^^^^^^^^^^^^^^^^^^^^
  File "D:\nhatro\backend\venv\Lib\site-packages\starlette\middleware\base.py", line 165, in call_next
    raise app_exc
  File "D:\nhatro\backend\venv\Lib\site-packages\starlette\middleware\base.py", line 151, in coro
    await self.app(scope, receive_or_disconnect, send_no_error)
  File "D:\nhatro\backend\venv\Lib\site-packages\starlette\middleware\cors.py", line 93, in __call__
    await self.simple_response(scope, receive, send, request_headers=headers)
  File "D:\nhatro\backend\venv\Lib\site-packages\starlette\middleware\cors.py", line 148, in simple_response
    await self.app(scope, receive, send)
  File "D:\nhatro\backend\venv\Lib\site-packages\starlette\middleware\exceptions.py", line 65, in __call__
    await wrap_app_handling_exceptions(self.app, conn)(scope, receive, send)
  File "D:\nhatro\backend\venv\Lib\site-packages\starlette\_exception_handler.py", line 64, in wrapped_app
    raise exc
  File "D:\nhatro\backend\venv\Lib\site-packages\starlette\_exception_handler.py", line 53, in wrapped_app
    await app(scope, receive, sender)
  File "D:\nhatro\backend\venv\Lib\site-packages\starlette\routing.py", line 756, in __call__
    await self.middleware_stack(scope, receive, send)
  File "D:\nhatro\backend\venv\Lib\site-packages\starlette\routing.py", line 776, in app
    await route.handle(scope, receive, send)
  File "D:\nhatro\backend\venv\Lib\site-packages\starlette\routing.py", line 297, in handle
    await self.app(scope, receive, send)
  File "D:\nhatro\backend\venv\Lib\site-packages\starlette\routing.py", line 77, in app
    await wrap_app_handling_exceptions(app, request)(scope, receive, send)
  File "D:\nhatro\backend\venv\Lib\site-packages\starlette\_exception_handler.py", line 64, in wrapped_app
    raise exc
  File "D:\nhatro\backend\venv\Lib\site-packages\starlette\_exception_handler.py", line 53, in wrapped_app
    await app(scope, receive, sender)
  File "D:\nhatro\backend\venv\Lib\site-packages\starlette\routing.py", line 72, in app
    response = await func(request)
               ^^^^^^^^^^^^^^^^^^^
  File "D:\nhatro\backend\venv\Lib\site-packages\fastapi\routing.py", line 278, in app
    raw_response = await run_endpoint_function(
                   ^^^^^^^^^^^^^^^^^^^^^^^^^^^^
  File "D:\nhatro\backend\venv\Lib\site-packages\fastapi\routing.py", line 191, in run_endpoint_function
    return await dependant.call(**values)
           ^^^^^^^^^^^^^^^^^^^^^^^^^^^^^^
  File "D:\nhatro\backend\app\api\v1\endpoints\invoices.py", line 436, in confirm_invoice
    res = await service.confirm_invoice(invoice_id)
          ^^^^^^^^^^^^^^^^^^^^^^^^^^^^^^^^^^^^^^^^^
  File "D:\nhatro\backend\app\services\invoice_service.py", line 357, in confirm_invoice
    await self.db.refresh(invoice)
  File "D:\nhatro\backend\venv\Lib\site-packages\sqlalchemy\ext\asyncio\session.py", line 331, in refresh
    await greenlet_spawn(
  File "D:\nhatro\backend\venv\Lib\site-packages\sqlalchemy\util\_concurrency_py3k.py", line 201, in greenlet_spawn
    result = context.throw(*sys.exc_info())
             ^^^^^^^^^^^^^^^^^^^^^^^^^^^^^^
  File "D:\nhatro\backend\venv\Lib\site-packages\sqlalchemy\orm\session.py", line 3153, in refresh
    loading.load_on_ident(
  File "D:\nhatro\backend\venv\Lib\site-packages\sqlalchemy\orm\loading.py", line 509, in load_on_ident
    return load_on_pk_identity(
           ^^^^^^^^^^^^^^^^^^^^
  File "D:\nhatro\backend\venv\Lib\site-packages\sqlalchemy\orm\loading.py", line 694, in load_on_pk_identity
    session.execute(
  File "D:\nhatro\backend\venv\Lib\site-packages\sqlalchemy\orm\session.py", line 2351, in execute
    return self._execute_internal(
           ^^^^^^^^^^^^^^^^^^^^^^^
  File "D:\nhatro\backend\venv\Lib\site-packages\sqlalchemy\orm\session.py", line 2236, in _execute_internal
    result: Result[Any] = compile_state_cls.orm_execute_statement(
                          ^^^^^^^^^^^^^^^^^^^^^^^^^^^^^^^^^^^^^^^^
  File "D:\nhatro\backend\venv\Lib\site-packages\sqlalchemy\orm\context.py", line 293, in orm_execute_statement
    result = conn.execute(
             ^^^^^^^^^^^^^
  File "D:\nhatro\backend\venv\Lib\site-packages\sqlalchemy\engine\base.py", line 1418, in execute
    return meth(
           ^^^^^
  File "D:\nhatro\backend\venv\Lib\site-packages\sqlalchemy\sql\elements.py", line 515, in _execute_on_connection
    return connection._execute_clauseelement(
           ^^^^^^^^^^^^^^^^^^^^^^^^^^^^^^^^^^
  File "D:\nhatro\backend\venv\Lib\site-packages\sqlalchemy\engine\base.py", line 1640, in _execute_clauseelement
    ret = self._execute_context(
          ^^^^^^^^^^^^^^^^^^^^^^
  File "D:\nhatro\backend\venv\Lib\site-packages\sqlalchemy\engine\base.py", line 1846, in _execute_context
    return self._exec_single_context(
           ^^^^^^^^^^^^^^^^^^^^^^^^^^
  File "D:\nhatro\backend\venv\Lib\site-packages\sqlalchemy\engine\base.py", line 1986, in _exec_single_context
    self._handle_dbapi_exception(
  File "D:\nhatro\backend\venv\Lib\site-packages\sqlalchemy\engine\base.py", line 2353, in _handle_dbapi_exception
    raise sqlalchemy_exception.with_traceback(exc_info[2]) from e
  File "D:\nhatro\backend\venv\Lib\site-packages\sqlalchemy\engine\base.py", line 1967, in _exec_single_context
    self.dialect.do_execute(
  File "D:\nhatro\backend\venv\Lib\site-packages\sqlalchemy\engine\default.py", line 924, in do_execute
    cursor.execute(statement, parameters)
  File "D:\nhatro\backend\venv\Lib\site-packages\sqlalchemy\dialects\postgresql\asyncpg.py", line 572, in execute
    self._adapt_connection.await_(
  File "D:\nhatro\backend\venv\Lib\site-packages\sqlalchemy\util\_concurrency_py3k.py", line 131, in await_only
    return current.driver.switch(awaitable)  # type: ignore[no-any-return]
           ^^^^^^^^^^^^^^^^^^^^^^^^^^^^^^^^
  File "D:\nhatro\backend\venv\Lib\site-packages\sqlalchemy\util\_concurrency_py3k.py", line 196, in greenlet_spawn
    value = await result
            ^^^^^^^^^^^^
  File "D:\nhatro\backend\venv\Lib\site-packages\sqlalchemy\dialects\postgresql\asyncpg.py", line 550, in _prepare_and_execute
    self._handle_exception(error)
  File "D:\nhatro\backend\venv\Lib\site-packages\sqlalchemy\dialects\postgresql\asyncpg.py", line 501, in _handle_exception
    self._adapt_connection._handle_exception(error)
  File "D:\nhatro\backend\venv\Lib\site-packages\sqlalchemy\dialects\postgresql\asyncpg.py", line 789, in _handle_exception
    raise translated_error from error
sqlalchemy.exc.ProgrammingError: (sqlalchemy.dialects.postgresql.asyncpg.ProgrammingError) <class 'asyncpg.exceptions.DuplicatePreparedStatementError'>: prepared statement "__asyncpg_stmt_67__" already exists
HINT:  
NOTE: pgbouncer with pool_mode set to "transaction" or
"statement" does not support prepared statements properly.
You have two options:

* if you are using pgbouncer for connection pooling to a
  single server, switch to the connection pool functionality
  provided by asyncpg, it is a much better option for this
  purpose;

* if you have no option of avoiding the use of pgbouncer,
  then you can set statement_cache_size to 0 when creating
  the asyncpg connection object.

[SQL: SELECT invoices.id, invoices.organization_id, invoices.room_id, invoices.contract_id, invoices.invoice_number, invoices.billing_month, invoices.billing_year, invoices.due_date, invoices.rent_amount, invoices.electricity_amount, invoices.water_amount, invoices.internet_amount, invoices.parking_amount, invoices.vehicle_count, invoices.other_amount, invoices.discount_amount, invoices.old_debt, invoices.total_amount, invoices.paid_amount, invoices.status, invoices.qr_code_url, invoices.pdf_url, invoices.notes, invoices.paid_at, invoices.archived_at, invoices.created_at, invoices.updated_at 
FROM invoices 
WHERE invoices.id = $1::UUID]
[parameters: ('5bef6742-cd02-4b26-9c33-00a28c36687c',)]
(Background on this error at: https://sqlalche.me/e/20/f405)
==============================================

=== GLOBAL EXCEPTION HANDLER AT GET /api/v1/auth/me ===
Traceback (most recent call last):
  File "D:\nhatro\backend\venv\Lib\site-packages\sqlalchemy\dialects\postgresql\asyncpg.py", line 514, in _prepare_and_execute
    prepared_stmt, attributes = await adapt_connection._prepare(
                                ^^^^^^^^^^^^^^^^^^^^^^^^^^^^^^^^
  File "D:\nhatro\backend\venv\Lib\site-packages\sqlalchemy\dialects\postgresql\asyncpg.py", line 747, in _prepare
    prepared_stmt = await self._connection.prepare(
                    ^^^^^^^^^^^^^^^^^^^^^^^^^^^^^^^
  File "D:\nhatro\backend\venv\Lib\site-packages\asyncpg\connection.py", line 636, in prepare
    return await self._prepare(
           ^^^^^^^^^^^^^^^^^^^^
  File "D:\nhatro\backend\venv\Lib\site-packages\asyncpg\connection.py", line 654, in _prepare
    stmt = await self._get_statement(
           ^^^^^^^^^^^^^^^^^^^^^^^^^^
  File "D:\nhatro\backend\venv\Lib\site-packages\asyncpg\connection.py", line 433, in _get_statement
    statement = await self._protocol.prepare(
                ^^^^^^^^^^^^^^^^^^^^^^^^^^^^^
  File "asyncpg\protocol\protocol.pyx", line 166, in prepare
asyncpg.exceptions.DuplicatePreparedStatementError: prepared statement "__asyncpg_stmt_6e__" already exists
HINT:  
NOTE: pgbouncer with pool_mode set to "transaction" or
"statement" does not support prepared statements properly.
You have two options:

* if you are using pgbouncer for connection pooling to a
  single server, switch to the connection pool functionality
  provided by asyncpg, it is a much better option for this
  purpose;

* if you have no option of avoiding the use of pgbouncer,
  then you can set statement_cache_size to 0 when creating
  the asyncpg connection object.


The above exception was the direct cause of the following exception:

Traceback (most recent call last):
  File "D:\nhatro\backend\venv\Lib\site-packages\sqlalchemy\engine\base.py", line 1967, in _exec_single_context
    self.dialect.do_execute(
  File "D:\nhatro\backend\venv\Lib\site-packages\sqlalchemy\engine\default.py", line 924, in do_execute
    cursor.execute(statement, parameters)
  File "D:\nhatro\backend\venv\Lib\site-packages\sqlalchemy\dialects\postgresql\asyncpg.py", line 572, in execute
    self._adapt_connection.await_(
  File "D:\nhatro\backend\venv\Lib\site-packages\sqlalchemy\util\_concurrency_py3k.py", line 131, in await_only
    return current.driver.switch(awaitable)  # type: ignore[no-any-return]
           ^^^^^^^^^^^^^^^^^^^^^^^^^^^^^^^^
  File "D:\nhatro\backend\venv\Lib\site-packages\sqlalchemy\util\_concurrency_py3k.py", line 196, in greenlet_spawn
    value = await result
            ^^^^^^^^^^^^
  File "D:\nhatro\backend\venv\Lib\site-packages\sqlalchemy\dialects\postgresql\asyncpg.py", line 550, in _prepare_and_execute
    self._handle_exception(error)
  File "D:\nhatro\backend\venv\Lib\site-packages\sqlalchemy\dialects\postgresql\asyncpg.py", line 501, in _handle_exception
    self._adapt_connection._handle_exception(error)
  File "D:\nhatro\backend\venv\Lib\site-packages\sqlalchemy\dialects\postgresql\asyncpg.py", line 789, in _handle_exception
    raise translated_error from error
sqlalchemy.dialects.postgresql.asyncpg.AsyncAdapt_asyncpg_dbapi.ProgrammingError: <class 'asyncpg.exceptions.DuplicatePreparedStatementError'>: prepared statement "__asyncpg_stmt_6e__" already exists
HINT:  
NOTE: pgbouncer with pool_mode set to "transaction" or
"statement" does not support prepared statements properly.
You have two options:

* if you are using pgbouncer for connection pooling to a
  single server, switch to the connection pool functionality
  provided by asyncpg, it is a much better option for this
  purpose;

* if you have no option of avoiding the use of pgbouncer,
  then you can set statement_cache_size to 0 when creating
  the asyncpg connection object.


The above exception was the direct cause of the following exception:

Traceback (most recent call last):
  File "D:\nhatro\backend\venv\Lib\site-packages\starlette\middleware\errors.py", line 164, in __call__
    await self.app(scope, receive, _send)
  File "D:\nhatro\backend\venv\Lib\site-packages\starlette\middleware\base.py", line 189, in __call__
    with collapse_excgroups():
         ^^^^^^^^^^^^^^^^^^^^
  File "C:\Users\ngocson\.cache\codex-runtimes\codex-primary-runtime\dependencies\python\Lib\contextlib.py", line 158, in __exit__
    self.gen.throw(value)
  File "D:\nhatro\backend\venv\Lib\site-packages\starlette\_utils.py", line 93, in collapse_excgroups
    raise exc
  File "D:\nhatro\backend\venv\Lib\site-packages\starlette\middleware\base.py", line 191, in __call__
    response = await self.dispatch_func(request, call_next)
               ^^^^^^^^^^^^^^^^^^^^^^^^^^^^^^^^^^^^^^^^^^^^
  File "D:\nhatro\backend\app\main.py", line 149, in rate_limit_middleware
    return await call_next(request)
           ^^^^^^^^^^^^^^^^^^^^^^^^
  File "D:\nhatro\backend\venv\Lib\site-packages\starlette\middleware\base.py", line 165, in call_next
    raise app_exc
  File "D:\nhatro\backend\venv\Lib\site-packages\starlette\middleware\base.py", line 151, in coro
    await self.app(scope, receive_or_disconnect, send_no_error)
  File "D:\nhatro\backend\venv\Lib\site-packages\starlette\middleware\base.py", line 189, in __call__
    with collapse_excgroups():
         ^^^^^^^^^^^^^^^^^^^^
  File "C:\Users\ngocson\.cache\codex-runtimes\codex-primary-runtime\dependencies\python\Lib\contextlib.py", line 158, in __exit__
    self.gen.throw(value)
  File "D:\nhatro\backend\venv\Lib\site-packages\starlette\_utils.py", line 93, in collapse_excgroups
    raise exc
  File "D:\nhatro\backend\venv\Lib\site-packages\starlette\middleware\base.py", line 191, in __call__
    response = await self.dispatch_func(request, call_next)
               ^^^^^^^^^^^^^^^^^^^^^^^^^^^^^^^^^^^^^^^^^^^^
  File "D:\nhatro\backend\app\main.py", line 115, in add_process_time
    response = await call_next(request)
               ^^^^^^^^^^^^^^^^^^^^^^^^
  File "D:\nhatro\backend\venv\Lib\site-packages\starlette\middleware\base.py", line 165, in call_next
    raise app_exc
  File "D:\nhatro\backend\venv\Lib\site-packages\starlette\middleware\base.py", line 151, in coro
    await self.app(scope, receive_or_disconnect, send_no_error)
  File "D:\nhatro\backend\venv\Lib\site-packages\starlette\middleware\base.py", line 189, in __call__
    with collapse_excgroups():
         ^^^^^^^^^^^^^^^^^^^^
  File "C:\Users\ngocson\.cache\codex-runtimes\codex-primary-runtime\dependencies\python\Lib\contextlib.py", line 158, in __exit__
    self.gen.throw(value)
  File "D:\nhatro\backend\venv\Lib\site-packages\starlette\_utils.py", line 93, in collapse_excgroups
    raise exc
  File "D:\nhatro\backend\venv\Lib\site-packages\starlette\middleware\base.py", line 191, in __call__
    response = await self.dispatch_func(request, call_next)
               ^^^^^^^^^^^^^^^^^^^^^^^^^^^^^^^^^^^^^^^^^^^^
  File "D:\nhatro\backend\app\main.py", line 108, in add_security_headers
    response = await call_next(request)
               ^^^^^^^^^^^^^^^^^^^^^^^^
  File "D:\nhatro\backend\venv\Lib\site-packages\starlette\middleware\base.py", line 165, in call_next
    raise app_exc
  File "D:\nhatro\backend\venv\Lib\site-packages\starlette\middleware\base.py", line 151, in coro
    await self.app(scope, receive_or_disconnect, send_no_error)
  File "D:\nhatro\backend\venv\Lib\site-packages\starlette\middleware\cors.py", line 93, in __call__
    await self.simple_response(scope, receive, send, request_headers=headers)
  File "D:\nhatro\backend\venv\Lib\site-packages\starlette\middleware\cors.py", line 148, in simple_response
    await self.app(scope, receive, send)
  File "D:\nhatro\backend\venv\Lib\site-packages\starlette\middleware\exceptions.py", line 65, in __call__
    await wrap_app_handling_exceptions(self.app, conn)(scope, receive, send)
  File "D:\nhatro\backend\venv\Lib\site-packages\starlette\_exception_handler.py", line 64, in wrapped_app
    raise exc
  File "D:\nhatro\backend\venv\Lib\site-packages\starlette\_exception_handler.py", line 53, in wrapped_app
    await app(scope, receive, sender)
  File "D:\nhatro\backend\venv\Lib\site-packages\starlette\routing.py", line 756, in __call__
    await self.middleware_stack(scope, receive, send)
  File "D:\nhatro\backend\venv\Lib\site-packages\starlette\routing.py", line 776, in app
    await route.handle(scope, receive, send)
  File "D:\nhatro\backend\venv\Lib\site-packages\starlette\routing.py", line 297, in handle
    await self.app(scope, receive, send)
  File "D:\nhatro\backend\venv\Lib\site-packages\starlette\routing.py", line 77, in app
    await wrap_app_handling_exceptions(app, request)(scope, receive, send)
  File "D:\nhatro\backend\venv\Lib\site-packages\starlette\_exception_handler.py", line 64, in wrapped_app
    raise exc
  File "D:\nhatro\backend\venv\Lib\site-packages\starlette\_exception_handler.py", line 53, in wrapped_app
    await app(scope, receive, sender)
  File "D:\nhatro\backend\venv\Lib\site-packages\starlette\routing.py", line 72, in app
    response = await func(request)
               ^^^^^^^^^^^^^^^^^^^
  File "D:\nhatro\backend\venv\Lib\site-packages\fastapi\routing.py", line 269, in app
    solved_result = await solve_dependencies(
                    ^^^^^^^^^^^^^^^^^^^^^^^^^
  File "D:\nhatro\backend\venv\Lib\site-packages\fastapi\dependencies\utils.py", line 600, in solve_dependencies
    solved = await call(**sub_values)
             ^^^^^^^^^^^^^^^^^^^^^^^^
  File "D:\nhatro\backend\app\api\deps.py", line 91, in get_current_user
    result = await db.execute(select(User).where(User.id == user_id, User.is_active == True))
             ^^^^^^^^^^^^^^^^^^^^^^^^^^^^^^^^^^^^^^^^^^^^^^^^^^^^^^^^^^^^^^^^^^^^^^^^^^^^^^^^
  File "D:\nhatro\backend\venv\Lib\site-packages\sqlalchemy\ext\asyncio\session.py", line 461, in execute
    result = await greenlet_spawn(
             ^^^^^^^^^^^^^^^^^^^^^
  File "D:\nhatro\backend\venv\Lib\site-packages\sqlalchemy\util\_concurrency_py3k.py", line 201, in greenlet_spawn
    result = context.throw(*sys.exc_info())
             ^^^^^^^^^^^^^^^^^^^^^^^^^^^^^^
  File "D:\nhatro\backend\venv\Lib\site-packages\sqlalchemy\orm\session.py", line 2351, in execute
    return self._execute_internal(
           ^^^^^^^^^^^^^^^^^^^^^^^
  File "D:\nhatro\backend\venv\Lib\site-packages\sqlalchemy\orm\session.py", line 2236, in _execute_internal
    result: Result[Any] = compile_state_cls.orm_execute_statement(
                          ^^^^^^^^^^^^^^^^^^^^^^^^^^^^^^^^^^^^^^^^
  File "D:\nhatro\backend\venv\Lib\site-packages\sqlalchemy\orm\context.py", line 293, in orm_execute_statement
    result = conn.execute(
             ^^^^^^^^^^^^^
  File "D:\nhatro\backend\venv\Lib\site-packages\sqlalchemy\engine\base.py", line 1418, in execute
    return meth(
           ^^^^^
  File "D:\nhatro\backend\venv\Lib\site-packages\sqlalchemy\sql\elements.py", line 515, in _execute_on_connection
    return connection._execute_clauseelement(
           ^^^^^^^^^^^^^^^^^^^^^^^^^^^^^^^^^^
  File "D:\nhatro\backend\venv\Lib\site-packages\sqlalchemy\engine\base.py", line 1640, in _execute_clauseelement
    ret = self._execute_context(
          ^^^^^^^^^^^^^^^^^^^^^^
  File "D:\nhatro\backend\venv\Lib\site-packages\sqlalchemy\engine\base.py", line 1846, in _execute_context
    return self._exec_single_context(
           ^^^^^^^^^^^^^^^^^^^^^^^^^^
  File "D:\nhatro\backend\venv\Lib\site-packages\sqlalchemy\engine\base.py", line 1986, in _exec_single_context
    self._handle_dbapi_exception(
  File "D:\nhatro\backend\venv\Lib\site-packages\sqlalchemy\engine\base.py", line 2353, in _handle_dbapi_exception
    raise sqlalchemy_exception.with_traceback(exc_info[2]) from e
  File "D:\nhatro\backend\venv\Lib\site-packages\sqlalchemy\engine\base.py", line 1967, in _exec_single_context
    self.dialect.do_execute(
  File "D:\nhatro\backend\venv\Lib\site-packages\sqlalchemy\engine\default.py", line 924, in do_execute
    cursor.execute(statement, parameters)
  File "D:\nhatro\backend\venv\Lib\site-packages\sqlalchemy\dialects\postgresql\asyncpg.py", line 572, in execute
    self._adapt_connection.await_(
  File "D:\nhatro\backend\venv\Lib\site-packages\sqlalchemy\util\_concurrency_py3k.py", line 131, in await_only
    return current.driver.switch(awaitable)  # type: ignore[no-any-return]
           ^^^^^^^^^^^^^^^^^^^^^^^^^^^^^^^^
  File "D:\nhatro\backend\venv\Lib\site-packages\sqlalchemy\util\_concurrency_py3k.py", line 196, in greenlet_spawn
    value = await result
            ^^^^^^^^^^^^
  File "D:\nhatro\backend\venv\Lib\site-packages\sqlalchemy\dialects\postgresql\asyncpg.py", line 550, in _prepare_and_execute
    self._handle_exception(error)
  File "D:\nhatro\backend\venv\Lib\site-packages\sqlalchemy\dialects\postgresql\asyncpg.py", line 501, in _handle_exception
    self._adapt_connection._handle_exception(error)
  File "D:\nhatro\backend\venv\Lib\site-packages\sqlalchemy\dialects\postgresql\asyncpg.py", line 789, in _handle_exception
    raise translated_error from error
sqlalchemy.exc.ProgrammingError: (sqlalchemy.dialects.postgresql.asyncpg.ProgrammingError) <class 'asyncpg.exceptions.DuplicatePreparedStatementError'>: prepared statement "__asyncpg_stmt_6e__" already exists
HINT:  
NOTE: pgbouncer with pool_mode set to "transaction" or
"statement" does not support prepared statements properly.
You have two options:

* if you are using pgbouncer for connection pooling to a
  single server, switch to the connection pool functionality
  provided by asyncpg, it is a much better option for this
  purpose;

* if you have no option of avoiding the use of pgbouncer,
  then you can set statement_cache_size to 0 when creating
  the asyncpg connection object.

[SQL: SELECT users.id, users.email, users.hashed_password, users.full_name, users.phone, users.avatar_url, users.is_active, users.is_verified, users.role, users.created_at, users.updated_at 
FROM users 
WHERE users.id = $1::UUID AND users.is_active = true]
[parameters: ('fe883956-1f87-44f8-9564-e695d649ec3e',)]
(Background on this error at: https://sqlalche.me/e/20/f405)
==============================================

=== VALIDATION ERROR AT POST /api/v1/auth/login ===
[{'type': 'model_attributes_type', 'loc': ('body',), 'msg': 'Input should be a valid dictionary or object to extract fields from', 'input': b'username=ngocson877469%40gmail.com&password=1'}]
==============================================

=== GLOBAL EXCEPTION HANDLER AT POST /api/v1/auth/login ===
  + Exception Group Traceback (most recent call last):
  |   File "D:\nhatro\backend\venv\Lib\site-packages\starlette\_utils.py", line 87, in collapse_excgroups
  |     yield
  |   File "D:\nhatro\backend\venv\Lib\site-packages\starlette\middleware\base.py", line 190, in __call__
  |     async with anyio.create_task_group() as task_group:
  |                ^^^^^^^^^^^^^^^^^^^^^^^^^
  |   File "D:\nhatro\backend\venv\Lib\site-packages\anyio\_backends\_asyncio.py", line 799, in __aexit__
  |     raise BaseExceptionGroup(
  | ExceptionGroup: unhandled errors in a TaskGroup (1 sub-exception)
  +-+---------------- 1 ----------------
    | Traceback (most recent call last):
    |   File "D:\nhatro\backend\venv\Lib\site-packages\starlette\middleware\errors.py", line 164, in __call__
    |     await self.app(scope, receive, _send)
    |   File "D:\nhatro\backend\venv\Lib\site-packages\starlette\middleware\base.py", line 189, in __call__
    |     with collapse_excgroups():
    |          ^^^^^^^^^^^^^^^^^^^^
    |   File "C:\Users\ngocson\.cache\codex-runtimes\codex-primary-runtime\dependencies\python\Lib\contextlib.py", line 158, in __exit__
    |     self.gen.throw(value)
    |   File "D:\nhatro\backend\venv\Lib\site-packages\starlette\_utils.py", line 93, in collapse_excgroups
    |     raise exc
    |   File "D:\nhatro\backend\venv\Lib\site-packages\starlette\middleware\base.py", line 191, in __call__
    |     response = await self.dispatch_func(request, call_next)
    |                ^^^^^^^^^^^^^^^^^^^^^^^^^^^^^^^^^^^^^^^^^^^^
    |   File "D:\nhatro\backend\app\main.py", line 149, in rate_limit_middleware
    |     return await call_next(request)
    |            ^^^^^^^^^^^^^^^^^^^^^^^^
    |   File "D:\nhatro\backend\venv\Lib\site-packages\starlette\middleware\base.py", line 165, in call_next
    |     raise app_exc
    |   File "D:\nhatro\backend\venv\Lib\site-packages\starlette\middleware\base.py", line 151, in coro
    |     await self.app(scope, receive_or_disconnect, send_no_error)
    |   File "D:\nhatro\backend\venv\Lib\site-packages\starlette\middleware\base.py", line 189, in __call__
    |     with collapse_excgroups():
    |          ^^^^^^^^^^^^^^^^^^^^
    |   File "C:\Users\ngocson\.cache\codex-runtimes\codex-primary-runtime\dependencies\python\Lib\contextlib.py", line 158, in __exit__
    |     self.gen.throw(value)
    |   File "D:\nhatro\backend\venv\Lib\site-packages\starlette\_utils.py", line 93, in collapse_excgroups
    |     raise exc
    |   File "D:\nhatro\backend\venv\Lib\site-packages\starlette\middleware\base.py", line 191, in __call__
    |     response = await self.dispatch_func(request, call_next)
    |                ^^^^^^^^^^^^^^^^^^^^^^^^^^^^^^^^^^^^^^^^^^^^
    |   File "D:\nhatro\backend\app\main.py", line 115, in add_process_time
    |     response = await call_next(request)
    |                ^^^^^^^^^^^^^^^^^^^^^^^^
    |   File "D:\nhatro\backend\venv\Lib\site-packages\starlette\middleware\base.py", line 165, in call_next
    |     raise app_exc
    |   File "D:\nhatro\backend\venv\Lib\site-packages\starlette\middleware\base.py", line 151, in coro
    |     await self.app(scope, receive_or_disconnect, send_no_error)
    |   File "D:\nhatro\backend\venv\Lib\site-packages\starlette\middleware\base.py", line 189, in __call__
    |     with collapse_excgroups():
    |          ^^^^^^^^^^^^^^^^^^^^
    |   File "C:\Users\ngocson\.cache\codex-runtimes\codex-primary-runtime\dependencies\python\Lib\contextlib.py", line 158, in __exit__
    |     self.gen.throw(value)
    |   File "D:\nhatro\backend\venv\Lib\site-packages\starlette\_utils.py", line 93, in collapse_excgroups
    |     raise exc
    |   File "D:\nhatro\backend\venv\Lib\site-packages\starlette\middleware\base.py", line 191, in __call__
    |     response = await self.dispatch_func(request, call_next)
    |                ^^^^^^^^^^^^^^^^^^^^^^^^^^^^^^^^^^^^^^^^^^^^
    |   File "D:\nhatro\backend\app\main.py", line 108, in add_security_headers
    |     response = await call_next(request)
    |                ^^^^^^^^^^^^^^^^^^^^^^^^
    |   File "D:\nhatro\backend\venv\Lib\site-packages\starlette\middleware\base.py", line 165, in call_next
    |     raise app_exc
    |   File "D:\nhatro\backend\venv\Lib\site-packages\starlette\middleware\base.py", line 151, in coro
    |     await self.app(scope, receive_or_disconnect, send_no_error)
    |   File "D:\nhatro\backend\venv\Lib\site-packages\starlette\middleware\cors.py", line 85, in __call__
    |     await self.app(scope, receive, send)
    |   File "D:\nhatro\backend\venv\Lib\site-packages\starlette\middleware\exceptions.py", line 65, in __call__
    |     await wrap_app_handling_exceptions(self.app, conn)(scope, receive, send)
    |   File "D:\nhatro\backend\venv\Lib\site-packages\starlette\_exception_handler.py", line 64, in wrapped_app
    |     raise exc
    |   File "D:\nhatro\backend\venv\Lib\site-packages\starlette\_exception_handler.py", line 53, in wrapped_app
    |     await app(scope, receive, sender)
    |   File "D:\nhatro\backend\venv\Lib\site-packages\starlette\routing.py", line 756, in __call__
    |     await self.middleware_stack(scope, receive, send)
    |   File "D:\nhatro\backend\venv\Lib\site-packages\starlette\routing.py", line 776, in app
    |     await route.handle(scope, receive, send)
    |   File "D:\nhatro\backend\venv\Lib\site-packages\starlette\routing.py", line 297, in handle
    |     await self.app(scope, receive, send)
    |   File "D:\nhatro\backend\venv\Lib\site-packages\starlette\routing.py", line 77, in app
    |     await wrap_app_handling_exceptions(app, request)(scope, receive, send)
    |   File "D:\nhatro\backend\venv\Lib\site-packages\starlette\_exception_handler.py", line 75, in wrapped_app
    |     response = await handler(conn, exc)
    |                ^^^^^^^^^^^^^^^^^^^^^^^^
    |   File "D:\nhatro\backend\app\main.py", line 179, in validation_exception_handler
    |     return JSONResponse(
    |            ^^^^^^^^^^^^^
    |   File "D:\nhatro\backend\venv\Lib\site-packages\starlette\responses.py", line 184, in __init__
    |     super().__init__(content, status_code, headers, media_type, background)
    |   File "D:\nhatro\backend\venv\Lib\site-packages\starlette\responses.py", line 41, in __init__
    |     self.body = self.render(content)
    |                 ^^^^^^^^^^^^^^^^^^^^
    |   File "D:\nhatro\backend\venv\Lib\site-packages\starlette\responses.py", line 187, in render
    |     return json.dumps(
    |            ^^^^^^^^^^^
    |   File "C:\Users\ngocson\.cache\codex-runtimes\codex-primary-runtime\dependencies\python\Lib\json\__init__.py", line 238, in dumps
    |     **kw).encode(obj)
    |           ^^^^^^^^^^^
    |   File "C:\Users\ngocson\.cache\codex-runtimes\codex-primary-runtime\dependencies\python\Lib\json\encoder.py", line 200, in encode
    |     chunks = self.iterencode(o, _one_shot=True)
    |              ^^^^^^^^^^^^^^^^^^^^^^^^^^^^^^^^^^
    |   File "C:\Users\ngocson\.cache\codex-runtimes\codex-primary-runtime\dependencies\python\Lib\json\encoder.py", line 258, in iterencode
    |     return _iterencode(o, 0)
    |            ^^^^^^^^^^^^^^^^^
    |   File "C:\Users\ngocson\.cache\codex-runtimes\codex-primary-runtime\dependencies\python\Lib\json\encoder.py", line 180, in default
    |     raise TypeError(f'Object of type {o.__class__.__name__} '
    | TypeError: Object of type bytes is not JSON serializable
    +------------------------------------

During handling of the above exception, another exception occurred:

Traceback (most recent call last):
  File "D:\nhatro\backend\venv\Lib\site-packages\starlette\middleware\errors.py", line 164, in __call__
    await self.app(scope, receive, _send)
  File "D:\nhatro\backend\venv\Lib\site-packages\starlette\middleware\base.py", line 189, in __call__
    with collapse_excgroups():
         ^^^^^^^^^^^^^^^^^^^^
  File "C:\Users\ngocson\.cache\codex-runtimes\codex-primary-runtime\dependencies\python\Lib\contextlib.py", line 158, in __exit__
    self.gen.throw(value)
  File "D:\nhatro\backend\venv\Lib\site-packages\starlette\_utils.py", line 93, in collapse_excgroups
    raise exc
  File "D:\nhatro\backend\venv\Lib\site-packages\starlette\middleware\base.py", line 191, in __call__
    response = await self.dispatch_func(request, call_next)
               ^^^^^^^^^^^^^^^^^^^^^^^^^^^^^^^^^^^^^^^^^^^^
  File "D:\nhatro\backend\app\main.py", line 149, in rate_limit_middleware
    return await call_next(request)
           ^^^^^^^^^^^^^^^^^^^^^^^^
  File "D:\nhatro\backend\venv\Lib\site-packages\starlette\middleware\base.py", line 165, in call_next
    raise app_exc
  File "D:\nhatro\backend\venv\Lib\site-packages\starlette\middleware\base.py", line 151, in coro
    await self.app(scope, receive_or_disconnect, send_no_error)
  File "D:\nhatro\backend\venv\Lib\site-packages\starlette\middleware\base.py", line 189, in __call__
    with collapse_excgroups():
         ^^^^^^^^^^^^^^^^^^^^
  File "C:\Users\ngocson\.cache\codex-runtimes\codex-primary-runtime\dependencies\python\Lib\contextlib.py", line 158, in __exit__
    self.gen.throw(value)
  File "D:\nhatro\backend\venv\Lib\site-packages\starlette\_utils.py", line 93, in collapse_excgroups
    raise exc
  File "D:\nhatro\backend\venv\Lib\site-packages\starlette\middleware\base.py", line 191, in __call__
    response = await self.dispatch_func(request, call_next)
               ^^^^^^^^^^^^^^^^^^^^^^^^^^^^^^^^^^^^^^^^^^^^
  File "D:\nhatro\backend\app\main.py", line 115, in add_process_time
    response = await call_next(request)
               ^^^^^^^^^^^^^^^^^^^^^^^^
  File "D:\nhatro\backend\venv\Lib\site-packages\starlette\middleware\base.py", line 165, in call_next
    raise app_exc
  File "D:\nhatro\backend\venv\Lib\site-packages\starlette\middleware\base.py", line 151, in coro
    await self.app(scope, receive_or_disconnect, send_no_error)
  File "D:\nhatro\backend\venv\Lib\site-packages\starlette\middleware\base.py", line 189, in __call__
    with collapse_excgroups():
         ^^^^^^^^^^^^^^^^^^^^
  File "C:\Users\ngocson\.cache\codex-runtimes\codex-primary-runtime\dependencies\python\Lib\contextlib.py", line 158, in __exit__
    self.gen.throw(value)
  File "D:\nhatro\backend\venv\Lib\site-packages\starlette\_utils.py", line 93, in collapse_excgroups
    raise exc
  File "D:\nhatro\backend\venv\Lib\site-packages\starlette\middleware\base.py", line 191, in __call__
    response = await self.dispatch_func(request, call_next)
               ^^^^^^^^^^^^^^^^^^^^^^^^^^^^^^^^^^^^^^^^^^^^
  File "D:\nhatro\backend\app\main.py", line 108, in add_security_headers
    response = await call_next(request)
               ^^^^^^^^^^^^^^^^^^^^^^^^
  File "D:\nhatro\backend\venv\Lib\site-packages\starlette\middleware\base.py", line 165, in call_next
    raise app_exc
  File "D:\nhatro\backend\venv\Lib\site-packages\starlette\middleware\base.py", line 151, in coro
    await self.app(scope, receive_or_disconnect, send_no_error)
  File "D:\nhatro\backend\venv\Lib\site-packages\starlette\middleware\cors.py", line 85, in __call__
    await self.app(scope, receive, send)
  File "D:\nhatro\backend\venv\Lib\site-packages\starlette\middleware\exceptions.py", line 65, in __call__
    await wrap_app_handling_exceptions(self.app, conn)(scope, receive, send)
  File "D:\nhatro\backend\venv\Lib\site-packages\starlette\_exception_handler.py", line 64, in wrapped_app
    raise exc
  File "D:\nhatro\backend\venv\Lib\site-packages\starlette\_exception_handler.py", line 53, in wrapped_app
    await app(scope, receive, sender)
  File "D:\nhatro\backend\venv\Lib\site-packages\starlette\routing.py", line 756, in __call__
    await self.middleware_stack(scope, receive, send)
  File "D:\nhatro\backend\venv\Lib\site-packages\starlette\routing.py", line 776, in app
    await route.handle(scope, receive, send)
  File "D:\nhatro\backend\venv\Lib\site-packages\starlette\routing.py", line 297, in handle
    await self.app(scope, receive, send)
  File "D:\nhatro\backend\venv\Lib\site-packages\starlette\routing.py", line 77, in app
    await wrap_app_handling_exceptions(app, request)(scope, receive, send)
  File "D:\nhatro\backend\venv\Lib\site-packages\starlette\_exception_handler.py", line 75, in wrapped_app
    response = await handler(conn, exc)
               ^^^^^^^^^^^^^^^^^^^^^^^^
  File "D:\nhatro\backend\app\main.py", line 179, in validation_exception_handler
    return JSONResponse(
           ^^^^^^^^^^^^^
  File "D:\nhatro\backend\venv\Lib\site-packages\starlette\responses.py", line 184, in __init__
    super().__init__(content, status_code, headers, media_type, background)
  File "D:\nhatro\backend\venv\Lib\site-packages\starlette\responses.py", line 41, in __init__
    self.body = self.render(content)
                ^^^^^^^^^^^^^^^^^^^^
  File "D:\nhatro\backend\venv\Lib\site-packages\starlette\responses.py", line 187, in render
    return json.dumps(
           ^^^^^^^^^^^
  File "C:\Users\ngocson\.cache\codex-runtimes\codex-primary-runtime\dependencies\python\Lib\json\__init__.py", line 238, in dumps
    **kw).encode(obj)
          ^^^^^^^^^^^
  File "C:\Users\ngocson\.cache\codex-runtimes\codex-primary-runtime\dependencies\python\Lib\json\encoder.py", line 200, in encode
    chunks = self.iterencode(o, _one_shot=True)
             ^^^^^^^^^^^^^^^^^^^^^^^^^^^^^^^^^^
  File "C:\Users\ngocson\.cache\codex-runtimes\codex-primary-runtime\dependencies\python\Lib\json\encoder.py", line 258, in iterencode
    return _iterencode(o, 0)
           ^^^^^^^^^^^^^^^^^
  File "C:\Users\ngocson\.cache\codex-runtimes\codex-primary-runtime\dependencies\python\Lib\json\encoder.py", line 180, in default
    raise TypeError(f'Object of type {o.__class__.__name__} '
TypeError: Object of type bytes is not JSON serializable
==============================================

=== VALIDATION ERROR AT POST /api/v1/auth/login ===
[{'type': 'model_attributes_type', 'loc': ('body',), 'msg': 'Input should be a valid dictionary or object to extract fields from', 'input': b'username=ngocson877469%40gmail.com&password=1'}]
==============================================

=== GLOBAL EXCEPTION HANDLER AT POST /api/v1/auth/login ===
  + Exception Group Traceback (most recent call last):
  |   File "D:\nhatro\backend\venv\Lib\site-packages\starlette\_utils.py", line 87, in collapse_excgroups
  |     yield
  |   File "D:\nhatro\backend\venv\Lib\site-packages\starlette\middleware\base.py", line 190, in __call__
  |     async with anyio.create_task_group() as task_group:
  |                ^^^^^^^^^^^^^^^^^^^^^^^^^
  |   File "D:\nhatro\backend\venv\Lib\site-packages\anyio\_backends\_asyncio.py", line 799, in __aexit__
  |     raise BaseExceptionGroup(
  | ExceptionGroup: unhandled errors in a TaskGroup (1 sub-exception)
  +-+---------------- 1 ----------------
    | Traceback (most recent call last):
    |   File "D:\nhatro\backend\venv\Lib\site-packages\starlette\middleware\errors.py", line 164, in __call__
    |     await self.app(scope, receive, _send)
    |   File "D:\nhatro\backend\venv\Lib\site-packages\starlette\middleware\base.py", line 189, in __call__
    |     with collapse_excgroups():
    |          ^^^^^^^^^^^^^^^^^^^^
    |   File "C:\Users\ngocson\.cache\codex-runtimes\codex-primary-runtime\dependencies\python\Lib\contextlib.py", line 158, in __exit__
    |     self.gen.throw(value)
    |   File "D:\nhatro\backend\venv\Lib\site-packages\starlette\_utils.py", line 93, in collapse_excgroups
    |     raise exc
    |   File "D:\nhatro\backend\venv\Lib\site-packages\starlette\middleware\base.py", line 191, in __call__
    |     response = await self.dispatch_func(request, call_next)
    |                ^^^^^^^^^^^^^^^^^^^^^^^^^^^^^^^^^^^^^^^^^^^^
    |   File "D:\nhatro\backend\app\main.py", line 149, in rate_limit_middleware
    |     return await call_next(request)
    |            ^^^^^^^^^^^^^^^^^^^^^^^^
    |   File "D:\nhatro\backend\venv\Lib\site-packages\starlette\middleware\base.py", line 165, in call_next
    |     raise app_exc
    |   File "D:\nhatro\backend\venv\Lib\site-packages\starlette\middleware\base.py", line 151, in coro
    |     await self.app(scope, receive_or_disconnect, send_no_error)
    |   File "D:\nhatro\backend\venv\Lib\site-packages\starlette\middleware\base.py", line 189, in __call__
    |     with collapse_excgroups():
    |          ^^^^^^^^^^^^^^^^^^^^
    |   File "C:\Users\ngocson\.cache\codex-runtimes\codex-primary-runtime\dependencies\python\Lib\contextlib.py", line 158, in __exit__
    |     self.gen.throw(value)
    |   File "D:\nhatro\backend\venv\Lib\site-packages\starlette\_utils.py", line 93, in collapse_excgroups
    |     raise exc
    |   File "D:\nhatro\backend\venv\Lib\site-packages\starlette\middleware\base.py", line 191, in __call__
    |     response = await self.dispatch_func(request, call_next)
    |                ^^^^^^^^^^^^^^^^^^^^^^^^^^^^^^^^^^^^^^^^^^^^
    |   File "D:\nhatro\backend\app\main.py", line 115, in add_process_time
    |     response = await call_next(request)
    |                ^^^^^^^^^^^^^^^^^^^^^^^^
    |   File "D:\nhatro\backend\venv\Lib\site-packages\starlette\middleware\base.py", line 165, in call_next
    |     raise app_exc
    |   File "D:\nhatro\backend\venv\Lib\site-packages\starlette\middleware\base.py", line 151, in coro
    |     await self.app(scope, receive_or_disconnect, send_no_error)
    |   File "D:\nhatro\backend\venv\Lib\site-packages\starlette\middleware\base.py", line 189, in __call__
    |     with collapse_excgroups():
    |          ^^^^^^^^^^^^^^^^^^^^
    |   File "C:\Users\ngocson\.cache\codex-runtimes\codex-primary-runtime\dependencies\python\Lib\contextlib.py", line 158, in __exit__
    |     self.gen.throw(value)
    |   File "D:\nhatro\backend\venv\Lib\site-packages\starlette\_utils.py", line 93, in collapse_excgroups
    |     raise exc
    |   File "D:\nhatro\backend\venv\Lib\site-packages\starlette\middleware\base.py", line 191, in __call__
    |     response = await self.dispatch_func(request, call_next)
    |                ^^^^^^^^^^^^^^^^^^^^^^^^^^^^^^^^^^^^^^^^^^^^
    |   File "D:\nhatro\backend\app\main.py", line 108, in add_security_headers
    |     response = await call_next(request)
    |                ^^^^^^^^^^^^^^^^^^^^^^^^
    |   File "D:\nhatro\backend\venv\Lib\site-packages\starlette\middleware\base.py", line 165, in call_next
    |     raise app_exc
    |   File "D:\nhatro\backend\venv\Lib\site-packages\starlette\middleware\base.py", line 151, in coro
    |     await self.app(scope, receive_or_disconnect, send_no_error)
    |   File "D:\nhatro\backend\venv\Lib\site-packages\starlette\middleware\cors.py", line 85, in __call__
    |     await self.app(scope, receive, send)
    |   File "D:\nhatro\backend\venv\Lib\site-packages\starlette\middleware\exceptions.py", line 65, in __call__
    |     await wrap_app_handling_exceptions(self.app, conn)(scope, receive, send)
    |   File "D:\nhatro\backend\venv\Lib\site-packages\starlette\_exception_handler.py", line 64, in wrapped_app
    |     raise exc
    |   File "D:\nhatro\backend\venv\Lib\site-packages\starlette\_exception_handler.py", line 53, in wrapped_app
    |     await app(scope, receive, sender)
    |   File "D:\nhatro\backend\venv\Lib\site-packages\starlette\routing.py", line 756, in __call__
    |     await self.middleware_stack(scope, receive, send)
    |   File "D:\nhatro\backend\venv\Lib\site-packages\starlette\routing.py", line 776, in app
    |     await route.handle(scope, receive, send)
    |   File "D:\nhatro\backend\venv\Lib\site-packages\starlette\routing.py", line 297, in handle
    |     await self.app(scope, receive, send)
    |   File "D:\nhatro\backend\venv\Lib\site-packages\starlette\routing.py", line 77, in app
    |     await wrap_app_handling_exceptions(app, request)(scope, receive, send)
    |   File "D:\nhatro\backend\venv\Lib\site-packages\starlette\_exception_handler.py", line 75, in wrapped_app
    |     response = await handler(conn, exc)
    |                ^^^^^^^^^^^^^^^^^^^^^^^^
    |   File "D:\nhatro\backend\app\main.py", line 179, in validation_exception_handler
    |     return JSONResponse(
    |            ^^^^^^^^^^^^^
    |   File "D:\nhatro\backend\venv\Lib\site-packages\starlette\responses.py", line 184, in __init__
    |     super().__init__(content, status_code, headers, media_type, background)
    |   File "D:\nhatro\backend\venv\Lib\site-packages\starlette\responses.py", line 41, in __init__
    |     self.body = self.render(content)
    |                 ^^^^^^^^^^^^^^^^^^^^
    |   File "D:\nhatro\backend\venv\Lib\site-packages\starlette\responses.py", line 187, in render
    |     return json.dumps(
    |            ^^^^^^^^^^^
    |   File "C:\Users\ngocson\.cache\codex-runtimes\codex-primary-runtime\dependencies\python\Lib\json\__init__.py", line 238, in dumps
    |     **kw).encode(obj)
    |           ^^^^^^^^^^^
    |   File "C:\Users\ngocson\.cache\codex-runtimes\codex-primary-runtime\dependencies\python\Lib\json\encoder.py", line 200, in encode
    |     chunks = self.iterencode(o, _one_shot=True)
    |              ^^^^^^^^^^^^^^^^^^^^^^^^^^^^^^^^^^
    |   File "C:\Users\ngocson\.cache\codex-runtimes\codex-primary-runtime\dependencies\python\Lib\json\encoder.py", line 258, in iterencode
    |     return _iterencode(o, 0)
    |            ^^^^^^^^^^^^^^^^^
    |   File "C:\Users\ngocson\.cache\codex-runtimes\codex-primary-runtime\dependencies\python\Lib\json\encoder.py", line 180, in default
    |     raise TypeError(f'Object of type {o.__class__.__name__} '
    | TypeError: Object of type bytes is not JSON serializable
    +------------------------------------

During handling of the above exception, another exception occurred:

Traceback (most recent call last):
  File "D:\nhatro\backend\venv\Lib\site-packages\starlette\middleware\errors.py", line 164, in __call__
    await self.app(scope, receive, _send)
  File "D:\nhatro\backend\venv\Lib\site-packages\starlette\middleware\base.py", line 189, in __call__
    with collapse_excgroups():
         ^^^^^^^^^^^^^^^^^^^^
  File "C:\Users\ngocson\.cache\codex-runtimes\codex-primary-runtime\dependencies\python\Lib\contextlib.py", line 158, in __exit__
    self.gen.throw(value)
  File "D:\nhatro\backend\venv\Lib\site-packages\starlette\_utils.py", line 93, in collapse_excgroups
    raise exc
  File "D:\nhatro\backend\venv\Lib\site-packages\starlette\middleware\base.py", line 191, in __call__
    response = await self.dispatch_func(request, call_next)
               ^^^^^^^^^^^^^^^^^^^^^^^^^^^^^^^^^^^^^^^^^^^^
  File "D:\nhatro\backend\app\main.py", line 149, in rate_limit_middleware
    return await call_next(request)
           ^^^^^^^^^^^^^^^^^^^^^^^^
  File "D:\nhatro\backend\venv\Lib\site-packages\starlette\middleware\base.py", line 165, in call_next
    raise app_exc
  File "D:\nhatro\backend\venv\Lib\site-packages\starlette\middleware\base.py", line 151, in coro
    await self.app(scope, receive_or_disconnect, send_no_error)
  File "D:\nhatro\backend\venv\Lib\site-packages\starlette\middleware\base.py", line 189, in __call__
    with collapse_excgroups():
         ^^^^^^^^^^^^^^^^^^^^
  File "C:\Users\ngocson\.cache\codex-runtimes\codex-primary-runtime\dependencies\python\Lib\contextlib.py", line 158, in __exit__
    self.gen.throw(value)
  File "D:\nhatro\backend\venv\Lib\site-packages\starlette\_utils.py", line 93, in collapse_excgroups
    raise exc
  File "D:\nhatro\backend\venv\Lib\site-packages\starlette\middleware\base.py", line 191, in __call__
    response = await self.dispatch_func(request, call_next)
               ^^^^^^^^^^^^^^^^^^^^^^^^^^^^^^^^^^^^^^^^^^^^
  File "D:\nhatro\backend\app\main.py", line 115, in add_process_time
    response = await call_next(request)
               ^^^^^^^^^^^^^^^^^^^^^^^^
  File "D:\nhatro\backend\venv\Lib\site-packages\starlette\middleware\base.py", line 165, in call_next
    raise app_exc
  File "D:\nhatro\backend\venv\Lib\site-packages\starlette\middleware\base.py", line 151, in coro
    await self.app(scope, receive_or_disconnect, send_no_error)
  File "D:\nhatro\backend\venv\Lib\site-packages\starlette\middleware\base.py", line 189, in __call__
    with collapse_excgroups():
         ^^^^^^^^^^^^^^^^^^^^
  File "C:\Users\ngocson\.cache\codex-runtimes\codex-primary-runtime\dependencies\python\Lib\contextlib.py", line 158, in __exit__
    self.gen.throw(value)
  File "D:\nhatro\backend\venv\Lib\site-packages\starlette\_utils.py", line 93, in collapse_excgroups
    raise exc
  File "D:\nhatro\backend\venv\Lib\site-packages\starlette\middleware\base.py", line 191, in __call__
    response = await self.dispatch_func(request, call_next)
               ^^^^^^^^^^^^^^^^^^^^^^^^^^^^^^^^^^^^^^^^^^^^
  File "D:\nhatro\backend\app\main.py", line 108, in add_security_headers
    response = await call_next(request)
               ^^^^^^^^^^^^^^^^^^^^^^^^
  File "D:\nhatro\backend\venv\Lib\site-packages\starlette\middleware\base.py", line 165, in call_next
    raise app_exc
  File "D:\nhatro\backend\venv\Lib\site-packages\starlette\middleware\base.py", line 151, in coro
    await self.app(scope, receive_or_disconnect, send_no_error)
  File "D:\nhatro\backend\venv\Lib\site-packages\starlette\middleware\cors.py", line 85, in __call__
    await self.app(scope, receive, send)
  File "D:\nhatro\backend\venv\Lib\site-packages\starlette\middleware\exceptions.py", line 65, in __call__
    await wrap_app_handling_exceptions(self.app, conn)(scope, receive, send)
  File "D:\nhatro\backend\venv\Lib\site-packages\starlette\_exception_handler.py", line 64, in wrapped_app
    raise exc
  File "D:\nhatro\backend\venv\Lib\site-packages\starlette\_exception_handler.py", line 53, in wrapped_app
    await app(scope, receive, sender)
  File "D:\nhatro\backend\venv\Lib\site-packages\starlette\routing.py", line 756, in __call__
    await self.middleware_stack(scope, receive, send)
  File "D:\nhatro\backend\venv\Lib\site-packages\starlette\routing.py", line 776, in app
    await route.handle(scope, receive, send)
  File "D:\nhatro\backend\venv\Lib\site-packages\starlette\routing.py", line 297, in handle
    await self.app(scope, receive, send)
  File "D:\nhatro\backend\venv\Lib\site-packages\starlette\routing.py", line 77, in app
    await wrap_app_handling_exceptions(app, request)(scope, receive, send)
  File "D:\nhatro\backend\venv\Lib\site-packages\starlette\_exception_handler.py", line 75, in wrapped_app
    response = await handler(conn, exc)
               ^^^^^^^^^^^^^^^^^^^^^^^^
  File "D:\nhatro\backend\app\main.py", line 179, in validation_exception_handler
    return JSONResponse(
           ^^^^^^^^^^^^^
  File "D:\nhatro\backend\venv\Lib\site-packages\starlette\responses.py", line 184, in __init__
    super().__init__(content, status_code, headers, media_type, background)
  File "D:\nhatro\backend\venv\Lib\site-packages\starlette\responses.py", line 41, in __init__
    self.body = self.render(content)
                ^^^^^^^^^^^^^^^^^^^^
  File "D:\nhatro\backend\venv\Lib\site-packages\starlette\responses.py", line 187, in render
    return json.dumps(
           ^^^^^^^^^^^
  File "C:\Users\ngocson\.cache\codex-runtimes\codex-primary-runtime\dependencies\python\Lib\json\__init__.py", line 238, in dumps
    **kw).encode(obj)
          ^^^^^^^^^^^
  File "C:\Users\ngocson\.cache\codex-runtimes\codex-primary-runtime\dependencies\python\Lib\json\encoder.py", line 200, in encode
    chunks = self.iterencode(o, _one_shot=True)
             ^^^^^^^^^^^^^^^^^^^^^^^^^^^^^^^^^^
  File "C:\Users\ngocson\.cache\codex-runtimes\codex-primary-runtime\dependencies\python\Lib\json\encoder.py", line 258, in iterencode
    return _iterencode(o, 0)
           ^^^^^^^^^^^^^^^^^
  File "C:\Users\ngocson\.cache\codex-runtimes\codex-primary-runtime\dependencies\python\Lib\json\encoder.py", line 180, in default
    raise TypeError(f'Object of type {o.__class__.__name__} '
TypeError: Object of type bytes is not JSON serializable
==============================================

=== GLOBAL EXCEPTION HANDLER AT POST /api/v1/contracts/74515ebb-860e-44ac-90c8-f95770b13345/terminate-v2 ===
  + Exception Group Traceback (most recent call last):
  |   File "D:\nhatro\backend\venv\Lib\site-packages\starlette\_utils.py", line 87, in collapse_excgroups
  |     yield
  |   File "D:\nhatro\backend\venv\Lib\site-packages\starlette\middleware\base.py", line 190, in __call__
  |     async with anyio.create_task_group() as task_group:
  |                ^^^^^^^^^^^^^^^^^^^^^^^^^
  |   File "D:\nhatro\backend\venv\Lib\site-packages\anyio\_backends\_asyncio.py", line 799, in __aexit__
  |     raise BaseExceptionGroup(
  | ExceptionGroup: unhandled errors in a TaskGroup (1 sub-exception)
  +-+---------------- 1 ----------------
    | Traceback (most recent call last):
    |   File "D:\nhatro\backend\venv\Lib\site-packages\starlette\middleware\errors.py", line 164, in __call__
    |     await self.app(scope, receive, _send)
    |   File "D:\nhatro\backend\venv\Lib\site-packages\starlette\middleware\base.py", line 189, in __call__
    |     with collapse_excgroups():
    |          ^^^^^^^^^^^^^^^^^^^^
    |   File "C:\Users\ngocson\.cache\codex-runtimes\codex-primary-runtime\dependencies\python\Lib\contextlib.py", line 158, in __exit__
    |     self.gen.throw(value)
    |   File "D:\nhatro\backend\venv\Lib\site-packages\starlette\_utils.py", line 93, in collapse_excgroups
    |     raise exc
    |   File "D:\nhatro\backend\venv\Lib\site-packages\starlette\middleware\base.py", line 191, in __call__
    |     response = await self.dispatch_func(request, call_next)
    |                ^^^^^^^^^^^^^^^^^^^^^^^^^^^^^^^^^^^^^^^^^^^^
    |   File "D:\nhatro\backend\app\main.py", line 149, in rate_limit_middleware
    |     return await call_next(request)
    |            ^^^^^^^^^^^^^^^^^^^^^^^^
    |   File "D:\nhatro\backend\venv\Lib\site-packages\starlette\middleware\base.py", line 165, in call_next
    |     raise app_exc
    |   File "D:\nhatro\backend\venv\Lib\site-packages\starlette\middleware\base.py", line 151, in coro
    |     await self.app(scope, receive_or_disconnect, send_no_error)
    |   File "D:\nhatro\backend\venv\Lib\site-packages\starlette\middleware\base.py", line 189, in __call__
    |     with collapse_excgroups():
    |          ^^^^^^^^^^^^^^^^^^^^
    |   File "C:\Users\ngocson\.cache\codex-runtimes\codex-primary-runtime\dependencies\python\Lib\contextlib.py", line 158, in __exit__
    |     self.gen.throw(value)
    |   File "D:\nhatro\backend\venv\Lib\site-packages\starlette\_utils.py", line 93, in collapse_excgroups
    |     raise exc
    |   File "D:\nhatro\backend\venv\Lib\site-packages\starlette\middleware\base.py", line 191, in __call__
    |     response = await self.dispatch_func(request, call_next)
    |                ^^^^^^^^^^^^^^^^^^^^^^^^^^^^^^^^^^^^^^^^^^^^
    |   File "D:\nhatro\backend\app\main.py", line 115, in add_process_time
    |     response = await call_next(request)
    |                ^^^^^^^^^^^^^^^^^^^^^^^^
    |   File "D:\nhatro\backend\venv\Lib\site-packages\starlette\middleware\base.py", line 165, in call_next
    |     raise app_exc
    |   File "D:\nhatro\backend\venv\Lib\site-packages\starlette\middleware\base.py", line 151, in coro
    |     await self.app(scope, receive_or_disconnect, send_no_error)
    |   File "D:\nhatro\backend\venv\Lib\site-packages\starlette\middleware\base.py", line 189, in __call__
    |     with collapse_excgroups():
    |          ^^^^^^^^^^^^^^^^^^^^
    |   File "C:\Users\ngocson\.cache\codex-runtimes\codex-primary-runtime\dependencies\python\Lib\contextlib.py", line 158, in __exit__
    |     self.gen.throw(value)
    |   File "D:\nhatro\backend\venv\Lib\site-packages\starlette\_utils.py", line 93, in collapse_excgroups
    |     raise exc
    |   File "D:\nhatro\backend\venv\Lib\site-packages\starlette\middleware\base.py", line 191, in __call__
    |     response = await self.dispatch_func(request, call_next)
    |                ^^^^^^^^^^^^^^^^^^^^^^^^^^^^^^^^^^^^^^^^^^^^
    |   File "D:\nhatro\backend\app\main.py", line 108, in add_security_headers
    |     response = await call_next(request)
    |                ^^^^^^^^^^^^^^^^^^^^^^^^
    |   File "D:\nhatro\backend\venv\Lib\site-packages\starlette\middleware\base.py", line 165, in call_next
    |     raise app_exc
    |   File "D:\nhatro\backend\venv\Lib\site-packages\starlette\middleware\base.py", line 151, in coro
    |     await self.app(scope, receive_or_disconnect, send_no_error)
    |   File "D:\nhatro\backend\venv\Lib\site-packages\starlette\middleware\cors.py", line 93, in __call__
    |     await self.simple_response(scope, receive, send, request_headers=headers)
    |   File "D:\nhatro\backend\venv\Lib\site-packages\starlette\middleware\cors.py", line 148, in simple_response
    |     await self.app(scope, receive, send)
    |   File "D:\nhatro\backend\venv\Lib\site-packages\starlette\middleware\exceptions.py", line 65, in __call__
    |     await wrap_app_handling_exceptions(self.app, conn)(scope, receive, send)
    |   File "D:\nhatro\backend\venv\Lib\site-packages\starlette\_exception_handler.py", line 64, in wrapped_app
    |     raise exc
    |   File "D:\nhatro\backend\venv\Lib\site-packages\starlette\_exception_handler.py", line 53, in wrapped_app
    |     await app(scope, receive, sender)
    |   File "D:\nhatro\backend\venv\Lib\site-packages\starlette\routing.py", line 756, in __call__
    |     await self.middleware_stack(scope, receive, send)
    |   File "D:\nhatro\backend\venv\Lib\site-packages\starlette\routing.py", line 776, in app
    |     await route.handle(scope, receive, send)
    |   File "D:\nhatro\backend\venv\Lib\site-packages\starlette\routing.py", line 297, in handle
    |     await self.app(scope, receive, send)
    |   File "D:\nhatro\backend\venv\Lib\site-packages\starlette\routing.py", line 77, in app
    |     await wrap_app_handling_exceptions(app, request)(scope, receive, send)
    |   File "D:\nhatro\backend\venv\Lib\site-packages\starlette\_exception_handler.py", line 64, in wrapped_app
    |     raise exc
    |   File "D:\nhatro\backend\venv\Lib\site-packages\starlette\_exception_handler.py", line 53, in wrapped_app
    |     await app(scope, receive, sender)
    |   File "D:\nhatro\backend\venv\Lib\site-packages\starlette\routing.py", line 72, in app
    |     response = await func(request)
    |                ^^^^^^^^^^^^^^^^^^^
    |   File "D:\nhatro\backend\venv\Lib\site-packages\fastapi\routing.py", line 278, in app
    |     raw_response = await run_endpoint_function(
    |                    ^^^^^^^^^^^^^^^^^^^^^^^^^^^^
    |   File "D:\nhatro\backend\venv\Lib\site-packages\fastapi\routing.py", line 191, in run_endpoint_function
    |     return await dependant.call(**values)
    |            ^^^^^^^^^^^^^^^^^^^^^^^^^^^^^^
    |   File "D:\nhatro\backend\app\api\v1\endpoints\contracts.py", line 204, in terminate_contract_v2
    |     res = await service.execute(
    |           ^^^^^^^^^^^^^^^^^^^^^^
    |   File "D:\nhatro\backend\app\services\termination_service.py", line 184, in execute
    |     history = await self._create_history(
    |               ^^^^^^^^^^^^^^^^^^^^^^^^^^^
    |   File "D:\nhatro\backend\app\services\termination_service.py", line 517, in _create_history
    |     final_invoice_id=final_invoice.id,
    |                      ^^^^^^^^^^^^^^^^
    | AttributeError: 'NoneType' object has no attribute 'id'
    +------------------------------------

During handling of the above exception, another exception occurred:

Traceback (most recent call last):
  File "D:\nhatro\backend\venv\Lib\site-packages\starlette\middleware\errors.py", line 164, in __call__
    await self.app(scope, receive, _send)
  File "D:\nhatro\backend\venv\Lib\site-packages\starlette\middleware\base.py", line 189, in __call__
    with collapse_excgroups():
         ^^^^^^^^^^^^^^^^^^^^
  File "C:\Users\ngocson\.cache\codex-runtimes\codex-primary-runtime\dependencies\python\Lib\contextlib.py", line 158, in __exit__
    self.gen.throw(value)
  File "D:\nhatro\backend\venv\Lib\site-packages\starlette\_utils.py", line 93, in collapse_excgroups
    raise exc
  File "D:\nhatro\backend\venv\Lib\site-packages\starlette\middleware\base.py", line 191, in __call__
    response = await self.dispatch_func(request, call_next)
               ^^^^^^^^^^^^^^^^^^^^^^^^^^^^^^^^^^^^^^^^^^^^
  File "D:\nhatro\backend\app\main.py", line 149, in rate_limit_middleware
    return await call_next(request)
           ^^^^^^^^^^^^^^^^^^^^^^^^
  File "D:\nhatro\backend\venv\Lib\site-packages\starlette\middleware\base.py", line 165, in call_next
    raise app_exc
  File "D:\nhatro\backend\venv\Lib\site-packages\starlette\middleware\base.py", line 151, in coro
    await self.app(scope, receive_or_disconnect, send_no_error)
  File "D:\nhatro\backend\venv\Lib\site-packages\starlette\middleware\base.py", line 189, in __call__
    with collapse_excgroups():
         ^^^^^^^^^^^^^^^^^^^^
  File "C:\Users\ngocson\.cache\codex-runtimes\codex-primary-runtime\dependencies\python\Lib\contextlib.py", line 158, in __exit__
    self.gen.throw(value)
  File "D:\nhatro\backend\venv\Lib\site-packages\starlette\_utils.py", line 93, in collapse_excgroups
    raise exc
  File "D:\nhatro\backend\venv\Lib\site-packages\starlette\middleware\base.py", line 191, in __call__
    response = await self.dispatch_func(request, call_next)
               ^^^^^^^^^^^^^^^^^^^^^^^^^^^^^^^^^^^^^^^^^^^^
  File "D:\nhatro\backend\app\main.py", line 115, in add_process_time
    response = await call_next(request)
               ^^^^^^^^^^^^^^^^^^^^^^^^
  File "D:\nhatro\backend\venv\Lib\site-packages\starlette\middleware\base.py", line 165, in call_next
    raise app_exc
  File "D:\nhatro\backend\venv\Lib\site-packages\starlette\middleware\base.py", line 151, in coro
    await self.app(scope, receive_or_disconnect, send_no_error)
  File "D:\nhatro\backend\venv\Lib\site-packages\starlette\middleware\base.py", line 189, in __call__
    with collapse_excgroups():
         ^^^^^^^^^^^^^^^^^^^^
  File "C:\Users\ngocson\.cache\codex-runtimes\codex-primary-runtime\dependencies\python\Lib\contextlib.py", line 158, in __exit__
    self.gen.throw(value)
  File "D:\nhatro\backend\venv\Lib\site-packages\starlette\_utils.py", line 93, in collapse_excgroups
    raise exc
  File "D:\nhatro\backend\venv\Lib\site-packages\starlette\middleware\base.py", line 191, in __call__
    response = await self.dispatch_func(request, call_next)
               ^^^^^^^^^^^^^^^^^^^^^^^^^^^^^^^^^^^^^^^^^^^^
  File "D:\nhatro\backend\app\main.py", line 108, in add_security_headers
    response = await call_next(request)
               ^^^^^^^^^^^^^^^^^^^^^^^^
  File "D:\nhatro\backend\venv\Lib\site-packages\starlette\middleware\base.py", line 165, in call_next
    raise app_exc
  File "D:\nhatro\backend\venv\Lib\site-packages\starlette\middleware\base.py", line 151, in coro
    await self.app(scope, receive_or_disconnect, send_no_error)
  File "D:\nhatro\backend\venv\Lib\site-packages\starlette\middleware\cors.py", line 93, in __call__
    await self.simple_response(scope, receive, send, request_headers=headers)
  File "D:\nhatro\backend\venv\Lib\site-packages\starlette\middleware\cors.py", line 148, in simple_response
    await self.app(scope, receive, send)
  File "D:\nhatro\backend\venv\Lib\site-packages\starlette\middleware\exceptions.py", line 65, in __call__
    await wrap_app_handling_exceptions(self.app, conn)(scope, receive, send)
  File "D:\nhatro\backend\venv\Lib\site-packages\starlette\_exception_handler.py", line 64, in wrapped_app
    raise exc
  File "D:\nhatro\backend\venv\Lib\site-packages\starlette\_exception_handler.py", line 53, in wrapped_app
    await app(scope, receive, sender)
  File "D:\nhatro\backend\venv\Lib\site-packages\starlette\routing.py", line 756, in __call__
    await self.middleware_stack(scope, receive, send)
  File "D:\nhatro\backend\venv\Lib\site-packages\starlette\routing.py", line 776, in app
    await route.handle(scope, receive, send)
  File "D:\nhatro\backend\venv\Lib\site-packages\starlette\routing.py", line 297, in handle
    await self.app(scope, receive, send)
  File "D:\nhatro\backend\venv\Lib\site-packages\starlette\routing.py", line 77, in app
    await wrap_app_handling_exceptions(app, request)(scope, receive, send)
  File "D:\nhatro\backend\venv\Lib\site-packages\starlette\_exception_handler.py", line 64, in wrapped_app
    raise exc
  File "D:\nhatro\backend\venv\Lib\site-packages\starlette\_exception_handler.py", line 53, in wrapped_app
    await app(scope, receive, sender)
  File "D:\nhatro\backend\venv\Lib\site-packages\starlette\routing.py", line 72, in app
    response = await func(request)
               ^^^^^^^^^^^^^^^^^^^
  File "D:\nhatro\backend\venv\Lib\site-packages\fastapi\routing.py", line 278, in app
    raw_response = await run_endpoint_function(
                   ^^^^^^^^^^^^^^^^^^^^^^^^^^^^
  File "D:\nhatro\backend\venv\Lib\site-packages\fastapi\routing.py", line 191, in run_endpoint_function
    return await dependant.call(**values)
           ^^^^^^^^^^^^^^^^^^^^^^^^^^^^^^
  File "D:\nhatro\backend\app\api\v1\endpoints\contracts.py", line 204, in terminate_contract_v2
    res = await service.execute(
          ^^^^^^^^^^^^^^^^^^^^^^
  File "D:\nhatro\backend\app\services\termination_service.py", line 184, in execute
    history = await self._create_history(
              ^^^^^^^^^^^^^^^^^^^^^^^^^^^
  File "D:\nhatro\backend\app\services\termination_service.py", line 517, in _create_history
    final_invoice_id=final_invoice.id,
                     ^^^^^^^^^^^^^^^^
AttributeError: 'NoneType' object has no attribute 'id'
==============================================

=== GLOBAL EXCEPTION HANDLER AT POST /api/v1/contracts/74515ebb-860e-44ac-90c8-f95770b13345/terminate-v2 ===
  + Exception Group Traceback (most recent call last):
  |   File "D:\nhatro\backend\venv\Lib\site-packages\starlette\_utils.py", line 87, in collapse_excgroups
  |     yield
  |   File "D:\nhatro\backend\venv\Lib\site-packages\starlette\middleware\base.py", line 190, in __call__
  |     async with anyio.create_task_group() as task_group:
  |                ^^^^^^^^^^^^^^^^^^^^^^^^^
  |   File "D:\nhatro\backend\venv\Lib\site-packages\anyio\_backends\_asyncio.py", line 799, in __aexit__
  |     raise BaseExceptionGroup(
  | ExceptionGroup: unhandled errors in a TaskGroup (1 sub-exception)
  +-+---------------- 1 ----------------
    | Traceback (most recent call last):
    |   File "D:\nhatro\backend\venv\Lib\site-packages\starlette\middleware\errors.py", line 164, in __call__
    |     await self.app(scope, receive, _send)
    |   File "D:\nhatro\backend\venv\Lib\site-packages\starlette\middleware\base.py", line 189, in __call__
    |     with collapse_excgroups():
    |          ^^^^^^^^^^^^^^^^^^^^
    |   File "C:\Users\ngocson\.cache\codex-runtimes\codex-primary-runtime\dependencies\python\Lib\contextlib.py", line 158, in __exit__
    |     self.gen.throw(value)
    |   File "D:\nhatro\backend\venv\Lib\site-packages\starlette\_utils.py", line 93, in collapse_excgroups
    |     raise exc
    |   File "D:\nhatro\backend\venv\Lib\site-packages\starlette\middleware\base.py", line 191, in __call__
    |     response = await self.dispatch_func(request, call_next)
    |                ^^^^^^^^^^^^^^^^^^^^^^^^^^^^^^^^^^^^^^^^^^^^
    |   File "D:\nhatro\backend\app\main.py", line 149, in rate_limit_middleware
    |     return await call_next(request)
    |            ^^^^^^^^^^^^^^^^^^^^^^^^
    |   File "D:\nhatro\backend\venv\Lib\site-packages\starlette\middleware\base.py", line 165, in call_next
    |     raise app_exc
    |   File "D:\nhatro\backend\venv\Lib\site-packages\starlette\middleware\base.py", line 151, in coro
    |     await self.app(scope, receive_or_disconnect, send_no_error)
    |   File "D:\nhatro\backend\venv\Lib\site-packages\starlette\middleware\base.py", line 189, in __call__
    |     with collapse_excgroups():
    |          ^^^^^^^^^^^^^^^^^^^^
    |   File "C:\Users\ngocson\.cache\codex-runtimes\codex-primary-runtime\dependencies\python\Lib\contextlib.py", line 158, in __exit__
    |     self.gen.throw(value)
    |   File "D:\nhatro\backend\venv\Lib\site-packages\starlette\_utils.py", line 93, in collapse_excgroups
    |     raise exc
    |   File "D:\nhatro\backend\venv\Lib\site-packages\starlette\middleware\base.py", line 191, in __call__
    |     response = await self.dispatch_func(request, call_next)
    |                ^^^^^^^^^^^^^^^^^^^^^^^^^^^^^^^^^^^^^^^^^^^^
    |   File "D:\nhatro\backend\app\main.py", line 115, in add_process_time
    |     response = await call_next(request)
    |                ^^^^^^^^^^^^^^^^^^^^^^^^
    |   File "D:\nhatro\backend\venv\Lib\site-packages\starlette\middleware\base.py", line 165, in call_next
    |     raise app_exc
    |   File "D:\nhatro\backend\venv\Lib\site-packages\starlette\middleware\base.py", line 151, in coro
    |     await self.app(scope, receive_or_disconnect, send_no_error)
    |   File "D:\nhatro\backend\venv\Lib\site-packages\starlette\middleware\base.py", line 189, in __call__
    |     with collapse_excgroups():
    |          ^^^^^^^^^^^^^^^^^^^^
    |   File "C:\Users\ngocson\.cache\codex-runtimes\codex-primary-runtime\dependencies\python\Lib\contextlib.py", line 158, in __exit__
    |     self.gen.throw(value)
    |   File "D:\nhatro\backend\venv\Lib\site-packages\starlette\_utils.py", line 93, in collapse_excgroups
    |     raise exc
    |   File "D:\nhatro\backend\venv\Lib\site-packages\starlette\middleware\base.py", line 191, in __call__
    |     response = await self.dispatch_func(request, call_next)
    |                ^^^^^^^^^^^^^^^^^^^^^^^^^^^^^^^^^^^^^^^^^^^^
    |   File "D:\nhatro\backend\app\main.py", line 108, in add_security_headers
    |     response = await call_next(request)
    |                ^^^^^^^^^^^^^^^^^^^^^^^^
    |   File "D:\nhatro\backend\venv\Lib\site-packages\starlette\middleware\base.py", line 165, in call_next
    |     raise app_exc
    |   File "D:\nhatro\backend\venv\Lib\site-packages\starlette\middleware\base.py", line 151, in coro
    |     await self.app(scope, receive_or_disconnect, send_no_error)
    |   File "D:\nhatro\backend\venv\Lib\site-packages\starlette\middleware\cors.py", line 93, in __call__
    |     await self.simple_response(scope, receive, send, request_headers=headers)
    |   File "D:\nhatro\backend\venv\Lib\site-packages\starlette\middleware\cors.py", line 148, in simple_response
    |     await self.app(scope, receive, send)
    |   File "D:\nhatro\backend\venv\Lib\site-packages\starlette\middleware\exceptions.py", line 65, in __call__
    |     await wrap_app_handling_exceptions(self.app, conn)(scope, receive, send)
    |   File "D:\nhatro\backend\venv\Lib\site-packages\starlette\_exception_handler.py", line 64, in wrapped_app
    |     raise exc
    |   File "D:\nhatro\backend\venv\Lib\site-packages\starlette\_exception_handler.py", line 53, in wrapped_app
    |     await app(scope, receive, sender)
    |   File "D:\nhatro\backend\venv\Lib\site-packages\starlette\routing.py", line 756, in __call__
    |     await self.middleware_stack(scope, receive, send)
    |   File "D:\nhatro\backend\venv\Lib\site-packages\starlette\routing.py", line 776, in app
    |     await route.handle(scope, receive, send)
    |   File "D:\nhatro\backend\venv\Lib\site-packages\starlette\routing.py", line 297, in handle
    |     await self.app(scope, receive, send)
    |   File "D:\nhatro\backend\venv\Lib\site-packages\starlette\routing.py", line 77, in app
    |     await wrap_app_handling_exceptions(app, request)(scope, receive, send)
    |   File "D:\nhatro\backend\venv\Lib\site-packages\starlette\_exception_handler.py", line 64, in wrapped_app
    |     raise exc
    |   File "D:\nhatro\backend\venv\Lib\site-packages\starlette\_exception_handler.py", line 53, in wrapped_app
    |     await app(scope, receive, sender)
    |   File "D:\nhatro\backend\venv\Lib\site-packages\starlette\routing.py", line 72, in app
    |     response = await func(request)
    |                ^^^^^^^^^^^^^^^^^^^
    |   File "D:\nhatro\backend\venv\Lib\site-packages\fastapi\routing.py", line 278, in app
    |     raw_response = await run_endpoint_function(
    |                    ^^^^^^^^^^^^^^^^^^^^^^^^^^^^
    |   File "D:\nhatro\backend\venv\Lib\site-packages\fastapi\routing.py", line 191, in run_endpoint_function
    |     return await dependant.call(**values)
    |            ^^^^^^^^^^^^^^^^^^^^^^^^^^^^^^
    |   File "D:\nhatro\backend\app\api\v1\endpoints\contracts.py", line 204, in terminate_contract_v2
    |     res = await service.execute(
    |           ^^^^^^^^^^^^^^^^^^^^^^
    |   File "D:\nhatro\backend\app\services\termination_service.py", line 184, in execute
    |     history = await self._create_history(
    |               ^^^^^^^^^^^^^^^^^^^^^^^^^^^
    |   File "D:\nhatro\backend\app\services\termination_service.py", line 517, in _create_history
    |     final_invoice_id=final_invoice.id,
    |                      ^^^^^^^^^^^^^^^^
    | AttributeError: 'NoneType' object has no attribute 'id'
    +------------------------------------

During handling of the above exception, another exception occurred:

Traceback (most recent call last):
  File "D:\nhatro\backend\venv\Lib\site-packages\starlette\middleware\errors.py", line 164, in __call__
    await self.app(scope, receive, _send)
  File "D:\nhatro\backend\venv\Lib\site-packages\starlette\middleware\base.py", line 189, in __call__
    with collapse_excgroups():
         ^^^^^^^^^^^^^^^^^^^^
  File "C:\Users\ngocson\.cache\codex-runtimes\codex-primary-runtime\dependencies\python\Lib\contextlib.py", line 158, in __exit__
    self.gen.throw(value)
  File "D:\nhatro\backend\venv\Lib\site-packages\starlette\_utils.py", line 93, in collapse_excgroups
    raise exc
  File "D:\nhatro\backend\venv\Lib\site-packages\starlette\middleware\base.py", line 191, in __call__
    response = await self.dispatch_func(request, call_next)
               ^^^^^^^^^^^^^^^^^^^^^^^^^^^^^^^^^^^^^^^^^^^^
  File "D:\nhatro\backend\app\main.py", line 149, in rate_limit_middleware
    return await call_next(request)
           ^^^^^^^^^^^^^^^^^^^^^^^^
  File "D:\nhatro\backend\venv\Lib\site-packages\starlette\middleware\base.py", line 165, in call_next
    raise app_exc
  File "D:\nhatro\backend\venv\Lib\site-packages\starlette\middleware\base.py", line 151, in coro
    await self.app(scope, receive_or_disconnect, send_no_error)
  File "D:\nhatro\backend\venv\Lib\site-packages\starlette\middleware\base.py", line 189, in __call__
    with collapse_excgroups():
         ^^^^^^^^^^^^^^^^^^^^
  File "C:\Users\ngocson\.cache\codex-runtimes\codex-primary-runtime\dependencies\python\Lib\contextlib.py", line 158, in __exit__
    self.gen.throw(value)
  File "D:\nhatro\backend\venv\Lib\site-packages\starlette\_utils.py", line 93, in collapse_excgroups
    raise exc
  File "D:\nhatro\backend\venv\Lib\site-packages\starlette\middleware\base.py", line 191, in __call__
    response = await self.dispatch_func(request, call_next)
               ^^^^^^^^^^^^^^^^^^^^^^^^^^^^^^^^^^^^^^^^^^^^
  File "D:\nhatro\backend\app\main.py", line 115, in add_process_time
    response = await call_next(request)
               ^^^^^^^^^^^^^^^^^^^^^^^^
  File "D:\nhatro\backend\venv\Lib\site-packages\starlette\middleware\base.py", line 165, in call_next
    raise app_exc
  File "D:\nhatro\backend\venv\Lib\site-packages\starlette\middleware\base.py", line 151, in coro
    await self.app(scope, receive_or_disconnect, send_no_error)
  File "D:\nhatro\backend\venv\Lib\site-packages\starlette\middleware\base.py", line 189, in __call__
    with collapse_excgroups():
         ^^^^^^^^^^^^^^^^^^^^
  File "C:\Users\ngocson\.cache\codex-runtimes\codex-primary-runtime\dependencies\python\Lib\contextlib.py", line 158, in __exit__
    self.gen.throw(value)
  File "D:\nhatro\backend\venv\Lib\site-packages\starlette\_utils.py", line 93, in collapse_excgroups
    raise exc
  File "D:\nhatro\backend\venv\Lib\site-packages\starlette\middleware\base.py", line 191, in __call__
    response = await self.dispatch_func(request, call_next)
               ^^^^^^^^^^^^^^^^^^^^^^^^^^^^^^^^^^^^^^^^^^^^
  File "D:\nhatro\backend\app\main.py", line 108, in add_security_headers
    response = await call_next(request)
               ^^^^^^^^^^^^^^^^^^^^^^^^
  File "D:\nhatro\backend\venv\Lib\site-packages\starlette\middleware\base.py", line 165, in call_next
    raise app_exc
  File "D:\nhatro\backend\venv\Lib\site-packages\starlette\middleware\base.py", line 151, in coro
    await self.app(scope, receive_or_disconnect, send_no_error)
  File "D:\nhatro\backend\venv\Lib\site-packages\starlette\middleware\cors.py", line 93, in __call__
    await self.simple_response(scope, receive, send, request_headers=headers)
  File "D:\nhatro\backend\venv\Lib\site-packages\starlette\middleware\cors.py", line 148, in simple_response
    await self.app(scope, receive, send)
  File "D:\nhatro\backend\venv\Lib\site-packages\starlette\middleware\exceptions.py", line 65, in __call__
    await wrap_app_handling_exceptions(self.app, conn)(scope, receive, send)
  File "D:\nhatro\backend\venv\Lib\site-packages\starlette\_exception_handler.py", line 64, in wrapped_app
    raise exc
  File "D:\nhatro\backend\venv\Lib\site-packages\starlette\_exception_handler.py", line 53, in wrapped_app
    await app(scope, receive, sender)
  File "D:\nhatro\backend\venv\Lib\site-packages\starlette\routing.py", line 756, in __call__
    await self.middleware_stack(scope, receive, send)
  File "D:\nhatro\backend\venv\Lib\site-packages\starlette\routing.py", line 776, in app
    await route.handle(scope, receive, send)
  File "D:\nhatro\backend\venv\Lib\site-packages\starlette\routing.py", line 297, in handle
    await self.app(scope, receive, send)
  File "D:\nhatro\backend\venv\Lib\site-packages\starlette\routing.py", line 77, in app
    await wrap_app_handling_exceptions(app, request)(scope, receive, send)
  File "D:\nhatro\backend\venv\Lib\site-packages\starlette\_exception_handler.py", line 64, in wrapped_app
    raise exc
  File "D:\nhatro\backend\venv\Lib\site-packages\starlette\_exception_handler.py", line 53, in wrapped_app
    await app(scope, receive, sender)
  File "D:\nhatro\backend\venv\Lib\site-packages\starlette\routing.py", line 72, in app
    response = await func(request)
               ^^^^^^^^^^^^^^^^^^^
  File "D:\nhatro\backend\venv\Lib\site-packages\fastapi\routing.py", line 278, in app
    raw_response = await run_endpoint_function(
                   ^^^^^^^^^^^^^^^^^^^^^^^^^^^^
  File "D:\nhatro\backend\venv\Lib\site-packages\fastapi\routing.py", line 191, in run_endpoint_function
    return await dependant.call(**values)
           ^^^^^^^^^^^^^^^^^^^^^^^^^^^^^^
  File "D:\nhatro\backend\app\api\v1\endpoints\contracts.py", line 204, in terminate_contract_v2
    res = await service.execute(
          ^^^^^^^^^^^^^^^^^^^^^^
  File "D:\nhatro\backend\app\services\termination_service.py", line 184, in execute
    history = await self._create_history(
              ^^^^^^^^^^^^^^^^^^^^^^^^^^^
  File "D:\nhatro\backend\app\services\termination_service.py", line 517, in _create_history
    final_invoice_id=final_invoice.id,
                     ^^^^^^^^^^^^^^^^
AttributeError: 'NoneType' object has no attribute 'id'
==============================================

=== GLOBAL EXCEPTION HANDLER AT POST /api/v1/contracts/aafc4349-c2d2-4a34-821f-8bf3cbc635c5/terminate-v2 ===
  + Exception Group Traceback (most recent call last):
  |   File "D:\nhatro\backend\venv\Lib\site-packages\starlette\_utils.py", line 87, in collapse_excgroups
  |     yield
  |   File "D:\nhatro\backend\venv\Lib\site-packages\starlette\middleware\base.py", line 190, in __call__
  |     async with anyio.create_task_group() as task_group:
  |                ^^^^^^^^^^^^^^^^^^^^^^^^^
  |   File "D:\nhatro\backend\venv\Lib\site-packages\anyio\_backends\_asyncio.py", line 799, in __aexit__
  |     raise BaseExceptionGroup(
  | ExceptionGroup: unhandled errors in a TaskGroup (1 sub-exception)
  +-+---------------- 1 ----------------
    | Traceback (most recent call last):
    |   File "D:\nhatro\backend\venv\Lib\site-packages\starlette\middleware\errors.py", line 164, in __call__
    |     await self.app(scope, receive, _send)
    |   File "D:\nhatro\backend\venv\Lib\site-packages\starlette\middleware\base.py", line 189, in __call__
    |     with collapse_excgroups():
    |          ^^^^^^^^^^^^^^^^^^^^
    |   File "C:\Users\ngocson\.cache\codex-runtimes\codex-primary-runtime\dependencies\python\Lib\contextlib.py", line 158, in __exit__
    |     self.gen.throw(value)
    |   File "D:\nhatro\backend\venv\Lib\site-packages\starlette\_utils.py", line 93, in collapse_excgroups
    |     raise exc
    |   File "D:\nhatro\backend\venv\Lib\site-packages\starlette\middleware\base.py", line 191, in __call__
    |     response = await self.dispatch_func(request, call_next)
    |                ^^^^^^^^^^^^^^^^^^^^^^^^^^^^^^^^^^^^^^^^^^^^
    |   File "D:\nhatro\backend\app\main.py", line 149, in rate_limit_middleware
    |     return await call_next(request)
    |            ^^^^^^^^^^^^^^^^^^^^^^^^
    |   File "D:\nhatro\backend\venv\Lib\site-packages\starlette\middleware\base.py", line 165, in call_next
    |     raise app_exc
    |   File "D:\nhatro\backend\venv\Lib\site-packages\starlette\middleware\base.py", line 151, in coro
    |     await self.app(scope, receive_or_disconnect, send_no_error)
    |   File "D:\nhatro\backend\venv\Lib\site-packages\starlette\middleware\base.py", line 189, in __call__
    |     with collapse_excgroups():
    |          ^^^^^^^^^^^^^^^^^^^^
    |   File "C:\Users\ngocson\.cache\codex-runtimes\codex-primary-runtime\dependencies\python\Lib\contextlib.py", line 158, in __exit__
    |     self.gen.throw(value)
    |   File "D:\nhatro\backend\venv\Lib\site-packages\starlette\_utils.py", line 93, in collapse_excgroups
    |     raise exc
    |   File "D:\nhatro\backend\venv\Lib\site-packages\starlette\middleware\base.py", line 191, in __call__
    |     response = await self.dispatch_func(request, call_next)
    |                ^^^^^^^^^^^^^^^^^^^^^^^^^^^^^^^^^^^^^^^^^^^^
    |   File "D:\nhatro\backend\app\main.py", line 115, in add_process_time
    |     response = await call_next(request)
    |                ^^^^^^^^^^^^^^^^^^^^^^^^
    |   File "D:\nhatro\backend\venv\Lib\site-packages\starlette\middleware\base.py", line 165, in call_next
    |     raise app_exc
    |   File "D:\nhatro\backend\venv\Lib\site-packages\starlette\middleware\base.py", line 151, in coro
    |     await self.app(scope, receive_or_disconnect, send_no_error)
    |   File "D:\nhatro\backend\venv\Lib\site-packages\starlette\middleware\base.py", line 189, in __call__
    |     with collapse_excgroups():
    |          ^^^^^^^^^^^^^^^^^^^^
    |   File "C:\Users\ngocson\.cache\codex-runtimes\codex-primary-runtime\dependencies\python\Lib\contextlib.py", line 158, in __exit__
    |     self.gen.throw(value)
    |   File "D:\nhatro\backend\venv\Lib\site-packages\starlette\_utils.py", line 93, in collapse_excgroups
    |     raise exc
    |   File "D:\nhatro\backend\venv\Lib\site-packages\starlette\middleware\base.py", line 191, in __call__
    |     response = await self.dispatch_func(request, call_next)
    |                ^^^^^^^^^^^^^^^^^^^^^^^^^^^^^^^^^^^^^^^^^^^^
    |   File "D:\nhatro\backend\app\main.py", line 108, in add_security_headers
    |     response = await call_next(request)
    |                ^^^^^^^^^^^^^^^^^^^^^^^^
    |   File "D:\nhatro\backend\venv\Lib\site-packages\starlette\middleware\base.py", line 165, in call_next
    |     raise app_exc
    |   File "D:\nhatro\backend\venv\Lib\site-packages\starlette\middleware\base.py", line 151, in coro
    |     await self.app(scope, receive_or_disconnect, send_no_error)
    |   File "D:\nhatro\backend\venv\Lib\site-packages\starlette\middleware\cors.py", line 93, in __call__
    |     await self.simple_response(scope, receive, send, request_headers=headers)
    |   File "D:\nhatro\backend\venv\Lib\site-packages\starlette\middleware\cors.py", line 148, in simple_response
    |     await self.app(scope, receive, send)
    |   File "D:\nhatro\backend\venv\Lib\site-packages\starlette\middleware\exceptions.py", line 65, in __call__
    |     await wrap_app_handling_exceptions(self.app, conn)(scope, receive, send)
    |   File "D:\nhatro\backend\venv\Lib\site-packages\starlette\_exception_handler.py", line 64, in wrapped_app
    |     raise exc
    |   File "D:\nhatro\backend\venv\Lib\site-packages\starlette\_exception_handler.py", line 53, in wrapped_app
    |     await app(scope, receive, sender)
    |   File "D:\nhatro\backend\venv\Lib\site-packages\starlette\routing.py", line 756, in __call__
    |     await self.middleware_stack(scope, receive, send)
    |   File "D:\nhatro\backend\venv\Lib\site-packages\starlette\routing.py", line 776, in app
    |     await route.handle(scope, receive, send)
    |   File "D:\nhatro\backend\venv\Lib\site-packages\starlette\routing.py", line 297, in handle
    |     await self.app(scope, receive, send)
    |   File "D:\nhatro\backend\venv\Lib\site-packages\starlette\routing.py", line 77, in app
    |     await wrap_app_handling_exceptions(app, request)(scope, receive, send)
    |   File "D:\nhatro\backend\venv\Lib\site-packages\starlette\_exception_handler.py", line 64, in wrapped_app
    |     raise exc
    |   File "D:\nhatro\backend\venv\Lib\site-packages\starlette\_exception_handler.py", line 53, in wrapped_app
    |     await app(scope, receive, sender)
    |   File "D:\nhatro\backend\venv\Lib\site-packages\starlette\routing.py", line 72, in app
    |     response = await func(request)
    |                ^^^^^^^^^^^^^^^^^^^
    |   File "D:\nhatro\backend\venv\Lib\site-packages\fastapi\routing.py", line 278, in app
    |     raw_response = await run_endpoint_function(
    |                    ^^^^^^^^^^^^^^^^^^^^^^^^^^^^
    |   File "D:\nhatro\backend\venv\Lib\site-packages\fastapi\routing.py", line 191, in run_endpoint_function
    |     return await dependant.call(**values)
    |            ^^^^^^^^^^^^^^^^^^^^^^^^^^^^^^
    |   File "D:\nhatro\backend\app\api\v1\endpoints\contracts.py", line 204, in terminate_contract_v2
    |     res = await service.execute(
    |           ^^^^^^^^^^^^^^^^^^^^^^
    |   File "D:\nhatro\backend\app\services\termination_service.py", line 139, in execute
    |     final_invoice = await self._create_or_update_final_invoice(
    |                     ^^^^^^^^^^^^^^^^^^^^^^^^^^^^^^^^^^^^^^^^^^^
    |   File "D:\nhatro\backend\app\services\termination_service.py", line 348, in _create_or_update_final_invoice
    |     org_result = await self.db.execute(select(Organization).where(Organization.id == self.organization_id))
    |                                               ^^^^^^^^^^^^
    | NameError: name 'Organization' is not defined
    +------------------------------------

During handling of the above exception, another exception occurred:

Traceback (most recent call last):
  File "D:\nhatro\backend\venv\Lib\site-packages\starlette\middleware\errors.py", line 164, in __call__
    await self.app(scope, receive, _send)
  File "D:\nhatro\backend\venv\Lib\site-packages\starlette\middleware\base.py", line 189, in __call__
    with collapse_excgroups():
         ^^^^^^^^^^^^^^^^^^^^
  File "C:\Users\ngocson\.cache\codex-runtimes\codex-primary-runtime\dependencies\python\Lib\contextlib.py", line 158, in __exit__
    self.gen.throw(value)
  File "D:\nhatro\backend\venv\Lib\site-packages\starlette\_utils.py", line 93, in collapse_excgroups
    raise exc
  File "D:\nhatro\backend\venv\Lib\site-packages\starlette\middleware\base.py", line 191, in __call__
    response = await self.dispatch_func(request, call_next)
               ^^^^^^^^^^^^^^^^^^^^^^^^^^^^^^^^^^^^^^^^^^^^
  File "D:\nhatro\backend\app\main.py", line 149, in rate_limit_middleware
    return await call_next(request)
           ^^^^^^^^^^^^^^^^^^^^^^^^
  File "D:\nhatro\backend\venv\Lib\site-packages\starlette\middleware\base.py", line 165, in call_next
    raise app_exc
  File "D:\nhatro\backend\venv\Lib\site-packages\starlette\middleware\base.py", line 151, in coro
    await self.app(scope, receive_or_disconnect, send_no_error)
  File "D:\nhatro\backend\venv\Lib\site-packages\starlette\middleware\base.py", line 189, in __call__
    with collapse_excgroups():
         ^^^^^^^^^^^^^^^^^^^^
  File "C:\Users\ngocson\.cache\codex-runtimes\codex-primary-runtime\dependencies\python\Lib\contextlib.py", line 158, in __exit__
    self.gen.throw(value)
  File "D:\nhatro\backend\venv\Lib\site-packages\starlette\_utils.py", line 93, in collapse_excgroups
    raise exc
  File "D:\nhatro\backend\venv\Lib\site-packages\starlette\middleware\base.py", line 191, in __call__
    response = await self.dispatch_func(request, call_next)
               ^^^^^^^^^^^^^^^^^^^^^^^^^^^^^^^^^^^^^^^^^^^^
  File "D:\nhatro\backend\app\main.py", line 115, in add_process_time
    response = await call_next(request)
               ^^^^^^^^^^^^^^^^^^^^^^^^
  File "D:\nhatro\backend\venv\Lib\site-packages\starlette\middleware\base.py", line 165, in call_next
    raise app_exc
  File "D:\nhatro\backend\venv\Lib\site-packages\starlette\middleware\base.py", line 151, in coro
    await self.app(scope, receive_or_disconnect, send_no_error)
  File "D:\nhatro\backend\venv\Lib\site-packages\starlette\middleware\base.py", line 189, in __call__
    with collapse_excgroups():
         ^^^^^^^^^^^^^^^^^^^^
  File "C:\Users\ngocson\.cache\codex-runtimes\codex-primary-runtime\dependencies\python\Lib\contextlib.py", line 158, in __exit__
    self.gen.throw(value)
  File "D:\nhatro\backend\venv\Lib\site-packages\starlette\_utils.py", line 93, in collapse_excgroups
    raise exc
  File "D:\nhatro\backend\venv\Lib\site-packages\starlette\middleware\base.py", line 191, in __call__
    response = await self.dispatch_func(request, call_next)
               ^^^^^^^^^^^^^^^^^^^^^^^^^^^^^^^^^^^^^^^^^^^^
  File "D:\nhatro\backend\app\main.py", line 108, in add_security_headers
    response = await call_next(request)
               ^^^^^^^^^^^^^^^^^^^^^^^^
  File "D:\nhatro\backend\venv\Lib\site-packages\starlette\middleware\base.py", line 165, in call_next
    raise app_exc
  File "D:\nhatro\backend\venv\Lib\site-packages\starlette\middleware\base.py", line 151, in coro
    await self.app(scope, receive_or_disconnect, send_no_error)
  File "D:\nhatro\backend\venv\Lib\site-packages\starlette\middleware\cors.py", line 93, in __call__
    await self.simple_response(scope, receive, send, request_headers=headers)
  File "D:\nhatro\backend\venv\Lib\site-packages\starlette\middleware\cors.py", line 148, in simple_response
    await self.app(scope, receive, send)
  File "D:\nhatro\backend\venv\Lib\site-packages\starlette\middleware\exceptions.py", line 65, in __call__
    await wrap_app_handling_exceptions(self.app, conn)(scope, receive, send)
  File "D:\nhatro\backend\venv\Lib\site-packages\starlette\_exception_handler.py", line 64, in wrapped_app
    raise exc
  File "D:\nhatro\backend\venv\Lib\site-packages\starlette\_exception_handler.py", line 53, in wrapped_app
    await app(scope, receive, sender)
  File "D:\nhatro\backend\venv\Lib\site-packages\starlette\routing.py", line 756, in __call__
    await self.middleware_stack(scope, receive, send)
  File "D:\nhatro\backend\venv\Lib\site-packages\starlette\routing.py", line 776, in app
    await route.handle(scope, receive, send)
  File "D:\nhatro\backend\venv\Lib\site-packages\starlette\routing.py", line 297, in handle
    await self.app(scope, receive, send)
  File "D:\nhatro\backend\venv\Lib\site-packages\starlette\routing.py", line 77, in app
    await wrap_app_handling_exceptions(app, request)(scope, receive, send)
  File "D:\nhatro\backend\venv\Lib\site-packages\starlette\_exception_handler.py", line 64, in wrapped_app
    raise exc
  File "D:\nhatro\backend\venv\Lib\site-packages\starlette\_exception_handler.py", line 53, in wrapped_app
    await app(scope, receive, sender)
  File "D:\nhatro\backend\venv\Lib\site-packages\starlette\routing.py", line 72, in app
    response = await func(request)
               ^^^^^^^^^^^^^^^^^^^
  File "D:\nhatro\backend\venv\Lib\site-packages\fastapi\routing.py", line 278, in app
    raw_response = await run_endpoint_function(
                   ^^^^^^^^^^^^^^^^^^^^^^^^^^^^
  File "D:\nhatro\backend\venv\Lib\site-packages\fastapi\routing.py", line 191, in run_endpoint_function
    return await dependant.call(**values)
           ^^^^^^^^^^^^^^^^^^^^^^^^^^^^^^
  File "D:\nhatro\backend\app\api\v1\endpoints\contracts.py", line 204, in terminate_contract_v2
    res = await service.execute(
          ^^^^^^^^^^^^^^^^^^^^^^
  File "D:\nhatro\backend\app\services\termination_service.py", line 139, in execute
    final_invoice = await self._create_or_update_final_invoice(
                    ^^^^^^^^^^^^^^^^^^^^^^^^^^^^^^^^^^^^^^^^^^^
  File "D:\nhatro\backend\app\services\termination_service.py", line 348, in _create_or_update_final_invoice
    org_result = await self.db.execute(select(Organization).where(Organization.id == self.organization_id))
                                              ^^^^^^^^^^^^
NameError: name 'Organization' is not defined
==============================================

=== GLOBAL EXCEPTION HANDLER AT POST /api/v1/contracts/aafc4349-c2d2-4a34-821f-8bf3cbc635c5/terminate-v2 ===
  + Exception Group Traceback (most recent call last):
  |   File "D:\nhatro\backend\venv\Lib\site-packages\starlette\_utils.py", line 87, in collapse_excgroups
  |     yield
  |   File "D:\nhatro\backend\venv\Lib\site-packages\starlette\middleware\base.py", line 190, in __call__
  |     async with anyio.create_task_group() as task_group:
  |                ^^^^^^^^^^^^^^^^^^^^^^^^^
  |   File "D:\nhatro\backend\venv\Lib\site-packages\anyio\_backends\_asyncio.py", line 799, in __aexit__
  |     raise BaseExceptionGroup(
  | ExceptionGroup: unhandled errors in a TaskGroup (1 sub-exception)
  +-+---------------- 1 ----------------
    | Traceback (most recent call last):
    |   File "D:\nhatro\backend\venv\Lib\site-packages\starlette\middleware\errors.py", line 164, in __call__
    |     await self.app(scope, receive, _send)
    |   File "D:\nhatro\backend\venv\Lib\site-packages\starlette\middleware\base.py", line 189, in __call__
    |     with collapse_excgroups():
    |          ^^^^^^^^^^^^^^^^^^^^
    |   File "C:\Users\ngocson\.cache\codex-runtimes\codex-primary-runtime\dependencies\python\Lib\contextlib.py", line 158, in __exit__
    |     self.gen.throw(value)
    |   File "D:\nhatro\backend\venv\Lib\site-packages\starlette\_utils.py", line 93, in collapse_excgroups
    |     raise exc
    |   File "D:\nhatro\backend\venv\Lib\site-packages\starlette\middleware\base.py", line 191, in __call__
    |     response = await self.dispatch_func(request, call_next)
    |                ^^^^^^^^^^^^^^^^^^^^^^^^^^^^^^^^^^^^^^^^^^^^
    |   File "D:\nhatro\backend\app\main.py", line 149, in rate_limit_middleware
    |     return await call_next(request)
    |            ^^^^^^^^^^^^^^^^^^^^^^^^
    |   File "D:\nhatro\backend\venv\Lib\site-packages\starlette\middleware\base.py", line 165, in call_next
    |     raise app_exc
    |   File "D:\nhatro\backend\venv\Lib\site-packages\starlette\middleware\base.py", line 151, in coro
    |     await self.app(scope, receive_or_disconnect, send_no_error)
    |   File "D:\nhatro\backend\venv\Lib\site-packages\starlette\middleware\base.py", line 189, in __call__
    |     with collapse_excgroups():
    |          ^^^^^^^^^^^^^^^^^^^^
    |   File "C:\Users\ngocson\.cache\codex-runtimes\codex-primary-runtime\dependencies\python\Lib\contextlib.py", line 158, in __exit__
    |     self.gen.throw(value)
    |   File "D:\nhatro\backend\venv\Lib\site-packages\starlette\_utils.py", line 93, in collapse_excgroups
    |     raise exc
    |   File "D:\nhatro\backend\venv\Lib\site-packages\starlette\middleware\base.py", line 191, in __call__
    |     response = await self.dispatch_func(request, call_next)
    |                ^^^^^^^^^^^^^^^^^^^^^^^^^^^^^^^^^^^^^^^^^^^^
    |   File "D:\nhatro\backend\app\main.py", line 115, in add_process_time
    |     response = await call_next(request)
    |                ^^^^^^^^^^^^^^^^^^^^^^^^
    |   File "D:\nhatro\backend\venv\Lib\site-packages\starlette\middleware\base.py", line 165, in call_next
    |     raise app_exc
    |   File "D:\nhatro\backend\venv\Lib\site-packages\starlette\middleware\base.py", line 151, in coro
    |     await self.app(scope, receive_or_disconnect, send_no_error)
    |   File "D:\nhatro\backend\venv\Lib\site-packages\starlette\middleware\base.py", line 189, in __call__
    |     with collapse_excgroups():
    |          ^^^^^^^^^^^^^^^^^^^^
    |   File "C:\Users\ngocson\.cache\codex-runtimes\codex-primary-runtime\dependencies\python\Lib\contextlib.py", line 158, in __exit__
    |     self.gen.throw(value)
    |   File "D:\nhatro\backend\venv\Lib\site-packages\starlette\_utils.py", line 93, in collapse_excgroups
    |     raise exc
    |   File "D:\nhatro\backend\venv\Lib\site-packages\starlette\middleware\base.py", line 191, in __call__
    |     response = await self.dispatch_func(request, call_next)
    |                ^^^^^^^^^^^^^^^^^^^^^^^^^^^^^^^^^^^^^^^^^^^^
    |   File "D:\nhatro\backend\app\main.py", line 108, in add_security_headers
    |     response = await call_next(request)
    |                ^^^^^^^^^^^^^^^^^^^^^^^^
    |   File "D:\nhatro\backend\venv\Lib\site-packages\starlette\middleware\base.py", line 165, in call_next
    |     raise app_exc
    |   File "D:\nhatro\backend\venv\Lib\site-packages\starlette\middleware\base.py", line 151, in coro
    |     await self.app(scope, receive_or_disconnect, send_no_error)
    |   File "D:\nhatro\backend\venv\Lib\site-packages\starlette\middleware\cors.py", line 93, in __call__
    |     await self.simple_response(scope, receive, send, request_headers=headers)
    |   File "D:\nhatro\backend\venv\Lib\site-packages\starlette\middleware\cors.py", line 148, in simple_response
    |     await self.app(scope, receive, send)
    |   File "D:\nhatro\backend\venv\Lib\site-packages\starlette\middleware\exceptions.py", line 65, in __call__
    |     await wrap_app_handling_exceptions(self.app, conn)(scope, receive, send)
    |   File "D:\nhatro\backend\venv\Lib\site-packages\starlette\_exception_handler.py", line 64, in wrapped_app
    |     raise exc
    |   File "D:\nhatro\backend\venv\Lib\site-packages\starlette\_exception_handler.py", line 53, in wrapped_app
    |     await app(scope, receive, sender)
    |   File "D:\nhatro\backend\venv\Lib\site-packages\starlette\routing.py", line 756, in __call__
    |     await self.middleware_stack(scope, receive, send)
    |   File "D:\nhatro\backend\venv\Lib\site-packages\starlette\routing.py", line 776, in app
    |     await route.handle(scope, receive, send)
    |   File "D:\nhatro\backend\venv\Lib\site-packages\starlette\routing.py", line 297, in handle
    |     await self.app(scope, receive, send)
    |   File "D:\nhatro\backend\venv\Lib\site-packages\starlette\routing.py", line 77, in app
    |     await wrap_app_handling_exceptions(app, request)(scope, receive, send)
    |   File "D:\nhatro\backend\venv\Lib\site-packages\starlette\_exception_handler.py", line 64, in wrapped_app
    |     raise exc
    |   File "D:\nhatro\backend\venv\Lib\site-packages\starlette\_exception_handler.py", line 53, in wrapped_app
    |     await app(scope, receive, sender)
    |   File "D:\nhatro\backend\venv\Lib\site-packages\starlette\routing.py", line 72, in app
    |     response = await func(request)
    |                ^^^^^^^^^^^^^^^^^^^
    |   File "D:\nhatro\backend\venv\Lib\site-packages\fastapi\routing.py", line 278, in app
    |     raw_response = await run_endpoint_function(
    |                    ^^^^^^^^^^^^^^^^^^^^^^^^^^^^
    |   File "D:\nhatro\backend\venv\Lib\site-packages\fastapi\routing.py", line 191, in run_endpoint_function
    |     return await dependant.call(**values)
    |            ^^^^^^^^^^^^^^^^^^^^^^^^^^^^^^
    |   File "D:\nhatro\backend\app\api\v1\endpoints\contracts.py", line 204, in terminate_contract_v2
    |     res = await service.execute(
    |           ^^^^^^^^^^^^^^^^^^^^^^
    |   File "D:\nhatro\backend\app\services\termination_service.py", line 216, in execute
    |     utility_fee=int(utility_fee),
    |                     ^^^^^^^^^^^
    | NameError: name 'utility_fee' is not defined
    +------------------------------------

During handling of the above exception, another exception occurred:

Traceback (most recent call last):
  File "D:\nhatro\backend\venv\Lib\site-packages\starlette\middleware\errors.py", line 164, in __call__
    await self.app(scope, receive, _send)
  File "D:\nhatro\backend\venv\Lib\site-packages\starlette\middleware\base.py", line 189, in __call__
    with collapse_excgroups():
         ^^^^^^^^^^^^^^^^^^^^
  File "C:\Users\ngocson\.cache\codex-runtimes\codex-primary-runtime\dependencies\python\Lib\contextlib.py", line 158, in __exit__
    self.gen.throw(value)
  File "D:\nhatro\backend\venv\Lib\site-packages\starlette\_utils.py", line 93, in collapse_excgroups
    raise exc
  File "D:\nhatro\backend\venv\Lib\site-packages\starlette\middleware\base.py", line 191, in __call__
    response = await self.dispatch_func(request, call_next)
               ^^^^^^^^^^^^^^^^^^^^^^^^^^^^^^^^^^^^^^^^^^^^
  File "D:\nhatro\backend\app\main.py", line 149, in rate_limit_middleware
    return await call_next(request)
           ^^^^^^^^^^^^^^^^^^^^^^^^
  File "D:\nhatro\backend\venv\Lib\site-packages\starlette\middleware\base.py", line 165, in call_next
    raise app_exc
  File "D:\nhatro\backend\venv\Lib\site-packages\starlette\middleware\base.py", line 151, in coro
    await self.app(scope, receive_or_disconnect, send_no_error)
  File "D:\nhatro\backend\venv\Lib\site-packages\starlette\middleware\base.py", line 189, in __call__
    with collapse_excgroups():
         ^^^^^^^^^^^^^^^^^^^^
  File "C:\Users\ngocson\.cache\codex-runtimes\codex-primary-runtime\dependencies\python\Lib\contextlib.py", line 158, in __exit__
    self.gen.throw(value)
  File "D:\nhatro\backend\venv\Lib\site-packages\starlette\_utils.py", line 93, in collapse_excgroups
    raise exc
  File "D:\nhatro\backend\venv\Lib\site-packages\starlette\middleware\base.py", line 191, in __call__
    response = await self.dispatch_func(request, call_next)
               ^^^^^^^^^^^^^^^^^^^^^^^^^^^^^^^^^^^^^^^^^^^^
  File "D:\nhatro\backend\app\main.py", line 115, in add_process_time
    response = await call_next(request)
               ^^^^^^^^^^^^^^^^^^^^^^^^
  File "D:\nhatro\backend\venv\Lib\site-packages\starlette\middleware\base.py", line 165, in call_next
    raise app_exc
  File "D:\nhatro\backend\venv\Lib\site-packages\starlette\middleware\base.py", line 151, in coro
    await self.app(scope, receive_or_disconnect, send_no_error)
  File "D:\nhatro\backend\venv\Lib\site-packages\starlette\middleware\base.py", line 189, in __call__
    with collapse_excgroups():
         ^^^^^^^^^^^^^^^^^^^^
  File "C:\Users\ngocson\.cache\codex-runtimes\codex-primary-runtime\dependencies\python\Lib\contextlib.py", line 158, in __exit__
    self.gen.throw(value)
  File "D:\nhatro\backend\venv\Lib\site-packages\starlette\_utils.py", line 93, in collapse_excgroups
    raise exc
  File "D:\nhatro\backend\venv\Lib\site-packages\starlette\middleware\base.py", line 191, in __call__
    response = await self.dispatch_func(request, call_next)
               ^^^^^^^^^^^^^^^^^^^^^^^^^^^^^^^^^^^^^^^^^^^^
  File "D:\nhatro\backend\app\main.py", line 108, in add_security_headers
    response = await call_next(request)
               ^^^^^^^^^^^^^^^^^^^^^^^^
  File "D:\nhatro\backend\venv\Lib\site-packages\starlette\middleware\base.py", line 165, in call_next
    raise app_exc
  File "D:\nhatro\backend\venv\Lib\site-packages\starlette\middleware\base.py", line 151, in coro
    await self.app(scope, receive_or_disconnect, send_no_error)
  File "D:\nhatro\backend\venv\Lib\site-packages\starlette\middleware\cors.py", line 93, in __call__
    await self.simple_response(scope, receive, send, request_headers=headers)
  File "D:\nhatro\backend\venv\Lib\site-packages\starlette\middleware\cors.py", line 148, in simple_response
    await self.app(scope, receive, send)
  File "D:\nhatro\backend\venv\Lib\site-packages\starlette\middleware\exceptions.py", line 65, in __call__
    await wrap_app_handling_exceptions(self.app, conn)(scope, receive, send)
  File "D:\nhatro\backend\venv\Lib\site-packages\starlette\_exception_handler.py", line 64, in wrapped_app
    raise exc
  File "D:\nhatro\backend\venv\Lib\site-packages\starlette\_exception_handler.py", line 53, in wrapped_app
    await app(scope, receive, sender)
  File "D:\nhatro\backend\venv\Lib\site-packages\starlette\routing.py", line 756, in __call__
    await self.middleware_stack(scope, receive, send)
  File "D:\nhatro\backend\venv\Lib\site-packages\starlette\routing.py", line 776, in app
    await route.handle(scope, receive, send)
  File "D:\nhatro\backend\venv\Lib\site-packages\starlette\routing.py", line 297, in handle
    await self.app(scope, receive, send)
  File "D:\nhatro\backend\venv\Lib\site-packages\starlette\routing.py", line 77, in app
    await wrap_app_handling_exceptions(app, request)(scope, receive, send)
  File "D:\nhatro\backend\venv\Lib\site-packages\starlette\_exception_handler.py", line 64, in wrapped_app
    raise exc
  File "D:\nhatro\backend\venv\Lib\site-packages\starlette\_exception_handler.py", line 53, in wrapped_app
    await app(scope, receive, sender)
  File "D:\nhatro\backend\venv\Lib\site-packages\starlette\routing.py", line 72, in app
    response = await func(request)
               ^^^^^^^^^^^^^^^^^^^
  File "D:\nhatro\backend\venv\Lib\site-packages\fastapi\routing.py", line 278, in app
    raw_response = await run_endpoint_function(
                   ^^^^^^^^^^^^^^^^^^^^^^^^^^^^
  File "D:\nhatro\backend\venv\Lib\site-packages\fastapi\routing.py", line 191, in run_endpoint_function
    return await dependant.call(**values)
           ^^^^^^^^^^^^^^^^^^^^^^^^^^^^^^
  File "D:\nhatro\backend\app\api\v1\endpoints\contracts.py", line 204, in terminate_contract_v2
    res = await service.execute(
          ^^^^^^^^^^^^^^^^^^^^^^
  File "D:\nhatro\backend\app\services\termination_service.py", line 216, in execute
    utility_fee=int(utility_fee),
                    ^^^^^^^^^^^
NameError: name 'utility_fee' is not defined
==============================================
